--------------------词法分析--------------------
T_INT
T_IDENTIFIER
T_LEFT_PAREN
T_INT
T_IDENTIFIER
T_COMMA
T_INT
T_IDENTIFIER
T_RIGHT_PAREN
T_LEFT_BRACE
T_RETURN
T_IDENTIFIER
T_PLUS
T_IDENTIFIER
T_SEMICOLON
T_RIGHT_BRACE
T_VOID
T_IDENTIFIER
T_LEFT_PAREN
T_RIGHT_PAREN
T_LEFT_BRACE
T_RIGHT_BRACE
T_INT
T_IDENTIFIER
T_LEFT_PAREN
T_RIGHT_PAREN
T_LEFT_BRACE
T_INT
T_IDENTIFIER
T_ASSIGN
T_INTEGER_LITERAL
T_SEMICOLON
T_FLOAT
T_IDENTIFIER
T_ASSIGN
T_FLOAT_LITERAL
T_SEMICOLON
T_CHAR
T_IDENTIFIER
T_LEFT_SQUARE
T_INTEGER_LITERAL
T_RIGHT_SQUARE
T_SEMICOLON
T_CHAR
T_IDENTIFIER
T_ASSIGN
T_CHAR_LITERAL
T_SEMICOLON
T_INT
T_IDENTIFIER
T_ASSIGN
T_INTEGER_LITERAL
T_SEMICOLON
T_CHAR
T_IDENTIFIER
T_LEFT_SQUARE
T_INTEGER_LITERAL
T_RIGHT_SQUARE
T_SEMICOLON
T_IDENTIFIER
T_ASSIGN
T_STRING_LITERAL
T_SEMICOLON
T_IDENTIFIER
T_INCREMENT
T_SEMICOLON
T_INCREMENT
T_IDENTIFIER
T_SEMICOLON
T_IF
T_LEFT_PAREN
T_IDENTIFIER
T_GREATER
T_IDENTIFIER
T_RIGHT_PAREN
T_LEFT_BRACE
T_IDENTIFIER
T_ASSIGN
T_IDENTIFIER
T_SEMICOLON
T_RIGHT_BRACE
T_ELSE
T_IF
T_LEFT_PAREN
T_IDENTIFIER
T_LESS
T_IDENTIFIER
T_RIGHT_PAREN
T_LEFT_BRACE
T_IDENTIFIER
T_ASSIGN
T_IDENTIFIER
T_PLUS
T_INTEGER_LITERAL
T_SEMICOLON
T_RIGHT_BRACE
T_ELSE
T_LEFT_BRACE
T_IDENTIFIER
T_ASSIGN
T_INTEGER_LITERAL
T_SEMICOLON
T_RIGHT_BRACE
T_WHILE
T_LEFT_PAREN
T_IDENTIFIER
T_GREATER
T_INTEGER_LITERAL
T_RIGHT_PAREN
T_LEFT_BRACE
T_IDENTIFIER
T_DECREMENT
T_SEMICOLON
T_RIGHT_BRACE
T_FOR
T_LEFT_PAREN
T_IDENTIFIER
T_ASSIGN
T_INTEGER_LITERAL
T_SEMICOLON
T_IDENTIFIER
T_LESS
T_INTEGER_LITERAL
T_SEMICOLON
T_IDENTIFIER
T_INCREMENT
T_RIGHT_PAREN
T_LEFT_BRACE
T_IDENTIFIER
T_ASSIGN
T_IDENTIFIER
T_PLUS
T_IDENTIFIER
T_SEMICOLON
T_RIGHT_BRACE
T_FOR
T_LEFT_PAREN
T_IDENTIFIER
T_ASSIGN
T_INTEGER_LITERAL
T_SEMICOLON
T_IDENTIFIER
T_LESS
T_INTEGER_LITERAL
T_SEMICOLON
T_IDENTIFIER
T_INCREMENT
T_RIGHT_PAREN
T_LEFT_BRACE
T_IDENTIFIER
T_LEFT_SQUARE
T_IDENTIFIER
T_RIGHT_SQUARE
T_ASSIGN
T_IDENTIFIER
T_SEMICOLON
T_RIGHT_BRACE
T_IDENTIFIER
T_ASSIGN
T_NOT
T_IDENTIFIER
T_SEMICOLON
T_IDENTIFIER
T_ASSIGN
T_IDENTIFIER
T_MOD
T_INTEGER_LITERAL
T_SEMICOLON
T_IDENTIFIER
T_ASSIGN
T_IDENTIFIER
T_BITAND
T_INTEGER_LITERAL
T_SEMICOLON
T_IDENTIFIER
T_ASSIGN
T_IDENTIFIER
T_BITOR
T_INTEGER_LITERAL
T_SEMICOLON
T_IDENTIFIER
T_ASSIGN
T_IDENTIFIER
T_BITXOR
T_INTEGER_LITERAL
T_SEMICOLON
T_IDENTIFIER
T_ASSIGN
T_BITNOT
T_IDENTIFIER
T_SEMICOLON
T_INT
T_IDENTIFIER
T_ASSIGN
T_IDENTIFIER
T_LEFT_PAREN
T_IDENTIFIER
T_COMMA
T_IDENTIFIER
T_RIGHT_PAREN
T_SEMICOLON
T_LEFT_BRACE
T_INT
T_IDENTIFIER
T_ASSIGN
T_INTEGER_LITERAL
T_SEMICOLON
T_IDENTIFIER
T_ASSIGN
T_IDENTIFIER
T_PLUS
T_INTEGER_LITERAL
T_SEMICOLON
T_RIGHT_BRACE
T_RETURN
T_INTEGER_LITERAL
T_SEMICOLON
T_RIGHT_BRACE
T_EOF
--------------------词法分析--------------------
--------------------FIRST集--------------------
FIRST(T_ASSIGN) = { T_ASSIGN }
FIRST(T_BITAND) = { T_BITAND }
FIRST(T_BITNOT) = { T_BITNOT }
FIRST(T_BITOR) = { T_BITOR }
FIRST(T_BITXOR) = { T_BITXOR }
FIRST(T_CHAR) = { T_CHAR }
FIRST(T_CHAR_LITERAL) = { T_CHAR_LITERAL }
FIRST(T_COMMA) = { T_COMMA }
FIRST(T_DECREMENT) = { T_DECREMENT }
FIRST(T_DIVIDE) = { T_DIVIDE }
FIRST(T_ELSE) = { T_ELSE }
FIRST(T_EQUAL) = { T_EQUAL }
FIRST(T_FLOAT) = { T_FLOAT }
FIRST(T_FLOAT_LITERAL) = { T_FLOAT_LITERAL }
FIRST(T_FOR) = { T_FOR }
FIRST(T_GREATER) = { T_GREATER }
FIRST(T_GREATEREQUAL) = { T_GREATEREQUAL }
FIRST(T_IDENTIFIER) = { T_IDENTIFIER }
FIRST(T_IF) = { T_IF }
FIRST(T_INCREMENT) = { T_INCREMENT }
FIRST(T_INT) = { T_INT }
FIRST(T_INTEGER_LITERAL) = { T_INTEGER_LITERAL }
FIRST(T_LEFTSHIFT) = { T_LEFTSHIFT }
FIRST(T_LEFT_BRACE) = { T_LEFT_BRACE }
FIRST(T_LEFT_PAREN) = { T_LEFT_PAREN }
FIRST(T_LEFT_SQUARE) = { T_LEFT_SQUARE }
FIRST(T_LESS) = { T_LESS }
FIRST(T_LESSEQUAL) = { T_LESSEQUAL }
FIRST(T_MINUS) = { T_MINUS }
FIRST(T_MOD) = { T_MOD }
FIRST(T_MULTIPLY) = { T_MULTIPLY }
FIRST(T_NOT) = { T_NOT }
FIRST(T_PLUS) = { T_PLUS }
FIRST(T_RETURN) = { T_RETURN }
FIRST(T_RIGHTSHIFT) = { T_RIGHTSHIFT }
FIRST(T_RIGHT_BRACE) = { T_RIGHT_BRACE }
FIRST(T_RIGHT_PAREN) = { T_RIGHT_PAREN }
FIRST(T_RIGHT_SQUARE) = { T_RIGHT_SQUARE }
FIRST(T_SEMICOLON) = { T_SEMICOLON }
FIRST(T_STRING_LITERAL) = { T_STRING_LITERAL }
FIRST(T_VOID) = { T_VOID }
FIRST(T_WHILE) = { T_WHILE }
FIRST(S) = { T_CHAR T_FLOAT T_INT T_VOID }
FIRST(T_CONST) = { }
FIRST(T_DOUBLE) = { }
FIRST(T_LONG) = { }
FIRST(additive_expression) = { T_BITNOT T_CHAR_LITERAL T_DECREMENT T_FLOAT_LITERAL T_IDENTIFIER T_INCREMENT T_INTEGER_LITERAL T_LEFT_PAREN T_NOT T_STRING_LITERAL }
FIRST(addop) = { T_MINUS T_PLUS }
FIRST(arg_list) = { T_BITNOT T_CHAR_LITERAL T_DECREMENT T_FLOAT_LITERAL T_IDENTIFIER T_INCREMENT T_INTEGER_LITERAL T_LEFT_PAREN T_NOT T_STRING_LITERAL }
FIRST(args) = { T_BITNOT T_CHAR_LITERAL T_DECREMENT T_FLOAT_LITERAL T_IDENTIFIER T_INCREMENT T_INTEGER_LITERAL T_LEFT_PAREN T_NOT T_STRING_LITERAL }
FIRST(block_items) = { T_BITNOT T_CHAR T_CHAR_LITERAL T_DECREMENT T_FLOAT T_FLOAT_LITERAL T_FOR T_IDENTIFIER T_IF T_INCREMENT T_INT T_INTEGER_LITERAL T_LEFT_BRACE T_LEFT_PAREN T_NOT T_RETURN T_STRING_LITERAL T_VOID T_WHILE }
FIRST(call) = { T_IDENTIFIER }
FIRST(compound_stmt) = { T_LEFT_BRACE }
FIRST(declaration) = { T_CHAR T_FLOAT T_INT T_VOID }
FIRST(declaration_list) = { T_CHAR T_FLOAT T_INT T_VOID }
FIRST(expression) = { T_BITNOT T_CHAR_LITERAL T_DECREMENT T_FLOAT_LITERAL T_IDENTIFIER T_INCREMENT T_INTEGER_LITERAL T_LEFT_PAREN T_NOT T_STRING_LITERAL }
FIRST(expression_stmt) = { T_BITNOT T_CHAR_LITERAL T_DECREMENT T_FLOAT_LITERAL T_IDENTIFIER T_INCREMENT T_INTEGER_LITERAL T_LEFT_PAREN T_NOT T_STRING_LITERAL }
FIRST(factor) = { T_BITNOT T_CHAR_LITERAL T_DECREMENT T_FLOAT_LITERAL T_IDENTIFIER T_INCREMENT T_INTEGER_LITERAL T_LEFT_PAREN T_NOT T_STRING_LITERAL }
FIRST(fun_declaration) = { T_CHAR T_FLOAT T_INT T_VOID }
FIRST(inc_dec_operator) = { T_DECREMENT T_INCREMENT }
FIRST(iteration_stmt) = { T_FOR T_WHILE }
FIRST(mulop) = { T_BITAND T_BITOR T_BITXOR T_DIVIDE T_LEFTSHIFT T_MOD T_MULTIPLY T_RIGHTSHIFT }
FIRST(opt_expression_stmt) = { T_BITNOT T_CHAR_LITERAL T_DECREMENT T_FLOAT_LITERAL T_IDENTIFIER T_INCREMENT T_INTEGER_LITERAL T_LEFT_PAREN T_NOT T_SEMICOLON T_STRING_LITERAL }
FIRST(opt_init) = { T_ASSIGN }
FIRST(param) = { T_CHAR T_FLOAT T_INT T_VOID }
FIRST(param_list) = { T_CHAR T_FLOAT T_INT T_VOID }
FIRST(params) = { T_CHAR T_FLOAT T_INT T_VOID }
FIRST(postfix_expression) = { T_IDENTIFIER }
FIRST(program) = { T_CHAR T_FLOAT T_INT T_VOID }
FIRST(relop) = { T_EQUAL T_GREATER T_GREATEREQUAL T_LESS T_LESSEQUAL }
FIRST(return_stmt) = { T_RETURN }
FIRST(selection_stmt) = { T_IF }
FIRST(simple_expression) = { T_BITNOT T_CHAR_LITERAL T_DECREMENT T_FLOAT_LITERAL T_IDENTIFIER T_INCREMENT T_INTEGER_LITERAL T_LEFT_PAREN T_NOT T_STRING_LITERAL }
FIRST(simple_type) = { T_CHAR T_FLOAT T_INT T_VOID }
FIRST(statement) = { T_BITNOT T_CHAR T_CHAR_LITERAL T_DECREMENT T_FLOAT T_FLOAT_LITERAL T_FOR T_IDENTIFIER T_IF T_INCREMENT T_INT T_INTEGER_LITERAL T_LEFT_BRACE T_LEFT_PAREN T_NOT T_RETURN T_STRING_LITERAL T_VOID T_WHILE }
FIRST(statement_list) = { T_BITNOT T_CHAR T_CHAR_LITERAL T_DECREMENT T_FLOAT T_FLOAT_LITERAL T_FOR T_IDENTIFIER T_IF T_INCREMENT T_INT T_INTEGER_LITERAL T_LEFT_BRACE T_LEFT_PAREN T_NOT T_RETURN T_STRING_LITERAL T_VOID T_WHILE }
FIRST(term) = { T_BITNOT T_CHAR_LITERAL T_DECREMENT T_FLOAT_LITERAL T_IDENTIFIER T_INCREMENT T_INTEGER_LITERAL T_LEFT_PAREN T_NOT T_STRING_LITERAL }
FIRST(type_specifier) = { T_CHAR T_FLOAT T_INT T_VOID }
FIRST(var) = { T_IDENTIFIER }
FIRST(var_declaration) = { T_CHAR T_FLOAT T_INT T_VOID }
--------------------FIRST集--------------------
---------------ACTION表和GOTO表-----------------
ACTION Table:
State 0, Symbol T_CHAR: S 1
State 0, Symbol T_FLOAT: S 2
State 0, Symbol T_INT: S 3
State 0, Symbol T_VOID: S 4
State 1, Symbol T_IDENTIFIER: R [simple_type -> T_CHAR]
State 2, Symbol T_IDENTIFIER: R [simple_type -> T_FLOAT]
State 3, Symbol T_IDENTIFIER: R [simple_type -> T_INT]
State 4, Symbol T_IDENTIFIER: R [simple_type -> T_VOID]
State 5, Symbol T_EOF: Accept
State 6, Symbol T_CHAR: R [declaration -> fun_declaration]
State 6, Symbol T_EOF: R [declaration -> fun_declaration]
State 6, Symbol T_FLOAT: R [declaration -> fun_declaration]
State 6, Symbol T_INT: R [declaration -> fun_declaration]
State 6, Symbol T_VOID: R [declaration -> fun_declaration]
State 7, Symbol T_CHAR: R [declaration -> var_declaration]
State 7, Symbol T_EOF: R [declaration -> var_declaration]
State 7, Symbol T_FLOAT: R [declaration -> var_declaration]
State 7, Symbol T_INT: R [declaration -> var_declaration]
State 7, Symbol T_VOID: R [declaration -> var_declaration]
State 8, Symbol T_CHAR: S 1
State 8, Symbol T_EOF: R [declaration_list -> declaration]
State 8, Symbol T_FLOAT: S 2
State 8, Symbol T_INT: S 3
State 8, Symbol T_VOID: S 4
State 9, Symbol T_IDENTIFIER: S 16
State 10, Symbol T_EOF: R [program -> declaration_list]
State 11, Symbol T_IDENTIFIER: R [simple_type -> T_DOUBLE]
State 12, Symbol T_IDENTIFIER: R [simple_type -> T_LONG]
State 13, Symbol T_CHAR: S 1
State 13, Symbol T_FLOAT: S 2
State 13, Symbol T_INT: S 3
State 13, Symbol T_VOID: S 4
State 14, Symbol T_IDENTIFIER: R [type_specifier -> simple_type]
State 15, Symbol T_EOF: R [declaration_list -> declarationdeclaration_list]
State 16, Symbol T_ASSIGN: S 19
State 16, Symbol T_LEFT_PAREN: S 18
State 16, Symbol T_LEFT_SQUARE: S 20
State 16, Symbol T_SEMICOLON: S 21
State 17, Symbol T_IDENTIFIER: R [type_specifier -> T_CONSTsimple_type]
State 18, Symbol T_CHAR: S 1
State 18, Symbol T_FLOAT: S 2
State 18, Symbol T_INT: S 3
State 18, Symbol T_RIGHT_PAREN: S 23
State 18, Symbol T_VOID: S 24
State 19, Symbol T_BITNOT: S 30
State 19, Symbol T_CHAR_LITERAL: S 31
State 19, Symbol T_DECREMENT: S 37
State 19, Symbol T_FLOAT_LITERAL: S 32
State 19, Symbol T_IDENTIFIER: S 29
State 19, Symbol T_INCREMENT: S 38
State 19, Symbol T_INTEGER_LITERAL: S 33
State 19, Symbol T_LEFT_PAREN: S 34
State 19, Symbol T_NOT: S 35
State 19, Symbol T_STRING_LITERAL: S 36
State 20, Symbol T_INTEGER_LITERAL: S 48
State 21, Symbol T_CHAR: R [var_declaration -> type_specifierT_IDENTIFIERT_SEMICOLON]
State 21, Symbol T_EOF: R [var_declaration -> type_specifierT_IDENTIFIERT_SEMICOLON]
State 21, Symbol T_FLOAT: R [var_declaration -> type_specifierT_IDENTIFIERT_SEMICOLON]
State 21, Symbol T_INT: R [var_declaration -> type_specifierT_IDENTIFIERT_SEMICOLON]
State 21, Symbol T_VOID: R [var_declaration -> type_specifierT_IDENTIFIERT_SEMICOLON]
State 22, Symbol T_SEMICOLON: S 49
State 23, Symbol T_LEFT_BRACE: S 50
State 24, Symbol T_IDENTIFIER: R [simple_type -> T_VOID]
State 24, Symbol T_RIGHT_PAREN: R [params -> T_VOID]
State 25, Symbol T_RIGHT_PAREN: S 52
State 26, Symbol T_IDENTIFIER: S 53
State 27, Symbol T_COMMA: R [param_list -> param]
State 27, Symbol T_RIGHT_PAREN: R [param_list -> param]
State 28, Symbol T_COMMA: S 54
State 28, Symbol T_RIGHT_PAREN: R [params -> param_list]
State 29, Symbol T_ASSIGN: R [var -> T_IDENTIFIER]
State 29, Symbol T_BITAND: R [var -> T_IDENTIFIER]
State 29, Symbol T_BITOR: R [var -> T_IDENTIFIER]
State 29, Symbol T_BITXOR: R [var -> T_IDENTIFIER]
State 29, Symbol T_DECREMENT: R [var -> T_IDENTIFIER]
State 29, Symbol T_DIVIDE: R [var -> T_IDENTIFIER]
State 29, Symbol T_EQUAL: R [var -> T_IDENTIFIER]
State 29, Symbol T_GREATER: R [var -> T_IDENTIFIER]
State 29, Symbol T_GREATEREQUAL: R [var -> T_IDENTIFIER]
State 29, Symbol T_INCREMENT: R [var -> T_IDENTIFIER]
State 29, Symbol T_LEFTSHIFT: R [var -> T_IDENTIFIER]
State 29, Symbol T_LEFT_PAREN: S 55
State 29, Symbol T_LEFT_SQUARE: S 56
State 29, Symbol T_LESS: R [var -> T_IDENTIFIER]
State 29, Symbol T_LESSEQUAL: R [var -> T_IDENTIFIER]
State 29, Symbol T_MINUS: R [var -> T_IDENTIFIER]
State 29, Symbol T_MOD: R [var -> T_IDENTIFIER]
State 29, Symbol T_MULTIPLY: R [var -> T_IDENTIFIER]
State 29, Symbol T_PLUS: R [var -> T_IDENTIFIER]
State 29, Symbol T_RIGHTSHIFT: R [var -> T_IDENTIFIER]
State 29, Symbol T_SEMICOLON: R [var -> T_IDENTIFIER]
State 30, Symbol T_BITNOT: S 30
State 30, Symbol T_CHAR_LITERAL: S 31
State 30, Symbol T_DECREMENT: S 37
State 30, Symbol T_FLOAT_LITERAL: S 32
State 30, Symbol T_IDENTIFIER: S 57
State 30, Symbol T_INCREMENT: S 38
State 30, Symbol T_INTEGER_LITERAL: S 33
State 30, Symbol T_LEFT_PAREN: S 34
State 30, Symbol T_NOT: S 35
State 30, Symbol T_STRING_LITERAL: S 36
State 31, Symbol T_BITAND: R [factor -> T_CHAR_LITERAL]
State 31, Symbol T_BITOR: R [factor -> T_CHAR_LITERAL]
State 31, Symbol T_BITXOR: R [factor -> T_CHAR_LITERAL]
State 31, Symbol T_DIVIDE: R [factor -> T_CHAR_LITERAL]
State 31, Symbol T_EQUAL: R [factor -> T_CHAR_LITERAL]
State 31, Symbol T_GREATER: R [factor -> T_CHAR_LITERAL]
State 31, Symbol T_GREATEREQUAL: R [factor -> T_CHAR_LITERAL]
State 31, Symbol T_LEFTSHIFT: R [factor -> T_CHAR_LITERAL]
State 31, Symbol T_LESS: R [factor -> T_CHAR_LITERAL]
State 31, Symbol T_LESSEQUAL: R [factor -> T_CHAR_LITERAL]
State 31, Symbol T_MINUS: R [factor -> T_CHAR_LITERAL]
State 31, Symbol T_MOD: R [factor -> T_CHAR_LITERAL]
State 31, Symbol T_MULTIPLY: R [factor -> T_CHAR_LITERAL]
State 31, Symbol T_PLUS: R [factor -> T_CHAR_LITERAL]
State 31, Symbol T_RIGHTSHIFT: R [factor -> T_CHAR_LITERAL]
State 31, Symbol T_SEMICOLON: R [factor -> T_CHAR_LITERAL]
State 32, Symbol T_BITAND: R [factor -> T_FLOAT_LITERAL]
State 32, Symbol T_BITOR: R [factor -> T_FLOAT_LITERAL]
State 32, Symbol T_BITXOR: R [factor -> T_FLOAT_LITERAL]
State 32, Symbol T_DIVIDE: R [factor -> T_FLOAT_LITERAL]
State 32, Symbol T_EQUAL: R [factor -> T_FLOAT_LITERAL]
State 32, Symbol T_GREATER: R [factor -> T_FLOAT_LITERAL]
State 32, Symbol T_GREATEREQUAL: R [factor -> T_FLOAT_LITERAL]
State 32, Symbol T_LEFTSHIFT: R [factor -> T_FLOAT_LITERAL]
State 32, Symbol T_LESS: R [factor -> T_FLOAT_LITERAL]
State 32, Symbol T_LESSEQUAL: R [factor -> T_FLOAT_LITERAL]
State 32, Symbol T_MINUS: R [factor -> T_FLOAT_LITERAL]
State 32, Symbol T_MOD: R [factor -> T_FLOAT_LITERAL]
State 32, Symbol T_MULTIPLY: R [factor -> T_FLOAT_LITERAL]
State 32, Symbol T_PLUS: R [factor -> T_FLOAT_LITERAL]
State 32, Symbol T_RIGHTSHIFT: R [factor -> T_FLOAT_LITERAL]
State 32, Symbol T_SEMICOLON: R [factor -> T_FLOAT_LITERAL]
State 33, Symbol T_BITAND: R [factor -> T_INTEGER_LITERAL]
State 33, Symbol T_BITOR: R [factor -> T_INTEGER_LITERAL]
State 33, Symbol T_BITXOR: R [factor -> T_INTEGER_LITERAL]
State 33, Symbol T_DIVIDE: R [factor -> T_INTEGER_LITERAL]
State 33, Symbol T_EQUAL: R [factor -> T_INTEGER_LITERAL]
State 33, Symbol T_GREATER: R [factor -> T_INTEGER_LITERAL]
State 33, Symbol T_GREATEREQUAL: R [factor -> T_INTEGER_LITERAL]
State 33, Symbol T_LEFTSHIFT: R [factor -> T_INTEGER_LITERAL]
State 33, Symbol T_LESS: R [factor -> T_INTEGER_LITERAL]
State 33, Symbol T_LESSEQUAL: R [factor -> T_INTEGER_LITERAL]
State 33, Symbol T_MINUS: R [factor -> T_INTEGER_LITERAL]
State 33, Symbol T_MOD: R [factor -> T_INTEGER_LITERAL]
State 33, Symbol T_MULTIPLY: R [factor -> T_INTEGER_LITERAL]
State 33, Symbol T_PLUS: R [factor -> T_INTEGER_LITERAL]
State 33, Symbol T_RIGHTSHIFT: R [factor -> T_INTEGER_LITERAL]
State 33, Symbol T_SEMICOLON: R [factor -> T_INTEGER_LITERAL]
State 34, Symbol T_BITNOT: S 61
State 34, Symbol T_CHAR_LITERAL: S 62
State 34, Symbol T_DECREMENT: S 37
State 34, Symbol T_FLOAT_LITERAL: S 63
State 34, Symbol T_IDENTIFIER: S 60
State 34, Symbol T_INCREMENT: S 38
State 34, Symbol T_INTEGER_LITERAL: S 64
State 34, Symbol T_LEFT_PAREN: S 65
State 34, Symbol T_NOT: S 66
State 34, Symbol T_STRING_LITERAL: S 67
State 35, Symbol T_BITNOT: S 30
State 35, Symbol T_CHAR_LITERAL: S 31
State 35, Symbol T_DECREMENT: S 37
State 35, Symbol T_FLOAT_LITERAL: S 32
State 35, Symbol T_IDENTIFIER: S 57
State 35, Symbol T_INCREMENT: S 38
State 35, Symbol T_INTEGER_LITERAL: S 33
State 35, Symbol T_LEFT_PAREN: S 34
State 35, Symbol T_NOT: S 35
State 35, Symbol T_STRING_LITERAL: S 36
State 36, Symbol T_BITAND: R [factor -> T_STRING_LITERAL]
State 36, Symbol T_BITOR: R [factor -> T_STRING_LITERAL]
State 36, Symbol T_BITXOR: R [factor -> T_STRING_LITERAL]
State 36, Symbol T_DIVIDE: R [factor -> T_STRING_LITERAL]
State 36, Symbol T_EQUAL: R [factor -> T_STRING_LITERAL]
State 36, Symbol T_GREATER: R [factor -> T_STRING_LITERAL]
State 36, Symbol T_GREATEREQUAL: R [factor -> T_STRING_LITERAL]
State 36, Symbol T_LEFTSHIFT: R [factor -> T_STRING_LITERAL]
State 36, Symbol T_LESS: R [factor -> T_STRING_LITERAL]
State 36, Symbol T_LESSEQUAL: R [factor -> T_STRING_LITERAL]
State 36, Symbol T_MINUS: R [factor -> T_STRING_LITERAL]
State 36, Symbol T_MOD: R [factor -> T_STRING_LITERAL]
State 36, Symbol T_MULTIPLY: R [factor -> T_STRING_LITERAL]
State 36, Symbol T_PLUS: R [factor -> T_STRING_LITERAL]
State 36, Symbol T_RIGHTSHIFT: R [factor -> T_STRING_LITERAL]
State 36, Symbol T_SEMICOLON: R [factor -> T_STRING_LITERAL]
State 37, Symbol T_IDENTIFIER: R [inc_dec_operator -> T_DECREMENT]
State 38, Symbol T_IDENTIFIER: R [inc_dec_operator -> T_INCREMENT]
State 39, Symbol T_EQUAL: S 80
State 39, Symbol T_GREATER: S 81
State 39, Symbol T_GREATEREQUAL: S 82
State 39, Symbol T_LESS: S 83
State 39, Symbol T_LESSEQUAL: S 84
State 39, Symbol T_MINUS: S 78
State 39, Symbol T_PLUS: S 79
State 39, Symbol T_SEMICOLON: R [simple_expression -> additive_expression]
State 40, Symbol T_BITAND: S 87
State 40, Symbol T_BITOR: S 88
State 40, Symbol T_BITXOR: S 89
State 40, Symbol T_DIVIDE: S 90
State 40, Symbol T_EQUAL: R [additive_expression -> term]
State 40, Symbol T_GREATER: R [additive_expression -> term]
State 40, Symbol T_GREATEREQUAL: R [additive_expression -> term]
State 40, Symbol T_LEFTSHIFT: S 91
State 40, Symbol T_LESS: R [additive_expression -> term]
State 40, Symbol T_LESSEQUAL: R [additive_expression -> term]
State 40, Symbol T_MINUS: R [additive_expression -> term]
State 40, Symbol T_MOD: S 92
State 40, Symbol T_MULTIPLY: S 93
State 40, Symbol T_PLUS: R [additive_expression -> term]
State 40, Symbol T_RIGHTSHIFT: S 94
State 40, Symbol T_SEMICOLON: R [additive_expression -> term]
State 41, Symbol T_BITAND: R [term -> postfix_expression]
State 41, Symbol T_BITOR: R [term -> postfix_expression]
State 41, Symbol T_BITXOR: R [term -> postfix_expression]
State 41, Symbol T_DIVIDE: R [term -> postfix_expression]
State 41, Symbol T_EQUAL: R [term -> postfix_expression]
State 41, Symbol T_GREATER: R [term -> postfix_expression]
State 41, Symbol T_GREATEREQUAL: R [term -> postfix_expression]
State 41, Symbol T_LEFTSHIFT: R [term -> postfix_expression]
State 41, Symbol T_LESS: R [term -> postfix_expression]
State 41, Symbol T_LESSEQUAL: R [term -> postfix_expression]
State 41, Symbol T_MINUS: R [term -> postfix_expression]
State 41, Symbol T_MOD: R [term -> postfix_expression]
State 41, Symbol T_MULTIPLY: R [term -> postfix_expression]
State 41, Symbol T_PLUS: R [term -> postfix_expression]
State 41, Symbol T_RIGHTSHIFT: R [term -> postfix_expression]
State 41, Symbol T_SEMICOLON: R [term -> postfix_expression]
State 42, Symbol T_SEMICOLON: R [expression -> simple_expression]
State 43, Symbol T_ASSIGN: S 96
State 43, Symbol T_BITAND: R [factor -> var]
State 43, Symbol T_BITOR: R [factor -> var]
State 43, Symbol T_BITXOR: R [factor -> var]
State 43, Symbol T_DECREMENT: S 97
State 43, Symbol T_DIVIDE: R [factor -> var]
State 43, Symbol T_EQUAL: R [factor -> var]
State 43, Symbol T_GREATER: R [factor -> var]
State 43, Symbol T_GREATEREQUAL: R [factor -> var]
State 43, Symbol T_INCREMENT: S 98
State 43, Symbol T_LEFTSHIFT: R [factor -> var]
State 43, Symbol T_LESS: R [factor -> var]
State 43, Symbol T_LESSEQUAL: R [factor -> var]
State 43, Symbol T_MINUS: R [factor -> var]
State 43, Symbol T_MOD: R [factor -> var]
State 43, Symbol T_MULTIPLY: R [factor -> var]
State 43, Symbol T_PLUS: R [factor -> var]
State 43, Symbol T_RIGHTSHIFT: R [factor -> var]
State 43, Symbol T_SEMICOLON: R [factor -> var]
State 44, Symbol T_BITAND: R [factor -> call]
State 44, Symbol T_BITOR: R [factor -> call]
State 44, Symbol T_BITXOR: R [factor -> call]
State 44, Symbol T_DIVIDE: R [factor -> call]
State 44, Symbol T_EQUAL: R [factor -> call]
State 44, Symbol T_GREATER: R [factor -> call]
State 44, Symbol T_GREATEREQUAL: R [factor -> call]
State 44, Symbol T_LEFTSHIFT: R [factor -> call]
State 44, Symbol T_LESS: R [factor -> call]
State 44, Symbol T_LESSEQUAL: R [factor -> call]
State 44, Symbol T_MINUS: R [factor -> call]
State 44, Symbol T_MOD: R [factor -> call]
State 44, Symbol T_MULTIPLY: R [factor -> call]
State 44, Symbol T_PLUS: R [factor -> call]
State 44, Symbol T_RIGHTSHIFT: R [factor -> call]
State 44, Symbol T_SEMICOLON: R [factor -> call]
State 45, Symbol T_IDENTIFIER: S 100
State 46, Symbol T_SEMICOLON: R [opt_init -> T_ASSIGNexpression]
State 47, Symbol T_BITAND: R [term -> factor]
State 47, Symbol T_BITOR: R [term -> factor]
State 47, Symbol T_BITXOR: R [term -> factor]
State 47, Symbol T_DIVIDE: R [term -> factor]
State 47, Symbol T_EQUAL: R [term -> factor]
State 47, Symbol T_GREATER: R [term -> factor]
State 47, Symbol T_GREATEREQUAL: R [term -> factor]
State 47, Symbol T_LEFTSHIFT: R [term -> factor]
State 47, Symbol T_LESS: R [term -> factor]
State 47, Symbol T_LESSEQUAL: R [term -> factor]
State 47, Symbol T_MINUS: R [term -> factor]
State 47, Symbol T_MOD: R [term -> factor]
State 47, Symbol T_MULTIPLY: R [term -> factor]
State 47, Symbol T_PLUS: R [term -> factor]
State 47, Symbol T_RIGHTSHIFT: R [term -> factor]
State 47, Symbol T_SEMICOLON: R [term -> factor]
State 48, Symbol T_RIGHT_SQUARE: S 102
State 49, Symbol T_CHAR: R [var_declaration -> type_specifierT_IDENTIFIERopt_initT_SEMICOLON]
State 49, Symbol T_EOF: R [var_declaration -> type_specifierT_IDENTIFIERopt_initT_SEMICOLON]
State 49, Symbol T_FLOAT: R [var_declaration -> type_specifierT_IDENTIFIERopt_initT_SEMICOLON]
State 49, Symbol T_INT: R [var_declaration -> type_specifierT_IDENTIFIERopt_initT_SEMICOLON]
State 49, Symbol T_VOID: R [var_declaration -> type_specifierT_IDENTIFIERopt_initT_SEMICOLON]
State 50, Symbol T_BITNOT: S 30
State 50, Symbol T_CHAR: S 1
State 50, Symbol T_CHAR_LITERAL: S 31
State 50, Symbol T_DECREMENT: S 37
State 50, Symbol T_FLOAT: S 2
State 50, Symbol T_FLOAT_LITERAL: S 32
State 50, Symbol T_FOR: S 105
State 50, Symbol T_IDENTIFIER: S 29
State 50, Symbol T_IF: S 108
State 50, Symbol T_INCREMENT: S 38
State 50, Symbol T_INT: S 3
State 50, Symbol T_INTEGER_LITERAL: S 33
State 50, Symbol T_LEFT_BRACE: S 103
State 50, Symbol T_LEFT_PAREN: S 34
State 50, Symbol T_NOT: S 35
State 50, Symbol T_RETURN: S 107
State 50, Symbol T_RIGHT_BRACE: S 104
State 50, Symbol T_STRING_LITERAL: S 36
State 50, Symbol T_VOID: S 4
State 50, Symbol T_WHILE: S 106
State 51, Symbol T_CHAR: R [fun_declaration -> type_specifierT_IDENTIFIERT_LEFT_PARENT_RIGHT_PARENcompound_stmt]
State 51, Symbol T_EOF: R [fun_declaration -> type_specifierT_IDENTIFIERT_LEFT_PARENT_RIGHT_PARENcompound_stmt]
State 51, Symbol T_FLOAT: R [fun_declaration -> type_specifierT_IDENTIFIERT_LEFT_PARENT_RIGHT_PARENcompound_stmt]
State 51, Symbol T_INT: R [fun_declaration -> type_specifierT_IDENTIFIERT_LEFT_PARENT_RIGHT_PARENcompound_stmt]
State 51, Symbol T_VOID: R [fun_declaration -> type_specifierT_IDENTIFIERT_LEFT_PARENT_RIGHT_PARENcompound_stmt]
State 52, Symbol T_LEFT_BRACE: S 50
State 53, Symbol T_COMMA: R [param -> type_specifierT_IDENTIFIER]
State 53, Symbol T_LEFT_SQUARE: S 121
State 53, Symbol T_RIGHT_PAREN: R [param -> type_specifierT_IDENTIFIER]
State 54, Symbol T_CHAR: S 1
State 54, Symbol T_FLOAT: S 2
State 54, Symbol T_INT: S 3
State 54, Symbol T_VOID: S 4
State 55, Symbol T_BITNOT: S 125
State 55, Symbol T_CHAR_LITERAL: S 126
State 55, Symbol T_DECREMENT: S 37
State 55, Symbol T_FLOAT_LITERAL: S 127
State 55, Symbol T_IDENTIFIER: S 123
State 55, Symbol T_INCREMENT: S 38
State 55, Symbol T_INTEGER_LITERAL: S 128
State 55, Symbol T_LEFT_PAREN: S 129
State 55, Symbol T_NOT: S 130
State 55, Symbol T_RIGHT_PAREN: S 124
State 55, Symbol T_STRING_LITERAL: S 131
State 56, Symbol T_BITNOT: S 144
State 56, Symbol T_CHAR_LITERAL: S 145
State 56, Symbol T_DECREMENT: S 37
State 56, Symbol T_FLOAT_LITERAL: S 146
State 56, Symbol T_IDENTIFIER: S 143
State 56, Symbol T_INCREMENT: S 38
State 56, Symbol T_INTEGER_LITERAL: S 147
State 56, Symbol T_LEFT_PAREN: S 148
State 56, Symbol T_NOT: S 149
State 56, Symbol T_STRING_LITERAL: S 150
State 57, Symbol T_BITAND: R [var -> T_IDENTIFIER]
State 57, Symbol T_BITOR: R [var -> T_IDENTIFIER]
State 57, Symbol T_BITXOR: R [var -> T_IDENTIFIER]
State 57, Symbol T_DIVIDE: R [var -> T_IDENTIFIER]
State 57, Symbol T_EQUAL: R [var -> T_IDENTIFIER]
State 57, Symbol T_GREATER: R [var -> T_IDENTIFIER]
State 57, Symbol T_GREATEREQUAL: R [var -> T_IDENTIFIER]
State 57, Symbol T_LEFTSHIFT: R [var -> T_IDENTIFIER]
State 57, Symbol T_LEFT_PAREN: S 55
State 57, Symbol T_LEFT_SQUARE: S 160
State 57, Symbol T_LESS: R [var -> T_IDENTIFIER]
State 57, Symbol T_LESSEQUAL: R [var -> T_IDENTIFIER]
State 57, Symbol T_MINUS: R [var -> T_IDENTIFIER]
State 57, Symbol T_MOD: R [var -> T_IDENTIFIER]
State 57, Symbol T_MULTIPLY: R [var -> T_IDENTIFIER]
State 57, Symbol T_PLUS: R [var -> T_IDENTIFIER]
State 57, Symbol T_RIGHTSHIFT: R [var -> T_IDENTIFIER]
State 57, Symbol T_SEMICOLON: R [var -> T_IDENTIFIER]
State 58, Symbol T_BITAND: R [factor -> T_BITNOTfactor]
State 58, Symbol T_BITOR: R [factor -> T_BITNOTfactor]
State 58, Symbol T_BITXOR: R [factor -> T_BITNOTfactor]
State 58, Symbol T_DIVIDE: R [factor -> T_BITNOTfactor]
State 58, Symbol T_EQUAL: R [factor -> T_BITNOTfactor]
State 58, Symbol T_GREATER: R [factor -> T_BITNOTfactor]
State 58, Symbol T_GREATEREQUAL: R [factor -> T_BITNOTfactor]
State 58, Symbol T_LEFTSHIFT: R [factor -> T_BITNOTfactor]
State 58, Symbol T_LESS: R [factor -> T_BITNOTfactor]
State 58, Symbol T_LESSEQUAL: R [factor -> T_BITNOTfactor]
State 58, Symbol T_MINUS: R [factor -> T_BITNOTfactor]
State 58, Symbol T_MOD: R [factor -> T_BITNOTfactor]
State 58, Symbol T_MULTIPLY: R [factor -> T_BITNOTfactor]
State 58, Symbol T_PLUS: R [factor -> T_BITNOTfactor]
State 58, Symbol T_RIGHTSHIFT: R [factor -> T_BITNOTfactor]
State 58, Symbol T_SEMICOLON: R [factor -> T_BITNOTfactor]
State 59, Symbol T_BITAND: R [factor -> var]
State 59, Symbol T_BITOR: R [factor -> var]
State 59, Symbol T_BITXOR: R [factor -> var]
State 59, Symbol T_DIVIDE: R [factor -> var]
State 59, Symbol T_EQUAL: R [factor -> var]
State 59, Symbol T_GREATER: R [factor -> var]
State 59, Symbol T_GREATEREQUAL: R [factor -> var]
State 59, Symbol T_LEFTSHIFT: R [factor -> var]
State 59, Symbol T_LESS: R [factor -> var]
State 59, Symbol T_LESSEQUAL: R [factor -> var]
State 59, Symbol T_MINUS: R [factor -> var]
State 59, Symbol T_MOD: R [factor -> var]
State 59, Symbol T_MULTIPLY: R [factor -> var]
State 59, Symbol T_PLUS: R [factor -> var]
State 59, Symbol T_RIGHTSHIFT: R [factor -> var]
State 59, Symbol T_SEMICOLON: R [factor -> var]
State 60, Symbol T_ASSIGN: R [var -> T_IDENTIFIER]
State 60, Symbol T_BITAND: R [var -> T_IDENTIFIER]
State 60, Symbol T_BITOR: R [var -> T_IDENTIFIER]
State 60, Symbol T_BITXOR: R [var -> T_IDENTIFIER]
State 60, Symbol T_DECREMENT: R [var -> T_IDENTIFIER]
State 60, Symbol T_DIVIDE: R [var -> T_IDENTIFIER]
State 60, Symbol T_EQUAL: R [var -> T_IDENTIFIER]
State 60, Symbol T_GREATER: R [var -> T_IDENTIFIER]
State 60, Symbol T_GREATEREQUAL: R [var -> T_IDENTIFIER]
State 60, Symbol T_INCREMENT: R [var -> T_IDENTIFIER]
State 60, Symbol T_LEFTSHIFT: R [var -> T_IDENTIFIER]
State 60, Symbol T_LEFT_PAREN: S 161
State 60, Symbol T_LEFT_SQUARE: S 162
State 60, Symbol T_LESS: R [var -> T_IDENTIFIER]
State 60, Symbol T_LESSEQUAL: R [var -> T_IDENTIFIER]
State 60, Symbol T_MINUS: R [var -> T_IDENTIFIER]
State 60, Symbol T_MOD: R [var -> T_IDENTIFIER]
State 60, Symbol T_MULTIPLY: R [var -> T_IDENTIFIER]
State 60, Symbol T_PLUS: R [var -> T_IDENTIFIER]
State 60, Symbol T_RIGHTSHIFT: R [var -> T_IDENTIFIER]
State 60, Symbol T_RIGHT_PAREN: R [var -> T_IDENTIFIER]
State 61, Symbol T_BITNOT: S 61
State 61, Symbol T_CHAR_LITERAL: S 62
State 61, Symbol T_DECREMENT: S 37
State 61, Symbol T_FLOAT_LITERAL: S 63
State 61, Symbol T_IDENTIFIER: S 163
State 61, Symbol T_INCREMENT: S 38
State 61, Symbol T_INTEGER_LITERAL: S 64
State 61, Symbol T_LEFT_PAREN: S 65
State 61, Symbol T_NOT: S 66
State 61, Symbol T_STRING_LITERAL: S 67
State 62, Symbol T_BITAND: R [factor -> T_CHAR_LITERAL]
State 62, Symbol T_BITOR: R [factor -> T_CHAR_LITERAL]
State 62, Symbol T_BITXOR: R [factor -> T_CHAR_LITERAL]
State 62, Symbol T_DIVIDE: R [factor -> T_CHAR_LITERAL]
State 62, Symbol T_EQUAL: R [factor -> T_CHAR_LITERAL]
State 62, Symbol T_GREATER: R [factor -> T_CHAR_LITERAL]
State 62, Symbol T_GREATEREQUAL: R [factor -> T_CHAR_LITERAL]
State 62, Symbol T_LEFTSHIFT: R [factor -> T_CHAR_LITERAL]
State 62, Symbol T_LESS: R [factor -> T_CHAR_LITERAL]
State 62, Symbol T_LESSEQUAL: R [factor -> T_CHAR_LITERAL]
State 62, Symbol T_MINUS: R [factor -> T_CHAR_LITERAL]
State 62, Symbol T_MOD: R [factor -> T_CHAR_LITERAL]
State 62, Symbol T_MULTIPLY: R [factor -> T_CHAR_LITERAL]
State 62, Symbol T_PLUS: R [factor -> T_CHAR_LITERAL]
State 62, Symbol T_RIGHTSHIFT: R [factor -> T_CHAR_LITERAL]
State 62, Symbol T_RIGHT_PAREN: R [factor -> T_CHAR_LITERAL]
State 63, Symbol T_BITAND: R [factor -> T_FLOAT_LITERAL]
State 63, Symbol T_BITOR: R [factor -> T_FLOAT_LITERAL]
State 63, Symbol T_BITXOR: R [factor -> T_FLOAT_LITERAL]
State 63, Symbol T_DIVIDE: R [factor -> T_FLOAT_LITERAL]
State 63, Symbol T_EQUAL: R [factor -> T_FLOAT_LITERAL]
State 63, Symbol T_GREATER: R [factor -> T_FLOAT_LITERAL]
State 63, Symbol T_GREATEREQUAL: R [factor -> T_FLOAT_LITERAL]
State 63, Symbol T_LEFTSHIFT: R [factor -> T_FLOAT_LITERAL]
State 63, Symbol T_LESS: R [factor -> T_FLOAT_LITERAL]
State 63, Symbol T_LESSEQUAL: R [factor -> T_FLOAT_LITERAL]
State 63, Symbol T_MINUS: R [factor -> T_FLOAT_LITERAL]
State 63, Symbol T_MOD: R [factor -> T_FLOAT_LITERAL]
State 63, Symbol T_MULTIPLY: R [factor -> T_FLOAT_LITERAL]
State 63, Symbol T_PLUS: R [factor -> T_FLOAT_LITERAL]
State 63, Symbol T_RIGHTSHIFT: R [factor -> T_FLOAT_LITERAL]
State 63, Symbol T_RIGHT_PAREN: R [factor -> T_FLOAT_LITERAL]
State 64, Symbol T_BITAND: R [factor -> T_INTEGER_LITERAL]
State 64, Symbol T_BITOR: R [factor -> T_INTEGER_LITERAL]
State 64, Symbol T_BITXOR: R [factor -> T_INTEGER_LITERAL]
State 64, Symbol T_DIVIDE: R [factor -> T_INTEGER_LITERAL]
State 64, Symbol T_EQUAL: R [factor -> T_INTEGER_LITERAL]
State 64, Symbol T_GREATER: R [factor -> T_INTEGER_LITERAL]
State 64, Symbol T_GREATEREQUAL: R [factor -> T_INTEGER_LITERAL]
State 64, Symbol T_LEFTSHIFT: R [factor -> T_INTEGER_LITERAL]
State 64, Symbol T_LESS: R [factor -> T_INTEGER_LITERAL]
State 64, Symbol T_LESSEQUAL: R [factor -> T_INTEGER_LITERAL]
State 64, Symbol T_MINUS: R [factor -> T_INTEGER_LITERAL]
State 64, Symbol T_MOD: R [factor -> T_INTEGER_LITERAL]
State 64, Symbol T_MULTIPLY: R [factor -> T_INTEGER_LITERAL]
State 64, Symbol T_PLUS: R [factor -> T_INTEGER_LITERAL]
State 64, Symbol T_RIGHTSHIFT: R [factor -> T_INTEGER_LITERAL]
State 64, Symbol T_RIGHT_PAREN: R [factor -> T_INTEGER_LITERAL]
State 65, Symbol T_BITNOT: S 61
State 65, Symbol T_CHAR_LITERAL: S 62
State 65, Symbol T_DECREMENT: S 37
State 65, Symbol T_FLOAT_LITERAL: S 63
State 65, Symbol T_IDENTIFIER: S 60
State 65, Symbol T_INCREMENT: S 38
State 65, Symbol T_INTEGER_LITERAL: S 64
State 65, Symbol T_LEFT_PAREN: S 65
State 65, Symbol T_NOT: S 66
State 65, Symbol T_STRING_LITERAL: S 67
State 66, Symbol T_BITNOT: S 61
State 66, Symbol T_CHAR_LITERAL: S 62
State 66, Symbol T_DECREMENT: S 37
State 66, Symbol T_FLOAT_LITERAL: S 63
State 66, Symbol T_IDENTIFIER: S 163
State 66, Symbol T_INCREMENT: S 38
State 66, Symbol T_INTEGER_LITERAL: S 64
State 66, Symbol T_LEFT_PAREN: S 65
State 66, Symbol T_NOT: S 66
State 66, Symbol T_STRING_LITERAL: S 67
State 67, Symbol T_BITAND: R [factor -> T_STRING_LITERAL]
State 67, Symbol T_BITOR: R [factor -> T_STRING_LITERAL]
State 67, Symbol T_BITXOR: R [factor -> T_STRING_LITERAL]
State 67, Symbol T_DIVIDE: R [factor -> T_STRING_LITERAL]
State 67, Symbol T_EQUAL: R [factor -> T_STRING_LITERAL]
State 67, Symbol T_GREATER: R [factor -> T_STRING_LITERAL]
State 67, Symbol T_GREATEREQUAL: R [factor -> T_STRING_LITERAL]
State 67, Symbol T_LEFTSHIFT: R [factor -> T_STRING_LITERAL]
State 67, Symbol T_LESS: R [factor -> T_STRING_LITERAL]
State 67, Symbol T_LESSEQUAL: R [factor -> T_STRING_LITERAL]
State 67, Symbol T_MINUS: R [factor -> T_STRING_LITERAL]
State 67, Symbol T_MOD: R [factor -> T_STRING_LITERAL]
State 67, Symbol T_MULTIPLY: R [factor -> T_STRING_LITERAL]
State 67, Symbol T_PLUS: R [factor -> T_STRING_LITERAL]
State 67, Symbol T_RIGHTSHIFT: R [factor -> T_STRING_LITERAL]
State 67, Symbol T_RIGHT_PAREN: R [factor -> T_STRING_LITERAL]
State 68, Symbol T_EQUAL: S 80
State 68, Symbol T_GREATER: S 81
State 68, Symbol T_GREATEREQUAL: S 82
State 68, Symbol T_LESS: S 83
State 68, Symbol T_LESSEQUAL: S 84
State 68, Symbol T_MINUS: S 78
State 68, Symbol T_PLUS: S 79
State 68, Symbol T_RIGHT_PAREN: R [simple_expression -> additive_expression]
State 69, Symbol T_BITAND: S 87
State 69, Symbol T_BITOR: S 88
State 69, Symbol T_BITXOR: S 89
State 69, Symbol T_DIVIDE: S 90
State 69, Symbol T_EQUAL: R [additive_expression -> term]
State 69, Symbol T_GREATER: R [additive_expression -> term]
State 69, Symbol T_GREATEREQUAL: R [additive_expression -> term]
State 69, Symbol T_LEFTSHIFT: S 91
State 69, Symbol T_LESS: R [additive_expression -> term]
State 69, Symbol T_LESSEQUAL: R [additive_expression -> term]
State 69, Symbol T_MINUS: R [additive_expression -> term]
State 69, Symbol T_MOD: S 92
State 69, Symbol T_MULTIPLY: S 93
State 69, Symbol T_PLUS: R [additive_expression -> term]
State 69, Symbol T_RIGHTSHIFT: S 94
State 69, Symbol T_RIGHT_PAREN: R [additive_expression -> term]
State 70, Symbol T_BITAND: R [term -> postfix_expression]
State 70, Symbol T_BITOR: R [term -> postfix_expression]
State 70, Symbol T_BITXOR: R [term -> postfix_expression]
State 70, Symbol T_DIVIDE: R [term -> postfix_expression]
State 70, Symbol T_EQUAL: R [term -> postfix_expression]
State 70, Symbol T_GREATER: R [term -> postfix_expression]
State 70, Symbol T_GREATEREQUAL: R [term -> postfix_expression]
State 70, Symbol T_LEFTSHIFT: R [term -> postfix_expression]
State 70, Symbol T_LESS: R [term -> postfix_expression]
State 70, Symbol T_LESSEQUAL: R [term -> postfix_expression]
State 70, Symbol T_MINUS: R [term -> postfix_expression]
State 70, Symbol T_MOD: R [term -> postfix_expression]
State 70, Symbol T_MULTIPLY: R [term -> postfix_expression]
State 70, Symbol T_PLUS: R [term -> postfix_expression]
State 70, Symbol T_RIGHTSHIFT: R [term -> postfix_expression]
State 70, Symbol T_RIGHT_PAREN: R [term -> postfix_expression]
State 71, Symbol T_RIGHT_PAREN: R [expression -> simple_expression]
State 72, Symbol T_ASSIGN: S 171
State 72, Symbol T_BITAND: R [factor -> var]
State 72, Symbol T_BITOR: R [factor -> var]
State 72, Symbol T_BITXOR: R [factor -> var]
State 72, Symbol T_DECREMENT: S 172
State 72, Symbol T_DIVIDE: R [factor -> var]
State 72, Symbol T_EQUAL: R [factor -> var]
State 72, Symbol T_GREATER: R [factor -> var]
State 72, Symbol T_GREATEREQUAL: R [factor -> var]
State 72, Symbol T_INCREMENT: S 173
State 72, Symbol T_LEFTSHIFT: R [factor -> var]
State 72, Symbol T_LESS: R [factor -> var]
State 72, Symbol T_LESSEQUAL: R [factor -> var]
State 72, Symbol T_MINUS: R [factor -> var]
State 72, Symbol T_MOD: R [factor -> var]
State 72, Symbol T_MULTIPLY: R [factor -> var]
State 72, Symbol T_PLUS: R [factor -> var]
State 72, Symbol T_RIGHTSHIFT: R [factor -> var]
State 72, Symbol T_RIGHT_PAREN: R [factor -> var]
State 73, Symbol T_RIGHT_PAREN: S 175
State 74, Symbol T_BITAND: R [factor -> call]
State 74, Symbol T_BITOR: R [factor -> call]
State 74, Symbol T_BITXOR: R [factor -> call]
State 74, Symbol T_DIVIDE: R [factor -> call]
State 74, Symbol T_EQUAL: R [factor -> call]
State 74, Symbol T_GREATER: R [factor -> call]
State 74, Symbol T_GREATEREQUAL: R [factor -> call]
State 74, Symbol T_LEFTSHIFT: R [factor -> call]
State 74, Symbol T_LESS: R [factor -> call]
State 74, Symbol T_LESSEQUAL: R [factor -> call]
State 74, Symbol T_MINUS: R [factor -> call]
State 74, Symbol T_MOD: R [factor -> call]
State 74, Symbol T_MULTIPLY: R [factor -> call]
State 74, Symbol T_PLUS: R [factor -> call]
State 74, Symbol T_RIGHTSHIFT: R [factor -> call]
State 74, Symbol T_RIGHT_PAREN: R [factor -> call]
State 75, Symbol T_IDENTIFIER: S 176
State 76, Symbol T_BITAND: R [term -> factor]
State 76, Symbol T_BITOR: R [term -> factor]
State 76, Symbol T_BITXOR: R [term -> factor]
State 76, Symbol T_DIVIDE: R [term -> factor]
State 76, Symbol T_EQUAL: R [term -> factor]
State 76, Symbol T_GREATER: R [term -> factor]
State 76, Symbol T_GREATEREQUAL: R [term -> factor]
State 76, Symbol T_LEFTSHIFT: R [term -> factor]
State 76, Symbol T_LESS: R [term -> factor]
State 76, Symbol T_LESSEQUAL: R [term -> factor]
State 76, Symbol T_MINUS: R [term -> factor]
State 76, Symbol T_MOD: R [term -> factor]
State 76, Symbol T_MULTIPLY: R [term -> factor]
State 76, Symbol T_PLUS: R [term -> factor]
State 76, Symbol T_RIGHTSHIFT: R [term -> factor]
State 76, Symbol T_RIGHT_PAREN: R [term -> factor]
State 77, Symbol T_BITAND: R [factor -> T_NOTfactor]
State 77, Symbol T_BITOR: R [factor -> T_NOTfactor]
State 77, Symbol T_BITXOR: R [factor -> T_NOTfactor]
State 77, Symbol T_DIVIDE: R [factor -> T_NOTfactor]
State 77, Symbol T_EQUAL: R [factor -> T_NOTfactor]
State 77, Symbol T_GREATER: R [factor -> T_NOTfactor]
State 77, Symbol T_GREATEREQUAL: R [factor -> T_NOTfactor]
State 77, Symbol T_LEFTSHIFT: R [factor -> T_NOTfactor]
State 77, Symbol T_LESS: R [factor -> T_NOTfactor]
State 77, Symbol T_LESSEQUAL: R [factor -> T_NOTfactor]
State 77, Symbol T_MINUS: R [factor -> T_NOTfactor]
State 77, Symbol T_MOD: R [factor -> T_NOTfactor]
State 77, Symbol T_MULTIPLY: R [factor -> T_NOTfactor]
State 77, Symbol T_PLUS: R [factor -> T_NOTfactor]
State 77, Symbol T_RIGHTSHIFT: R [factor -> T_NOTfactor]
State 77, Symbol T_SEMICOLON: R [factor -> T_NOTfactor]
State 78, Symbol T_BITNOT: R [addop -> T_MINUS]
State 78, Symbol T_CHAR_LITERAL: R [addop -> T_MINUS]
State 78, Symbol T_DECREMENT: R [addop -> T_MINUS]
State 78, Symbol T_FLOAT_LITERAL: R [addop -> T_MINUS]
State 78, Symbol T_IDENTIFIER: R [addop -> T_MINUS]
State 78, Symbol T_INCREMENT: R [addop -> T_MINUS]
State 78, Symbol T_INTEGER_LITERAL: R [addop -> T_MINUS]
State 78, Symbol T_LEFT_PAREN: R [addop -> T_MINUS]
State 78, Symbol T_NOT: R [addop -> T_MINUS]
State 78, Symbol T_STRING_LITERAL: R [addop -> T_MINUS]
State 79, Symbol T_BITNOT: R [addop -> T_PLUS]
State 79, Symbol T_CHAR_LITERAL: R [addop -> T_PLUS]
State 79, Symbol T_DECREMENT: R [addop -> T_PLUS]
State 79, Symbol T_FLOAT_LITERAL: R [addop -> T_PLUS]
State 79, Symbol T_IDENTIFIER: R [addop -> T_PLUS]
State 79, Symbol T_INCREMENT: R [addop -> T_PLUS]
State 79, Symbol T_INTEGER_LITERAL: R [addop -> T_PLUS]
State 79, Symbol T_LEFT_PAREN: R [addop -> T_PLUS]
State 79, Symbol T_NOT: R [addop -> T_PLUS]
State 79, Symbol T_STRING_LITERAL: R [addop -> T_PLUS]
State 80, Symbol T_BITNOT: R [relop -> T_EQUAL]
State 80, Symbol T_CHAR_LITERAL: R [relop -> T_EQUAL]
State 80, Symbol T_DECREMENT: R [relop -> T_EQUAL]
State 80, Symbol T_FLOAT_LITERAL: R [relop -> T_EQUAL]
State 80, Symbol T_IDENTIFIER: R [relop -> T_EQUAL]
State 80, Symbol T_INCREMENT: R [relop -> T_EQUAL]
State 80, Symbol T_INTEGER_LITERAL: R [relop -> T_EQUAL]
State 80, Symbol T_LEFT_PAREN: R [relop -> T_EQUAL]
State 80, Symbol T_NOT: R [relop -> T_EQUAL]
State 80, Symbol T_STRING_LITERAL: R [relop -> T_EQUAL]
State 81, Symbol T_BITNOT: R [relop -> T_GREATER]
State 81, Symbol T_CHAR_LITERAL: R [relop -> T_GREATER]
State 81, Symbol T_DECREMENT: R [relop -> T_GREATER]
State 81, Symbol T_FLOAT_LITERAL: R [relop -> T_GREATER]
State 81, Symbol T_IDENTIFIER: R [relop -> T_GREATER]
State 81, Symbol T_INCREMENT: R [relop -> T_GREATER]
State 81, Symbol T_INTEGER_LITERAL: R [relop -> T_GREATER]
State 81, Symbol T_LEFT_PAREN: R [relop -> T_GREATER]
State 81, Symbol T_NOT: R [relop -> T_GREATER]
State 81, Symbol T_STRING_LITERAL: R [relop -> T_GREATER]
State 82, Symbol T_BITNOT: R [relop -> T_GREATEREQUAL]
State 82, Symbol T_CHAR_LITERAL: R [relop -> T_GREATEREQUAL]
State 82, Symbol T_DECREMENT: R [relop -> T_GREATEREQUAL]
State 82, Symbol T_FLOAT_LITERAL: R [relop -> T_GREATEREQUAL]
State 82, Symbol T_IDENTIFIER: R [relop -> T_GREATEREQUAL]
State 82, Symbol T_INCREMENT: R [relop -> T_GREATEREQUAL]
State 82, Symbol T_INTEGER_LITERAL: R [relop -> T_GREATEREQUAL]
State 82, Symbol T_LEFT_PAREN: R [relop -> T_GREATEREQUAL]
State 82, Symbol T_NOT: R [relop -> T_GREATEREQUAL]
State 82, Symbol T_STRING_LITERAL: R [relop -> T_GREATEREQUAL]
State 83, Symbol T_BITNOT: R [relop -> T_LESS]
State 83, Symbol T_CHAR_LITERAL: R [relop -> T_LESS]
State 83, Symbol T_DECREMENT: R [relop -> T_LESS]
State 83, Symbol T_FLOAT_LITERAL: R [relop -> T_LESS]
State 83, Symbol T_IDENTIFIER: R [relop -> T_LESS]
State 83, Symbol T_INCREMENT: R [relop -> T_LESS]
State 83, Symbol T_INTEGER_LITERAL: R [relop -> T_LESS]
State 83, Symbol T_LEFT_PAREN: R [relop -> T_LESS]
State 83, Symbol T_NOT: R [relop -> T_LESS]
State 83, Symbol T_STRING_LITERAL: R [relop -> T_LESS]
State 84, Symbol T_BITNOT: R [relop -> T_LESSEQUAL]
State 84, Symbol T_CHAR_LITERAL: R [relop -> T_LESSEQUAL]
State 84, Symbol T_DECREMENT: R [relop -> T_LESSEQUAL]
State 84, Symbol T_FLOAT_LITERAL: R [relop -> T_LESSEQUAL]
State 84, Symbol T_IDENTIFIER: R [relop -> T_LESSEQUAL]
State 84, Symbol T_INCREMENT: R [relop -> T_LESSEQUAL]
State 84, Symbol T_INTEGER_LITERAL: R [relop -> T_LESSEQUAL]
State 84, Symbol T_LEFT_PAREN: R [relop -> T_LESSEQUAL]
State 84, Symbol T_NOT: R [relop -> T_LESSEQUAL]
State 84, Symbol T_STRING_LITERAL: R [relop -> T_LESSEQUAL]
State 85, Symbol T_BITNOT: S 30
State 85, Symbol T_CHAR_LITERAL: S 31
State 85, Symbol T_DECREMENT: S 37
State 85, Symbol T_FLOAT_LITERAL: S 32
State 85, Symbol T_IDENTIFIER: S 178
State 85, Symbol T_INCREMENT: S 38
State 85, Symbol T_INTEGER_LITERAL: S 33
State 85, Symbol T_LEFT_PAREN: S 34
State 85, Symbol T_NOT: S 35
State 85, Symbol T_STRING_LITERAL: S 36
State 86, Symbol T_BITNOT: S 183
State 86, Symbol T_CHAR_LITERAL: S 184
State 86, Symbol T_DECREMENT: S 37
State 86, Symbol T_FLOAT_LITERAL: S 185
State 86, Symbol T_IDENTIFIER: S 182
State 86, Symbol T_INCREMENT: S 38
State 86, Symbol T_INTEGER_LITERAL: S 186
State 86, Symbol T_LEFT_PAREN: S 187
State 86, Symbol T_NOT: S 188
State 86, Symbol T_STRING_LITERAL: S 189
State 87, Symbol T_BITNOT: R [mulop -> T_BITAND]
State 87, Symbol T_CHAR_LITERAL: R [mulop -> T_BITAND]
State 87, Symbol T_DECREMENT: R [mulop -> T_BITAND]
State 87, Symbol T_FLOAT_LITERAL: R [mulop -> T_BITAND]
State 87, Symbol T_IDENTIFIER: R [mulop -> T_BITAND]
State 87, Symbol T_INCREMENT: R [mulop -> T_BITAND]
State 87, Symbol T_INTEGER_LITERAL: R [mulop -> T_BITAND]
State 87, Symbol T_LEFT_PAREN: R [mulop -> T_BITAND]
State 87, Symbol T_NOT: R [mulop -> T_BITAND]
State 87, Symbol T_STRING_LITERAL: R [mulop -> T_BITAND]
State 88, Symbol T_BITNOT: R [mulop -> T_BITOR]
State 88, Symbol T_CHAR_LITERAL: R [mulop -> T_BITOR]
State 88, Symbol T_DECREMENT: R [mulop -> T_BITOR]
State 88, Symbol T_FLOAT_LITERAL: R [mulop -> T_BITOR]
State 88, Symbol T_IDENTIFIER: R [mulop -> T_BITOR]
State 88, Symbol T_INCREMENT: R [mulop -> T_BITOR]
State 88, Symbol T_INTEGER_LITERAL: R [mulop -> T_BITOR]
State 88, Symbol T_LEFT_PAREN: R [mulop -> T_BITOR]
State 88, Symbol T_NOT: R [mulop -> T_BITOR]
State 88, Symbol T_STRING_LITERAL: R [mulop -> T_BITOR]
State 89, Symbol T_BITNOT: R [mulop -> T_BITXOR]
State 89, Symbol T_CHAR_LITERAL: R [mulop -> T_BITXOR]
State 89, Symbol T_DECREMENT: R [mulop -> T_BITXOR]
State 89, Symbol T_FLOAT_LITERAL: R [mulop -> T_BITXOR]
State 89, Symbol T_IDENTIFIER: R [mulop -> T_BITXOR]
State 89, Symbol T_INCREMENT: R [mulop -> T_BITXOR]
State 89, Symbol T_INTEGER_LITERAL: R [mulop -> T_BITXOR]
State 89, Symbol T_LEFT_PAREN: R [mulop -> T_BITXOR]
State 89, Symbol T_NOT: R [mulop -> T_BITXOR]
State 89, Symbol T_STRING_LITERAL: R [mulop -> T_BITXOR]
State 90, Symbol T_BITNOT: R [mulop -> T_DIVIDE]
State 90, Symbol T_CHAR_LITERAL: R [mulop -> T_DIVIDE]
State 90, Symbol T_DECREMENT: R [mulop -> T_DIVIDE]
State 90, Symbol T_FLOAT_LITERAL: R [mulop -> T_DIVIDE]
State 90, Symbol T_IDENTIFIER: R [mulop -> T_DIVIDE]
State 90, Symbol T_INCREMENT: R [mulop -> T_DIVIDE]
State 90, Symbol T_INTEGER_LITERAL: R [mulop -> T_DIVIDE]
State 90, Symbol T_LEFT_PAREN: R [mulop -> T_DIVIDE]
State 90, Symbol T_NOT: R [mulop -> T_DIVIDE]
State 90, Symbol T_STRING_LITERAL: R [mulop -> T_DIVIDE]
State 91, Symbol T_BITNOT: R [mulop -> T_LEFTSHIFT]
State 91, Symbol T_CHAR_LITERAL: R [mulop -> T_LEFTSHIFT]
State 91, Symbol T_DECREMENT: R [mulop -> T_LEFTSHIFT]
State 91, Symbol T_FLOAT_LITERAL: R [mulop -> T_LEFTSHIFT]
State 91, Symbol T_IDENTIFIER: R [mulop -> T_LEFTSHIFT]
State 91, Symbol T_INCREMENT: R [mulop -> T_LEFTSHIFT]
State 91, Symbol T_INTEGER_LITERAL: R [mulop -> T_LEFTSHIFT]
State 91, Symbol T_LEFT_PAREN: R [mulop -> T_LEFTSHIFT]
State 91, Symbol T_NOT: R [mulop -> T_LEFTSHIFT]
State 91, Symbol T_STRING_LITERAL: R [mulop -> T_LEFTSHIFT]
State 92, Symbol T_BITNOT: R [mulop -> T_MOD]
State 92, Symbol T_CHAR_LITERAL: R [mulop -> T_MOD]
State 92, Symbol T_DECREMENT: R [mulop -> T_MOD]
State 92, Symbol T_FLOAT_LITERAL: R [mulop -> T_MOD]
State 92, Symbol T_IDENTIFIER: R [mulop -> T_MOD]
State 92, Symbol T_INCREMENT: R [mulop -> T_MOD]
State 92, Symbol T_INTEGER_LITERAL: R [mulop -> T_MOD]
State 92, Symbol T_LEFT_PAREN: R [mulop -> T_MOD]
State 92, Symbol T_NOT: R [mulop -> T_MOD]
State 92, Symbol T_STRING_LITERAL: R [mulop -> T_MOD]
State 93, Symbol T_BITNOT: R [mulop -> T_MULTIPLY]
State 93, Symbol T_CHAR_LITERAL: R [mulop -> T_MULTIPLY]
State 93, Symbol T_DECREMENT: R [mulop -> T_MULTIPLY]
State 93, Symbol T_FLOAT_LITERAL: R [mulop -> T_MULTIPLY]
State 93, Symbol T_IDENTIFIER: R [mulop -> T_MULTIPLY]
State 93, Symbol T_INCREMENT: R [mulop -> T_MULTIPLY]
State 93, Symbol T_INTEGER_LITERAL: R [mulop -> T_MULTIPLY]
State 93, Symbol T_LEFT_PAREN: R [mulop -> T_MULTIPLY]
State 93, Symbol T_NOT: R [mulop -> T_MULTIPLY]
State 93, Symbol T_STRING_LITERAL: R [mulop -> T_MULTIPLY]
State 94, Symbol T_BITNOT: R [mulop -> T_RIGHTSHIFT]
State 94, Symbol T_CHAR_LITERAL: R [mulop -> T_RIGHTSHIFT]
State 94, Symbol T_DECREMENT: R [mulop -> T_RIGHTSHIFT]
State 94, Symbol T_FLOAT_LITERAL: R [mulop -> T_RIGHTSHIFT]
State 94, Symbol T_IDENTIFIER: R [mulop -> T_RIGHTSHIFT]
State 94, Symbol T_INCREMENT: R [mulop -> T_RIGHTSHIFT]
State 94, Symbol T_INTEGER_LITERAL: R [mulop -> T_RIGHTSHIFT]
State 94, Symbol T_LEFT_PAREN: R [mulop -> T_RIGHTSHIFT]
State 94, Symbol T_NOT: R [mulop -> T_RIGHTSHIFT]
State 94, Symbol T_STRING_LITERAL: R [mulop -> T_RIGHTSHIFT]
State 95, Symbol T_BITNOT: S 30
State 95, Symbol T_CHAR_LITERAL: S 31
State 95, Symbol T_DECREMENT: S 37
State 95, Symbol T_FLOAT_LITERAL: S 32
State 95, Symbol T_IDENTIFIER: S 57
State 95, Symbol T_INCREMENT: S 38
State 95, Symbol T_INTEGER_LITERAL: S 33
State 95, Symbol T_LEFT_PAREN: S 34
State 95, Symbol T_NOT: S 35
State 95, Symbol T_STRING_LITERAL: S 36
State 96, Symbol T_BITNOT: S 30
State 96, Symbol T_CHAR_LITERAL: S 31
State 96, Symbol T_DECREMENT: S 37
State 96, Symbol T_FLOAT_LITERAL: S 32
State 96, Symbol T_IDENTIFIER: S 29
State 96, Symbol T_INCREMENT: S 38
State 96, Symbol T_INTEGER_LITERAL: S 33
State 96, Symbol T_LEFT_PAREN: S 34
State 96, Symbol T_NOT: S 35
State 96, Symbol T_STRING_LITERAL: S 36
State 97, Symbol T_BITAND: R [inc_dec_operator -> T_DECREMENT]
State 97, Symbol T_BITOR: R [inc_dec_operator -> T_DECREMENT]
State 97, Symbol T_BITXOR: R [inc_dec_operator -> T_DECREMENT]
State 97, Symbol T_DIVIDE: R [inc_dec_operator -> T_DECREMENT]
State 97, Symbol T_EQUAL: R [inc_dec_operator -> T_DECREMENT]
State 97, Symbol T_GREATER: R [inc_dec_operator -> T_DECREMENT]
State 97, Symbol T_GREATEREQUAL: R [inc_dec_operator -> T_DECREMENT]
State 97, Symbol T_LEFTSHIFT: R [inc_dec_operator -> T_DECREMENT]
State 97, Symbol T_LESS: R [inc_dec_operator -> T_DECREMENT]
State 97, Symbol T_LESSEQUAL: R [inc_dec_operator -> T_DECREMENT]
State 97, Symbol T_MINUS: R [inc_dec_operator -> T_DECREMENT]
State 97, Symbol T_MOD: R [inc_dec_operator -> T_DECREMENT]
State 97, Symbol T_MULTIPLY: R [inc_dec_operator -> T_DECREMENT]
State 97, Symbol T_PLUS: R [inc_dec_operator -> T_DECREMENT]
State 97, Symbol T_RIGHTSHIFT: R [inc_dec_operator -> T_DECREMENT]
State 97, Symbol T_SEMICOLON: R [inc_dec_operator -> T_DECREMENT]
State 98, Symbol T_BITAND: R [inc_dec_operator -> T_INCREMENT]
State 98, Symbol T_BITOR: R [inc_dec_operator -> T_INCREMENT]
State 98, Symbol T_BITXOR: R [inc_dec_operator -> T_INCREMENT]
State 98, Symbol T_DIVIDE: R [inc_dec_operator -> T_INCREMENT]
State 98, Symbol T_EQUAL: R [inc_dec_operator -> T_INCREMENT]
State 98, Symbol T_GREATER: R [inc_dec_operator -> T_INCREMENT]
State 98, Symbol T_GREATEREQUAL: R [inc_dec_operator -> T_INCREMENT]
State 98, Symbol T_LEFTSHIFT: R [inc_dec_operator -> T_INCREMENT]
State 98, Symbol T_LESS: R [inc_dec_operator -> T_INCREMENT]
State 98, Symbol T_LESSEQUAL: R [inc_dec_operator -> T_INCREMENT]
State 98, Symbol T_MINUS: R [inc_dec_operator -> T_INCREMENT]
State 98, Symbol T_MOD: R [inc_dec_operator -> T_INCREMENT]
State 98, Symbol T_MULTIPLY: R [inc_dec_operator -> T_INCREMENT]
State 98, Symbol T_PLUS: R [inc_dec_operator -> T_INCREMENT]
State 98, Symbol T_RIGHTSHIFT: R [inc_dec_operator -> T_INCREMENT]
State 98, Symbol T_SEMICOLON: R [inc_dec_operator -> T_INCREMENT]
State 99, Symbol T_BITAND: R [postfix_expression -> varinc_dec_operator]
State 99, Symbol T_BITOR: R [postfix_expression -> varinc_dec_operator]
State 99, Symbol T_BITXOR: R [postfix_expression -> varinc_dec_operator]
State 99, Symbol T_DIVIDE: R [postfix_expression -> varinc_dec_operator]
State 99, Symbol T_EQUAL: R [postfix_expression -> varinc_dec_operator]
State 99, Symbol T_GREATER: R [postfix_expression -> varinc_dec_operator]
State 99, Symbol T_GREATEREQUAL: R [postfix_expression -> varinc_dec_operator]
State 99, Symbol T_LEFTSHIFT: R [postfix_expression -> varinc_dec_operator]
State 99, Symbol T_LESS: R [postfix_expression -> varinc_dec_operator]
State 99, Symbol T_LESSEQUAL: R [postfix_expression -> varinc_dec_operator]
State 99, Symbol T_MINUS: R [postfix_expression -> varinc_dec_operator]
State 99, Symbol T_MOD: R [postfix_expression -> varinc_dec_operator]
State 99, Symbol T_MULTIPLY: R [postfix_expression -> varinc_dec_operator]
State 99, Symbol T_PLUS: R [postfix_expression -> varinc_dec_operator]
State 99, Symbol T_RIGHTSHIFT: R [postfix_expression -> varinc_dec_operator]
State 99, Symbol T_SEMICOLON: R [postfix_expression -> varinc_dec_operator]
State 100, Symbol T_BITAND: R [var -> T_IDENTIFIER]
State 100, Symbol T_BITOR: R [var -> T_IDENTIFIER]
State 100, Symbol T_BITXOR: R [var -> T_IDENTIFIER]
State 100, Symbol T_DIVIDE: R [var -> T_IDENTIFIER]
State 100, Symbol T_EQUAL: R [var -> T_IDENTIFIER]
State 100, Symbol T_GREATER: R [var -> T_IDENTIFIER]
State 100, Symbol T_GREATEREQUAL: R [var -> T_IDENTIFIER]
State 100, Symbol T_LEFTSHIFT: R [var -> T_IDENTIFIER]
State 100, Symbol T_LEFT_SQUARE: S 160
State 100, Symbol T_LESS: R [var -> T_IDENTIFIER]
State 100, Symbol T_LESSEQUAL: R [var -> T_IDENTIFIER]
State 100, Symbol T_MINUS: R [var -> T_IDENTIFIER]
State 100, Symbol T_MOD: R [var -> T_IDENTIFIER]
State 100, Symbol T_MULTIPLY: R [var -> T_IDENTIFIER]
State 100, Symbol T_PLUS: R [var -> T_IDENTIFIER]
State 100, Symbol T_RIGHTSHIFT: R [var -> T_IDENTIFIER]
State 100, Symbol T_SEMICOLON: R [var -> T_IDENTIFIER]
State 101, Symbol T_BITAND: R [factor -> inc_dec_operatorvar]
State 101, Symbol T_BITOR: R [factor -> inc_dec_operatorvar]
State 101, Symbol T_BITXOR: R [factor -> inc_dec_operatorvar]
State 101, Symbol T_DIVIDE: R [factor -> inc_dec_operatorvar]
State 101, Symbol T_EQUAL: R [factor -> inc_dec_operatorvar]
State 101, Symbol T_GREATER: R [factor -> inc_dec_operatorvar]
State 101, Symbol T_GREATEREQUAL: R [factor -> inc_dec_operatorvar]
State 101, Symbol T_LEFTSHIFT: R [factor -> inc_dec_operatorvar]
State 101, Symbol T_LESS: R [factor -> inc_dec_operatorvar]
State 101, Symbol T_LESSEQUAL: R [factor -> inc_dec_operatorvar]
State 101, Symbol T_MINUS: R [factor -> inc_dec_operatorvar]
State 101, Symbol T_MOD: R [factor -> inc_dec_operatorvar]
State 101, Symbol T_MULTIPLY: R [factor -> inc_dec_operatorvar]
State 101, Symbol T_PLUS: R [factor -> inc_dec_operatorvar]
State 101, Symbol T_RIGHTSHIFT: R [factor -> inc_dec_operatorvar]
State 101, Symbol T_SEMICOLON: R [factor -> inc_dec_operatorvar]
State 102, Symbol T_SEMICOLON: S 199
State 103, Symbol T_BITNOT: S 30
State 103, Symbol T_CHAR: S 1
State 103, Symbol T_CHAR_LITERAL: S 31
State 103, Symbol T_DECREMENT: S 37
State 103, Symbol T_FLOAT: S 2
State 103, Symbol T_FLOAT_LITERAL: S 32
State 103, Symbol T_FOR: S 105
State 103, Symbol T_IDENTIFIER: S 29
State 103, Symbol T_IF: S 108
State 103, Symbol T_INCREMENT: S 38
State 103, Symbol T_INT: S 3
State 103, Symbol T_INTEGER_LITERAL: S 33
State 103, Symbol T_LEFT_BRACE: S 103
State 103, Symbol T_LEFT_PAREN: S 34
State 103, Symbol T_NOT: S 35
State 103, Symbol T_RETURN: S 107
State 103, Symbol T_RIGHT_BRACE: S 200
State 103, Symbol T_STRING_LITERAL: S 36
State 103, Symbol T_VOID: S 4
State 103, Symbol T_WHILE: S 106
State 104, Symbol T_CHAR: R [compound_stmt -> T_LEFT_BRACET_RIGHT_BRACE]
State 104, Symbol T_EOF: R [compound_stmt -> T_LEFT_BRACET_RIGHT_BRACE]
State 104, Symbol T_FLOAT: R [compound_stmt -> T_LEFT_BRACET_RIGHT_BRACE]
State 104, Symbol T_INT: R [compound_stmt -> T_LEFT_BRACET_RIGHT_BRACE]
State 104, Symbol T_VOID: R [compound_stmt -> T_LEFT_BRACET_RIGHT_BRACE]
State 105, Symbol T_LEFT_PAREN: S 202
State 106, Symbol T_LEFT_PAREN: S 203
State 107, Symbol T_BITNOT: S 30
State 107, Symbol T_CHAR_LITERAL: S 31
State 107, Symbol T_DECREMENT: S 37
State 107, Symbol T_FLOAT_LITERAL: S 32
State 107, Symbol T_IDENTIFIER: S 29
State 107, Symbol T_INCREMENT: S 38
State 107, Symbol T_INTEGER_LITERAL: S 33
State 107, Symbol T_LEFT_PAREN: S 34
State 107, Symbol T_NOT: S 35
State 107, Symbol T_SEMICOLON: S 204
State 107, Symbol T_STRING_LITERAL: S 36
State 108, Symbol T_LEFT_PAREN: S 206
State 109, Symbol T_RIGHT_BRACE: R [block_items -> statement_list]
State 110, Symbol T_RIGHT_BRACE: S 207
State 111, Symbol T_SEMICOLON: S 208
State 112, Symbol T_BITNOT: R [statement -> compound_stmt]
State 112, Symbol T_CHAR: R [statement -> compound_stmt]
State 112, Symbol T_CHAR_LITERAL: R [statement -> compound_stmt]
State 112, Symbol T_DECREMENT: R [statement -> compound_stmt]
State 112, Symbol T_FLOAT: R [statement -> compound_stmt]
State 112, Symbol T_FLOAT_LITERAL: R [statement -> compound_stmt]
State 112, Symbol T_FOR: R [statement -> compound_stmt]
State 112, Symbol T_IDENTIFIER: R [statement -> compound_stmt]
State 112, Symbol T_IF: R [statement -> compound_stmt]
State 112, Symbol T_INCREMENT: R [statement -> compound_stmt]
State 112, Symbol T_INT: R [statement -> compound_stmt]
State 112, Symbol T_INTEGER_LITERAL: R [statement -> compound_stmt]
State 112, Symbol T_LEFT_BRACE: R [statement -> compound_stmt]
State 112, Symbol T_LEFT_PAREN: R [statement -> compound_stmt]
State 112, Symbol T_NOT: R [statement -> compound_stmt]
State 112, Symbol T_RETURN: R [statement -> compound_stmt]
State 112, Symbol T_RIGHT_BRACE: R [statement -> compound_stmt]
State 112, Symbol T_STRING_LITERAL: R [statement -> compound_stmt]
State 112, Symbol T_VOID: R [statement -> compound_stmt]
State 112, Symbol T_WHILE: R [statement -> compound_stmt]
State 113, Symbol T_BITNOT: R [statement -> expression_stmt]
State 113, Symbol T_CHAR: R [statement -> expression_stmt]
State 113, Symbol T_CHAR_LITERAL: R [statement -> expression_stmt]
State 113, Symbol T_DECREMENT: R [statement -> expression_stmt]
State 113, Symbol T_FLOAT: R [statement -> expression_stmt]
State 113, Symbol T_FLOAT_LITERAL: R [statement -> expression_stmt]
State 113, Symbol T_FOR: R [statement -> expression_stmt]
State 113, Symbol T_IDENTIFIER: R [statement -> expression_stmt]
State 113, Symbol T_IF: R [statement -> expression_stmt]
State 113, Symbol T_INCREMENT: R [statement -> expression_stmt]
State 113, Symbol T_INT: R [statement -> expression_stmt]
State 113, Symbol T_INTEGER_LITERAL: R [statement -> expression_stmt]
State 113, Symbol T_LEFT_BRACE: R [statement -> expression_stmt]
State 113, Symbol T_LEFT_PAREN: R [statement -> expression_stmt]
State 113, Symbol T_NOT: R [statement -> expression_stmt]
State 113, Symbol T_RETURN: R [statement -> expression_stmt]
State 113, Symbol T_RIGHT_BRACE: R [statement -> expression_stmt]
State 113, Symbol T_STRING_LITERAL: R [statement -> expression_stmt]
State 113, Symbol T_VOID: R [statement -> expression_stmt]
State 113, Symbol T_WHILE: R [statement -> expression_stmt]
State 114, Symbol T_BITNOT: R [statement -> iteration_stmt]
State 114, Symbol T_CHAR: R [statement -> iteration_stmt]
State 114, Symbol T_CHAR_LITERAL: R [statement -> iteration_stmt]
State 114, Symbol T_DECREMENT: R [statement -> iteration_stmt]
State 114, Symbol T_FLOAT: R [statement -> iteration_stmt]
State 114, Symbol T_FLOAT_LITERAL: R [statement -> iteration_stmt]
State 114, Symbol T_FOR: R [statement -> iteration_stmt]
State 114, Symbol T_IDENTIFIER: R [statement -> iteration_stmt]
State 114, Symbol T_IF: R [statement -> iteration_stmt]
State 114, Symbol T_INCREMENT: R [statement -> iteration_stmt]
State 114, Symbol T_INT: R [statement -> iteration_stmt]
State 114, Symbol T_INTEGER_LITERAL: R [statement -> iteration_stmt]
State 114, Symbol T_LEFT_BRACE: R [statement -> iteration_stmt]
State 114, Symbol T_LEFT_PAREN: R [statement -> iteration_stmt]
State 114, Symbol T_NOT: R [statement -> iteration_stmt]
State 114, Symbol T_RETURN: R [statement -> iteration_stmt]
State 114, Symbol T_RIGHT_BRACE: R [statement -> iteration_stmt]
State 114, Symbol T_STRING_LITERAL: R [statement -> iteration_stmt]
State 114, Symbol T_VOID: R [statement -> iteration_stmt]
State 114, Symbol T_WHILE: R [statement -> iteration_stmt]
State 115, Symbol T_BITNOT: R [statement -> return_stmt]
State 115, Symbol T_CHAR: R [statement -> return_stmt]
State 115, Symbol T_CHAR_LITERAL: R [statement -> return_stmt]
State 115, Symbol T_DECREMENT: R [statement -> return_stmt]
State 115, Symbol T_FLOAT: R [statement -> return_stmt]
State 115, Symbol T_FLOAT_LITERAL: R [statement -> return_stmt]
State 115, Symbol T_FOR: R [statement -> return_stmt]
State 115, Symbol T_IDENTIFIER: R [statement -> return_stmt]
State 115, Symbol T_IF: R [statement -> return_stmt]
State 115, Symbol T_INCREMENT: R [statement -> return_stmt]
State 115, Symbol T_INT: R [statement -> return_stmt]
State 115, Symbol T_INTEGER_LITERAL: R [statement -> return_stmt]
State 115, Symbol T_LEFT_BRACE: R [statement -> return_stmt]
State 115, Symbol T_LEFT_PAREN: R [statement -> return_stmt]
State 115, Symbol T_NOT: R [statement -> return_stmt]
State 115, Symbol T_RETURN: R [statement -> return_stmt]
State 115, Symbol T_RIGHT_BRACE: R [statement -> return_stmt]
State 115, Symbol T_STRING_LITERAL: R [statement -> return_stmt]
State 115, Symbol T_VOID: R [statement -> return_stmt]
State 115, Symbol T_WHILE: R [statement -> return_stmt]
State 116, Symbol T_BITNOT: R [statement -> selection_stmt]
State 116, Symbol T_CHAR: R [statement -> selection_stmt]
State 116, Symbol T_CHAR_LITERAL: R [statement -> selection_stmt]
State 116, Symbol T_DECREMENT: R [statement -> selection_stmt]
State 116, Symbol T_FLOAT: R [statement -> selection_stmt]
State 116, Symbol T_FLOAT_LITERAL: R [statement -> selection_stmt]
State 116, Symbol T_FOR: R [statement -> selection_stmt]
State 116, Symbol T_IDENTIFIER: R [statement -> selection_stmt]
State 116, Symbol T_IF: R [statement -> selection_stmt]
State 116, Symbol T_INCREMENT: R [statement -> selection_stmt]
State 116, Symbol T_INT: R [statement -> selection_stmt]
State 116, Symbol T_INTEGER_LITERAL: R [statement -> selection_stmt]
State 116, Symbol T_LEFT_BRACE: R [statement -> selection_stmt]
State 116, Symbol T_LEFT_PAREN: R [statement -> selection_stmt]
State 116, Symbol T_NOT: R [statement -> selection_stmt]
State 116, Symbol T_RETURN: R [statement -> selection_stmt]
State 116, Symbol T_RIGHT_BRACE: R [statement -> selection_stmt]
State 116, Symbol T_STRING_LITERAL: R [statement -> selection_stmt]
State 116, Symbol T_VOID: R [statement -> selection_stmt]
State 116, Symbol T_WHILE: R [statement -> selection_stmt]
State 117, Symbol T_BITNOT: R [statement -> var_declaration]
State 117, Symbol T_CHAR: R [statement -> var_declaration]
State 117, Symbol T_CHAR_LITERAL: R [statement -> var_declaration]
State 117, Symbol T_DECREMENT: R [statement -> var_declaration]
State 117, Symbol T_FLOAT: R [statement -> var_declaration]
State 117, Symbol T_FLOAT_LITERAL: R [statement -> var_declaration]
State 117, Symbol T_FOR: R [statement -> var_declaration]
State 117, Symbol T_IDENTIFIER: R [statement -> var_declaration]
State 117, Symbol T_IF: R [statement -> var_declaration]
State 117, Symbol T_INCREMENT: R [statement -> var_declaration]
State 117, Symbol T_INT: R [statement -> var_declaration]
State 117, Symbol T_INTEGER_LITERAL: R [statement -> var_declaration]
State 117, Symbol T_LEFT_BRACE: R [statement -> var_declaration]
State 117, Symbol T_LEFT_PAREN: R [statement -> var_declaration]
State 117, Symbol T_NOT: R [statement -> var_declaration]
State 117, Symbol T_RETURN: R [statement -> var_declaration]
State 117, Symbol T_RIGHT_BRACE: R [statement -> var_declaration]
State 117, Symbol T_STRING_LITERAL: R [statement -> var_declaration]
State 117, Symbol T_VOID: R [statement -> var_declaration]
State 117, Symbol T_WHILE: R [statement -> var_declaration]
State 118, Symbol T_BITNOT: S 30
State 118, Symbol T_CHAR: S 1
State 118, Symbol T_CHAR_LITERAL: S 31
State 118, Symbol T_DECREMENT: S 37
State 118, Symbol T_FLOAT: S 2
State 118, Symbol T_FLOAT_LITERAL: S 32
State 118, Symbol T_FOR: S 105
State 118, Symbol T_IDENTIFIER: S 29
State 118, Symbol T_IF: S 108
State 118, Symbol T_INCREMENT: S 38
State 118, Symbol T_INT: S 3
State 118, Symbol T_INTEGER_LITERAL: S 33
State 118, Symbol T_LEFT_BRACE: S 103
State 118, Symbol T_LEFT_PAREN: S 34
State 118, Symbol T_NOT: S 35
State 118, Symbol T_RETURN: S 107
State 118, Symbol T_RIGHT_BRACE: R [statement_list -> statement]
State 118, Symbol T_STRING_LITERAL: S 36
State 118, Symbol T_VOID: S 4
State 118, Symbol T_WHILE: S 106
State 119, Symbol T_IDENTIFIER: S 210
State 120, Symbol T_CHAR: R [fun_declaration -> type_specifierT_IDENTIFIERT_LEFT_PARENparamsT_RIGHT_PARENcompound_stmt]
State 120, Symbol T_EOF: R [fun_declaration -> type_specifierT_IDENTIFIERT_LEFT_PARENparamsT_RIGHT_PARENcompound_stmt]
State 120, Symbol T_FLOAT: R [fun_declaration -> type_specifierT_IDENTIFIERT_LEFT_PARENparamsT_RIGHT_PARENcompound_stmt]
State 120, Symbol T_INT: R [fun_declaration -> type_specifierT_IDENTIFIERT_LEFT_PARENparamsT_RIGHT_PARENcompound_stmt]
State 120, Symbol T_VOID: R [fun_declaration -> type_specifierT_IDENTIFIERT_LEFT_PARENparamsT_RIGHT_PARENcompound_stmt]
State 121, Symbol T_RIGHT_SQUARE: S 211
State 122, Symbol T_COMMA: R [param_list -> param_listT_COMMAparam]
State 122, Symbol T_RIGHT_PAREN: R [param_list -> param_listT_COMMAparam]
State 123, Symbol T_ASSIGN: R [var -> T_IDENTIFIER]
State 123, Symbol T_BITAND: R [var -> T_IDENTIFIER]
State 123, Symbol T_BITOR: R [var -> T_IDENTIFIER]
State 123, Symbol T_BITXOR: R [var -> T_IDENTIFIER]
State 123, Symbol T_COMMA: R [var -> T_IDENTIFIER]
State 123, Symbol T_DECREMENT: R [var -> T_IDENTIFIER]
State 123, Symbol T_DIVIDE: R [var -> T_IDENTIFIER]
State 123, Symbol T_EQUAL: R [var -> T_IDENTIFIER]
State 123, Symbol T_GREATER: R [var -> T_IDENTIFIER]
State 123, Symbol T_GREATEREQUAL: R [var -> T_IDENTIFIER]
State 123, Symbol T_INCREMENT: R [var -> T_IDENTIFIER]
State 123, Symbol T_LEFTSHIFT: R [var -> T_IDENTIFIER]
State 123, Symbol T_LEFT_PAREN: S 212
State 123, Symbol T_LEFT_SQUARE: S 213
State 123, Symbol T_LESS: R [var -> T_IDENTIFIER]
State 123, Symbol T_LESSEQUAL: R [var -> T_IDENTIFIER]
State 123, Symbol T_MINUS: R [var -> T_IDENTIFIER]
State 123, Symbol T_MOD: R [var -> T_IDENTIFIER]
State 123, Symbol T_MULTIPLY: R [var -> T_IDENTIFIER]
State 123, Symbol T_PLUS: R [var -> T_IDENTIFIER]
State 123, Symbol T_RIGHTSHIFT: R [var -> T_IDENTIFIER]
State 123, Symbol T_RIGHT_PAREN: R [var -> T_IDENTIFIER]
State 124, Symbol T_BITAND: R [call -> T_IDENTIFIERT_LEFT_PARENT_RIGHT_PAREN]
State 124, Symbol T_BITOR: R [call -> T_IDENTIFIERT_LEFT_PARENT_RIGHT_PAREN]
State 124, Symbol T_BITXOR: R [call -> T_IDENTIFIERT_LEFT_PARENT_RIGHT_PAREN]
State 124, Symbol T_DIVIDE: R [call -> T_IDENTIFIERT_LEFT_PARENT_RIGHT_PAREN]
State 124, Symbol T_EQUAL: R [call -> T_IDENTIFIERT_LEFT_PARENT_RIGHT_PAREN]
State 124, Symbol T_GREATER: R [call -> T_IDENTIFIERT_LEFT_PARENT_RIGHT_PAREN]
State 124, Symbol T_GREATEREQUAL: R [call -> T_IDENTIFIERT_LEFT_PARENT_RIGHT_PAREN]
State 124, Symbol T_LEFTSHIFT: R [call -> T_IDENTIFIERT_LEFT_PARENT_RIGHT_PAREN]
State 124, Symbol T_LESS: R [call -> T_IDENTIFIERT_LEFT_PARENT_RIGHT_PAREN]
State 124, Symbol T_LESSEQUAL: R [call -> T_IDENTIFIERT_LEFT_PARENT_RIGHT_PAREN]
State 124, Symbol T_MINUS: R [call -> T_IDENTIFIERT_LEFT_PARENT_RIGHT_PAREN]
State 124, Symbol T_MOD: R [call -> T_IDENTIFIERT_LEFT_PARENT_RIGHT_PAREN]
State 124, Symbol T_MULTIPLY: R [call -> T_IDENTIFIERT_LEFT_PARENT_RIGHT_PAREN]
State 124, Symbol T_PLUS: R [call -> T_IDENTIFIERT_LEFT_PARENT_RIGHT_PAREN]
State 124, Symbol T_RIGHTSHIFT: R [call -> T_IDENTIFIERT_LEFT_PARENT_RIGHT_PAREN]
State 124, Symbol T_SEMICOLON: R [call -> T_IDENTIFIERT_LEFT_PARENT_RIGHT_PAREN]
State 125, Symbol T_BITNOT: S 125
State 125, Symbol T_CHAR_LITERAL: S 126
State 125, Symbol T_DECREMENT: S 37
State 125, Symbol T_FLOAT_LITERAL: S 127
State 125, Symbol T_IDENTIFIER: S 214
State 125, Symbol T_INCREMENT: S 38
State 125, Symbol T_INTEGER_LITERAL: S 128
State 125, Symbol T_LEFT_PAREN: S 129
State 125, Symbol T_NOT: S 130
State 125, Symbol T_STRING_LITERAL: S 131
State 126, Symbol T_BITAND: R [factor -> T_CHAR_LITERAL]
State 126, Symbol T_BITOR: R [factor -> T_CHAR_LITERAL]
State 126, Symbol T_BITXOR: R [factor -> T_CHAR_LITERAL]
State 126, Symbol T_COMMA: R [factor -> T_CHAR_LITERAL]
State 126, Symbol T_DIVIDE: R [factor -> T_CHAR_LITERAL]
State 126, Symbol T_EQUAL: R [factor -> T_CHAR_LITERAL]
State 126, Symbol T_GREATER: R [factor -> T_CHAR_LITERAL]
State 126, Symbol T_GREATEREQUAL: R [factor -> T_CHAR_LITERAL]
State 126, Symbol T_LEFTSHIFT: R [factor -> T_CHAR_LITERAL]
State 126, Symbol T_LESS: R [factor -> T_CHAR_LITERAL]
State 126, Symbol T_LESSEQUAL: R [factor -> T_CHAR_LITERAL]
State 126, Symbol T_MINUS: R [factor -> T_CHAR_LITERAL]
State 126, Symbol T_MOD: R [factor -> T_CHAR_LITERAL]
State 126, Symbol T_MULTIPLY: R [factor -> T_CHAR_LITERAL]
State 126, Symbol T_PLUS: R [factor -> T_CHAR_LITERAL]
State 126, Symbol T_RIGHTSHIFT: R [factor -> T_CHAR_LITERAL]
State 126, Symbol T_RIGHT_PAREN: R [factor -> T_CHAR_LITERAL]
State 127, Symbol T_BITAND: R [factor -> T_FLOAT_LITERAL]
State 127, Symbol T_BITOR: R [factor -> T_FLOAT_LITERAL]
State 127, Symbol T_BITXOR: R [factor -> T_FLOAT_LITERAL]
State 127, Symbol T_COMMA: R [factor -> T_FLOAT_LITERAL]
State 127, Symbol T_DIVIDE: R [factor -> T_FLOAT_LITERAL]
State 127, Symbol T_EQUAL: R [factor -> T_FLOAT_LITERAL]
State 127, Symbol T_GREATER: R [factor -> T_FLOAT_LITERAL]
State 127, Symbol T_GREATEREQUAL: R [factor -> T_FLOAT_LITERAL]
State 127, Symbol T_LEFTSHIFT: R [factor -> T_FLOAT_LITERAL]
State 127, Symbol T_LESS: R [factor -> T_FLOAT_LITERAL]
State 127, Symbol T_LESSEQUAL: R [factor -> T_FLOAT_LITERAL]
State 127, Symbol T_MINUS: R [factor -> T_FLOAT_LITERAL]
State 127, Symbol T_MOD: R [factor -> T_FLOAT_LITERAL]
State 127, Symbol T_MULTIPLY: R [factor -> T_FLOAT_LITERAL]
State 127, Symbol T_PLUS: R [factor -> T_FLOAT_LITERAL]
State 127, Symbol T_RIGHTSHIFT: R [factor -> T_FLOAT_LITERAL]
State 127, Symbol T_RIGHT_PAREN: R [factor -> T_FLOAT_LITERAL]
State 128, Symbol T_BITAND: R [factor -> T_INTEGER_LITERAL]
State 128, Symbol T_BITOR: R [factor -> T_INTEGER_LITERAL]
State 128, Symbol T_BITXOR: R [factor -> T_INTEGER_LITERAL]
State 128, Symbol T_COMMA: R [factor -> T_INTEGER_LITERAL]
State 128, Symbol T_DIVIDE: R [factor -> T_INTEGER_LITERAL]
State 128, Symbol T_EQUAL: R [factor -> T_INTEGER_LITERAL]
State 128, Symbol T_GREATER: R [factor -> T_INTEGER_LITERAL]
State 128, Symbol T_GREATEREQUAL: R [factor -> T_INTEGER_LITERAL]
State 128, Symbol T_LEFTSHIFT: R [factor -> T_INTEGER_LITERAL]
State 128, Symbol T_LESS: R [factor -> T_INTEGER_LITERAL]
State 128, Symbol T_LESSEQUAL: R [factor -> T_INTEGER_LITERAL]
State 128, Symbol T_MINUS: R [factor -> T_INTEGER_LITERAL]
State 128, Symbol T_MOD: R [factor -> T_INTEGER_LITERAL]
State 128, Symbol T_MULTIPLY: R [factor -> T_INTEGER_LITERAL]
State 128, Symbol T_PLUS: R [factor -> T_INTEGER_LITERAL]
State 128, Symbol T_RIGHTSHIFT: R [factor -> T_INTEGER_LITERAL]
State 128, Symbol T_RIGHT_PAREN: R [factor -> T_INTEGER_LITERAL]
State 129, Symbol T_BITNOT: S 61
State 129, Symbol T_CHAR_LITERAL: S 62
State 129, Symbol T_DECREMENT: S 37
State 129, Symbol T_FLOAT_LITERAL: S 63
State 129, Symbol T_IDENTIFIER: S 60
State 129, Symbol T_INCREMENT: S 38
State 129, Symbol T_INTEGER_LITERAL: S 64
State 129, Symbol T_LEFT_PAREN: S 65
State 129, Symbol T_NOT: S 66
State 129, Symbol T_STRING_LITERAL: S 67
State 130, Symbol T_BITNOT: S 125
State 130, Symbol T_CHAR_LITERAL: S 126
State 130, Symbol T_DECREMENT: S 37
State 130, Symbol T_FLOAT_LITERAL: S 127
State 130, Symbol T_IDENTIFIER: S 214
State 130, Symbol T_INCREMENT: S 38
State 130, Symbol T_INTEGER_LITERAL: S 128
State 130, Symbol T_LEFT_PAREN: S 129
State 130, Symbol T_NOT: S 130
State 130, Symbol T_STRING_LITERAL: S 131
State 131, Symbol T_BITAND: R [factor -> T_STRING_LITERAL]
State 131, Symbol T_BITOR: R [factor -> T_STRING_LITERAL]
State 131, Symbol T_BITXOR: R [factor -> T_STRING_LITERAL]
State 131, Symbol T_COMMA: R [factor -> T_STRING_LITERAL]
State 131, Symbol T_DIVIDE: R [factor -> T_STRING_LITERAL]
State 131, Symbol T_EQUAL: R [factor -> T_STRING_LITERAL]
State 131, Symbol T_GREATER: R [factor -> T_STRING_LITERAL]
State 131, Symbol T_GREATEREQUAL: R [factor -> T_STRING_LITERAL]
State 131, Symbol T_LEFTSHIFT: R [factor -> T_STRING_LITERAL]
State 131, Symbol T_LESS: R [factor -> T_STRING_LITERAL]
State 131, Symbol T_LESSEQUAL: R [factor -> T_STRING_LITERAL]
State 131, Symbol T_MINUS: R [factor -> T_STRING_LITERAL]
State 131, Symbol T_MOD: R [factor -> T_STRING_LITERAL]
State 131, Symbol T_MULTIPLY: R [factor -> T_STRING_LITERAL]
State 131, Symbol T_PLUS: R [factor -> T_STRING_LITERAL]
State 131, Symbol T_RIGHTSHIFT: R [factor -> T_STRING_LITERAL]
State 131, Symbol T_RIGHT_PAREN: R [factor -> T_STRING_LITERAL]
State 132, Symbol T_COMMA: R [simple_expression -> additive_expression]
State 132, Symbol T_EQUAL: S 80
State 132, Symbol T_GREATER: S 81
State 132, Symbol T_GREATEREQUAL: S 82
State 132, Symbol T_LESS: S 83
State 132, Symbol T_LESSEQUAL: S 84
State 132, Symbol T_MINUS: S 78
State 132, Symbol T_PLUS: S 79
State 132, Symbol T_RIGHT_PAREN: R [simple_expression -> additive_expression]
State 133, Symbol T_BITAND: S 87
State 133, Symbol T_BITOR: S 88
State 133, Symbol T_BITXOR: S 89
State 133, Symbol T_COMMA: R [additive_expression -> term]
State 133, Symbol T_DIVIDE: S 90
State 133, Symbol T_EQUAL: R [additive_expression -> term]
State 133, Symbol T_GREATER: R [additive_expression -> term]
State 133, Symbol T_GREATEREQUAL: R [additive_expression -> term]
State 133, Symbol T_LEFTSHIFT: S 91
State 133, Symbol T_LESS: R [additive_expression -> term]
State 133, Symbol T_LESSEQUAL: R [additive_expression -> term]
State 133, Symbol T_MINUS: R [additive_expression -> term]
State 133, Symbol T_MOD: S 92
State 133, Symbol T_MULTIPLY: S 93
State 133, Symbol T_PLUS: R [additive_expression -> term]
State 133, Symbol T_RIGHTSHIFT: S 94
State 133, Symbol T_RIGHT_PAREN: R [additive_expression -> term]
State 134, Symbol T_COMMA: S 222
State 134, Symbol T_RIGHT_PAREN: R [args -> arg_list]
State 135, Symbol T_COMMA: R [arg_list -> expression]
State 135, Symbol T_RIGHT_PAREN: R [arg_list -> expression]
State 136, Symbol T_RIGHT_PAREN: S 223
State 137, Symbol T_BITAND: R [term -> postfix_expression]
State 137, Symbol T_BITOR: R [term -> postfix_expression]
State 137, Symbol T_BITXOR: R [term -> postfix_expression]
State 137, Symbol T_COMMA: R [term -> postfix_expression]
State 137, Symbol T_DIVIDE: R [term -> postfix_expression]
State 137, Symbol T_EQUAL: R [term -> postfix_expression]
State 137, Symbol T_GREATER: R [term -> postfix_expression]
State 137, Symbol T_GREATEREQUAL: R [term -> postfix_expression]
State 137, Symbol T_LEFTSHIFT: R [term -> postfix_expression]
State 137, Symbol T_LESS: R [term -> postfix_expression]
State 137, Symbol T_LESSEQUAL: R [term -> postfix_expression]
State 137, Symbol T_MINUS: R [term -> postfix_expression]
State 137, Symbol T_MOD: R [term -> postfix_expression]
State 137, Symbol T_MULTIPLY: R [term -> postfix_expression]
State 137, Symbol T_PLUS: R [term -> postfix_expression]
State 137, Symbol T_RIGHTSHIFT: R [term -> postfix_expression]
State 137, Symbol T_RIGHT_PAREN: R [term -> postfix_expression]
State 138, Symbol T_COMMA: R [expression -> simple_expression]
State 138, Symbol T_RIGHT_PAREN: R [expression -> simple_expression]
State 139, Symbol T_ASSIGN: S 224
State 139, Symbol T_BITAND: R [factor -> var]
State 139, Symbol T_BITOR: R [factor -> var]
State 139, Symbol T_BITXOR: R [factor -> var]
State 139, Symbol T_COMMA: R [factor -> var]
State 139, Symbol T_DECREMENT: S 225
State 139, Symbol T_DIVIDE: R [factor -> var]
State 139, Symbol T_EQUAL: R [factor -> var]
State 139, Symbol T_GREATER: R [factor -> var]
State 139, Symbol T_GREATEREQUAL: R [factor -> var]
State 139, Symbol T_INCREMENT: S 226
State 139, Symbol T_LEFTSHIFT: R [factor -> var]
State 139, Symbol T_LESS: R [factor -> var]
State 139, Symbol T_LESSEQUAL: R [factor -> var]
State 139, Symbol T_MINUS: R [factor -> var]
State 139, Symbol T_MOD: R [factor -> var]
State 139, Symbol T_MULTIPLY: R [factor -> var]
State 139, Symbol T_PLUS: R [factor -> var]
State 139, Symbol T_RIGHTSHIFT: R [factor -> var]
State 139, Symbol T_RIGHT_PAREN: R [factor -> var]
State 140, Symbol T_BITAND: R [factor -> call]
State 140, Symbol T_BITOR: R [factor -> call]
State 140, Symbol T_BITXOR: R [factor -> call]
State 140, Symbol T_COMMA: R [factor -> call]
State 140, Symbol T_DIVIDE: R [factor -> call]
State 140, Symbol T_EQUAL: R [factor -> call]
State 140, Symbol T_GREATER: R [factor -> call]
State 140, Symbol T_GREATEREQUAL: R [factor -> call]
State 140, Symbol T_LEFTSHIFT: R [factor -> call]
State 140, Symbol T_LESS: R [factor -> call]
State 140, Symbol T_LESSEQUAL: R [factor -> call]
State 140, Symbol T_MINUS: R [factor -> call]
State 140, Symbol T_MOD: R [factor -> call]
State 140, Symbol T_MULTIPLY: R [factor -> call]
State 140, Symbol T_PLUS: R [factor -> call]
State 140, Symbol T_RIGHTSHIFT: R [factor -> call]
State 140, Symbol T_RIGHT_PAREN: R [factor -> call]
State 141, Symbol T_IDENTIFIER: S 228
State 142, Symbol T_BITAND: R [term -> factor]
State 142, Symbol T_BITOR: R [term -> factor]
State 142, Symbol T_BITXOR: R [term -> factor]
State 142, Symbol T_COMMA: R [term -> factor]
State 142, Symbol T_DIVIDE: R [term -> factor]
State 142, Symbol T_EQUAL: R [term -> factor]
State 142, Symbol T_GREATER: R [term -> factor]
State 142, Symbol T_GREATEREQUAL: R [term -> factor]
State 142, Symbol T_LEFTSHIFT: R [term -> factor]
State 142, Symbol T_LESS: R [term -> factor]
State 142, Symbol T_LESSEQUAL: R [term -> factor]
State 142, Symbol T_MINUS: R [term -> factor]
State 142, Symbol T_MOD: R [term -> factor]
State 142, Symbol T_MULTIPLY: R [term -> factor]
State 142, Symbol T_PLUS: R [term -> factor]
State 142, Symbol T_RIGHTSHIFT: R [term -> factor]
State 142, Symbol T_RIGHT_PAREN: R [term -> factor]
State 143, Symbol T_ASSIGN: R [var -> T_IDENTIFIER]
State 143, Symbol T_BITAND: R [var -> T_IDENTIFIER]
State 143, Symbol T_BITOR: R [var -> T_IDENTIFIER]
State 143, Symbol T_BITXOR: R [var -> T_IDENTIFIER]
State 143, Symbol T_DECREMENT: R [var -> T_IDENTIFIER]
State 143, Symbol T_DIVIDE: R [var -> T_IDENTIFIER]
State 143, Symbol T_EQUAL: R [var -> T_IDENTIFIER]
State 143, Symbol T_GREATER: R [var -> T_IDENTIFIER]
State 143, Symbol T_GREATEREQUAL: R [var -> T_IDENTIFIER]
State 143, Symbol T_INCREMENT: R [var -> T_IDENTIFIER]
State 143, Symbol T_LEFTSHIFT: R [var -> T_IDENTIFIER]
State 143, Symbol T_LEFT_PAREN: S 230
State 143, Symbol T_LEFT_SQUARE: S 231
State 143, Symbol T_LESS: R [var -> T_IDENTIFIER]
State 143, Symbol T_LESSEQUAL: R [var -> T_IDENTIFIER]
State 143, Symbol T_MINUS: R [var -> T_IDENTIFIER]
State 143, Symbol T_MOD: R [var -> T_IDENTIFIER]
State 143, Symbol T_MULTIPLY: R [var -> T_IDENTIFIER]
State 143, Symbol T_PLUS: R [var -> T_IDENTIFIER]
State 143, Symbol T_RIGHTSHIFT: R [var -> T_IDENTIFIER]
State 143, Symbol T_RIGHT_SQUARE: R [var -> T_IDENTIFIER]
State 144, Symbol T_BITNOT: S 144
State 144, Symbol T_CHAR_LITERAL: S 145
State 144, Symbol T_DECREMENT: S 37
State 144, Symbol T_FLOAT_LITERAL: S 146
State 144, Symbol T_IDENTIFIER: S 232
State 144, Symbol T_INCREMENT: S 38
State 144, Symbol T_INTEGER_LITERAL: S 147
State 144, Symbol T_LEFT_PAREN: S 148
State 144, Symbol T_NOT: S 149
State 144, Symbol T_STRING_LITERAL: S 150
State 145, Symbol T_BITAND: R [factor -> T_CHAR_LITERAL]
State 145, Symbol T_BITOR: R [factor -> T_CHAR_LITERAL]
State 145, Symbol T_BITXOR: R [factor -> T_CHAR_LITERAL]
State 145, Symbol T_DIVIDE: R [factor -> T_CHAR_LITERAL]
State 145, Symbol T_EQUAL: R [factor -> T_CHAR_LITERAL]
State 145, Symbol T_GREATER: R [factor -> T_CHAR_LITERAL]
State 145, Symbol T_GREATEREQUAL: R [factor -> T_CHAR_LITERAL]
State 145, Symbol T_LEFTSHIFT: R [factor -> T_CHAR_LITERAL]
State 145, Symbol T_LESS: R [factor -> T_CHAR_LITERAL]
State 145, Symbol T_LESSEQUAL: R [factor -> T_CHAR_LITERAL]
State 145, Symbol T_MINUS: R [factor -> T_CHAR_LITERAL]
State 145, Symbol T_MOD: R [factor -> T_CHAR_LITERAL]
State 145, Symbol T_MULTIPLY: R [factor -> T_CHAR_LITERAL]
State 145, Symbol T_PLUS: R [factor -> T_CHAR_LITERAL]
State 145, Symbol T_RIGHTSHIFT: R [factor -> T_CHAR_LITERAL]
State 145, Symbol T_RIGHT_SQUARE: R [factor -> T_CHAR_LITERAL]
State 146, Symbol T_BITAND: R [factor -> T_FLOAT_LITERAL]
State 146, Symbol T_BITOR: R [factor -> T_FLOAT_LITERAL]
State 146, Symbol T_BITXOR: R [factor -> T_FLOAT_LITERAL]
State 146, Symbol T_DIVIDE: R [factor -> T_FLOAT_LITERAL]
State 146, Symbol T_EQUAL: R [factor -> T_FLOAT_LITERAL]
State 146, Symbol T_GREATER: R [factor -> T_FLOAT_LITERAL]
State 146, Symbol T_GREATEREQUAL: R [factor -> T_FLOAT_LITERAL]
State 146, Symbol T_LEFTSHIFT: R [factor -> T_FLOAT_LITERAL]
State 146, Symbol T_LESS: R [factor -> T_FLOAT_LITERAL]
State 146, Symbol T_LESSEQUAL: R [factor -> T_FLOAT_LITERAL]
State 146, Symbol T_MINUS: R [factor -> T_FLOAT_LITERAL]
State 146, Symbol T_MOD: R [factor -> T_FLOAT_LITERAL]
State 146, Symbol T_MULTIPLY: R [factor -> T_FLOAT_LITERAL]
State 146, Symbol T_PLUS: R [factor -> T_FLOAT_LITERAL]
State 146, Symbol T_RIGHTSHIFT: R [factor -> T_FLOAT_LITERAL]
State 146, Symbol T_RIGHT_SQUARE: R [factor -> T_FLOAT_LITERAL]
State 147, Symbol T_BITAND: R [factor -> T_INTEGER_LITERAL]
State 147, Symbol T_BITOR: R [factor -> T_INTEGER_LITERAL]
State 147, Symbol T_BITXOR: R [factor -> T_INTEGER_LITERAL]
State 147, Symbol T_DIVIDE: R [factor -> T_INTEGER_LITERAL]
State 147, Symbol T_EQUAL: R [factor -> T_INTEGER_LITERAL]
State 147, Symbol T_GREATER: R [factor -> T_INTEGER_LITERAL]
State 147, Symbol T_GREATEREQUAL: R [factor -> T_INTEGER_LITERAL]
State 147, Symbol T_LEFTSHIFT: R [factor -> T_INTEGER_LITERAL]
State 147, Symbol T_LESS: R [factor -> T_INTEGER_LITERAL]
State 147, Symbol T_LESSEQUAL: R [factor -> T_INTEGER_LITERAL]
State 147, Symbol T_MINUS: R [factor -> T_INTEGER_LITERAL]
State 147, Symbol T_MOD: R [factor -> T_INTEGER_LITERAL]
State 147, Symbol T_MULTIPLY: R [factor -> T_INTEGER_LITERAL]
State 147, Symbol T_PLUS: R [factor -> T_INTEGER_LITERAL]
State 147, Symbol T_RIGHTSHIFT: R [factor -> T_INTEGER_LITERAL]
State 147, Symbol T_RIGHT_SQUARE: R [factor -> T_INTEGER_LITERAL]
State 148, Symbol T_BITNOT: S 61
State 148, Symbol T_CHAR_LITERAL: S 62
State 148, Symbol T_DECREMENT: S 37
State 148, Symbol T_FLOAT_LITERAL: S 63
State 148, Symbol T_IDENTIFIER: S 60
State 148, Symbol T_INCREMENT: S 38
State 148, Symbol T_INTEGER_LITERAL: S 64
State 148, Symbol T_LEFT_PAREN: S 65
State 148, Symbol T_NOT: S 66
State 148, Symbol T_STRING_LITERAL: S 67
State 149, Symbol T_BITNOT: S 144
State 149, Symbol T_CHAR_LITERAL: S 145
State 149, Symbol T_DECREMENT: S 37
State 149, Symbol T_FLOAT_LITERAL: S 146
State 149, Symbol T_IDENTIFIER: S 232
State 149, Symbol T_INCREMENT: S 38
State 149, Symbol T_INTEGER_LITERAL: S 147
State 149, Symbol T_LEFT_PAREN: S 148
State 149, Symbol T_NOT: S 149
State 149, Symbol T_STRING_LITERAL: S 150
State 150, Symbol T_BITAND: R [factor -> T_STRING_LITERAL]
State 150, Symbol T_BITOR: R [factor -> T_STRING_LITERAL]
State 150, Symbol T_BITXOR: R [factor -> T_STRING_LITERAL]
State 150, Symbol T_DIVIDE: R [factor -> T_STRING_LITERAL]
State 150, Symbol T_EQUAL: R [factor -> T_STRING_LITERAL]
State 150, Symbol T_GREATER: R [factor -> T_STRING_LITERAL]
State 150, Symbol T_GREATEREQUAL: R [factor -> T_STRING_LITERAL]
State 150, Symbol T_LEFTSHIFT: R [factor -> T_STRING_LITERAL]
State 150, Symbol T_LESS: R [factor -> T_STRING_LITERAL]
State 150, Symbol T_LESSEQUAL: R [factor -> T_STRING_LITERAL]
State 150, Symbol T_MINUS: R [factor -> T_STRING_LITERAL]
State 150, Symbol T_MOD: R [factor -> T_STRING_LITERAL]
State 150, Symbol T_MULTIPLY: R [factor -> T_STRING_LITERAL]
State 150, Symbol T_PLUS: R [factor -> T_STRING_LITERAL]
State 150, Symbol T_RIGHTSHIFT: R [factor -> T_STRING_LITERAL]
State 150, Symbol T_RIGHT_SQUARE: R [factor -> T_STRING_LITERAL]
State 151, Symbol T_EQUAL: S 80
State 151, Symbol T_GREATER: S 81
State 151, Symbol T_GREATEREQUAL: S 82
State 151, Symbol T_LESS: S 83
State 151, Symbol T_LESSEQUAL: S 84
State 151, Symbol T_MINUS: S 78
State 151, Symbol T_PLUS: S 79
State 151, Symbol T_RIGHT_SQUARE: R [simple_expression -> additive_expression]
State 152, Symbol T_BITAND: S 87
State 152, Symbol T_BITOR: S 88
State 152, Symbol T_BITXOR: S 89
State 152, Symbol T_DIVIDE: S 90
State 152, Symbol T_EQUAL: R [additive_expression -> term]
State 152, Symbol T_GREATER: R [additive_expression -> term]
State 152, Symbol T_GREATEREQUAL: R [additive_expression -> term]
State 152, Symbol T_LEFTSHIFT: S 91
State 152, Symbol T_LESS: R [additive_expression -> term]
State 152, Symbol T_LESSEQUAL: R [additive_expression -> term]
State 152, Symbol T_MINUS: R [additive_expression -> term]
State 152, Symbol T_MOD: S 92
State 152, Symbol T_MULTIPLY: S 93
State 152, Symbol T_PLUS: R [additive_expression -> term]
State 152, Symbol T_RIGHTSHIFT: S 94
State 152, Symbol T_RIGHT_SQUARE: R [additive_expression -> term]
State 153, Symbol T_BITAND: R [term -> postfix_expression]
State 153, Symbol T_BITOR: R [term -> postfix_expression]
State 153, Symbol T_BITXOR: R [term -> postfix_expression]
State 153, Symbol T_DIVIDE: R [term -> postfix_expression]
State 153, Symbol T_EQUAL: R [term -> postfix_expression]
State 153, Symbol T_GREATER: R [term -> postfix_expression]
State 153, Symbol T_GREATEREQUAL: R [term -> postfix_expression]
State 153, Symbol T_LEFTSHIFT: R [term -> postfix_expression]
State 153, Symbol T_LESS: R [term -> postfix_expression]
State 153, Symbol T_LESSEQUAL: R [term -> postfix_expression]
State 153, Symbol T_MINUS: R [term -> postfix_expression]
State 153, Symbol T_MOD: R [term -> postfix_expression]
State 153, Symbol T_MULTIPLY: R [term -> postfix_expression]
State 153, Symbol T_PLUS: R [term -> postfix_expression]
State 153, Symbol T_RIGHTSHIFT: R [term -> postfix_expression]
State 153, Symbol T_RIGHT_SQUARE: R [term -> postfix_expression]
State 154, Symbol T_RIGHT_SQUARE: R [expression -> simple_expression]
State 155, Symbol T_ASSIGN: S 240
State 155, Symbol T_BITAND: R [factor -> var]
State 155, Symbol T_BITOR: R [factor -> var]
State 155, Symbol T_BITXOR: R [factor -> var]
State 155, Symbol T_DECREMENT: S 241
State 155, Symbol T_DIVIDE: R [factor -> var]
State 155, Symbol T_EQUAL: R [factor -> var]
State 155, Symbol T_GREATER: R [factor -> var]
State 155, Symbol T_GREATEREQUAL: R [factor -> var]
State 155, Symbol T_INCREMENT: S 242
State 155, Symbol T_LEFTSHIFT: R [factor -> var]
State 155, Symbol T_LESS: R [factor -> var]
State 155, Symbol T_LESSEQUAL: R [factor -> var]
State 155, Symbol T_MINUS: R [factor -> var]
State 155, Symbol T_MOD: R [factor -> var]
State 155, Symbol T_MULTIPLY: R [factor -> var]
State 155, Symbol T_PLUS: R [factor -> var]
State 155, Symbol T_RIGHTSHIFT: R [factor -> var]
State 155, Symbol T_RIGHT_SQUARE: R [factor -> var]
State 156, Symbol T_BITAND: R [factor -> call]
State 156, Symbol T_BITOR: R [factor -> call]
State 156, Symbol T_BITXOR: R [factor -> call]
State 156, Symbol T_DIVIDE: R [factor -> call]
State 156, Symbol T_EQUAL: R [factor -> call]
State 156, Symbol T_GREATER: R [factor -> call]
State 156, Symbol T_GREATEREQUAL: R [factor -> call]
State 156, Symbol T_LEFTSHIFT: R [factor -> call]
State 156, Symbol T_LESS: R [factor -> call]
State 156, Symbol T_LESSEQUAL: R [factor -> call]
State 156, Symbol T_MINUS: R [factor -> call]
State 156, Symbol T_MOD: R [factor -> call]
State 156, Symbol T_MULTIPLY: R [factor -> call]
State 156, Symbol T_PLUS: R [factor -> call]
State 156, Symbol T_RIGHTSHIFT: R [factor -> call]
State 156, Symbol T_RIGHT_SQUARE: R [factor -> call]
State 157, Symbol T_IDENTIFIER: S 244
State 158, Symbol T_BITAND: R [term -> factor]
State 158, Symbol T_BITOR: R [term -> factor]
State 158, Symbol T_BITXOR: R [term -> factor]
State 158, Symbol T_DIVIDE: R [term -> factor]
State 158, Symbol T_EQUAL: R [term -> factor]
State 158, Symbol T_GREATER: R [term -> factor]
State 158, Symbol T_GREATEREQUAL: R [term -> factor]
State 158, Symbol T_LEFTSHIFT: R [term -> factor]
State 158, Symbol T_LESS: R [term -> factor]
State 158, Symbol T_LESSEQUAL: R [term -> factor]
State 158, Symbol T_MINUS: R [term -> factor]
State 158, Symbol T_MOD: R [term -> factor]
State 158, Symbol T_MULTIPLY: R [term -> factor]
State 158, Symbol T_PLUS: R [term -> factor]
State 158, Symbol T_RIGHTSHIFT: R [term -> factor]
State 158, Symbol T_RIGHT_SQUARE: R [term -> factor]
State 159, Symbol T_RIGHT_SQUARE: S 246
State 160, Symbol T_BITNOT: S 144
State 160, Symbol T_CHAR_LITERAL: S 145
State 160, Symbol T_DECREMENT: S 37
State 160, Symbol T_FLOAT_LITERAL: S 146
State 160, Symbol T_IDENTIFIER: S 143
State 160, Symbol T_INCREMENT: S 38
State 160, Symbol T_INTEGER_LITERAL: S 147
State 160, Symbol T_LEFT_PAREN: S 148
State 160, Symbol T_NOT: S 149
State 160, Symbol T_STRING_LITERAL: S 150
State 161, Symbol T_BITNOT: S 125
State 161, Symbol T_CHAR_LITERAL: S 126
State 161, Symbol T_DECREMENT: S 37
State 161, Symbol T_FLOAT_LITERAL: S 127
State 161, Symbol T_IDENTIFIER: S 123
State 161, Symbol T_INCREMENT: S 38
State 161, Symbol T_INTEGER_LITERAL: S 128
State 161, Symbol T_LEFT_PAREN: S 129
State 161, Symbol T_NOT: S 130
State 161, Symbol T_RIGHT_PAREN: S 248
State 161, Symbol T_STRING_LITERAL: S 131
State 162, Symbol T_BITNOT: S 144
State 162, Symbol T_CHAR_LITERAL: S 145
State 162, Symbol T_DECREMENT: S 37
State 162, Symbol T_FLOAT_LITERAL: S 146
State 162, Symbol T_IDENTIFIER: S 143
State 162, Symbol T_INCREMENT: S 38
State 162, Symbol T_INTEGER_LITERAL: S 147
State 162, Symbol T_LEFT_PAREN: S 148
State 162, Symbol T_NOT: S 149
State 162, Symbol T_STRING_LITERAL: S 150
State 163, Symbol T_BITAND: R [var -> T_IDENTIFIER]
State 163, Symbol T_BITOR: R [var -> T_IDENTIFIER]
State 163, Symbol T_BITXOR: R [var -> T_IDENTIFIER]
State 163, Symbol T_DIVIDE: R [var -> T_IDENTIFIER]
State 163, Symbol T_EQUAL: R [var -> T_IDENTIFIER]
State 163, Symbol T_GREATER: R [var -> T_IDENTIFIER]
State 163, Symbol T_GREATEREQUAL: R [var -> T_IDENTIFIER]
State 163, Symbol T_LEFTSHIFT: R [var -> T_IDENTIFIER]
State 163, Symbol T_LEFT_PAREN: S 161
State 163, Symbol T_LEFT_SQUARE: S 251
State 163, Symbol T_LESS: R [var -> T_IDENTIFIER]
State 163, Symbol T_LESSEQUAL: R [var -> T_IDENTIFIER]
State 163, Symbol T_MINUS: R [var -> T_IDENTIFIER]
State 163, Symbol T_MOD: R [var -> T_IDENTIFIER]
State 163, Symbol T_MULTIPLY: R [var -> T_IDENTIFIER]
State 163, Symbol T_PLUS: R [var -> T_IDENTIFIER]
State 163, Symbol T_RIGHTSHIFT: R [var -> T_IDENTIFIER]
State 163, Symbol T_RIGHT_PAREN: R [var -> T_IDENTIFIER]
State 164, Symbol T_BITAND: R [factor -> T_BITNOTfactor]
State 164, Symbol T_BITOR: R [factor -> T_BITNOTfactor]
State 164, Symbol T_BITXOR: R [factor -> T_BITNOTfactor]
State 164, Symbol T_DIVIDE: R [factor -> T_BITNOTfactor]
State 164, Symbol T_EQUAL: R [factor -> T_BITNOTfactor]
State 164, Symbol T_GREATER: R [factor -> T_BITNOTfactor]
State 164, Symbol T_GREATEREQUAL: R [factor -> T_BITNOTfactor]
State 164, Symbol T_LEFTSHIFT: R [factor -> T_BITNOTfactor]
State 164, Symbol T_LESS: R [factor -> T_BITNOTfactor]
State 164, Symbol T_LESSEQUAL: R [factor -> T_BITNOTfactor]
State 164, Symbol T_MINUS: R [factor -> T_BITNOTfactor]
State 164, Symbol T_MOD: R [factor -> T_BITNOTfactor]
State 164, Symbol T_MULTIPLY: R [factor -> T_BITNOTfactor]
State 164, Symbol T_PLUS: R [factor -> T_BITNOTfactor]
State 164, Symbol T_RIGHTSHIFT: R [factor -> T_BITNOTfactor]
State 164, Symbol T_RIGHT_PAREN: R [factor -> T_BITNOTfactor]
State 165, Symbol T_BITAND: R [factor -> var]
State 165, Symbol T_BITOR: R [factor -> var]
State 165, Symbol T_BITXOR: R [factor -> var]
State 165, Symbol T_DIVIDE: R [factor -> var]
State 165, Symbol T_EQUAL: R [factor -> var]
State 165, Symbol T_GREATER: R [factor -> var]
State 165, Symbol T_GREATEREQUAL: R [factor -> var]
State 165, Symbol T_LEFTSHIFT: R [factor -> var]
State 165, Symbol T_LESS: R [factor -> var]
State 165, Symbol T_LESSEQUAL: R [factor -> var]
State 165, Symbol T_MINUS: R [factor -> var]
State 165, Symbol T_MOD: R [factor -> var]
State 165, Symbol T_MULTIPLY: R [factor -> var]
State 165, Symbol T_PLUS: R [factor -> var]
State 165, Symbol T_RIGHTSHIFT: R [factor -> var]
State 165, Symbol T_RIGHT_PAREN: R [factor -> var]
State 166, Symbol T_RIGHT_PAREN: S 252
State 167, Symbol T_BITAND: R [factor -> T_NOTfactor]
State 167, Symbol T_BITOR: R [factor -> T_NOTfactor]
State 167, Symbol T_BITXOR: R [factor -> T_NOTfactor]
State 167, Symbol T_DIVIDE: R [factor -> T_NOTfactor]
State 167, Symbol T_EQUAL: R [factor -> T_NOTfactor]
State 167, Symbol T_GREATER: R [factor -> T_NOTfactor]
State 167, Symbol T_GREATEREQUAL: R [factor -> T_NOTfactor]
State 167, Symbol T_LEFTSHIFT: R [factor -> T_NOTfactor]
State 167, Symbol T_LESS: R [factor -> T_NOTfactor]
State 167, Symbol T_LESSEQUAL: R [factor -> T_NOTfactor]
State 167, Symbol T_MINUS: R [factor -> T_NOTfactor]
State 167, Symbol T_MOD: R [factor -> T_NOTfactor]
State 167, Symbol T_MULTIPLY: R [factor -> T_NOTfactor]
State 167, Symbol T_PLUS: R [factor -> T_NOTfactor]
State 167, Symbol T_RIGHTSHIFT: R [factor -> T_NOTfactor]
State 167, Symbol T_RIGHT_PAREN: R [factor -> T_NOTfactor]
State 168, Symbol T_BITNOT: S 61
State 168, Symbol T_CHAR_LITERAL: S 62
State 168, Symbol T_DECREMENT: S 37
State 168, Symbol T_FLOAT_LITERAL: S 63
State 168, Symbol T_IDENTIFIER: S 253
State 168, Symbol T_INCREMENT: S 38
State 168, Symbol T_INTEGER_LITERAL: S 64
State 168, Symbol T_LEFT_PAREN: S 65
State 168, Symbol T_NOT: S 66
State 168, Symbol T_STRING_LITERAL: S 67
State 169, Symbol T_BITNOT: S 258
State 169, Symbol T_CHAR_LITERAL: S 259
State 169, Symbol T_DECREMENT: S 37
State 169, Symbol T_FLOAT_LITERAL: S 260
State 169, Symbol T_IDENTIFIER: S 257
State 169, Symbol T_INCREMENT: S 38
State 169, Symbol T_INTEGER_LITERAL: S 261
State 169, Symbol T_LEFT_PAREN: S 262
State 169, Symbol T_NOT: S 263
State 169, Symbol T_STRING_LITERAL: S 264
State 170, Symbol T_BITNOT: S 61
State 170, Symbol T_CHAR_LITERAL: S 62
State 170, Symbol T_DECREMENT: S 37
State 170, Symbol T_FLOAT_LITERAL: S 63
State 170, Symbol T_IDENTIFIER: S 163
State 170, Symbol T_INCREMENT: S 38
State 170, Symbol T_INTEGER_LITERAL: S 64
State 170, Symbol T_LEFT_PAREN: S 65
State 170, Symbol T_NOT: S 66
State 170, Symbol T_STRING_LITERAL: S 67
State 171, Symbol T_BITNOT: S 61
State 171, Symbol T_CHAR_LITERAL: S 62
State 171, Symbol T_DECREMENT: S 37
State 171, Symbol T_FLOAT_LITERAL: S 63
State 171, Symbol T_IDENTIFIER: S 60
State 171, Symbol T_INCREMENT: S 38
State 171, Symbol T_INTEGER_LITERAL: S 64
State 171, Symbol T_LEFT_PAREN: S 65
State 171, Symbol T_NOT: S 66
State 171, Symbol T_STRING_LITERAL: S 67
State 172, Symbol T_BITAND: R [inc_dec_operator -> T_DECREMENT]
State 172, Symbol T_BITOR: R [inc_dec_operator -> T_DECREMENT]
State 172, Symbol T_BITXOR: R [inc_dec_operator -> T_DECREMENT]
State 172, Symbol T_DIVIDE: R [inc_dec_operator -> T_DECREMENT]
State 172, Symbol T_EQUAL: R [inc_dec_operator -> T_DECREMENT]
State 172, Symbol T_GREATER: R [inc_dec_operator -> T_DECREMENT]
State 172, Symbol T_GREATEREQUAL: R [inc_dec_operator -> T_DECREMENT]
State 172, Symbol T_LEFTSHIFT: R [inc_dec_operator -> T_DECREMENT]
State 172, Symbol T_LESS: R [inc_dec_operator -> T_DECREMENT]
State 172, Symbol T_LESSEQUAL: R [inc_dec_operator -> T_DECREMENT]
State 172, Symbol T_MINUS: R [inc_dec_operator -> T_DECREMENT]
State 172, Symbol T_MOD: R [inc_dec_operator -> T_DECREMENT]
State 172, Symbol T_MULTIPLY: R [inc_dec_operator -> T_DECREMENT]
State 172, Symbol T_PLUS: R [inc_dec_operator -> T_DECREMENT]
State 172, Symbol T_RIGHTSHIFT: R [inc_dec_operator -> T_DECREMENT]
State 172, Symbol T_RIGHT_PAREN: R [inc_dec_operator -> T_DECREMENT]
State 173, Symbol T_BITAND: R [inc_dec_operator -> T_INCREMENT]
State 173, Symbol T_BITOR: R [inc_dec_operator -> T_INCREMENT]
State 173, Symbol T_BITXOR: R [inc_dec_operator -> T_INCREMENT]
State 173, Symbol T_DIVIDE: R [inc_dec_operator -> T_INCREMENT]
State 173, Symbol T_EQUAL: R [inc_dec_operator -> T_INCREMENT]
State 173, Symbol T_GREATER: R [inc_dec_operator -> T_INCREMENT]
State 173, Symbol T_GREATEREQUAL: R [inc_dec_operator -> T_INCREMENT]
State 173, Symbol T_LEFTSHIFT: R [inc_dec_operator -> T_INCREMENT]
State 173, Symbol T_LESS: R [inc_dec_operator -> T_INCREMENT]
State 173, Symbol T_LESSEQUAL: R [inc_dec_operator -> T_INCREMENT]
State 173, Symbol T_MINUS: R [inc_dec_operator -> T_INCREMENT]
State 173, Symbol T_MOD: R [inc_dec_operator -> T_INCREMENT]
State 173, Symbol T_MULTIPLY: R [inc_dec_operator -> T_INCREMENT]
State 173, Symbol T_PLUS: R [inc_dec_operator -> T_INCREMENT]
State 173, Symbol T_RIGHTSHIFT: R [inc_dec_operator -> T_INCREMENT]
State 173, Symbol T_RIGHT_PAREN: R [inc_dec_operator -> T_INCREMENT]
State 174, Symbol T_BITAND: R [postfix_expression -> varinc_dec_operator]
State 174, Symbol T_BITOR: R [postfix_expression -> varinc_dec_operator]
State 174, Symbol T_BITXOR: R [postfix_expression -> varinc_dec_operator]
State 174, Symbol T_DIVIDE: R [postfix_expression -> varinc_dec_operator]
State 174, Symbol T_EQUAL: R [postfix_expression -> varinc_dec_operator]
State 174, Symbol T_GREATER: R [postfix_expression -> varinc_dec_operator]
State 174, Symbol T_GREATEREQUAL: R [postfix_expression -> varinc_dec_operator]
State 174, Symbol T_LEFTSHIFT: R [postfix_expression -> varinc_dec_operator]
State 174, Symbol T_LESS: R [postfix_expression -> varinc_dec_operator]
State 174, Symbol T_LESSEQUAL: R [postfix_expression -> varinc_dec_operator]
State 174, Symbol T_MINUS: R [postfix_expression -> varinc_dec_operator]
State 174, Symbol T_MOD: R [postfix_expression -> varinc_dec_operator]
State 174, Symbol T_MULTIPLY: R [postfix_expression -> varinc_dec_operator]
State 174, Symbol T_PLUS: R [postfix_expression -> varinc_dec_operator]
State 174, Symbol T_RIGHTSHIFT: R [postfix_expression -> varinc_dec_operator]
State 174, Symbol T_RIGHT_PAREN: R [postfix_expression -> varinc_dec_operator]
State 175, Symbol T_BITAND: R [factor -> T_LEFT_PARENexpressionT_RIGHT_PAREN]
State 175, Symbol T_BITOR: R [factor -> T_LEFT_PARENexpressionT_RIGHT_PAREN]
State 175, Symbol T_BITXOR: R [factor -> T_LEFT_PARENexpressionT_RIGHT_PAREN]
State 175, Symbol T_DIVIDE: R [factor -> T_LEFT_PARENexpressionT_RIGHT_PAREN]
State 175, Symbol T_EQUAL: R [factor -> T_LEFT_PARENexpressionT_RIGHT_PAREN]
State 175, Symbol T_GREATER: R [factor -> T_LEFT_PARENexpressionT_RIGHT_PAREN]
State 175, Symbol T_GREATEREQUAL: R [factor -> T_LEFT_PARENexpressionT_RIGHT_PAREN]
State 175, Symbol T_LEFTSHIFT: R [factor -> T_LEFT_PARENexpressionT_RIGHT_PAREN]
State 175, Symbol T_LESS: R [factor -> T_LEFT_PARENexpressionT_RIGHT_PAREN]
State 175, Symbol T_LESSEQUAL: R [factor -> T_LEFT_PARENexpressionT_RIGHT_PAREN]
State 175, Symbol T_MINUS: R [factor -> T_LEFT_PARENexpressionT_RIGHT_PAREN]
State 175, Symbol T_MOD: R [factor -> T_LEFT_PARENexpressionT_RIGHT_PAREN]
State 175, Symbol T_MULTIPLY: R [factor -> T_LEFT_PARENexpressionT_RIGHT_PAREN]
State 175, Symbol T_PLUS: R [factor -> T_LEFT_PARENexpressionT_RIGHT_PAREN]
State 175, Symbol T_RIGHTSHIFT: R [factor -> T_LEFT_PARENexpressionT_RIGHT_PAREN]
State 175, Symbol T_SEMICOLON: R [factor -> T_LEFT_PARENexpressionT_RIGHT_PAREN]
State 176, Symbol T_BITAND: R [var -> T_IDENTIFIER]
State 176, Symbol T_BITOR: R [var -> T_IDENTIFIER]
State 176, Symbol T_BITXOR: R [var -> T_IDENTIFIER]
State 176, Symbol T_DIVIDE: R [var -> T_IDENTIFIER]
State 176, Symbol T_EQUAL: R [var -> T_IDENTIFIER]
State 176, Symbol T_GREATER: R [var -> T_IDENTIFIER]
State 176, Symbol T_GREATEREQUAL: R [var -> T_IDENTIFIER]
State 176, Symbol T_LEFTSHIFT: R [var -> T_IDENTIFIER]
State 176, Symbol T_LEFT_SQUARE: S 251
State 176, Symbol T_LESS: R [var -> T_IDENTIFIER]
State 176, Symbol T_LESSEQUAL: R [var -> T_IDENTIFIER]
State 176, Symbol T_MINUS: R [var -> T_IDENTIFIER]
State 176, Symbol T_MOD: R [var -> T_IDENTIFIER]
State 176, Symbol T_MULTIPLY: R [var -> T_IDENTIFIER]
State 176, Symbol T_PLUS: R [var -> T_IDENTIFIER]
State 176, Symbol T_RIGHTSHIFT: R [var -> T_IDENTIFIER]
State 176, Symbol T_RIGHT_PAREN: R [var -> T_IDENTIFIER]
State 177, Symbol T_BITAND: R [factor -> inc_dec_operatorvar]
State 177, Symbol T_BITOR: R [factor -> inc_dec_operatorvar]
State 177, Symbol T_BITXOR: R [factor -> inc_dec_operatorvar]
State 177, Symbol T_DIVIDE: R [factor -> inc_dec_operatorvar]
State 177, Symbol T_EQUAL: R [factor -> inc_dec_operatorvar]
State 177, Symbol T_GREATER: R [factor -> inc_dec_operatorvar]
State 177, Symbol T_GREATEREQUAL: R [factor -> inc_dec_operatorvar]
State 177, Symbol T_LEFTSHIFT: R [factor -> inc_dec_operatorvar]
State 177, Symbol T_LESS: R [factor -> inc_dec_operatorvar]
State 177, Symbol T_LESSEQUAL: R [factor -> inc_dec_operatorvar]
State 177, Symbol T_MINUS: R [factor -> inc_dec_operatorvar]
State 177, Symbol T_MOD: R [factor -> inc_dec_operatorvar]
State 177, Symbol T_MULTIPLY: R [factor -> inc_dec_operatorvar]
State 177, Symbol T_PLUS: R [factor -> inc_dec_operatorvar]
State 177, Symbol T_RIGHTSHIFT: R [factor -> inc_dec_operatorvar]
State 177, Symbol T_RIGHT_PAREN: R [factor -> inc_dec_operatorvar]
State 178, Symbol T_BITAND: R [var -> T_IDENTIFIER]
State 178, Symbol T_BITOR: R [var -> T_IDENTIFIER]
State 178, Symbol T_BITXOR: R [var -> T_IDENTIFIER]
State 178, Symbol T_DECREMENT: R [var -> T_IDENTIFIER]
State 178, Symbol T_DIVIDE: R [var -> T_IDENTIFIER]
State 178, Symbol T_EQUAL: R [var -> T_IDENTIFIER]
State 178, Symbol T_GREATER: R [var -> T_IDENTIFIER]
State 178, Symbol T_GREATEREQUAL: R [var -> T_IDENTIFIER]
State 178, Symbol T_INCREMENT: R [var -> T_IDENTIFIER]
State 178, Symbol T_LEFTSHIFT: R [var -> T_IDENTIFIER]
State 178, Symbol T_LEFT_PAREN: S 55
State 178, Symbol T_LEFT_SQUARE: S 274
State 178, Symbol T_LESS: R [var -> T_IDENTIFIER]
State 178, Symbol T_LESSEQUAL: R [var -> T_IDENTIFIER]
State 178, Symbol T_MINUS: R [var -> T_IDENTIFIER]
State 178, Symbol T_MOD: R [var -> T_IDENTIFIER]
State 178, Symbol T_MULTIPLY: R [var -> T_IDENTIFIER]
State 178, Symbol T_PLUS: R [var -> T_IDENTIFIER]
State 178, Symbol T_RIGHTSHIFT: R [var -> T_IDENTIFIER]
State 178, Symbol T_SEMICOLON: R [var -> T_IDENTIFIER]
State 179, Symbol T_BITAND: S 87
State 179, Symbol T_BITOR: S 88
State 179, Symbol T_BITXOR: S 89
State 179, Symbol T_DIVIDE: S 90
State 179, Symbol T_EQUAL: R [additive_expression -> additive_expressionaddopterm]
State 179, Symbol T_GREATER: R [additive_expression -> additive_expressionaddopterm]
State 179, Symbol T_GREATEREQUAL: R [additive_expression -> additive_expressionaddopterm]
State 179, Symbol T_LEFTSHIFT: S 91
State 179, Symbol T_LESS: R [additive_expression -> additive_expressionaddopterm]
State 179, Symbol T_LESSEQUAL: R [additive_expression -> additive_expressionaddopterm]
State 179, Symbol T_MINUS: R [additive_expression -> additive_expressionaddopterm]
State 179, Symbol T_MOD: S 92
State 179, Symbol T_MULTIPLY: S 93
State 179, Symbol T_PLUS: R [additive_expression -> additive_expressionaddopterm]
State 179, Symbol T_RIGHTSHIFT: S 94
State 179, Symbol T_SEMICOLON: R [additive_expression -> additive_expressionaddopterm]
State 180, Symbol T_BITAND: R [factor -> var]
State 180, Symbol T_BITOR: R [factor -> var]
State 180, Symbol T_BITXOR: R [factor -> var]
State 180, Symbol T_DECREMENT: S 97
State 180, Symbol T_DIVIDE: R [factor -> var]
State 180, Symbol T_EQUAL: R [factor -> var]
State 180, Symbol T_GREATER: R [factor -> var]
State 180, Symbol T_GREATEREQUAL: R [factor -> var]
State 180, Symbol T_INCREMENT: S 98
State 180, Symbol T_LEFTSHIFT: R [factor -> var]
State 180, Symbol T_LESS: R [factor -> var]
State 180, Symbol T_LESSEQUAL: R [factor -> var]
State 180, Symbol T_MINUS: R [factor -> var]
State 180, Symbol T_MOD: R [factor -> var]
State 180, Symbol T_MULTIPLY: R [factor -> var]
State 180, Symbol T_PLUS: R [factor -> var]
State 180, Symbol T_RIGHTSHIFT: R [factor -> var]
State 180, Symbol T_SEMICOLON: R [factor -> var]
State 181, Symbol T_BITAND: R [term -> postfix_expression]
State 181, Symbol T_BITOR: R [term -> postfix_expression]
State 181, Symbol T_BITXOR: R [term -> postfix_expression]
State 181, Symbol T_DIVIDE: R [term -> postfix_expression]
State 181, Symbol T_EQUAL: R [term -> postfix_expression]
State 181, Symbol T_GREATER: R [term -> postfix_expression]
State 181, Symbol T_GREATEREQUAL: R [term -> postfix_expression]
State 181, Symbol T_LEFTSHIFT: R [term -> postfix_expression]
State 181, Symbol T_LESS: R [term -> postfix_expression]
State 181, Symbol T_LESSEQUAL: R [term -> postfix_expression]
State 181, Symbol T_MINUS: R [term -> postfix_expression]
State 181, Symbol T_MOD: R [term -> postfix_expression]
State 181, Symbol T_MULTIPLY: R [term -> postfix_expression]
State 181, Symbol T_PLUS: R [term -> postfix_expression]
State 181, Symbol T_RIGHTSHIFT: R [term -> postfix_expression]
State 181, Symbol T_SEMICOLON: R [term -> postfix_expression]
State 182, Symbol T_BITAND: R [var -> T_IDENTIFIER]
State 182, Symbol T_BITOR: R [var -> T_IDENTIFIER]
State 182, Symbol T_BITXOR: R [var -> T_IDENTIFIER]
State 182, Symbol T_DECREMENT: R [var -> T_IDENTIFIER]
State 182, Symbol T_DIVIDE: R [var -> T_IDENTIFIER]
State 182, Symbol T_INCREMENT: R [var -> T_IDENTIFIER]
State 182, Symbol T_LEFTSHIFT: R [var -> T_IDENTIFIER]
State 182, Symbol T_LEFT_PAREN: S 275
State 182, Symbol T_LEFT_SQUARE: S 276
State 182, Symbol T_MINUS: R [var -> T_IDENTIFIER]
State 182, Symbol T_MOD: R [var -> T_IDENTIFIER]
State 182, Symbol T_MULTIPLY: R [var -> T_IDENTIFIER]
State 182, Symbol T_PLUS: R [var -> T_IDENTIFIER]
State 182, Symbol T_RIGHTSHIFT: R [var -> T_IDENTIFIER]
State 182, Symbol T_SEMICOLON: R [var -> T_IDENTIFIER]
State 183, Symbol T_BITNOT: S 183
State 183, Symbol T_CHAR_LITERAL: S 184
State 183, Symbol T_DECREMENT: S 37
State 183, Symbol T_FLOAT_LITERAL: S 185
State 183, Symbol T_IDENTIFIER: S 277
State 183, Symbol T_INCREMENT: S 38
State 183, Symbol T_INTEGER_LITERAL: S 186
State 183, Symbol T_LEFT_PAREN: S 187
State 183, Symbol T_NOT: S 188
State 183, Symbol T_STRING_LITERAL: S 189
State 184, Symbol T_BITAND: R [factor -> T_CHAR_LITERAL]
State 184, Symbol T_BITOR: R [factor -> T_CHAR_LITERAL]
State 184, Symbol T_BITXOR: R [factor -> T_CHAR_LITERAL]
State 184, Symbol T_DIVIDE: R [factor -> T_CHAR_LITERAL]
State 184, Symbol T_LEFTSHIFT: R [factor -> T_CHAR_LITERAL]
State 184, Symbol T_MINUS: R [factor -> T_CHAR_LITERAL]
State 184, Symbol T_MOD: R [factor -> T_CHAR_LITERAL]
State 184, Symbol T_MULTIPLY: R [factor -> T_CHAR_LITERAL]
State 184, Symbol T_PLUS: R [factor -> T_CHAR_LITERAL]
State 184, Symbol T_RIGHTSHIFT: R [factor -> T_CHAR_LITERAL]
State 184, Symbol T_SEMICOLON: R [factor -> T_CHAR_LITERAL]
State 185, Symbol T_BITAND: R [factor -> T_FLOAT_LITERAL]
State 185, Symbol T_BITOR: R [factor -> T_FLOAT_LITERAL]
State 185, Symbol T_BITXOR: R [factor -> T_FLOAT_LITERAL]
State 185, Symbol T_DIVIDE: R [factor -> T_FLOAT_LITERAL]
State 185, Symbol T_LEFTSHIFT: R [factor -> T_FLOAT_LITERAL]
State 185, Symbol T_MINUS: R [factor -> T_FLOAT_LITERAL]
State 185, Symbol T_MOD: R [factor -> T_FLOAT_LITERAL]
State 185, Symbol T_MULTIPLY: R [factor -> T_FLOAT_LITERAL]
State 185, Symbol T_PLUS: R [factor -> T_FLOAT_LITERAL]
State 185, Symbol T_RIGHTSHIFT: R [factor -> T_FLOAT_LITERAL]
State 185, Symbol T_SEMICOLON: R [factor -> T_FLOAT_LITERAL]
State 186, Symbol T_BITAND: R [factor -> T_INTEGER_LITERAL]
State 186, Symbol T_BITOR: R [factor -> T_INTEGER_LITERAL]
State 186, Symbol T_BITXOR: R [factor -> T_INTEGER_LITERAL]
State 186, Symbol T_DIVIDE: R [factor -> T_INTEGER_LITERAL]
State 186, Symbol T_LEFTSHIFT: R [factor -> T_INTEGER_LITERAL]
State 186, Symbol T_MINUS: R [factor -> T_INTEGER_LITERAL]
State 186, Symbol T_MOD: R [factor -> T_INTEGER_LITERAL]
State 186, Symbol T_MULTIPLY: R [factor -> T_INTEGER_LITERAL]
State 186, Symbol T_PLUS: R [factor -> T_INTEGER_LITERAL]
State 186, Symbol T_RIGHTSHIFT: R [factor -> T_INTEGER_LITERAL]
State 186, Symbol T_SEMICOLON: R [factor -> T_INTEGER_LITERAL]
State 187, Symbol T_BITNOT: S 61
State 187, Symbol T_CHAR_LITERAL: S 62
State 187, Symbol T_DECREMENT: S 37
State 187, Symbol T_FLOAT_LITERAL: S 63
State 187, Symbol T_IDENTIFIER: S 60
State 187, Symbol T_INCREMENT: S 38
State 187, Symbol T_INTEGER_LITERAL: S 64
State 187, Symbol T_LEFT_PAREN: S 65
State 187, Symbol T_NOT: S 66
State 187, Symbol T_STRING_LITERAL: S 67
State 188, Symbol T_BITNOT: S 183
State 188, Symbol T_CHAR_LITERAL: S 184
State 188, Symbol T_DECREMENT: S 37
State 188, Symbol T_FLOAT_LITERAL: S 185
State 188, Symbol T_IDENTIFIER: S 277
State 188, Symbol T_INCREMENT: S 38
State 188, Symbol T_INTEGER_LITERAL: S 186
State 188, Symbol T_LEFT_PAREN: S 187
State 188, Symbol T_NOT: S 188
State 188, Symbol T_STRING_LITERAL: S 189
State 189, Symbol T_BITAND: R [factor -> T_STRING_LITERAL]
State 189, Symbol T_BITOR: R [factor -> T_STRING_LITERAL]
State 189, Symbol T_BITXOR: R [factor -> T_STRING_LITERAL]
State 189, Symbol T_DIVIDE: R [factor -> T_STRING_LITERAL]
State 189, Symbol T_LEFTSHIFT: R [factor -> T_STRING_LITERAL]
State 189, Symbol T_MINUS: R [factor -> T_STRING_LITERAL]
State 189, Symbol T_MOD: R [factor -> T_STRING_LITERAL]
State 189, Symbol T_MULTIPLY: R [factor -> T_STRING_LITERAL]
State 189, Symbol T_PLUS: R [factor -> T_STRING_LITERAL]
State 189, Symbol T_RIGHTSHIFT: R [factor -> T_STRING_LITERAL]
State 189, Symbol T_SEMICOLON: R [factor -> T_STRING_LITERAL]
State 190, Symbol T_MINUS: S 78
State 190, Symbol T_PLUS: S 79
State 190, Symbol T_SEMICOLON: R [simple_expression -> additive_expressionrelopadditive_expression]
State 191, Symbol T_BITAND: S 87
State 191, Symbol T_BITOR: S 88
State 191, Symbol T_BITXOR: S 89
State 191, Symbol T_DIVIDE: S 90
State 191, Symbol T_LEFTSHIFT: S 91
State 191, Symbol T_MINUS: R [additive_expression -> term]
State 191, Symbol T_MOD: S 92
State 191, Symbol T_MULTIPLY: S 93
State 191, Symbol T_PLUS: R [additive_expression -> term]
State 191, Symbol T_RIGHTSHIFT: S 94
State 191, Symbol T_SEMICOLON: R [additive_expression -> term]
State 192, Symbol T_BITAND: R [factor -> call]
State 192, Symbol T_BITOR: R [factor -> call]
State 192, Symbol T_BITXOR: R [factor -> call]
State 192, Symbol T_DIVIDE: R [factor -> call]
State 192, Symbol T_LEFTSHIFT: R [factor -> call]
State 192, Symbol T_MINUS: R [factor -> call]
State 192, Symbol T_MOD: R [factor -> call]
State 192, Symbol T_MULTIPLY: R [factor -> call]
State 192, Symbol T_PLUS: R [factor -> call]
State 192, Symbol T_RIGHTSHIFT: R [factor -> call]
State 192, Symbol T_SEMICOLON: R [factor -> call]
State 193, Symbol T_IDENTIFIER: S 284
State 194, Symbol T_BITAND: R [factor -> var]
State 194, Symbol T_BITOR: R [factor -> var]
State 194, Symbol T_BITXOR: R [factor -> var]
State 194, Symbol T_DECREMENT: S 286
State 194, Symbol T_DIVIDE: R [factor -> var]
State 194, Symbol T_INCREMENT: S 287
State 194, Symbol T_LEFTSHIFT: R [factor -> var]
State 194, Symbol T_MINUS: R [factor -> var]
State 194, Symbol T_MOD: R [factor -> var]
State 194, Symbol T_MULTIPLY: R [factor -> var]
State 194, Symbol T_PLUS: R [factor -> var]
State 194, Symbol T_RIGHTSHIFT: R [factor -> var]
State 194, Symbol T_SEMICOLON: R [factor -> var]
State 195, Symbol T_BITAND: R [term -> factor]
State 195, Symbol T_BITOR: R [term -> factor]
State 195, Symbol T_BITXOR: R [term -> factor]
State 195, Symbol T_DIVIDE: R [term -> factor]
State 195, Symbol T_LEFTSHIFT: R [term -> factor]
State 195, Symbol T_MINUS: R [term -> factor]
State 195, Symbol T_MOD: R [term -> factor]
State 195, Symbol T_MULTIPLY: R [term -> factor]
State 195, Symbol T_PLUS: R [term -> factor]
State 195, Symbol T_RIGHTSHIFT: R [term -> factor]
State 195, Symbol T_SEMICOLON: R [term -> factor]
State 196, Symbol T_BITAND: R [term -> postfix_expression]
State 196, Symbol T_BITOR: R [term -> postfix_expression]
State 196, Symbol T_BITXOR: R [term -> postfix_expression]
State 196, Symbol T_DIVIDE: R [term -> postfix_expression]
State 196, Symbol T_LEFTSHIFT: R [term -> postfix_expression]
State 196, Symbol T_MINUS: R [term -> postfix_expression]
State 196, Symbol T_MOD: R [term -> postfix_expression]
State 196, Symbol T_MULTIPLY: R [term -> postfix_expression]
State 196, Symbol T_PLUS: R [term -> postfix_expression]
State 196, Symbol T_RIGHTSHIFT: R [term -> postfix_expression]
State 196, Symbol T_SEMICOLON: R [term -> postfix_expression]
State 197, Symbol T_BITAND: R [term -> termmulopfactor]
State 197, Symbol T_BITOR: R [term -> termmulopfactor]
State 197, Symbol T_BITXOR: R [term -> termmulopfactor]
State 197, Symbol T_DIVIDE: R [term -> termmulopfactor]
State 197, Symbol T_EQUAL: R [term -> termmulopfactor]
State 197, Symbol T_GREATER: R [term -> termmulopfactor]
State 197, Symbol T_GREATEREQUAL: R [term -> termmulopfactor]
State 197, Symbol T_LEFTSHIFT: R [term -> termmulopfactor]
State 197, Symbol T_LESS: R [term -> termmulopfactor]
State 197, Symbol T_LESSEQUAL: R [term -> termmulopfactor]
State 197, Symbol T_MINUS: R [term -> termmulopfactor]
State 197, Symbol T_MOD: R [term -> termmulopfactor]
State 197, Symbol T_MULTIPLY: R [term -> termmulopfactor]
State 197, Symbol T_PLUS: R [term -> termmulopfactor]
State 197, Symbol T_RIGHTSHIFT: R [term -> termmulopfactor]
State 197, Symbol T_SEMICOLON: R [term -> termmulopfactor]
State 198, Symbol T_SEMICOLON: R [expression -> varT_ASSIGNexpression]
State 199, Symbol T_CHAR: R [var_declaration -> type_specifierT_IDENTIFIERT_LEFT_SQUARET_INTEGER_LITERALT_RIGHT_SQUARET_SEMICOLON]
State 199, Symbol T_EOF: R [var_declaration -> type_specifierT_IDENTIFIERT_LEFT_SQUARET_INTEGER_LITERALT_RIGHT_SQUARET_SEMICOLON]
State 199, Symbol T_FLOAT: R [var_declaration -> type_specifierT_IDENTIFIERT_LEFT_SQUARET_INTEGER_LITERALT_RIGHT_SQUARET_SEMICOLON]
State 199, Symbol T_INT: R [var_declaration -> type_specifierT_IDENTIFIERT_LEFT_SQUARET_INTEGER_LITERALT_RIGHT_SQUARET_SEMICOLON]
State 199, Symbol T_VOID: R [var_declaration -> type_specifierT_IDENTIFIERT_LEFT_SQUARET_INTEGER_LITERALT_RIGHT_SQUARET_SEMICOLON]
State 200, Symbol T_BITNOT: R [compound_stmt -> T_LEFT_BRACET_RIGHT_BRACE]
State 200, Symbol T_CHAR: R [compound_stmt -> T_LEFT_BRACET_RIGHT_BRACE]
State 200, Symbol T_CHAR_LITERAL: R [compound_stmt -> T_LEFT_BRACET_RIGHT_BRACE]
State 200, Symbol T_DECREMENT: R [compound_stmt -> T_LEFT_BRACET_RIGHT_BRACE]
State 200, Symbol T_FLOAT: R [compound_stmt -> T_LEFT_BRACET_RIGHT_BRACE]
State 200, Symbol T_FLOAT_LITERAL: R [compound_stmt -> T_LEFT_BRACET_RIGHT_BRACE]
State 200, Symbol T_FOR: R [compound_stmt -> T_LEFT_BRACET_RIGHT_BRACE]
State 200, Symbol T_IDENTIFIER: R [compound_stmt -> T_LEFT_BRACET_RIGHT_BRACE]
State 200, Symbol T_IF: R [compound_stmt -> T_LEFT_BRACET_RIGHT_BRACE]
State 200, Symbol T_INCREMENT: R [compound_stmt -> T_LEFT_BRACET_RIGHT_BRACE]
State 200, Symbol T_INT: R [compound_stmt -> T_LEFT_BRACET_RIGHT_BRACE]
State 200, Symbol T_INTEGER_LITERAL: R [compound_stmt -> T_LEFT_BRACET_RIGHT_BRACE]
State 200, Symbol T_LEFT_BRACE: R [compound_stmt -> T_LEFT_BRACET_RIGHT_BRACE]
State 200, Symbol T_LEFT_PAREN: R [compound_stmt -> T_LEFT_BRACET_RIGHT_BRACE]
State 200, Symbol T_NOT: R [compound_stmt -> T_LEFT_BRACET_RIGHT_BRACE]
State 200, Symbol T_RETURN: R [compound_stmt -> T_LEFT_BRACET_RIGHT_BRACE]
State 200, Symbol T_RIGHT_BRACE: R [compound_stmt -> T_LEFT_BRACET_RIGHT_BRACE]
State 200, Symbol T_STRING_LITERAL: R [compound_stmt -> T_LEFT_BRACET_RIGHT_BRACE]
State 200, Symbol T_VOID: R [compound_stmt -> T_LEFT_BRACET_RIGHT_BRACE]
State 200, Symbol T_WHILE: R [compound_stmt -> T_LEFT_BRACET_RIGHT_BRACE]
State 201, Symbol T_RIGHT_BRACE: S 289
State 202, Symbol T_BITNOT: S 30
State 202, Symbol T_CHAR_LITERAL: S 31
State 202, Symbol T_DECREMENT: S 37
State 202, Symbol T_FLOAT_LITERAL: S 32
State 202, Symbol T_IDENTIFIER: S 29
State 202, Symbol T_INCREMENT: S 38
State 202, Symbol T_INTEGER_LITERAL: S 33
State 202, Symbol T_LEFT_PAREN: S 34
State 202, Symbol T_NOT: S 35
State 202, Symbol T_SEMICOLON: S 290
State 202, Symbol T_STRING_LITERAL: S 36
State 203, Symbol T_BITNOT: S 61
State 203, Symbol T_CHAR_LITERAL: S 62
State 203, Symbol T_DECREMENT: S 37
State 203, Symbol T_FLOAT_LITERAL: S 63
State 203, Symbol T_IDENTIFIER: S 60
State 203, Symbol T_INCREMENT: S 38
State 203, Symbol T_INTEGER_LITERAL: S 64
State 203, Symbol T_LEFT_PAREN: S 65
State 203, Symbol T_NOT: S 66
State 203, Symbol T_STRING_LITERAL: S 67
State 204, Symbol T_BITNOT: R [return_stmt -> T_RETURNT_SEMICOLON]
State 204, Symbol T_CHAR: R [return_stmt -> T_RETURNT_SEMICOLON]
State 204, Symbol T_CHAR_LITERAL: R [return_stmt -> T_RETURNT_SEMICOLON]
State 204, Symbol T_DECREMENT: R [return_stmt -> T_RETURNT_SEMICOLON]
State 204, Symbol T_FLOAT: R [return_stmt -> T_RETURNT_SEMICOLON]
State 204, Symbol T_FLOAT_LITERAL: R [return_stmt -> T_RETURNT_SEMICOLON]
State 204, Symbol T_FOR: R [return_stmt -> T_RETURNT_SEMICOLON]
State 204, Symbol T_IDENTIFIER: R [return_stmt -> T_RETURNT_SEMICOLON]
State 204, Symbol T_IF: R [return_stmt -> T_RETURNT_SEMICOLON]
State 204, Symbol T_INCREMENT: R [return_stmt -> T_RETURNT_SEMICOLON]
State 204, Symbol T_INT: R [return_stmt -> T_RETURNT_SEMICOLON]
State 204, Symbol T_INTEGER_LITERAL: R [return_stmt -> T_RETURNT_SEMICOLON]
State 204, Symbol T_LEFT_BRACE: R [return_stmt -> T_RETURNT_SEMICOLON]
State 204, Symbol T_LEFT_PAREN: R [return_stmt -> T_RETURNT_SEMICOLON]
State 204, Symbol T_NOT: R [return_stmt -> T_RETURNT_SEMICOLON]
State 204, Symbol T_RETURN: R [return_stmt -> T_RETURNT_SEMICOLON]
State 204, Symbol T_RIGHT_BRACE: R [return_stmt -> T_RETURNT_SEMICOLON]
State 204, Symbol T_STRING_LITERAL: R [return_stmt -> T_RETURNT_SEMICOLON]
State 204, Symbol T_VOID: R [return_stmt -> T_RETURNT_SEMICOLON]
State 204, Symbol T_WHILE: R [return_stmt -> T_RETURNT_SEMICOLON]
State 205, Symbol T_SEMICOLON: S 295
State 206, Symbol T_BITNOT: S 61
State 206, Symbol T_CHAR_LITERAL: S 62
State 206, Symbol T_DECREMENT: S 37
State 206, Symbol T_FLOAT_LITERAL: S 63
State 206, Symbol T_IDENTIFIER: S 60
State 206, Symbol T_INCREMENT: S 38
State 206, Symbol T_INTEGER_LITERAL: S 64
State 206, Symbol T_LEFT_PAREN: S 65
State 206, Symbol T_NOT: S 66
State 206, Symbol T_STRING_LITERAL: S 67
State 207, Symbol T_CHAR: R [compound_stmt -> T_LEFT_BRACEblock_itemsT_RIGHT_BRACE]
State 207, Symbol T_EOF: R [compound_stmt -> T_LEFT_BRACEblock_itemsT_RIGHT_BRACE]
State 207, Symbol T_FLOAT: R [compound_stmt -> T_LEFT_BRACEblock_itemsT_RIGHT_BRACE]
State 207, Symbol T_INT: R [compound_stmt -> T_LEFT_BRACEblock_itemsT_RIGHT_BRACE]
State 207, Symbol T_VOID: R [compound_stmt -> T_LEFT_BRACEblock_itemsT_RIGHT_BRACE]
State 208, Symbol T_BITNOT: R [expression_stmt -> expressionT_SEMICOLON]
State 208, Symbol T_CHAR: R [expression_stmt -> expressionT_SEMICOLON]
State 208, Symbol T_CHAR_LITERAL: R [expression_stmt -> expressionT_SEMICOLON]
State 208, Symbol T_DECREMENT: R [expression_stmt -> expressionT_SEMICOLON]
State 208, Symbol T_FLOAT: R [expression_stmt -> expressionT_SEMICOLON]
State 208, Symbol T_FLOAT_LITERAL: R [expression_stmt -> expressionT_SEMICOLON]
State 208, Symbol T_FOR: R [expression_stmt -> expressionT_SEMICOLON]
State 208, Symbol T_IDENTIFIER: R [expression_stmt -> expressionT_SEMICOLON]
State 208, Symbol T_IF: R [expression_stmt -> expressionT_SEMICOLON]
State 208, Symbol T_INCREMENT: R [expression_stmt -> expressionT_SEMICOLON]
State 208, Symbol T_INT: R [expression_stmt -> expressionT_SEMICOLON]
State 208, Symbol T_INTEGER_LITERAL: R [expression_stmt -> expressionT_SEMICOLON]
State 208, Symbol T_LEFT_BRACE: R [expression_stmt -> expressionT_SEMICOLON]
State 208, Symbol T_LEFT_PAREN: R [expression_stmt -> expressionT_SEMICOLON]
State 208, Symbol T_NOT: R [expression_stmt -> expressionT_SEMICOLON]
State 208, Symbol T_RETURN: R [expression_stmt -> expressionT_SEMICOLON]
State 208, Symbol T_RIGHT_BRACE: R [expression_stmt -> expressionT_SEMICOLON]
State 208, Symbol T_STRING_LITERAL: R [expression_stmt -> expressionT_SEMICOLON]
State 208, Symbol T_VOID: R [expression_stmt -> expressionT_SEMICOLON]
State 208, Symbol T_WHILE: R [expression_stmt -> expressionT_SEMICOLON]
State 209, Symbol T_RIGHT_BRACE: R [statement_list -> statementstatement_list]
State 210, Symbol T_ASSIGN: S 19
State 210, Symbol T_LEFT_SQUARE: S 297
State 210, Symbol T_SEMICOLON: S 298
State 211, Symbol T_COMMA: R [param -> type_specifierT_IDENTIFIERT_LEFT_SQUARET_RIGHT_SQUARE]
State 211, Symbol T_RIGHT_PAREN: R [param -> type_specifierT_IDENTIFIERT_LEFT_SQUARET_RIGHT_SQUARE]
State 212, Symbol T_BITNOT: S 125
State 212, Symbol T_CHAR_LITERAL: S 126
State 212, Symbol T_DECREMENT: S 37
State 212, Symbol T_FLOAT_LITERAL: S 127
State 212, Symbol T_IDENTIFIER: S 123
State 212, Symbol T_INCREMENT: S 38
State 212, Symbol T_INTEGER_LITERAL: S 128
State 212, Symbol T_LEFT_PAREN: S 129
State 212, Symbol T_NOT: S 130
State 212, Symbol T_RIGHT_PAREN: S 300
State 212, Symbol T_STRING_LITERAL: S 131
State 213, Symbol T_BITNOT: S 144
State 213, Symbol T_CHAR_LITERAL: S 145
State 213, Symbol T_DECREMENT: S 37
State 213, Symbol T_FLOAT_LITERAL: S 146
State 213, Symbol T_IDENTIFIER: S 143
State 213, Symbol T_INCREMENT: S 38
State 213, Symbol T_INTEGER_LITERAL: S 147
State 213, Symbol T_LEFT_PAREN: S 148
State 213, Symbol T_NOT: S 149
State 213, Symbol T_STRING_LITERAL: S 150
State 214, Symbol T_BITAND: R [var -> T_IDENTIFIER]
State 214, Symbol T_BITOR: R [var -> T_IDENTIFIER]
State 214, Symbol T_BITXOR: R [var -> T_IDENTIFIER]
State 214, Symbol T_COMMA: R [var -> T_IDENTIFIER]
State 214, Symbol T_DIVIDE: R [var -> T_IDENTIFIER]
State 214, Symbol T_EQUAL: R [var -> T_IDENTIFIER]
State 214, Symbol T_GREATER: R [var -> T_IDENTIFIER]
State 214, Symbol T_GREATEREQUAL: R [var -> T_IDENTIFIER]
State 214, Symbol T_LEFTSHIFT: R [var -> T_IDENTIFIER]
State 214, Symbol T_LEFT_PAREN: S 212
State 214, Symbol T_LEFT_SQUARE: S 303
State 214, Symbol T_LESS: R [var -> T_IDENTIFIER]
State 214, Symbol T_LESSEQUAL: R [var -> T_IDENTIFIER]
State 214, Symbol T_MINUS: R [var -> T_IDENTIFIER]
State 214, Symbol T_MOD: R [var -> T_IDENTIFIER]
State 214, Symbol T_MULTIPLY: R [var -> T_IDENTIFIER]
State 214, Symbol T_PLUS: R [var -> T_IDENTIFIER]
State 214, Symbol T_RIGHTSHIFT: R [var -> T_IDENTIFIER]
State 214, Symbol T_RIGHT_PAREN: R [var -> T_IDENTIFIER]
State 215, Symbol T_BITAND: R [factor -> T_BITNOTfactor]
State 215, Symbol T_BITOR: R [factor -> T_BITNOTfactor]
State 215, Symbol T_BITXOR: R [factor -> T_BITNOTfactor]
State 215, Symbol T_COMMA: R [factor -> T_BITNOTfactor]
State 215, Symbol T_DIVIDE: R [factor -> T_BITNOTfactor]
State 215, Symbol T_EQUAL: R [factor -> T_BITNOTfactor]
State 215, Symbol T_GREATER: R [factor -> T_BITNOTfactor]
State 215, Symbol T_GREATEREQUAL: R [factor -> T_BITNOTfactor]
State 215, Symbol T_LEFTSHIFT: R [factor -> T_BITNOTfactor]
State 215, Symbol T_LESS: R [factor -> T_BITNOTfactor]
State 215, Symbol T_LESSEQUAL: R [factor -> T_BITNOTfactor]
State 215, Symbol T_MINUS: R [factor -> T_BITNOTfactor]
State 215, Symbol T_MOD: R [factor -> T_BITNOTfactor]
State 215, Symbol T_MULTIPLY: R [factor -> T_BITNOTfactor]
State 215, Symbol T_PLUS: R [factor -> T_BITNOTfactor]
State 215, Symbol T_RIGHTSHIFT: R [factor -> T_BITNOTfactor]
State 215, Symbol T_RIGHT_PAREN: R [factor -> T_BITNOTfactor]
State 216, Symbol T_BITAND: R [factor -> var]
State 216, Symbol T_BITOR: R [factor -> var]
State 216, Symbol T_BITXOR: R [factor -> var]
State 216, Symbol T_COMMA: R [factor -> var]
State 216, Symbol T_DIVIDE: R [factor -> var]
State 216, Symbol T_EQUAL: R [factor -> var]
State 216, Symbol T_GREATER: R [factor -> var]
State 216, Symbol T_GREATEREQUAL: R [factor -> var]
State 216, Symbol T_LEFTSHIFT: R [factor -> var]
State 216, Symbol T_LESS: R [factor -> var]
State 216, Symbol T_LESSEQUAL: R [factor -> var]
State 216, Symbol T_MINUS: R [factor -> var]
State 216, Symbol T_MOD: R [factor -> var]
State 216, Symbol T_MULTIPLY: R [factor -> var]
State 216, Symbol T_PLUS: R [factor -> var]
State 216, Symbol T_RIGHTSHIFT: R [factor -> var]
State 216, Symbol T_RIGHT_PAREN: R [factor -> var]
State 217, Symbol T_RIGHT_PAREN: S 304
State 218, Symbol T_BITAND: R [factor -> T_NOTfactor]
State 218, Symbol T_BITOR: R [factor -> T_NOTfactor]
State 218, Symbol T_BITXOR: R [factor -> T_NOTfactor]
State 218, Symbol T_COMMA: R [factor -> T_NOTfactor]
State 218, Symbol T_DIVIDE: R [factor -> T_NOTfactor]
State 218, Symbol T_EQUAL: R [factor -> T_NOTfactor]
State 218, Symbol T_GREATER: R [factor -> T_NOTfactor]
State 218, Symbol T_GREATEREQUAL: R [factor -> T_NOTfactor]
State 218, Symbol T_LEFTSHIFT: R [factor -> T_NOTfactor]
State 218, Symbol T_LESS: R [factor -> T_NOTfactor]
State 218, Symbol T_LESSEQUAL: R [factor -> T_NOTfactor]
State 218, Symbol T_MINUS: R [factor -> T_NOTfactor]
State 218, Symbol T_MOD: R [factor -> T_NOTfactor]
State 218, Symbol T_MULTIPLY: R [factor -> T_NOTfactor]
State 218, Symbol T_PLUS: R [factor -> T_NOTfactor]
State 218, Symbol T_RIGHTSHIFT: R [factor -> T_NOTfactor]
State 218, Symbol T_RIGHT_PAREN: R [factor -> T_NOTfactor]
State 219, Symbol T_BITNOT: S 125
State 219, Symbol T_CHAR_LITERAL: S 126
State 219, Symbol T_DECREMENT: S 37
State 219, Symbol T_FLOAT_LITERAL: S 127
State 219, Symbol T_IDENTIFIER: S 305
State 219, Symbol T_INCREMENT: S 38
State 219, Symbol T_INTEGER_LITERAL: S 128
State 219, Symbol T_LEFT_PAREN: S 129
State 219, Symbol T_NOT: S 130
State 219, Symbol T_STRING_LITERAL: S 131
State 220, Symbol T_BITNOT: S 310
State 220, Symbol T_CHAR_LITERAL: S 311
State 220, Symbol T_DECREMENT: S 37
State 220, Symbol T_FLOAT_LITERAL: S 312
State 220, Symbol T_IDENTIFIER: S 309
State 220, Symbol T_INCREMENT: S 38
State 220, Symbol T_INTEGER_LITERAL: S 313
State 220, Symbol T_LEFT_PAREN: S 314
State 220, Symbol T_NOT: S 315
State 220, Symbol T_STRING_LITERAL: S 316
State 221, Symbol T_BITNOT: S 125
State 221, Symbol T_CHAR_LITERAL: S 126
State 221, Symbol T_DECREMENT: S 37
State 221, Symbol T_FLOAT_LITERAL: S 127
State 221, Symbol T_IDENTIFIER: S 214
State 221, Symbol T_INCREMENT: S 38
State 221, Symbol T_INTEGER_LITERAL: S 128
State 221, Symbol T_LEFT_PAREN: S 129
State 221, Symbol T_NOT: S 130
State 221, Symbol T_STRING_LITERAL: S 131
State 222, Symbol T_BITNOT: S 125
State 222, Symbol T_CHAR_LITERAL: S 126
State 222, Symbol T_DECREMENT: S 37
State 222, Symbol T_FLOAT_LITERAL: S 127
State 222, Symbol T_IDENTIFIER: S 123
State 222, Symbol T_INCREMENT: S 38
State 222, Symbol T_INTEGER_LITERAL: S 128
State 222, Symbol T_LEFT_PAREN: S 129
State 222, Symbol T_NOT: S 130
State 222, Symbol T_STRING_LITERAL: S 131
State 223, Symbol T_BITAND: R [call -> T_IDENTIFIERT_LEFT_PARENargsT_RIGHT_PAREN]
State 223, Symbol T_BITOR: R [call -> T_IDENTIFIERT_LEFT_PARENargsT_RIGHT_PAREN]
State 223, Symbol T_BITXOR: R [call -> T_IDENTIFIERT_LEFT_PARENargsT_RIGHT_PAREN]
State 223, Symbol T_DIVIDE: R [call -> T_IDENTIFIERT_LEFT_PARENargsT_RIGHT_PAREN]
State 223, Symbol T_EQUAL: R [call -> T_IDENTIFIERT_LEFT_PARENargsT_RIGHT_PAREN]
State 223, Symbol T_GREATER: R [call -> T_IDENTIFIERT_LEFT_PARENargsT_RIGHT_PAREN]
State 223, Symbol T_GREATEREQUAL: R [call -> T_IDENTIFIERT_LEFT_PARENargsT_RIGHT_PAREN]
State 223, Symbol T_LEFTSHIFT: R [call -> T_IDENTIFIERT_LEFT_PARENargsT_RIGHT_PAREN]
State 223, Symbol T_LESS: R [call -> T_IDENTIFIERT_LEFT_PARENargsT_RIGHT_PAREN]
State 223, Symbol T_LESSEQUAL: R [call -> T_IDENTIFIERT_LEFT_PARENargsT_RIGHT_PAREN]
State 223, Symbol T_MINUS: R [call -> T_IDENTIFIERT_LEFT_PARENargsT_RIGHT_PAREN]
State 223, Symbol T_MOD: R [call -> T_IDENTIFIERT_LEFT_PARENargsT_RIGHT_PAREN]
State 223, Symbol T_MULTIPLY: R [call -> T_IDENTIFIERT_LEFT_PARENargsT_RIGHT_PAREN]
State 223, Symbol T_PLUS: R [call -> T_IDENTIFIERT_LEFT_PARENargsT_RIGHT_PAREN]
State 223, Symbol T_RIGHTSHIFT: R [call -> T_IDENTIFIERT_LEFT_PARENargsT_RIGHT_PAREN]
State 223, Symbol T_SEMICOLON: R [call -> T_IDENTIFIERT_LEFT_PARENargsT_RIGHT_PAREN]
State 224, Symbol T_BITNOT: S 125
State 224, Symbol T_CHAR_LITERAL: S 126
State 224, Symbol T_DECREMENT: S 37
State 224, Symbol T_FLOAT_LITERAL: S 127
State 224, Symbol T_IDENTIFIER: S 123
State 224, Symbol T_INCREMENT: S 38
State 224, Symbol T_INTEGER_LITERAL: S 128
State 224, Symbol T_LEFT_PAREN: S 129
State 224, Symbol T_NOT: S 130
State 224, Symbol T_STRING_LITERAL: S 131
State 225, Symbol T_BITAND: R [inc_dec_operator -> T_DECREMENT]
State 225, Symbol T_BITOR: R [inc_dec_operator -> T_DECREMENT]
State 225, Symbol T_BITXOR: R [inc_dec_operator -> T_DECREMENT]
State 225, Symbol T_COMMA: R [inc_dec_operator -> T_DECREMENT]
State 225, Symbol T_DIVIDE: R [inc_dec_operator -> T_DECREMENT]
State 225, Symbol T_EQUAL: R [inc_dec_operator -> T_DECREMENT]
State 225, Symbol T_GREATER: R [inc_dec_operator -> T_DECREMENT]
State 225, Symbol T_GREATEREQUAL: R [inc_dec_operator -> T_DECREMENT]
State 225, Symbol T_LEFTSHIFT: R [inc_dec_operator -> T_DECREMENT]
State 225, Symbol T_LESS: R [inc_dec_operator -> T_DECREMENT]
State 225, Symbol T_LESSEQUAL: R [inc_dec_operator -> T_DECREMENT]
State 225, Symbol T_MINUS: R [inc_dec_operator -> T_DECREMENT]
State 225, Symbol T_MOD: R [inc_dec_operator -> T_DECREMENT]
State 225, Symbol T_MULTIPLY: R [inc_dec_operator -> T_DECREMENT]
State 225, Symbol T_PLUS: R [inc_dec_operator -> T_DECREMENT]
State 225, Symbol T_RIGHTSHIFT: R [inc_dec_operator -> T_DECREMENT]
State 225, Symbol T_RIGHT_PAREN: R [inc_dec_operator -> T_DECREMENT]
State 226, Symbol T_BITAND: R [inc_dec_operator -> T_INCREMENT]
State 226, Symbol T_BITOR: R [inc_dec_operator -> T_INCREMENT]
State 226, Symbol T_BITXOR: R [inc_dec_operator -> T_INCREMENT]
State 226, Symbol T_COMMA: R [inc_dec_operator -> T_INCREMENT]
State 226, Symbol T_DIVIDE: R [inc_dec_operator -> T_INCREMENT]
State 226, Symbol T_EQUAL: R [inc_dec_operator -> T_INCREMENT]
State 226, Symbol T_GREATER: R [inc_dec_operator -> T_INCREMENT]
State 226, Symbol T_GREATEREQUAL: R [inc_dec_operator -> T_INCREMENT]
State 226, Symbol T_LEFTSHIFT: R [inc_dec_operator -> T_INCREMENT]
State 226, Symbol T_LESS: R [inc_dec_operator -> T_INCREMENT]
State 226, Symbol T_LESSEQUAL: R [inc_dec_operator -> T_INCREMENT]
State 226, Symbol T_MINUS: R [inc_dec_operator -> T_INCREMENT]
State 226, Symbol T_MOD: R [inc_dec_operator -> T_INCREMENT]
State 226, Symbol T_MULTIPLY: R [inc_dec_operator -> T_INCREMENT]
State 226, Symbol T_PLUS: R [inc_dec_operator -> T_INCREMENT]
State 226, Symbol T_RIGHTSHIFT: R [inc_dec_operator -> T_INCREMENT]
State 226, Symbol T_RIGHT_PAREN: R [inc_dec_operator -> T_INCREMENT]
State 227, Symbol T_BITAND: R [postfix_expression -> varinc_dec_operator]
State 227, Symbol T_BITOR: R [postfix_expression -> varinc_dec_operator]
State 227, Symbol T_BITXOR: R [postfix_expression -> varinc_dec_operator]
State 227, Symbol T_COMMA: R [postfix_expression -> varinc_dec_operator]
State 227, Symbol T_DIVIDE: R [postfix_expression -> varinc_dec_operator]
State 227, Symbol T_EQUAL: R [postfix_expression -> varinc_dec_operator]
State 227, Symbol T_GREATER: R [postfix_expression -> varinc_dec_operator]
State 227, Symbol T_GREATEREQUAL: R [postfix_expression -> varinc_dec_operator]
State 227, Symbol T_LEFTSHIFT: R [postfix_expression -> varinc_dec_operator]
State 227, Symbol T_LESS: R [postfix_expression -> varinc_dec_operator]
State 227, Symbol T_LESSEQUAL: R [postfix_expression -> varinc_dec_operator]
State 227, Symbol T_MINUS: R [postfix_expression -> varinc_dec_operator]
State 227, Symbol T_MOD: R [postfix_expression -> varinc_dec_operator]
State 227, Symbol T_MULTIPLY: R [postfix_expression -> varinc_dec_operator]
State 227, Symbol T_PLUS: R [postfix_expression -> varinc_dec_operator]
State 227, Symbol T_RIGHTSHIFT: R [postfix_expression -> varinc_dec_operator]
State 227, Symbol T_RIGHT_PAREN: R [postfix_expression -> varinc_dec_operator]
State 228, Symbol T_BITAND: R [var -> T_IDENTIFIER]
State 228, Symbol T_BITOR: R [var -> T_IDENTIFIER]
State 228, Symbol T_BITXOR: R [var -> T_IDENTIFIER]
State 228, Symbol T_COMMA: R [var -> T_IDENTIFIER]
State 228, Symbol T_DIVIDE: R [var -> T_IDENTIFIER]
State 228, Symbol T_EQUAL: R [var -> T_IDENTIFIER]
State 228, Symbol T_GREATER: R [var -> T_IDENTIFIER]
State 228, Symbol T_GREATEREQUAL: R [var -> T_IDENTIFIER]
State 228, Symbol T_LEFTSHIFT: R [var -> T_IDENTIFIER]
State 228, Symbol T_LEFT_SQUARE: S 303
State 228, Symbol T_LESS: R [var -> T_IDENTIFIER]
State 228, Symbol T_LESSEQUAL: R [var -> T_IDENTIFIER]
State 228, Symbol T_MINUS: R [var -> T_IDENTIFIER]
State 228, Symbol T_MOD: R [var -> T_IDENTIFIER]
State 228, Symbol T_MULTIPLY: R [var -> T_IDENTIFIER]
State 228, Symbol T_PLUS: R [var -> T_IDENTIFIER]
State 228, Symbol T_RIGHTSHIFT: R [var -> T_IDENTIFIER]
State 228, Symbol T_RIGHT_PAREN: R [var -> T_IDENTIFIER]
State 229, Symbol T_BITAND: R [factor -> inc_dec_operatorvar]
State 229, Symbol T_BITOR: R [factor -> inc_dec_operatorvar]
State 229, Symbol T_BITXOR: R [factor -> inc_dec_operatorvar]
State 229, Symbol T_COMMA: R [factor -> inc_dec_operatorvar]
State 229, Symbol T_DIVIDE: R [factor -> inc_dec_operatorvar]
State 229, Symbol T_EQUAL: R [factor -> inc_dec_operatorvar]
State 229, Symbol T_GREATER: R [factor -> inc_dec_operatorvar]
State 229, Symbol T_GREATEREQUAL: R [factor -> inc_dec_operatorvar]
State 229, Symbol T_LEFTSHIFT: R [factor -> inc_dec_operatorvar]
State 229, Symbol T_LESS: R [factor -> inc_dec_operatorvar]
State 229, Symbol T_LESSEQUAL: R [factor -> inc_dec_operatorvar]
State 229, Symbol T_MINUS: R [factor -> inc_dec_operatorvar]
State 229, Symbol T_MOD: R [factor -> inc_dec_operatorvar]
State 229, Symbol T_MULTIPLY: R [factor -> inc_dec_operatorvar]
State 229, Symbol T_PLUS: R [factor -> inc_dec_operatorvar]
State 229, Symbol T_RIGHTSHIFT: R [factor -> inc_dec_operatorvar]
State 229, Symbol T_RIGHT_PAREN: R [factor -> inc_dec_operatorvar]
State 230, Symbol T_BITNOT: S 125
State 230, Symbol T_CHAR_LITERAL: S 126
State 230, Symbol T_DECREMENT: S 37
State 230, Symbol T_FLOAT_LITERAL: S 127
State 230, Symbol T_IDENTIFIER: S 123
State 230, Symbol T_INCREMENT: S 38
State 230, Symbol T_INTEGER_LITERAL: S 128
State 230, Symbol T_LEFT_PAREN: S 129
State 230, Symbol T_NOT: S 130
State 230, Symbol T_RIGHT_PAREN: S 327
State 230, Symbol T_STRING_LITERAL: S 131
State 231, Symbol T_BITNOT: S 144
State 231, Symbol T_CHAR_LITERAL: S 145
State 231, Symbol T_DECREMENT: S 37
State 231, Symbol T_FLOAT_LITERAL: S 146
State 231, Symbol T_IDENTIFIER: S 143
State 231, Symbol T_INCREMENT: S 38
State 231, Symbol T_INTEGER_LITERAL: S 147
State 231, Symbol T_LEFT_PAREN: S 148
State 231, Symbol T_NOT: S 149
State 231, Symbol T_STRING_LITERAL: S 150
State 232, Symbol T_BITAND: R [var -> T_IDENTIFIER]
State 232, Symbol T_BITOR: R [var -> T_IDENTIFIER]
State 232, Symbol T_BITXOR: R [var -> T_IDENTIFIER]
State 232, Symbol T_DIVIDE: R [var -> T_IDENTIFIER]
State 232, Symbol T_EQUAL: R [var -> T_IDENTIFIER]
State 232, Symbol T_GREATER: R [var -> T_IDENTIFIER]
State 232, Symbol T_GREATEREQUAL: R [var -> T_IDENTIFIER]
State 232, Symbol T_LEFTSHIFT: R [var -> T_IDENTIFIER]
State 232, Symbol T_LEFT_PAREN: S 230
State 232, Symbol T_LEFT_SQUARE: S 330
State 232, Symbol T_LESS: R [var -> T_IDENTIFIER]
State 232, Symbol T_LESSEQUAL: R [var -> T_IDENTIFIER]
State 232, Symbol T_MINUS: R [var -> T_IDENTIFIER]
State 232, Symbol T_MOD: R [var -> T_IDENTIFIER]
State 232, Symbol T_MULTIPLY: R [var -> T_IDENTIFIER]
State 232, Symbol T_PLUS: R [var -> T_IDENTIFIER]
State 232, Symbol T_RIGHTSHIFT: R [var -> T_IDENTIFIER]
State 232, Symbol T_RIGHT_SQUARE: R [var -> T_IDENTIFIER]
State 233, Symbol T_BITAND: R [factor -> T_BITNOTfactor]
State 233, Symbol T_BITOR: R [factor -> T_BITNOTfactor]
State 233, Symbol T_BITXOR: R [factor -> T_BITNOTfactor]
State 233, Symbol T_DIVIDE: R [factor -> T_BITNOTfactor]
State 233, Symbol T_EQUAL: R [factor -> T_BITNOTfactor]
State 233, Symbol T_GREATER: R [factor -> T_BITNOTfactor]
State 233, Symbol T_GREATEREQUAL: R [factor -> T_BITNOTfactor]
State 233, Symbol T_LEFTSHIFT: R [factor -> T_BITNOTfactor]
State 233, Symbol T_LESS: R [factor -> T_BITNOTfactor]
State 233, Symbol T_LESSEQUAL: R [factor -> T_BITNOTfactor]
State 233, Symbol T_MINUS: R [factor -> T_BITNOTfactor]
State 233, Symbol T_MOD: R [factor -> T_BITNOTfactor]
State 233, Symbol T_MULTIPLY: R [factor -> T_BITNOTfactor]
State 233, Symbol T_PLUS: R [factor -> T_BITNOTfactor]
State 233, Symbol T_RIGHTSHIFT: R [factor -> T_BITNOTfactor]
State 233, Symbol T_RIGHT_SQUARE: R [factor -> T_BITNOTfactor]
State 234, Symbol T_BITAND: R [factor -> var]
State 234, Symbol T_BITOR: R [factor -> var]
State 234, Symbol T_BITXOR: R [factor -> var]
State 234, Symbol T_DIVIDE: R [factor -> var]
State 234, Symbol T_EQUAL: R [factor -> var]
State 234, Symbol T_GREATER: R [factor -> var]
State 234, Symbol T_GREATEREQUAL: R [factor -> var]
State 234, Symbol T_LEFTSHIFT: R [factor -> var]
State 234, Symbol T_LESS: R [factor -> var]
State 234, Symbol T_LESSEQUAL: R [factor -> var]
State 234, Symbol T_MINUS: R [factor -> var]
State 234, Symbol T_MOD: R [factor -> var]
State 234, Symbol T_MULTIPLY: R [factor -> var]
State 234, Symbol T_PLUS: R [factor -> var]
State 234, Symbol T_RIGHTSHIFT: R [factor -> var]
State 234, Symbol T_RIGHT_SQUARE: R [factor -> var]
State 235, Symbol T_RIGHT_PAREN: S 331
State 236, Symbol T_BITAND: R [factor -> T_NOTfactor]
State 236, Symbol T_BITOR: R [factor -> T_NOTfactor]
State 236, Symbol T_BITXOR: R [factor -> T_NOTfactor]
State 236, Symbol T_DIVIDE: R [factor -> T_NOTfactor]
State 236, Symbol T_EQUAL: R [factor -> T_NOTfactor]
State 236, Symbol T_GREATER: R [factor -> T_NOTfactor]
State 236, Symbol T_GREATEREQUAL: R [factor -> T_NOTfactor]
State 236, Symbol T_LEFTSHIFT: R [factor -> T_NOTfactor]
State 236, Symbol T_LESS: R [factor -> T_NOTfactor]
State 236, Symbol T_LESSEQUAL: R [factor -> T_NOTfactor]
State 236, Symbol T_MINUS: R [factor -> T_NOTfactor]
State 236, Symbol T_MOD: R [factor -> T_NOTfactor]
State 236, Symbol T_MULTIPLY: R [factor -> T_NOTfactor]
State 236, Symbol T_PLUS: R [factor -> T_NOTfactor]
State 236, Symbol T_RIGHTSHIFT: R [factor -> T_NOTfactor]
State 236, Symbol T_RIGHT_SQUARE: R [factor -> T_NOTfactor]
State 237, Symbol T_BITNOT: S 144
State 237, Symbol T_CHAR_LITERAL: S 145
State 237, Symbol T_DECREMENT: S 37
State 237, Symbol T_FLOAT_LITERAL: S 146
State 237, Symbol T_IDENTIFIER: S 332
State 237, Symbol T_INCREMENT: S 38
State 237, Symbol T_INTEGER_LITERAL: S 147
State 237, Symbol T_LEFT_PAREN: S 148
State 237, Symbol T_NOT: S 149
State 237, Symbol T_STRING_LITERAL: S 150
State 238, Symbol T_BITNOT: S 337
State 238, Symbol T_CHAR_LITERAL: S 338
State 238, Symbol T_DECREMENT: S 37
State 238, Symbol T_FLOAT_LITERAL: S 339
State 238, Symbol T_IDENTIFIER: S 336
State 238, Symbol T_INCREMENT: S 38
State 238, Symbol T_INTEGER_LITERAL: S 340
State 238, Symbol T_LEFT_PAREN: S 341
State 238, Symbol T_NOT: S 342
State 238, Symbol T_STRING_LITERAL: S 343
State 239, Symbol T_BITNOT: S 144
State 239, Symbol T_CHAR_LITERAL: S 145
State 239, Symbol T_DECREMENT: S 37
State 239, Symbol T_FLOAT_LITERAL: S 146
State 239, Symbol T_IDENTIFIER: S 232
State 239, Symbol T_INCREMENT: S 38
State 239, Symbol T_INTEGER_LITERAL: S 147
State 239, Symbol T_LEFT_PAREN: S 148
State 239, Symbol T_NOT: S 149
State 239, Symbol T_STRING_LITERAL: S 150
State 240, Symbol T_BITNOT: S 144
State 240, Symbol T_CHAR_LITERAL: S 145
State 240, Symbol T_DECREMENT: S 37
State 240, Symbol T_FLOAT_LITERAL: S 146
State 240, Symbol T_IDENTIFIER: S 143
State 240, Symbol T_INCREMENT: S 38
State 240, Symbol T_INTEGER_LITERAL: S 147
State 240, Symbol T_LEFT_PAREN: S 148
State 240, Symbol T_NOT: S 149
State 240, Symbol T_STRING_LITERAL: S 150
State 241, Symbol T_BITAND: R [inc_dec_operator -> T_DECREMENT]
State 241, Symbol T_BITOR: R [inc_dec_operator -> T_DECREMENT]
State 241, Symbol T_BITXOR: R [inc_dec_operator -> T_DECREMENT]
State 241, Symbol T_DIVIDE: R [inc_dec_operator -> T_DECREMENT]
State 241, Symbol T_EQUAL: R [inc_dec_operator -> T_DECREMENT]
State 241, Symbol T_GREATER: R [inc_dec_operator -> T_DECREMENT]
State 241, Symbol T_GREATEREQUAL: R [inc_dec_operator -> T_DECREMENT]
State 241, Symbol T_LEFTSHIFT: R [inc_dec_operator -> T_DECREMENT]
State 241, Symbol T_LESS: R [inc_dec_operator -> T_DECREMENT]
State 241, Symbol T_LESSEQUAL: R [inc_dec_operator -> T_DECREMENT]
State 241, Symbol T_MINUS: R [inc_dec_operator -> T_DECREMENT]
State 241, Symbol T_MOD: R [inc_dec_operator -> T_DECREMENT]
State 241, Symbol T_MULTIPLY: R [inc_dec_operator -> T_DECREMENT]
State 241, Symbol T_PLUS: R [inc_dec_operator -> T_DECREMENT]
State 241, Symbol T_RIGHTSHIFT: R [inc_dec_operator -> T_DECREMENT]
State 241, Symbol T_RIGHT_SQUARE: R [inc_dec_operator -> T_DECREMENT]
State 242, Symbol T_BITAND: R [inc_dec_operator -> T_INCREMENT]
State 242, Symbol T_BITOR: R [inc_dec_operator -> T_INCREMENT]
State 242, Symbol T_BITXOR: R [inc_dec_operator -> T_INCREMENT]
State 242, Symbol T_DIVIDE: R [inc_dec_operator -> T_INCREMENT]
State 242, Symbol T_EQUAL: R [inc_dec_operator -> T_INCREMENT]
State 242, Symbol T_GREATER: R [inc_dec_operator -> T_INCREMENT]
State 242, Symbol T_GREATEREQUAL: R [inc_dec_operator -> T_INCREMENT]
State 242, Symbol T_LEFTSHIFT: R [inc_dec_operator -> T_INCREMENT]
State 242, Symbol T_LESS: R [inc_dec_operator -> T_INCREMENT]
State 242, Symbol T_LESSEQUAL: R [inc_dec_operator -> T_INCREMENT]
State 242, Symbol T_MINUS: R [inc_dec_operator -> T_INCREMENT]
State 242, Symbol T_MOD: R [inc_dec_operator -> T_INCREMENT]
State 242, Symbol T_MULTIPLY: R [inc_dec_operator -> T_INCREMENT]
State 242, Symbol T_PLUS: R [inc_dec_operator -> T_INCREMENT]
State 242, Symbol T_RIGHTSHIFT: R [inc_dec_operator -> T_INCREMENT]
State 242, Symbol T_RIGHT_SQUARE: R [inc_dec_operator -> T_INCREMENT]
State 243, Symbol T_BITAND: R [postfix_expression -> varinc_dec_operator]
State 243, Symbol T_BITOR: R [postfix_expression -> varinc_dec_operator]
State 243, Symbol T_BITXOR: R [postfix_expression -> varinc_dec_operator]
State 243, Symbol T_DIVIDE: R [postfix_expression -> varinc_dec_operator]
State 243, Symbol T_EQUAL: R [postfix_expression -> varinc_dec_operator]
State 243, Symbol T_GREATER: R [postfix_expression -> varinc_dec_operator]
State 243, Symbol T_GREATEREQUAL: R [postfix_expression -> varinc_dec_operator]
State 243, Symbol T_LEFTSHIFT: R [postfix_expression -> varinc_dec_operator]
State 243, Symbol T_LESS: R [postfix_expression -> varinc_dec_operator]
State 243, Symbol T_LESSEQUAL: R [postfix_expression -> varinc_dec_operator]
State 243, Symbol T_MINUS: R [postfix_expression -> varinc_dec_operator]
State 243, Symbol T_MOD: R [postfix_expression -> varinc_dec_operator]
State 243, Symbol T_MULTIPLY: R [postfix_expression -> varinc_dec_operator]
State 243, Symbol T_PLUS: R [postfix_expression -> varinc_dec_operator]
State 243, Symbol T_RIGHTSHIFT: R [postfix_expression -> varinc_dec_operator]
State 243, Symbol T_RIGHT_SQUARE: R [postfix_expression -> varinc_dec_operator]
State 244, Symbol T_BITAND: R [var -> T_IDENTIFIER]
State 244, Symbol T_BITOR: R [var -> T_IDENTIFIER]
State 244, Symbol T_BITXOR: R [var -> T_IDENTIFIER]
State 244, Symbol T_DIVIDE: R [var -> T_IDENTIFIER]
State 244, Symbol T_EQUAL: R [var -> T_IDENTIFIER]
State 244, Symbol T_GREATER: R [var -> T_IDENTIFIER]
State 244, Symbol T_GREATEREQUAL: R [var -> T_IDENTIFIER]
State 244, Symbol T_LEFTSHIFT: R [var -> T_IDENTIFIER]
State 244, Symbol T_LEFT_SQUARE: S 330
State 244, Symbol T_LESS: R [var -> T_IDENTIFIER]
State 244, Symbol T_LESSEQUAL: R [var -> T_IDENTIFIER]
State 244, Symbol T_MINUS: R [var -> T_IDENTIFIER]
State 244, Symbol T_MOD: R [var -> T_IDENTIFIER]
State 244, Symbol T_MULTIPLY: R [var -> T_IDENTIFIER]
State 244, Symbol T_PLUS: R [var -> T_IDENTIFIER]
State 244, Symbol T_RIGHTSHIFT: R [var -> T_IDENTIFIER]
State 244, Symbol T_RIGHT_SQUARE: R [var -> T_IDENTIFIER]
State 245, Symbol T_BITAND: R [factor -> inc_dec_operatorvar]
State 245, Symbol T_BITOR: R [factor -> inc_dec_operatorvar]
State 245, Symbol T_BITXOR: R [factor -> inc_dec_operatorvar]
State 245, Symbol T_DIVIDE: R [factor -> inc_dec_operatorvar]
State 245, Symbol T_EQUAL: R [factor -> inc_dec_operatorvar]
State 245, Symbol T_GREATER: R [factor -> inc_dec_operatorvar]
State 245, Symbol T_GREATEREQUAL: R [factor -> inc_dec_operatorvar]
State 245, Symbol T_LEFTSHIFT: R [factor -> inc_dec_operatorvar]
State 245, Symbol T_LESS: R [factor -> inc_dec_operatorvar]
State 245, Symbol T_LESSEQUAL: R [factor -> inc_dec_operatorvar]
State 245, Symbol T_MINUS: R [factor -> inc_dec_operatorvar]
State 245, Symbol T_MOD: R [factor -> inc_dec_operatorvar]
State 245, Symbol T_MULTIPLY: R [factor -> inc_dec_operatorvar]
State 245, Symbol T_PLUS: R [factor -> inc_dec_operatorvar]
State 245, Symbol T_RIGHTSHIFT: R [factor -> inc_dec_operatorvar]
State 245, Symbol T_RIGHT_SQUARE: R [factor -> inc_dec_operatorvar]
State 246, Symbol T_ASSIGN: R [var -> T_IDENTIFIERT_LEFT_SQUAREexpressionT_RIGHT_SQUARE]
State 246, Symbol T_BITAND: R [var -> T_IDENTIFIERT_LEFT_SQUAREexpressionT_RIGHT_SQUARE]
State 246, Symbol T_BITOR: R [var -> T_IDENTIFIERT_LEFT_SQUAREexpressionT_RIGHT_SQUARE]
State 246, Symbol T_BITXOR: R [var -> T_IDENTIFIERT_LEFT_SQUAREexpressionT_RIGHT_SQUARE]
State 246, Symbol T_DECREMENT: R [var -> T_IDENTIFIERT_LEFT_SQUAREexpressionT_RIGHT_SQUARE]
State 246, Symbol T_DIVIDE: R [var -> T_IDENTIFIERT_LEFT_SQUAREexpressionT_RIGHT_SQUARE]
State 246, Symbol T_EQUAL: R [var -> T_IDENTIFIERT_LEFT_SQUAREexpressionT_RIGHT_SQUARE]
State 246, Symbol T_GREATER: R [var -> T_IDENTIFIERT_LEFT_SQUAREexpressionT_RIGHT_SQUARE]
State 246, Symbol T_GREATEREQUAL: R [var -> T_IDENTIFIERT_LEFT_SQUAREexpressionT_RIGHT_SQUARE]
State 246, Symbol T_INCREMENT: R [var -> T_IDENTIFIERT_LEFT_SQUAREexpressionT_RIGHT_SQUARE]
State 246, Symbol T_LEFTSHIFT: R [var -> T_IDENTIFIERT_LEFT_SQUAREexpressionT_RIGHT_SQUARE]
State 246, Symbol T_LESS: R [var -> T_IDENTIFIERT_LEFT_SQUAREexpressionT_RIGHT_SQUARE]
State 246, Symbol T_LESSEQUAL: R [var -> T_IDENTIFIERT_LEFT_SQUAREexpressionT_RIGHT_SQUARE]
State 246, Symbol T_MINUS: R [var -> T_IDENTIFIERT_LEFT_SQUAREexpressionT_RIGHT_SQUARE]
State 246, Symbol T_MOD: R [var -> T_IDENTIFIERT_LEFT_SQUAREexpressionT_RIGHT_SQUARE]
State 246, Symbol T_MULTIPLY: R [var -> T_IDENTIFIERT_LEFT_SQUAREexpressionT_RIGHT_SQUARE]
State 246, Symbol T_PLUS: R [var -> T_IDENTIFIERT_LEFT_SQUAREexpressionT_RIGHT_SQUARE]
State 246, Symbol T_RIGHTSHIFT: R [var -> T_IDENTIFIERT_LEFT_SQUAREexpressionT_RIGHT_SQUARE]
State 246, Symbol T_SEMICOLON: R [var -> T_IDENTIFIERT_LEFT_SQUAREexpressionT_RIGHT_SQUARE]
State 247, Symbol T_RIGHT_SQUARE: S 353
State 248, Symbol T_BITAND: R [call -> T_IDENTIFIERT_LEFT_PARENT_RIGHT_PAREN]
State 248, Symbol T_BITOR: R [call -> T_IDENTIFIERT_LEFT_PARENT_RIGHT_PAREN]
State 248, Symbol T_BITXOR: R [call -> T_IDENTIFIERT_LEFT_PARENT_RIGHT_PAREN]
State 248, Symbol T_DIVIDE: R [call -> T_IDENTIFIERT_LEFT_PARENT_RIGHT_PAREN]
State 248, Symbol T_EQUAL: R [call -> T_IDENTIFIERT_LEFT_PARENT_RIGHT_PAREN]
State 248, Symbol T_GREATER: R [call -> T_IDENTIFIERT_LEFT_PARENT_RIGHT_PAREN]
State 248, Symbol T_GREATEREQUAL: R [call -> T_IDENTIFIERT_LEFT_PARENT_RIGHT_PAREN]
State 248, Symbol T_LEFTSHIFT: R [call -> T_IDENTIFIERT_LEFT_PARENT_RIGHT_PAREN]
State 248, Symbol T_LESS: R [call -> T_IDENTIFIERT_LEFT_PARENT_RIGHT_PAREN]
State 248, Symbol T_LESSEQUAL: R [call -> T_IDENTIFIERT_LEFT_PARENT_RIGHT_PAREN]
State 248, Symbol T_MINUS: R [call -> T_IDENTIFIERT_LEFT_PARENT_RIGHT_PAREN]
State 248, Symbol T_MOD: R [call -> T_IDENTIFIERT_LEFT_PARENT_RIGHT_PAREN]
State 248, Symbol T_MULTIPLY: R [call -> T_IDENTIFIERT_LEFT_PARENT_RIGHT_PAREN]
State 248, Symbol T_PLUS: R [call -> T_IDENTIFIERT_LEFT_PARENT_RIGHT_PAREN]
State 248, Symbol T_RIGHTSHIFT: R [call -> T_IDENTIFIERT_LEFT_PARENT_RIGHT_PAREN]
State 248, Symbol T_RIGHT_PAREN: R [call -> T_IDENTIFIERT_LEFT_PARENT_RIGHT_PAREN]
State 249, Symbol T_RIGHT_PAREN: S 354
State 250, Symbol T_RIGHT_SQUARE: S 355
State 251, Symbol T_BITNOT: S 144
State 251, Symbol T_CHAR_LITERAL: S 145
State 251, Symbol T_DECREMENT: S 37
State 251, Symbol T_FLOAT_LITERAL: S 146
State 251, Symbol T_IDENTIFIER: S 143
State 251, Symbol T_INCREMENT: S 38
State 251, Symbol T_INTEGER_LITERAL: S 147
State 251, Symbol T_LEFT_PAREN: S 148
State 251, Symbol T_NOT: S 149
State 251, Symbol T_STRING_LITERAL: S 150
State 252, Symbol T_BITAND: R [factor -> T_LEFT_PARENexpressionT_RIGHT_PAREN]
State 252, Symbol T_BITOR: R [factor -> T_LEFT_PARENexpressionT_RIGHT_PAREN]
State 252, Symbol T_BITXOR: R [factor -> T_LEFT_PARENexpressionT_RIGHT_PAREN]
State 252, Symbol T_DIVIDE: R [factor -> T_LEFT_PARENexpressionT_RIGHT_PAREN]
State 252, Symbol T_EQUAL: R [factor -> T_LEFT_PARENexpressionT_RIGHT_PAREN]
State 252, Symbol T_GREATER: R [factor -> T_LEFT_PARENexpressionT_RIGHT_PAREN]
State 252, Symbol T_GREATEREQUAL: R [factor -> T_LEFT_PARENexpressionT_RIGHT_PAREN]
State 252, Symbol T_LEFTSHIFT: R [factor -> T_LEFT_PARENexpressionT_RIGHT_PAREN]
State 252, Symbol T_LESS: R [factor -> T_LEFT_PARENexpressionT_RIGHT_PAREN]
State 252, Symbol T_LESSEQUAL: R [factor -> T_LEFT_PARENexpressionT_RIGHT_PAREN]
State 252, Symbol T_MINUS: R [factor -> T_LEFT_PARENexpressionT_RIGHT_PAREN]
State 252, Symbol T_MOD: R [factor -> T_LEFT_PARENexpressionT_RIGHT_PAREN]
State 252, Symbol T_MULTIPLY: R [factor -> T_LEFT_PARENexpressionT_RIGHT_PAREN]
State 252, Symbol T_PLUS: R [factor -> T_LEFT_PARENexpressionT_RIGHT_PAREN]
State 252, Symbol T_RIGHTSHIFT: R [factor -> T_LEFT_PARENexpressionT_RIGHT_PAREN]
State 252, Symbol T_RIGHT_PAREN: R [factor -> T_LEFT_PARENexpressionT_RIGHT_PAREN]
State 253, Symbol T_BITAND: R [var -> T_IDENTIFIER]
State 253, Symbol T_BITOR: R [var -> T_IDENTIFIER]
State 253, Symbol T_BITXOR: R [var -> T_IDENTIFIER]
State 253, Symbol T_DECREMENT: R [var -> T_IDENTIFIER]
State 253, Symbol T_DIVIDE: R [var -> T_IDENTIFIER]
State 253, Symbol T_EQUAL: R [var -> T_IDENTIFIER]
State 253, Symbol T_GREATER: R [var -> T_IDENTIFIER]
State 253, Symbol T_GREATEREQUAL: R [var -> T_IDENTIFIER]
State 253, Symbol T_INCREMENT: R [var -> T_IDENTIFIER]
State 253, Symbol T_LEFTSHIFT: R [var -> T_IDENTIFIER]
State 253, Symbol T_LEFT_PAREN: S 161
State 253, Symbol T_LEFT_SQUARE: S 357
State 253, Symbol T_LESS: R [var -> T_IDENTIFIER]
State 253, Symbol T_LESSEQUAL: R [var -> T_IDENTIFIER]
State 253, Symbol T_MINUS: R [var -> T_IDENTIFIER]
State 253, Symbol T_MOD: R [var -> T_IDENTIFIER]
State 253, Symbol T_MULTIPLY: R [var -> T_IDENTIFIER]
State 253, Symbol T_PLUS: R [var -> T_IDENTIFIER]
State 253, Symbol T_RIGHTSHIFT: R [var -> T_IDENTIFIER]
State 253, Symbol T_RIGHT_PAREN: R [var -> T_IDENTIFIER]
State 254, Symbol T_BITAND: S 87
State 254, Symbol T_BITOR: S 88
State 254, Symbol T_BITXOR: S 89
State 254, Symbol T_DIVIDE: S 90
State 254, Symbol T_EQUAL: R [additive_expression -> additive_expressionaddopterm]
State 254, Symbol T_GREATER: R [additive_expression -> additive_expressionaddopterm]
State 254, Symbol T_GREATEREQUAL: R [additive_expression -> additive_expressionaddopterm]
State 254, Symbol T_LEFTSHIFT: S 91
State 254, Symbol T_LESS: R [additive_expression -> additive_expressionaddopterm]
State 254, Symbol T_LESSEQUAL: R [additive_expression -> additive_expressionaddopterm]
State 254, Symbol T_MINUS: R [additive_expression -> additive_expressionaddopterm]
State 254, Symbol T_MOD: S 92
State 254, Symbol T_MULTIPLY: S 93
State 254, Symbol T_PLUS: R [additive_expression -> additive_expressionaddopterm]
State 254, Symbol T_RIGHTSHIFT: S 94
State 254, Symbol T_RIGHT_PAREN: R [additive_expression -> additive_expressionaddopterm]
State 255, Symbol T_BITAND: R [factor -> var]
State 255, Symbol T_BITOR: R [factor -> var]
State 255, Symbol T_BITXOR: R [factor -> var]
State 255, Symbol T_DECREMENT: S 172
State 255, Symbol T_DIVIDE: R [factor -> var]
State 255, Symbol T_EQUAL: R [factor -> var]
State 255, Symbol T_GREATER: R [factor -> var]
State 255, Symbol T_GREATEREQUAL: R [factor -> var]
State 255, Symbol T_INCREMENT: S 173
State 255, Symbol T_LEFTSHIFT: R [factor -> var]
State 255, Symbol T_LESS: R [factor -> var]
State 255, Symbol T_LESSEQUAL: R [factor -> var]
State 255, Symbol T_MINUS: R [factor -> var]
State 255, Symbol T_MOD: R [factor -> var]
State 255, Symbol T_MULTIPLY: R [factor -> var]
State 255, Symbol T_PLUS: R [factor -> var]
State 255, Symbol T_RIGHTSHIFT: R [factor -> var]
State 255, Symbol T_RIGHT_PAREN: R [factor -> var]
State 256, Symbol T_BITAND: R [term -> postfix_expression]
State 256, Symbol T_BITOR: R [term -> postfix_expression]
State 256, Symbol T_BITXOR: R [term -> postfix_expression]
State 256, Symbol T_DIVIDE: R [term -> postfix_expression]
State 256, Symbol T_EQUAL: R [term -> postfix_expression]
State 256, Symbol T_GREATER: R [term -> postfix_expression]
State 256, Symbol T_GREATEREQUAL: R [term -> postfix_expression]
State 256, Symbol T_LEFTSHIFT: R [term -> postfix_expression]
State 256, Symbol T_LESS: R [term -> postfix_expression]
State 256, Symbol T_LESSEQUAL: R [term -> postfix_expression]
State 256, Symbol T_MINUS: R [term -> postfix_expression]
State 256, Symbol T_MOD: R [term -> postfix_expression]
State 256, Symbol T_MULTIPLY: R [term -> postfix_expression]
State 256, Symbol T_PLUS: R [term -> postfix_expression]
State 256, Symbol T_RIGHTSHIFT: R [term -> postfix_expression]
State 256, Symbol T_RIGHT_PAREN: R [term -> postfix_expression]
State 257, Symbol T_BITAND: R [var -> T_IDENTIFIER]
State 257, Symbol T_BITOR: R [var -> T_IDENTIFIER]
State 257, Symbol T_BITXOR: R [var -> T_IDENTIFIER]
State 257, Symbol T_DECREMENT: R [var -> T_IDENTIFIER]
State 257, Symbol T_DIVIDE: R [var -> T_IDENTIFIER]
State 257, Symbol T_INCREMENT: R [var -> T_IDENTIFIER]
State 257, Symbol T_LEFTSHIFT: R [var -> T_IDENTIFIER]
State 257, Symbol T_LEFT_PAREN: S 358
State 257, Symbol T_LEFT_SQUARE: S 359
State 257, Symbol T_MINUS: R [var -> T_IDENTIFIER]
State 257, Symbol T_MOD: R [var -> T_IDENTIFIER]
State 257, Symbol T_MULTIPLY: R [var -> T_IDENTIFIER]
State 257, Symbol T_PLUS: R [var -> T_IDENTIFIER]
State 257, Symbol T_RIGHTSHIFT: R [var -> T_IDENTIFIER]
State 257, Symbol T_RIGHT_PAREN: R [var -> T_IDENTIFIER]
State 258, Symbol T_BITNOT: S 258
State 258, Symbol T_CHAR_LITERAL: S 259
State 258, Symbol T_DECREMENT: S 37
State 258, Symbol T_FLOAT_LITERAL: S 260
State 258, Symbol T_IDENTIFIER: S 360
State 258, Symbol T_INCREMENT: S 38
State 258, Symbol T_INTEGER_LITERAL: S 261
State 258, Symbol T_LEFT_PAREN: S 262
State 258, Symbol T_NOT: S 263
State 258, Symbol T_STRING_LITERAL: S 264
State 259, Symbol T_BITAND: R [factor -> T_CHAR_LITERAL]
State 259, Symbol T_BITOR: R [factor -> T_CHAR_LITERAL]
State 259, Symbol T_BITXOR: R [factor -> T_CHAR_LITERAL]
State 259, Symbol T_DIVIDE: R [factor -> T_CHAR_LITERAL]
State 259, Symbol T_LEFTSHIFT: R [factor -> T_CHAR_LITERAL]
State 259, Symbol T_MINUS: R [factor -> T_CHAR_LITERAL]
State 259, Symbol T_MOD: R [factor -> T_CHAR_LITERAL]
State 259, Symbol T_MULTIPLY: R [factor -> T_CHAR_LITERAL]
State 259, Symbol T_PLUS: R [factor -> T_CHAR_LITERAL]
State 259, Symbol T_RIGHTSHIFT: R [factor -> T_CHAR_LITERAL]
State 259, Symbol T_RIGHT_PAREN: R [factor -> T_CHAR_LITERAL]
State 260, Symbol T_BITAND: R [factor -> T_FLOAT_LITERAL]
State 260, Symbol T_BITOR: R [factor -> T_FLOAT_LITERAL]
State 260, Symbol T_BITXOR: R [factor -> T_FLOAT_LITERAL]
State 260, Symbol T_DIVIDE: R [factor -> T_FLOAT_LITERAL]
State 260, Symbol T_LEFTSHIFT: R [factor -> T_FLOAT_LITERAL]
State 260, Symbol T_MINUS: R [factor -> T_FLOAT_LITERAL]
State 260, Symbol T_MOD: R [factor -> T_FLOAT_LITERAL]
State 260, Symbol T_MULTIPLY: R [factor -> T_FLOAT_LITERAL]
State 260, Symbol T_PLUS: R [factor -> T_FLOAT_LITERAL]
State 260, Symbol T_RIGHTSHIFT: R [factor -> T_FLOAT_LITERAL]
State 260, Symbol T_RIGHT_PAREN: R [factor -> T_FLOAT_LITERAL]
State 261, Symbol T_BITAND: R [factor -> T_INTEGER_LITERAL]
State 261, Symbol T_BITOR: R [factor -> T_INTEGER_LITERAL]
State 261, Symbol T_BITXOR: R [factor -> T_INTEGER_LITERAL]
State 261, Symbol T_DIVIDE: R [factor -> T_INTEGER_LITERAL]
State 261, Symbol T_LEFTSHIFT: R [factor -> T_INTEGER_LITERAL]
State 261, Symbol T_MINUS: R [factor -> T_INTEGER_LITERAL]
State 261, Symbol T_MOD: R [factor -> T_INTEGER_LITERAL]
State 261, Symbol T_MULTIPLY: R [factor -> T_INTEGER_LITERAL]
State 261, Symbol T_PLUS: R [factor -> T_INTEGER_LITERAL]
State 261, Symbol T_RIGHTSHIFT: R [factor -> T_INTEGER_LITERAL]
State 261, Symbol T_RIGHT_PAREN: R [factor -> T_INTEGER_LITERAL]
State 262, Symbol T_BITNOT: S 61
State 262, Symbol T_CHAR_LITERAL: S 62
State 262, Symbol T_DECREMENT: S 37
State 262, Symbol T_FLOAT_LITERAL: S 63
State 262, Symbol T_IDENTIFIER: S 60
State 262, Symbol T_INCREMENT: S 38
State 262, Symbol T_INTEGER_LITERAL: S 64
State 262, Symbol T_LEFT_PAREN: S 65
State 262, Symbol T_NOT: S 66
State 262, Symbol T_STRING_LITERAL: S 67
State 263, Symbol T_BITNOT: S 258
State 263, Symbol T_CHAR_LITERAL: S 259
State 263, Symbol T_DECREMENT: S 37
State 263, Symbol T_FLOAT_LITERAL: S 260
State 263, Symbol T_IDENTIFIER: S 360
State 263, Symbol T_INCREMENT: S 38
State 263, Symbol T_INTEGER_LITERAL: S 261
State 263, Symbol T_LEFT_PAREN: S 262
State 263, Symbol T_NOT: S 263
State 263, Symbol T_STRING_LITERAL: S 264
State 264, Symbol T_BITAND: R [factor -> T_STRING_LITERAL]
State 264, Symbol T_BITOR: R [factor -> T_STRING_LITERAL]
State 264, Symbol T_BITXOR: R [factor -> T_STRING_LITERAL]
State 264, Symbol T_DIVIDE: R [factor -> T_STRING_LITERAL]
State 264, Symbol T_LEFTSHIFT: R [factor -> T_STRING_LITERAL]
State 264, Symbol T_MINUS: R [factor -> T_STRING_LITERAL]
State 264, Symbol T_MOD: R [factor -> T_STRING_LITERAL]
State 264, Symbol T_MULTIPLY: R [factor -> T_STRING_LITERAL]
State 264, Symbol T_PLUS: R [factor -> T_STRING_LITERAL]
State 264, Symbol T_RIGHTSHIFT: R [factor -> T_STRING_LITERAL]
State 264, Symbol T_RIGHT_PAREN: R [factor -> T_STRING_LITERAL]
State 265, Symbol T_MINUS: S 78
State 265, Symbol T_PLUS: S 79
State 265, Symbol T_RIGHT_PAREN: R [simple_expression -> additive_expressionrelopadditive_expression]
State 266, Symbol T_BITAND: S 87
State 266, Symbol T_BITOR: S 88
State 266, Symbol T_BITXOR: S 89
State 266, Symbol T_DIVIDE: S 90
State 266, Symbol T_LEFTSHIFT: S 91
State 266, Symbol T_MINUS: R [additive_expression -> term]
State 266, Symbol T_MOD: S 92
State 266, Symbol T_MULTIPLY: S 93
State 266, Symbol T_PLUS: R [additive_expression -> term]
State 266, Symbol T_RIGHTSHIFT: S 94
State 266, Symbol T_RIGHT_PAREN: R [additive_expression -> term]
State 267, Symbol T_BITAND: R [factor -> call]
State 267, Symbol T_BITOR: R [factor -> call]
State 267, Symbol T_BITXOR: R [factor -> call]
State 267, Symbol T_DIVIDE: R [factor -> call]
State 267, Symbol T_LEFTSHIFT: R [factor -> call]
State 267, Symbol T_MINUS: R [factor -> call]
State 267, Symbol T_MOD: R [factor -> call]
State 267, Symbol T_MULTIPLY: R [factor -> call]
State 267, Symbol T_PLUS: R [factor -> call]
State 267, Symbol T_RIGHTSHIFT: R [factor -> call]
State 267, Symbol T_RIGHT_PAREN: R [factor -> call]
State 268, Symbol T_IDENTIFIER: S 367
State 269, Symbol T_BITAND: R [factor -> var]
State 269, Symbol T_BITOR: R [factor -> var]
State 269, Symbol T_BITXOR: R [factor -> var]
State 269, Symbol T_DECREMENT: S 369
State 269, Symbol T_DIVIDE: R [factor -> var]
State 269, Symbol T_INCREMENT: S 370
State 269, Symbol T_LEFTSHIFT: R [factor -> var]
State 269, Symbol T_MINUS: R [factor -> var]
State 269, Symbol T_MOD: R [factor -> var]
State 269, Symbol T_MULTIPLY: R [factor -> var]
State 269, Symbol T_PLUS: R [factor -> var]
State 269, Symbol T_RIGHTSHIFT: R [factor -> var]
State 269, Symbol T_RIGHT_PAREN: R [factor -> var]
State 270, Symbol T_BITAND: R [term -> factor]
State 270, Symbol T_BITOR: R [term -> factor]
State 270, Symbol T_BITXOR: R [term -> factor]
State 270, Symbol T_DIVIDE: R [term -> factor]
State 270, Symbol T_LEFTSHIFT: R [term -> factor]
State 270, Symbol T_MINUS: R [term -> factor]
State 270, Symbol T_MOD: R [term -> factor]
State 270, Symbol T_MULTIPLY: R [term -> factor]
State 270, Symbol T_PLUS: R [term -> factor]
State 270, Symbol T_RIGHTSHIFT: R [term -> factor]
State 270, Symbol T_RIGHT_PAREN: R [term -> factor]
State 271, Symbol T_BITAND: R [term -> postfix_expression]
State 271, Symbol T_BITOR: R [term -> postfix_expression]
State 271, Symbol T_BITXOR: R [term -> postfix_expression]
State 271, Symbol T_DIVIDE: R [term -> postfix_expression]
State 271, Symbol T_LEFTSHIFT: R [term -> postfix_expression]
State 271, Symbol T_MINUS: R [term -> postfix_expression]
State 271, Symbol T_MOD: R [term -> postfix_expression]
State 271, Symbol T_MULTIPLY: R [term -> postfix_expression]
State 271, Symbol T_PLUS: R [term -> postfix_expression]
State 271, Symbol T_RIGHTSHIFT: R [term -> postfix_expression]
State 271, Symbol T_RIGHT_PAREN: R [term -> postfix_expression]
State 272, Symbol T_BITAND: R [term -> termmulopfactor]
State 272, Symbol T_BITOR: R [term -> termmulopfactor]
State 272, Symbol T_BITXOR: R [term -> termmulopfactor]
State 272, Symbol T_DIVIDE: R [term -> termmulopfactor]
State 272, Symbol T_EQUAL: R [term -> termmulopfactor]
State 272, Symbol T_GREATER: R [term -> termmulopfactor]
State 272, Symbol T_GREATEREQUAL: R [term -> termmulopfactor]
State 272, Symbol T_LEFTSHIFT: R [term -> termmulopfactor]
State 272, Symbol T_LESS: R [term -> termmulopfactor]
State 272, Symbol T_LESSEQUAL: R [term -> termmulopfactor]
State 272, Symbol T_MINUS: R [term -> termmulopfactor]
State 272, Symbol T_MOD: R [term -> termmulopfactor]
State 272, Symbol T_MULTIPLY: R [term -> termmulopfactor]
State 272, Symbol T_PLUS: R [term -> termmulopfactor]
State 272, Symbol T_RIGHTSHIFT: R [term -> termmulopfactor]
State 272, Symbol T_RIGHT_PAREN: R [term -> termmulopfactor]
State 273, Symbol T_RIGHT_PAREN: R [expression -> varT_ASSIGNexpression]
State 274, Symbol T_BITNOT: S 144
State 274, Symbol T_CHAR_LITERAL: S 145
State 274, Symbol T_DECREMENT: S 37
State 274, Symbol T_FLOAT_LITERAL: S 146
State 274, Symbol T_IDENTIFIER: S 143
State 274, Symbol T_INCREMENT: S 38
State 274, Symbol T_INTEGER_LITERAL: S 147
State 274, Symbol T_LEFT_PAREN: S 148
State 274, Symbol T_NOT: S 149
State 274, Symbol T_STRING_LITERAL: S 150
State 275, Symbol T_BITNOT: S 125
State 275, Symbol T_CHAR_LITERAL: S 126
State 275, Symbol T_DECREMENT: S 37
State 275, Symbol T_FLOAT_LITERAL: S 127
State 275, Symbol T_IDENTIFIER: S 123
State 275, Symbol T_INCREMENT: S 38
State 275, Symbol T_INTEGER_LITERAL: S 128
State 275, Symbol T_LEFT_PAREN: S 129
State 275, Symbol T_NOT: S 130
State 275, Symbol T_RIGHT_PAREN: S 373
State 275, Symbol T_STRING_LITERAL: S 131
State 276, Symbol T_BITNOT: S 144
State 276, Symbol T_CHAR_LITERAL: S 145
State 276, Symbol T_DECREMENT: S 37
State 276, Symbol T_FLOAT_LITERAL: S 146
State 276, Symbol T_IDENTIFIER: S 143
State 276, Symbol T_INCREMENT: S 38
State 276, Symbol T_INTEGER_LITERAL: S 147
State 276, Symbol T_LEFT_PAREN: S 148
State 276, Symbol T_NOT: S 149
State 276, Symbol T_STRING_LITERAL: S 150
State 277, Symbol T_BITAND: R [var -> T_IDENTIFIER]
State 277, Symbol T_BITOR: R [var -> T_IDENTIFIER]
State 277, Symbol T_BITXOR: R [var -> T_IDENTIFIER]
State 277, Symbol T_DIVIDE: R [var -> T_IDENTIFIER]
State 277, Symbol T_LEFTSHIFT: R [var -> T_IDENTIFIER]
State 277, Symbol T_LEFT_PAREN: S 275
State 277, Symbol T_LEFT_SQUARE: S 376
State 277, Symbol T_MINUS: R [var -> T_IDENTIFIER]
State 277, Symbol T_MOD: R [var -> T_IDENTIFIER]
State 277, Symbol T_MULTIPLY: R [var -> T_IDENTIFIER]
State 277, Symbol T_PLUS: R [var -> T_IDENTIFIER]
State 277, Symbol T_RIGHTSHIFT: R [var -> T_IDENTIFIER]
State 277, Symbol T_SEMICOLON: R [var -> T_IDENTIFIER]
State 278, Symbol T_BITAND: R [factor -> T_BITNOTfactor]
State 278, Symbol T_BITOR: R [factor -> T_BITNOTfactor]
State 278, Symbol T_BITXOR: R [factor -> T_BITNOTfactor]
State 278, Symbol T_DIVIDE: R [factor -> T_BITNOTfactor]
State 278, Symbol T_LEFTSHIFT: R [factor -> T_BITNOTfactor]
State 278, Symbol T_MINUS: R [factor -> T_BITNOTfactor]
State 278, Symbol T_MOD: R [factor -> T_BITNOTfactor]
State 278, Symbol T_MULTIPLY: R [factor -> T_BITNOTfactor]
State 278, Symbol T_PLUS: R [factor -> T_BITNOTfactor]
State 278, Symbol T_RIGHTSHIFT: R [factor -> T_BITNOTfactor]
State 278, Symbol T_SEMICOLON: R [factor -> T_BITNOTfactor]
State 279, Symbol T_BITAND: R [factor -> var]
State 279, Symbol T_BITOR: R [factor -> var]
State 279, Symbol T_BITXOR: R [factor -> var]
State 279, Symbol T_DIVIDE: R [factor -> var]
State 279, Symbol T_LEFTSHIFT: R [factor -> var]
State 279, Symbol T_MINUS: R [factor -> var]
State 279, Symbol T_MOD: R [factor -> var]
State 279, Symbol T_MULTIPLY: R [factor -> var]
State 279, Symbol T_PLUS: R [factor -> var]
State 279, Symbol T_RIGHTSHIFT: R [factor -> var]
State 279, Symbol T_SEMICOLON: R [factor -> var]
State 280, Symbol T_RIGHT_PAREN: S 377
State 281, Symbol T_BITAND: R [factor -> T_NOTfactor]
State 281, Symbol T_BITOR: R [factor -> T_NOTfactor]
State 281, Symbol T_BITXOR: R [factor -> T_NOTfactor]
State 281, Symbol T_DIVIDE: R [factor -> T_NOTfactor]
State 281, Symbol T_LEFTSHIFT: R [factor -> T_NOTfactor]
State 281, Symbol T_MINUS: R [factor -> T_NOTfactor]
State 281, Symbol T_MOD: R [factor -> T_NOTfactor]
State 281, Symbol T_MULTIPLY: R [factor -> T_NOTfactor]
State 281, Symbol T_PLUS: R [factor -> T_NOTfactor]
State 281, Symbol T_RIGHTSHIFT: R [factor -> T_NOTfactor]
State 281, Symbol T_SEMICOLON: R [factor -> T_NOTfactor]
State 282, Symbol T_BITNOT: S 183
State 282, Symbol T_CHAR_LITERAL: S 184
State 282, Symbol T_DECREMENT: S 37
State 282, Symbol T_FLOAT_LITERAL: S 185
State 282, Symbol T_IDENTIFIER: S 182
State 282, Symbol T_INCREMENT: S 38
State 282, Symbol T_INTEGER_LITERAL: S 186
State 282, Symbol T_LEFT_PAREN: S 187
State 282, Symbol T_NOT: S 188
State 282, Symbol T_STRING_LITERAL: S 189
State 283, Symbol T_BITNOT: S 183
State 283, Symbol T_CHAR_LITERAL: S 184
State 283, Symbol T_DECREMENT: S 37
State 283, Symbol T_FLOAT_LITERAL: S 185
State 283, Symbol T_IDENTIFIER: S 277
State 283, Symbol T_INCREMENT: S 38
State 283, Symbol T_INTEGER_LITERAL: S 186
State 283, Symbol T_LEFT_PAREN: S 187
State 283, Symbol T_NOT: S 188
State 283, Symbol T_STRING_LITERAL: S 189
State 284, Symbol T_BITAND: R [var -> T_IDENTIFIER]
State 284, Symbol T_BITOR: R [var -> T_IDENTIFIER]
State 284, Symbol T_BITXOR: R [var -> T_IDENTIFIER]
State 284, Symbol T_DIVIDE: R [var -> T_IDENTIFIER]
State 284, Symbol T_LEFTSHIFT: R [var -> T_IDENTIFIER]
State 284, Symbol T_LEFT_SQUARE: S 376
State 284, Symbol T_MINUS: R [var -> T_IDENTIFIER]
State 284, Symbol T_MOD: R [var -> T_IDENTIFIER]
State 284, Symbol T_MULTIPLY: R [var -> T_IDENTIFIER]
State 284, Symbol T_PLUS: R [var -> T_IDENTIFIER]
State 284, Symbol T_RIGHTSHIFT: R [var -> T_IDENTIFIER]
State 284, Symbol T_SEMICOLON: R [var -> T_IDENTIFIER]
State 285, Symbol T_BITAND: R [factor -> inc_dec_operatorvar]
State 285, Symbol T_BITOR: R [factor -> inc_dec_operatorvar]
State 285, Symbol T_BITXOR: R [factor -> inc_dec_operatorvar]
State 285, Symbol T_DIVIDE: R [factor -> inc_dec_operatorvar]
State 285, Symbol T_LEFTSHIFT: R [factor -> inc_dec_operatorvar]
State 285, Symbol T_MINUS: R [factor -> inc_dec_operatorvar]
State 285, Symbol T_MOD: R [factor -> inc_dec_operatorvar]
State 285, Symbol T_MULTIPLY: R [factor -> inc_dec_operatorvar]
State 285, Symbol T_PLUS: R [factor -> inc_dec_operatorvar]
State 285, Symbol T_RIGHTSHIFT: R [factor -> inc_dec_operatorvar]
State 285, Symbol T_SEMICOLON: R [factor -> inc_dec_operatorvar]
State 286, Symbol T_BITAND: R [inc_dec_operator -> T_DECREMENT]
State 286, Symbol T_BITOR: R [inc_dec_operator -> T_DECREMENT]
State 286, Symbol T_BITXOR: R [inc_dec_operator -> T_DECREMENT]
State 286, Symbol T_DIVIDE: R [inc_dec_operator -> T_DECREMENT]
State 286, Symbol T_LEFTSHIFT: R [inc_dec_operator -> T_DECREMENT]
State 286, Symbol T_MINUS: R [inc_dec_operator -> T_DECREMENT]
State 286, Symbol T_MOD: R [inc_dec_operator -> T_DECREMENT]
State 286, Symbol T_MULTIPLY: R [inc_dec_operator -> T_DECREMENT]
State 286, Symbol T_PLUS: R [inc_dec_operator -> T_DECREMENT]
State 286, Symbol T_RIGHTSHIFT: R [inc_dec_operator -> T_DECREMENT]
State 286, Symbol T_SEMICOLON: R [inc_dec_operator -> T_DECREMENT]
State 287, Symbol T_BITAND: R [inc_dec_operator -> T_INCREMENT]
State 287, Symbol T_BITOR: R [inc_dec_operator -> T_INCREMENT]
State 287, Symbol T_BITXOR: R [inc_dec_operator -> T_INCREMENT]
State 287, Symbol T_DIVIDE: R [inc_dec_operator -> T_INCREMENT]
State 287, Symbol T_LEFTSHIFT: R [inc_dec_operator -> T_INCREMENT]
State 287, Symbol T_MINUS: R [inc_dec_operator -> T_INCREMENT]
State 287, Symbol T_MOD: R [inc_dec_operator -> T_INCREMENT]
State 287, Symbol T_MULTIPLY: R [inc_dec_operator -> T_INCREMENT]
State 287, Symbol T_PLUS: R [inc_dec_operator -> T_INCREMENT]
State 287, Symbol T_RIGHTSHIFT: R [inc_dec_operator -> T_INCREMENT]
State 287, Symbol T_SEMICOLON: R [inc_dec_operator -> T_INCREMENT]
State 288, Symbol T_BITAND: R [postfix_expression -> varinc_dec_operator]
State 288, Symbol T_BITOR: R [postfix_expression -> varinc_dec_operator]
State 288, Symbol T_BITXOR: R [postfix_expression -> varinc_dec_operator]
State 288, Symbol T_DIVIDE: R [postfix_expression -> varinc_dec_operator]
State 288, Symbol T_LEFTSHIFT: R [postfix_expression -> varinc_dec_operator]
State 288, Symbol T_MINUS: R [postfix_expression -> varinc_dec_operator]
State 288, Symbol T_MOD: R [postfix_expression -> varinc_dec_operator]
State 288, Symbol T_MULTIPLY: R [postfix_expression -> varinc_dec_operator]
State 288, Symbol T_PLUS: R [postfix_expression -> varinc_dec_operator]
State 288, Symbol T_RIGHTSHIFT: R [postfix_expression -> varinc_dec_operator]
State 288, Symbol T_SEMICOLON: R [postfix_expression -> varinc_dec_operator]
State 289, Symbol T_BITNOT: R [compound_stmt -> T_LEFT_BRACEblock_itemsT_RIGHT_BRACE]
State 289, Symbol T_CHAR: R [compound_stmt -> T_LEFT_BRACEblock_itemsT_RIGHT_BRACE]
State 289, Symbol T_CHAR_LITERAL: R [compound_stmt -> T_LEFT_BRACEblock_itemsT_RIGHT_BRACE]
State 289, Symbol T_DECREMENT: R [compound_stmt -> T_LEFT_BRACEblock_itemsT_RIGHT_BRACE]
State 289, Symbol T_FLOAT: R [compound_stmt -> T_LEFT_BRACEblock_itemsT_RIGHT_BRACE]
State 289, Symbol T_FLOAT_LITERAL: R [compound_stmt -> T_LEFT_BRACEblock_itemsT_RIGHT_BRACE]
State 289, Symbol T_FOR: R [compound_stmt -> T_LEFT_BRACEblock_itemsT_RIGHT_BRACE]
State 289, Symbol T_IDENTIFIER: R [compound_stmt -> T_LEFT_BRACEblock_itemsT_RIGHT_BRACE]
State 289, Symbol T_IF: R [compound_stmt -> T_LEFT_BRACEblock_itemsT_RIGHT_BRACE]
State 289, Symbol T_INCREMENT: R [compound_stmt -> T_LEFT_BRACEblock_itemsT_RIGHT_BRACE]
State 289, Symbol T_INT: R [compound_stmt -> T_LEFT_BRACEblock_itemsT_RIGHT_BRACE]
State 289, Symbol T_INTEGER_LITERAL: R [compound_stmt -> T_LEFT_BRACEblock_itemsT_RIGHT_BRACE]
State 289, Symbol T_LEFT_BRACE: R [compound_stmt -> T_LEFT_BRACEblock_itemsT_RIGHT_BRACE]
State 289, Symbol T_LEFT_PAREN: R [compound_stmt -> T_LEFT_BRACEblock_itemsT_RIGHT_BRACE]
State 289, Symbol T_NOT: R [compound_stmt -> T_LEFT_BRACEblock_itemsT_RIGHT_BRACE]
State 289, Symbol T_RETURN: R [compound_stmt -> T_LEFT_BRACEblock_itemsT_RIGHT_BRACE]
State 289, Symbol T_RIGHT_BRACE: R [compound_stmt -> T_LEFT_BRACEblock_itemsT_RIGHT_BRACE]
State 289, Symbol T_STRING_LITERAL: R [compound_stmt -> T_LEFT_BRACEblock_itemsT_RIGHT_BRACE]
State 289, Symbol T_VOID: R [compound_stmt -> T_LEFT_BRACEblock_itemsT_RIGHT_BRACE]
State 289, Symbol T_WHILE: R [compound_stmt -> T_LEFT_BRACEblock_itemsT_RIGHT_BRACE]
State 290, Symbol T_BITNOT: R [opt_expression_stmt -> T_SEMICOLON]
State 290, Symbol T_CHAR_LITERAL: R [opt_expression_stmt -> T_SEMICOLON]
State 290, Symbol T_DECREMENT: R [opt_expression_stmt -> T_SEMICOLON]
State 290, Symbol T_FLOAT_LITERAL: R [opt_expression_stmt -> T_SEMICOLON]
State 290, Symbol T_IDENTIFIER: R [opt_expression_stmt -> T_SEMICOLON]
State 290, Symbol T_INCREMENT: R [opt_expression_stmt -> T_SEMICOLON]
State 290, Symbol T_INTEGER_LITERAL: R [opt_expression_stmt -> T_SEMICOLON]
State 290, Symbol T_LEFT_PAREN: R [opt_expression_stmt -> T_SEMICOLON]
State 290, Symbol T_NOT: R [opt_expression_stmt -> T_SEMICOLON]
State 290, Symbol T_SEMICOLON: R [opt_expression_stmt -> T_SEMICOLON]
State 290, Symbol T_STRING_LITERAL: R [opt_expression_stmt -> T_SEMICOLON]
State 291, Symbol T_SEMICOLON: S 380
State 292, Symbol T_BITNOT: S 30
State 292, Symbol T_CHAR_LITERAL: S 31
State 292, Symbol T_DECREMENT: S 37
State 292, Symbol T_FLOAT_LITERAL: S 32
State 292, Symbol T_IDENTIFIER: S 29
State 292, Symbol T_INCREMENT: S 38
State 292, Symbol T_INTEGER_LITERAL: S 33
State 292, Symbol T_LEFT_PAREN: S 34
State 292, Symbol T_NOT: S 35
State 292, Symbol T_SEMICOLON: S 381
State 292, Symbol T_STRING_LITERAL: S 36
State 293, Symbol T_BITNOT: R [opt_expression_stmt -> expression_stmt]
State 293, Symbol T_CHAR_LITERAL: R [opt_expression_stmt -> expression_stmt]
State 293, Symbol T_DECREMENT: R [opt_expression_stmt -> expression_stmt]
State 293, Symbol T_FLOAT_LITERAL: R [opt_expression_stmt -> expression_stmt]
State 293, Symbol T_IDENTIFIER: R [opt_expression_stmt -> expression_stmt]
State 293, Symbol T_INCREMENT: R [opt_expression_stmt -> expression_stmt]
State 293, Symbol T_INTEGER_LITERAL: R [opt_expression_stmt -> expression_stmt]
State 293, Symbol T_LEFT_PAREN: R [opt_expression_stmt -> expression_stmt]
State 293, Symbol T_NOT: R [opt_expression_stmt -> expression_stmt]
State 293, Symbol T_SEMICOLON: R [opt_expression_stmt -> expression_stmt]
State 293, Symbol T_STRING_LITERAL: R [opt_expression_stmt -> expression_stmt]
State 294, Symbol T_RIGHT_PAREN: S 385
State 295, Symbol T_BITNOT: R [return_stmt -> T_RETURNexpressionT_SEMICOLON]
State 295, Symbol T_CHAR: R [return_stmt -> T_RETURNexpressionT_SEMICOLON]
State 295, Symbol T_CHAR_LITERAL: R [return_stmt -> T_RETURNexpressionT_SEMICOLON]
State 295, Symbol T_DECREMENT: R [return_stmt -> T_RETURNexpressionT_SEMICOLON]
State 295, Symbol T_FLOAT: R [return_stmt -> T_RETURNexpressionT_SEMICOLON]
State 295, Symbol T_FLOAT_LITERAL: R [return_stmt -> T_RETURNexpressionT_SEMICOLON]
State 295, Symbol T_FOR: R [return_stmt -> T_RETURNexpressionT_SEMICOLON]
State 295, Symbol T_IDENTIFIER: R [return_stmt -> T_RETURNexpressionT_SEMICOLON]
State 295, Symbol T_IF: R [return_stmt -> T_RETURNexpressionT_SEMICOLON]
State 295, Symbol T_INCREMENT: R [return_stmt -> T_RETURNexpressionT_SEMICOLON]
State 295, Symbol T_INT: R [return_stmt -> T_RETURNexpressionT_SEMICOLON]
State 295, Symbol T_INTEGER_LITERAL: R [return_stmt -> T_RETURNexpressionT_SEMICOLON]
State 295, Symbol T_LEFT_BRACE: R [return_stmt -> T_RETURNexpressionT_SEMICOLON]
State 295, Symbol T_LEFT_PAREN: R [return_stmt -> T_RETURNexpressionT_SEMICOLON]
State 295, Symbol T_NOT: R [return_stmt -> T_RETURNexpressionT_SEMICOLON]
State 295, Symbol T_RETURN: R [return_stmt -> T_RETURNexpressionT_SEMICOLON]
State 295, Symbol T_RIGHT_BRACE: R [return_stmt -> T_RETURNexpressionT_SEMICOLON]
State 295, Symbol T_STRING_LITERAL: R [return_stmt -> T_RETURNexpressionT_SEMICOLON]
State 295, Symbol T_VOID: R [return_stmt -> T_RETURNexpressionT_SEMICOLON]
State 295, Symbol T_WHILE: R [return_stmt -> T_RETURNexpressionT_SEMICOLON]
State 296, Symbol T_RIGHT_PAREN: S 386
State 297, Symbol T_INTEGER_LITERAL: S 387
State 298, Symbol T_BITNOT: R [var_declaration -> type_specifierT_IDENTIFIERT_SEMICOLON]
State 298, Symbol T_CHAR: R [var_declaration -> type_specifierT_IDENTIFIERT_SEMICOLON]
State 298, Symbol T_CHAR_LITERAL: R [var_declaration -> type_specifierT_IDENTIFIERT_SEMICOLON]
State 298, Symbol T_DECREMENT: R [var_declaration -> type_specifierT_IDENTIFIERT_SEMICOLON]
State 298, Symbol T_FLOAT: R [var_declaration -> type_specifierT_IDENTIFIERT_SEMICOLON]
State 298, Symbol T_FLOAT_LITERAL: R [var_declaration -> type_specifierT_IDENTIFIERT_SEMICOLON]
State 298, Symbol T_FOR: R [var_declaration -> type_specifierT_IDENTIFIERT_SEMICOLON]
State 298, Symbol T_IDENTIFIER: R [var_declaration -> type_specifierT_IDENTIFIERT_SEMICOLON]
State 298, Symbol T_IF: R [var_declaration -> type_specifierT_IDENTIFIERT_SEMICOLON]
State 298, Symbol T_INCREMENT: R [var_declaration -> type_specifierT_IDENTIFIERT_SEMICOLON]
State 298, Symbol T_INT: R [var_declaration -> type_specifierT_IDENTIFIERT_SEMICOLON]
State 298, Symbol T_INTEGER_LITERAL: R [var_declaration -> type_specifierT_IDENTIFIERT_SEMICOLON]
State 298, Symbol T_LEFT_BRACE: R [var_declaration -> type_specifierT_IDENTIFIERT_SEMICOLON]
State 298, Symbol T_LEFT_PAREN: R [var_declaration -> type_specifierT_IDENTIFIERT_SEMICOLON]
State 298, Symbol T_NOT: R [var_declaration -> type_specifierT_IDENTIFIERT_SEMICOLON]
State 298, Symbol T_RETURN: R [var_declaration -> type_specifierT_IDENTIFIERT_SEMICOLON]
State 298, Symbol T_RIGHT_BRACE: R [var_declaration -> type_specifierT_IDENTIFIERT_SEMICOLON]
State 298, Symbol T_STRING_LITERAL: R [var_declaration -> type_specifierT_IDENTIFIERT_SEMICOLON]
State 298, Symbol T_VOID: R [var_declaration -> type_specifierT_IDENTIFIERT_SEMICOLON]
State 298, Symbol T_WHILE: R [var_declaration -> type_specifierT_IDENTIFIERT_SEMICOLON]
State 299, Symbol T_SEMICOLON: S 388
State 300, Symbol T_BITAND: R [call -> T_IDENTIFIERT_LEFT_PARENT_RIGHT_PAREN]
State 300, Symbol T_BITOR: R [call -> T_IDENTIFIERT_LEFT_PARENT_RIGHT_PAREN]
State 300, Symbol T_BITXOR: R [call -> T_IDENTIFIERT_LEFT_PARENT_RIGHT_PAREN]
State 300, Symbol T_COMMA: R [call -> T_IDENTIFIERT_LEFT_PARENT_RIGHT_PAREN]
State 300, Symbol T_DIVIDE: R [call -> T_IDENTIFIERT_LEFT_PARENT_RIGHT_PAREN]
State 300, Symbol T_EQUAL: R [call -> T_IDENTIFIERT_LEFT_PARENT_RIGHT_PAREN]
State 300, Symbol T_GREATER: R [call -> T_IDENTIFIERT_LEFT_PARENT_RIGHT_PAREN]
State 300, Symbol T_GREATEREQUAL: R [call -> T_IDENTIFIERT_LEFT_PARENT_RIGHT_PAREN]
State 300, Symbol T_LEFTSHIFT: R [call -> T_IDENTIFIERT_LEFT_PARENT_RIGHT_PAREN]
State 300, Symbol T_LESS: R [call -> T_IDENTIFIERT_LEFT_PARENT_RIGHT_PAREN]
State 300, Symbol T_LESSEQUAL: R [call -> T_IDENTIFIERT_LEFT_PARENT_RIGHT_PAREN]
State 300, Symbol T_MINUS: R [call -> T_IDENTIFIERT_LEFT_PARENT_RIGHT_PAREN]
State 300, Symbol T_MOD: R [call -> T_IDENTIFIERT_LEFT_PARENT_RIGHT_PAREN]
State 300, Symbol T_MULTIPLY: R [call -> T_IDENTIFIERT_LEFT_PARENT_RIGHT_PAREN]
State 300, Symbol T_PLUS: R [call -> T_IDENTIFIERT_LEFT_PARENT_RIGHT_PAREN]
State 300, Symbol T_RIGHTSHIFT: R [call -> T_IDENTIFIERT_LEFT_PARENT_RIGHT_PAREN]
State 300, Symbol T_RIGHT_PAREN: R [call -> T_IDENTIFIERT_LEFT_PARENT_RIGHT_PAREN]
State 301, Symbol T_RIGHT_PAREN: S 389
State 302, Symbol T_RIGHT_SQUARE: S 390
State 303, Symbol T_BITNOT: S 144
State 303, Symbol T_CHAR_LITERAL: S 145
State 303, Symbol T_DECREMENT: S 37
State 303, Symbol T_FLOAT_LITERAL: S 146
State 303, Symbol T_IDENTIFIER: S 143
State 303, Symbol T_INCREMENT: S 38
State 303, Symbol T_INTEGER_LITERAL: S 147
State 303, Symbol T_LEFT_PAREN: S 148
State 303, Symbol T_NOT: S 149
State 303, Symbol T_STRING_LITERAL: S 150
State 304, Symbol T_BITAND: R [factor -> T_LEFT_PARENexpressionT_RIGHT_PAREN]
State 304, Symbol T_BITOR: R [factor -> T_LEFT_PARENexpressionT_RIGHT_PAREN]
State 304, Symbol T_BITXOR: R [factor -> T_LEFT_PARENexpressionT_RIGHT_PAREN]
State 304, Symbol T_COMMA: R [factor -> T_LEFT_PARENexpressionT_RIGHT_PAREN]
State 304, Symbol T_DIVIDE: R [factor -> T_LEFT_PARENexpressionT_RIGHT_PAREN]
State 304, Symbol T_EQUAL: R [factor -> T_LEFT_PARENexpressionT_RIGHT_PAREN]
State 304, Symbol T_GREATER: R [factor -> T_LEFT_PARENexpressionT_RIGHT_PAREN]
State 304, Symbol T_GREATEREQUAL: R [factor -> T_LEFT_PARENexpressionT_RIGHT_PAREN]
State 304, Symbol T_LEFTSHIFT: R [factor -> T_LEFT_PARENexpressionT_RIGHT_PAREN]
State 304, Symbol T_LESS: R [factor -> T_LEFT_PARENexpressionT_RIGHT_PAREN]
State 304, Symbol T_LESSEQUAL: R [factor -> T_LEFT_PARENexpressionT_RIGHT_PAREN]
State 304, Symbol T_MINUS: R [factor -> T_LEFT_PARENexpressionT_RIGHT_PAREN]
State 304, Symbol T_MOD: R [factor -> T_LEFT_PARENexpressionT_RIGHT_PAREN]
State 304, Symbol T_MULTIPLY: R [factor -> T_LEFT_PARENexpressionT_RIGHT_PAREN]
State 304, Symbol T_PLUS: R [factor -> T_LEFT_PARENexpressionT_RIGHT_PAREN]
State 304, Symbol T_RIGHTSHIFT: R [factor -> T_LEFT_PARENexpressionT_RIGHT_PAREN]
State 304, Symbol T_RIGHT_PAREN: R [factor -> T_LEFT_PARENexpressionT_RIGHT_PAREN]
State 305, Symbol T_BITAND: R [var -> T_IDENTIFIER]
State 305, Symbol T_BITOR: R [var -> T_IDENTIFIER]
State 305, Symbol T_BITXOR: R [var -> T_IDENTIFIER]
State 305, Symbol T_COMMA: R [var -> T_IDENTIFIER]
State 305, Symbol T_DECREMENT: R [var -> T_IDENTIFIER]
State 305, Symbol T_DIVIDE: R [var -> T_IDENTIFIER]
State 305, Symbol T_EQUAL: R [var -> T_IDENTIFIER]
State 305, Symbol T_GREATER: R [var -> T_IDENTIFIER]
State 305, Symbol T_GREATEREQUAL: R [var -> T_IDENTIFIER]
State 305, Symbol T_INCREMENT: R [var -> T_IDENTIFIER]
State 305, Symbol T_LEFTSHIFT: R [var -> T_IDENTIFIER]
State 305, Symbol T_LEFT_PAREN: S 212
State 305, Symbol T_LEFT_SQUARE: S 392
State 305, Symbol T_LESS: R [var -> T_IDENTIFIER]
State 305, Symbol T_LESSEQUAL: R [var -> T_IDENTIFIER]
State 305, Symbol T_MINUS: R [var -> T_IDENTIFIER]
State 305, Symbol T_MOD: R [var -> T_IDENTIFIER]
State 305, Symbol T_MULTIPLY: R [var -> T_IDENTIFIER]
State 305, Symbol T_PLUS: R [var -> T_IDENTIFIER]
State 305, Symbol T_RIGHTSHIFT: R [var -> T_IDENTIFIER]
State 305, Symbol T_RIGHT_PAREN: R [var -> T_IDENTIFIER]
State 306, Symbol T_BITAND: S 87
State 306, Symbol T_BITOR: S 88
State 306, Symbol T_BITXOR: S 89
State 306, Symbol T_COMMA: R [additive_expression -> additive_expressionaddopterm]
State 306, Symbol T_DIVIDE: S 90
State 306, Symbol T_EQUAL: R [additive_expression -> additive_expressionaddopterm]
State 306, Symbol T_GREATER: R [additive_expression -> additive_expressionaddopterm]
State 306, Symbol T_GREATEREQUAL: R [additive_expression -> additive_expressionaddopterm]
State 306, Symbol T_LEFTSHIFT: S 91
State 306, Symbol T_LESS: R [additive_expression -> additive_expressionaddopterm]
State 306, Symbol T_LESSEQUAL: R [additive_expression -> additive_expressionaddopterm]
State 306, Symbol T_MINUS: R [additive_expression -> additive_expressionaddopterm]
State 306, Symbol T_MOD: S 92
State 306, Symbol T_MULTIPLY: S 93
State 306, Symbol T_PLUS: R [additive_expression -> additive_expressionaddopterm]
State 306, Symbol T_RIGHTSHIFT: S 94
State 306, Symbol T_RIGHT_PAREN: R [additive_expression -> additive_expressionaddopterm]
State 307, Symbol T_BITAND: R [factor -> var]
State 307, Symbol T_BITOR: R [factor -> var]
State 307, Symbol T_BITXOR: R [factor -> var]
State 307, Symbol T_COMMA: R [factor -> var]
State 307, Symbol T_DECREMENT: S 225
State 307, Symbol T_DIVIDE: R [factor -> var]
State 307, Symbol T_EQUAL: R [factor -> var]
State 307, Symbol T_GREATER: R [factor -> var]
State 307, Symbol T_GREATEREQUAL: R [factor -> var]
State 307, Symbol T_INCREMENT: S 226
State 307, Symbol T_LEFTSHIFT: R [factor -> var]
State 307, Symbol T_LESS: R [factor -> var]
State 307, Symbol T_LESSEQUAL: R [factor -> var]
State 307, Symbol T_MINUS: R [factor -> var]
State 307, Symbol T_MOD: R [factor -> var]
State 307, Symbol T_MULTIPLY: R [factor -> var]
State 307, Symbol T_PLUS: R [factor -> var]
State 307, Symbol T_RIGHTSHIFT: R [factor -> var]
State 307, Symbol T_RIGHT_PAREN: R [factor -> var]
State 308, Symbol T_BITAND: R [term -> postfix_expression]
State 308, Symbol T_BITOR: R [term -> postfix_expression]
State 308, Symbol T_BITXOR: R [term -> postfix_expression]
State 308, Symbol T_COMMA: R [term -> postfix_expression]
State 308, Symbol T_DIVIDE: R [term -> postfix_expression]
State 308, Symbol T_EQUAL: R [term -> postfix_expression]
State 308, Symbol T_GREATER: R [term -> postfix_expression]
State 308, Symbol T_GREATEREQUAL: R [term -> postfix_expression]
State 308, Symbol T_LEFTSHIFT: R [term -> postfix_expression]
State 308, Symbol T_LESS: R [term -> postfix_expression]
State 308, Symbol T_LESSEQUAL: R [term -> postfix_expression]
State 308, Symbol T_MINUS: R [term -> postfix_expression]
State 308, Symbol T_MOD: R [term -> postfix_expression]
State 308, Symbol T_MULTIPLY: R [term -> postfix_expression]
State 308, Symbol T_PLUS: R [term -> postfix_expression]
State 308, Symbol T_RIGHTSHIFT: R [term -> postfix_expression]
State 308, Symbol T_RIGHT_PAREN: R [term -> postfix_expression]
State 309, Symbol T_BITAND: R [var -> T_IDENTIFIER]
State 309, Symbol T_BITOR: R [var -> T_IDENTIFIER]
State 309, Symbol T_BITXOR: R [var -> T_IDENTIFIER]
State 309, Symbol T_COMMA: R [var -> T_IDENTIFIER]
State 309, Symbol T_DECREMENT: R [var -> T_IDENTIFIER]
State 309, Symbol T_DIVIDE: R [var -> T_IDENTIFIER]
State 309, Symbol T_INCREMENT: R [var -> T_IDENTIFIER]
State 309, Symbol T_LEFTSHIFT: R [var -> T_IDENTIFIER]
State 309, Symbol T_LEFT_PAREN: S 393
State 309, Symbol T_LEFT_SQUARE: S 394
State 309, Symbol T_MINUS: R [var -> T_IDENTIFIER]
State 309, Symbol T_MOD: R [var -> T_IDENTIFIER]
State 309, Symbol T_MULTIPLY: R [var -> T_IDENTIFIER]
State 309, Symbol T_PLUS: R [var -> T_IDENTIFIER]
State 309, Symbol T_RIGHTSHIFT: R [var -> T_IDENTIFIER]
State 309, Symbol T_RIGHT_PAREN: R [var -> T_IDENTIFIER]
State 310, Symbol T_BITNOT: S 310
State 310, Symbol T_CHAR_LITERAL: S 311
State 310, Symbol T_DECREMENT: S 37
State 310, Symbol T_FLOAT_LITERAL: S 312
State 310, Symbol T_IDENTIFIER: S 395
State 310, Symbol T_INCREMENT: S 38
State 310, Symbol T_INTEGER_LITERAL: S 313
State 310, Symbol T_LEFT_PAREN: S 314
State 310, Symbol T_NOT: S 315
State 310, Symbol T_STRING_LITERAL: S 316
State 311, Symbol T_BITAND: R [factor -> T_CHAR_LITERAL]
State 311, Symbol T_BITOR: R [factor -> T_CHAR_LITERAL]
State 311, Symbol T_BITXOR: R [factor -> T_CHAR_LITERAL]
State 311, Symbol T_COMMA: R [factor -> T_CHAR_LITERAL]
State 311, Symbol T_DIVIDE: R [factor -> T_CHAR_LITERAL]
State 311, Symbol T_LEFTSHIFT: R [factor -> T_CHAR_LITERAL]
State 311, Symbol T_MINUS: R [factor -> T_CHAR_LITERAL]
State 311, Symbol T_MOD: R [factor -> T_CHAR_LITERAL]
State 311, Symbol T_MULTIPLY: R [factor -> T_CHAR_LITERAL]
State 311, Symbol T_PLUS: R [factor -> T_CHAR_LITERAL]
State 311, Symbol T_RIGHTSHIFT: R [factor -> T_CHAR_LITERAL]
State 311, Symbol T_RIGHT_PAREN: R [factor -> T_CHAR_LITERAL]
State 312, Symbol T_BITAND: R [factor -> T_FLOAT_LITERAL]
State 312, Symbol T_BITOR: R [factor -> T_FLOAT_LITERAL]
State 312, Symbol T_BITXOR: R [factor -> T_FLOAT_LITERAL]
State 312, Symbol T_COMMA: R [factor -> T_FLOAT_LITERAL]
State 312, Symbol T_DIVIDE: R [factor -> T_FLOAT_LITERAL]
State 312, Symbol T_LEFTSHIFT: R [factor -> T_FLOAT_LITERAL]
State 312, Symbol T_MINUS: R [factor -> T_FLOAT_LITERAL]
State 312, Symbol T_MOD: R [factor -> T_FLOAT_LITERAL]
State 312, Symbol T_MULTIPLY: R [factor -> T_FLOAT_LITERAL]
State 312, Symbol T_PLUS: R [factor -> T_FLOAT_LITERAL]
State 312, Symbol T_RIGHTSHIFT: R [factor -> T_FLOAT_LITERAL]
State 312, Symbol T_RIGHT_PAREN: R [factor -> T_FLOAT_LITERAL]
State 313, Symbol T_BITAND: R [factor -> T_INTEGER_LITERAL]
State 313, Symbol T_BITOR: R [factor -> T_INTEGER_LITERAL]
State 313, Symbol T_BITXOR: R [factor -> T_INTEGER_LITERAL]
State 313, Symbol T_COMMA: R [factor -> T_INTEGER_LITERAL]
State 313, Symbol T_DIVIDE: R [factor -> T_INTEGER_LITERAL]
State 313, Symbol T_LEFTSHIFT: R [factor -> T_INTEGER_LITERAL]
State 313, Symbol T_MINUS: R [factor -> T_INTEGER_LITERAL]
State 313, Symbol T_MOD: R [factor -> T_INTEGER_LITERAL]
State 313, Symbol T_MULTIPLY: R [factor -> T_INTEGER_LITERAL]
State 313, Symbol T_PLUS: R [factor -> T_INTEGER_LITERAL]
State 313, Symbol T_RIGHTSHIFT: R [factor -> T_INTEGER_LITERAL]
State 313, Symbol T_RIGHT_PAREN: R [factor -> T_INTEGER_LITERAL]
State 314, Symbol T_BITNOT: S 61
State 314, Symbol T_CHAR_LITERAL: S 62
State 314, Symbol T_DECREMENT: S 37
State 314, Symbol T_FLOAT_LITERAL: S 63
State 314, Symbol T_IDENTIFIER: S 60
State 314, Symbol T_INCREMENT: S 38
State 314, Symbol T_INTEGER_LITERAL: S 64
State 314, Symbol T_LEFT_PAREN: S 65
State 314, Symbol T_NOT: S 66
State 314, Symbol T_STRING_LITERAL: S 67
State 315, Symbol T_BITNOT: S 310
State 315, Symbol T_CHAR_LITERAL: S 311
State 315, Symbol T_DECREMENT: S 37
State 315, Symbol T_FLOAT_LITERAL: S 312
State 315, Symbol T_IDENTIFIER: S 395
State 315, Symbol T_INCREMENT: S 38
State 315, Symbol T_INTEGER_LITERAL: S 313
State 315, Symbol T_LEFT_PAREN: S 314
State 315, Symbol T_NOT: S 315
State 315, Symbol T_STRING_LITERAL: S 316
State 316, Symbol T_BITAND: R [factor -> T_STRING_LITERAL]
State 316, Symbol T_BITOR: R [factor -> T_STRING_LITERAL]
State 316, Symbol T_BITXOR: R [factor -> T_STRING_LITERAL]
State 316, Symbol T_COMMA: R [factor -> T_STRING_LITERAL]
State 316, Symbol T_DIVIDE: R [factor -> T_STRING_LITERAL]
State 316, Symbol T_LEFTSHIFT: R [factor -> T_STRING_LITERAL]
State 316, Symbol T_MINUS: R [factor -> T_STRING_LITERAL]
State 316, Symbol T_MOD: R [factor -> T_STRING_LITERAL]
State 316, Symbol T_MULTIPLY: R [factor -> T_STRING_LITERAL]
State 316, Symbol T_PLUS: R [factor -> T_STRING_LITERAL]
State 316, Symbol T_RIGHTSHIFT: R [factor -> T_STRING_LITERAL]
State 316, Symbol T_RIGHT_PAREN: R [factor -> T_STRING_LITERAL]
State 317, Symbol T_COMMA: R [simple_expression -> additive_expressionrelopadditive_expression]
State 317, Symbol T_MINUS: S 78
State 317, Symbol T_PLUS: S 79
State 317, Symbol T_RIGHT_PAREN: R [simple_expression -> additive_expressionrelopadditive_expression]
State 318, Symbol T_BITAND: S 87
State 318, Symbol T_BITOR: S 88
State 318, Symbol T_BITXOR: S 89
State 318, Symbol T_COMMA: R [additive_expression -> term]
State 318, Symbol T_DIVIDE: S 90
State 318, Symbol T_LEFTSHIFT: S 91
State 318, Symbol T_MINUS: R [additive_expression -> term]
State 318, Symbol T_MOD: S 92
State 318, Symbol T_MULTIPLY: S 93
State 318, Symbol T_PLUS: R [additive_expression -> term]
State 318, Symbol T_RIGHTSHIFT: S 94
State 318, Symbol T_RIGHT_PAREN: R [additive_expression -> term]
State 319, Symbol T_BITAND: R [factor -> call]
State 319, Symbol T_BITOR: R [factor -> call]
State 319, Symbol T_BITXOR: R [factor -> call]
State 319, Symbol T_COMMA: R [factor -> call]
State 319, Symbol T_DIVIDE: R [factor -> call]
State 319, Symbol T_LEFTSHIFT: R [factor -> call]
State 319, Symbol T_MINUS: R [factor -> call]
State 319, Symbol T_MOD: R [factor -> call]
State 319, Symbol T_MULTIPLY: R [factor -> call]
State 319, Symbol T_PLUS: R [factor -> call]
State 319, Symbol T_RIGHTSHIFT: R [factor -> call]
State 319, Symbol T_RIGHT_PAREN: R [factor -> call]
State 320, Symbol T_IDENTIFIER: S 402
State 321, Symbol T_BITAND: R [factor -> var]
State 321, Symbol T_BITOR: R [factor -> var]
State 321, Symbol T_BITXOR: R [factor -> var]
State 321, Symbol T_COMMA: R [factor -> var]
State 321, Symbol T_DECREMENT: S 404
State 321, Symbol T_DIVIDE: R [factor -> var]
State 321, Symbol T_INCREMENT: S 405
State 321, Symbol T_LEFTSHIFT: R [factor -> var]
State 321, Symbol T_MINUS: R [factor -> var]
State 321, Symbol T_MOD: R [factor -> var]
State 321, Symbol T_MULTIPLY: R [factor -> var]
State 321, Symbol T_PLUS: R [factor -> var]
State 321, Symbol T_RIGHTSHIFT: R [factor -> var]
State 321, Symbol T_RIGHT_PAREN: R [factor -> var]
State 322, Symbol T_BITAND: R [term -> factor]
State 322, Symbol T_BITOR: R [term -> factor]
State 322, Symbol T_BITXOR: R [term -> factor]
State 322, Symbol T_COMMA: R [term -> factor]
State 322, Symbol T_DIVIDE: R [term -> factor]
State 322, Symbol T_LEFTSHIFT: R [term -> factor]
State 322, Symbol T_MINUS: R [term -> factor]
State 322, Symbol T_MOD: R [term -> factor]
State 322, Symbol T_MULTIPLY: R [term -> factor]
State 322, Symbol T_PLUS: R [term -> factor]
State 322, Symbol T_RIGHTSHIFT: R [term -> factor]
State 322, Symbol T_RIGHT_PAREN: R [term -> factor]
State 323, Symbol T_BITAND: R [term -> postfix_expression]
State 323, Symbol T_BITOR: R [term -> postfix_expression]
State 323, Symbol T_BITXOR: R [term -> postfix_expression]
State 323, Symbol T_COMMA: R [term -> postfix_expression]
State 323, Symbol T_DIVIDE: R [term -> postfix_expression]
State 323, Symbol T_LEFTSHIFT: R [term -> postfix_expression]
State 323, Symbol T_MINUS: R [term -> postfix_expression]
State 323, Symbol T_MOD: R [term -> postfix_expression]
State 323, Symbol T_MULTIPLY: R [term -> postfix_expression]
State 323, Symbol T_PLUS: R [term -> postfix_expression]
State 323, Symbol T_RIGHTSHIFT: R [term -> postfix_expression]
State 323, Symbol T_RIGHT_PAREN: R [term -> postfix_expression]
State 324, Symbol T_BITAND: R [term -> termmulopfactor]
State 324, Symbol T_BITOR: R [term -> termmulopfactor]
State 324, Symbol T_BITXOR: R [term -> termmulopfactor]
State 324, Symbol T_COMMA: R [term -> termmulopfactor]
State 324, Symbol T_DIVIDE: R [term -> termmulopfactor]
State 324, Symbol T_EQUAL: R [term -> termmulopfactor]
State 324, Symbol T_GREATER: R [term -> termmulopfactor]
State 324, Symbol T_GREATEREQUAL: R [term -> termmulopfactor]
State 324, Symbol T_LEFTSHIFT: R [term -> termmulopfactor]
State 324, Symbol T_LESS: R [term -> termmulopfactor]
State 324, Symbol T_LESSEQUAL: R [term -> termmulopfactor]
State 324, Symbol T_MINUS: R [term -> termmulopfactor]
State 324, Symbol T_MOD: R [term -> termmulopfactor]
State 324, Symbol T_MULTIPLY: R [term -> termmulopfactor]
State 324, Symbol T_PLUS: R [term -> termmulopfactor]
State 324, Symbol T_RIGHTSHIFT: R [term -> termmulopfactor]
State 324, Symbol T_RIGHT_PAREN: R [term -> termmulopfactor]
State 325, Symbol T_COMMA: R [arg_list -> arg_listT_COMMAexpression]
State 325, Symbol T_RIGHT_PAREN: R [arg_list -> arg_listT_COMMAexpression]
State 326, Symbol T_COMMA: R [expression -> varT_ASSIGNexpression]
State 326, Symbol T_RIGHT_PAREN: R [expression -> varT_ASSIGNexpression]
State 327, Symbol T_BITAND: R [call -> T_IDENTIFIERT_LEFT_PARENT_RIGHT_PAREN]
State 327, Symbol T_BITOR: R [call -> T_IDENTIFIERT_LEFT_PARENT_RIGHT_PAREN]
State 327, Symbol T_BITXOR: R [call -> T_IDENTIFIERT_LEFT_PARENT_RIGHT_PAREN]
State 327, Symbol T_DIVIDE: R [call -> T_IDENTIFIERT_LEFT_PARENT_RIGHT_PAREN]
State 327, Symbol T_EQUAL: R [call -> T_IDENTIFIERT_LEFT_PARENT_RIGHT_PAREN]
State 327, Symbol T_GREATER: R [call -> T_IDENTIFIERT_LEFT_PARENT_RIGHT_PAREN]
State 327, Symbol T_GREATEREQUAL: R [call -> T_IDENTIFIERT_LEFT_PARENT_RIGHT_PAREN]
State 327, Symbol T_LEFTSHIFT: R [call -> T_IDENTIFIERT_LEFT_PARENT_RIGHT_PAREN]
State 327, Symbol T_LESS: R [call -> T_IDENTIFIERT_LEFT_PARENT_RIGHT_PAREN]
State 327, Symbol T_LESSEQUAL: R [call -> T_IDENTIFIERT_LEFT_PARENT_RIGHT_PAREN]
State 327, Symbol T_MINUS: R [call -> T_IDENTIFIERT_LEFT_PARENT_RIGHT_PAREN]
State 327, Symbol T_MOD: R [call -> T_IDENTIFIERT_LEFT_PARENT_RIGHT_PAREN]
State 327, Symbol T_MULTIPLY: R [call -> T_IDENTIFIERT_LEFT_PARENT_RIGHT_PAREN]
State 327, Symbol T_PLUS: R [call -> T_IDENTIFIERT_LEFT_PARENT_RIGHT_PAREN]
State 327, Symbol T_RIGHTSHIFT: R [call -> T_IDENTIFIERT_LEFT_PARENT_RIGHT_PAREN]
State 327, Symbol T_RIGHT_SQUARE: R [call -> T_IDENTIFIERT_LEFT_PARENT_RIGHT_PAREN]
State 328, Symbol T_RIGHT_PAREN: S 407
State 329, Symbol T_RIGHT_SQUARE: S 408
State 330, Symbol T_BITNOT: S 144
State 330, Symbol T_CHAR_LITERAL: S 145
State 330, Symbol T_DECREMENT: S 37
State 330, Symbol T_FLOAT_LITERAL: S 146
State 330, Symbol T_IDENTIFIER: S 143
State 330, Symbol T_INCREMENT: S 38
State 330, Symbol T_INTEGER_LITERAL: S 147
State 330, Symbol T_LEFT_PAREN: S 148
State 330, Symbol T_NOT: S 149
State 330, Symbol T_STRING_LITERAL: S 150
State 331, Symbol T_BITAND: R [factor -> T_LEFT_PARENexpressionT_RIGHT_PAREN]
State 331, Symbol T_BITOR: R [factor -> T_LEFT_PARENexpressionT_RIGHT_PAREN]
State 331, Symbol T_BITXOR: R [factor -> T_LEFT_PARENexpressionT_RIGHT_PAREN]
State 331, Symbol T_DIVIDE: R [factor -> T_LEFT_PARENexpressionT_RIGHT_PAREN]
State 331, Symbol T_EQUAL: R [factor -> T_LEFT_PARENexpressionT_RIGHT_PAREN]
State 331, Symbol T_GREATER: R [factor -> T_LEFT_PARENexpressionT_RIGHT_PAREN]
State 331, Symbol T_GREATEREQUAL: R [factor -> T_LEFT_PARENexpressionT_RIGHT_PAREN]
State 331, Symbol T_LEFTSHIFT: R [factor -> T_LEFT_PARENexpressionT_RIGHT_PAREN]
State 331, Symbol T_LESS: R [factor -> T_LEFT_PARENexpressionT_RIGHT_PAREN]
State 331, Symbol T_LESSEQUAL: R [factor -> T_LEFT_PARENexpressionT_RIGHT_PAREN]
State 331, Symbol T_MINUS: R [factor -> T_LEFT_PARENexpressionT_RIGHT_PAREN]
State 331, Symbol T_MOD: R [factor -> T_LEFT_PARENexpressionT_RIGHT_PAREN]
State 331, Symbol T_MULTIPLY: R [factor -> T_LEFT_PARENexpressionT_RIGHT_PAREN]
State 331, Symbol T_PLUS: R [factor -> T_LEFT_PARENexpressionT_RIGHT_PAREN]
State 331, Symbol T_RIGHTSHIFT: R [factor -> T_LEFT_PARENexpressionT_RIGHT_PAREN]
State 331, Symbol T_RIGHT_SQUARE: R [factor -> T_LEFT_PARENexpressionT_RIGHT_PAREN]
State 332, Symbol T_BITAND: R [var -> T_IDENTIFIER]
State 332, Symbol T_BITOR: R [var -> T_IDENTIFIER]
State 332, Symbol T_BITXOR: R [var -> T_IDENTIFIER]
State 332, Symbol T_DECREMENT: R [var -> T_IDENTIFIER]
State 332, Symbol T_DIVIDE: R [var -> T_IDENTIFIER]
State 332, Symbol T_EQUAL: R [var -> T_IDENTIFIER]
State 332, Symbol T_GREATER: R [var -> T_IDENTIFIER]
State 332, Symbol T_GREATEREQUAL: R [var -> T_IDENTIFIER]
State 332, Symbol T_INCREMENT: R [var -> T_IDENTIFIER]
State 332, Symbol T_LEFTSHIFT: R [var -> T_IDENTIFIER]
State 332, Symbol T_LEFT_PAREN: S 230
State 332, Symbol T_LEFT_SQUARE: S 410
State 332, Symbol T_LESS: R [var -> T_IDENTIFIER]
State 332, Symbol T_LESSEQUAL: R [var -> T_IDENTIFIER]
State 332, Symbol T_MINUS: R [var -> T_IDENTIFIER]
State 332, Symbol T_MOD: R [var -> T_IDENTIFIER]
State 332, Symbol T_MULTIPLY: R [var -> T_IDENTIFIER]
State 332, Symbol T_PLUS: R [var -> T_IDENTIFIER]
State 332, Symbol T_RIGHTSHIFT: R [var -> T_IDENTIFIER]
State 332, Symbol T_RIGHT_SQUARE: R [var -> T_IDENTIFIER]
State 333, Symbol T_BITAND: S 87
State 333, Symbol T_BITOR: S 88
State 333, Symbol T_BITXOR: S 89
State 333, Symbol T_DIVIDE: S 90
State 333, Symbol T_EQUAL: R [additive_expression -> additive_expressionaddopterm]
State 333, Symbol T_GREATER: R [additive_expression -> additive_expressionaddopterm]
State 333, Symbol T_GREATEREQUAL: R [additive_expression -> additive_expressionaddopterm]
State 333, Symbol T_LEFTSHIFT: S 91
State 333, Symbol T_LESS: R [additive_expression -> additive_expressionaddopterm]
State 333, Symbol T_LESSEQUAL: R [additive_expression -> additive_expressionaddopterm]
State 333, Symbol T_MINUS: R [additive_expression -> additive_expressionaddopterm]
State 333, Symbol T_MOD: S 92
State 333, Symbol T_MULTIPLY: S 93
State 333, Symbol T_PLUS: R [additive_expression -> additive_expressionaddopterm]
State 333, Symbol T_RIGHTSHIFT: S 94
State 333, Symbol T_RIGHT_SQUARE: R [additive_expression -> additive_expressionaddopterm]
State 334, Symbol T_BITAND: R [factor -> var]
State 334, Symbol T_BITOR: R [factor -> var]
State 334, Symbol T_BITXOR: R [factor -> var]
State 334, Symbol T_DECREMENT: S 241
State 334, Symbol T_DIVIDE: R [factor -> var]
State 334, Symbol T_EQUAL: R [factor -> var]
State 334, Symbol T_GREATER: R [factor -> var]
State 334, Symbol T_GREATEREQUAL: R [factor -> var]
State 334, Symbol T_INCREMENT: S 242
State 334, Symbol T_LEFTSHIFT: R [factor -> var]
State 334, Symbol T_LESS: R [factor -> var]
State 334, Symbol T_LESSEQUAL: R [factor -> var]
State 334, Symbol T_MINUS: R [factor -> var]
State 334, Symbol T_MOD: R [factor -> var]
State 334, Symbol T_MULTIPLY: R [factor -> var]
State 334, Symbol T_PLUS: R [factor -> var]
State 334, Symbol T_RIGHTSHIFT: R [factor -> var]
State 334, Symbol T_RIGHT_SQUARE: R [factor -> var]
State 335, Symbol T_BITAND: R [term -> postfix_expression]
State 335, Symbol T_BITOR: R [term -> postfix_expression]
State 335, Symbol T_BITXOR: R [term -> postfix_expression]
State 335, Symbol T_DIVIDE: R [term -> postfix_expression]
State 335, Symbol T_EQUAL: R [term -> postfix_expression]
State 335, Symbol T_GREATER: R [term -> postfix_expression]
State 335, Symbol T_GREATEREQUAL: R [term -> postfix_expression]
State 335, Symbol T_LEFTSHIFT: R [term -> postfix_expression]
State 335, Symbol T_LESS: R [term -> postfix_expression]
State 335, Symbol T_LESSEQUAL: R [term -> postfix_expression]
State 335, Symbol T_MINUS: R [term -> postfix_expression]
State 335, Symbol T_MOD: R [term -> postfix_expression]
State 335, Symbol T_MULTIPLY: R [term -> postfix_expression]
State 335, Symbol T_PLUS: R [term -> postfix_expression]
State 335, Symbol T_RIGHTSHIFT: R [term -> postfix_expression]
State 335, Symbol T_RIGHT_SQUARE: R [term -> postfix_expression]
State 336, Symbol T_BITAND: R [var -> T_IDENTIFIER]
State 336, Symbol T_BITOR: R [var -> T_IDENTIFIER]
State 336, Symbol T_BITXOR: R [var -> T_IDENTIFIER]
State 336, Symbol T_DECREMENT: R [var -> T_IDENTIFIER]
State 336, Symbol T_DIVIDE: R [var -> T_IDENTIFIER]
State 336, Symbol T_INCREMENT: R [var -> T_IDENTIFIER]
State 336, Symbol T_LEFTSHIFT: R [var -> T_IDENTIFIER]
State 336, Symbol T_LEFT_PAREN: S 411
State 336, Symbol T_LEFT_SQUARE: S 412
State 336, Symbol T_MINUS: R [var -> T_IDENTIFIER]
State 336, Symbol T_MOD: R [var -> T_IDENTIFIER]
State 336, Symbol T_MULTIPLY: R [var -> T_IDENTIFIER]
State 336, Symbol T_PLUS: R [var -> T_IDENTIFIER]
State 336, Symbol T_RIGHTSHIFT: R [var -> T_IDENTIFIER]
State 336, Symbol T_RIGHT_SQUARE: R [var -> T_IDENTIFIER]
State 337, Symbol T_BITNOT: S 337
State 337, Symbol T_CHAR_LITERAL: S 338
State 337, Symbol T_DECREMENT: S 37
State 337, Symbol T_FLOAT_LITERAL: S 339
State 337, Symbol T_IDENTIFIER: S 413
State 337, Symbol T_INCREMENT: S 38
State 337, Symbol T_INTEGER_LITERAL: S 340
State 337, Symbol T_LEFT_PAREN: S 341
State 337, Symbol T_NOT: S 342
State 337, Symbol T_STRING_LITERAL: S 343
State 338, Symbol T_BITAND: R [factor -> T_CHAR_LITERAL]
State 338, Symbol T_BITOR: R [factor -> T_CHAR_LITERAL]
State 338, Symbol T_BITXOR: R [factor -> T_CHAR_LITERAL]
State 338, Symbol T_DIVIDE: R [factor -> T_CHAR_LITERAL]
State 338, Symbol T_LEFTSHIFT: R [factor -> T_CHAR_LITERAL]
State 338, Symbol T_MINUS: R [factor -> T_CHAR_LITERAL]
State 338, Symbol T_MOD: R [factor -> T_CHAR_LITERAL]
State 338, Symbol T_MULTIPLY: R [factor -> T_CHAR_LITERAL]
State 338, Symbol T_PLUS: R [factor -> T_CHAR_LITERAL]
State 338, Symbol T_RIGHTSHIFT: R [factor -> T_CHAR_LITERAL]
State 338, Symbol T_RIGHT_SQUARE: R [factor -> T_CHAR_LITERAL]
State 339, Symbol T_BITAND: R [factor -> T_FLOAT_LITERAL]
State 339, Symbol T_BITOR: R [factor -> T_FLOAT_LITERAL]
State 339, Symbol T_BITXOR: R [factor -> T_FLOAT_LITERAL]
State 339, Symbol T_DIVIDE: R [factor -> T_FLOAT_LITERAL]
State 339, Symbol T_LEFTSHIFT: R [factor -> T_FLOAT_LITERAL]
State 339, Symbol T_MINUS: R [factor -> T_FLOAT_LITERAL]
State 339, Symbol T_MOD: R [factor -> T_FLOAT_LITERAL]
State 339, Symbol T_MULTIPLY: R [factor -> T_FLOAT_LITERAL]
State 339, Symbol T_PLUS: R [factor -> T_FLOAT_LITERAL]
State 339, Symbol T_RIGHTSHIFT: R [factor -> T_FLOAT_LITERAL]
State 339, Symbol T_RIGHT_SQUARE: R [factor -> T_FLOAT_LITERAL]
State 340, Symbol T_BITAND: R [factor -> T_INTEGER_LITERAL]
State 340, Symbol T_BITOR: R [factor -> T_INTEGER_LITERAL]
State 340, Symbol T_BITXOR: R [factor -> T_INTEGER_LITERAL]
State 340, Symbol T_DIVIDE: R [factor -> T_INTEGER_LITERAL]
State 340, Symbol T_LEFTSHIFT: R [factor -> T_INTEGER_LITERAL]
State 340, Symbol T_MINUS: R [factor -> T_INTEGER_LITERAL]
State 340, Symbol T_MOD: R [factor -> T_INTEGER_LITERAL]
State 340, Symbol T_MULTIPLY: R [factor -> T_INTEGER_LITERAL]
State 340, Symbol T_PLUS: R [factor -> T_INTEGER_LITERAL]
State 340, Symbol T_RIGHTSHIFT: R [factor -> T_INTEGER_LITERAL]
State 340, Symbol T_RIGHT_SQUARE: R [factor -> T_INTEGER_LITERAL]
State 341, Symbol T_BITNOT: S 61
State 341, Symbol T_CHAR_LITERAL: S 62
State 341, Symbol T_DECREMENT: S 37
State 341, Symbol T_FLOAT_LITERAL: S 63
State 341, Symbol T_IDENTIFIER: S 60
State 341, Symbol T_INCREMENT: S 38
State 341, Symbol T_INTEGER_LITERAL: S 64
State 341, Symbol T_LEFT_PAREN: S 65
State 341, Symbol T_NOT: S 66
State 341, Symbol T_STRING_LITERAL: S 67
State 342, Symbol T_BITNOT: S 337
State 342, Symbol T_CHAR_LITERAL: S 338
State 342, Symbol T_DECREMENT: S 37
State 342, Symbol T_FLOAT_LITERAL: S 339
State 342, Symbol T_IDENTIFIER: S 413
State 342, Symbol T_INCREMENT: S 38
State 342, Symbol T_INTEGER_LITERAL: S 340
State 342, Symbol T_LEFT_PAREN: S 341
State 342, Symbol T_NOT: S 342
State 342, Symbol T_STRING_LITERAL: S 343
State 343, Symbol T_BITAND: R [factor -> T_STRING_LITERAL]
State 343, Symbol T_BITOR: R [factor -> T_STRING_LITERAL]
State 343, Symbol T_BITXOR: R [factor -> T_STRING_LITERAL]
State 343, Symbol T_DIVIDE: R [factor -> T_STRING_LITERAL]
State 343, Symbol T_LEFTSHIFT: R [factor -> T_STRING_LITERAL]
State 343, Symbol T_MINUS: R [factor -> T_STRING_LITERAL]
State 343, Symbol T_MOD: R [factor -> T_STRING_LITERAL]
State 343, Symbol T_MULTIPLY: R [factor -> T_STRING_LITERAL]
State 343, Symbol T_PLUS: R [factor -> T_STRING_LITERAL]
State 343, Symbol T_RIGHTSHIFT: R [factor -> T_STRING_LITERAL]
State 343, Symbol T_RIGHT_SQUARE: R [factor -> T_STRING_LITERAL]
State 344, Symbol T_MINUS: S 78
State 344, Symbol T_PLUS: S 79
State 344, Symbol T_RIGHT_SQUARE: R [simple_expression -> additive_expressionrelopadditive_expression]
State 345, Symbol T_BITAND: S 87
State 345, Symbol T_BITOR: S 88
State 345, Symbol T_BITXOR: S 89
State 345, Symbol T_DIVIDE: S 90
State 345, Symbol T_LEFTSHIFT: S 91
State 345, Symbol T_MINUS: R [additive_expression -> term]
State 345, Symbol T_MOD: S 92
State 345, Symbol T_MULTIPLY: S 93
State 345, Symbol T_PLUS: R [additive_expression -> term]
State 345, Symbol T_RIGHTSHIFT: S 94
State 345, Symbol T_RIGHT_SQUARE: R [additive_expression -> term]
State 346, Symbol T_BITAND: R [factor -> call]
State 346, Symbol T_BITOR: R [factor -> call]
State 346, Symbol T_BITXOR: R [factor -> call]
State 346, Symbol T_DIVIDE: R [factor -> call]
State 346, Symbol T_LEFTSHIFT: R [factor -> call]
State 346, Symbol T_MINUS: R [factor -> call]
State 346, Symbol T_MOD: R [factor -> call]
State 346, Symbol T_MULTIPLY: R [factor -> call]
State 346, Symbol T_PLUS: R [factor -> call]
State 346, Symbol T_RIGHTSHIFT: R [factor -> call]
State 346, Symbol T_RIGHT_SQUARE: R [factor -> call]
State 347, Symbol T_IDENTIFIER: S 420
State 348, Symbol T_BITAND: R [factor -> var]
State 348, Symbol T_BITOR: R [factor -> var]
State 348, Symbol T_BITXOR: R [factor -> var]
State 348, Symbol T_DECREMENT: S 422
State 348, Symbol T_DIVIDE: R [factor -> var]
State 348, Symbol T_INCREMENT: S 423
State 348, Symbol T_LEFTSHIFT: R [factor -> var]
State 348, Symbol T_MINUS: R [factor -> var]
State 348, Symbol T_MOD: R [factor -> var]
State 348, Symbol T_MULTIPLY: R [factor -> var]
State 348, Symbol T_PLUS: R [factor -> var]
State 348, Symbol T_RIGHTSHIFT: R [factor -> var]
State 348, Symbol T_RIGHT_SQUARE: R [factor -> var]
State 349, Symbol T_BITAND: R [term -> factor]
State 349, Symbol T_BITOR: R [term -> factor]
State 349, Symbol T_BITXOR: R [term -> factor]
State 349, Symbol T_DIVIDE: R [term -> factor]
State 349, Symbol T_LEFTSHIFT: R [term -> factor]
State 349, Symbol T_MINUS: R [term -> factor]
State 349, Symbol T_MOD: R [term -> factor]
State 349, Symbol T_MULTIPLY: R [term -> factor]
State 349, Symbol T_PLUS: R [term -> factor]
State 349, Symbol T_RIGHTSHIFT: R [term -> factor]
State 349, Symbol T_RIGHT_SQUARE: R [term -> factor]
State 350, Symbol T_BITAND: R [term -> postfix_expression]
State 350, Symbol T_BITOR: R [term -> postfix_expression]
State 350, Symbol T_BITXOR: R [term -> postfix_expression]
State 350, Symbol T_DIVIDE: R [term -> postfix_expression]
State 350, Symbol T_LEFTSHIFT: R [term -> postfix_expression]
State 350, Symbol T_MINUS: R [term -> postfix_expression]
State 350, Symbol T_MOD: R [term -> postfix_expression]
State 350, Symbol T_MULTIPLY: R [term -> postfix_expression]
State 350, Symbol T_PLUS: R [term -> postfix_expression]
State 350, Symbol T_RIGHTSHIFT: R [term -> postfix_expression]
State 350, Symbol T_RIGHT_SQUARE: R [term -> postfix_expression]
State 351, Symbol T_BITAND: R [term -> termmulopfactor]
State 351, Symbol T_BITOR: R [term -> termmulopfactor]
State 351, Symbol T_BITXOR: R [term -> termmulopfactor]
State 351, Symbol T_DIVIDE: R [term -> termmulopfactor]
State 351, Symbol T_EQUAL: R [term -> termmulopfactor]
State 351, Symbol T_GREATER: R [term -> termmulopfactor]
State 351, Symbol T_GREATEREQUAL: R [term -> termmulopfactor]
State 351, Symbol T_LEFTSHIFT: R [term -> termmulopfactor]
State 351, Symbol T_LESS: R [term -> termmulopfactor]
State 351, Symbol T_LESSEQUAL: R [term -> termmulopfactor]
State 351, Symbol T_MINUS: R [term -> termmulopfactor]
State 351, Symbol T_MOD: R [term -> termmulopfactor]
State 351, Symbol T_MULTIPLY: R [term -> termmulopfactor]
State 351, Symbol T_PLUS: R [term -> termmulopfactor]
State 351, Symbol T_RIGHTSHIFT: R [term -> termmulopfactor]
State 351, Symbol T_RIGHT_SQUARE: R [term -> termmulopfactor]
State 352, Symbol T_RIGHT_SQUARE: R [expression -> varT_ASSIGNexpression]
State 353, Symbol T_BITAND: R [var -> T_IDENTIFIERT_LEFT_SQUAREexpressionT_RIGHT_SQUARE]
State 353, Symbol T_BITOR: R [var -> T_IDENTIFIERT_LEFT_SQUAREexpressionT_RIGHT_SQUARE]
State 353, Symbol T_BITXOR: R [var -> T_IDENTIFIERT_LEFT_SQUAREexpressionT_RIGHT_SQUARE]
State 353, Symbol T_DIVIDE: R [var -> T_IDENTIFIERT_LEFT_SQUAREexpressionT_RIGHT_SQUARE]
State 353, Symbol T_EQUAL: R [var -> T_IDENTIFIERT_LEFT_SQUAREexpressionT_RIGHT_SQUARE]
State 353, Symbol T_GREATER: R [var -> T_IDENTIFIERT_LEFT_SQUAREexpressionT_RIGHT_SQUARE]
State 353, Symbol T_GREATEREQUAL: R [var -> T_IDENTIFIERT_LEFT_SQUAREexpressionT_RIGHT_SQUARE]
State 353, Symbol T_LEFTSHIFT: R [var -> T_IDENTIFIERT_LEFT_SQUAREexpressionT_RIGHT_SQUARE]
State 353, Symbol T_LESS: R [var -> T_IDENTIFIERT_LEFT_SQUAREexpressionT_RIGHT_SQUARE]
State 353, Symbol T_LESSEQUAL: R [var -> T_IDENTIFIERT_LEFT_SQUAREexpressionT_RIGHT_SQUARE]
State 353, Symbol T_MINUS: R [var -> T_IDENTIFIERT_LEFT_SQUAREexpressionT_RIGHT_SQUARE]
State 353, Symbol T_MOD: R [var -> T_IDENTIFIERT_LEFT_SQUAREexpressionT_RIGHT_SQUARE]
State 353, Symbol T_MULTIPLY: R [var -> T_IDENTIFIERT_LEFT_SQUAREexpressionT_RIGHT_SQUARE]
State 353, Symbol T_PLUS: R [var -> T_IDENTIFIERT_LEFT_SQUAREexpressionT_RIGHT_SQUARE]
State 353, Symbol T_RIGHTSHIFT: R [var -> T_IDENTIFIERT_LEFT_SQUAREexpressionT_RIGHT_SQUARE]
State 353, Symbol T_SEMICOLON: R [var -> T_IDENTIFIERT_LEFT_SQUAREexpressionT_RIGHT_SQUARE]
State 354, Symbol T_BITAND: R [call -> T_IDENTIFIERT_LEFT_PARENargsT_RIGHT_PAREN]
State 354, Symbol T_BITOR: R [call -> T_IDENTIFIERT_LEFT_PARENargsT_RIGHT_PAREN]
State 354, Symbol T_BITXOR: R [call -> T_IDENTIFIERT_LEFT_PARENargsT_RIGHT_PAREN]
State 354, Symbol T_DIVIDE: R [call -> T_IDENTIFIERT_LEFT_PARENargsT_RIGHT_PAREN]
State 354, Symbol T_EQUAL: R [call -> T_IDENTIFIERT_LEFT_PARENargsT_RIGHT_PAREN]
State 354, Symbol T_GREATER: R [call -> T_IDENTIFIERT_LEFT_PARENargsT_RIGHT_PAREN]
State 354, Symbol T_GREATEREQUAL: R [call -> T_IDENTIFIERT_LEFT_PARENargsT_RIGHT_PAREN]
State 354, Symbol T_LEFTSHIFT: R [call -> T_IDENTIFIERT_LEFT_PARENargsT_RIGHT_PAREN]
State 354, Symbol T_LESS: R [call -> T_IDENTIFIERT_LEFT_PARENargsT_RIGHT_PAREN]
State 354, Symbol T_LESSEQUAL: R [call -> T_IDENTIFIERT_LEFT_PARENargsT_RIGHT_PAREN]
State 354, Symbol T_MINUS: R [call -> T_IDENTIFIERT_LEFT_PARENargsT_RIGHT_PAREN]
State 354, Symbol T_MOD: R [call -> T_IDENTIFIERT_LEFT_PARENargsT_RIGHT_PAREN]
State 354, Symbol T_MULTIPLY: R [call -> T_IDENTIFIERT_LEFT_PARENargsT_RIGHT_PAREN]
State 354, Symbol T_PLUS: R [call -> T_IDENTIFIERT_LEFT_PARENargsT_RIGHT_PAREN]
State 354, Symbol T_RIGHTSHIFT: R [call -> T_IDENTIFIERT_LEFT_PARENargsT_RIGHT_PAREN]
State 354, Symbol T_RIGHT_PAREN: R [call -> T_IDENTIFIERT_LEFT_PARENargsT_RIGHT_PAREN]
State 355, Symbol T_ASSIGN: R [var -> T_IDENTIFIERT_LEFT_SQUAREexpressionT_RIGHT_SQUARE]
State 355, Symbol T_BITAND: R [var -> T_IDENTIFIERT_LEFT_SQUAREexpressionT_RIGHT_SQUARE]
State 355, Symbol T_BITOR: R [var -> T_IDENTIFIERT_LEFT_SQUAREexpressionT_RIGHT_SQUARE]
State 355, Symbol T_BITXOR: R [var -> T_IDENTIFIERT_LEFT_SQUAREexpressionT_RIGHT_SQUARE]
State 355, Symbol T_DECREMENT: R [var -> T_IDENTIFIERT_LEFT_SQUAREexpressionT_RIGHT_SQUARE]
State 355, Symbol T_DIVIDE: R [var -> T_IDENTIFIERT_LEFT_SQUAREexpressionT_RIGHT_SQUARE]
State 355, Symbol T_EQUAL: R [var -> T_IDENTIFIERT_LEFT_SQUAREexpressionT_RIGHT_SQUARE]
State 355, Symbol T_GREATER: R [var -> T_IDENTIFIERT_LEFT_SQUAREexpressionT_RIGHT_SQUARE]
State 355, Symbol T_GREATEREQUAL: R [var -> T_IDENTIFIERT_LEFT_SQUAREexpressionT_RIGHT_SQUARE]
State 355, Symbol T_INCREMENT: R [var -> T_IDENTIFIERT_LEFT_SQUAREexpressionT_RIGHT_SQUARE]
State 355, Symbol T_LEFTSHIFT: R [var -> T_IDENTIFIERT_LEFT_SQUAREexpressionT_RIGHT_SQUARE]
State 355, Symbol T_LESS: R [var -> T_IDENTIFIERT_LEFT_SQUAREexpressionT_RIGHT_SQUARE]
State 355, Symbol T_LESSEQUAL: R [var -> T_IDENTIFIERT_LEFT_SQUAREexpressionT_RIGHT_SQUARE]
State 355, Symbol T_MINUS: R [var -> T_IDENTIFIERT_LEFT_SQUAREexpressionT_RIGHT_SQUARE]
State 355, Symbol T_MOD: R [var -> T_IDENTIFIERT_LEFT_SQUAREexpressionT_RIGHT_SQUARE]
State 355, Symbol T_MULTIPLY: R [var -> T_IDENTIFIERT_LEFT_SQUAREexpressionT_RIGHT_SQUARE]
State 355, Symbol T_PLUS: R [var -> T_IDENTIFIERT_LEFT_SQUAREexpressionT_RIGHT_SQUARE]
State 355, Symbol T_RIGHTSHIFT: R [var -> T_IDENTIFIERT_LEFT_SQUAREexpressionT_RIGHT_SQUARE]
State 355, Symbol T_RIGHT_PAREN: R [var -> T_IDENTIFIERT_LEFT_SQUAREexpressionT_RIGHT_SQUARE]
State 356, Symbol T_RIGHT_SQUARE: S 425
State 357, Symbol T_BITNOT: S 144
State 357, Symbol T_CHAR_LITERAL: S 145
State 357, Symbol T_DECREMENT: S 37
State 357, Symbol T_FLOAT_LITERAL: S 146
State 357, Symbol T_IDENTIFIER: S 143
State 357, Symbol T_INCREMENT: S 38
State 357, Symbol T_INTEGER_LITERAL: S 147
State 357, Symbol T_LEFT_PAREN: S 148
State 357, Symbol T_NOT: S 149
State 357, Symbol T_STRING_LITERAL: S 150
State 358, Symbol T_BITNOT: S 125
State 358, Symbol T_CHAR_LITERAL: S 126
State 358, Symbol T_DECREMENT: S 37
State 358, Symbol T_FLOAT_LITERAL: S 127
State 358, Symbol T_IDENTIFIER: S 123
State 358, Symbol T_INCREMENT: S 38
State 358, Symbol T_INTEGER_LITERAL: S 128
State 358, Symbol T_LEFT_PAREN: S 129
State 358, Symbol T_NOT: S 130
State 358, Symbol T_RIGHT_PAREN: S 427
State 358, Symbol T_STRING_LITERAL: S 131
State 359, Symbol T_BITNOT: S 144
State 359, Symbol T_CHAR_LITERAL: S 145
State 359, Symbol T_DECREMENT: S 37
State 359, Symbol T_FLOAT_LITERAL: S 146
State 359, Symbol T_IDENTIFIER: S 143
State 359, Symbol T_INCREMENT: S 38
State 359, Symbol T_INTEGER_LITERAL: S 147
State 359, Symbol T_LEFT_PAREN: S 148
State 359, Symbol T_NOT: S 149
State 359, Symbol T_STRING_LITERAL: S 150
State 360, Symbol T_BITAND: R [var -> T_IDENTIFIER]
State 360, Symbol T_BITOR: R [var -> T_IDENTIFIER]
State 360, Symbol T_BITXOR: R [var -> T_IDENTIFIER]
State 360, Symbol T_DIVIDE: R [var -> T_IDENTIFIER]
State 360, Symbol T_LEFTSHIFT: R [var -> T_IDENTIFIER]
State 360, Symbol T_LEFT_PAREN: S 358
State 360, Symbol T_LEFT_SQUARE: S 430
State 360, Symbol T_MINUS: R [var -> T_IDENTIFIER]
State 360, Symbol T_MOD: R [var -> T_IDENTIFIER]
State 360, Symbol T_MULTIPLY: R [var -> T_IDENTIFIER]
State 360, Symbol T_PLUS: R [var -> T_IDENTIFIER]
State 360, Symbol T_RIGHTSHIFT: R [var -> T_IDENTIFIER]
State 360, Symbol T_RIGHT_PAREN: R [var -> T_IDENTIFIER]
State 361, Symbol T_BITAND: R [factor -> T_BITNOTfactor]
State 361, Symbol T_BITOR: R [factor -> T_BITNOTfactor]
State 361, Symbol T_BITXOR: R [factor -> T_BITNOTfactor]
State 361, Symbol T_DIVIDE: R [factor -> T_BITNOTfactor]
State 361, Symbol T_LEFTSHIFT: R [factor -> T_BITNOTfactor]
State 361, Symbol T_MINUS: R [factor -> T_BITNOTfactor]
State 361, Symbol T_MOD: R [factor -> T_BITNOTfactor]
State 361, Symbol T_MULTIPLY: R [factor -> T_BITNOTfactor]
State 361, Symbol T_PLUS: R [factor -> T_BITNOTfactor]
State 361, Symbol T_RIGHTSHIFT: R [factor -> T_BITNOTfactor]
State 361, Symbol T_RIGHT_PAREN: R [factor -> T_BITNOTfactor]
State 362, Symbol T_BITAND: R [factor -> var]
State 362, Symbol T_BITOR: R [factor -> var]
State 362, Symbol T_BITXOR: R [factor -> var]
State 362, Symbol T_DIVIDE: R [factor -> var]
State 362, Symbol T_LEFTSHIFT: R [factor -> var]
State 362, Symbol T_MINUS: R [factor -> var]
State 362, Symbol T_MOD: R [factor -> var]
State 362, Symbol T_MULTIPLY: R [factor -> var]
State 362, Symbol T_PLUS: R [factor -> var]
State 362, Symbol T_RIGHTSHIFT: R [factor -> var]
State 362, Symbol T_RIGHT_PAREN: R [factor -> var]
State 363, Symbol T_RIGHT_PAREN: S 431
State 364, Symbol T_BITAND: R [factor -> T_NOTfactor]
State 364, Symbol T_BITOR: R [factor -> T_NOTfactor]
State 364, Symbol T_BITXOR: R [factor -> T_NOTfactor]
State 364, Symbol T_DIVIDE: R [factor -> T_NOTfactor]
State 364, Symbol T_LEFTSHIFT: R [factor -> T_NOTfactor]
State 364, Symbol T_MINUS: R [factor -> T_NOTfactor]
State 364, Symbol T_MOD: R [factor -> T_NOTfactor]
State 364, Symbol T_MULTIPLY: R [factor -> T_NOTfactor]
State 364, Symbol T_PLUS: R [factor -> T_NOTfactor]
State 364, Symbol T_RIGHTSHIFT: R [factor -> T_NOTfactor]
State 364, Symbol T_RIGHT_PAREN: R [factor -> T_NOTfactor]
State 365, Symbol T_BITNOT: S 258
State 365, Symbol T_CHAR_LITERAL: S 259
State 365, Symbol T_DECREMENT: S 37
State 365, Symbol T_FLOAT_LITERAL: S 260
State 365, Symbol T_IDENTIFIER: S 257
State 365, Symbol T_INCREMENT: S 38
State 365, Symbol T_INTEGER_LITERAL: S 261
State 365, Symbol T_LEFT_PAREN: S 262
State 365, Symbol T_NOT: S 263
State 365, Symbol T_STRING_LITERAL: S 264
State 366, Symbol T_BITNOT: S 258
State 366, Symbol T_CHAR_LITERAL: S 259
State 366, Symbol T_DECREMENT: S 37
State 366, Symbol T_FLOAT_LITERAL: S 260
State 366, Symbol T_IDENTIFIER: S 360
State 366, Symbol T_INCREMENT: S 38
State 366, Symbol T_INTEGER_LITERAL: S 261
State 366, Symbol T_LEFT_PAREN: S 262
State 366, Symbol T_NOT: S 263
State 366, Symbol T_STRING_LITERAL: S 264
State 367, Symbol T_BITAND: R [var -> T_IDENTIFIER]
State 367, Symbol T_BITOR: R [var -> T_IDENTIFIER]
State 367, Symbol T_BITXOR: R [var -> T_IDENTIFIER]
State 367, Symbol T_DIVIDE: R [var -> T_IDENTIFIER]
State 367, Symbol T_LEFTSHIFT: R [var -> T_IDENTIFIER]
State 367, Symbol T_LEFT_SQUARE: S 430
State 367, Symbol T_MINUS: R [var -> T_IDENTIFIER]
State 367, Symbol T_MOD: R [var -> T_IDENTIFIER]
State 367, Symbol T_MULTIPLY: R [var -> T_IDENTIFIER]
State 367, Symbol T_PLUS: R [var -> T_IDENTIFIER]
State 367, Symbol T_RIGHTSHIFT: R [var -> T_IDENTIFIER]
State 367, Symbol T_RIGHT_PAREN: R [var -> T_IDENTIFIER]
State 368, Symbol T_BITAND: R [factor -> inc_dec_operatorvar]
State 368, Symbol T_BITOR: R [factor -> inc_dec_operatorvar]
State 368, Symbol T_BITXOR: R [factor -> inc_dec_operatorvar]
State 368, Symbol T_DIVIDE: R [factor -> inc_dec_operatorvar]
State 368, Symbol T_LEFTSHIFT: R [factor -> inc_dec_operatorvar]
State 368, Symbol T_MINUS: R [factor -> inc_dec_operatorvar]
State 368, Symbol T_MOD: R [factor -> inc_dec_operatorvar]
State 368, Symbol T_MULTIPLY: R [factor -> inc_dec_operatorvar]
State 368, Symbol T_PLUS: R [factor -> inc_dec_operatorvar]
State 368, Symbol T_RIGHTSHIFT: R [factor -> inc_dec_operatorvar]
State 368, Symbol T_RIGHT_PAREN: R [factor -> inc_dec_operatorvar]
State 369, Symbol T_BITAND: R [inc_dec_operator -> T_DECREMENT]
State 369, Symbol T_BITOR: R [inc_dec_operator -> T_DECREMENT]
State 369, Symbol T_BITXOR: R [inc_dec_operator -> T_DECREMENT]
State 369, Symbol T_DIVIDE: R [inc_dec_operator -> T_DECREMENT]
State 369, Symbol T_LEFTSHIFT: R [inc_dec_operator -> T_DECREMENT]
State 369, Symbol T_MINUS: R [inc_dec_operator -> T_DECREMENT]
State 369, Symbol T_MOD: R [inc_dec_operator -> T_DECREMENT]
State 369, Symbol T_MULTIPLY: R [inc_dec_operator -> T_DECREMENT]
State 369, Symbol T_PLUS: R [inc_dec_operator -> T_DECREMENT]
State 369, Symbol T_RIGHTSHIFT: R [inc_dec_operator -> T_DECREMENT]
State 369, Symbol T_RIGHT_PAREN: R [inc_dec_operator -> T_DECREMENT]
State 370, Symbol T_BITAND: R [inc_dec_operator -> T_INCREMENT]
State 370, Symbol T_BITOR: R [inc_dec_operator -> T_INCREMENT]
State 370, Symbol T_BITXOR: R [inc_dec_operator -> T_INCREMENT]
State 370, Symbol T_DIVIDE: R [inc_dec_operator -> T_INCREMENT]
State 370, Symbol T_LEFTSHIFT: R [inc_dec_operator -> T_INCREMENT]
State 370, Symbol T_MINUS: R [inc_dec_operator -> T_INCREMENT]
State 370, Symbol T_MOD: R [inc_dec_operator -> T_INCREMENT]
State 370, Symbol T_MULTIPLY: R [inc_dec_operator -> T_INCREMENT]
State 370, Symbol T_PLUS: R [inc_dec_operator -> T_INCREMENT]
State 370, Symbol T_RIGHTSHIFT: R [inc_dec_operator -> T_INCREMENT]
State 370, Symbol T_RIGHT_PAREN: R [inc_dec_operator -> T_INCREMENT]
State 371, Symbol T_BITAND: R [postfix_expression -> varinc_dec_operator]
State 371, Symbol T_BITOR: R [postfix_expression -> varinc_dec_operator]
State 371, Symbol T_BITXOR: R [postfix_expression -> varinc_dec_operator]
State 371, Symbol T_DIVIDE: R [postfix_expression -> varinc_dec_operator]
State 371, Symbol T_LEFTSHIFT: R [postfix_expression -> varinc_dec_operator]
State 371, Symbol T_MINUS: R [postfix_expression -> varinc_dec_operator]
State 371, Symbol T_MOD: R [postfix_expression -> varinc_dec_operator]
State 371, Symbol T_MULTIPLY: R [postfix_expression -> varinc_dec_operator]
State 371, Symbol T_PLUS: R [postfix_expression -> varinc_dec_operator]
State 371, Symbol T_RIGHTSHIFT: R [postfix_expression -> varinc_dec_operator]
State 371, Symbol T_RIGHT_PAREN: R [postfix_expression -> varinc_dec_operator]
State 372, Symbol T_RIGHT_SQUARE: S 434
State 373, Symbol T_BITAND: R [call -> T_IDENTIFIERT_LEFT_PARENT_RIGHT_PAREN]
State 373, Symbol T_BITOR: R [call -> T_IDENTIFIERT_LEFT_PARENT_RIGHT_PAREN]
State 373, Symbol T_BITXOR: R [call -> T_IDENTIFIERT_LEFT_PARENT_RIGHT_PAREN]
State 373, Symbol T_DIVIDE: R [call -> T_IDENTIFIERT_LEFT_PARENT_RIGHT_PAREN]
State 373, Symbol T_LEFTSHIFT: R [call -> T_IDENTIFIERT_LEFT_PARENT_RIGHT_PAREN]
State 373, Symbol T_MINUS: R [call -> T_IDENTIFIERT_LEFT_PARENT_RIGHT_PAREN]
State 373, Symbol T_MOD: R [call -> T_IDENTIFIERT_LEFT_PARENT_RIGHT_PAREN]
State 373, Symbol T_MULTIPLY: R [call -> T_IDENTIFIERT_LEFT_PARENT_RIGHT_PAREN]
State 373, Symbol T_PLUS: R [call -> T_IDENTIFIERT_LEFT_PARENT_RIGHT_PAREN]
State 373, Symbol T_RIGHTSHIFT: R [call -> T_IDENTIFIERT_LEFT_PARENT_RIGHT_PAREN]
State 373, Symbol T_SEMICOLON: R [call -> T_IDENTIFIERT_LEFT_PARENT_RIGHT_PAREN]
State 374, Symbol T_RIGHT_PAREN: S 435
State 375, Symbol T_RIGHT_SQUARE: S 436
State 376, Symbol T_BITNOT: S 144
State 376, Symbol T_CHAR_LITERAL: S 145
State 376, Symbol T_DECREMENT: S 37
State 376, Symbol T_FLOAT_LITERAL: S 146
State 376, Symbol T_IDENTIFIER: S 143
State 376, Symbol T_INCREMENT: S 38
State 376, Symbol T_INTEGER_LITERAL: S 147
State 376, Symbol T_LEFT_PAREN: S 148
State 376, Symbol T_NOT: S 149
State 376, Symbol T_STRING_LITERAL: S 150
State 377, Symbol T_BITAND: R [factor -> T_LEFT_PARENexpressionT_RIGHT_PAREN]
State 377, Symbol T_BITOR: R [factor -> T_LEFT_PARENexpressionT_RIGHT_PAREN]
State 377, Symbol T_BITXOR: R [factor -> T_LEFT_PARENexpressionT_RIGHT_PAREN]
State 377, Symbol T_DIVIDE: R [factor -> T_LEFT_PARENexpressionT_RIGHT_PAREN]
State 377, Symbol T_LEFTSHIFT: R [factor -> T_LEFT_PARENexpressionT_RIGHT_PAREN]
State 377, Symbol T_MINUS: R [factor -> T_LEFT_PARENexpressionT_RIGHT_PAREN]
State 377, Symbol T_MOD: R [factor -> T_LEFT_PARENexpressionT_RIGHT_PAREN]
State 377, Symbol T_MULTIPLY: R [factor -> T_LEFT_PARENexpressionT_RIGHT_PAREN]
State 377, Symbol T_PLUS: R [factor -> T_LEFT_PARENexpressionT_RIGHT_PAREN]
State 377, Symbol T_RIGHTSHIFT: R [factor -> T_LEFT_PARENexpressionT_RIGHT_PAREN]
State 377, Symbol T_SEMICOLON: R [factor -> T_LEFT_PARENexpressionT_RIGHT_PAREN]
State 378, Symbol T_BITAND: S 87
State 378, Symbol T_BITOR: S 88
State 378, Symbol T_BITXOR: S 89
State 378, Symbol T_DIVIDE: S 90
State 378, Symbol T_LEFTSHIFT: S 91
State 378, Symbol T_MINUS: R [additive_expression -> additive_expressionaddopterm]
State 378, Symbol T_MOD: S 92
State 378, Symbol T_MULTIPLY: S 93
State 378, Symbol T_PLUS: R [additive_expression -> additive_expressionaddopterm]
State 378, Symbol T_RIGHTSHIFT: S 94
State 378, Symbol T_SEMICOLON: R [additive_expression -> additive_expressionaddopterm]
State 379, Symbol T_BITAND: R [term -> termmulopfactor]
State 379, Symbol T_BITOR: R [term -> termmulopfactor]
State 379, Symbol T_BITXOR: R [term -> termmulopfactor]
State 379, Symbol T_DIVIDE: R [term -> termmulopfactor]
State 379, Symbol T_LEFTSHIFT: R [term -> termmulopfactor]
State 379, Symbol T_MINUS: R [term -> termmulopfactor]
State 379, Symbol T_MOD: R [term -> termmulopfactor]
State 379, Symbol T_MULTIPLY: R [term -> termmulopfactor]
State 379, Symbol T_PLUS: R [term -> termmulopfactor]
State 379, Symbol T_RIGHTSHIFT: R [term -> termmulopfactor]
State 379, Symbol T_SEMICOLON: R [term -> termmulopfactor]
State 380, Symbol T_BITNOT: R [expression_stmt -> expressionT_SEMICOLON]
State 380, Symbol T_CHAR_LITERAL: R [expression_stmt -> expressionT_SEMICOLON]
State 380, Symbol T_DECREMENT: R [expression_stmt -> expressionT_SEMICOLON]
State 380, Symbol T_FLOAT_LITERAL: R [expression_stmt -> expressionT_SEMICOLON]
State 380, Symbol T_IDENTIFIER: R [expression_stmt -> expressionT_SEMICOLON]
State 380, Symbol T_INCREMENT: R [expression_stmt -> expressionT_SEMICOLON]
State 380, Symbol T_INTEGER_LITERAL: R [expression_stmt -> expressionT_SEMICOLON]
State 380, Symbol T_LEFT_PAREN: R [expression_stmt -> expressionT_SEMICOLON]
State 380, Symbol T_NOT: R [expression_stmt -> expressionT_SEMICOLON]
State 380, Symbol T_SEMICOLON: R [expression_stmt -> expressionT_SEMICOLON]
State 380, Symbol T_STRING_LITERAL: R [expression_stmt -> expressionT_SEMICOLON]
State 381, Symbol T_BITNOT: R [opt_expression_stmt -> T_SEMICOLON]
State 381, Symbol T_CHAR_LITERAL: R [opt_expression_stmt -> T_SEMICOLON]
State 381, Symbol T_DECREMENT: R [opt_expression_stmt -> T_SEMICOLON]
State 381, Symbol T_FLOAT_LITERAL: R [opt_expression_stmt -> T_SEMICOLON]
State 381, Symbol T_IDENTIFIER: R [opt_expression_stmt -> T_SEMICOLON]
State 381, Symbol T_INCREMENT: R [opt_expression_stmt -> T_SEMICOLON]
State 381, Symbol T_INTEGER_LITERAL: R [opt_expression_stmt -> T_SEMICOLON]
State 381, Symbol T_LEFT_PAREN: R [opt_expression_stmt -> T_SEMICOLON]
State 381, Symbol T_NOT: R [opt_expression_stmt -> T_SEMICOLON]
State 381, Symbol T_STRING_LITERAL: R [opt_expression_stmt -> T_SEMICOLON]
State 382, Symbol T_SEMICOLON: S 438
State 383, Symbol T_BITNOT: S 61
State 383, Symbol T_CHAR_LITERAL: S 62
State 383, Symbol T_DECREMENT: S 37
State 383, Symbol T_FLOAT_LITERAL: S 63
State 383, Symbol T_IDENTIFIER: S 60
State 383, Symbol T_INCREMENT: S 38
State 383, Symbol T_INTEGER_LITERAL: S 64
State 383, Symbol T_LEFT_PAREN: S 65
State 383, Symbol T_NOT: S 66
State 383, Symbol T_STRING_LITERAL: S 67
State 384, Symbol T_BITNOT: R [opt_expression_stmt -> expression_stmt]
State 384, Symbol T_CHAR_LITERAL: R [opt_expression_stmt -> expression_stmt]
State 384, Symbol T_DECREMENT: R [opt_expression_stmt -> expression_stmt]
State 384, Symbol T_FLOAT_LITERAL: R [opt_expression_stmt -> expression_stmt]
State 384, Symbol T_IDENTIFIER: R [opt_expression_stmt -> expression_stmt]
State 384, Symbol T_INCREMENT: R [opt_expression_stmt -> expression_stmt]
State 384, Symbol T_INTEGER_LITERAL: R [opt_expression_stmt -> expression_stmt]
State 384, Symbol T_LEFT_PAREN: R [opt_expression_stmt -> expression_stmt]
State 384, Symbol T_NOT: R [opt_expression_stmt -> expression_stmt]
State 384, Symbol T_STRING_LITERAL: R [opt_expression_stmt -> expression_stmt]
State 385, Symbol T_BITNOT: S 30
State 385, Symbol T_CHAR: S 1
State 385, Symbol T_CHAR_LITERAL: S 31
State 385, Symbol T_DECREMENT: S 37
State 385, Symbol T_FLOAT: S 2
State 385, Symbol T_FLOAT_LITERAL: S 32
State 385, Symbol T_FOR: S 105
State 385, Symbol T_IDENTIFIER: S 29
State 385, Symbol T_IF: S 108
State 385, Symbol T_INCREMENT: S 38
State 385, Symbol T_INT: S 3
State 385, Symbol T_INTEGER_LITERAL: S 33
State 385, Symbol T_LEFT_BRACE: S 103
State 385, Symbol T_LEFT_PAREN: S 34
State 385, Symbol T_NOT: S 35
State 385, Symbol T_RETURN: S 107
State 385, Symbol T_STRING_LITERAL: S 36
State 385, Symbol T_VOID: S 4
State 385, Symbol T_WHILE: S 106
State 386, Symbol T_BITNOT: S 30
State 386, Symbol T_CHAR: S 1
State 386, Symbol T_CHAR_LITERAL: S 31
State 386, Symbol T_DECREMENT: S 37
State 386, Symbol T_FLOAT: S 2
State 386, Symbol T_FLOAT_LITERAL: S 32
State 386, Symbol T_FOR: S 442
State 386, Symbol T_IDENTIFIER: S 29
State 386, Symbol T_IF: S 445
State 386, Symbol T_INCREMENT: S 38
State 386, Symbol T_INT: S 3
State 386, Symbol T_INTEGER_LITERAL: S 33
State 386, Symbol T_LEFT_BRACE: S 441
State 386, Symbol T_LEFT_PAREN: S 34
State 386, Symbol T_NOT: S 35
State 386, Symbol T_RETURN: S 444
State 386, Symbol T_STRING_LITERAL: S 36
State 386, Symbol T_VOID: S 4
State 386, Symbol T_WHILE: S 443
State 387, Symbol T_RIGHT_SQUARE: S 455
State 388, Symbol T_BITNOT: R [var_declaration -> type_specifierT_IDENTIFIERopt_initT_SEMICOLON]
State 388, Symbol T_CHAR: R [var_declaration -> type_specifierT_IDENTIFIERopt_initT_SEMICOLON]
State 388, Symbol T_CHAR_LITERAL: R [var_declaration -> type_specifierT_IDENTIFIERopt_initT_SEMICOLON]
State 388, Symbol T_DECREMENT: R [var_declaration -> type_specifierT_IDENTIFIERopt_initT_SEMICOLON]
State 388, Symbol T_FLOAT: R [var_declaration -> type_specifierT_IDENTIFIERopt_initT_SEMICOLON]
State 388, Symbol T_FLOAT_LITERAL: R [var_declaration -> type_specifierT_IDENTIFIERopt_initT_SEMICOLON]
State 388, Symbol T_FOR: R [var_declaration -> type_specifierT_IDENTIFIERopt_initT_SEMICOLON]
State 388, Symbol T_IDENTIFIER: R [var_declaration -> type_specifierT_IDENTIFIERopt_initT_SEMICOLON]
State 388, Symbol T_IF: R [var_declaration -> type_specifierT_IDENTIFIERopt_initT_SEMICOLON]
State 388, Symbol T_INCREMENT: R [var_declaration -> type_specifierT_IDENTIFIERopt_initT_SEMICOLON]
State 388, Symbol T_INT: R [var_declaration -> type_specifierT_IDENTIFIERopt_initT_SEMICOLON]
State 388, Symbol T_INTEGER_LITERAL: R [var_declaration -> type_specifierT_IDENTIFIERopt_initT_SEMICOLON]
State 388, Symbol T_LEFT_BRACE: R [var_declaration -> type_specifierT_IDENTIFIERopt_initT_SEMICOLON]
State 388, Symbol T_LEFT_PAREN: R [var_declaration -> type_specifierT_IDENTIFIERopt_initT_SEMICOLON]
State 388, Symbol T_NOT: R [var_declaration -> type_specifierT_IDENTIFIERopt_initT_SEMICOLON]
State 388, Symbol T_RETURN: R [var_declaration -> type_specifierT_IDENTIFIERopt_initT_SEMICOLON]
State 388, Symbol T_RIGHT_BRACE: R [var_declaration -> type_specifierT_IDENTIFIERopt_initT_SEMICOLON]
State 388, Symbol T_STRING_LITERAL: R [var_declaration -> type_specifierT_IDENTIFIERopt_initT_SEMICOLON]
State 388, Symbol T_VOID: R [var_declaration -> type_specifierT_IDENTIFIERopt_initT_SEMICOLON]
State 388, Symbol T_WHILE: R [var_declaration -> type_specifierT_IDENTIFIERopt_initT_SEMICOLON]
State 389, Symbol T_BITAND: R [call -> T_IDENTIFIERT_LEFT_PARENargsT_RIGHT_PAREN]
State 389, Symbol T_BITOR: R [call -> T_IDENTIFIERT_LEFT_PARENargsT_RIGHT_PAREN]
State 389, Symbol T_BITXOR: R [call -> T_IDENTIFIERT_LEFT_PARENargsT_RIGHT_PAREN]
State 389, Symbol T_COMMA: R [call -> T_IDENTIFIERT_LEFT_PARENargsT_RIGHT_PAREN]
State 389, Symbol T_DIVIDE: R [call -> T_IDENTIFIERT_LEFT_PARENargsT_RIGHT_PAREN]
State 389, Symbol T_EQUAL: R [call -> T_IDENTIFIERT_LEFT_PARENargsT_RIGHT_PAREN]
State 389, Symbol T_GREATER: R [call -> T_IDENTIFIERT_LEFT_PARENargsT_RIGHT_PAREN]
State 389, Symbol T_GREATEREQUAL: R [call -> T_IDENTIFIERT_LEFT_PARENargsT_RIGHT_PAREN]
State 389, Symbol T_LEFTSHIFT: R [call -> T_IDENTIFIERT_LEFT_PARENargsT_RIGHT_PAREN]
State 389, Symbol T_LESS: R [call -> T_IDENTIFIERT_LEFT_PARENargsT_RIGHT_PAREN]
State 389, Symbol T_LESSEQUAL: R [call -> T_IDENTIFIERT_LEFT_PARENargsT_RIGHT_PAREN]
State 389, Symbol T_MINUS: R [call -> T_IDENTIFIERT_LEFT_PARENargsT_RIGHT_PAREN]
State 389, Symbol T_MOD: R [call -> T_IDENTIFIERT_LEFT_PARENargsT_RIGHT_PAREN]
State 389, Symbol T_MULTIPLY: R [call -> T_IDENTIFIERT_LEFT_PARENargsT_RIGHT_PAREN]
State 389, Symbol T_PLUS: R [call -> T_IDENTIFIERT_LEFT_PARENargsT_RIGHT_PAREN]
State 389, Symbol T_RIGHTSHIFT: R [call -> T_IDENTIFIERT_LEFT_PARENargsT_RIGHT_PAREN]
State 389, Symbol T_RIGHT_PAREN: R [call -> T_IDENTIFIERT_LEFT_PARENargsT_RIGHT_PAREN]
State 390, Symbol T_ASSIGN: R [var -> T_IDENTIFIERT_LEFT_SQUAREexpressionT_RIGHT_SQUARE]
State 390, Symbol T_BITAND: R [var -> T_IDENTIFIERT_LEFT_SQUAREexpressionT_RIGHT_SQUARE]
State 390, Symbol T_BITOR: R [var -> T_IDENTIFIERT_LEFT_SQUAREexpressionT_RIGHT_SQUARE]
State 390, Symbol T_BITXOR: R [var -> T_IDENTIFIERT_LEFT_SQUAREexpressionT_RIGHT_SQUARE]
State 390, Symbol T_COMMA: R [var -> T_IDENTIFIERT_LEFT_SQUAREexpressionT_RIGHT_SQUARE]
State 390, Symbol T_DECREMENT: R [var -> T_IDENTIFIERT_LEFT_SQUAREexpressionT_RIGHT_SQUARE]
State 390, Symbol T_DIVIDE: R [var -> T_IDENTIFIERT_LEFT_SQUAREexpressionT_RIGHT_SQUARE]
State 390, Symbol T_EQUAL: R [var -> T_IDENTIFIERT_LEFT_SQUAREexpressionT_RIGHT_SQUARE]
State 390, Symbol T_GREATER: R [var -> T_IDENTIFIERT_LEFT_SQUAREexpressionT_RIGHT_SQUARE]
State 390, Symbol T_GREATEREQUAL: R [var -> T_IDENTIFIERT_LEFT_SQUAREexpressionT_RIGHT_SQUARE]
State 390, Symbol T_INCREMENT: R [var -> T_IDENTIFIERT_LEFT_SQUAREexpressionT_RIGHT_SQUARE]
State 390, Symbol T_LEFTSHIFT: R [var -> T_IDENTIFIERT_LEFT_SQUAREexpressionT_RIGHT_SQUARE]
State 390, Symbol T_LESS: R [var -> T_IDENTIFIERT_LEFT_SQUAREexpressionT_RIGHT_SQUARE]
State 390, Symbol T_LESSEQUAL: R [var -> T_IDENTIFIERT_LEFT_SQUAREexpressionT_RIGHT_SQUARE]
State 390, Symbol T_MINUS: R [var -> T_IDENTIFIERT_LEFT_SQUAREexpressionT_RIGHT_SQUARE]
State 390, Symbol T_MOD: R [var -> T_IDENTIFIERT_LEFT_SQUAREexpressionT_RIGHT_SQUARE]
State 390, Symbol T_MULTIPLY: R [var -> T_IDENTIFIERT_LEFT_SQUAREexpressionT_RIGHT_SQUARE]
State 390, Symbol T_PLUS: R [var -> T_IDENTIFIERT_LEFT_SQUAREexpressionT_RIGHT_SQUARE]
State 390, Symbol T_RIGHTSHIFT: R [var -> T_IDENTIFIERT_LEFT_SQUAREexpressionT_RIGHT_SQUARE]
State 390, Symbol T_RIGHT_PAREN: R [var -> T_IDENTIFIERT_LEFT_SQUAREexpressionT_RIGHT_SQUARE]
State 391, Symbol T_RIGHT_SQUARE: S 456
State 392, Symbol T_BITNOT: S 144
State 392, Symbol T_CHAR_LITERAL: S 145
State 392, Symbol T_DECREMENT: S 37
State 392, Symbol T_FLOAT_LITERAL: S 146
State 392, Symbol T_IDENTIFIER: S 143
State 392, Symbol T_INCREMENT: S 38
State 392, Symbol T_INTEGER_LITERAL: S 147
State 392, Symbol T_LEFT_PAREN: S 148
State 392, Symbol T_NOT: S 149
State 392, Symbol T_STRING_LITERAL: S 150
State 393, Symbol T_BITNOT: S 125
State 393, Symbol T_CHAR_LITERAL: S 126
State 393, Symbol T_DECREMENT: S 37
State 393, Symbol T_FLOAT_LITERAL: S 127
State 393, Symbol T_IDENTIFIER: S 123
State 393, Symbol T_INCREMENT: S 38
State 393, Symbol T_INTEGER_LITERAL: S 128
State 393, Symbol T_LEFT_PAREN: S 129
State 393, Symbol T_NOT: S 130
State 393, Symbol T_RIGHT_PAREN: S 458
State 393, Symbol T_STRING_LITERAL: S 131
State 394, Symbol T_BITNOT: S 144
State 394, Symbol T_CHAR_LITERAL: S 145
State 394, Symbol T_DECREMENT: S 37
State 394, Symbol T_FLOAT_LITERAL: S 146
State 394, Symbol T_IDENTIFIER: S 143
State 394, Symbol T_INCREMENT: S 38
State 394, Symbol T_INTEGER_LITERAL: S 147
State 394, Symbol T_LEFT_PAREN: S 148
State 394, Symbol T_NOT: S 149
State 394, Symbol T_STRING_LITERAL: S 150
State 395, Symbol T_BITAND: R [var -> T_IDENTIFIER]
State 395, Symbol T_BITOR: R [var -> T_IDENTIFIER]
State 395, Symbol T_BITXOR: R [var -> T_IDENTIFIER]
State 395, Symbol T_COMMA: R [var -> T_IDENTIFIER]
State 395, Symbol T_DIVIDE: R [var -> T_IDENTIFIER]
State 395, Symbol T_LEFTSHIFT: R [var -> T_IDENTIFIER]
State 395, Symbol T_LEFT_PAREN: S 393
State 395, Symbol T_LEFT_SQUARE: S 461
State 395, Symbol T_MINUS: R [var -> T_IDENTIFIER]
State 395, Symbol T_MOD: R [var -> T_IDENTIFIER]
State 395, Symbol T_MULTIPLY: R [var -> T_IDENTIFIER]
State 395, Symbol T_PLUS: R [var -> T_IDENTIFIER]
State 395, Symbol T_RIGHTSHIFT: R [var -> T_IDENTIFIER]
State 395, Symbol T_RIGHT_PAREN: R [var -> T_IDENTIFIER]
State 396, Symbol T_BITAND: R [factor -> T_BITNOTfactor]
State 396, Symbol T_BITOR: R [factor -> T_BITNOTfactor]
State 396, Symbol T_BITXOR: R [factor -> T_BITNOTfactor]
State 396, Symbol T_COMMA: R [factor -> T_BITNOTfactor]
State 396, Symbol T_DIVIDE: R [factor -> T_BITNOTfactor]
State 396, Symbol T_LEFTSHIFT: R [factor -> T_BITNOTfactor]
State 396, Symbol T_MINUS: R [factor -> T_BITNOTfactor]
State 396, Symbol T_MOD: R [factor -> T_BITNOTfactor]
State 396, Symbol T_MULTIPLY: R [factor -> T_BITNOTfactor]
State 396, Symbol T_PLUS: R [factor -> T_BITNOTfactor]
State 396, Symbol T_RIGHTSHIFT: R [factor -> T_BITNOTfactor]
State 396, Symbol T_RIGHT_PAREN: R [factor -> T_BITNOTfactor]
State 397, Symbol T_BITAND: R [factor -> var]
State 397, Symbol T_BITOR: R [factor -> var]
State 397, Symbol T_BITXOR: R [factor -> var]
State 397, Symbol T_COMMA: R [factor -> var]
State 397, Symbol T_DIVIDE: R [factor -> var]
State 397, Symbol T_LEFTSHIFT: R [factor -> var]
State 397, Symbol T_MINUS: R [factor -> var]
State 397, Symbol T_MOD: R [factor -> var]
State 397, Symbol T_MULTIPLY: R [factor -> var]
State 397, Symbol T_PLUS: R [factor -> var]
State 397, Symbol T_RIGHTSHIFT: R [factor -> var]
State 397, Symbol T_RIGHT_PAREN: R [factor -> var]
State 398, Symbol T_RIGHT_PAREN: S 462
State 399, Symbol T_BITAND: R [factor -> T_NOTfactor]
State 399, Symbol T_BITOR: R [factor -> T_NOTfactor]
State 399, Symbol T_BITXOR: R [factor -> T_NOTfactor]
State 399, Symbol T_COMMA: R [factor -> T_NOTfactor]
State 399, Symbol T_DIVIDE: R [factor -> T_NOTfactor]
State 399, Symbol T_LEFTSHIFT: R [factor -> T_NOTfactor]
State 399, Symbol T_MINUS: R [factor -> T_NOTfactor]
State 399, Symbol T_MOD: R [factor -> T_NOTfactor]
State 399, Symbol T_MULTIPLY: R [factor -> T_NOTfactor]
State 399, Symbol T_PLUS: R [factor -> T_NOTfactor]
State 399, Symbol T_RIGHTSHIFT: R [factor -> T_NOTfactor]
State 399, Symbol T_RIGHT_PAREN: R [factor -> T_NOTfactor]
State 400, Symbol T_BITNOT: S 310
State 400, Symbol T_CHAR_LITERAL: S 311
State 400, Symbol T_DECREMENT: S 37
State 400, Symbol T_FLOAT_LITERAL: S 312
State 400, Symbol T_IDENTIFIER: S 309
State 400, Symbol T_INCREMENT: S 38
State 400, Symbol T_INTEGER_LITERAL: S 313
State 400, Symbol T_LEFT_PAREN: S 314
State 400, Symbol T_NOT: S 315
State 400, Symbol T_STRING_LITERAL: S 316
State 401, Symbol T_BITNOT: S 310
State 401, Symbol T_CHAR_LITERAL: S 311
State 401, Symbol T_DECREMENT: S 37
State 401, Symbol T_FLOAT_LITERAL: S 312
State 401, Symbol T_IDENTIFIER: S 395
State 401, Symbol T_INCREMENT: S 38
State 401, Symbol T_INTEGER_LITERAL: S 313
State 401, Symbol T_LEFT_PAREN: S 314
State 401, Symbol T_NOT: S 315
State 401, Symbol T_STRING_LITERAL: S 316
State 402, Symbol T_BITAND: R [var -> T_IDENTIFIER]
State 402, Symbol T_BITOR: R [var -> T_IDENTIFIER]
State 402, Symbol T_BITXOR: R [var -> T_IDENTIFIER]
State 402, Symbol T_COMMA: R [var -> T_IDENTIFIER]
State 402, Symbol T_DIVIDE: R [var -> T_IDENTIFIER]
State 402, Symbol T_LEFTSHIFT: R [var -> T_IDENTIFIER]
State 402, Symbol T_LEFT_SQUARE: S 461
State 402, Symbol T_MINUS: R [var -> T_IDENTIFIER]
State 402, Symbol T_MOD: R [var -> T_IDENTIFIER]
State 402, Symbol T_MULTIPLY: R [var -> T_IDENTIFIER]
State 402, Symbol T_PLUS: R [var -> T_IDENTIFIER]
State 402, Symbol T_RIGHTSHIFT: R [var -> T_IDENTIFIER]
State 402, Symbol T_RIGHT_PAREN: R [var -> T_IDENTIFIER]
State 403, Symbol T_BITAND: R [factor -> inc_dec_operatorvar]
State 403, Symbol T_BITOR: R [factor -> inc_dec_operatorvar]
State 403, Symbol T_BITXOR: R [factor -> inc_dec_operatorvar]
State 403, Symbol T_COMMA: R [factor -> inc_dec_operatorvar]
State 403, Symbol T_DIVIDE: R [factor -> inc_dec_operatorvar]
State 403, Symbol T_LEFTSHIFT: R [factor -> inc_dec_operatorvar]
State 403, Symbol T_MINUS: R [factor -> inc_dec_operatorvar]
State 403, Symbol T_MOD: R [factor -> inc_dec_operatorvar]
State 403, Symbol T_MULTIPLY: R [factor -> inc_dec_operatorvar]
State 403, Symbol T_PLUS: R [factor -> inc_dec_operatorvar]
State 403, Symbol T_RIGHTSHIFT: R [factor -> inc_dec_operatorvar]
State 403, Symbol T_RIGHT_PAREN: R [factor -> inc_dec_operatorvar]
State 404, Symbol T_BITAND: R [inc_dec_operator -> T_DECREMENT]
State 404, Symbol T_BITOR: R [inc_dec_operator -> T_DECREMENT]
State 404, Symbol T_BITXOR: R [inc_dec_operator -> T_DECREMENT]
State 404, Symbol T_COMMA: R [inc_dec_operator -> T_DECREMENT]
State 404, Symbol T_DIVIDE: R [inc_dec_operator -> T_DECREMENT]
State 404, Symbol T_LEFTSHIFT: R [inc_dec_operator -> T_DECREMENT]
State 404, Symbol T_MINUS: R [inc_dec_operator -> T_DECREMENT]
State 404, Symbol T_MOD: R [inc_dec_operator -> T_DECREMENT]
State 404, Symbol T_MULTIPLY: R [inc_dec_operator -> T_DECREMENT]
State 404, Symbol T_PLUS: R [inc_dec_operator -> T_DECREMENT]
State 404, Symbol T_RIGHTSHIFT: R [inc_dec_operator -> T_DECREMENT]
State 404, Symbol T_RIGHT_PAREN: R [inc_dec_operator -> T_DECREMENT]
State 405, Symbol T_BITAND: R [inc_dec_operator -> T_INCREMENT]
State 405, Symbol T_BITOR: R [inc_dec_operator -> T_INCREMENT]
State 405, Symbol T_BITXOR: R [inc_dec_operator -> T_INCREMENT]
State 405, Symbol T_COMMA: R [inc_dec_operator -> T_INCREMENT]
State 405, Symbol T_DIVIDE: R [inc_dec_operator -> T_INCREMENT]
State 405, Symbol T_LEFTSHIFT: R [inc_dec_operator -> T_INCREMENT]
State 405, Symbol T_MINUS: R [inc_dec_operator -> T_INCREMENT]
State 405, Symbol T_MOD: R [inc_dec_operator -> T_INCREMENT]
State 405, Symbol T_MULTIPLY: R [inc_dec_operator -> T_INCREMENT]
State 405, Symbol T_PLUS: R [inc_dec_operator -> T_INCREMENT]
State 405, Symbol T_RIGHTSHIFT: R [inc_dec_operator -> T_INCREMENT]
State 405, Symbol T_RIGHT_PAREN: R [inc_dec_operator -> T_INCREMENT]
State 406, Symbol T_BITAND: R [postfix_expression -> varinc_dec_operator]
State 406, Symbol T_BITOR: R [postfix_expression -> varinc_dec_operator]
State 406, Symbol T_BITXOR: R [postfix_expression -> varinc_dec_operator]
State 406, Symbol T_COMMA: R [postfix_expression -> varinc_dec_operator]
State 406, Symbol T_DIVIDE: R [postfix_expression -> varinc_dec_operator]
State 406, Symbol T_LEFTSHIFT: R [postfix_expression -> varinc_dec_operator]
State 406, Symbol T_MINUS: R [postfix_expression -> varinc_dec_operator]
State 406, Symbol T_MOD: R [postfix_expression -> varinc_dec_operator]
State 406, Symbol T_MULTIPLY: R [postfix_expression -> varinc_dec_operator]
State 406, Symbol T_PLUS: R [postfix_expression -> varinc_dec_operator]
State 406, Symbol T_RIGHTSHIFT: R [postfix_expression -> varinc_dec_operator]
State 406, Symbol T_RIGHT_PAREN: R [postfix_expression -> varinc_dec_operator]
State 407, Symbol T_BITAND: R [call -> T_IDENTIFIERT_LEFT_PARENargsT_RIGHT_PAREN]
State 407, Symbol T_BITOR: R [call -> T_IDENTIFIERT_LEFT_PARENargsT_RIGHT_PAREN]
State 407, Symbol T_BITXOR: R [call -> T_IDENTIFIERT_LEFT_PARENargsT_RIGHT_PAREN]
State 407, Symbol T_DIVIDE: R [call -> T_IDENTIFIERT_LEFT_PARENargsT_RIGHT_PAREN]
State 407, Symbol T_EQUAL: R [call -> T_IDENTIFIERT_LEFT_PARENargsT_RIGHT_PAREN]
State 407, Symbol T_GREATER: R [call -> T_IDENTIFIERT_LEFT_PARENargsT_RIGHT_PAREN]
State 407, Symbol T_GREATEREQUAL: R [call -> T_IDENTIFIERT_LEFT_PARENargsT_RIGHT_PAREN]
State 407, Symbol T_LEFTSHIFT: R [call -> T_IDENTIFIERT_LEFT_PARENargsT_RIGHT_PAREN]
State 407, Symbol T_LESS: R [call -> T_IDENTIFIERT_LEFT_PARENargsT_RIGHT_PAREN]
State 407, Symbol T_LESSEQUAL: R [call -> T_IDENTIFIERT_LEFT_PARENargsT_RIGHT_PAREN]
State 407, Symbol T_MINUS: R [call -> T_IDENTIFIERT_LEFT_PARENargsT_RIGHT_PAREN]
State 407, Symbol T_MOD: R [call -> T_IDENTIFIERT_LEFT_PARENargsT_RIGHT_PAREN]
State 407, Symbol T_MULTIPLY: R [call -> T_IDENTIFIERT_LEFT_PARENargsT_RIGHT_PAREN]
State 407, Symbol T_PLUS: R [call -> T_IDENTIFIERT_LEFT_PARENargsT_RIGHT_PAREN]
State 407, Symbol T_RIGHTSHIFT: R [call -> T_IDENTIFIERT_LEFT_PARENargsT_RIGHT_PAREN]
State 407, Symbol T_RIGHT_SQUARE: R [call -> T_IDENTIFIERT_LEFT_PARENargsT_RIGHT_PAREN]
State 408, Symbol T_ASSIGN: R [var -> T_IDENTIFIERT_LEFT_SQUAREexpressionT_RIGHT_SQUARE]
State 408, Symbol T_BITAND: R [var -> T_IDENTIFIERT_LEFT_SQUAREexpressionT_RIGHT_SQUARE]
State 408, Symbol T_BITOR: R [var -> T_IDENTIFIERT_LEFT_SQUAREexpressionT_RIGHT_SQUARE]
State 408, Symbol T_BITXOR: R [var -> T_IDENTIFIERT_LEFT_SQUAREexpressionT_RIGHT_SQUARE]
State 408, Symbol T_DECREMENT: R [var -> T_IDENTIFIERT_LEFT_SQUAREexpressionT_RIGHT_SQUARE]
State 408, Symbol T_DIVIDE: R [var -> T_IDENTIFIERT_LEFT_SQUAREexpressionT_RIGHT_SQUARE]
State 408, Symbol T_EQUAL: R [var -> T_IDENTIFIERT_LEFT_SQUAREexpressionT_RIGHT_SQUARE]
State 408, Symbol T_GREATER: R [var -> T_IDENTIFIERT_LEFT_SQUAREexpressionT_RIGHT_SQUARE]
State 408, Symbol T_GREATEREQUAL: R [var -> T_IDENTIFIERT_LEFT_SQUAREexpressionT_RIGHT_SQUARE]
State 408, Symbol T_INCREMENT: R [var -> T_IDENTIFIERT_LEFT_SQUAREexpressionT_RIGHT_SQUARE]
State 408, Symbol T_LEFTSHIFT: R [var -> T_IDENTIFIERT_LEFT_SQUAREexpressionT_RIGHT_SQUARE]
State 408, Symbol T_LESS: R [var -> T_IDENTIFIERT_LEFT_SQUAREexpressionT_RIGHT_SQUARE]
State 408, Symbol T_LESSEQUAL: R [var -> T_IDENTIFIERT_LEFT_SQUAREexpressionT_RIGHT_SQUARE]
State 408, Symbol T_MINUS: R [var -> T_IDENTIFIERT_LEFT_SQUAREexpressionT_RIGHT_SQUARE]
State 408, Symbol T_MOD: R [var -> T_IDENTIFIERT_LEFT_SQUAREexpressionT_RIGHT_SQUARE]
State 408, Symbol T_MULTIPLY: R [var -> T_IDENTIFIERT_LEFT_SQUAREexpressionT_RIGHT_SQUARE]
State 408, Symbol T_PLUS: R [var -> T_IDENTIFIERT_LEFT_SQUAREexpressionT_RIGHT_SQUARE]
State 408, Symbol T_RIGHTSHIFT: R [var -> T_IDENTIFIERT_LEFT_SQUAREexpressionT_RIGHT_SQUARE]
State 408, Symbol T_RIGHT_SQUARE: R [var -> T_IDENTIFIERT_LEFT_SQUAREexpressionT_RIGHT_SQUARE]
State 409, Symbol T_RIGHT_SQUARE: S 465
State 410, Symbol T_BITNOT: S 144
State 410, Symbol T_CHAR_LITERAL: S 145
State 410, Symbol T_DECREMENT: S 37
State 410, Symbol T_FLOAT_LITERAL: S 146
State 410, Symbol T_IDENTIFIER: S 143
State 410, Symbol T_INCREMENT: S 38
State 410, Symbol T_INTEGER_LITERAL: S 147
State 410, Symbol T_LEFT_PAREN: S 148
State 410, Symbol T_NOT: S 149
State 410, Symbol T_STRING_LITERAL: S 150
State 411, Symbol T_BITNOT: S 125
State 411, Symbol T_CHAR_LITERAL: S 126
State 411, Symbol T_DECREMENT: S 37
State 411, Symbol T_FLOAT_LITERAL: S 127
State 411, Symbol T_IDENTIFIER: S 123
State 411, Symbol T_INCREMENT: S 38
State 411, Symbol T_INTEGER_LITERAL: S 128
State 411, Symbol T_LEFT_PAREN: S 129
State 411, Symbol T_NOT: S 130
State 411, Symbol T_RIGHT_PAREN: S 467
State 411, Symbol T_STRING_LITERAL: S 131
State 412, Symbol T_BITNOT: S 144
State 412, Symbol T_CHAR_LITERAL: S 145
State 412, Symbol T_DECREMENT: S 37
State 412, Symbol T_FLOAT_LITERAL: S 146
State 412, Symbol T_IDENTIFIER: S 143
State 412, Symbol T_INCREMENT: S 38
State 412, Symbol T_INTEGER_LITERAL: S 147
State 412, Symbol T_LEFT_PAREN: S 148
State 412, Symbol T_NOT: S 149
State 412, Symbol T_STRING_LITERAL: S 150
State 413, Symbol T_BITAND: R [var -> T_IDENTIFIER]
State 413, Symbol T_BITOR: R [var -> T_IDENTIFIER]
State 413, Symbol T_BITXOR: R [var -> T_IDENTIFIER]
State 413, Symbol T_DIVIDE: R [var -> T_IDENTIFIER]
State 413, Symbol T_LEFTSHIFT: R [var -> T_IDENTIFIER]
State 413, Symbol T_LEFT_PAREN: S 411
State 413, Symbol T_LEFT_SQUARE: S 470
State 413, Symbol T_MINUS: R [var -> T_IDENTIFIER]
State 413, Symbol T_MOD: R [var -> T_IDENTIFIER]
State 413, Symbol T_MULTIPLY: R [var -> T_IDENTIFIER]
State 413, Symbol T_PLUS: R [var -> T_IDENTIFIER]
State 413, Symbol T_RIGHTSHIFT: R [var -> T_IDENTIFIER]
State 413, Symbol T_RIGHT_SQUARE: R [var -> T_IDENTIFIER]
State 414, Symbol T_BITAND: R [factor -> T_BITNOTfactor]
State 414, Symbol T_BITOR: R [factor -> T_BITNOTfactor]
State 414, Symbol T_BITXOR: R [factor -> T_BITNOTfactor]
State 414, Symbol T_DIVIDE: R [factor -> T_BITNOTfactor]
State 414, Symbol T_LEFTSHIFT: R [factor -> T_BITNOTfactor]
State 414, Symbol T_MINUS: R [factor -> T_BITNOTfactor]
State 414, Symbol T_MOD: R [factor -> T_BITNOTfactor]
State 414, Symbol T_MULTIPLY: R [factor -> T_BITNOTfactor]
State 414, Symbol T_PLUS: R [factor -> T_BITNOTfactor]
State 414, Symbol T_RIGHTSHIFT: R [factor -> T_BITNOTfactor]
State 414, Symbol T_RIGHT_SQUARE: R [factor -> T_BITNOTfactor]
State 415, Symbol T_BITAND: R [factor -> var]
State 415, Symbol T_BITOR: R [factor -> var]
State 415, Symbol T_BITXOR: R [factor -> var]
State 415, Symbol T_DIVIDE: R [factor -> var]
State 415, Symbol T_LEFTSHIFT: R [factor -> var]
State 415, Symbol T_MINUS: R [factor -> var]
State 415, Symbol T_MOD: R [factor -> var]
State 415, Symbol T_MULTIPLY: R [factor -> var]
State 415, Symbol T_PLUS: R [factor -> var]
State 415, Symbol T_RIGHTSHIFT: R [factor -> var]
State 415, Symbol T_RIGHT_SQUARE: R [factor -> var]
State 416, Symbol T_RIGHT_PAREN: S 471
State 417, Symbol T_BITAND: R [factor -> T_NOTfactor]
State 417, Symbol T_BITOR: R [factor -> T_NOTfactor]
State 417, Symbol T_BITXOR: R [factor -> T_NOTfactor]
State 417, Symbol T_DIVIDE: R [factor -> T_NOTfactor]
State 417, Symbol T_LEFTSHIFT: R [factor -> T_NOTfactor]
State 417, Symbol T_MINUS: R [factor -> T_NOTfactor]
State 417, Symbol T_MOD: R [factor -> T_NOTfactor]
State 417, Symbol T_MULTIPLY: R [factor -> T_NOTfactor]
State 417, Symbol T_PLUS: R [factor -> T_NOTfactor]
State 417, Symbol T_RIGHTSHIFT: R [factor -> T_NOTfactor]
State 417, Symbol T_RIGHT_SQUARE: R [factor -> T_NOTfactor]
State 418, Symbol T_BITNOT: S 337
State 418, Symbol T_CHAR_LITERAL: S 338
State 418, Symbol T_DECREMENT: S 37
State 418, Symbol T_FLOAT_LITERAL: S 339
State 418, Symbol T_IDENTIFIER: S 336
State 418, Symbol T_INCREMENT: S 38
State 418, Symbol T_INTEGER_LITERAL: S 340
State 418, Symbol T_LEFT_PAREN: S 341
State 418, Symbol T_NOT: S 342
State 418, Symbol T_STRING_LITERAL: S 343
State 419, Symbol T_BITNOT: S 337
State 419, Symbol T_CHAR_LITERAL: S 338
State 419, Symbol T_DECREMENT: S 37
State 419, Symbol T_FLOAT_LITERAL: S 339
State 419, Symbol T_IDENTIFIER: S 413
State 419, Symbol T_INCREMENT: S 38
State 419, Symbol T_INTEGER_LITERAL: S 340
State 419, Symbol T_LEFT_PAREN: S 341
State 419, Symbol T_NOT: S 342
State 419, Symbol T_STRING_LITERAL: S 343
State 420, Symbol T_BITAND: R [var -> T_IDENTIFIER]
State 420, Symbol T_BITOR: R [var -> T_IDENTIFIER]
State 420, Symbol T_BITXOR: R [var -> T_IDENTIFIER]
State 420, Symbol T_DIVIDE: R [var -> T_IDENTIFIER]
State 420, Symbol T_LEFTSHIFT: R [var -> T_IDENTIFIER]
State 420, Symbol T_LEFT_SQUARE: S 470
State 420, Symbol T_MINUS: R [var -> T_IDENTIFIER]
State 420, Symbol T_MOD: R [var -> T_IDENTIFIER]
State 420, Symbol T_MULTIPLY: R [var -> T_IDENTIFIER]
State 420, Symbol T_PLUS: R [var -> T_IDENTIFIER]
State 420, Symbol T_RIGHTSHIFT: R [var -> T_IDENTIFIER]
State 420, Symbol T_RIGHT_SQUARE: R [var -> T_IDENTIFIER]
State 421, Symbol T_BITAND: R [factor -> inc_dec_operatorvar]
State 421, Symbol T_BITOR: R [factor -> inc_dec_operatorvar]
State 421, Symbol T_BITXOR: R [factor -> inc_dec_operatorvar]
State 421, Symbol T_DIVIDE: R [factor -> inc_dec_operatorvar]
State 421, Symbol T_LEFTSHIFT: R [factor -> inc_dec_operatorvar]
State 421, Symbol T_MINUS: R [factor -> inc_dec_operatorvar]
State 421, Symbol T_MOD: R [factor -> inc_dec_operatorvar]
State 421, Symbol T_MULTIPLY: R [factor -> inc_dec_operatorvar]
State 421, Symbol T_PLUS: R [factor -> inc_dec_operatorvar]
State 421, Symbol T_RIGHTSHIFT: R [factor -> inc_dec_operatorvar]
State 421, Symbol T_RIGHT_SQUARE: R [factor -> inc_dec_operatorvar]
State 422, Symbol T_BITAND: R [inc_dec_operator -> T_DECREMENT]
State 422, Symbol T_BITOR: R [inc_dec_operator -> T_DECREMENT]
State 422, Symbol T_BITXOR: R [inc_dec_operator -> T_DECREMENT]
State 422, Symbol T_DIVIDE: R [inc_dec_operator -> T_DECREMENT]
State 422, Symbol T_LEFTSHIFT: R [inc_dec_operator -> T_DECREMENT]
State 422, Symbol T_MINUS: R [inc_dec_operator -> T_DECREMENT]
State 422, Symbol T_MOD: R [inc_dec_operator -> T_DECREMENT]
State 422, Symbol T_MULTIPLY: R [inc_dec_operator -> T_DECREMENT]
State 422, Symbol T_PLUS: R [inc_dec_operator -> T_DECREMENT]
State 422, Symbol T_RIGHTSHIFT: R [inc_dec_operator -> T_DECREMENT]
State 422, Symbol T_RIGHT_SQUARE: R [inc_dec_operator -> T_DECREMENT]
State 423, Symbol T_BITAND: R [inc_dec_operator -> T_INCREMENT]
State 423, Symbol T_BITOR: R [inc_dec_operator -> T_INCREMENT]
State 423, Symbol T_BITXOR: R [inc_dec_operator -> T_INCREMENT]
State 423, Symbol T_DIVIDE: R [inc_dec_operator -> T_INCREMENT]
State 423, Symbol T_LEFTSHIFT: R [inc_dec_operator -> T_INCREMENT]
State 423, Symbol T_MINUS: R [inc_dec_operator -> T_INCREMENT]
State 423, Symbol T_MOD: R [inc_dec_operator -> T_INCREMENT]
State 423, Symbol T_MULTIPLY: R [inc_dec_operator -> T_INCREMENT]
State 423, Symbol T_PLUS: R [inc_dec_operator -> T_INCREMENT]
State 423, Symbol T_RIGHTSHIFT: R [inc_dec_operator -> T_INCREMENT]
State 423, Symbol T_RIGHT_SQUARE: R [inc_dec_operator -> T_INCREMENT]
State 424, Symbol T_BITAND: R [postfix_expression -> varinc_dec_operator]
State 424, Symbol T_BITOR: R [postfix_expression -> varinc_dec_operator]
State 424, Symbol T_BITXOR: R [postfix_expression -> varinc_dec_operator]
State 424, Symbol T_DIVIDE: R [postfix_expression -> varinc_dec_operator]
State 424, Symbol T_LEFTSHIFT: R [postfix_expression -> varinc_dec_operator]
State 424, Symbol T_MINUS: R [postfix_expression -> varinc_dec_operator]
State 424, Symbol T_MOD: R [postfix_expression -> varinc_dec_operator]
State 424, Symbol T_MULTIPLY: R [postfix_expression -> varinc_dec_operator]
State 424, Symbol T_PLUS: R [postfix_expression -> varinc_dec_operator]
State 424, Symbol T_RIGHTSHIFT: R [postfix_expression -> varinc_dec_operator]
State 424, Symbol T_RIGHT_SQUARE: R [postfix_expression -> varinc_dec_operator]
State 425, Symbol T_BITAND: R [var -> T_IDENTIFIERT_LEFT_SQUAREexpressionT_RIGHT_SQUARE]
State 425, Symbol T_BITOR: R [var -> T_IDENTIFIERT_LEFT_SQUAREexpressionT_RIGHT_SQUARE]
State 425, Symbol T_BITXOR: R [var -> T_IDENTIFIERT_LEFT_SQUAREexpressionT_RIGHT_SQUARE]
State 425, Symbol T_DIVIDE: R [var -> T_IDENTIFIERT_LEFT_SQUAREexpressionT_RIGHT_SQUARE]
State 425, Symbol T_EQUAL: R [var -> T_IDENTIFIERT_LEFT_SQUAREexpressionT_RIGHT_SQUARE]
State 425, Symbol T_GREATER: R [var -> T_IDENTIFIERT_LEFT_SQUAREexpressionT_RIGHT_SQUARE]
State 425, Symbol T_GREATEREQUAL: R [var -> T_IDENTIFIERT_LEFT_SQUAREexpressionT_RIGHT_SQUARE]
State 425, Symbol T_LEFTSHIFT: R [var -> T_IDENTIFIERT_LEFT_SQUAREexpressionT_RIGHT_SQUARE]
State 425, Symbol T_LESS: R [var -> T_IDENTIFIERT_LEFT_SQUAREexpressionT_RIGHT_SQUARE]
State 425, Symbol T_LESSEQUAL: R [var -> T_IDENTIFIERT_LEFT_SQUAREexpressionT_RIGHT_SQUARE]
State 425, Symbol T_MINUS: R [var -> T_IDENTIFIERT_LEFT_SQUAREexpressionT_RIGHT_SQUARE]
State 425, Symbol T_MOD: R [var -> T_IDENTIFIERT_LEFT_SQUAREexpressionT_RIGHT_SQUARE]
State 425, Symbol T_MULTIPLY: R [var -> T_IDENTIFIERT_LEFT_SQUAREexpressionT_RIGHT_SQUARE]
State 425, Symbol T_PLUS: R [var -> T_IDENTIFIERT_LEFT_SQUAREexpressionT_RIGHT_SQUARE]
State 425, Symbol T_RIGHTSHIFT: R [var -> T_IDENTIFIERT_LEFT_SQUAREexpressionT_RIGHT_SQUARE]
State 425, Symbol T_RIGHT_PAREN: R [var -> T_IDENTIFIERT_LEFT_SQUAREexpressionT_RIGHT_SQUARE]
State 426, Symbol T_RIGHT_SQUARE: S 474
State 427, Symbol T_BITAND: R [call -> T_IDENTIFIERT_LEFT_PARENT_RIGHT_PAREN]
State 427, Symbol T_BITOR: R [call -> T_IDENTIFIERT_LEFT_PARENT_RIGHT_PAREN]
State 427, Symbol T_BITXOR: R [call -> T_IDENTIFIERT_LEFT_PARENT_RIGHT_PAREN]
State 427, Symbol T_DIVIDE: R [call -> T_IDENTIFIERT_LEFT_PARENT_RIGHT_PAREN]
State 427, Symbol T_LEFTSHIFT: R [call -> T_IDENTIFIERT_LEFT_PARENT_RIGHT_PAREN]
State 427, Symbol T_MINUS: R [call -> T_IDENTIFIERT_LEFT_PARENT_RIGHT_PAREN]
State 427, Symbol T_MOD: R [call -> T_IDENTIFIERT_LEFT_PARENT_RIGHT_PAREN]
State 427, Symbol T_MULTIPLY: R [call -> T_IDENTIFIERT_LEFT_PARENT_RIGHT_PAREN]
State 427, Symbol T_PLUS: R [call -> T_IDENTIFIERT_LEFT_PARENT_RIGHT_PAREN]
State 427, Symbol T_RIGHTSHIFT: R [call -> T_IDENTIFIERT_LEFT_PARENT_RIGHT_PAREN]
State 427, Symbol T_RIGHT_PAREN: R [call -> T_IDENTIFIERT_LEFT_PARENT_RIGHT_PAREN]
State 428, Symbol T_RIGHT_PAREN: S 475
State 429, Symbol T_RIGHT_SQUARE: S 476
State 430, Symbol T_BITNOT: S 144
State 430, Symbol T_CHAR_LITERAL: S 145
State 430, Symbol T_DECREMENT: S 37
State 430, Symbol T_FLOAT_LITERAL: S 146
State 430, Symbol T_IDENTIFIER: S 143
State 430, Symbol T_INCREMENT: S 38
State 430, Symbol T_INTEGER_LITERAL: S 147
State 430, Symbol T_LEFT_PAREN: S 148
State 430, Symbol T_NOT: S 149
State 430, Symbol T_STRING_LITERAL: S 150
State 431, Symbol T_BITAND: R [factor -> T_LEFT_PARENexpressionT_RIGHT_PAREN]
State 431, Symbol T_BITOR: R [factor -> T_LEFT_PARENexpressionT_RIGHT_PAREN]
State 431, Symbol T_BITXOR: R [factor -> T_LEFT_PARENexpressionT_RIGHT_PAREN]
State 431, Symbol T_DIVIDE: R [factor -> T_LEFT_PARENexpressionT_RIGHT_PAREN]
State 431, Symbol T_LEFTSHIFT: R [factor -> T_LEFT_PARENexpressionT_RIGHT_PAREN]
State 431, Symbol T_MINUS: R [factor -> T_LEFT_PARENexpressionT_RIGHT_PAREN]
State 431, Symbol T_MOD: R [factor -> T_LEFT_PARENexpressionT_RIGHT_PAREN]
State 431, Symbol T_MULTIPLY: R [factor -> T_LEFT_PARENexpressionT_RIGHT_PAREN]
State 431, Symbol T_PLUS: R [factor -> T_LEFT_PARENexpressionT_RIGHT_PAREN]
State 431, Symbol T_RIGHTSHIFT: R [factor -> T_LEFT_PARENexpressionT_RIGHT_PAREN]
State 431, Symbol T_RIGHT_PAREN: R [factor -> T_LEFT_PARENexpressionT_RIGHT_PAREN]
State 432, Symbol T_BITAND: S 87
State 432, Symbol T_BITOR: S 88
State 432, Symbol T_BITXOR: S 89
State 432, Symbol T_DIVIDE: S 90
State 432, Symbol T_LEFTSHIFT: S 91
State 432, Symbol T_MINUS: R [additive_expression -> additive_expressionaddopterm]
State 432, Symbol T_MOD: S 92
State 432, Symbol T_MULTIPLY: S 93
State 432, Symbol T_PLUS: R [additive_expression -> additive_expressionaddopterm]
State 432, Symbol T_RIGHTSHIFT: S 94
State 432, Symbol T_RIGHT_PAREN: R [additive_expression -> additive_expressionaddopterm]
State 433, Symbol T_BITAND: R [term -> termmulopfactor]
State 433, Symbol T_BITOR: R [term -> termmulopfactor]
State 433, Symbol T_BITXOR: R [term -> termmulopfactor]
State 433, Symbol T_DIVIDE: R [term -> termmulopfactor]
State 433, Symbol T_LEFTSHIFT: R [term -> termmulopfactor]
State 433, Symbol T_MINUS: R [term -> termmulopfactor]
State 433, Symbol T_MOD: R [term -> termmulopfactor]
State 433, Symbol T_MULTIPLY: R [term -> termmulopfactor]
State 433, Symbol T_PLUS: R [term -> termmulopfactor]
State 433, Symbol T_RIGHTSHIFT: R [term -> termmulopfactor]
State 433, Symbol T_RIGHT_PAREN: R [term -> termmulopfactor]
State 434, Symbol T_BITAND: R [var -> T_IDENTIFIERT_LEFT_SQUAREexpressionT_RIGHT_SQUARE]
State 434, Symbol T_BITOR: R [var -> T_IDENTIFIERT_LEFT_SQUAREexpressionT_RIGHT_SQUARE]
State 434, Symbol T_BITXOR: R [var -> T_IDENTIFIERT_LEFT_SQUAREexpressionT_RIGHT_SQUARE]
State 434, Symbol T_DECREMENT: R [var -> T_IDENTIFIERT_LEFT_SQUAREexpressionT_RIGHT_SQUARE]
State 434, Symbol T_DIVIDE: R [var -> T_IDENTIFIERT_LEFT_SQUAREexpressionT_RIGHT_SQUARE]
State 434, Symbol T_EQUAL: R [var -> T_IDENTIFIERT_LEFT_SQUAREexpressionT_RIGHT_SQUARE]
State 434, Symbol T_GREATER: R [var -> T_IDENTIFIERT_LEFT_SQUAREexpressionT_RIGHT_SQUARE]
State 434, Symbol T_GREATEREQUAL: R [var -> T_IDENTIFIERT_LEFT_SQUAREexpressionT_RIGHT_SQUARE]
State 434, Symbol T_INCREMENT: R [var -> T_IDENTIFIERT_LEFT_SQUAREexpressionT_RIGHT_SQUARE]
State 434, Symbol T_LEFTSHIFT: R [var -> T_IDENTIFIERT_LEFT_SQUAREexpressionT_RIGHT_SQUARE]
State 434, Symbol T_LESS: R [var -> T_IDENTIFIERT_LEFT_SQUAREexpressionT_RIGHT_SQUARE]
State 434, Symbol T_LESSEQUAL: R [var -> T_IDENTIFIERT_LEFT_SQUAREexpressionT_RIGHT_SQUARE]
State 434, Symbol T_MINUS: R [var -> T_IDENTIFIERT_LEFT_SQUAREexpressionT_RIGHT_SQUARE]
State 434, Symbol T_MOD: R [var -> T_IDENTIFIERT_LEFT_SQUAREexpressionT_RIGHT_SQUARE]
State 434, Symbol T_MULTIPLY: R [var -> T_IDENTIFIERT_LEFT_SQUAREexpressionT_RIGHT_SQUARE]
State 434, Symbol T_PLUS: R [var -> T_IDENTIFIERT_LEFT_SQUAREexpressionT_RIGHT_SQUARE]
State 434, Symbol T_RIGHTSHIFT: R [var -> T_IDENTIFIERT_LEFT_SQUAREexpressionT_RIGHT_SQUARE]
State 434, Symbol T_SEMICOLON: R [var -> T_IDENTIFIERT_LEFT_SQUAREexpressionT_RIGHT_SQUARE]
State 435, Symbol T_BITAND: R [call -> T_IDENTIFIERT_LEFT_PARENargsT_RIGHT_PAREN]
State 435, Symbol T_BITOR: R [call -> T_IDENTIFIERT_LEFT_PARENargsT_RIGHT_PAREN]
State 435, Symbol T_BITXOR: R [call -> T_IDENTIFIERT_LEFT_PARENargsT_RIGHT_PAREN]
State 435, Symbol T_DIVIDE: R [call -> T_IDENTIFIERT_LEFT_PARENargsT_RIGHT_PAREN]
State 435, Symbol T_LEFTSHIFT: R [call -> T_IDENTIFIERT_LEFT_PARENargsT_RIGHT_PAREN]
State 435, Symbol T_MINUS: R [call -> T_IDENTIFIERT_LEFT_PARENargsT_RIGHT_PAREN]
State 435, Symbol T_MOD: R [call -> T_IDENTIFIERT_LEFT_PARENargsT_RIGHT_PAREN]
State 435, Symbol T_MULTIPLY: R [call -> T_IDENTIFIERT_LEFT_PARENargsT_RIGHT_PAREN]
State 435, Symbol T_PLUS: R [call -> T_IDENTIFIERT_LEFT_PARENargsT_RIGHT_PAREN]
State 435, Symbol T_RIGHTSHIFT: R [call -> T_IDENTIFIERT_LEFT_PARENargsT_RIGHT_PAREN]
State 435, Symbol T_SEMICOLON: R [call -> T_IDENTIFIERT_LEFT_PARENargsT_RIGHT_PAREN]
State 436, Symbol T_BITAND: R [var -> T_IDENTIFIERT_LEFT_SQUAREexpressionT_RIGHT_SQUARE]
State 436, Symbol T_BITOR: R [var -> T_IDENTIFIERT_LEFT_SQUAREexpressionT_RIGHT_SQUARE]
State 436, Symbol T_BITXOR: R [var -> T_IDENTIFIERT_LEFT_SQUAREexpressionT_RIGHT_SQUARE]
State 436, Symbol T_DECREMENT: R [var -> T_IDENTIFIERT_LEFT_SQUAREexpressionT_RIGHT_SQUARE]
State 436, Symbol T_DIVIDE: R [var -> T_IDENTIFIERT_LEFT_SQUAREexpressionT_RIGHT_SQUARE]
State 436, Symbol T_INCREMENT: R [var -> T_IDENTIFIERT_LEFT_SQUAREexpressionT_RIGHT_SQUARE]
State 436, Symbol T_LEFTSHIFT: R [var -> T_IDENTIFIERT_LEFT_SQUAREexpressionT_RIGHT_SQUARE]
State 436, Symbol T_MINUS: R [var -> T_IDENTIFIERT_LEFT_SQUAREexpressionT_RIGHT_SQUARE]
State 436, Symbol T_MOD: R [var -> T_IDENTIFIERT_LEFT_SQUAREexpressionT_RIGHT_SQUARE]
State 436, Symbol T_MULTIPLY: R [var -> T_IDENTIFIERT_LEFT_SQUAREexpressionT_RIGHT_SQUARE]
State 436, Symbol T_PLUS: R [var -> T_IDENTIFIERT_LEFT_SQUAREexpressionT_RIGHT_SQUARE]
State 436, Symbol T_RIGHTSHIFT: R [var -> T_IDENTIFIERT_LEFT_SQUAREexpressionT_RIGHT_SQUARE]
State 436, Symbol T_SEMICOLON: R [var -> T_IDENTIFIERT_LEFT_SQUAREexpressionT_RIGHT_SQUARE]
State 437, Symbol T_RIGHT_SQUARE: S 478
State 438, Symbol T_BITNOT: R [expression_stmt -> expressionT_SEMICOLON]
State 438, Symbol T_CHAR_LITERAL: R [expression_stmt -> expressionT_SEMICOLON]
State 438, Symbol T_DECREMENT: R [expression_stmt -> expressionT_SEMICOLON]
State 438, Symbol T_FLOAT_LITERAL: R [expression_stmt -> expressionT_SEMICOLON]
State 438, Symbol T_IDENTIFIER: R [expression_stmt -> expressionT_SEMICOLON]
State 438, Symbol T_INCREMENT: R [expression_stmt -> expressionT_SEMICOLON]
State 438, Symbol T_INTEGER_LITERAL: R [expression_stmt -> expressionT_SEMICOLON]
State 438, Symbol T_LEFT_PAREN: R [expression_stmt -> expressionT_SEMICOLON]
State 438, Symbol T_NOT: R [expression_stmt -> expressionT_SEMICOLON]
State 438, Symbol T_STRING_LITERAL: R [expression_stmt -> expressionT_SEMICOLON]
State 439, Symbol T_RIGHT_PAREN: S 479
State 440, Symbol T_BITNOT: R [iteration_stmt -> T_WHILET_LEFT_PARENexpressionT_RIGHT_PARENstatement]
State 440, Symbol T_CHAR: R [iteration_stmt -> T_WHILET_LEFT_PARENexpressionT_RIGHT_PARENstatement]
State 440, Symbol T_CHAR_LITERAL: R [iteration_stmt -> T_WHILET_LEFT_PARENexpressionT_RIGHT_PARENstatement]
State 440, Symbol T_DECREMENT: R [iteration_stmt -> T_WHILET_LEFT_PARENexpressionT_RIGHT_PARENstatement]
State 440, Symbol T_FLOAT: R [iteration_stmt -> T_WHILET_LEFT_PARENexpressionT_RIGHT_PARENstatement]
State 440, Symbol T_FLOAT_LITERAL: R [iteration_stmt -> T_WHILET_LEFT_PARENexpressionT_RIGHT_PARENstatement]
State 440, Symbol T_FOR: R [iteration_stmt -> T_WHILET_LEFT_PARENexpressionT_RIGHT_PARENstatement]
State 440, Symbol T_IDENTIFIER: R [iteration_stmt -> T_WHILET_LEFT_PARENexpressionT_RIGHT_PARENstatement]
State 440, Symbol T_IF: R [iteration_stmt -> T_WHILET_LEFT_PARENexpressionT_RIGHT_PARENstatement]
State 440, Symbol T_INCREMENT: R [iteration_stmt -> T_WHILET_LEFT_PARENexpressionT_RIGHT_PARENstatement]
State 440, Symbol T_INT: R [iteration_stmt -> T_WHILET_LEFT_PARENexpressionT_RIGHT_PARENstatement]
State 440, Symbol T_INTEGER_LITERAL: R [iteration_stmt -> T_WHILET_LEFT_PARENexpressionT_RIGHT_PARENstatement]
State 440, Symbol T_LEFT_BRACE: R [iteration_stmt -> T_WHILET_LEFT_PARENexpressionT_RIGHT_PARENstatement]
State 440, Symbol T_LEFT_PAREN: R [iteration_stmt -> T_WHILET_LEFT_PARENexpressionT_RIGHT_PARENstatement]
State 440, Symbol T_NOT: R [iteration_stmt -> T_WHILET_LEFT_PARENexpressionT_RIGHT_PARENstatement]
State 440, Symbol T_RETURN: R [iteration_stmt -> T_WHILET_LEFT_PARENexpressionT_RIGHT_PARENstatement]
State 440, Symbol T_RIGHT_BRACE: R [iteration_stmt -> T_WHILET_LEFT_PARENexpressionT_RIGHT_PARENstatement]
State 440, Symbol T_STRING_LITERAL: R [iteration_stmt -> T_WHILET_LEFT_PARENexpressionT_RIGHT_PARENstatement]
State 440, Symbol T_VOID: R [iteration_stmt -> T_WHILET_LEFT_PARENexpressionT_RIGHT_PARENstatement]
State 440, Symbol T_WHILE: R [iteration_stmt -> T_WHILET_LEFT_PARENexpressionT_RIGHT_PARENstatement]
State 441, Symbol T_BITNOT: S 30
State 441, Symbol T_CHAR: S 1
State 441, Symbol T_CHAR_LITERAL: S 31
State 441, Symbol T_DECREMENT: S 37
State 441, Symbol T_FLOAT: S 2
State 441, Symbol T_FLOAT_LITERAL: S 32
State 441, Symbol T_FOR: S 105
State 441, Symbol T_IDENTIFIER: S 29
State 441, Symbol T_IF: S 108
State 441, Symbol T_INCREMENT: S 38
State 441, Symbol T_INT: S 3
State 441, Symbol T_INTEGER_LITERAL: S 33
State 441, Symbol T_LEFT_BRACE: S 103
State 441, Symbol T_LEFT_PAREN: S 34
State 441, Symbol T_NOT: S 35
State 441, Symbol T_RETURN: S 107
State 441, Symbol T_RIGHT_BRACE: S 480
State 441, Symbol T_STRING_LITERAL: S 36
State 441, Symbol T_VOID: S 4
State 441, Symbol T_WHILE: S 106
State 442, Symbol T_LEFT_PAREN: S 482
State 443, Symbol T_LEFT_PAREN: S 483
State 444, Symbol T_BITNOT: S 30
State 444, Symbol T_CHAR_LITERAL: S 31
State 444, Symbol T_DECREMENT: S 37
State 444, Symbol T_FLOAT_LITERAL: S 32
State 444, Symbol T_IDENTIFIER: S 29
State 444, Symbol T_INCREMENT: S 38
State 444, Symbol T_INTEGER_LITERAL: S 33
State 444, Symbol T_LEFT_PAREN: S 34
State 444, Symbol T_NOT: S 35
State 444, Symbol T_SEMICOLON: S 484
State 444, Symbol T_STRING_LITERAL: S 36
State 445, Symbol T_LEFT_PAREN: S 486
State 446, Symbol T_SEMICOLON: S 487
State 447, Symbol T_BITNOT: R [selection_stmt -> T_IFT_LEFT_PARENexpressionT_RIGHT_PARENstatement]
State 447, Symbol T_CHAR: R [selection_stmt -> T_IFT_LEFT_PARENexpressionT_RIGHT_PARENstatement]
State 447, Symbol T_CHAR_LITERAL: R [selection_stmt -> T_IFT_LEFT_PARENexpressionT_RIGHT_PARENstatement]
State 447, Symbol T_DECREMENT: R [selection_stmt -> T_IFT_LEFT_PARENexpressionT_RIGHT_PARENstatement]
State 447, Symbol T_ELSE: S 488
State 447, Symbol T_FLOAT: R [selection_stmt -> T_IFT_LEFT_PARENexpressionT_RIGHT_PARENstatement]
State 447, Symbol T_FLOAT_LITERAL: R [selection_stmt -> T_IFT_LEFT_PARENexpressionT_RIGHT_PARENstatement]
State 447, Symbol T_FOR: R [selection_stmt -> T_IFT_LEFT_PARENexpressionT_RIGHT_PARENstatement]
State 447, Symbol T_IDENTIFIER: R [selection_stmt -> T_IFT_LEFT_PARENexpressionT_RIGHT_PARENstatement]
State 447, Symbol T_IF: R [selection_stmt -> T_IFT_LEFT_PARENexpressionT_RIGHT_PARENstatement]
State 447, Symbol T_INCREMENT: R [selection_stmt -> T_IFT_LEFT_PARENexpressionT_RIGHT_PARENstatement]
State 447, Symbol T_INT: R [selection_stmt -> T_IFT_LEFT_PARENexpressionT_RIGHT_PARENstatement]
State 447, Symbol T_INTEGER_LITERAL: R [selection_stmt -> T_IFT_LEFT_PARENexpressionT_RIGHT_PARENstatement]
State 447, Symbol T_LEFT_BRACE: R [selection_stmt -> T_IFT_LEFT_PARENexpressionT_RIGHT_PARENstatement]
State 447, Symbol T_LEFT_PAREN: R [selection_stmt -> T_IFT_LEFT_PARENexpressionT_RIGHT_PARENstatement]
State 447, Symbol T_NOT: R [selection_stmt -> T_IFT_LEFT_PARENexpressionT_RIGHT_PARENstatement]
State 447, Symbol T_RETURN: R [selection_stmt -> T_IFT_LEFT_PARENexpressionT_RIGHT_PARENstatement]
State 447, Symbol T_RIGHT_BRACE: R [selection_stmt -> T_IFT_LEFT_PARENexpressionT_RIGHT_PARENstatement]
State 447, Symbol T_STRING_LITERAL: R [selection_stmt -> T_IFT_LEFT_PARENexpressionT_RIGHT_PARENstatement]
State 447, Symbol T_VOID: R [selection_stmt -> T_IFT_LEFT_PARENexpressionT_RIGHT_PARENstatement]
State 447, Symbol T_WHILE: R [selection_stmt -> T_IFT_LEFT_PARENexpressionT_RIGHT_PARENstatement]
State 448, Symbol T_BITNOT: R [statement -> compound_stmt]
State 448, Symbol T_CHAR: R [statement -> compound_stmt]
State 448, Symbol T_CHAR_LITERAL: R [statement -> compound_stmt]
State 448, Symbol T_DECREMENT: R [statement -> compound_stmt]
State 448, Symbol T_ELSE: R [statement -> compound_stmt]
State 448, Symbol T_FLOAT: R [statement -> compound_stmt]
State 448, Symbol T_FLOAT_LITERAL: R [statement -> compound_stmt]
State 448, Symbol T_FOR: R [statement -> compound_stmt]
State 448, Symbol T_IDENTIFIER: R [statement -> compound_stmt]
State 448, Symbol T_IF: R [statement -> compound_stmt]
State 448, Symbol T_INCREMENT: R [statement -> compound_stmt]
State 448, Symbol T_INT: R [statement -> compound_stmt]
State 448, Symbol T_INTEGER_LITERAL: R [statement -> compound_stmt]
State 448, Symbol T_LEFT_BRACE: R [statement -> compound_stmt]
State 448, Symbol T_LEFT_PAREN: R [statement -> compound_stmt]
State 448, Symbol T_NOT: R [statement -> compound_stmt]
State 448, Symbol T_RETURN: R [statement -> compound_stmt]
State 448, Symbol T_RIGHT_BRACE: R [statement -> compound_stmt]
State 448, Symbol T_STRING_LITERAL: R [statement -> compound_stmt]
State 448, Symbol T_VOID: R [statement -> compound_stmt]
State 448, Symbol T_WHILE: R [statement -> compound_stmt]
State 449, Symbol T_BITNOT: R [statement -> expression_stmt]
State 449, Symbol T_CHAR: R [statement -> expression_stmt]
State 449, Symbol T_CHAR_LITERAL: R [statement -> expression_stmt]
State 449, Symbol T_DECREMENT: R [statement -> expression_stmt]
State 449, Symbol T_ELSE: R [statement -> expression_stmt]
State 449, Symbol T_FLOAT: R [statement -> expression_stmt]
State 449, Symbol T_FLOAT_LITERAL: R [statement -> expression_stmt]
State 449, Symbol T_FOR: R [statement -> expression_stmt]
State 449, Symbol T_IDENTIFIER: R [statement -> expression_stmt]
State 449, Symbol T_IF: R [statement -> expression_stmt]
State 449, Symbol T_INCREMENT: R [statement -> expression_stmt]
State 449, Symbol T_INT: R [statement -> expression_stmt]
State 449, Symbol T_INTEGER_LITERAL: R [statement -> expression_stmt]
State 449, Symbol T_LEFT_BRACE: R [statement -> expression_stmt]
State 449, Symbol T_LEFT_PAREN: R [statement -> expression_stmt]
State 449, Symbol T_NOT: R [statement -> expression_stmt]
State 449, Symbol T_RETURN: R [statement -> expression_stmt]
State 449, Symbol T_RIGHT_BRACE: R [statement -> expression_stmt]
State 449, Symbol T_STRING_LITERAL: R [statement -> expression_stmt]
State 449, Symbol T_VOID: R [statement -> expression_stmt]
State 449, Symbol T_WHILE: R [statement -> expression_stmt]
State 450, Symbol T_BITNOT: R [statement -> iteration_stmt]
State 450, Symbol T_CHAR: R [statement -> iteration_stmt]
State 450, Symbol T_CHAR_LITERAL: R [statement -> iteration_stmt]
State 450, Symbol T_DECREMENT: R [statement -> iteration_stmt]
State 450, Symbol T_ELSE: R [statement -> iteration_stmt]
State 450, Symbol T_FLOAT: R [statement -> iteration_stmt]
State 450, Symbol T_FLOAT_LITERAL: R [statement -> iteration_stmt]
State 450, Symbol T_FOR: R [statement -> iteration_stmt]
State 450, Symbol T_IDENTIFIER: R [statement -> iteration_stmt]
State 450, Symbol T_IF: R [statement -> iteration_stmt]
State 450, Symbol T_INCREMENT: R [statement -> iteration_stmt]
State 450, Symbol T_INT: R [statement -> iteration_stmt]
State 450, Symbol T_INTEGER_LITERAL: R [statement -> iteration_stmt]
State 450, Symbol T_LEFT_BRACE: R [statement -> iteration_stmt]
State 450, Symbol T_LEFT_PAREN: R [statement -> iteration_stmt]
State 450, Symbol T_NOT: R [statement -> iteration_stmt]
State 450, Symbol T_RETURN: R [statement -> iteration_stmt]
State 450, Symbol T_RIGHT_BRACE: R [statement -> iteration_stmt]
State 450, Symbol T_STRING_LITERAL: R [statement -> iteration_stmt]
State 450, Symbol T_VOID: R [statement -> iteration_stmt]
State 450, Symbol T_WHILE: R [statement -> iteration_stmt]
State 451, Symbol T_BITNOT: R [statement -> return_stmt]
State 451, Symbol T_CHAR: R [statement -> return_stmt]
State 451, Symbol T_CHAR_LITERAL: R [statement -> return_stmt]
State 451, Symbol T_DECREMENT: R [statement -> return_stmt]
State 451, Symbol T_ELSE: R [statement -> return_stmt]
State 451, Symbol T_FLOAT: R [statement -> return_stmt]
State 451, Symbol T_FLOAT_LITERAL: R [statement -> return_stmt]
State 451, Symbol T_FOR: R [statement -> return_stmt]
State 451, Symbol T_IDENTIFIER: R [statement -> return_stmt]
State 451, Symbol T_IF: R [statement -> return_stmt]
State 451, Symbol T_INCREMENT: R [statement -> return_stmt]
State 451, Symbol T_INT: R [statement -> return_stmt]
State 451, Symbol T_INTEGER_LITERAL: R [statement -> return_stmt]
State 451, Symbol T_LEFT_BRACE: R [statement -> return_stmt]
State 451, Symbol T_LEFT_PAREN: R [statement -> return_stmt]
State 451, Symbol T_NOT: R [statement -> return_stmt]
State 451, Symbol T_RETURN: R [statement -> return_stmt]
State 451, Symbol T_RIGHT_BRACE: R [statement -> return_stmt]
State 451, Symbol T_STRING_LITERAL: R [statement -> return_stmt]
State 451, Symbol T_VOID: R [statement -> return_stmt]
State 451, Symbol T_WHILE: R [statement -> return_stmt]
State 452, Symbol T_BITNOT: R [statement -> selection_stmt]
State 452, Symbol T_CHAR: R [statement -> selection_stmt]
State 452, Symbol T_CHAR_LITERAL: R [statement -> selection_stmt]
State 452, Symbol T_DECREMENT: R [statement -> selection_stmt]
State 452, Symbol T_ELSE: R [statement -> selection_stmt]
State 452, Symbol T_FLOAT: R [statement -> selection_stmt]
State 452, Symbol T_FLOAT_LITERAL: R [statement -> selection_stmt]
State 452, Symbol T_FOR: R [statement -> selection_stmt]
State 452, Symbol T_IDENTIFIER: R [statement -> selection_stmt]
State 452, Symbol T_IF: R [statement -> selection_stmt]
State 452, Symbol T_INCREMENT: R [statement -> selection_stmt]
State 452, Symbol T_INT: R [statement -> selection_stmt]
State 452, Symbol T_INTEGER_LITERAL: R [statement -> selection_stmt]
State 452, Symbol T_LEFT_BRACE: R [statement -> selection_stmt]
State 452, Symbol T_LEFT_PAREN: R [statement -> selection_stmt]
State 452, Symbol T_NOT: R [statement -> selection_stmt]
State 452, Symbol T_RETURN: R [statement -> selection_stmt]
State 452, Symbol T_RIGHT_BRACE: R [statement -> selection_stmt]
State 452, Symbol T_STRING_LITERAL: R [statement -> selection_stmt]
State 452, Symbol T_VOID: R [statement -> selection_stmt]
State 452, Symbol T_WHILE: R [statement -> selection_stmt]
State 453, Symbol T_BITNOT: R [statement -> var_declaration]
State 453, Symbol T_CHAR: R [statement -> var_declaration]
State 453, Symbol T_CHAR_LITERAL: R [statement -> var_declaration]
State 453, Symbol T_DECREMENT: R [statement -> var_declaration]
State 453, Symbol T_ELSE: R [statement -> var_declaration]
State 453, Symbol T_FLOAT: R [statement -> var_declaration]
State 453, Symbol T_FLOAT_LITERAL: R [statement -> var_declaration]
State 453, Symbol T_FOR: R [statement -> var_declaration]
State 453, Symbol T_IDENTIFIER: R [statement -> var_declaration]
State 453, Symbol T_IF: R [statement -> var_declaration]
State 453, Symbol T_INCREMENT: R [statement -> var_declaration]
State 453, Symbol T_INT: R [statement -> var_declaration]
State 453, Symbol T_INTEGER_LITERAL: R [statement -> var_declaration]
State 453, Symbol T_LEFT_BRACE: R [statement -> var_declaration]
State 453, Symbol T_LEFT_PAREN: R [statement -> var_declaration]
State 453, Symbol T_NOT: R [statement -> var_declaration]
State 453, Symbol T_RETURN: R [statement -> var_declaration]
State 453, Symbol T_RIGHT_BRACE: R [statement -> var_declaration]
State 453, Symbol T_STRING_LITERAL: R [statement -> var_declaration]
State 453, Symbol T_VOID: R [statement -> var_declaration]
State 453, Symbol T_WHILE: R [statement -> var_declaration]
State 454, Symbol T_IDENTIFIER: S 489
State 455, Symbol T_SEMICOLON: S 490
State 456, Symbol T_BITAND: R [var -> T_IDENTIFIERT_LEFT_SQUAREexpressionT_RIGHT_SQUARE]
State 456, Symbol T_BITOR: R [var -> T_IDENTIFIERT_LEFT_SQUAREexpressionT_RIGHT_SQUARE]
State 456, Symbol T_BITXOR: R [var -> T_IDENTIFIERT_LEFT_SQUAREexpressionT_RIGHT_SQUARE]
State 456, Symbol T_COMMA: R [var -> T_IDENTIFIERT_LEFT_SQUAREexpressionT_RIGHT_SQUARE]
State 456, Symbol T_DIVIDE: R [var -> T_IDENTIFIERT_LEFT_SQUAREexpressionT_RIGHT_SQUARE]
State 456, Symbol T_EQUAL: R [var -> T_IDENTIFIERT_LEFT_SQUAREexpressionT_RIGHT_SQUARE]
State 456, Symbol T_GREATER: R [var -> T_IDENTIFIERT_LEFT_SQUAREexpressionT_RIGHT_SQUARE]
State 456, Symbol T_GREATEREQUAL: R [var -> T_IDENTIFIERT_LEFT_SQUAREexpressionT_RIGHT_SQUARE]
State 456, Symbol T_LEFTSHIFT: R [var -> T_IDENTIFIERT_LEFT_SQUAREexpressionT_RIGHT_SQUARE]
State 456, Symbol T_LESS: R [var -> T_IDENTIFIERT_LEFT_SQUAREexpressionT_RIGHT_SQUARE]
State 456, Symbol T_LESSEQUAL: R [var -> T_IDENTIFIERT_LEFT_SQUAREexpressionT_RIGHT_SQUARE]
State 456, Symbol T_MINUS: R [var -> T_IDENTIFIERT_LEFT_SQUAREexpressionT_RIGHT_SQUARE]
State 456, Symbol T_MOD: R [var -> T_IDENTIFIERT_LEFT_SQUAREexpressionT_RIGHT_SQUARE]
State 456, Symbol T_MULTIPLY: R [var -> T_IDENTIFIERT_LEFT_SQUAREexpressionT_RIGHT_SQUARE]
State 456, Symbol T_PLUS: R [var -> T_IDENTIFIERT_LEFT_SQUAREexpressionT_RIGHT_SQUARE]
State 456, Symbol T_RIGHTSHIFT: R [var -> T_IDENTIFIERT_LEFT_SQUAREexpressionT_RIGHT_SQUARE]
State 456, Symbol T_RIGHT_PAREN: R [var -> T_IDENTIFIERT_LEFT_SQUAREexpressionT_RIGHT_SQUARE]
State 457, Symbol T_RIGHT_SQUARE: S 491
State 458, Symbol T_BITAND: R [call -> T_IDENTIFIERT_LEFT_PARENT_RIGHT_PAREN]
State 458, Symbol T_BITOR: R [call -> T_IDENTIFIERT_LEFT_PARENT_RIGHT_PAREN]
State 458, Symbol T_BITXOR: R [call -> T_IDENTIFIERT_LEFT_PARENT_RIGHT_PAREN]
State 458, Symbol T_COMMA: R [call -> T_IDENTIFIERT_LEFT_PARENT_RIGHT_PAREN]
State 458, Symbol T_DIVIDE: R [call -> T_IDENTIFIERT_LEFT_PARENT_RIGHT_PAREN]
State 458, Symbol T_LEFTSHIFT: R [call -> T_IDENTIFIERT_LEFT_PARENT_RIGHT_PAREN]
State 458, Symbol T_MINUS: R [call -> T_IDENTIFIERT_LEFT_PARENT_RIGHT_PAREN]
State 458, Symbol T_MOD: R [call -> T_IDENTIFIERT_LEFT_PARENT_RIGHT_PAREN]
State 458, Symbol T_MULTIPLY: R [call -> T_IDENTIFIERT_LEFT_PARENT_RIGHT_PAREN]
State 458, Symbol T_PLUS: R [call -> T_IDENTIFIERT_LEFT_PARENT_RIGHT_PAREN]
State 458, Symbol T_RIGHTSHIFT: R [call -> T_IDENTIFIERT_LEFT_PARENT_RIGHT_PAREN]
State 458, Symbol T_RIGHT_PAREN: R [call -> T_IDENTIFIERT_LEFT_PARENT_RIGHT_PAREN]
State 459, Symbol T_RIGHT_PAREN: S 492
State 460, Symbol T_RIGHT_SQUARE: S 493
State 461, Symbol T_BITNOT: S 144
State 461, Symbol T_CHAR_LITERAL: S 145
State 461, Symbol T_DECREMENT: S 37
State 461, Symbol T_FLOAT_LITERAL: S 146
State 461, Symbol T_IDENTIFIER: S 143
State 461, Symbol T_INCREMENT: S 38
State 461, Symbol T_INTEGER_LITERAL: S 147
State 461, Symbol T_LEFT_PAREN: S 148
State 461, Symbol T_NOT: S 149
State 461, Symbol T_STRING_LITERAL: S 150
State 462, Symbol T_BITAND: R [factor -> T_LEFT_PARENexpressionT_RIGHT_PAREN]
State 462, Symbol T_BITOR: R [factor -> T_LEFT_PARENexpressionT_RIGHT_PAREN]
State 462, Symbol T_BITXOR: R [factor -> T_LEFT_PARENexpressionT_RIGHT_PAREN]
State 462, Symbol T_COMMA: R [factor -> T_LEFT_PARENexpressionT_RIGHT_PAREN]
State 462, Symbol T_DIVIDE: R [factor -> T_LEFT_PARENexpressionT_RIGHT_PAREN]
State 462, Symbol T_LEFTSHIFT: R [factor -> T_LEFT_PARENexpressionT_RIGHT_PAREN]
State 462, Symbol T_MINUS: R [factor -> T_LEFT_PARENexpressionT_RIGHT_PAREN]
State 462, Symbol T_MOD: R [factor -> T_LEFT_PARENexpressionT_RIGHT_PAREN]
State 462, Symbol T_MULTIPLY: R [factor -> T_LEFT_PARENexpressionT_RIGHT_PAREN]
State 462, Symbol T_PLUS: R [factor -> T_LEFT_PARENexpressionT_RIGHT_PAREN]
State 462, Symbol T_RIGHTSHIFT: R [factor -> T_LEFT_PARENexpressionT_RIGHT_PAREN]
State 462, Symbol T_RIGHT_PAREN: R [factor -> T_LEFT_PARENexpressionT_RIGHT_PAREN]
State 463, Symbol T_BITAND: S 87
State 463, Symbol T_BITOR: S 88
State 463, Symbol T_BITXOR: S 89
State 463, Symbol T_COMMA: R [additive_expression -> additive_expressionaddopterm]
State 463, Symbol T_DIVIDE: S 90
State 463, Symbol T_LEFTSHIFT: S 91
State 463, Symbol T_MINUS: R [additive_expression -> additive_expressionaddopterm]
State 463, Symbol T_MOD: S 92
State 463, Symbol T_MULTIPLY: S 93
State 463, Symbol T_PLUS: R [additive_expression -> additive_expressionaddopterm]
State 463, Symbol T_RIGHTSHIFT: S 94
State 463, Symbol T_RIGHT_PAREN: R [additive_expression -> additive_expressionaddopterm]
State 464, Symbol T_BITAND: R [term -> termmulopfactor]
State 464, Symbol T_BITOR: R [term -> termmulopfactor]
State 464, Symbol T_BITXOR: R [term -> termmulopfactor]
State 464, Symbol T_COMMA: R [term -> termmulopfactor]
State 464, Symbol T_DIVIDE: R [term -> termmulopfactor]
State 464, Symbol T_LEFTSHIFT: R [term -> termmulopfactor]
State 464, Symbol T_MINUS: R [term -> termmulopfactor]
State 464, Symbol T_MOD: R [term -> termmulopfactor]
State 464, Symbol T_MULTIPLY: R [term -> termmulopfactor]
State 464, Symbol T_PLUS: R [term -> termmulopfactor]
State 464, Symbol T_RIGHTSHIFT: R [term -> termmulopfactor]
State 464, Symbol T_RIGHT_PAREN: R [term -> termmulopfactor]
State 465, Symbol T_BITAND: R [var -> T_IDENTIFIERT_LEFT_SQUAREexpressionT_RIGHT_SQUARE]
State 465, Symbol T_BITOR: R [var -> T_IDENTIFIERT_LEFT_SQUAREexpressionT_RIGHT_SQUARE]
State 465, Symbol T_BITXOR: R [var -> T_IDENTIFIERT_LEFT_SQUAREexpressionT_RIGHT_SQUARE]
State 465, Symbol T_DIVIDE: R [var -> T_IDENTIFIERT_LEFT_SQUAREexpressionT_RIGHT_SQUARE]
State 465, Symbol T_EQUAL: R [var -> T_IDENTIFIERT_LEFT_SQUAREexpressionT_RIGHT_SQUARE]
State 465, Symbol T_GREATER: R [var -> T_IDENTIFIERT_LEFT_SQUAREexpressionT_RIGHT_SQUARE]
State 465, Symbol T_GREATEREQUAL: R [var -> T_IDENTIFIERT_LEFT_SQUAREexpressionT_RIGHT_SQUARE]
State 465, Symbol T_LEFTSHIFT: R [var -> T_IDENTIFIERT_LEFT_SQUAREexpressionT_RIGHT_SQUARE]
State 465, Symbol T_LESS: R [var -> T_IDENTIFIERT_LEFT_SQUAREexpressionT_RIGHT_SQUARE]
State 465, Symbol T_LESSEQUAL: R [var -> T_IDENTIFIERT_LEFT_SQUAREexpressionT_RIGHT_SQUARE]
State 465, Symbol T_MINUS: R [var -> T_IDENTIFIERT_LEFT_SQUAREexpressionT_RIGHT_SQUARE]
State 465, Symbol T_MOD: R [var -> T_IDENTIFIERT_LEFT_SQUAREexpressionT_RIGHT_SQUARE]
State 465, Symbol T_MULTIPLY: R [var -> T_IDENTIFIERT_LEFT_SQUAREexpressionT_RIGHT_SQUARE]
State 465, Symbol T_PLUS: R [var -> T_IDENTIFIERT_LEFT_SQUAREexpressionT_RIGHT_SQUARE]
State 465, Symbol T_RIGHTSHIFT: R [var -> T_IDENTIFIERT_LEFT_SQUAREexpressionT_RIGHT_SQUARE]
State 465, Symbol T_RIGHT_SQUARE: R [var -> T_IDENTIFIERT_LEFT_SQUAREexpressionT_RIGHT_SQUARE]
State 466, Symbol T_RIGHT_SQUARE: S 495
State 467, Symbol T_BITAND: R [call -> T_IDENTIFIERT_LEFT_PARENT_RIGHT_PAREN]
State 467, Symbol T_BITOR: R [call -> T_IDENTIFIERT_LEFT_PARENT_RIGHT_PAREN]
State 467, Symbol T_BITXOR: R [call -> T_IDENTIFIERT_LEFT_PARENT_RIGHT_PAREN]
State 467, Symbol T_DIVIDE: R [call -> T_IDENTIFIERT_LEFT_PARENT_RIGHT_PAREN]
State 467, Symbol T_LEFTSHIFT: R [call -> T_IDENTIFIERT_LEFT_PARENT_RIGHT_PAREN]
State 467, Symbol T_MINUS: R [call -> T_IDENTIFIERT_LEFT_PARENT_RIGHT_PAREN]
State 467, Symbol T_MOD: R [call -> T_IDENTIFIERT_LEFT_PARENT_RIGHT_PAREN]
State 467, Symbol T_MULTIPLY: R [call -> T_IDENTIFIERT_LEFT_PARENT_RIGHT_PAREN]
State 467, Symbol T_PLUS: R [call -> T_IDENTIFIERT_LEFT_PARENT_RIGHT_PAREN]
State 467, Symbol T_RIGHTSHIFT: R [call -> T_IDENTIFIERT_LEFT_PARENT_RIGHT_PAREN]
State 467, Symbol T_RIGHT_SQUARE: R [call -> T_IDENTIFIERT_LEFT_PARENT_RIGHT_PAREN]
State 468, Symbol T_RIGHT_PAREN: S 496
State 469, Symbol T_RIGHT_SQUARE: S 497
State 470, Symbol T_BITNOT: S 144
State 470, Symbol T_CHAR_LITERAL: S 145
State 470, Symbol T_DECREMENT: S 37
State 470, Symbol T_FLOAT_LITERAL: S 146
State 470, Symbol T_IDENTIFIER: S 143
State 470, Symbol T_INCREMENT: S 38
State 470, Symbol T_INTEGER_LITERAL: S 147
State 470, Symbol T_LEFT_PAREN: S 148
State 470, Symbol T_NOT: S 149
State 470, Symbol T_STRING_LITERAL: S 150
State 471, Symbol T_BITAND: R [factor -> T_LEFT_PARENexpressionT_RIGHT_PAREN]
State 471, Symbol T_BITOR: R [factor -> T_LEFT_PARENexpressionT_RIGHT_PAREN]
State 471, Symbol T_BITXOR: R [factor -> T_LEFT_PARENexpressionT_RIGHT_PAREN]
State 471, Symbol T_DIVIDE: R [factor -> T_LEFT_PARENexpressionT_RIGHT_PAREN]
State 471, Symbol T_LEFTSHIFT: R [factor -> T_LEFT_PARENexpressionT_RIGHT_PAREN]
State 471, Symbol T_MINUS: R [factor -> T_LEFT_PARENexpressionT_RIGHT_PAREN]
State 471, Symbol T_MOD: R [factor -> T_LEFT_PARENexpressionT_RIGHT_PAREN]
State 471, Symbol T_MULTIPLY: R [factor -> T_LEFT_PARENexpressionT_RIGHT_PAREN]
State 471, Symbol T_PLUS: R [factor -> T_LEFT_PARENexpressionT_RIGHT_PAREN]
State 471, Symbol T_RIGHTSHIFT: R [factor -> T_LEFT_PARENexpressionT_RIGHT_PAREN]
State 471, Symbol T_RIGHT_SQUARE: R [factor -> T_LEFT_PARENexpressionT_RIGHT_PAREN]
State 472, Symbol T_BITAND: S 87
State 472, Symbol T_BITOR: S 88
State 472, Symbol T_BITXOR: S 89
State 472, Symbol T_DIVIDE: S 90
State 472, Symbol T_LEFTSHIFT: S 91
State 472, Symbol T_MINUS: R [additive_expression -> additive_expressionaddopterm]
State 472, Symbol T_MOD: S 92
State 472, Symbol T_MULTIPLY: S 93
State 472, Symbol T_PLUS: R [additive_expression -> additive_expressionaddopterm]
State 472, Symbol T_RIGHTSHIFT: S 94
State 472, Symbol T_RIGHT_SQUARE: R [additive_expression -> additive_expressionaddopterm]
State 473, Symbol T_BITAND: R [term -> termmulopfactor]
State 473, Symbol T_BITOR: R [term -> termmulopfactor]
State 473, Symbol T_BITXOR: R [term -> termmulopfactor]
State 473, Symbol T_DIVIDE: R [term -> termmulopfactor]
State 473, Symbol T_LEFTSHIFT: R [term -> termmulopfactor]
State 473, Symbol T_MINUS: R [term -> termmulopfactor]
State 473, Symbol T_MOD: R [term -> termmulopfactor]
State 473, Symbol T_MULTIPLY: R [term -> termmulopfactor]
State 473, Symbol T_PLUS: R [term -> termmulopfactor]
State 473, Symbol T_RIGHTSHIFT: R [term -> termmulopfactor]
State 473, Symbol T_RIGHT_SQUARE: R [term -> termmulopfactor]
State 474, Symbol T_BITAND: R [var -> T_IDENTIFIERT_LEFT_SQUAREexpressionT_RIGHT_SQUARE]
State 474, Symbol T_BITOR: R [var -> T_IDENTIFIERT_LEFT_SQUAREexpressionT_RIGHT_SQUARE]
State 474, Symbol T_BITXOR: R [var -> T_IDENTIFIERT_LEFT_SQUAREexpressionT_RIGHT_SQUARE]
State 474, Symbol T_DECREMENT: R [var -> T_IDENTIFIERT_LEFT_SQUAREexpressionT_RIGHT_SQUARE]
State 474, Symbol T_DIVIDE: R [var -> T_IDENTIFIERT_LEFT_SQUAREexpressionT_RIGHT_SQUARE]
State 474, Symbol T_EQUAL: R [var -> T_IDENTIFIERT_LEFT_SQUAREexpressionT_RIGHT_SQUARE]
State 474, Symbol T_GREATER: R [var -> T_IDENTIFIERT_LEFT_SQUAREexpressionT_RIGHT_SQUARE]
State 474, Symbol T_GREATEREQUAL: R [var -> T_IDENTIFIERT_LEFT_SQUAREexpressionT_RIGHT_SQUARE]
State 474, Symbol T_INCREMENT: R [var -> T_IDENTIFIERT_LEFT_SQUAREexpressionT_RIGHT_SQUARE]
State 474, Symbol T_LEFTSHIFT: R [var -> T_IDENTIFIERT_LEFT_SQUAREexpressionT_RIGHT_SQUARE]
State 474, Symbol T_LESS: R [var -> T_IDENTIFIERT_LEFT_SQUAREexpressionT_RIGHT_SQUARE]
State 474, Symbol T_LESSEQUAL: R [var -> T_IDENTIFIERT_LEFT_SQUAREexpressionT_RIGHT_SQUARE]
State 474, Symbol T_MINUS: R [var -> T_IDENTIFIERT_LEFT_SQUAREexpressionT_RIGHT_SQUARE]
State 474, Symbol T_MOD: R [var -> T_IDENTIFIERT_LEFT_SQUAREexpressionT_RIGHT_SQUARE]
State 474, Symbol T_MULTIPLY: R [var -> T_IDENTIFIERT_LEFT_SQUAREexpressionT_RIGHT_SQUARE]
State 474, Symbol T_PLUS: R [var -> T_IDENTIFIERT_LEFT_SQUAREexpressionT_RIGHT_SQUARE]
State 474, Symbol T_RIGHTSHIFT: R [var -> T_IDENTIFIERT_LEFT_SQUAREexpressionT_RIGHT_SQUARE]
State 474, Symbol T_RIGHT_PAREN: R [var -> T_IDENTIFIERT_LEFT_SQUAREexpressionT_RIGHT_SQUARE]
State 475, Symbol T_BITAND: R [call -> T_IDENTIFIERT_LEFT_PARENargsT_RIGHT_PAREN]
State 475, Symbol T_BITOR: R [call -> T_IDENTIFIERT_LEFT_PARENargsT_RIGHT_PAREN]
State 475, Symbol T_BITXOR: R [call -> T_IDENTIFIERT_LEFT_PARENargsT_RIGHT_PAREN]
State 475, Symbol T_DIVIDE: R [call -> T_IDENTIFIERT_LEFT_PARENargsT_RIGHT_PAREN]
State 475, Symbol T_LEFTSHIFT: R [call -> T_IDENTIFIERT_LEFT_PARENargsT_RIGHT_PAREN]
State 475, Symbol T_MINUS: R [call -> T_IDENTIFIERT_LEFT_PARENargsT_RIGHT_PAREN]
State 475, Symbol T_MOD: R [call -> T_IDENTIFIERT_LEFT_PARENargsT_RIGHT_PAREN]
State 475, Symbol T_MULTIPLY: R [call -> T_IDENTIFIERT_LEFT_PARENargsT_RIGHT_PAREN]
State 475, Symbol T_PLUS: R [call -> T_IDENTIFIERT_LEFT_PARENargsT_RIGHT_PAREN]
State 475, Symbol T_RIGHTSHIFT: R [call -> T_IDENTIFIERT_LEFT_PARENargsT_RIGHT_PAREN]
State 475, Symbol T_RIGHT_PAREN: R [call -> T_IDENTIFIERT_LEFT_PARENargsT_RIGHT_PAREN]
State 476, Symbol T_BITAND: R [var -> T_IDENTIFIERT_LEFT_SQUAREexpressionT_RIGHT_SQUARE]
State 476, Symbol T_BITOR: R [var -> T_IDENTIFIERT_LEFT_SQUAREexpressionT_RIGHT_SQUARE]
State 476, Symbol T_BITXOR: R [var -> T_IDENTIFIERT_LEFT_SQUAREexpressionT_RIGHT_SQUARE]
State 476, Symbol T_DECREMENT: R [var -> T_IDENTIFIERT_LEFT_SQUAREexpressionT_RIGHT_SQUARE]
State 476, Symbol T_DIVIDE: R [var -> T_IDENTIFIERT_LEFT_SQUAREexpressionT_RIGHT_SQUARE]
State 476, Symbol T_INCREMENT: R [var -> T_IDENTIFIERT_LEFT_SQUAREexpressionT_RIGHT_SQUARE]
State 476, Symbol T_LEFTSHIFT: R [var -> T_IDENTIFIERT_LEFT_SQUAREexpressionT_RIGHT_SQUARE]
State 476, Symbol T_MINUS: R [var -> T_IDENTIFIERT_LEFT_SQUAREexpressionT_RIGHT_SQUARE]
State 476, Symbol T_MOD: R [var -> T_IDENTIFIERT_LEFT_SQUAREexpressionT_RIGHT_SQUARE]
State 476, Symbol T_MULTIPLY: R [var -> T_IDENTIFIERT_LEFT_SQUAREexpressionT_RIGHT_SQUARE]
State 476, Symbol T_PLUS: R [var -> T_IDENTIFIERT_LEFT_SQUAREexpressionT_RIGHT_SQUARE]
State 476, Symbol T_RIGHTSHIFT: R [var -> T_IDENTIFIERT_LEFT_SQUAREexpressionT_RIGHT_SQUARE]
State 476, Symbol T_RIGHT_PAREN: R [var -> T_IDENTIFIERT_LEFT_SQUAREexpressionT_RIGHT_SQUARE]
State 477, Symbol T_RIGHT_SQUARE: S 499
State 478, Symbol T_BITAND: R [var -> T_IDENTIFIERT_LEFT_SQUAREexpressionT_RIGHT_SQUARE]
State 478, Symbol T_BITOR: R [var -> T_IDENTIFIERT_LEFT_SQUAREexpressionT_RIGHT_SQUARE]
State 478, Symbol T_BITXOR: R [var -> T_IDENTIFIERT_LEFT_SQUAREexpressionT_RIGHT_SQUARE]
State 478, Symbol T_DIVIDE: R [var -> T_IDENTIFIERT_LEFT_SQUAREexpressionT_RIGHT_SQUARE]
State 478, Symbol T_LEFTSHIFT: R [var -> T_IDENTIFIERT_LEFT_SQUAREexpressionT_RIGHT_SQUARE]
State 478, Symbol T_MINUS: R [var -> T_IDENTIFIERT_LEFT_SQUAREexpressionT_RIGHT_SQUARE]
State 478, Symbol T_MOD: R [var -> T_IDENTIFIERT_LEFT_SQUAREexpressionT_RIGHT_SQUARE]
State 478, Symbol T_MULTIPLY: R [var -> T_IDENTIFIERT_LEFT_SQUAREexpressionT_RIGHT_SQUARE]
State 478, Symbol T_PLUS: R [var -> T_IDENTIFIERT_LEFT_SQUAREexpressionT_RIGHT_SQUARE]
State 478, Symbol T_RIGHTSHIFT: R [var -> T_IDENTIFIERT_LEFT_SQUAREexpressionT_RIGHT_SQUARE]
State 478, Symbol T_SEMICOLON: R [var -> T_IDENTIFIERT_LEFT_SQUAREexpressionT_RIGHT_SQUARE]
State 479, Symbol T_BITNOT: S 30
State 479, Symbol T_CHAR: S 1
State 479, Symbol T_CHAR_LITERAL: S 31
State 479, Symbol T_DECREMENT: S 37
State 479, Symbol T_FLOAT: S 2
State 479, Symbol T_FLOAT_LITERAL: S 32
State 479, Symbol T_FOR: S 105
State 479, Symbol T_IDENTIFIER: S 29
State 479, Symbol T_IF: S 108
State 479, Symbol T_INCREMENT: S 38
State 479, Symbol T_INT: S 3
State 479, Symbol T_INTEGER_LITERAL: S 33
State 479, Symbol T_LEFT_BRACE: S 103
State 479, Symbol T_LEFT_PAREN: S 34
State 479, Symbol T_NOT: S 35
State 479, Symbol T_RETURN: S 107
State 479, Symbol T_STRING_LITERAL: S 36
State 479, Symbol T_VOID: S 4
State 479, Symbol T_WHILE: S 106
State 480, Symbol T_BITNOT: R [compound_stmt -> T_LEFT_BRACET_RIGHT_BRACE]
State 480, Symbol T_CHAR: R [compound_stmt -> T_LEFT_BRACET_RIGHT_BRACE]
State 480, Symbol T_CHAR_LITERAL: R [compound_stmt -> T_LEFT_BRACET_RIGHT_BRACE]
State 480, Symbol T_DECREMENT: R [compound_stmt -> T_LEFT_BRACET_RIGHT_BRACE]
State 480, Symbol T_ELSE: R [compound_stmt -> T_LEFT_BRACET_RIGHT_BRACE]
State 480, Symbol T_FLOAT: R [compound_stmt -> T_LEFT_BRACET_RIGHT_BRACE]
State 480, Symbol T_FLOAT_LITERAL: R [compound_stmt -> T_LEFT_BRACET_RIGHT_BRACE]
State 480, Symbol T_FOR: R [compound_stmt -> T_LEFT_BRACET_RIGHT_BRACE]
State 480, Symbol T_IDENTIFIER: R [compound_stmt -> T_LEFT_BRACET_RIGHT_BRACE]
State 480, Symbol T_IF: R [compound_stmt -> T_LEFT_BRACET_RIGHT_BRACE]
State 480, Symbol T_INCREMENT: R [compound_stmt -> T_LEFT_BRACET_RIGHT_BRACE]
State 480, Symbol T_INT: R [compound_stmt -> T_LEFT_BRACET_RIGHT_BRACE]
State 480, Symbol T_INTEGER_LITERAL: R [compound_stmt -> T_LEFT_BRACET_RIGHT_BRACE]
State 480, Symbol T_LEFT_BRACE: R [compound_stmt -> T_LEFT_BRACET_RIGHT_BRACE]
State 480, Symbol T_LEFT_PAREN: R [compound_stmt -> T_LEFT_BRACET_RIGHT_BRACE]
State 480, Symbol T_NOT: R [compound_stmt -> T_LEFT_BRACET_RIGHT_BRACE]
State 480, Symbol T_RETURN: R [compound_stmt -> T_LEFT_BRACET_RIGHT_BRACE]
State 480, Symbol T_RIGHT_BRACE: R [compound_stmt -> T_LEFT_BRACET_RIGHT_BRACE]
State 480, Symbol T_STRING_LITERAL: R [compound_stmt -> T_LEFT_BRACET_RIGHT_BRACE]
State 480, Symbol T_VOID: R [compound_stmt -> T_LEFT_BRACET_RIGHT_BRACE]
State 480, Symbol T_WHILE: R [compound_stmt -> T_LEFT_BRACET_RIGHT_BRACE]
State 481, Symbol T_RIGHT_BRACE: S 501
State 482, Symbol T_BITNOT: S 30
State 482, Symbol T_CHAR_LITERAL: S 31
State 482, Symbol T_DECREMENT: S 37
State 482, Symbol T_FLOAT_LITERAL: S 32
State 482, Symbol T_IDENTIFIER: S 29
State 482, Symbol T_INCREMENT: S 38
State 482, Symbol T_INTEGER_LITERAL: S 33
State 482, Symbol T_LEFT_PAREN: S 34
State 482, Symbol T_NOT: S 35
State 482, Symbol T_SEMICOLON: S 290
State 482, Symbol T_STRING_LITERAL: S 36
State 483, Symbol T_BITNOT: S 61
State 483, Symbol T_CHAR_LITERAL: S 62
State 483, Symbol T_DECREMENT: S 37
State 483, Symbol T_FLOAT_LITERAL: S 63
State 483, Symbol T_IDENTIFIER: S 60
State 483, Symbol T_INCREMENT: S 38
State 483, Symbol T_INTEGER_LITERAL: S 64
State 483, Symbol T_LEFT_PAREN: S 65
State 483, Symbol T_NOT: S 66
State 483, Symbol T_STRING_LITERAL: S 67
State 484, Symbol T_BITNOT: R [return_stmt -> T_RETURNT_SEMICOLON]
State 484, Symbol T_CHAR: R [return_stmt -> T_RETURNT_SEMICOLON]
State 484, Symbol T_CHAR_LITERAL: R [return_stmt -> T_RETURNT_SEMICOLON]
State 484, Symbol T_DECREMENT: R [return_stmt -> T_RETURNT_SEMICOLON]
State 484, Symbol T_ELSE: R [return_stmt -> T_RETURNT_SEMICOLON]
State 484, Symbol T_FLOAT: R [return_stmt -> T_RETURNT_SEMICOLON]
State 484, Symbol T_FLOAT_LITERAL: R [return_stmt -> T_RETURNT_SEMICOLON]
State 484, Symbol T_FOR: R [return_stmt -> T_RETURNT_SEMICOLON]
State 484, Symbol T_IDENTIFIER: R [return_stmt -> T_RETURNT_SEMICOLON]
State 484, Symbol T_IF: R [return_stmt -> T_RETURNT_SEMICOLON]
State 484, Symbol T_INCREMENT: R [return_stmt -> T_RETURNT_SEMICOLON]
State 484, Symbol T_INT: R [return_stmt -> T_RETURNT_SEMICOLON]
State 484, Symbol T_INTEGER_LITERAL: R [return_stmt -> T_RETURNT_SEMICOLON]
State 484, Symbol T_LEFT_BRACE: R [return_stmt -> T_RETURNT_SEMICOLON]
State 484, Symbol T_LEFT_PAREN: R [return_stmt -> T_RETURNT_SEMICOLON]
State 484, Symbol T_NOT: R [return_stmt -> T_RETURNT_SEMICOLON]
State 484, Symbol T_RETURN: R [return_stmt -> T_RETURNT_SEMICOLON]
State 484, Symbol T_RIGHT_BRACE: R [return_stmt -> T_RETURNT_SEMICOLON]
State 484, Symbol T_STRING_LITERAL: R [return_stmt -> T_RETURNT_SEMICOLON]
State 484, Symbol T_VOID: R [return_stmt -> T_RETURNT_SEMICOLON]
State 484, Symbol T_WHILE: R [return_stmt -> T_RETURNT_SEMICOLON]
State 485, Symbol T_SEMICOLON: S 504
State 486, Symbol T_BITNOT: S 61
State 486, Symbol T_CHAR_LITERAL: S 62
State 486, Symbol T_DECREMENT: S 37
State 486, Symbol T_FLOAT_LITERAL: S 63
State 486, Symbol T_IDENTIFIER: S 60
State 486, Symbol T_INCREMENT: S 38
State 486, Symbol T_INTEGER_LITERAL: S 64
State 486, Symbol T_LEFT_PAREN: S 65
State 486, Symbol T_NOT: S 66
State 486, Symbol T_STRING_LITERAL: S 67
State 487, Symbol T_BITNOT: R [expression_stmt -> expressionT_SEMICOLON]
State 487, Symbol T_CHAR: R [expression_stmt -> expressionT_SEMICOLON]
State 487, Symbol T_CHAR_LITERAL: R [expression_stmt -> expressionT_SEMICOLON]
State 487, Symbol T_DECREMENT: R [expression_stmt -> expressionT_SEMICOLON]
State 487, Symbol T_ELSE: R [expression_stmt -> expressionT_SEMICOLON]
State 487, Symbol T_FLOAT: R [expression_stmt -> expressionT_SEMICOLON]
State 487, Symbol T_FLOAT_LITERAL: R [expression_stmt -> expressionT_SEMICOLON]
State 487, Symbol T_FOR: R [expression_stmt -> expressionT_SEMICOLON]
State 487, Symbol T_IDENTIFIER: R [expression_stmt -> expressionT_SEMICOLON]
State 487, Symbol T_IF: R [expression_stmt -> expressionT_SEMICOLON]
State 487, Symbol T_INCREMENT: R [expression_stmt -> expressionT_SEMICOLON]
State 487, Symbol T_INT: R [expression_stmt -> expressionT_SEMICOLON]
State 487, Symbol T_INTEGER_LITERAL: R [expression_stmt -> expressionT_SEMICOLON]
State 487, Symbol T_LEFT_BRACE: R [expression_stmt -> expressionT_SEMICOLON]
State 487, Symbol T_LEFT_PAREN: R [expression_stmt -> expressionT_SEMICOLON]
State 487, Symbol T_NOT: R [expression_stmt -> expressionT_SEMICOLON]
State 487, Symbol T_RETURN: R [expression_stmt -> expressionT_SEMICOLON]
State 487, Symbol T_RIGHT_BRACE: R [expression_stmt -> expressionT_SEMICOLON]
State 487, Symbol T_STRING_LITERAL: R [expression_stmt -> expressionT_SEMICOLON]
State 487, Symbol T_VOID: R [expression_stmt -> expressionT_SEMICOLON]
State 487, Symbol T_WHILE: R [expression_stmt -> expressionT_SEMICOLON]
State 488, Symbol T_BITNOT: S 30
State 488, Symbol T_CHAR: S 1
State 488, Symbol T_CHAR_LITERAL: S 31
State 488, Symbol T_DECREMENT: S 37
State 488, Symbol T_FLOAT: S 2
State 488, Symbol T_FLOAT_LITERAL: S 32
State 488, Symbol T_FOR: S 105
State 488, Symbol T_IDENTIFIER: S 29
State 488, Symbol T_IF: S 108
State 488, Symbol T_INCREMENT: S 38
State 488, Symbol T_INT: S 3
State 488, Symbol T_INTEGER_LITERAL: S 33
State 488, Symbol T_LEFT_BRACE: S 103
State 488, Symbol T_LEFT_PAREN: S 34
State 488, Symbol T_NOT: S 35
State 488, Symbol T_RETURN: S 107
State 488, Symbol T_STRING_LITERAL: S 36
State 488, Symbol T_VOID: S 4
State 488, Symbol T_WHILE: S 106
State 489, Symbol T_ASSIGN: S 19
State 489, Symbol T_LEFT_SQUARE: S 507
State 489, Symbol T_SEMICOLON: S 508
State 490, Symbol T_BITNOT: R [var_declaration -> type_specifierT_IDENTIFIERT_LEFT_SQUARET_INTEGER_LITERALT_RIGHT_SQUARET_SEMICOLON]
State 490, Symbol T_CHAR: R [var_declaration -> type_specifierT_IDENTIFIERT_LEFT_SQUARET_INTEGER_LITERALT_RIGHT_SQUARET_SEMICOLON]
State 490, Symbol T_CHAR_LITERAL: R [var_declaration -> type_specifierT_IDENTIFIERT_LEFT_SQUARET_INTEGER_LITERALT_RIGHT_SQUARET_SEMICOLON]
State 490, Symbol T_DECREMENT: R [var_declaration -> type_specifierT_IDENTIFIERT_LEFT_SQUARET_INTEGER_LITERALT_RIGHT_SQUARET_SEMICOLON]
State 490, Symbol T_FLOAT: R [var_declaration -> type_specifierT_IDENTIFIERT_LEFT_SQUARET_INTEGER_LITERALT_RIGHT_SQUARET_SEMICOLON]
State 490, Symbol T_FLOAT_LITERAL: R [var_declaration -> type_specifierT_IDENTIFIERT_LEFT_SQUARET_INTEGER_LITERALT_RIGHT_SQUARET_SEMICOLON]
State 490, Symbol T_FOR: R [var_declaration -> type_specifierT_IDENTIFIERT_LEFT_SQUARET_INTEGER_LITERALT_RIGHT_SQUARET_SEMICOLON]
State 490, Symbol T_IDENTIFIER: R [var_declaration -> type_specifierT_IDENTIFIERT_LEFT_SQUARET_INTEGER_LITERALT_RIGHT_SQUARET_SEMICOLON]
State 490, Symbol T_IF: R [var_declaration -> type_specifierT_IDENTIFIERT_LEFT_SQUARET_INTEGER_LITERALT_RIGHT_SQUARET_SEMICOLON]
State 490, Symbol T_INCREMENT: R [var_declaration -> type_specifierT_IDENTIFIERT_LEFT_SQUARET_INTEGER_LITERALT_RIGHT_SQUARET_SEMICOLON]
State 490, Symbol T_INT: R [var_declaration -> type_specifierT_IDENTIFIERT_LEFT_SQUARET_INTEGER_LITERALT_RIGHT_SQUARET_SEMICOLON]
State 490, Symbol T_INTEGER_LITERAL: R [var_declaration -> type_specifierT_IDENTIFIERT_LEFT_SQUARET_INTEGER_LITERALT_RIGHT_SQUARET_SEMICOLON]
State 490, Symbol T_LEFT_BRACE: R [var_declaration -> type_specifierT_IDENTIFIERT_LEFT_SQUARET_INTEGER_LITERALT_RIGHT_SQUARET_SEMICOLON]
State 490, Symbol T_LEFT_PAREN: R [var_declaration -> type_specifierT_IDENTIFIERT_LEFT_SQUARET_INTEGER_LITERALT_RIGHT_SQUARET_SEMICOLON]
State 490, Symbol T_NOT: R [var_declaration -> type_specifierT_IDENTIFIERT_LEFT_SQUARET_INTEGER_LITERALT_RIGHT_SQUARET_SEMICOLON]
State 490, Symbol T_RETURN: R [var_declaration -> type_specifierT_IDENTIFIERT_LEFT_SQUARET_INTEGER_LITERALT_RIGHT_SQUARET_SEMICOLON]
State 490, Symbol T_RIGHT_BRACE: R [var_declaration -> type_specifierT_IDENTIFIERT_LEFT_SQUARET_INTEGER_LITERALT_RIGHT_SQUARET_SEMICOLON]
State 490, Symbol T_STRING_LITERAL: R [var_declaration -> type_specifierT_IDENTIFIERT_LEFT_SQUARET_INTEGER_LITERALT_RIGHT_SQUARET_SEMICOLON]
State 490, Symbol T_VOID: R [var_declaration -> type_specifierT_IDENTIFIERT_LEFT_SQUARET_INTEGER_LITERALT_RIGHT_SQUARET_SEMICOLON]
State 490, Symbol T_WHILE: R [var_declaration -> type_specifierT_IDENTIFIERT_LEFT_SQUARET_INTEGER_LITERALT_RIGHT_SQUARET_SEMICOLON]
State 491, Symbol T_BITAND: R [var -> T_IDENTIFIERT_LEFT_SQUAREexpressionT_RIGHT_SQUARE]
State 491, Symbol T_BITOR: R [var -> T_IDENTIFIERT_LEFT_SQUAREexpressionT_RIGHT_SQUARE]
State 491, Symbol T_BITXOR: R [var -> T_IDENTIFIERT_LEFT_SQUAREexpressionT_RIGHT_SQUARE]
State 491, Symbol T_COMMA: R [var -> T_IDENTIFIERT_LEFT_SQUAREexpressionT_RIGHT_SQUARE]
State 491, Symbol T_DECREMENT: R [var -> T_IDENTIFIERT_LEFT_SQUAREexpressionT_RIGHT_SQUARE]
State 491, Symbol T_DIVIDE: R [var -> T_IDENTIFIERT_LEFT_SQUAREexpressionT_RIGHT_SQUARE]
State 491, Symbol T_EQUAL: R [var -> T_IDENTIFIERT_LEFT_SQUAREexpressionT_RIGHT_SQUARE]
State 491, Symbol T_GREATER: R [var -> T_IDENTIFIERT_LEFT_SQUAREexpressionT_RIGHT_SQUARE]
State 491, Symbol T_GREATEREQUAL: R [var -> T_IDENTIFIERT_LEFT_SQUAREexpressionT_RIGHT_SQUARE]
State 491, Symbol T_INCREMENT: R [var -> T_IDENTIFIERT_LEFT_SQUAREexpressionT_RIGHT_SQUARE]
State 491, Symbol T_LEFTSHIFT: R [var -> T_IDENTIFIERT_LEFT_SQUAREexpressionT_RIGHT_SQUARE]
State 491, Symbol T_LESS: R [var -> T_IDENTIFIERT_LEFT_SQUAREexpressionT_RIGHT_SQUARE]
State 491, Symbol T_LESSEQUAL: R [var -> T_IDENTIFIERT_LEFT_SQUAREexpressionT_RIGHT_SQUARE]
State 491, Symbol T_MINUS: R [var -> T_IDENTIFIERT_LEFT_SQUAREexpressionT_RIGHT_SQUARE]
State 491, Symbol T_MOD: R [var -> T_IDENTIFIERT_LEFT_SQUAREexpressionT_RIGHT_SQUARE]
State 491, Symbol T_MULTIPLY: R [var -> T_IDENTIFIERT_LEFT_SQUAREexpressionT_RIGHT_SQUARE]
State 491, Symbol T_PLUS: R [var -> T_IDENTIFIERT_LEFT_SQUAREexpressionT_RIGHT_SQUARE]
State 491, Symbol T_RIGHTSHIFT: R [var -> T_IDENTIFIERT_LEFT_SQUAREexpressionT_RIGHT_SQUARE]
State 491, Symbol T_RIGHT_PAREN: R [var -> T_IDENTIFIERT_LEFT_SQUAREexpressionT_RIGHT_SQUARE]
State 492, Symbol T_BITAND: R [call -> T_IDENTIFIERT_LEFT_PARENargsT_RIGHT_PAREN]
State 492, Symbol T_BITOR: R [call -> T_IDENTIFIERT_LEFT_PARENargsT_RIGHT_PAREN]
State 492, Symbol T_BITXOR: R [call -> T_IDENTIFIERT_LEFT_PARENargsT_RIGHT_PAREN]
State 492, Symbol T_COMMA: R [call -> T_IDENTIFIERT_LEFT_PARENargsT_RIGHT_PAREN]
State 492, Symbol T_DIVIDE: R [call -> T_IDENTIFIERT_LEFT_PARENargsT_RIGHT_PAREN]
State 492, Symbol T_LEFTSHIFT: R [call -> T_IDENTIFIERT_LEFT_PARENargsT_RIGHT_PAREN]
State 492, Symbol T_MINUS: R [call -> T_IDENTIFIERT_LEFT_PARENargsT_RIGHT_PAREN]
State 492, Symbol T_MOD: R [call -> T_IDENTIFIERT_LEFT_PARENargsT_RIGHT_PAREN]
State 492, Symbol T_MULTIPLY: R [call -> T_IDENTIFIERT_LEFT_PARENargsT_RIGHT_PAREN]
State 492, Symbol T_PLUS: R [call -> T_IDENTIFIERT_LEFT_PARENargsT_RIGHT_PAREN]
State 492, Symbol T_RIGHTSHIFT: R [call -> T_IDENTIFIERT_LEFT_PARENargsT_RIGHT_PAREN]
State 492, Symbol T_RIGHT_PAREN: R [call -> T_IDENTIFIERT_LEFT_PARENargsT_RIGHT_PAREN]
State 493, Symbol T_BITAND: R [var -> T_IDENTIFIERT_LEFT_SQUAREexpressionT_RIGHT_SQUARE]
State 493, Symbol T_BITOR: R [var -> T_IDENTIFIERT_LEFT_SQUAREexpressionT_RIGHT_SQUARE]
State 493, Symbol T_BITXOR: R [var -> T_IDENTIFIERT_LEFT_SQUAREexpressionT_RIGHT_SQUARE]
State 493, Symbol T_COMMA: R [var -> T_IDENTIFIERT_LEFT_SQUAREexpressionT_RIGHT_SQUARE]
State 493, Symbol T_DECREMENT: R [var -> T_IDENTIFIERT_LEFT_SQUAREexpressionT_RIGHT_SQUARE]
State 493, Symbol T_DIVIDE: R [var -> T_IDENTIFIERT_LEFT_SQUAREexpressionT_RIGHT_SQUARE]
State 493, Symbol T_INCREMENT: R [var -> T_IDENTIFIERT_LEFT_SQUAREexpressionT_RIGHT_SQUARE]
State 493, Symbol T_LEFTSHIFT: R [var -> T_IDENTIFIERT_LEFT_SQUAREexpressionT_RIGHT_SQUARE]
State 493, Symbol T_MINUS: R [var -> T_IDENTIFIERT_LEFT_SQUAREexpressionT_RIGHT_SQUARE]
State 493, Symbol T_MOD: R [var -> T_IDENTIFIERT_LEFT_SQUAREexpressionT_RIGHT_SQUARE]
State 493, Symbol T_MULTIPLY: R [var -> T_IDENTIFIERT_LEFT_SQUAREexpressionT_RIGHT_SQUARE]
State 493, Symbol T_PLUS: R [var -> T_IDENTIFIERT_LEFT_SQUAREexpressionT_RIGHT_SQUARE]
State 493, Symbol T_RIGHTSHIFT: R [var -> T_IDENTIFIERT_LEFT_SQUAREexpressionT_RIGHT_SQUARE]
State 493, Symbol T_RIGHT_PAREN: R [var -> T_IDENTIFIERT_LEFT_SQUAREexpressionT_RIGHT_SQUARE]
State 494, Symbol T_RIGHT_SQUARE: S 510
State 495, Symbol T_BITAND: R [var -> T_IDENTIFIERT_LEFT_SQUAREexpressionT_RIGHT_SQUARE]
State 495, Symbol T_BITOR: R [var -> T_IDENTIFIERT_LEFT_SQUAREexpressionT_RIGHT_SQUARE]
State 495, Symbol T_BITXOR: R [var -> T_IDENTIFIERT_LEFT_SQUAREexpressionT_RIGHT_SQUARE]
State 495, Symbol T_DECREMENT: R [var -> T_IDENTIFIERT_LEFT_SQUAREexpressionT_RIGHT_SQUARE]
State 495, Symbol T_DIVIDE: R [var -> T_IDENTIFIERT_LEFT_SQUAREexpressionT_RIGHT_SQUARE]
State 495, Symbol T_EQUAL: R [var -> T_IDENTIFIERT_LEFT_SQUAREexpressionT_RIGHT_SQUARE]
State 495, Symbol T_GREATER: R [var -> T_IDENTIFIERT_LEFT_SQUAREexpressionT_RIGHT_SQUARE]
State 495, Symbol T_GREATEREQUAL: R [var -> T_IDENTIFIERT_LEFT_SQUAREexpressionT_RIGHT_SQUARE]
State 495, Symbol T_INCREMENT: R [var -> T_IDENTIFIERT_LEFT_SQUAREexpressionT_RIGHT_SQUARE]
State 495, Symbol T_LEFTSHIFT: R [var -> T_IDENTIFIERT_LEFT_SQUAREexpressionT_RIGHT_SQUARE]
State 495, Symbol T_LESS: R [var -> T_IDENTIFIERT_LEFT_SQUAREexpressionT_RIGHT_SQUARE]
State 495, Symbol T_LESSEQUAL: R [var -> T_IDENTIFIERT_LEFT_SQUAREexpressionT_RIGHT_SQUARE]
State 495, Symbol T_MINUS: R [var -> T_IDENTIFIERT_LEFT_SQUAREexpressionT_RIGHT_SQUARE]
State 495, Symbol T_MOD: R [var -> T_IDENTIFIERT_LEFT_SQUAREexpressionT_RIGHT_SQUARE]
State 495, Symbol T_MULTIPLY: R [var -> T_IDENTIFIERT_LEFT_SQUAREexpressionT_RIGHT_SQUARE]
State 495, Symbol T_PLUS: R [var -> T_IDENTIFIERT_LEFT_SQUAREexpressionT_RIGHT_SQUARE]
State 495, Symbol T_RIGHTSHIFT: R [var -> T_IDENTIFIERT_LEFT_SQUAREexpressionT_RIGHT_SQUARE]
State 495, Symbol T_RIGHT_SQUARE: R [var -> T_IDENTIFIERT_LEFT_SQUAREexpressionT_RIGHT_SQUARE]
State 496, Symbol T_BITAND: R [call -> T_IDENTIFIERT_LEFT_PARENargsT_RIGHT_PAREN]
State 496, Symbol T_BITOR: R [call -> T_IDENTIFIERT_LEFT_PARENargsT_RIGHT_PAREN]
State 496, Symbol T_BITXOR: R [call -> T_IDENTIFIERT_LEFT_PARENargsT_RIGHT_PAREN]
State 496, Symbol T_DIVIDE: R [call -> T_IDENTIFIERT_LEFT_PARENargsT_RIGHT_PAREN]
State 496, Symbol T_LEFTSHIFT: R [call -> T_IDENTIFIERT_LEFT_PARENargsT_RIGHT_PAREN]
State 496, Symbol T_MINUS: R [call -> T_IDENTIFIERT_LEFT_PARENargsT_RIGHT_PAREN]
State 496, Symbol T_MOD: R [call -> T_IDENTIFIERT_LEFT_PARENargsT_RIGHT_PAREN]
State 496, Symbol T_MULTIPLY: R [call -> T_IDENTIFIERT_LEFT_PARENargsT_RIGHT_PAREN]
State 496, Symbol T_PLUS: R [call -> T_IDENTIFIERT_LEFT_PARENargsT_RIGHT_PAREN]
State 496, Symbol T_RIGHTSHIFT: R [call -> T_IDENTIFIERT_LEFT_PARENargsT_RIGHT_PAREN]
State 496, Symbol T_RIGHT_SQUARE: R [call -> T_IDENTIFIERT_LEFT_PARENargsT_RIGHT_PAREN]
State 497, Symbol T_BITAND: R [var -> T_IDENTIFIERT_LEFT_SQUAREexpressionT_RIGHT_SQUARE]
State 497, Symbol T_BITOR: R [var -> T_IDENTIFIERT_LEFT_SQUAREexpressionT_RIGHT_SQUARE]
State 497, Symbol T_BITXOR: R [var -> T_IDENTIFIERT_LEFT_SQUAREexpressionT_RIGHT_SQUARE]
State 497, Symbol T_DECREMENT: R [var -> T_IDENTIFIERT_LEFT_SQUAREexpressionT_RIGHT_SQUARE]
State 497, Symbol T_DIVIDE: R [var -> T_IDENTIFIERT_LEFT_SQUAREexpressionT_RIGHT_SQUARE]
State 497, Symbol T_INCREMENT: R [var -> T_IDENTIFIERT_LEFT_SQUAREexpressionT_RIGHT_SQUARE]
State 497, Symbol T_LEFTSHIFT: R [var -> T_IDENTIFIERT_LEFT_SQUAREexpressionT_RIGHT_SQUARE]
State 497, Symbol T_MINUS: R [var -> T_IDENTIFIERT_LEFT_SQUAREexpressionT_RIGHT_SQUARE]
State 497, Symbol T_MOD: R [var -> T_IDENTIFIERT_LEFT_SQUAREexpressionT_RIGHT_SQUARE]
State 497, Symbol T_MULTIPLY: R [var -> T_IDENTIFIERT_LEFT_SQUAREexpressionT_RIGHT_SQUARE]
State 497, Symbol T_PLUS: R [var -> T_IDENTIFIERT_LEFT_SQUAREexpressionT_RIGHT_SQUARE]
State 497, Symbol T_RIGHTSHIFT: R [var -> T_IDENTIFIERT_LEFT_SQUAREexpressionT_RIGHT_SQUARE]
State 497, Symbol T_RIGHT_SQUARE: R [var -> T_IDENTIFIERT_LEFT_SQUAREexpressionT_RIGHT_SQUARE]
State 498, Symbol T_RIGHT_SQUARE: S 511
State 499, Symbol T_BITAND: R [var -> T_IDENTIFIERT_LEFT_SQUAREexpressionT_RIGHT_SQUARE]
State 499, Symbol T_BITOR: R [var -> T_IDENTIFIERT_LEFT_SQUAREexpressionT_RIGHT_SQUARE]
State 499, Symbol T_BITXOR: R [var -> T_IDENTIFIERT_LEFT_SQUAREexpressionT_RIGHT_SQUARE]
State 499, Symbol T_DIVIDE: R [var -> T_IDENTIFIERT_LEFT_SQUAREexpressionT_RIGHT_SQUARE]
State 499, Symbol T_LEFTSHIFT: R [var -> T_IDENTIFIERT_LEFT_SQUAREexpressionT_RIGHT_SQUARE]
State 499, Symbol T_MINUS: R [var -> T_IDENTIFIERT_LEFT_SQUAREexpressionT_RIGHT_SQUARE]
State 499, Symbol T_MOD: R [var -> T_IDENTIFIERT_LEFT_SQUAREexpressionT_RIGHT_SQUARE]
State 499, Symbol T_MULTIPLY: R [var -> T_IDENTIFIERT_LEFT_SQUAREexpressionT_RIGHT_SQUARE]
State 499, Symbol T_PLUS: R [var -> T_IDENTIFIERT_LEFT_SQUAREexpressionT_RIGHT_SQUARE]
State 499, Symbol T_RIGHTSHIFT: R [var -> T_IDENTIFIERT_LEFT_SQUAREexpressionT_RIGHT_SQUARE]
State 499, Symbol T_RIGHT_PAREN: R [var -> T_IDENTIFIERT_LEFT_SQUAREexpressionT_RIGHT_SQUARE]
State 500, Symbol T_BITNOT: R [iteration_stmt -> T_FORT_LEFT_PARENopt_expression_stmtopt_expression_stmtexpressionT_RIGHT_PARENstatement]
State 500, Symbol T_CHAR: R [iteration_stmt -> T_FORT_LEFT_PARENopt_expression_stmtopt_expression_stmtexpressionT_RIGHT_PARENstatement]
State 500, Symbol T_CHAR_LITERAL: R [iteration_stmt -> T_FORT_LEFT_PARENopt_expression_stmtopt_expression_stmtexpressionT_RIGHT_PARENstatement]
State 500, Symbol T_DECREMENT: R [iteration_stmt -> T_FORT_LEFT_PARENopt_expression_stmtopt_expression_stmtexpressionT_RIGHT_PARENstatement]
State 500, Symbol T_FLOAT: R [iteration_stmt -> T_FORT_LEFT_PARENopt_expression_stmtopt_expression_stmtexpressionT_RIGHT_PARENstatement]
State 500, Symbol T_FLOAT_LITERAL: R [iteration_stmt -> T_FORT_LEFT_PARENopt_expression_stmtopt_expression_stmtexpressionT_RIGHT_PARENstatement]
State 500, Symbol T_FOR: R [iteration_stmt -> T_FORT_LEFT_PARENopt_expression_stmtopt_expression_stmtexpressionT_RIGHT_PARENstatement]
State 500, Symbol T_IDENTIFIER: R [iteration_stmt -> T_FORT_LEFT_PARENopt_expression_stmtopt_expression_stmtexpressionT_RIGHT_PARENstatement]
State 500, Symbol T_IF: R [iteration_stmt -> T_FORT_LEFT_PARENopt_expression_stmtopt_expression_stmtexpressionT_RIGHT_PARENstatement]
State 500, Symbol T_INCREMENT: R [iteration_stmt -> T_FORT_LEFT_PARENopt_expression_stmtopt_expression_stmtexpressionT_RIGHT_PARENstatement]
State 500, Symbol T_INT: R [iteration_stmt -> T_FORT_LEFT_PARENopt_expression_stmtopt_expression_stmtexpressionT_RIGHT_PARENstatement]
State 500, Symbol T_INTEGER_LITERAL: R [iteration_stmt -> T_FORT_LEFT_PARENopt_expression_stmtopt_expression_stmtexpressionT_RIGHT_PARENstatement]
State 500, Symbol T_LEFT_BRACE: R [iteration_stmt -> T_FORT_LEFT_PARENopt_expression_stmtopt_expression_stmtexpressionT_RIGHT_PARENstatement]
State 500, Symbol T_LEFT_PAREN: R [iteration_stmt -> T_FORT_LEFT_PARENopt_expression_stmtopt_expression_stmtexpressionT_RIGHT_PARENstatement]
State 500, Symbol T_NOT: R [iteration_stmt -> T_FORT_LEFT_PARENopt_expression_stmtopt_expression_stmtexpressionT_RIGHT_PARENstatement]
State 500, Symbol T_RETURN: R [iteration_stmt -> T_FORT_LEFT_PARENopt_expression_stmtopt_expression_stmtexpressionT_RIGHT_PARENstatement]
State 500, Symbol T_RIGHT_BRACE: R [iteration_stmt -> T_FORT_LEFT_PARENopt_expression_stmtopt_expression_stmtexpressionT_RIGHT_PARENstatement]
State 500, Symbol T_STRING_LITERAL: R [iteration_stmt -> T_FORT_LEFT_PARENopt_expression_stmtopt_expression_stmtexpressionT_RIGHT_PARENstatement]
State 500, Symbol T_VOID: R [iteration_stmt -> T_FORT_LEFT_PARENopt_expression_stmtopt_expression_stmtexpressionT_RIGHT_PARENstatement]
State 500, Symbol T_WHILE: R [iteration_stmt -> T_FORT_LEFT_PARENopt_expression_stmtopt_expression_stmtexpressionT_RIGHT_PARENstatement]
State 501, Symbol T_BITNOT: R [compound_stmt -> T_LEFT_BRACEblock_itemsT_RIGHT_BRACE]
State 501, Symbol T_CHAR: R [compound_stmt -> T_LEFT_BRACEblock_itemsT_RIGHT_BRACE]
State 501, Symbol T_CHAR_LITERAL: R [compound_stmt -> T_LEFT_BRACEblock_itemsT_RIGHT_BRACE]
State 501, Symbol T_DECREMENT: R [compound_stmt -> T_LEFT_BRACEblock_itemsT_RIGHT_BRACE]
State 501, Symbol T_ELSE: R [compound_stmt -> T_LEFT_BRACEblock_itemsT_RIGHT_BRACE]
State 501, Symbol T_FLOAT: R [compound_stmt -> T_LEFT_BRACEblock_itemsT_RIGHT_BRACE]
State 501, Symbol T_FLOAT_LITERAL: R [compound_stmt -> T_LEFT_BRACEblock_itemsT_RIGHT_BRACE]
State 501, Symbol T_FOR: R [compound_stmt -> T_LEFT_BRACEblock_itemsT_RIGHT_BRACE]
State 501, Symbol T_IDENTIFIER: R [compound_stmt -> T_LEFT_BRACEblock_itemsT_RIGHT_BRACE]
State 501, Symbol T_IF: R [compound_stmt -> T_LEFT_BRACEblock_itemsT_RIGHT_BRACE]
State 501, Symbol T_INCREMENT: R [compound_stmt -> T_LEFT_BRACEblock_itemsT_RIGHT_BRACE]
State 501, Symbol T_INT: R [compound_stmt -> T_LEFT_BRACEblock_itemsT_RIGHT_BRACE]
State 501, Symbol T_INTEGER_LITERAL: R [compound_stmt -> T_LEFT_BRACEblock_itemsT_RIGHT_BRACE]
State 501, Symbol T_LEFT_BRACE: R [compound_stmt -> T_LEFT_BRACEblock_itemsT_RIGHT_BRACE]
State 501, Symbol T_LEFT_PAREN: R [compound_stmt -> T_LEFT_BRACEblock_itemsT_RIGHT_BRACE]
State 501, Symbol T_NOT: R [compound_stmt -> T_LEFT_BRACEblock_itemsT_RIGHT_BRACE]
State 501, Symbol T_RETURN: R [compound_stmt -> T_LEFT_BRACEblock_itemsT_RIGHT_BRACE]
State 501, Symbol T_RIGHT_BRACE: R [compound_stmt -> T_LEFT_BRACEblock_itemsT_RIGHT_BRACE]
State 501, Symbol T_STRING_LITERAL: R [compound_stmt -> T_LEFT_BRACEblock_itemsT_RIGHT_BRACE]
State 501, Symbol T_VOID: R [compound_stmt -> T_LEFT_BRACEblock_itemsT_RIGHT_BRACE]
State 501, Symbol T_WHILE: R [compound_stmt -> T_LEFT_BRACEblock_itemsT_RIGHT_BRACE]
State 502, Symbol T_BITNOT: S 30
State 502, Symbol T_CHAR_LITERAL: S 31
State 502, Symbol T_DECREMENT: S 37
State 502, Symbol T_FLOAT_LITERAL: S 32
State 502, Symbol T_IDENTIFIER: S 29
State 502, Symbol T_INCREMENT: S 38
State 502, Symbol T_INTEGER_LITERAL: S 33
State 502, Symbol T_LEFT_PAREN: S 34
State 502, Symbol T_NOT: S 35
State 502, Symbol T_SEMICOLON: S 381
State 502, Symbol T_STRING_LITERAL: S 36
State 503, Symbol T_RIGHT_PAREN: S 513
State 504, Symbol T_BITNOT: R [return_stmt -> T_RETURNexpressionT_SEMICOLON]
State 504, Symbol T_CHAR: R [return_stmt -> T_RETURNexpressionT_SEMICOLON]
State 504, Symbol T_CHAR_LITERAL: R [return_stmt -> T_RETURNexpressionT_SEMICOLON]
State 504, Symbol T_DECREMENT: R [return_stmt -> T_RETURNexpressionT_SEMICOLON]
State 504, Symbol T_ELSE: R [return_stmt -> T_RETURNexpressionT_SEMICOLON]
State 504, Symbol T_FLOAT: R [return_stmt -> T_RETURNexpressionT_SEMICOLON]
State 504, Symbol T_FLOAT_LITERAL: R [return_stmt -> T_RETURNexpressionT_SEMICOLON]
State 504, Symbol T_FOR: R [return_stmt -> T_RETURNexpressionT_SEMICOLON]
State 504, Symbol T_IDENTIFIER: R [return_stmt -> T_RETURNexpressionT_SEMICOLON]
State 504, Symbol T_IF: R [return_stmt -> T_RETURNexpressionT_SEMICOLON]
State 504, Symbol T_INCREMENT: R [return_stmt -> T_RETURNexpressionT_SEMICOLON]
State 504, Symbol T_INT: R [return_stmt -> T_RETURNexpressionT_SEMICOLON]
State 504, Symbol T_INTEGER_LITERAL: R [return_stmt -> T_RETURNexpressionT_SEMICOLON]
State 504, Symbol T_LEFT_BRACE: R [return_stmt -> T_RETURNexpressionT_SEMICOLON]
State 504, Symbol T_LEFT_PAREN: R [return_stmt -> T_RETURNexpressionT_SEMICOLON]
State 504, Symbol T_NOT: R [return_stmt -> T_RETURNexpressionT_SEMICOLON]
State 504, Symbol T_RETURN: R [return_stmt -> T_RETURNexpressionT_SEMICOLON]
State 504, Symbol T_RIGHT_BRACE: R [return_stmt -> T_RETURNexpressionT_SEMICOLON]
State 504, Symbol T_STRING_LITERAL: R [return_stmt -> T_RETURNexpressionT_SEMICOLON]
State 504, Symbol T_VOID: R [return_stmt -> T_RETURNexpressionT_SEMICOLON]
State 504, Symbol T_WHILE: R [return_stmt -> T_RETURNexpressionT_SEMICOLON]
State 505, Symbol T_RIGHT_PAREN: S 514
State 506, Symbol T_BITNOT: R [selection_stmt -> T_IFT_LEFT_PARENexpressionT_RIGHT_PARENstatementT_ELSEstatement]
State 506, Symbol T_CHAR: R [selection_stmt -> T_IFT_LEFT_PARENexpressionT_RIGHT_PARENstatementT_ELSEstatement]
State 506, Symbol T_CHAR_LITERAL: R [selection_stmt -> T_IFT_LEFT_PARENexpressionT_RIGHT_PARENstatementT_ELSEstatement]
State 506, Symbol T_DECREMENT: R [selection_stmt -> T_IFT_LEFT_PARENexpressionT_RIGHT_PARENstatementT_ELSEstatement]
State 506, Symbol T_FLOAT: R [selection_stmt -> T_IFT_LEFT_PARENexpressionT_RIGHT_PARENstatementT_ELSEstatement]
State 506, Symbol T_FLOAT_LITERAL: R [selection_stmt -> T_IFT_LEFT_PARENexpressionT_RIGHT_PARENstatementT_ELSEstatement]
State 506, Symbol T_FOR: R [selection_stmt -> T_IFT_LEFT_PARENexpressionT_RIGHT_PARENstatementT_ELSEstatement]
State 506, Symbol T_IDENTIFIER: R [selection_stmt -> T_IFT_LEFT_PARENexpressionT_RIGHT_PARENstatementT_ELSEstatement]
State 506, Symbol T_IF: R [selection_stmt -> T_IFT_LEFT_PARENexpressionT_RIGHT_PARENstatementT_ELSEstatement]
State 506, Symbol T_INCREMENT: R [selection_stmt -> T_IFT_LEFT_PARENexpressionT_RIGHT_PARENstatementT_ELSEstatement]
State 506, Symbol T_INT: R [selection_stmt -> T_IFT_LEFT_PARENexpressionT_RIGHT_PARENstatementT_ELSEstatement]
State 506, Symbol T_INTEGER_LITERAL: R [selection_stmt -> T_IFT_LEFT_PARENexpressionT_RIGHT_PARENstatementT_ELSEstatement]
State 506, Symbol T_LEFT_BRACE: R [selection_stmt -> T_IFT_LEFT_PARENexpressionT_RIGHT_PARENstatementT_ELSEstatement]
State 506, Symbol T_LEFT_PAREN: R [selection_stmt -> T_IFT_LEFT_PARENexpressionT_RIGHT_PARENstatementT_ELSEstatement]
State 506, Symbol T_NOT: R [selection_stmt -> T_IFT_LEFT_PARENexpressionT_RIGHT_PARENstatementT_ELSEstatement]
State 506, Symbol T_RETURN: R [selection_stmt -> T_IFT_LEFT_PARENexpressionT_RIGHT_PARENstatementT_ELSEstatement]
State 506, Symbol T_RIGHT_BRACE: R [selection_stmt -> T_IFT_LEFT_PARENexpressionT_RIGHT_PARENstatementT_ELSEstatement]
State 506, Symbol T_STRING_LITERAL: R [selection_stmt -> T_IFT_LEFT_PARENexpressionT_RIGHT_PARENstatementT_ELSEstatement]
State 506, Symbol T_VOID: R [selection_stmt -> T_IFT_LEFT_PARENexpressionT_RIGHT_PARENstatementT_ELSEstatement]
State 506, Symbol T_WHILE: R [selection_stmt -> T_IFT_LEFT_PARENexpressionT_RIGHT_PARENstatementT_ELSEstatement]
State 507, Symbol T_INTEGER_LITERAL: S 515
State 508, Symbol T_BITNOT: R [var_declaration -> type_specifierT_IDENTIFIERT_SEMICOLON]
State 508, Symbol T_CHAR: R [var_declaration -> type_specifierT_IDENTIFIERT_SEMICOLON]
State 508, Symbol T_CHAR_LITERAL: R [var_declaration -> type_specifierT_IDENTIFIERT_SEMICOLON]
State 508, Symbol T_DECREMENT: R [var_declaration -> type_specifierT_IDENTIFIERT_SEMICOLON]
State 508, Symbol T_ELSE: R [var_declaration -> type_specifierT_IDENTIFIERT_SEMICOLON]
State 508, Symbol T_FLOAT: R [var_declaration -> type_specifierT_IDENTIFIERT_SEMICOLON]
State 508, Symbol T_FLOAT_LITERAL: R [var_declaration -> type_specifierT_IDENTIFIERT_SEMICOLON]
State 508, Symbol T_FOR: R [var_declaration -> type_specifierT_IDENTIFIERT_SEMICOLON]
State 508, Symbol T_IDENTIFIER: R [var_declaration -> type_specifierT_IDENTIFIERT_SEMICOLON]
State 508, Symbol T_IF: R [var_declaration -> type_specifierT_IDENTIFIERT_SEMICOLON]
State 508, Symbol T_INCREMENT: R [var_declaration -> type_specifierT_IDENTIFIERT_SEMICOLON]
State 508, Symbol T_INT: R [var_declaration -> type_specifierT_IDENTIFIERT_SEMICOLON]
State 508, Symbol T_INTEGER_LITERAL: R [var_declaration -> type_specifierT_IDENTIFIERT_SEMICOLON]
State 508, Symbol T_LEFT_BRACE: R [var_declaration -> type_specifierT_IDENTIFIERT_SEMICOLON]
State 508, Symbol T_LEFT_PAREN: R [var_declaration -> type_specifierT_IDENTIFIERT_SEMICOLON]
State 508, Symbol T_NOT: R [var_declaration -> type_specifierT_IDENTIFIERT_SEMICOLON]
State 508, Symbol T_RETURN: R [var_declaration -> type_specifierT_IDENTIFIERT_SEMICOLON]
State 508, Symbol T_RIGHT_BRACE: R [var_declaration -> type_specifierT_IDENTIFIERT_SEMICOLON]
State 508, Symbol T_STRING_LITERAL: R [var_declaration -> type_specifierT_IDENTIFIERT_SEMICOLON]
State 508, Symbol T_VOID: R [var_declaration -> type_specifierT_IDENTIFIERT_SEMICOLON]
State 508, Symbol T_WHILE: R [var_declaration -> type_specifierT_IDENTIFIERT_SEMICOLON]
State 509, Symbol T_SEMICOLON: S 516
State 510, Symbol T_BITAND: R [var -> T_IDENTIFIERT_LEFT_SQUAREexpressionT_RIGHT_SQUARE]
State 510, Symbol T_BITOR: R [var -> T_IDENTIFIERT_LEFT_SQUAREexpressionT_RIGHT_SQUARE]
State 510, Symbol T_BITXOR: R [var -> T_IDENTIFIERT_LEFT_SQUAREexpressionT_RIGHT_SQUARE]
State 510, Symbol T_COMMA: R [var -> T_IDENTIFIERT_LEFT_SQUAREexpressionT_RIGHT_SQUARE]
State 510, Symbol T_DIVIDE: R [var -> T_IDENTIFIERT_LEFT_SQUAREexpressionT_RIGHT_SQUARE]
State 510, Symbol T_LEFTSHIFT: R [var -> T_IDENTIFIERT_LEFT_SQUAREexpressionT_RIGHT_SQUARE]
State 510, Symbol T_MINUS: R [var -> T_IDENTIFIERT_LEFT_SQUAREexpressionT_RIGHT_SQUARE]
State 510, Symbol T_MOD: R [var -> T_IDENTIFIERT_LEFT_SQUAREexpressionT_RIGHT_SQUARE]
State 510, Symbol T_MULTIPLY: R [var -> T_IDENTIFIERT_LEFT_SQUAREexpressionT_RIGHT_SQUARE]
State 510, Symbol T_PLUS: R [var -> T_IDENTIFIERT_LEFT_SQUAREexpressionT_RIGHT_SQUARE]
State 510, Symbol T_RIGHTSHIFT: R [var -> T_IDENTIFIERT_LEFT_SQUAREexpressionT_RIGHT_SQUARE]
State 510, Symbol T_RIGHT_PAREN: R [var -> T_IDENTIFIERT_LEFT_SQUAREexpressionT_RIGHT_SQUARE]
State 511, Symbol T_BITAND: R [var -> T_IDENTIFIERT_LEFT_SQUAREexpressionT_RIGHT_SQUARE]
State 511, Symbol T_BITOR: R [var -> T_IDENTIFIERT_LEFT_SQUAREexpressionT_RIGHT_SQUARE]
State 511, Symbol T_BITXOR: R [var -> T_IDENTIFIERT_LEFT_SQUAREexpressionT_RIGHT_SQUARE]
State 511, Symbol T_DIVIDE: R [var -> T_IDENTIFIERT_LEFT_SQUAREexpressionT_RIGHT_SQUARE]
State 511, Symbol T_LEFTSHIFT: R [var -> T_IDENTIFIERT_LEFT_SQUAREexpressionT_RIGHT_SQUARE]
State 511, Symbol T_MINUS: R [var -> T_IDENTIFIERT_LEFT_SQUAREexpressionT_RIGHT_SQUARE]
State 511, Symbol T_MOD: R [var -> T_IDENTIFIERT_LEFT_SQUAREexpressionT_RIGHT_SQUARE]
State 511, Symbol T_MULTIPLY: R [var -> T_IDENTIFIERT_LEFT_SQUAREexpressionT_RIGHT_SQUARE]
State 511, Symbol T_PLUS: R [var -> T_IDENTIFIERT_LEFT_SQUAREexpressionT_RIGHT_SQUARE]
State 511, Symbol T_RIGHTSHIFT: R [var -> T_IDENTIFIERT_LEFT_SQUAREexpressionT_RIGHT_SQUARE]
State 511, Symbol T_RIGHT_SQUARE: R [var -> T_IDENTIFIERT_LEFT_SQUAREexpressionT_RIGHT_SQUARE]
State 512, Symbol T_BITNOT: S 61
State 512, Symbol T_CHAR_LITERAL: S 62
State 512, Symbol T_DECREMENT: S 37
State 512, Symbol T_FLOAT_LITERAL: S 63
State 512, Symbol T_IDENTIFIER: S 60
State 512, Symbol T_INCREMENT: S 38
State 512, Symbol T_INTEGER_LITERAL: S 64
State 512, Symbol T_LEFT_PAREN: S 65
State 512, Symbol T_NOT: S 66
State 512, Symbol T_STRING_LITERAL: S 67
State 513, Symbol T_BITNOT: S 30
State 513, Symbol T_CHAR: S 1
State 513, Symbol T_CHAR_LITERAL: S 31
State 513, Symbol T_DECREMENT: S 37
State 513, Symbol T_FLOAT: S 2
State 513, Symbol T_FLOAT_LITERAL: S 32
State 513, Symbol T_FOR: S 442
State 513, Symbol T_IDENTIFIER: S 29
State 513, Symbol T_IF: S 445
State 513, Symbol T_INCREMENT: S 38
State 513, Symbol T_INT: S 3
State 513, Symbol T_INTEGER_LITERAL: S 33
State 513, Symbol T_LEFT_BRACE: S 441
State 513, Symbol T_LEFT_PAREN: S 34
State 513, Symbol T_NOT: S 35
State 513, Symbol T_RETURN: S 444
State 513, Symbol T_STRING_LITERAL: S 36
State 513, Symbol T_VOID: S 4
State 513, Symbol T_WHILE: S 443
State 514, Symbol T_BITNOT: S 30
State 514, Symbol T_CHAR: S 1
State 514, Symbol T_CHAR_LITERAL: S 31
State 514, Symbol T_DECREMENT: S 37
State 514, Symbol T_FLOAT: S 2
State 514, Symbol T_FLOAT_LITERAL: S 32
State 514, Symbol T_FOR: S 442
State 514, Symbol T_IDENTIFIER: S 29
State 514, Symbol T_IF: S 445
State 514, Symbol T_INCREMENT: S 38
State 514, Symbol T_INT: S 3
State 514, Symbol T_INTEGER_LITERAL: S 33
State 514, Symbol T_LEFT_BRACE: S 441
State 514, Symbol T_LEFT_PAREN: S 34
State 514, Symbol T_NOT: S 35
State 514, Symbol T_RETURN: S 444
State 514, Symbol T_STRING_LITERAL: S 36
State 514, Symbol T_VOID: S 4
State 514, Symbol T_WHILE: S 443
State 515, Symbol T_RIGHT_SQUARE: S 520
State 516, Symbol T_BITNOT: R [var_declaration -> type_specifierT_IDENTIFIERopt_initT_SEMICOLON]
State 516, Symbol T_CHAR: R [var_declaration -> type_specifierT_IDENTIFIERopt_initT_SEMICOLON]
State 516, Symbol T_CHAR_LITERAL: R [var_declaration -> type_specifierT_IDENTIFIERopt_initT_SEMICOLON]
State 516, Symbol T_DECREMENT: R [var_declaration -> type_specifierT_IDENTIFIERopt_initT_SEMICOLON]
State 516, Symbol T_ELSE: R [var_declaration -> type_specifierT_IDENTIFIERopt_initT_SEMICOLON]
State 516, Symbol T_FLOAT: R [var_declaration -> type_specifierT_IDENTIFIERopt_initT_SEMICOLON]
State 516, Symbol T_FLOAT_LITERAL: R [var_declaration -> type_specifierT_IDENTIFIERopt_initT_SEMICOLON]
State 516, Symbol T_FOR: R [var_declaration -> type_specifierT_IDENTIFIERopt_initT_SEMICOLON]
State 516, Symbol T_IDENTIFIER: R [var_declaration -> type_specifierT_IDENTIFIERopt_initT_SEMICOLON]
State 516, Symbol T_IF: R [var_declaration -> type_specifierT_IDENTIFIERopt_initT_SEMICOLON]
State 516, Symbol T_INCREMENT: R [var_declaration -> type_specifierT_IDENTIFIERopt_initT_SEMICOLON]
State 516, Symbol T_INT: R [var_declaration -> type_specifierT_IDENTIFIERopt_initT_SEMICOLON]
State 516, Symbol T_INTEGER_LITERAL: R [var_declaration -> type_specifierT_IDENTIFIERopt_initT_SEMICOLON]
State 516, Symbol T_LEFT_BRACE: R [var_declaration -> type_specifierT_IDENTIFIERopt_initT_SEMICOLON]
State 516, Symbol T_LEFT_PAREN: R [var_declaration -> type_specifierT_IDENTIFIERopt_initT_SEMICOLON]
State 516, Symbol T_NOT: R [var_declaration -> type_specifierT_IDENTIFIERopt_initT_SEMICOLON]
State 516, Symbol T_RETURN: R [var_declaration -> type_specifierT_IDENTIFIERopt_initT_SEMICOLON]
State 516, Symbol T_RIGHT_BRACE: R [var_declaration -> type_specifierT_IDENTIFIERopt_initT_SEMICOLON]
State 516, Symbol T_STRING_LITERAL: R [var_declaration -> type_specifierT_IDENTIFIERopt_initT_SEMICOLON]
State 516, Symbol T_VOID: R [var_declaration -> type_specifierT_IDENTIFIERopt_initT_SEMICOLON]
State 516, Symbol T_WHILE: R [var_declaration -> type_specifierT_IDENTIFIERopt_initT_SEMICOLON]
State 517, Symbol T_RIGHT_PAREN: S 521
State 518, Symbol T_BITNOT: R [iteration_stmt -> T_WHILET_LEFT_PARENexpressionT_RIGHT_PARENstatement]
State 518, Symbol T_CHAR: R [iteration_stmt -> T_WHILET_LEFT_PARENexpressionT_RIGHT_PARENstatement]
State 518, Symbol T_CHAR_LITERAL: R [iteration_stmt -> T_WHILET_LEFT_PARENexpressionT_RIGHT_PARENstatement]
State 518, Symbol T_DECREMENT: R [iteration_stmt -> T_WHILET_LEFT_PARENexpressionT_RIGHT_PARENstatement]
State 518, Symbol T_ELSE: R [iteration_stmt -> T_WHILET_LEFT_PARENexpressionT_RIGHT_PARENstatement]
State 518, Symbol T_FLOAT: R [iteration_stmt -> T_WHILET_LEFT_PARENexpressionT_RIGHT_PARENstatement]
State 518, Symbol T_FLOAT_LITERAL: R [iteration_stmt -> T_WHILET_LEFT_PARENexpressionT_RIGHT_PARENstatement]
State 518, Symbol T_FOR: R [iteration_stmt -> T_WHILET_LEFT_PARENexpressionT_RIGHT_PARENstatement]
State 518, Symbol T_IDENTIFIER: R [iteration_stmt -> T_WHILET_LEFT_PARENexpressionT_RIGHT_PARENstatement]
State 518, Symbol T_IF: R [iteration_stmt -> T_WHILET_LEFT_PARENexpressionT_RIGHT_PARENstatement]
State 518, Symbol T_INCREMENT: R [iteration_stmt -> T_WHILET_LEFT_PARENexpressionT_RIGHT_PARENstatement]
State 518, Symbol T_INT: R [iteration_stmt -> T_WHILET_LEFT_PARENexpressionT_RIGHT_PARENstatement]
State 518, Symbol T_INTEGER_LITERAL: R [iteration_stmt -> T_WHILET_LEFT_PARENexpressionT_RIGHT_PARENstatement]
State 518, Symbol T_LEFT_BRACE: R [iteration_stmt -> T_WHILET_LEFT_PARENexpressionT_RIGHT_PARENstatement]
State 518, Symbol T_LEFT_PAREN: R [iteration_stmt -> T_WHILET_LEFT_PARENexpressionT_RIGHT_PARENstatement]
State 518, Symbol T_NOT: R [iteration_stmt -> T_WHILET_LEFT_PARENexpressionT_RIGHT_PARENstatement]
State 518, Symbol T_RETURN: R [iteration_stmt -> T_WHILET_LEFT_PARENexpressionT_RIGHT_PARENstatement]
State 518, Symbol T_RIGHT_BRACE: R [iteration_stmt -> T_WHILET_LEFT_PARENexpressionT_RIGHT_PARENstatement]
State 518, Symbol T_STRING_LITERAL: R [iteration_stmt -> T_WHILET_LEFT_PARENexpressionT_RIGHT_PARENstatement]
State 518, Symbol T_VOID: R [iteration_stmt -> T_WHILET_LEFT_PARENexpressionT_RIGHT_PARENstatement]
State 518, Symbol T_WHILE: R [iteration_stmt -> T_WHILET_LEFT_PARENexpressionT_RIGHT_PARENstatement]
State 519, Symbol T_BITNOT: R [selection_stmt -> T_IFT_LEFT_PARENexpressionT_RIGHT_PARENstatement]
State 519, Symbol T_CHAR: R [selection_stmt -> T_IFT_LEFT_PARENexpressionT_RIGHT_PARENstatement]
State 519, Symbol T_CHAR_LITERAL: R [selection_stmt -> T_IFT_LEFT_PARENexpressionT_RIGHT_PARENstatement]
State 519, Symbol T_DECREMENT: R [selection_stmt -> T_IFT_LEFT_PARENexpressionT_RIGHT_PARENstatement]
State 519, Symbol T_ELSE: R [selection_stmt -> T_IFT_LEFT_PARENexpressionT_RIGHT_PARENstatement]
State 519, Symbol T_FLOAT: R [selection_stmt -> T_IFT_LEFT_PARENexpressionT_RIGHT_PARENstatement]
State 519, Symbol T_FLOAT_LITERAL: R [selection_stmt -> T_IFT_LEFT_PARENexpressionT_RIGHT_PARENstatement]
State 519, Symbol T_FOR: R [selection_stmt -> T_IFT_LEFT_PARENexpressionT_RIGHT_PARENstatement]
State 519, Symbol T_IDENTIFIER: R [selection_stmt -> T_IFT_LEFT_PARENexpressionT_RIGHT_PARENstatement]
State 519, Symbol T_IF: R [selection_stmt -> T_IFT_LEFT_PARENexpressionT_RIGHT_PARENstatement]
State 519, Symbol T_INCREMENT: R [selection_stmt -> T_IFT_LEFT_PARENexpressionT_RIGHT_PARENstatement]
State 519, Symbol T_INT: R [selection_stmt -> T_IFT_LEFT_PARENexpressionT_RIGHT_PARENstatement]
State 519, Symbol T_INTEGER_LITERAL: R [selection_stmt -> T_IFT_LEFT_PARENexpressionT_RIGHT_PARENstatement]
State 519, Symbol T_LEFT_BRACE: R [selection_stmt -> T_IFT_LEFT_PARENexpressionT_RIGHT_PARENstatement]
State 519, Symbol T_LEFT_PAREN: R [selection_stmt -> T_IFT_LEFT_PARENexpressionT_RIGHT_PARENstatement]
State 519, Symbol T_NOT: R [selection_stmt -> T_IFT_LEFT_PARENexpressionT_RIGHT_PARENstatement]
State 519, Symbol T_RETURN: R [selection_stmt -> T_IFT_LEFT_PARENexpressionT_RIGHT_PARENstatement]
State 519, Symbol T_RIGHT_BRACE: R [selection_stmt -> T_IFT_LEFT_PARENexpressionT_RIGHT_PARENstatement]
State 519, Symbol T_STRING_LITERAL: R [selection_stmt -> T_IFT_LEFT_PARENexpressionT_RIGHT_PARENstatement]
State 519, Symbol T_VOID: R [selection_stmt -> T_IFT_LEFT_PARENexpressionT_RIGHT_PARENstatement]
State 519, Symbol T_WHILE: R [selection_stmt -> T_IFT_LEFT_PARENexpressionT_RIGHT_PARENstatement]
State 520, Symbol T_SEMICOLON: S 523
State 521, Symbol T_BITNOT: S 30
State 521, Symbol T_CHAR: S 1
State 521, Symbol T_CHAR_LITERAL: S 31
State 521, Symbol T_DECREMENT: S 37
State 521, Symbol T_FLOAT: S 2
State 521, Symbol T_FLOAT_LITERAL: S 32
State 521, Symbol T_FOR: S 442
State 521, Symbol T_IDENTIFIER: S 29
State 521, Symbol T_IF: S 445
State 521, Symbol T_INCREMENT: S 38
State 521, Symbol T_INT: S 3
State 521, Symbol T_INTEGER_LITERAL: S 33
State 521, Symbol T_LEFT_BRACE: S 441
State 521, Symbol T_LEFT_PAREN: S 34
State 521, Symbol T_NOT: S 35
State 521, Symbol T_RETURN: S 444
State 521, Symbol T_STRING_LITERAL: S 36
State 521, Symbol T_VOID: S 4
State 521, Symbol T_WHILE: S 443
State 522, Symbol T_BITNOT: S 30
State 522, Symbol T_CHAR: S 1
State 522, Symbol T_CHAR_LITERAL: S 31
State 522, Symbol T_DECREMENT: S 37
State 522, Symbol T_FLOAT: S 2
State 522, Symbol T_FLOAT_LITERAL: S 32
State 522, Symbol T_FOR: S 442
State 522, Symbol T_IDENTIFIER: S 29
State 522, Symbol T_IF: S 445
State 522, Symbol T_INCREMENT: S 38
State 522, Symbol T_INT: S 3
State 522, Symbol T_INTEGER_LITERAL: S 33
State 522, Symbol T_LEFT_BRACE: S 441
State 522, Symbol T_LEFT_PAREN: S 34
State 522, Symbol T_NOT: S 35
State 522, Symbol T_RETURN: S 444
State 522, Symbol T_STRING_LITERAL: S 36
State 522, Symbol T_VOID: S 4
State 522, Symbol T_WHILE: S 443
State 523, Symbol T_BITNOT: R [var_declaration -> type_specifierT_IDENTIFIERT_LEFT_SQUARET_INTEGER_LITERALT_RIGHT_SQUARET_SEMICOLON]
State 523, Symbol T_CHAR: R [var_declaration -> type_specifierT_IDENTIFIERT_LEFT_SQUARET_INTEGER_LITERALT_RIGHT_SQUARET_SEMICOLON]
State 523, Symbol T_CHAR_LITERAL: R [var_declaration -> type_specifierT_IDENTIFIERT_LEFT_SQUARET_INTEGER_LITERALT_RIGHT_SQUARET_SEMICOLON]
State 523, Symbol T_DECREMENT: R [var_declaration -> type_specifierT_IDENTIFIERT_LEFT_SQUARET_INTEGER_LITERALT_RIGHT_SQUARET_SEMICOLON]
State 523, Symbol T_ELSE: R [var_declaration -> type_specifierT_IDENTIFIERT_LEFT_SQUARET_INTEGER_LITERALT_RIGHT_SQUARET_SEMICOLON]
State 523, Symbol T_FLOAT: R [var_declaration -> type_specifierT_IDENTIFIERT_LEFT_SQUARET_INTEGER_LITERALT_RIGHT_SQUARET_SEMICOLON]
State 523, Symbol T_FLOAT_LITERAL: R [var_declaration -> type_specifierT_IDENTIFIERT_LEFT_SQUARET_INTEGER_LITERALT_RIGHT_SQUARET_SEMICOLON]
State 523, Symbol T_FOR: R [var_declaration -> type_specifierT_IDENTIFIERT_LEFT_SQUARET_INTEGER_LITERALT_RIGHT_SQUARET_SEMICOLON]
State 523, Symbol T_IDENTIFIER: R [var_declaration -> type_specifierT_IDENTIFIERT_LEFT_SQUARET_INTEGER_LITERALT_RIGHT_SQUARET_SEMICOLON]
State 523, Symbol T_IF: R [var_declaration -> type_specifierT_IDENTIFIERT_LEFT_SQUARET_INTEGER_LITERALT_RIGHT_SQUARET_SEMICOLON]
State 523, Symbol T_INCREMENT: R [var_declaration -> type_specifierT_IDENTIFIERT_LEFT_SQUARET_INTEGER_LITERALT_RIGHT_SQUARET_SEMICOLON]
State 523, Symbol T_INT: R [var_declaration -> type_specifierT_IDENTIFIERT_LEFT_SQUARET_INTEGER_LITERALT_RIGHT_SQUARET_SEMICOLON]
State 523, Symbol T_INTEGER_LITERAL: R [var_declaration -> type_specifierT_IDENTIFIERT_LEFT_SQUARET_INTEGER_LITERALT_RIGHT_SQUARET_SEMICOLON]
State 523, Symbol T_LEFT_BRACE: R [var_declaration -> type_specifierT_IDENTIFIERT_LEFT_SQUARET_INTEGER_LITERALT_RIGHT_SQUARET_SEMICOLON]
State 523, Symbol T_LEFT_PAREN: R [var_declaration -> type_specifierT_IDENTIFIERT_LEFT_SQUARET_INTEGER_LITERALT_RIGHT_SQUARET_SEMICOLON]
State 523, Symbol T_NOT: R [var_declaration -> type_specifierT_IDENTIFIERT_LEFT_SQUARET_INTEGER_LITERALT_RIGHT_SQUARET_SEMICOLON]
State 523, Symbol T_RETURN: R [var_declaration -> type_specifierT_IDENTIFIERT_LEFT_SQUARET_INTEGER_LITERALT_RIGHT_SQUARET_SEMICOLON]
State 523, Symbol T_RIGHT_BRACE: R [var_declaration -> type_specifierT_IDENTIFIERT_LEFT_SQUARET_INTEGER_LITERALT_RIGHT_SQUARET_SEMICOLON]
State 523, Symbol T_STRING_LITERAL: R [var_declaration -> type_specifierT_IDENTIFIERT_LEFT_SQUARET_INTEGER_LITERALT_RIGHT_SQUARET_SEMICOLON]
State 523, Symbol T_VOID: R [var_declaration -> type_specifierT_IDENTIFIERT_LEFT_SQUARET_INTEGER_LITERALT_RIGHT_SQUARET_SEMICOLON]
State 523, Symbol T_WHILE: R [var_declaration -> type_specifierT_IDENTIFIERT_LEFT_SQUARET_INTEGER_LITERALT_RIGHT_SQUARET_SEMICOLON]
State 524, Symbol T_BITNOT: R [iteration_stmt -> T_FORT_LEFT_PARENopt_expression_stmtopt_expression_stmtexpressionT_RIGHT_PARENstatement]
State 524, Symbol T_CHAR: R [iteration_stmt -> T_FORT_LEFT_PARENopt_expression_stmtopt_expression_stmtexpressionT_RIGHT_PARENstatement]
State 524, Symbol T_CHAR_LITERAL: R [iteration_stmt -> T_FORT_LEFT_PARENopt_expression_stmtopt_expression_stmtexpressionT_RIGHT_PARENstatement]
State 524, Symbol T_DECREMENT: R [iteration_stmt -> T_FORT_LEFT_PARENopt_expression_stmtopt_expression_stmtexpressionT_RIGHT_PARENstatement]
State 524, Symbol T_ELSE: R [iteration_stmt -> T_FORT_LEFT_PARENopt_expression_stmtopt_expression_stmtexpressionT_RIGHT_PARENstatement]
State 524, Symbol T_FLOAT: R [iteration_stmt -> T_FORT_LEFT_PARENopt_expression_stmtopt_expression_stmtexpressionT_RIGHT_PARENstatement]
State 524, Symbol T_FLOAT_LITERAL: R [iteration_stmt -> T_FORT_LEFT_PARENopt_expression_stmtopt_expression_stmtexpressionT_RIGHT_PARENstatement]
State 524, Symbol T_FOR: R [iteration_stmt -> T_FORT_LEFT_PARENopt_expression_stmtopt_expression_stmtexpressionT_RIGHT_PARENstatement]
State 524, Symbol T_IDENTIFIER: R [iteration_stmt -> T_FORT_LEFT_PARENopt_expression_stmtopt_expression_stmtexpressionT_RIGHT_PARENstatement]
State 524, Symbol T_IF: R [iteration_stmt -> T_FORT_LEFT_PARENopt_expression_stmtopt_expression_stmtexpressionT_RIGHT_PARENstatement]
State 524, Symbol T_INCREMENT: R [iteration_stmt -> T_FORT_LEFT_PARENopt_expression_stmtopt_expression_stmtexpressionT_RIGHT_PARENstatement]
State 524, Symbol T_INT: R [iteration_stmt -> T_FORT_LEFT_PARENopt_expression_stmtopt_expression_stmtexpressionT_RIGHT_PARENstatement]
State 524, Symbol T_INTEGER_LITERAL: R [iteration_stmt -> T_FORT_LEFT_PARENopt_expression_stmtopt_expression_stmtexpressionT_RIGHT_PARENstatement]
State 524, Symbol T_LEFT_BRACE: R [iteration_stmt -> T_FORT_LEFT_PARENopt_expression_stmtopt_expression_stmtexpressionT_RIGHT_PARENstatement]
State 524, Symbol T_LEFT_PAREN: R [iteration_stmt -> T_FORT_LEFT_PARENopt_expression_stmtopt_expression_stmtexpressionT_RIGHT_PARENstatement]
State 524, Symbol T_NOT: R [iteration_stmt -> T_FORT_LEFT_PARENopt_expression_stmtopt_expression_stmtexpressionT_RIGHT_PARENstatement]
State 524, Symbol T_RETURN: R [iteration_stmt -> T_FORT_LEFT_PARENopt_expression_stmtopt_expression_stmtexpressionT_RIGHT_PARENstatement]
State 524, Symbol T_RIGHT_BRACE: R [iteration_stmt -> T_FORT_LEFT_PARENopt_expression_stmtopt_expression_stmtexpressionT_RIGHT_PARENstatement]
State 524, Symbol T_STRING_LITERAL: R [iteration_stmt -> T_FORT_LEFT_PARENopt_expression_stmtopt_expression_stmtexpressionT_RIGHT_PARENstatement]
State 524, Symbol T_VOID: R [iteration_stmt -> T_FORT_LEFT_PARENopt_expression_stmtopt_expression_stmtexpressionT_RIGHT_PARENstatement]
State 524, Symbol T_WHILE: R [iteration_stmt -> T_FORT_LEFT_PARENopt_expression_stmtopt_expression_stmtexpressionT_RIGHT_PARENstatement]
State 525, Symbol T_BITNOT: R [selection_stmt -> T_IFT_LEFT_PARENexpressionT_RIGHT_PARENstatementT_ELSEstatement]
State 525, Symbol T_CHAR: R [selection_stmt -> T_IFT_LEFT_PARENexpressionT_RIGHT_PARENstatementT_ELSEstatement]
State 525, Symbol T_CHAR_LITERAL: R [selection_stmt -> T_IFT_LEFT_PARENexpressionT_RIGHT_PARENstatementT_ELSEstatement]
State 525, Symbol T_DECREMENT: R [selection_stmt -> T_IFT_LEFT_PARENexpressionT_RIGHT_PARENstatementT_ELSEstatement]
State 525, Symbol T_ELSE: R [selection_stmt -> T_IFT_LEFT_PARENexpressionT_RIGHT_PARENstatementT_ELSEstatement]
State 525, Symbol T_FLOAT: R [selection_stmt -> T_IFT_LEFT_PARENexpressionT_RIGHT_PARENstatementT_ELSEstatement]
State 525, Symbol T_FLOAT_LITERAL: R [selection_stmt -> T_IFT_LEFT_PARENexpressionT_RIGHT_PARENstatementT_ELSEstatement]
State 525, Symbol T_FOR: R [selection_stmt -> T_IFT_LEFT_PARENexpressionT_RIGHT_PARENstatementT_ELSEstatement]
State 525, Symbol T_IDENTIFIER: R [selection_stmt -> T_IFT_LEFT_PARENexpressionT_RIGHT_PARENstatementT_ELSEstatement]
State 525, Symbol T_IF: R [selection_stmt -> T_IFT_LEFT_PARENexpressionT_RIGHT_PARENstatementT_ELSEstatement]
State 525, Symbol T_INCREMENT: R [selection_stmt -> T_IFT_LEFT_PARENexpressionT_RIGHT_PARENstatementT_ELSEstatement]
State 525, Symbol T_INT: R [selection_stmt -> T_IFT_LEFT_PARENexpressionT_RIGHT_PARENstatementT_ELSEstatement]
State 525, Symbol T_INTEGER_LITERAL: R [selection_stmt -> T_IFT_LEFT_PARENexpressionT_RIGHT_PARENstatementT_ELSEstatement]
State 525, Symbol T_LEFT_BRACE: R [selection_stmt -> T_IFT_LEFT_PARENexpressionT_RIGHT_PARENstatementT_ELSEstatement]
State 525, Symbol T_LEFT_PAREN: R [selection_stmt -> T_IFT_LEFT_PARENexpressionT_RIGHT_PARENstatementT_ELSEstatement]
State 525, Symbol T_NOT: R [selection_stmt -> T_IFT_LEFT_PARENexpressionT_RIGHT_PARENstatementT_ELSEstatement]
State 525, Symbol T_RETURN: R [selection_stmt -> T_IFT_LEFT_PARENexpressionT_RIGHT_PARENstatementT_ELSEstatement]
State 525, Symbol T_RIGHT_BRACE: R [selection_stmt -> T_IFT_LEFT_PARENexpressionT_RIGHT_PARENstatementT_ELSEstatement]
State 525, Symbol T_STRING_LITERAL: R [selection_stmt -> T_IFT_LEFT_PARENexpressionT_RIGHT_PARENstatementT_ELSEstatement]
State 525, Symbol T_VOID: R [selection_stmt -> T_IFT_LEFT_PARENexpressionT_RIGHT_PARENstatementT_ELSEstatement]
State 525, Symbol T_WHILE: R [selection_stmt -> T_IFT_LEFT_PARENexpressionT_RIGHT_PARENstatementT_ELSEstatement]

GOTO Table:
State 0, Symbol T_CONST: 13
State 0, Symbol T_DOUBLE: 11
State 0, Symbol T_LONG: 12
State 0, Symbol declaration: 8
State 0, Symbol declaration_list: 10
State 0, Symbol fun_declaration: 6
State 0, Symbol program: 5
State 0, Symbol simple_type: 14
State 0, Symbol type_specifier: 9
State 0, Symbol var_declaration: 7
State 8, Symbol T_CONST: 13
State 8, Symbol T_DOUBLE: 11
State 8, Symbol T_LONG: 12
State 8, Symbol declaration: 8
State 8, Symbol declaration_list: 15
State 8, Symbol fun_declaration: 6
State 8, Symbol simple_type: 14
State 8, Symbol type_specifier: 9
State 8, Symbol var_declaration: 7
State 13, Symbol T_DOUBLE: 11
State 13, Symbol T_LONG: 12
State 13, Symbol simple_type: 17
State 16, Symbol opt_init: 22
State 18, Symbol T_CONST: 13
State 18, Symbol T_DOUBLE: 11
State 18, Symbol T_LONG: 12
State 18, Symbol param: 27
State 18, Symbol param_list: 28
State 18, Symbol params: 25
State 18, Symbol simple_type: 14
State 18, Symbol type_specifier: 26
State 19, Symbol additive_expression: 39
State 19, Symbol call: 44
State 19, Symbol expression: 46
State 19, Symbol factor: 47
State 19, Symbol inc_dec_operator: 45
State 19, Symbol postfix_expression: 41
State 19, Symbol simple_expression: 42
State 19, Symbol term: 40
State 19, Symbol var: 43
State 23, Symbol compound_stmt: 51
State 30, Symbol call: 44
State 30, Symbol factor: 58
State 30, Symbol inc_dec_operator: 45
State 30, Symbol var: 59
State 34, Symbol additive_expression: 68
State 34, Symbol call: 74
State 34, Symbol expression: 73
State 34, Symbol factor: 76
State 34, Symbol inc_dec_operator: 75
State 34, Symbol postfix_expression: 70
State 34, Symbol simple_expression: 71
State 34, Symbol term: 69
State 34, Symbol var: 72
State 35, Symbol call: 44
State 35, Symbol factor: 77
State 35, Symbol inc_dec_operator: 45
State 35, Symbol var: 59
State 39, Symbol addop: 85
State 39, Symbol relop: 86
State 40, Symbol mulop: 95
State 43, Symbol inc_dec_operator: 99
State 45, Symbol var: 101
State 50, Symbol T_CONST: 13
State 50, Symbol T_DOUBLE: 11
State 50, Symbol T_LONG: 12
State 50, Symbol additive_expression: 39
State 50, Symbol block_items: 110
State 50, Symbol call: 44
State 50, Symbol compound_stmt: 112
State 50, Symbol expression: 111
State 50, Symbol expression_stmt: 113
State 50, Symbol factor: 47
State 50, Symbol inc_dec_operator: 45
State 50, Symbol iteration_stmt: 114
State 50, Symbol postfix_expression: 41
State 50, Symbol return_stmt: 115
State 50, Symbol selection_stmt: 116
State 50, Symbol simple_expression: 42
State 50, Symbol simple_type: 14
State 50, Symbol statement: 118
State 50, Symbol statement_list: 109
State 50, Symbol term: 40
State 50, Symbol type_specifier: 119
State 50, Symbol var: 43
State 50, Symbol var_declaration: 117
State 52, Symbol compound_stmt: 120
State 54, Symbol T_CONST: 13
State 54, Symbol T_DOUBLE: 11
State 54, Symbol T_LONG: 12
State 54, Symbol param: 122
State 54, Symbol simple_type: 14
State 54, Symbol type_specifier: 26
State 55, Symbol additive_expression: 132
State 55, Symbol arg_list: 134
State 55, Symbol args: 136
State 55, Symbol call: 140
State 55, Symbol expression: 135
State 55, Symbol factor: 142
State 55, Symbol inc_dec_operator: 141
State 55, Symbol postfix_expression: 137
State 55, Symbol simple_expression: 138
State 55, Symbol term: 133
State 55, Symbol var: 139
State 56, Symbol additive_expression: 151
State 56, Symbol call: 156
State 56, Symbol expression: 159
State 56, Symbol factor: 158
State 56, Symbol inc_dec_operator: 157
State 56, Symbol postfix_expression: 153
State 56, Symbol simple_expression: 154
State 56, Symbol term: 152
State 56, Symbol var: 155
State 61, Symbol call: 74
State 61, Symbol factor: 164
State 61, Symbol inc_dec_operator: 75
State 61, Symbol var: 165
State 65, Symbol additive_expression: 68
State 65, Symbol call: 74
State 65, Symbol expression: 166
State 65, Symbol factor: 76
State 65, Symbol inc_dec_operator: 75
State 65, Symbol postfix_expression: 70
State 65, Symbol simple_expression: 71
State 65, Symbol term: 69
State 65, Symbol var: 72
State 66, Symbol call: 74
State 66, Symbol factor: 167
State 66, Symbol inc_dec_operator: 75
State 66, Symbol var: 165
State 68, Symbol addop: 168
State 68, Symbol relop: 169
State 69, Symbol mulop: 170
State 72, Symbol inc_dec_operator: 174
State 75, Symbol var: 177
State 85, Symbol call: 44
State 85, Symbol factor: 47
State 85, Symbol inc_dec_operator: 45
State 85, Symbol postfix_expression: 181
State 85, Symbol term: 179
State 85, Symbol var: 180
State 86, Symbol additive_expression: 190
State 86, Symbol call: 192
State 86, Symbol factor: 195
State 86, Symbol inc_dec_operator: 193
State 86, Symbol postfix_expression: 196
State 86, Symbol term: 191
State 86, Symbol var: 194
State 95, Symbol call: 44
State 95, Symbol factor: 197
State 95, Symbol inc_dec_operator: 45
State 95, Symbol var: 59
State 96, Symbol additive_expression: 39
State 96, Symbol call: 44
State 96, Symbol expression: 198
State 96, Symbol factor: 47
State 96, Symbol inc_dec_operator: 45
State 96, Symbol postfix_expression: 41
State 96, Symbol simple_expression: 42
State 96, Symbol term: 40
State 96, Symbol var: 43
State 103, Symbol T_CONST: 13
State 103, Symbol T_DOUBLE: 11
State 103, Symbol T_LONG: 12
State 103, Symbol additive_expression: 39
State 103, Symbol block_items: 201
State 103, Symbol call: 44
State 103, Symbol compound_stmt: 112
State 103, Symbol expression: 111
State 103, Symbol expression_stmt: 113
State 103, Symbol factor: 47
State 103, Symbol inc_dec_operator: 45
State 103, Symbol iteration_stmt: 114
State 103, Symbol postfix_expression: 41
State 103, Symbol return_stmt: 115
State 103, Symbol selection_stmt: 116
State 103, Symbol simple_expression: 42
State 103, Symbol simple_type: 14
State 103, Symbol statement: 118
State 103, Symbol statement_list: 109
State 103, Symbol term: 40
State 103, Symbol type_specifier: 119
State 103, Symbol var: 43
State 103, Symbol var_declaration: 117
State 107, Symbol additive_expression: 39
State 107, Symbol call: 44
State 107, Symbol expression: 205
State 107, Symbol factor: 47
State 107, Symbol inc_dec_operator: 45
State 107, Symbol postfix_expression: 41
State 107, Symbol simple_expression: 42
State 107, Symbol term: 40
State 107, Symbol var: 43
State 118, Symbol T_CONST: 13
State 118, Symbol T_DOUBLE: 11
State 118, Symbol T_LONG: 12
State 118, Symbol additive_expression: 39
State 118, Symbol call: 44
State 118, Symbol compound_stmt: 112
State 118, Symbol expression: 111
State 118, Symbol expression_stmt: 113
State 118, Symbol factor: 47
State 118, Symbol inc_dec_operator: 45
State 118, Symbol iteration_stmt: 114
State 118, Symbol postfix_expression: 41
State 118, Symbol return_stmt: 115
State 118, Symbol selection_stmt: 116
State 118, Symbol simple_expression: 42
State 118, Symbol simple_type: 14
State 118, Symbol statement: 118
State 118, Symbol statement_list: 209
State 118, Symbol term: 40
State 118, Symbol type_specifier: 119
State 118, Symbol var: 43
State 118, Symbol var_declaration: 117
State 125, Symbol call: 140
State 125, Symbol factor: 215
State 125, Symbol inc_dec_operator: 141
State 125, Symbol var: 216
State 129, Symbol additive_expression: 68
State 129, Symbol call: 74
State 129, Symbol expression: 217
State 129, Symbol factor: 76
State 129, Symbol inc_dec_operator: 75
State 129, Symbol postfix_expression: 70
State 129, Symbol simple_expression: 71
State 129, Symbol term: 69
State 129, Symbol var: 72
State 130, Symbol call: 140
State 130, Symbol factor: 218
State 130, Symbol inc_dec_operator: 141
State 130, Symbol var: 216
State 132, Symbol addop: 219
State 132, Symbol relop: 220
State 133, Symbol mulop: 221
State 139, Symbol inc_dec_operator: 227
State 141, Symbol var: 229
State 144, Symbol call: 156
State 144, Symbol factor: 233
State 144, Symbol inc_dec_operator: 157
State 144, Symbol var: 234
State 148, Symbol additive_expression: 68
State 148, Symbol call: 74
State 148, Symbol expression: 235
State 148, Symbol factor: 76
State 148, Symbol inc_dec_operator: 75
State 148, Symbol postfix_expression: 70
State 148, Symbol simple_expression: 71
State 148, Symbol term: 69
State 148, Symbol var: 72
State 149, Symbol call: 156
State 149, Symbol factor: 236
State 149, Symbol inc_dec_operator: 157
State 149, Symbol var: 234
State 151, Symbol addop: 237
State 151, Symbol relop: 238
State 152, Symbol mulop: 239
State 155, Symbol inc_dec_operator: 243
State 157, Symbol var: 245
State 160, Symbol additive_expression: 151
State 160, Symbol call: 156
State 160, Symbol expression: 247
State 160, Symbol factor: 158
State 160, Symbol inc_dec_operator: 157
State 160, Symbol postfix_expression: 153
State 160, Symbol simple_expression: 154
State 160, Symbol term: 152
State 160, Symbol var: 155
State 161, Symbol additive_expression: 132
State 161, Symbol arg_list: 134
State 161, Symbol args: 249
State 161, Symbol call: 140
State 161, Symbol expression: 135
State 161, Symbol factor: 142
State 161, Symbol inc_dec_operator: 141
State 161, Symbol postfix_expression: 137
State 161, Symbol simple_expression: 138
State 161, Symbol term: 133
State 161, Symbol var: 139
State 162, Symbol additive_expression: 151
State 162, Symbol call: 156
State 162, Symbol expression: 250
State 162, Symbol factor: 158
State 162, Symbol inc_dec_operator: 157
State 162, Symbol postfix_expression: 153
State 162, Symbol simple_expression: 154
State 162, Symbol term: 152
State 162, Symbol var: 155
State 168, Symbol call: 74
State 168, Symbol factor: 76
State 168, Symbol inc_dec_operator: 75
State 168, Symbol postfix_expression: 256
State 168, Symbol term: 254
State 168, Symbol var: 255
State 169, Symbol additive_expression: 265
State 169, Symbol call: 267
State 169, Symbol factor: 270
State 169, Symbol inc_dec_operator: 268
State 169, Symbol postfix_expression: 271
State 169, Symbol term: 266
State 169, Symbol var: 269
State 170, Symbol call: 74
State 170, Symbol factor: 272
State 170, Symbol inc_dec_operator: 75
State 170, Symbol var: 165
State 171, Symbol additive_expression: 68
State 171, Symbol call: 74
State 171, Symbol expression: 273
State 171, Symbol factor: 76
State 171, Symbol inc_dec_operator: 75
State 171, Symbol postfix_expression: 70
State 171, Symbol simple_expression: 71
State 171, Symbol term: 69
State 171, Symbol var: 72
State 179, Symbol mulop: 95
State 180, Symbol inc_dec_operator: 99
State 183, Symbol call: 192
State 183, Symbol factor: 278
State 183, Symbol inc_dec_operator: 193
State 183, Symbol var: 279
State 187, Symbol additive_expression: 68
State 187, Symbol call: 74
State 187, Symbol expression: 280
State 187, Symbol factor: 76
State 187, Symbol inc_dec_operator: 75
State 187, Symbol postfix_expression: 70
State 187, Symbol simple_expression: 71
State 187, Symbol term: 69
State 187, Symbol var: 72
State 188, Symbol call: 192
State 188, Symbol factor: 281
State 188, Symbol inc_dec_operator: 193
State 188, Symbol var: 279
State 190, Symbol addop: 282
State 191, Symbol mulop: 283
State 193, Symbol var: 285
State 194, Symbol inc_dec_operator: 288
State 202, Symbol additive_expression: 39
State 202, Symbol call: 44
State 202, Symbol expression: 291
State 202, Symbol expression_stmt: 293
State 202, Symbol factor: 47
State 202, Symbol inc_dec_operator: 45
State 202, Symbol opt_expression_stmt: 292
State 202, Symbol postfix_expression: 41
State 202, Symbol simple_expression: 42
State 202, Symbol term: 40
State 202, Symbol var: 43
State 203, Symbol additive_expression: 68
State 203, Symbol call: 74
State 203, Symbol expression: 294
State 203, Symbol factor: 76
State 203, Symbol inc_dec_operator: 75
State 203, Symbol postfix_expression: 70
State 203, Symbol simple_expression: 71
State 203, Symbol term: 69
State 203, Symbol var: 72
State 206, Symbol additive_expression: 68
State 206, Symbol call: 74
State 206, Symbol expression: 296
State 206, Symbol factor: 76
State 206, Symbol inc_dec_operator: 75
State 206, Symbol postfix_expression: 70
State 206, Symbol simple_expression: 71
State 206, Symbol term: 69
State 206, Symbol var: 72
State 210, Symbol opt_init: 299
State 212, Symbol additive_expression: 132
State 212, Symbol arg_list: 134
State 212, Symbol args: 301
State 212, Symbol call: 140
State 212, Symbol expression: 135
State 212, Symbol factor: 142
State 212, Symbol inc_dec_operator: 141
State 212, Symbol postfix_expression: 137
State 212, Symbol simple_expression: 138
State 212, Symbol term: 133
State 212, Symbol var: 139
State 213, Symbol additive_expression: 151
State 213, Symbol call: 156
State 213, Symbol expression: 302
State 213, Symbol factor: 158
State 213, Symbol inc_dec_operator: 157
State 213, Symbol postfix_expression: 153
State 213, Symbol simple_expression: 154
State 213, Symbol term: 152
State 213, Symbol var: 155
State 219, Symbol call: 140
State 219, Symbol factor: 142
State 219, Symbol inc_dec_operator: 141
State 219, Symbol postfix_expression: 308
State 219, Symbol term: 306
State 219, Symbol var: 307
State 220, Symbol additive_expression: 317
State 220, Symbol call: 319
State 220, Symbol factor: 322
State 220, Symbol inc_dec_operator: 320
State 220, Symbol postfix_expression: 323
State 220, Symbol term: 318
State 220, Symbol var: 321
State 221, Symbol call: 140
State 221, Symbol factor: 324
State 221, Symbol inc_dec_operator: 141
State 221, Symbol var: 216
State 222, Symbol additive_expression: 132
State 222, Symbol call: 140
State 222, Symbol expression: 325
State 222, Symbol factor: 142
State 222, Symbol inc_dec_operator: 141
State 222, Symbol postfix_expression: 137
State 222, Symbol simple_expression: 138
State 222, Symbol term: 133
State 222, Symbol var: 139
State 224, Symbol additive_expression: 132
State 224, Symbol call: 140
State 224, Symbol expression: 326
State 224, Symbol factor: 142
State 224, Symbol inc_dec_operator: 141
State 224, Symbol postfix_expression: 137
State 224, Symbol simple_expression: 138
State 224, Symbol term: 133
State 224, Symbol var: 139
State 230, Symbol additive_expression: 132
State 230, Symbol arg_list: 134
State 230, Symbol args: 328
State 230, Symbol call: 140
State 230, Symbol expression: 135
State 230, Symbol factor: 142
State 230, Symbol inc_dec_operator: 141
State 230, Symbol postfix_expression: 137
State 230, Symbol simple_expression: 138
State 230, Symbol term: 133
State 230, Symbol var: 139
State 231, Symbol additive_expression: 151
State 231, Symbol call: 156
State 231, Symbol expression: 329
State 231, Symbol factor: 158
State 231, Symbol inc_dec_operator: 157
State 231, Symbol postfix_expression: 153
State 231, Symbol simple_expression: 154
State 231, Symbol term: 152
State 231, Symbol var: 155
State 237, Symbol call: 156
State 237, Symbol factor: 158
State 237, Symbol inc_dec_operator: 157
State 237, Symbol postfix_expression: 335
State 237, Symbol term: 333
State 237, Symbol var: 334
State 238, Symbol additive_expression: 344
State 238, Symbol call: 346
State 238, Symbol factor: 349
State 238, Symbol inc_dec_operator: 347
State 238, Symbol postfix_expression: 350
State 238, Symbol term: 345
State 238, Symbol var: 348
State 239, Symbol call: 156
State 239, Symbol factor: 351
State 239, Symbol inc_dec_operator: 157
State 239, Symbol var: 234
State 240, Symbol additive_expression: 151
State 240, Symbol call: 156
State 240, Symbol expression: 352
State 240, Symbol factor: 158
State 240, Symbol inc_dec_operator: 157
State 240, Symbol postfix_expression: 153
State 240, Symbol simple_expression: 154
State 240, Symbol term: 152
State 240, Symbol var: 155
State 251, Symbol additive_expression: 151
State 251, Symbol call: 156
State 251, Symbol expression: 356
State 251, Symbol factor: 158
State 251, Symbol inc_dec_operator: 157
State 251, Symbol postfix_expression: 153
State 251, Symbol simple_expression: 154
State 251, Symbol term: 152
State 251, Symbol var: 155
State 254, Symbol mulop: 170
State 255, Symbol inc_dec_operator: 174
State 258, Symbol call: 267
State 258, Symbol factor: 361
State 258, Symbol inc_dec_operator: 268
State 258, Symbol var: 362
State 262, Symbol additive_expression: 68
State 262, Symbol call: 74
State 262, Symbol expression: 363
State 262, Symbol factor: 76
State 262, Symbol inc_dec_operator: 75
State 262, Symbol postfix_expression: 70
State 262, Symbol simple_expression: 71
State 262, Symbol term: 69
State 262, Symbol var: 72
State 263, Symbol call: 267
State 263, Symbol factor: 364
State 263, Symbol inc_dec_operator: 268
State 263, Symbol var: 362
State 265, Symbol addop: 365
State 266, Symbol mulop: 366
State 268, Symbol var: 368
State 269, Symbol inc_dec_operator: 371
State 274, Symbol additive_expression: 151
State 274, Symbol call: 156
State 274, Symbol expression: 372
State 274, Symbol factor: 158
State 274, Symbol inc_dec_operator: 157
State 274, Symbol postfix_expression: 153
State 274, Symbol simple_expression: 154
State 274, Symbol term: 152
State 274, Symbol var: 155
State 275, Symbol additive_expression: 132
State 275, Symbol arg_list: 134
State 275, Symbol args: 374
State 275, Symbol call: 140
State 275, Symbol expression: 135
State 275, Symbol factor: 142
State 275, Symbol inc_dec_operator: 141
State 275, Symbol postfix_expression: 137
State 275, Symbol simple_expression: 138
State 275, Symbol term: 133
State 275, Symbol var: 139
State 276, Symbol additive_expression: 151
State 276, Symbol call: 156
State 276, Symbol expression: 375
State 276, Symbol factor: 158
State 276, Symbol inc_dec_operator: 157
State 276, Symbol postfix_expression: 153
State 276, Symbol simple_expression: 154
State 276, Symbol term: 152
State 276, Symbol var: 155
State 282, Symbol call: 192
State 282, Symbol factor: 195
State 282, Symbol inc_dec_operator: 193
State 282, Symbol postfix_expression: 196
State 282, Symbol term: 378
State 282, Symbol var: 194
State 283, Symbol call: 192
State 283, Symbol factor: 379
State 283, Symbol inc_dec_operator: 193
State 283, Symbol var: 279
State 292, Symbol additive_expression: 39
State 292, Symbol call: 44
State 292, Symbol expression: 382
State 292, Symbol expression_stmt: 384
State 292, Symbol factor: 47
State 292, Symbol inc_dec_operator: 45
State 292, Symbol opt_expression_stmt: 383
State 292, Symbol postfix_expression: 41
State 292, Symbol simple_expression: 42
State 292, Symbol term: 40
State 292, Symbol var: 43
State 303, Symbol additive_expression: 151
State 303, Symbol call: 156
State 303, Symbol expression: 391
State 303, Symbol factor: 158
State 303, Symbol inc_dec_operator: 157
State 303, Symbol postfix_expression: 153
State 303, Symbol simple_expression: 154
State 303, Symbol term: 152
State 303, Symbol var: 155
State 306, Symbol mulop: 221
State 307, Symbol inc_dec_operator: 227
State 310, Symbol call: 319
State 310, Symbol factor: 396
State 310, Symbol inc_dec_operator: 320
State 310, Symbol var: 397
State 314, Symbol additive_expression: 68
State 314, Symbol call: 74
State 314, Symbol expression: 398
State 314, Symbol factor: 76
State 314, Symbol inc_dec_operator: 75
State 314, Symbol postfix_expression: 70
State 314, Symbol simple_expression: 71
State 314, Symbol term: 69
State 314, Symbol var: 72
State 315, Symbol call: 319
State 315, Symbol factor: 399
State 315, Symbol inc_dec_operator: 320
State 315, Symbol var: 397
State 317, Symbol addop: 400
State 318, Symbol mulop: 401
State 320, Symbol var: 403
State 321, Symbol inc_dec_operator: 406
State 330, Symbol additive_expression: 151
State 330, Symbol call: 156
State 330, Symbol expression: 409
State 330, Symbol factor: 158
State 330, Symbol inc_dec_operator: 157
State 330, Symbol postfix_expression: 153
State 330, Symbol simple_expression: 154
State 330, Symbol term: 152
State 330, Symbol var: 155
State 333, Symbol mulop: 239
State 334, Symbol inc_dec_operator: 243
State 337, Symbol call: 346
State 337, Symbol factor: 414
State 337, Symbol inc_dec_operator: 347
State 337, Symbol var: 415
State 341, Symbol additive_expression: 68
State 341, Symbol call: 74
State 341, Symbol expression: 416
State 341, Symbol factor: 76
State 341, Symbol inc_dec_operator: 75
State 341, Symbol postfix_expression: 70
State 341, Symbol simple_expression: 71
State 341, Symbol term: 69
State 341, Symbol var: 72
State 342, Symbol call: 346
State 342, Symbol factor: 417
State 342, Symbol inc_dec_operator: 347
State 342, Symbol var: 415
State 344, Symbol addop: 418
State 345, Symbol mulop: 419
State 347, Symbol var: 421
State 348, Symbol inc_dec_operator: 424
State 357, Symbol additive_expression: 151
State 357, Symbol call: 156
State 357, Symbol expression: 426
State 357, Symbol factor: 158
State 357, Symbol inc_dec_operator: 157
State 357, Symbol postfix_expression: 153
State 357, Symbol simple_expression: 154
State 357, Symbol term: 152
State 357, Symbol var: 155
State 358, Symbol additive_expression: 132
State 358, Symbol arg_list: 134
State 358, Symbol args: 428
State 358, Symbol call: 140
State 358, Symbol expression: 135
State 358, Symbol factor: 142
State 358, Symbol inc_dec_operator: 141
State 358, Symbol postfix_expression: 137
State 358, Symbol simple_expression: 138
State 358, Symbol term: 133
State 358, Symbol var: 139
State 359, Symbol additive_expression: 151
State 359, Symbol call: 156
State 359, Symbol expression: 429
State 359, Symbol factor: 158
State 359, Symbol inc_dec_operator: 157
State 359, Symbol postfix_expression: 153
State 359, Symbol simple_expression: 154
State 359, Symbol term: 152
State 359, Symbol var: 155
State 365, Symbol call: 267
State 365, Symbol factor: 270
State 365, Symbol inc_dec_operator: 268
State 365, Symbol postfix_expression: 271
State 365, Symbol term: 432
State 365, Symbol var: 269
State 366, Symbol call: 267
State 366, Symbol factor: 433
State 366, Symbol inc_dec_operator: 268
State 366, Symbol var: 362
State 376, Symbol additive_expression: 151
State 376, Symbol call: 156
State 376, Symbol expression: 437
State 376, Symbol factor: 158
State 376, Symbol inc_dec_operator: 157
State 376, Symbol postfix_expression: 153
State 376, Symbol simple_expression: 154
State 376, Symbol term: 152
State 376, Symbol var: 155
State 378, Symbol mulop: 283
State 383, Symbol additive_expression: 68
State 383, Symbol call: 74
State 383, Symbol expression: 439
State 383, Symbol factor: 76
State 383, Symbol inc_dec_operator: 75
State 383, Symbol postfix_expression: 70
State 383, Symbol simple_expression: 71
State 383, Symbol term: 69
State 383, Symbol var: 72
State 385, Symbol T_CONST: 13
State 385, Symbol T_DOUBLE: 11
State 385, Symbol T_LONG: 12
State 385, Symbol additive_expression: 39
State 385, Symbol call: 44
State 385, Symbol compound_stmt: 112
State 385, Symbol expression: 111
State 385, Symbol expression_stmt: 113
State 385, Symbol factor: 47
State 385, Symbol inc_dec_operator: 45
State 385, Symbol iteration_stmt: 114
State 385, Symbol postfix_expression: 41
State 385, Symbol return_stmt: 115
State 385, Symbol selection_stmt: 116
State 385, Symbol simple_expression: 42
State 385, Symbol simple_type: 14
State 385, Symbol statement: 440
State 385, Symbol term: 40
State 385, Symbol type_specifier: 119
State 385, Symbol var: 43
State 385, Symbol var_declaration: 117
State 386, Symbol T_CONST: 13
State 386, Symbol T_DOUBLE: 11
State 386, Symbol T_LONG: 12
State 386, Symbol additive_expression: 39
State 386, Symbol call: 44
State 386, Symbol compound_stmt: 448
State 386, Symbol expression: 446
State 386, Symbol expression_stmt: 449
State 386, Symbol factor: 47
State 386, Symbol inc_dec_operator: 45
State 386, Symbol iteration_stmt: 450
State 386, Symbol postfix_expression: 41
State 386, Symbol return_stmt: 451
State 386, Symbol selection_stmt: 452
State 386, Symbol simple_expression: 42
State 386, Symbol simple_type: 14
State 386, Symbol statement: 447
State 386, Symbol term: 40
State 386, Symbol type_specifier: 454
State 386, Symbol var: 43
State 386, Symbol var_declaration: 453
State 392, Symbol additive_expression: 151
State 392, Symbol call: 156
State 392, Symbol expression: 457
State 392, Symbol factor: 158
State 392, Symbol inc_dec_operator: 157
State 392, Symbol postfix_expression: 153
State 392, Symbol simple_expression: 154
State 392, Symbol term: 152
State 392, Symbol var: 155
State 393, Symbol additive_expression: 132
State 393, Symbol arg_list: 134
State 393, Symbol args: 459
State 393, Symbol call: 140
State 393, Symbol expression: 135
State 393, Symbol factor: 142
State 393, Symbol inc_dec_operator: 141
State 393, Symbol postfix_expression: 137
State 393, Symbol simple_expression: 138
State 393, Symbol term: 133
State 393, Symbol var: 139
State 394, Symbol additive_expression: 151
State 394, Symbol call: 156
State 394, Symbol expression: 460
State 394, Symbol factor: 158
State 394, Symbol inc_dec_operator: 157
State 394, Symbol postfix_expression: 153
State 394, Symbol simple_expression: 154
State 394, Symbol term: 152
State 394, Symbol var: 155
State 400, Symbol call: 319
State 400, Symbol factor: 322
State 400, Symbol inc_dec_operator: 320
State 400, Symbol postfix_expression: 323
State 400, Symbol term: 463
State 400, Symbol var: 321
State 401, Symbol call: 319
State 401, Symbol factor: 464
State 401, Symbol inc_dec_operator: 320
State 401, Symbol var: 397
State 410, Symbol additive_expression: 151
State 410, Symbol call: 156
State 410, Symbol expression: 466
State 410, Symbol factor: 158
State 410, Symbol inc_dec_operator: 157
State 410, Symbol postfix_expression: 153
State 410, Symbol simple_expression: 154
State 410, Symbol term: 152
State 410, Symbol var: 155
State 411, Symbol additive_expression: 132
State 411, Symbol arg_list: 134
State 411, Symbol args: 468
State 411, Symbol call: 140
State 411, Symbol expression: 135
State 411, Symbol factor: 142
State 411, Symbol inc_dec_operator: 141
State 411, Symbol postfix_expression: 137
State 411, Symbol simple_expression: 138
State 411, Symbol term: 133
State 411, Symbol var: 139
State 412, Symbol additive_expression: 151
State 412, Symbol call: 156
State 412, Symbol expression: 469
State 412, Symbol factor: 158
State 412, Symbol inc_dec_operator: 157
State 412, Symbol postfix_expression: 153
State 412, Symbol simple_expression: 154
State 412, Symbol term: 152
State 412, Symbol var: 155
State 418, Symbol call: 346
State 418, Symbol factor: 349
State 418, Symbol inc_dec_operator: 347
State 418, Symbol postfix_expression: 350
State 418, Symbol term: 472
State 418, Symbol var: 348
State 419, Symbol call: 346
State 419, Symbol factor: 473
State 419, Symbol inc_dec_operator: 347
State 419, Symbol var: 415
State 430, Symbol additive_expression: 151
State 430, Symbol call: 156
State 430, Symbol expression: 477
State 430, Symbol factor: 158
State 430, Symbol inc_dec_operator: 157
State 430, Symbol postfix_expression: 153
State 430, Symbol simple_expression: 154
State 430, Symbol term: 152
State 430, Symbol var: 155
State 432, Symbol mulop: 366
State 441, Symbol T_CONST: 13
State 441, Symbol T_DOUBLE: 11
State 441, Symbol T_LONG: 12
State 441, Symbol additive_expression: 39
State 441, Symbol block_items: 481
State 441, Symbol call: 44
State 441, Symbol compound_stmt: 112
State 441, Symbol expression: 111
State 441, Symbol expression_stmt: 113
State 441, Symbol factor: 47
State 441, Symbol inc_dec_operator: 45
State 441, Symbol iteration_stmt: 114
State 441, Symbol postfix_expression: 41
State 441, Symbol return_stmt: 115
State 441, Symbol selection_stmt: 116
State 441, Symbol simple_expression: 42
State 441, Symbol simple_type: 14
State 441, Symbol statement: 118
State 441, Symbol statement_list: 109
State 441, Symbol term: 40
State 441, Symbol type_specifier: 119
State 441, Symbol var: 43
State 441, Symbol var_declaration: 117
State 444, Symbol additive_expression: 39
State 444, Symbol call: 44
State 444, Symbol expression: 485
State 444, Symbol factor: 47
State 444, Symbol inc_dec_operator: 45
State 444, Symbol postfix_expression: 41
State 444, Symbol simple_expression: 42
State 444, Symbol term: 40
State 444, Symbol var: 43
State 461, Symbol additive_expression: 151
State 461, Symbol call: 156
State 461, Symbol expression: 494
State 461, Symbol factor: 158
State 461, Symbol inc_dec_operator: 157
State 461, Symbol postfix_expression: 153
State 461, Symbol simple_expression: 154
State 461, Symbol term: 152
State 461, Symbol var: 155
State 463, Symbol mulop: 401
State 470, Symbol additive_expression: 151
State 470, Symbol call: 156
State 470, Symbol expression: 498
State 470, Symbol factor: 158
State 470, Symbol inc_dec_operator: 157
State 470, Symbol postfix_expression: 153
State 470, Symbol simple_expression: 154
State 470, Symbol term: 152
State 470, Symbol var: 155
State 472, Symbol mulop: 419
State 479, Symbol T_CONST: 13
State 479, Symbol T_DOUBLE: 11
State 479, Symbol T_LONG: 12
State 479, Symbol additive_expression: 39
State 479, Symbol call: 44
State 479, Symbol compound_stmt: 112
State 479, Symbol expression: 111
State 479, Symbol expression_stmt: 113
State 479, Symbol factor: 47
State 479, Symbol inc_dec_operator: 45
State 479, Symbol iteration_stmt: 114
State 479, Symbol postfix_expression: 41
State 479, Symbol return_stmt: 115
State 479, Symbol selection_stmt: 116
State 479, Symbol simple_expression: 42
State 479, Symbol simple_type: 14
State 479, Symbol statement: 500
State 479, Symbol term: 40
State 479, Symbol type_specifier: 119
State 479, Symbol var: 43
State 479, Symbol var_declaration: 117
State 482, Symbol additive_expression: 39
State 482, Symbol call: 44
State 482, Symbol expression: 291
State 482, Symbol expression_stmt: 293
State 482, Symbol factor: 47
State 482, Symbol inc_dec_operator: 45
State 482, Symbol opt_expression_stmt: 502
State 482, Symbol postfix_expression: 41
State 482, Symbol simple_expression: 42
State 482, Symbol term: 40
State 482, Symbol var: 43
State 483, Symbol additive_expression: 68
State 483, Symbol call: 74
State 483, Symbol expression: 503
State 483, Symbol factor: 76
State 483, Symbol inc_dec_operator: 75
State 483, Symbol postfix_expression: 70
State 483, Symbol simple_expression: 71
State 483, Symbol term: 69
State 483, Symbol var: 72
State 486, Symbol additive_expression: 68
State 486, Symbol call: 74
State 486, Symbol expression: 505
State 486, Symbol factor: 76
State 486, Symbol inc_dec_operator: 75
State 486, Symbol postfix_expression: 70
State 486, Symbol simple_expression: 71
State 486, Symbol term: 69
State 486, Symbol var: 72
State 488, Symbol T_CONST: 13
State 488, Symbol T_DOUBLE: 11
State 488, Symbol T_LONG: 12
State 488, Symbol additive_expression: 39
State 488, Symbol call: 44
State 488, Symbol compound_stmt: 112
State 488, Symbol expression: 111
State 488, Symbol expression_stmt: 113
State 488, Symbol factor: 47
State 488, Symbol inc_dec_operator: 45
State 488, Symbol iteration_stmt: 114
State 488, Symbol postfix_expression: 41
State 488, Symbol return_stmt: 115
State 488, Symbol selection_stmt: 116
State 488, Symbol simple_expression: 42
State 488, Symbol simple_type: 14
State 488, Symbol statement: 506
State 488, Symbol term: 40
State 488, Symbol type_specifier: 119
State 488, Symbol var: 43
State 488, Symbol var_declaration: 117
State 489, Symbol opt_init: 509
State 502, Symbol additive_expression: 39
State 502, Symbol call: 44
State 502, Symbol expression: 382
State 502, Symbol expression_stmt: 384
State 502, Symbol factor: 47
State 502, Symbol inc_dec_operator: 45
State 502, Symbol opt_expression_stmt: 512
State 502, Symbol postfix_expression: 41
State 502, Symbol simple_expression: 42
State 502, Symbol term: 40
State 502, Symbol var: 43
State 512, Symbol additive_expression: 68
State 512, Symbol call: 74
State 512, Symbol expression: 517
State 512, Symbol factor: 76
State 512, Symbol inc_dec_operator: 75
State 512, Symbol postfix_expression: 70
State 512, Symbol simple_expression: 71
State 512, Symbol term: 69
State 512, Symbol var: 72
State 513, Symbol T_CONST: 13
State 513, Symbol T_DOUBLE: 11
State 513, Symbol T_LONG: 12
State 513, Symbol additive_expression: 39
State 513, Symbol call: 44
State 513, Symbol compound_stmt: 448
State 513, Symbol expression: 446
State 513, Symbol expression_stmt: 449
State 513, Symbol factor: 47
State 513, Symbol inc_dec_operator: 45
State 513, Symbol iteration_stmt: 450
State 513, Symbol postfix_expression: 41
State 513, Symbol return_stmt: 451
State 513, Symbol selection_stmt: 452
State 513, Symbol simple_expression: 42
State 513, Symbol simple_type: 14
State 513, Symbol statement: 518
State 513, Symbol term: 40
State 513, Symbol type_specifier: 454
State 513, Symbol var: 43
State 513, Symbol var_declaration: 453
State 514, Symbol T_CONST: 13
State 514, Symbol T_DOUBLE: 11
State 514, Symbol T_LONG: 12
State 514, Symbol additive_expression: 39
State 514, Symbol call: 44
State 514, Symbol compound_stmt: 448
State 514, Symbol expression: 446
State 514, Symbol expression_stmt: 449
State 514, Symbol factor: 47
State 514, Symbol inc_dec_operator: 45
State 514, Symbol iteration_stmt: 450
State 514, Symbol postfix_expression: 41
State 514, Symbol return_stmt: 451
State 514, Symbol selection_stmt: 452
State 514, Symbol simple_expression: 42
State 514, Symbol simple_type: 14
State 514, Symbol statement: 519
State 514, Symbol term: 40
State 514, Symbol type_specifier: 454
State 514, Symbol var: 43
State 514, Symbol var_declaration: 453
State 521, Symbol T_CONST: 13
State 521, Symbol T_DOUBLE: 11
State 521, Symbol T_LONG: 12
State 521, Symbol additive_expression: 39
State 521, Symbol call: 44
State 521, Symbol compound_stmt: 448
State 521, Symbol expression: 446
State 521, Symbol expression_stmt: 449
State 521, Symbol factor: 47
State 521, Symbol inc_dec_operator: 45
State 521, Symbol iteration_stmt: 450
State 521, Symbol postfix_expression: 41
State 521, Symbol return_stmt: 451
State 521, Symbol selection_stmt: 452
State 521, Symbol simple_expression: 42
State 521, Symbol simple_type: 14
State 521, Symbol statement: 524
State 521, Symbol term: 40
State 521, Symbol type_specifier: 454
State 521, Symbol var: 43
State 521, Symbol var_declaration: 453
State 522, Symbol T_CONST: 13
State 522, Symbol T_DOUBLE: 11
State 522, Symbol T_LONG: 12
State 522, Symbol additive_expression: 39
State 522, Symbol call: 44
State 522, Symbol compound_stmt: 448
State 522, Symbol expression: 446
State 522, Symbol expression_stmt: 449
State 522, Symbol factor: 47
State 522, Symbol inc_dec_operator: 45
State 522, Symbol iteration_stmt: 450
State 522, Symbol postfix_expression: 41
State 522, Symbol return_stmt: 451
State 522, Symbol selection_stmt: 452
State 522, Symbol simple_expression: 42
State 522, Symbol simple_type: 14
State 522, Symbol statement: 525
State 522, Symbol term: 40
State 522, Symbol type_specifier: 454
State 522, Symbol var: 43
State 522, Symbol var_declaration: 453
---------------ACTION表和GOTO表-----------------
--------------------语法分析--------------------
State Stack: 0 
Symbol Stack: 
Input Stack: T_INT T_IDENTIFIER T_LEFT_PAREN T_INT T_IDENTIFIER T_COMMA T_INT T_IDENTIFIER T_RIGHT_PAREN T_LEFT_BRACE T_RETURN T_IDENTIFIER T_PLUS T_IDENTIFIER T_SEMICOLON T_RIGHT_BRACE T_VOID T_IDENTIFIER T_LEFT_PAREN T_RIGHT_PAREN T_LEFT_BRACE T_RIGHT_BRACE T_INT T_IDENTIFIER T_LEFT_PAREN T_RIGHT_PAREN T_LEFT_BRACE T_INT T_IDENTIFIER T_ASSIGN T_INTEGER_LITERAL T_SEMICOLON T_FLOAT T_IDENTIFIER T_ASSIGN T_FLOAT_LITERAL T_SEMICOLON T_CHAR T_IDENTIFIER T_LEFT_SQUARE T_INTEGER_LITERAL T_RIGHT_SQUARE T_SEMICOLON T_CHAR T_IDENTIFIER T_ASSIGN T_CHAR_LITERAL T_SEMICOLON T_INT T_IDENTIFIER T_ASSIGN T_INTEGER_LITERAL T_SEMICOLON T_CHAR T_IDENTIFIER T_LEFT_SQUARE T_INTEGER_LITERAL T_RIGHT_SQUARE T_SEMICOLON T_IDENTIFIER T_ASSIGN T_STRING_LITERAL T_SEMICOLON T_IDENTIFIER T_INCREMENT T_SEMICOLON T_INCREMENT T_IDENTIFIER T_SEMICOLON T_IF T_LEFT_PAREN T_IDENTIFIER T_GREATER T_IDENTIFIER T_RIGHT_PAREN T_LEFT_BRACE T_IDENTIFIER T_ASSIGN T_IDENTIFIER T_SEMICOLON T_RIGHT_BRACE T_ELSE T_IF T_LEFT_PAREN T_IDENTIFIER T_LESS T_IDENTIFIER T_RIGHT_PAREN T_LEFT_BRACE T_IDENTIFIER T_ASSIGN T_IDENTIFIER T_PLUS T_INTEGER_LITERAL T_SEMICOLON T_RIGHT_BRACE T_ELSE T_LEFT_BRACE T_IDENTIFIER T_ASSIGN T_INTEGER_LITERAL T_SEMICOLON T_RIGHT_BRACE T_WHILE T_LEFT_PAREN T_IDENTIFIER T_GREATER T_INTEGER_LITERAL T_RIGHT_PAREN T_LEFT_BRACE T_IDENTIFIER T_DECREMENT T_SEMICOLON T_RIGHT_BRACE T_FOR T_LEFT_PAREN T_IDENTIFIER T_ASSIGN T_INTEGER_LITERAL T_SEMICOLON T_IDENTIFIER T_LESS T_INTEGER_LITERAL T_SEMICOLON T_IDENTIFIER T_INCREMENT T_RIGHT_PAREN T_LEFT_BRACE T_IDENTIFIER T_ASSIGN T_IDENTIFIER T_PLUS T_IDENTIFIER T_SEMICOLON T_RIGHT_BRACE T_FOR T_LEFT_PAREN T_IDENTIFIER T_ASSIGN T_INTEGER_LITERAL T_SEMICOLON T_IDENTIFIER T_LESS T_INTEGER_LITERAL T_SEMICOLON T_IDENTIFIER T_INCREMENT T_RIGHT_PAREN T_LEFT_BRACE T_IDENTIFIER T_LEFT_SQUARE T_IDENTIFIER T_RIGHT_SQUARE T_ASSIGN T_IDENTIFIER T_SEMICOLON T_RIGHT_BRACE T_IDENTIFIER T_ASSIGN T_NOT T_IDENTIFIER T_SEMICOLON T_IDENTIFIER T_ASSIGN T_IDENTIFIER T_MOD T_INTEGER_LITERAL T_SEMICOLON T_IDENTIFIER T_ASSIGN T_IDENTIFIER T_BITAND T_INTEGER_LITERAL T_SEMICOLON T_IDENTIFIER T_ASSIGN T_IDENTIFIER T_BITOR T_INTEGER_LITERAL T_SEMICOLON T_IDENTIFIER T_ASSIGN T_IDENTIFIER T_BITXOR T_INTEGER_LITERAL T_SEMICOLON T_IDENTIFIER T_ASSIGN T_BITNOT T_IDENTIFIER T_SEMICOLON T_INT T_IDENTIFIER T_ASSIGN T_IDENTIFIER T_LEFT_PAREN T_IDENTIFIER T_COMMA T_IDENTIFIER T_RIGHT_PAREN T_SEMICOLON T_LEFT_BRACE T_INT T_IDENTIFIER T_ASSIGN T_INTEGER_LITERAL T_SEMICOLON T_IDENTIFIER T_ASSIGN T_IDENTIFIER T_PLUS T_INTEGER_LITERAL T_SEMICOLON T_RIGHT_BRACE T_RETURN T_INTEGER_LITERAL T_SEMICOLON T_RIGHT_BRACE T_EOF 

State Stack: 0 3 
Symbol Stack: T_INT 
Input Stack: T_IDENTIFIER T_LEFT_PAREN T_INT T_IDENTIFIER T_COMMA T_INT T_IDENTIFIER T_RIGHT_PAREN T_LEFT_BRACE T_RETURN T_IDENTIFIER T_PLUS T_IDENTIFIER T_SEMICOLON T_RIGHT_BRACE T_VOID T_IDENTIFIER T_LEFT_PAREN T_RIGHT_PAREN T_LEFT_BRACE T_RIGHT_BRACE T_INT T_IDENTIFIER T_LEFT_PAREN T_RIGHT_PAREN T_LEFT_BRACE T_INT T_IDENTIFIER T_ASSIGN T_INTEGER_LITERAL T_SEMICOLON T_FLOAT T_IDENTIFIER T_ASSIGN T_FLOAT_LITERAL T_SEMICOLON T_CHAR T_IDENTIFIER T_LEFT_SQUARE T_INTEGER_LITERAL T_RIGHT_SQUARE T_SEMICOLON T_CHAR T_IDENTIFIER T_ASSIGN T_CHAR_LITERAL T_SEMICOLON T_INT T_IDENTIFIER T_ASSIGN T_INTEGER_LITERAL T_SEMICOLON T_CHAR T_IDENTIFIER T_LEFT_SQUARE T_INTEGER_LITERAL T_RIGHT_SQUARE T_SEMICOLON T_IDENTIFIER T_ASSIGN T_STRING_LITERAL T_SEMICOLON T_IDENTIFIER T_INCREMENT T_SEMICOLON T_INCREMENT T_IDENTIFIER T_SEMICOLON T_IF T_LEFT_PAREN T_IDENTIFIER T_GREATER T_IDENTIFIER T_RIGHT_PAREN T_LEFT_BRACE T_IDENTIFIER T_ASSIGN T_IDENTIFIER T_SEMICOLON T_RIGHT_BRACE T_ELSE T_IF T_LEFT_PAREN T_IDENTIFIER T_LESS T_IDENTIFIER T_RIGHT_PAREN T_LEFT_BRACE T_IDENTIFIER T_ASSIGN T_IDENTIFIER T_PLUS T_INTEGER_LITERAL T_SEMICOLON T_RIGHT_BRACE T_ELSE T_LEFT_BRACE T_IDENTIFIER T_ASSIGN T_INTEGER_LITERAL T_SEMICOLON T_RIGHT_BRACE T_WHILE T_LEFT_PAREN T_IDENTIFIER T_GREATER T_INTEGER_LITERAL T_RIGHT_PAREN T_LEFT_BRACE T_IDENTIFIER T_DECREMENT T_SEMICOLON T_RIGHT_BRACE T_FOR T_LEFT_PAREN T_IDENTIFIER T_ASSIGN T_INTEGER_LITERAL T_SEMICOLON T_IDENTIFIER T_LESS T_INTEGER_LITERAL T_SEMICOLON T_IDENTIFIER T_INCREMENT T_RIGHT_PAREN T_LEFT_BRACE T_IDENTIFIER T_ASSIGN T_IDENTIFIER T_PLUS T_IDENTIFIER T_SEMICOLON T_RIGHT_BRACE T_FOR T_LEFT_PAREN T_IDENTIFIER T_ASSIGN T_INTEGER_LITERAL T_SEMICOLON T_IDENTIFIER T_LESS T_INTEGER_LITERAL T_SEMICOLON T_IDENTIFIER T_INCREMENT T_RIGHT_PAREN T_LEFT_BRACE T_IDENTIFIER T_LEFT_SQUARE T_IDENTIFIER T_RIGHT_SQUARE T_ASSIGN T_IDENTIFIER T_SEMICOLON T_RIGHT_BRACE T_IDENTIFIER T_ASSIGN T_NOT T_IDENTIFIER T_SEMICOLON T_IDENTIFIER T_ASSIGN T_IDENTIFIER T_MOD T_INTEGER_LITERAL T_SEMICOLON T_IDENTIFIER T_ASSIGN T_IDENTIFIER T_BITAND T_INTEGER_LITERAL T_SEMICOLON T_IDENTIFIER T_ASSIGN T_IDENTIFIER T_BITOR T_INTEGER_LITERAL T_SEMICOLON T_IDENTIFIER T_ASSIGN T_IDENTIFIER T_BITXOR T_INTEGER_LITERAL T_SEMICOLON T_IDENTIFIER T_ASSIGN T_BITNOT T_IDENTIFIER T_SEMICOLON T_INT T_IDENTIFIER T_ASSIGN T_IDENTIFIER T_LEFT_PAREN T_IDENTIFIER T_COMMA T_IDENTIFIER T_RIGHT_PAREN T_SEMICOLON T_LEFT_BRACE T_INT T_IDENTIFIER T_ASSIGN T_INTEGER_LITERAL T_SEMICOLON T_IDENTIFIER T_ASSIGN T_IDENTIFIER T_PLUS T_INTEGER_LITERAL T_SEMICOLON T_RIGHT_BRACE T_RETURN T_INTEGER_LITERAL T_SEMICOLON T_RIGHT_BRACE T_EOF 

State Stack: 0 14 
Symbol Stack: simple_type 
Input Stack: T_IDENTIFIER T_LEFT_PAREN T_INT T_IDENTIFIER T_COMMA T_INT T_IDENTIFIER T_RIGHT_PAREN T_LEFT_BRACE T_RETURN T_IDENTIFIER T_PLUS T_IDENTIFIER T_SEMICOLON T_RIGHT_BRACE T_VOID T_IDENTIFIER T_LEFT_PAREN T_RIGHT_PAREN T_LEFT_BRACE T_RIGHT_BRACE T_INT T_IDENTIFIER T_LEFT_PAREN T_RIGHT_PAREN T_LEFT_BRACE T_INT T_IDENTIFIER T_ASSIGN T_INTEGER_LITERAL T_SEMICOLON T_FLOAT T_IDENTIFIER T_ASSIGN T_FLOAT_LITERAL T_SEMICOLON T_CHAR T_IDENTIFIER T_LEFT_SQUARE T_INTEGER_LITERAL T_RIGHT_SQUARE T_SEMICOLON T_CHAR T_IDENTIFIER T_ASSIGN T_CHAR_LITERAL T_SEMICOLON T_INT T_IDENTIFIER T_ASSIGN T_INTEGER_LITERAL T_SEMICOLON T_CHAR T_IDENTIFIER T_LEFT_SQUARE T_INTEGER_LITERAL T_RIGHT_SQUARE T_SEMICOLON T_IDENTIFIER T_ASSIGN T_STRING_LITERAL T_SEMICOLON T_IDENTIFIER T_INCREMENT T_SEMICOLON T_INCREMENT T_IDENTIFIER T_SEMICOLON T_IF T_LEFT_PAREN T_IDENTIFIER T_GREATER T_IDENTIFIER T_RIGHT_PAREN T_LEFT_BRACE T_IDENTIFIER T_ASSIGN T_IDENTIFIER T_SEMICOLON T_RIGHT_BRACE T_ELSE T_IF T_LEFT_PAREN T_IDENTIFIER T_LESS T_IDENTIFIER T_RIGHT_PAREN T_LEFT_BRACE T_IDENTIFIER T_ASSIGN T_IDENTIFIER T_PLUS T_INTEGER_LITERAL T_SEMICOLON T_RIGHT_BRACE T_ELSE T_LEFT_BRACE T_IDENTIFIER T_ASSIGN T_INTEGER_LITERAL T_SEMICOLON T_RIGHT_BRACE T_WHILE T_LEFT_PAREN T_IDENTIFIER T_GREATER T_INTEGER_LITERAL T_RIGHT_PAREN T_LEFT_BRACE T_IDENTIFIER T_DECREMENT T_SEMICOLON T_RIGHT_BRACE T_FOR T_LEFT_PAREN T_IDENTIFIER T_ASSIGN T_INTEGER_LITERAL T_SEMICOLON T_IDENTIFIER T_LESS T_INTEGER_LITERAL T_SEMICOLON T_IDENTIFIER T_INCREMENT T_RIGHT_PAREN T_LEFT_BRACE T_IDENTIFIER T_ASSIGN T_IDENTIFIER T_PLUS T_IDENTIFIER T_SEMICOLON T_RIGHT_BRACE T_FOR T_LEFT_PAREN T_IDENTIFIER T_ASSIGN T_INTEGER_LITERAL T_SEMICOLON T_IDENTIFIER T_LESS T_INTEGER_LITERAL T_SEMICOLON T_IDENTIFIER T_INCREMENT T_RIGHT_PAREN T_LEFT_BRACE T_IDENTIFIER T_LEFT_SQUARE T_IDENTIFIER T_RIGHT_SQUARE T_ASSIGN T_IDENTIFIER T_SEMICOLON T_RIGHT_BRACE T_IDENTIFIER T_ASSIGN T_NOT T_IDENTIFIER T_SEMICOLON T_IDENTIFIER T_ASSIGN T_IDENTIFIER T_MOD T_INTEGER_LITERAL T_SEMICOLON T_IDENTIFIER T_ASSIGN T_IDENTIFIER T_BITAND T_INTEGER_LITERAL T_SEMICOLON T_IDENTIFIER T_ASSIGN T_IDENTIFIER T_BITOR T_INTEGER_LITERAL T_SEMICOLON T_IDENTIFIER T_ASSIGN T_IDENTIFIER T_BITXOR T_INTEGER_LITERAL T_SEMICOLON T_IDENTIFIER T_ASSIGN T_BITNOT T_IDENTIFIER T_SEMICOLON T_INT T_IDENTIFIER T_ASSIGN T_IDENTIFIER T_LEFT_PAREN T_IDENTIFIER T_COMMA T_IDENTIFIER T_RIGHT_PAREN T_SEMICOLON T_LEFT_BRACE T_INT T_IDENTIFIER T_ASSIGN T_INTEGER_LITERAL T_SEMICOLON T_IDENTIFIER T_ASSIGN T_IDENTIFIER T_PLUS T_INTEGER_LITERAL T_SEMICOLON T_RIGHT_BRACE T_RETURN T_INTEGER_LITERAL T_SEMICOLON T_RIGHT_BRACE T_EOF 

State Stack: 0 9 
Symbol Stack: type_specifier 
Input Stack: T_IDENTIFIER T_LEFT_PAREN T_INT T_IDENTIFIER T_COMMA T_INT T_IDENTIFIER T_RIGHT_PAREN T_LEFT_BRACE T_RETURN T_IDENTIFIER T_PLUS T_IDENTIFIER T_SEMICOLON T_RIGHT_BRACE T_VOID T_IDENTIFIER T_LEFT_PAREN T_RIGHT_PAREN T_LEFT_BRACE T_RIGHT_BRACE T_INT T_IDENTIFIER T_LEFT_PAREN T_RIGHT_PAREN T_LEFT_BRACE T_INT T_IDENTIFIER T_ASSIGN T_INTEGER_LITERAL T_SEMICOLON T_FLOAT T_IDENTIFIER T_ASSIGN T_FLOAT_LITERAL T_SEMICOLON T_CHAR T_IDENTIFIER T_LEFT_SQUARE T_INTEGER_LITERAL T_RIGHT_SQUARE T_SEMICOLON T_CHAR T_IDENTIFIER T_ASSIGN T_CHAR_LITERAL T_SEMICOLON T_INT T_IDENTIFIER T_ASSIGN T_INTEGER_LITERAL T_SEMICOLON T_CHAR T_IDENTIFIER T_LEFT_SQUARE T_INTEGER_LITERAL T_RIGHT_SQUARE T_SEMICOLON T_IDENTIFIER T_ASSIGN T_STRING_LITERAL T_SEMICOLON T_IDENTIFIER T_INCREMENT T_SEMICOLON T_INCREMENT T_IDENTIFIER T_SEMICOLON T_IF T_LEFT_PAREN T_IDENTIFIER T_GREATER T_IDENTIFIER T_RIGHT_PAREN T_LEFT_BRACE T_IDENTIFIER T_ASSIGN T_IDENTIFIER T_SEMICOLON T_RIGHT_BRACE T_ELSE T_IF T_LEFT_PAREN T_IDENTIFIER T_LESS T_IDENTIFIER T_RIGHT_PAREN T_LEFT_BRACE T_IDENTIFIER T_ASSIGN T_IDENTIFIER T_PLUS T_INTEGER_LITERAL T_SEMICOLON T_RIGHT_BRACE T_ELSE T_LEFT_BRACE T_IDENTIFIER T_ASSIGN T_INTEGER_LITERAL T_SEMICOLON T_RIGHT_BRACE T_WHILE T_LEFT_PAREN T_IDENTIFIER T_GREATER T_INTEGER_LITERAL T_RIGHT_PAREN T_LEFT_BRACE T_IDENTIFIER T_DECREMENT T_SEMICOLON T_RIGHT_BRACE T_FOR T_LEFT_PAREN T_IDENTIFIER T_ASSIGN T_INTEGER_LITERAL T_SEMICOLON T_IDENTIFIER T_LESS T_INTEGER_LITERAL T_SEMICOLON T_IDENTIFIER T_INCREMENT T_RIGHT_PAREN T_LEFT_BRACE T_IDENTIFIER T_ASSIGN T_IDENTIFIER T_PLUS T_IDENTIFIER T_SEMICOLON T_RIGHT_BRACE T_FOR T_LEFT_PAREN T_IDENTIFIER T_ASSIGN T_INTEGER_LITERAL T_SEMICOLON T_IDENTIFIER T_LESS T_INTEGER_LITERAL T_SEMICOLON T_IDENTIFIER T_INCREMENT T_RIGHT_PAREN T_LEFT_BRACE T_IDENTIFIER T_LEFT_SQUARE T_IDENTIFIER T_RIGHT_SQUARE T_ASSIGN T_IDENTIFIER T_SEMICOLON T_RIGHT_BRACE T_IDENTIFIER T_ASSIGN T_NOT T_IDENTIFIER T_SEMICOLON T_IDENTIFIER T_ASSIGN T_IDENTIFIER T_MOD T_INTEGER_LITERAL T_SEMICOLON T_IDENTIFIER T_ASSIGN T_IDENTIFIER T_BITAND T_INTEGER_LITERAL T_SEMICOLON T_IDENTIFIER T_ASSIGN T_IDENTIFIER T_BITOR T_INTEGER_LITERAL T_SEMICOLON T_IDENTIFIER T_ASSIGN T_IDENTIFIER T_BITXOR T_INTEGER_LITERAL T_SEMICOLON T_IDENTIFIER T_ASSIGN T_BITNOT T_IDENTIFIER T_SEMICOLON T_INT T_IDENTIFIER T_ASSIGN T_IDENTIFIER T_LEFT_PAREN T_IDENTIFIER T_COMMA T_IDENTIFIER T_RIGHT_PAREN T_SEMICOLON T_LEFT_BRACE T_INT T_IDENTIFIER T_ASSIGN T_INTEGER_LITERAL T_SEMICOLON T_IDENTIFIER T_ASSIGN T_IDENTIFIER T_PLUS T_INTEGER_LITERAL T_SEMICOLON T_RIGHT_BRACE T_RETURN T_INTEGER_LITERAL T_SEMICOLON T_RIGHT_BRACE T_EOF 

State Stack: 0 9 16 
Symbol Stack: type_specifier T_IDENTIFIER 
Input Stack: T_LEFT_PAREN T_INT T_IDENTIFIER T_COMMA T_INT T_IDENTIFIER T_RIGHT_PAREN T_LEFT_BRACE T_RETURN T_IDENTIFIER T_PLUS T_IDENTIFIER T_SEMICOLON T_RIGHT_BRACE T_VOID T_IDENTIFIER T_LEFT_PAREN T_RIGHT_PAREN T_LEFT_BRACE T_RIGHT_BRACE T_INT T_IDENTIFIER T_LEFT_PAREN T_RIGHT_PAREN T_LEFT_BRACE T_INT T_IDENTIFIER T_ASSIGN T_INTEGER_LITERAL T_SEMICOLON T_FLOAT T_IDENTIFIER T_ASSIGN T_FLOAT_LITERAL T_SEMICOLON T_CHAR T_IDENTIFIER T_LEFT_SQUARE T_INTEGER_LITERAL T_RIGHT_SQUARE T_SEMICOLON T_CHAR T_IDENTIFIER T_ASSIGN T_CHAR_LITERAL T_SEMICOLON T_INT T_IDENTIFIER T_ASSIGN T_INTEGER_LITERAL T_SEMICOLON T_CHAR T_IDENTIFIER T_LEFT_SQUARE T_INTEGER_LITERAL T_RIGHT_SQUARE T_SEMICOLON T_IDENTIFIER T_ASSIGN T_STRING_LITERAL T_SEMICOLON T_IDENTIFIER T_INCREMENT T_SEMICOLON T_INCREMENT T_IDENTIFIER T_SEMICOLON T_IF T_LEFT_PAREN T_IDENTIFIER T_GREATER T_IDENTIFIER T_RIGHT_PAREN T_LEFT_BRACE T_IDENTIFIER T_ASSIGN T_IDENTIFIER T_SEMICOLON T_RIGHT_BRACE T_ELSE T_IF T_LEFT_PAREN T_IDENTIFIER T_LESS T_IDENTIFIER T_RIGHT_PAREN T_LEFT_BRACE T_IDENTIFIER T_ASSIGN T_IDENTIFIER T_PLUS T_INTEGER_LITERAL T_SEMICOLON T_RIGHT_BRACE T_ELSE T_LEFT_BRACE T_IDENTIFIER T_ASSIGN T_INTEGER_LITERAL T_SEMICOLON T_RIGHT_BRACE T_WHILE T_LEFT_PAREN T_IDENTIFIER T_GREATER T_INTEGER_LITERAL T_RIGHT_PAREN T_LEFT_BRACE T_IDENTIFIER T_DECREMENT T_SEMICOLON T_RIGHT_BRACE T_FOR T_LEFT_PAREN T_IDENTIFIER T_ASSIGN T_INTEGER_LITERAL T_SEMICOLON T_IDENTIFIER T_LESS T_INTEGER_LITERAL T_SEMICOLON T_IDENTIFIER T_INCREMENT T_RIGHT_PAREN T_LEFT_BRACE T_IDENTIFIER T_ASSIGN T_IDENTIFIER T_PLUS T_IDENTIFIER T_SEMICOLON T_RIGHT_BRACE T_FOR T_LEFT_PAREN T_IDENTIFIER T_ASSIGN T_INTEGER_LITERAL T_SEMICOLON T_IDENTIFIER T_LESS T_INTEGER_LITERAL T_SEMICOLON T_IDENTIFIER T_INCREMENT T_RIGHT_PAREN T_LEFT_BRACE T_IDENTIFIER T_LEFT_SQUARE T_IDENTIFIER T_RIGHT_SQUARE T_ASSIGN T_IDENTIFIER T_SEMICOLON T_RIGHT_BRACE T_IDENTIFIER T_ASSIGN T_NOT T_IDENTIFIER T_SEMICOLON T_IDENTIFIER T_ASSIGN T_IDENTIFIER T_MOD T_INTEGER_LITERAL T_SEMICOLON T_IDENTIFIER T_ASSIGN T_IDENTIFIER T_BITAND T_INTEGER_LITERAL T_SEMICOLON T_IDENTIFIER T_ASSIGN T_IDENTIFIER T_BITOR T_INTEGER_LITERAL T_SEMICOLON T_IDENTIFIER T_ASSIGN T_IDENTIFIER T_BITXOR T_INTEGER_LITERAL T_SEMICOLON T_IDENTIFIER T_ASSIGN T_BITNOT T_IDENTIFIER T_SEMICOLON T_INT T_IDENTIFIER T_ASSIGN T_IDENTIFIER T_LEFT_PAREN T_IDENTIFIER T_COMMA T_IDENTIFIER T_RIGHT_PAREN T_SEMICOLON T_LEFT_BRACE T_INT T_IDENTIFIER T_ASSIGN T_INTEGER_LITERAL T_SEMICOLON T_IDENTIFIER T_ASSIGN T_IDENTIFIER T_PLUS T_INTEGER_LITERAL T_SEMICOLON T_RIGHT_BRACE T_RETURN T_INTEGER_LITERAL T_SEMICOLON T_RIGHT_BRACE T_EOF 

State Stack: 0 9 16 18 
Symbol Stack: type_specifier T_IDENTIFIER T_LEFT_PAREN 
Input Stack: T_INT T_IDENTIFIER T_COMMA T_INT T_IDENTIFIER T_RIGHT_PAREN T_LEFT_BRACE T_RETURN T_IDENTIFIER T_PLUS T_IDENTIFIER T_SEMICOLON T_RIGHT_BRACE T_VOID T_IDENTIFIER T_LEFT_PAREN T_RIGHT_PAREN T_LEFT_BRACE T_RIGHT_BRACE T_INT T_IDENTIFIER T_LEFT_PAREN T_RIGHT_PAREN T_LEFT_BRACE T_INT T_IDENTIFIER T_ASSIGN T_INTEGER_LITERAL T_SEMICOLON T_FLOAT T_IDENTIFIER T_ASSIGN T_FLOAT_LITERAL T_SEMICOLON T_CHAR T_IDENTIFIER T_LEFT_SQUARE T_INTEGER_LITERAL T_RIGHT_SQUARE T_SEMICOLON T_CHAR T_IDENTIFIER T_ASSIGN T_CHAR_LITERAL T_SEMICOLON T_INT T_IDENTIFIER T_ASSIGN T_INTEGER_LITERAL T_SEMICOLON T_CHAR T_IDENTIFIER T_LEFT_SQUARE T_INTEGER_LITERAL T_RIGHT_SQUARE T_SEMICOLON T_IDENTIFIER T_ASSIGN T_STRING_LITERAL T_SEMICOLON T_IDENTIFIER T_INCREMENT T_SEMICOLON T_INCREMENT T_IDENTIFIER T_SEMICOLON T_IF T_LEFT_PAREN T_IDENTIFIER T_GREATER T_IDENTIFIER T_RIGHT_PAREN T_LEFT_BRACE T_IDENTIFIER T_ASSIGN T_IDENTIFIER T_SEMICOLON T_RIGHT_BRACE T_ELSE T_IF T_LEFT_PAREN T_IDENTIFIER T_LESS T_IDENTIFIER T_RIGHT_PAREN T_LEFT_BRACE T_IDENTIFIER T_ASSIGN T_IDENTIFIER T_PLUS T_INTEGER_LITERAL T_SEMICOLON T_RIGHT_BRACE T_ELSE T_LEFT_BRACE T_IDENTIFIER T_ASSIGN T_INTEGER_LITERAL T_SEMICOLON T_RIGHT_BRACE T_WHILE T_LEFT_PAREN T_IDENTIFIER T_GREATER T_INTEGER_LITERAL T_RIGHT_PAREN T_LEFT_BRACE T_IDENTIFIER T_DECREMENT T_SEMICOLON T_RIGHT_BRACE T_FOR T_LEFT_PAREN T_IDENTIFIER T_ASSIGN T_INTEGER_LITERAL T_SEMICOLON T_IDENTIFIER T_LESS T_INTEGER_LITERAL T_SEMICOLON T_IDENTIFIER T_INCREMENT T_RIGHT_PAREN T_LEFT_BRACE T_IDENTIFIER T_ASSIGN T_IDENTIFIER T_PLUS T_IDENTIFIER T_SEMICOLON T_RIGHT_BRACE T_FOR T_LEFT_PAREN T_IDENTIFIER T_ASSIGN T_INTEGER_LITERAL T_SEMICOLON T_IDENTIFIER T_LESS T_INTEGER_LITERAL T_SEMICOLON T_IDENTIFIER T_INCREMENT T_RIGHT_PAREN T_LEFT_BRACE T_IDENTIFIER T_LEFT_SQUARE T_IDENTIFIER T_RIGHT_SQUARE T_ASSIGN T_IDENTIFIER T_SEMICOLON T_RIGHT_BRACE T_IDENTIFIER T_ASSIGN T_NOT T_IDENTIFIER T_SEMICOLON T_IDENTIFIER T_ASSIGN T_IDENTIFIER T_MOD T_INTEGER_LITERAL T_SEMICOLON T_IDENTIFIER T_ASSIGN T_IDENTIFIER T_BITAND T_INTEGER_LITERAL T_SEMICOLON T_IDENTIFIER T_ASSIGN T_IDENTIFIER T_BITOR T_INTEGER_LITERAL T_SEMICOLON T_IDENTIFIER T_ASSIGN T_IDENTIFIER T_BITXOR T_INTEGER_LITERAL T_SEMICOLON T_IDENTIFIER T_ASSIGN T_BITNOT T_IDENTIFIER T_SEMICOLON T_INT T_IDENTIFIER T_ASSIGN T_IDENTIFIER T_LEFT_PAREN T_IDENTIFIER T_COMMA T_IDENTIFIER T_RIGHT_PAREN T_SEMICOLON T_LEFT_BRACE T_INT T_IDENTIFIER T_ASSIGN T_INTEGER_LITERAL T_SEMICOLON T_IDENTIFIER T_ASSIGN T_IDENTIFIER T_PLUS T_INTEGER_LITERAL T_SEMICOLON T_RIGHT_BRACE T_RETURN T_INTEGER_LITERAL T_SEMICOLON T_RIGHT_BRACE T_EOF 

State Stack: 0 9 16 18 3 
Symbol Stack: type_specifier T_IDENTIFIER T_LEFT_PAREN T_INT 
Input Stack: T_IDENTIFIER T_COMMA T_INT T_IDENTIFIER T_RIGHT_PAREN T_LEFT_BRACE T_RETURN T_IDENTIFIER T_PLUS T_IDENTIFIER T_SEMICOLON T_RIGHT_BRACE T_VOID T_IDENTIFIER T_LEFT_PAREN T_RIGHT_PAREN T_LEFT_BRACE T_RIGHT_BRACE T_INT T_IDENTIFIER T_LEFT_PAREN T_RIGHT_PAREN T_LEFT_BRACE T_INT T_IDENTIFIER T_ASSIGN T_INTEGER_LITERAL T_SEMICOLON T_FLOAT T_IDENTIFIER T_ASSIGN T_FLOAT_LITERAL T_SEMICOLON T_CHAR T_IDENTIFIER T_LEFT_SQUARE T_INTEGER_LITERAL T_RIGHT_SQUARE T_SEMICOLON T_CHAR T_IDENTIFIER T_ASSIGN T_CHAR_LITERAL T_SEMICOLON T_INT T_IDENTIFIER T_ASSIGN T_INTEGER_LITERAL T_SEMICOLON T_CHAR T_IDENTIFIER T_LEFT_SQUARE T_INTEGER_LITERAL T_RIGHT_SQUARE T_SEMICOLON T_IDENTIFIER T_ASSIGN T_STRING_LITERAL T_SEMICOLON T_IDENTIFIER T_INCREMENT T_SEMICOLON T_INCREMENT T_IDENTIFIER T_SEMICOLON T_IF T_LEFT_PAREN T_IDENTIFIER T_GREATER T_IDENTIFIER T_RIGHT_PAREN T_LEFT_BRACE T_IDENTIFIER T_ASSIGN T_IDENTIFIER T_SEMICOLON T_RIGHT_BRACE T_ELSE T_IF T_LEFT_PAREN T_IDENTIFIER T_LESS T_IDENTIFIER T_RIGHT_PAREN T_LEFT_BRACE T_IDENTIFIER T_ASSIGN T_IDENTIFIER T_PLUS T_INTEGER_LITERAL T_SEMICOLON T_RIGHT_BRACE T_ELSE T_LEFT_BRACE T_IDENTIFIER T_ASSIGN T_INTEGER_LITERAL T_SEMICOLON T_RIGHT_BRACE T_WHILE T_LEFT_PAREN T_IDENTIFIER T_GREATER T_INTEGER_LITERAL T_RIGHT_PAREN T_LEFT_BRACE T_IDENTIFIER T_DECREMENT T_SEMICOLON T_RIGHT_BRACE T_FOR T_LEFT_PAREN T_IDENTIFIER T_ASSIGN T_INTEGER_LITERAL T_SEMICOLON T_IDENTIFIER T_LESS T_INTEGER_LITERAL T_SEMICOLON T_IDENTIFIER T_INCREMENT T_RIGHT_PAREN T_LEFT_BRACE T_IDENTIFIER T_ASSIGN T_IDENTIFIER T_PLUS T_IDENTIFIER T_SEMICOLON T_RIGHT_BRACE T_FOR T_LEFT_PAREN T_IDENTIFIER T_ASSIGN T_INTEGER_LITERAL T_SEMICOLON T_IDENTIFIER T_LESS T_INTEGER_LITERAL T_SEMICOLON T_IDENTIFIER T_INCREMENT T_RIGHT_PAREN T_LEFT_BRACE T_IDENTIFIER T_LEFT_SQUARE T_IDENTIFIER T_RIGHT_SQUARE T_ASSIGN T_IDENTIFIER T_SEMICOLON T_RIGHT_BRACE T_IDENTIFIER T_ASSIGN T_NOT T_IDENTIFIER T_SEMICOLON T_IDENTIFIER T_ASSIGN T_IDENTIFIER T_MOD T_INTEGER_LITERAL T_SEMICOLON T_IDENTIFIER T_ASSIGN T_IDENTIFIER T_BITAND T_INTEGER_LITERAL T_SEMICOLON T_IDENTIFIER T_ASSIGN T_IDENTIFIER T_BITOR T_INTEGER_LITERAL T_SEMICOLON T_IDENTIFIER T_ASSIGN T_IDENTIFIER T_BITXOR T_INTEGER_LITERAL T_SEMICOLON T_IDENTIFIER T_ASSIGN T_BITNOT T_IDENTIFIER T_SEMICOLON T_INT T_IDENTIFIER T_ASSIGN T_IDENTIFIER T_LEFT_PAREN T_IDENTIFIER T_COMMA T_IDENTIFIER T_RIGHT_PAREN T_SEMICOLON T_LEFT_BRACE T_INT T_IDENTIFIER T_ASSIGN T_INTEGER_LITERAL T_SEMICOLON T_IDENTIFIER T_ASSIGN T_IDENTIFIER T_PLUS T_INTEGER_LITERAL T_SEMICOLON T_RIGHT_BRACE T_RETURN T_INTEGER_LITERAL T_SEMICOLON T_RIGHT_BRACE T_EOF 

State Stack: 0 9 16 18 14 
Symbol Stack: type_specifier T_IDENTIFIER T_LEFT_PAREN simple_type 
Input Stack: T_IDENTIFIER T_COMMA T_INT T_IDENTIFIER T_RIGHT_PAREN T_LEFT_BRACE T_RETURN T_IDENTIFIER T_PLUS T_IDENTIFIER T_SEMICOLON T_RIGHT_BRACE T_VOID T_IDENTIFIER T_LEFT_PAREN T_RIGHT_PAREN T_LEFT_BRACE T_RIGHT_BRACE T_INT T_IDENTIFIER T_LEFT_PAREN T_RIGHT_PAREN T_LEFT_BRACE T_INT T_IDENTIFIER T_ASSIGN T_INTEGER_LITERAL T_SEMICOLON T_FLOAT T_IDENTIFIER T_ASSIGN T_FLOAT_LITERAL T_SEMICOLON T_CHAR T_IDENTIFIER T_LEFT_SQUARE T_INTEGER_LITERAL T_RIGHT_SQUARE T_SEMICOLON T_CHAR T_IDENTIFIER T_ASSIGN T_CHAR_LITERAL T_SEMICOLON T_INT T_IDENTIFIER T_ASSIGN T_INTEGER_LITERAL T_SEMICOLON T_CHAR T_IDENTIFIER T_LEFT_SQUARE T_INTEGER_LITERAL T_RIGHT_SQUARE T_SEMICOLON T_IDENTIFIER T_ASSIGN T_STRING_LITERAL T_SEMICOLON T_IDENTIFIER T_INCREMENT T_SEMICOLON T_INCREMENT T_IDENTIFIER T_SEMICOLON T_IF T_LEFT_PAREN T_IDENTIFIER T_GREATER T_IDENTIFIER T_RIGHT_PAREN T_LEFT_BRACE T_IDENTIFIER T_ASSIGN T_IDENTIFIER T_SEMICOLON T_RIGHT_BRACE T_ELSE T_IF T_LEFT_PAREN T_IDENTIFIER T_LESS T_IDENTIFIER T_RIGHT_PAREN T_LEFT_BRACE T_IDENTIFIER T_ASSIGN T_IDENTIFIER T_PLUS T_INTEGER_LITERAL T_SEMICOLON T_RIGHT_BRACE T_ELSE T_LEFT_BRACE T_IDENTIFIER T_ASSIGN T_INTEGER_LITERAL T_SEMICOLON T_RIGHT_BRACE T_WHILE T_LEFT_PAREN T_IDENTIFIER T_GREATER T_INTEGER_LITERAL T_RIGHT_PAREN T_LEFT_BRACE T_IDENTIFIER T_DECREMENT T_SEMICOLON T_RIGHT_BRACE T_FOR T_LEFT_PAREN T_IDENTIFIER T_ASSIGN T_INTEGER_LITERAL T_SEMICOLON T_IDENTIFIER T_LESS T_INTEGER_LITERAL T_SEMICOLON T_IDENTIFIER T_INCREMENT T_RIGHT_PAREN T_LEFT_BRACE T_IDENTIFIER T_ASSIGN T_IDENTIFIER T_PLUS T_IDENTIFIER T_SEMICOLON T_RIGHT_BRACE T_FOR T_LEFT_PAREN T_IDENTIFIER T_ASSIGN T_INTEGER_LITERAL T_SEMICOLON T_IDENTIFIER T_LESS T_INTEGER_LITERAL T_SEMICOLON T_IDENTIFIER T_INCREMENT T_RIGHT_PAREN T_LEFT_BRACE T_IDENTIFIER T_LEFT_SQUARE T_IDENTIFIER T_RIGHT_SQUARE T_ASSIGN T_IDENTIFIER T_SEMICOLON T_RIGHT_BRACE T_IDENTIFIER T_ASSIGN T_NOT T_IDENTIFIER T_SEMICOLON T_IDENTIFIER T_ASSIGN T_IDENTIFIER T_MOD T_INTEGER_LITERAL T_SEMICOLON T_IDENTIFIER T_ASSIGN T_IDENTIFIER T_BITAND T_INTEGER_LITERAL T_SEMICOLON T_IDENTIFIER T_ASSIGN T_IDENTIFIER T_BITOR T_INTEGER_LITERAL T_SEMICOLON T_IDENTIFIER T_ASSIGN T_IDENTIFIER T_BITXOR T_INTEGER_LITERAL T_SEMICOLON T_IDENTIFIER T_ASSIGN T_BITNOT T_IDENTIFIER T_SEMICOLON T_INT T_IDENTIFIER T_ASSIGN T_IDENTIFIER T_LEFT_PAREN T_IDENTIFIER T_COMMA T_IDENTIFIER T_RIGHT_PAREN T_SEMICOLON T_LEFT_BRACE T_INT T_IDENTIFIER T_ASSIGN T_INTEGER_LITERAL T_SEMICOLON T_IDENTIFIER T_ASSIGN T_IDENTIFIER T_PLUS T_INTEGER_LITERAL T_SEMICOLON T_RIGHT_BRACE T_RETURN T_INTEGER_LITERAL T_SEMICOLON T_RIGHT_BRACE T_EOF 

State Stack: 0 9 16 18 26 
Symbol Stack: type_specifier T_IDENTIFIER T_LEFT_PAREN type_specifier 
Input Stack: T_IDENTIFIER T_COMMA T_INT T_IDENTIFIER T_RIGHT_PAREN T_LEFT_BRACE T_RETURN T_IDENTIFIER T_PLUS T_IDENTIFIER T_SEMICOLON T_RIGHT_BRACE T_VOID T_IDENTIFIER T_LEFT_PAREN T_RIGHT_PAREN T_LEFT_BRACE T_RIGHT_BRACE T_INT T_IDENTIFIER T_LEFT_PAREN T_RIGHT_PAREN T_LEFT_BRACE T_INT T_IDENTIFIER T_ASSIGN T_INTEGER_LITERAL T_SEMICOLON T_FLOAT T_IDENTIFIER T_ASSIGN T_FLOAT_LITERAL T_SEMICOLON T_CHAR T_IDENTIFIER T_LEFT_SQUARE T_INTEGER_LITERAL T_RIGHT_SQUARE T_SEMICOLON T_CHAR T_IDENTIFIER T_ASSIGN T_CHAR_LITERAL T_SEMICOLON T_INT T_IDENTIFIER T_ASSIGN T_INTEGER_LITERAL T_SEMICOLON T_CHAR T_IDENTIFIER T_LEFT_SQUARE T_INTEGER_LITERAL T_RIGHT_SQUARE T_SEMICOLON T_IDENTIFIER T_ASSIGN T_STRING_LITERAL T_SEMICOLON T_IDENTIFIER T_INCREMENT T_SEMICOLON T_INCREMENT T_IDENTIFIER T_SEMICOLON T_IF T_LEFT_PAREN T_IDENTIFIER T_GREATER T_IDENTIFIER T_RIGHT_PAREN T_LEFT_BRACE T_IDENTIFIER T_ASSIGN T_IDENTIFIER T_SEMICOLON T_RIGHT_BRACE T_ELSE T_IF T_LEFT_PAREN T_IDENTIFIER T_LESS T_IDENTIFIER T_RIGHT_PAREN T_LEFT_BRACE T_IDENTIFIER T_ASSIGN T_IDENTIFIER T_PLUS T_INTEGER_LITERAL T_SEMICOLON T_RIGHT_BRACE T_ELSE T_LEFT_BRACE T_IDENTIFIER T_ASSIGN T_INTEGER_LITERAL T_SEMICOLON T_RIGHT_BRACE T_WHILE T_LEFT_PAREN T_IDENTIFIER T_GREATER T_INTEGER_LITERAL T_RIGHT_PAREN T_LEFT_BRACE T_IDENTIFIER T_DECREMENT T_SEMICOLON T_RIGHT_BRACE T_FOR T_LEFT_PAREN T_IDENTIFIER T_ASSIGN T_INTEGER_LITERAL T_SEMICOLON T_IDENTIFIER T_LESS T_INTEGER_LITERAL T_SEMICOLON T_IDENTIFIER T_INCREMENT T_RIGHT_PAREN T_LEFT_BRACE T_IDENTIFIER T_ASSIGN T_IDENTIFIER T_PLUS T_IDENTIFIER T_SEMICOLON T_RIGHT_BRACE T_FOR T_LEFT_PAREN T_IDENTIFIER T_ASSIGN T_INTEGER_LITERAL T_SEMICOLON T_IDENTIFIER T_LESS T_INTEGER_LITERAL T_SEMICOLON T_IDENTIFIER T_INCREMENT T_RIGHT_PAREN T_LEFT_BRACE T_IDENTIFIER T_LEFT_SQUARE T_IDENTIFIER T_RIGHT_SQUARE T_ASSIGN T_IDENTIFIER T_SEMICOLON T_RIGHT_BRACE T_IDENTIFIER T_ASSIGN T_NOT T_IDENTIFIER T_SEMICOLON T_IDENTIFIER T_ASSIGN T_IDENTIFIER T_MOD T_INTEGER_LITERAL T_SEMICOLON T_IDENTIFIER T_ASSIGN T_IDENTIFIER T_BITAND T_INTEGER_LITERAL T_SEMICOLON T_IDENTIFIER T_ASSIGN T_IDENTIFIER T_BITOR T_INTEGER_LITERAL T_SEMICOLON T_IDENTIFIER T_ASSIGN T_IDENTIFIER T_BITXOR T_INTEGER_LITERAL T_SEMICOLON T_IDENTIFIER T_ASSIGN T_BITNOT T_IDENTIFIER T_SEMICOLON T_INT T_IDENTIFIER T_ASSIGN T_IDENTIFIER T_LEFT_PAREN T_IDENTIFIER T_COMMA T_IDENTIFIER T_RIGHT_PAREN T_SEMICOLON T_LEFT_BRACE T_INT T_IDENTIFIER T_ASSIGN T_INTEGER_LITERAL T_SEMICOLON T_IDENTIFIER T_ASSIGN T_IDENTIFIER T_PLUS T_INTEGER_LITERAL T_SEMICOLON T_RIGHT_BRACE T_RETURN T_INTEGER_LITERAL T_SEMICOLON T_RIGHT_BRACE T_EOF 

State Stack: 0 9 16 18 26 53 
Symbol Stack: type_specifier T_IDENTIFIER T_LEFT_PAREN type_specifier T_IDENTIFIER 
Input Stack: T_COMMA T_INT T_IDENTIFIER T_RIGHT_PAREN T_LEFT_BRACE T_RETURN T_IDENTIFIER T_PLUS T_IDENTIFIER T_SEMICOLON T_RIGHT_BRACE T_VOID T_IDENTIFIER T_LEFT_PAREN T_RIGHT_PAREN T_LEFT_BRACE T_RIGHT_BRACE T_INT T_IDENTIFIER T_LEFT_PAREN T_RIGHT_PAREN T_LEFT_BRACE T_INT T_IDENTIFIER T_ASSIGN T_INTEGER_LITERAL T_SEMICOLON T_FLOAT T_IDENTIFIER T_ASSIGN T_FLOAT_LITERAL T_SEMICOLON T_CHAR T_IDENTIFIER T_LEFT_SQUARE T_INTEGER_LITERAL T_RIGHT_SQUARE T_SEMICOLON T_CHAR T_IDENTIFIER T_ASSIGN T_CHAR_LITERAL T_SEMICOLON T_INT T_IDENTIFIER T_ASSIGN T_INTEGER_LITERAL T_SEMICOLON T_CHAR T_IDENTIFIER T_LEFT_SQUARE T_INTEGER_LITERAL T_RIGHT_SQUARE T_SEMICOLON T_IDENTIFIER T_ASSIGN T_STRING_LITERAL T_SEMICOLON T_IDENTIFIER T_INCREMENT T_SEMICOLON T_INCREMENT T_IDENTIFIER T_SEMICOLON T_IF T_LEFT_PAREN T_IDENTIFIER T_GREATER T_IDENTIFIER T_RIGHT_PAREN T_LEFT_BRACE T_IDENTIFIER T_ASSIGN T_IDENTIFIER T_SEMICOLON T_RIGHT_BRACE T_ELSE T_IF T_LEFT_PAREN T_IDENTIFIER T_LESS T_IDENTIFIER T_RIGHT_PAREN T_LEFT_BRACE T_IDENTIFIER T_ASSIGN T_IDENTIFIER T_PLUS T_INTEGER_LITERAL T_SEMICOLON T_RIGHT_BRACE T_ELSE T_LEFT_BRACE T_IDENTIFIER T_ASSIGN T_INTEGER_LITERAL T_SEMICOLON T_RIGHT_BRACE T_WHILE T_LEFT_PAREN T_IDENTIFIER T_GREATER T_INTEGER_LITERAL T_RIGHT_PAREN T_LEFT_BRACE T_IDENTIFIER T_DECREMENT T_SEMICOLON T_RIGHT_BRACE T_FOR T_LEFT_PAREN T_IDENTIFIER T_ASSIGN T_INTEGER_LITERAL T_SEMICOLON T_IDENTIFIER T_LESS T_INTEGER_LITERAL T_SEMICOLON T_IDENTIFIER T_INCREMENT T_RIGHT_PAREN T_LEFT_BRACE T_IDENTIFIER T_ASSIGN T_IDENTIFIER T_PLUS T_IDENTIFIER T_SEMICOLON T_RIGHT_BRACE T_FOR T_LEFT_PAREN T_IDENTIFIER T_ASSIGN T_INTEGER_LITERAL T_SEMICOLON T_IDENTIFIER T_LESS T_INTEGER_LITERAL T_SEMICOLON T_IDENTIFIER T_INCREMENT T_RIGHT_PAREN T_LEFT_BRACE T_IDENTIFIER T_LEFT_SQUARE T_IDENTIFIER T_RIGHT_SQUARE T_ASSIGN T_IDENTIFIER T_SEMICOLON T_RIGHT_BRACE T_IDENTIFIER T_ASSIGN T_NOT T_IDENTIFIER T_SEMICOLON T_IDENTIFIER T_ASSIGN T_IDENTIFIER T_MOD T_INTEGER_LITERAL T_SEMICOLON T_IDENTIFIER T_ASSIGN T_IDENTIFIER T_BITAND T_INTEGER_LITERAL T_SEMICOLON T_IDENTIFIER T_ASSIGN T_IDENTIFIER T_BITOR T_INTEGER_LITERAL T_SEMICOLON T_IDENTIFIER T_ASSIGN T_IDENTIFIER T_BITXOR T_INTEGER_LITERAL T_SEMICOLON T_IDENTIFIER T_ASSIGN T_BITNOT T_IDENTIFIER T_SEMICOLON T_INT T_IDENTIFIER T_ASSIGN T_IDENTIFIER T_LEFT_PAREN T_IDENTIFIER T_COMMA T_IDENTIFIER T_RIGHT_PAREN T_SEMICOLON T_LEFT_BRACE T_INT T_IDENTIFIER T_ASSIGN T_INTEGER_LITERAL T_SEMICOLON T_IDENTIFIER T_ASSIGN T_IDENTIFIER T_PLUS T_INTEGER_LITERAL T_SEMICOLON T_RIGHT_BRACE T_RETURN T_INTEGER_LITERAL T_SEMICOLON T_RIGHT_BRACE T_EOF 

State Stack: 0 9 16 18 27 
Symbol Stack: type_specifier T_IDENTIFIER T_LEFT_PAREN param 
Input Stack: T_COMMA T_INT T_IDENTIFIER T_RIGHT_PAREN T_LEFT_BRACE T_RETURN T_IDENTIFIER T_PLUS T_IDENTIFIER T_SEMICOLON T_RIGHT_BRACE T_VOID T_IDENTIFIER T_LEFT_PAREN T_RIGHT_PAREN T_LEFT_BRACE T_RIGHT_BRACE T_INT T_IDENTIFIER T_LEFT_PAREN T_RIGHT_PAREN T_LEFT_BRACE T_INT T_IDENTIFIER T_ASSIGN T_INTEGER_LITERAL T_SEMICOLON T_FLOAT T_IDENTIFIER T_ASSIGN T_FLOAT_LITERAL T_SEMICOLON T_CHAR T_IDENTIFIER T_LEFT_SQUARE T_INTEGER_LITERAL T_RIGHT_SQUARE T_SEMICOLON T_CHAR T_IDENTIFIER T_ASSIGN T_CHAR_LITERAL T_SEMICOLON T_INT T_IDENTIFIER T_ASSIGN T_INTEGER_LITERAL T_SEMICOLON T_CHAR T_IDENTIFIER T_LEFT_SQUARE T_INTEGER_LITERAL T_RIGHT_SQUARE T_SEMICOLON T_IDENTIFIER T_ASSIGN T_STRING_LITERAL T_SEMICOLON T_IDENTIFIER T_INCREMENT T_SEMICOLON T_INCREMENT T_IDENTIFIER T_SEMICOLON T_IF T_LEFT_PAREN T_IDENTIFIER T_GREATER T_IDENTIFIER T_RIGHT_PAREN T_LEFT_BRACE T_IDENTIFIER T_ASSIGN T_IDENTIFIER T_SEMICOLON T_RIGHT_BRACE T_ELSE T_IF T_LEFT_PAREN T_IDENTIFIER T_LESS T_IDENTIFIER T_RIGHT_PAREN T_LEFT_BRACE T_IDENTIFIER T_ASSIGN T_IDENTIFIER T_PLUS T_INTEGER_LITERAL T_SEMICOLON T_RIGHT_BRACE T_ELSE T_LEFT_BRACE T_IDENTIFIER T_ASSIGN T_INTEGER_LITERAL T_SEMICOLON T_RIGHT_BRACE T_WHILE T_LEFT_PAREN T_IDENTIFIER T_GREATER T_INTEGER_LITERAL T_RIGHT_PAREN T_LEFT_BRACE T_IDENTIFIER T_DECREMENT T_SEMICOLON T_RIGHT_BRACE T_FOR T_LEFT_PAREN T_IDENTIFIER T_ASSIGN T_INTEGER_LITERAL T_SEMICOLON T_IDENTIFIER T_LESS T_INTEGER_LITERAL T_SEMICOLON T_IDENTIFIER T_INCREMENT T_RIGHT_PAREN T_LEFT_BRACE T_IDENTIFIER T_ASSIGN T_IDENTIFIER T_PLUS T_IDENTIFIER T_SEMICOLON T_RIGHT_BRACE T_FOR T_LEFT_PAREN T_IDENTIFIER T_ASSIGN T_INTEGER_LITERAL T_SEMICOLON T_IDENTIFIER T_LESS T_INTEGER_LITERAL T_SEMICOLON T_IDENTIFIER T_INCREMENT T_RIGHT_PAREN T_LEFT_BRACE T_IDENTIFIER T_LEFT_SQUARE T_IDENTIFIER T_RIGHT_SQUARE T_ASSIGN T_IDENTIFIER T_SEMICOLON T_RIGHT_BRACE T_IDENTIFIER T_ASSIGN T_NOT T_IDENTIFIER T_SEMICOLON T_IDENTIFIER T_ASSIGN T_IDENTIFIER T_MOD T_INTEGER_LITERAL T_SEMICOLON T_IDENTIFIER T_ASSIGN T_IDENTIFIER T_BITAND T_INTEGER_LITERAL T_SEMICOLON T_IDENTIFIER T_ASSIGN T_IDENTIFIER T_BITOR T_INTEGER_LITERAL T_SEMICOLON T_IDENTIFIER T_ASSIGN T_IDENTIFIER T_BITXOR T_INTEGER_LITERAL T_SEMICOLON T_IDENTIFIER T_ASSIGN T_BITNOT T_IDENTIFIER T_SEMICOLON T_INT T_IDENTIFIER T_ASSIGN T_IDENTIFIER T_LEFT_PAREN T_IDENTIFIER T_COMMA T_IDENTIFIER T_RIGHT_PAREN T_SEMICOLON T_LEFT_BRACE T_INT T_IDENTIFIER T_ASSIGN T_INTEGER_LITERAL T_SEMICOLON T_IDENTIFIER T_ASSIGN T_IDENTIFIER T_PLUS T_INTEGER_LITERAL T_SEMICOLON T_RIGHT_BRACE T_RETURN T_INTEGER_LITERAL T_SEMICOLON T_RIGHT_BRACE T_EOF 

State Stack: 0 9 16 18 28 
Symbol Stack: type_specifier T_IDENTIFIER T_LEFT_PAREN param_list 
Input Stack: T_COMMA T_INT T_IDENTIFIER T_RIGHT_PAREN T_LEFT_BRACE T_RETURN T_IDENTIFIER T_PLUS T_IDENTIFIER T_SEMICOLON T_RIGHT_BRACE T_VOID T_IDENTIFIER T_LEFT_PAREN T_RIGHT_PAREN T_LEFT_BRACE T_RIGHT_BRACE T_INT T_IDENTIFIER T_LEFT_PAREN T_RIGHT_PAREN T_LEFT_BRACE T_INT T_IDENTIFIER T_ASSIGN T_INTEGER_LITERAL T_SEMICOLON T_FLOAT T_IDENTIFIER T_ASSIGN T_FLOAT_LITERAL T_SEMICOLON T_CHAR T_IDENTIFIER T_LEFT_SQUARE T_INTEGER_LITERAL T_RIGHT_SQUARE T_SEMICOLON T_CHAR T_IDENTIFIER T_ASSIGN T_CHAR_LITERAL T_SEMICOLON T_INT T_IDENTIFIER T_ASSIGN T_INTEGER_LITERAL T_SEMICOLON T_CHAR T_IDENTIFIER T_LEFT_SQUARE T_INTEGER_LITERAL T_RIGHT_SQUARE T_SEMICOLON T_IDENTIFIER T_ASSIGN T_STRING_LITERAL T_SEMICOLON T_IDENTIFIER T_INCREMENT T_SEMICOLON T_INCREMENT T_IDENTIFIER T_SEMICOLON T_IF T_LEFT_PAREN T_IDENTIFIER T_GREATER T_IDENTIFIER T_RIGHT_PAREN T_LEFT_BRACE T_IDENTIFIER T_ASSIGN T_IDENTIFIER T_SEMICOLON T_RIGHT_BRACE T_ELSE T_IF T_LEFT_PAREN T_IDENTIFIER T_LESS T_IDENTIFIER T_RIGHT_PAREN T_LEFT_BRACE T_IDENTIFIER T_ASSIGN T_IDENTIFIER T_PLUS T_INTEGER_LITERAL T_SEMICOLON T_RIGHT_BRACE T_ELSE T_LEFT_BRACE T_IDENTIFIER T_ASSIGN T_INTEGER_LITERAL T_SEMICOLON T_RIGHT_BRACE T_WHILE T_LEFT_PAREN T_IDENTIFIER T_GREATER T_INTEGER_LITERAL T_RIGHT_PAREN T_LEFT_BRACE T_IDENTIFIER T_DECREMENT T_SEMICOLON T_RIGHT_BRACE T_FOR T_LEFT_PAREN T_IDENTIFIER T_ASSIGN T_INTEGER_LITERAL T_SEMICOLON T_IDENTIFIER T_LESS T_INTEGER_LITERAL T_SEMICOLON T_IDENTIFIER T_INCREMENT T_RIGHT_PAREN T_LEFT_BRACE T_IDENTIFIER T_ASSIGN T_IDENTIFIER T_PLUS T_IDENTIFIER T_SEMICOLON T_RIGHT_BRACE T_FOR T_LEFT_PAREN T_IDENTIFIER T_ASSIGN T_INTEGER_LITERAL T_SEMICOLON T_IDENTIFIER T_LESS T_INTEGER_LITERAL T_SEMICOLON T_IDENTIFIER T_INCREMENT T_RIGHT_PAREN T_LEFT_BRACE T_IDENTIFIER T_LEFT_SQUARE T_IDENTIFIER T_RIGHT_SQUARE T_ASSIGN T_IDENTIFIER T_SEMICOLON T_RIGHT_BRACE T_IDENTIFIER T_ASSIGN T_NOT T_IDENTIFIER T_SEMICOLON T_IDENTIFIER T_ASSIGN T_IDENTIFIER T_MOD T_INTEGER_LITERAL T_SEMICOLON T_IDENTIFIER T_ASSIGN T_IDENTIFIER T_BITAND T_INTEGER_LITERAL T_SEMICOLON T_IDENTIFIER T_ASSIGN T_IDENTIFIER T_BITOR T_INTEGER_LITERAL T_SEMICOLON T_IDENTIFIER T_ASSIGN T_IDENTIFIER T_BITXOR T_INTEGER_LITERAL T_SEMICOLON T_IDENTIFIER T_ASSIGN T_BITNOT T_IDENTIFIER T_SEMICOLON T_INT T_IDENTIFIER T_ASSIGN T_IDENTIFIER T_LEFT_PAREN T_IDENTIFIER T_COMMA T_IDENTIFIER T_RIGHT_PAREN T_SEMICOLON T_LEFT_BRACE T_INT T_IDENTIFIER T_ASSIGN T_INTEGER_LITERAL T_SEMICOLON T_IDENTIFIER T_ASSIGN T_IDENTIFIER T_PLUS T_INTEGER_LITERAL T_SEMICOLON T_RIGHT_BRACE T_RETURN T_INTEGER_LITERAL T_SEMICOLON T_RIGHT_BRACE T_EOF 

State Stack: 0 9 16 18 28 54 
Symbol Stack: type_specifier T_IDENTIFIER T_LEFT_PAREN param_list T_COMMA 
Input Stack: T_INT T_IDENTIFIER T_RIGHT_PAREN T_LEFT_BRACE T_RETURN T_IDENTIFIER T_PLUS T_IDENTIFIER T_SEMICOLON T_RIGHT_BRACE T_VOID T_IDENTIFIER T_LEFT_PAREN T_RIGHT_PAREN T_LEFT_BRACE T_RIGHT_BRACE T_INT T_IDENTIFIER T_LEFT_PAREN T_RIGHT_PAREN T_LEFT_BRACE T_INT T_IDENTIFIER T_ASSIGN T_INTEGER_LITERAL T_SEMICOLON T_FLOAT T_IDENTIFIER T_ASSIGN T_FLOAT_LITERAL T_SEMICOLON T_CHAR T_IDENTIFIER T_LEFT_SQUARE T_INTEGER_LITERAL T_RIGHT_SQUARE T_SEMICOLON T_CHAR T_IDENTIFIER T_ASSIGN T_CHAR_LITERAL T_SEMICOLON T_INT T_IDENTIFIER T_ASSIGN T_INTEGER_LITERAL T_SEMICOLON T_CHAR T_IDENTIFIER T_LEFT_SQUARE T_INTEGER_LITERAL T_RIGHT_SQUARE T_SEMICOLON T_IDENTIFIER T_ASSIGN T_STRING_LITERAL T_SEMICOLON T_IDENTIFIER T_INCREMENT T_SEMICOLON T_INCREMENT T_IDENTIFIER T_SEMICOLON T_IF T_LEFT_PAREN T_IDENTIFIER T_GREATER T_IDENTIFIER T_RIGHT_PAREN T_LEFT_BRACE T_IDENTIFIER T_ASSIGN T_IDENTIFIER T_SEMICOLON T_RIGHT_BRACE T_ELSE T_IF T_LEFT_PAREN T_IDENTIFIER T_LESS T_IDENTIFIER T_RIGHT_PAREN T_LEFT_BRACE T_IDENTIFIER T_ASSIGN T_IDENTIFIER T_PLUS T_INTEGER_LITERAL T_SEMICOLON T_RIGHT_BRACE T_ELSE T_LEFT_BRACE T_IDENTIFIER T_ASSIGN T_INTEGER_LITERAL T_SEMICOLON T_RIGHT_BRACE T_WHILE T_LEFT_PAREN T_IDENTIFIER T_GREATER T_INTEGER_LITERAL T_RIGHT_PAREN T_LEFT_BRACE T_IDENTIFIER T_DECREMENT T_SEMICOLON T_RIGHT_BRACE T_FOR T_LEFT_PAREN T_IDENTIFIER T_ASSIGN T_INTEGER_LITERAL T_SEMICOLON T_IDENTIFIER T_LESS T_INTEGER_LITERAL T_SEMICOLON T_IDENTIFIER T_INCREMENT T_RIGHT_PAREN T_LEFT_BRACE T_IDENTIFIER T_ASSIGN T_IDENTIFIER T_PLUS T_IDENTIFIER T_SEMICOLON T_RIGHT_BRACE T_FOR T_LEFT_PAREN T_IDENTIFIER T_ASSIGN T_INTEGER_LITERAL T_SEMICOLON T_IDENTIFIER T_LESS T_INTEGER_LITERAL T_SEMICOLON T_IDENTIFIER T_INCREMENT T_RIGHT_PAREN T_LEFT_BRACE T_IDENTIFIER T_LEFT_SQUARE T_IDENTIFIER T_RIGHT_SQUARE T_ASSIGN T_IDENTIFIER T_SEMICOLON T_RIGHT_BRACE T_IDENTIFIER T_ASSIGN T_NOT T_IDENTIFIER T_SEMICOLON T_IDENTIFIER T_ASSIGN T_IDENTIFIER T_MOD T_INTEGER_LITERAL T_SEMICOLON T_IDENTIFIER T_ASSIGN T_IDENTIFIER T_BITAND T_INTEGER_LITERAL T_SEMICOLON T_IDENTIFIER T_ASSIGN T_IDENTIFIER T_BITOR T_INTEGER_LITERAL T_SEMICOLON T_IDENTIFIER T_ASSIGN T_IDENTIFIER T_BITXOR T_INTEGER_LITERAL T_SEMICOLON T_IDENTIFIER T_ASSIGN T_BITNOT T_IDENTIFIER T_SEMICOLON T_INT T_IDENTIFIER T_ASSIGN T_IDENTIFIER T_LEFT_PAREN T_IDENTIFIER T_COMMA T_IDENTIFIER T_RIGHT_PAREN T_SEMICOLON T_LEFT_BRACE T_INT T_IDENTIFIER T_ASSIGN T_INTEGER_LITERAL T_SEMICOLON T_IDENTIFIER T_ASSIGN T_IDENTIFIER T_PLUS T_INTEGER_LITERAL T_SEMICOLON T_RIGHT_BRACE T_RETURN T_INTEGER_LITERAL T_SEMICOLON T_RIGHT_BRACE T_EOF 

State Stack: 0 9 16 18 28 54 3 
Symbol Stack: type_specifier T_IDENTIFIER T_LEFT_PAREN param_list T_COMMA T_INT 
Input Stack: T_IDENTIFIER T_RIGHT_PAREN T_LEFT_BRACE T_RETURN T_IDENTIFIER T_PLUS T_IDENTIFIER T_SEMICOLON T_RIGHT_BRACE T_VOID T_IDENTIFIER T_LEFT_PAREN T_RIGHT_PAREN T_LEFT_BRACE T_RIGHT_BRACE T_INT T_IDENTIFIER T_LEFT_PAREN T_RIGHT_PAREN T_LEFT_BRACE T_INT T_IDENTIFIER T_ASSIGN T_INTEGER_LITERAL T_SEMICOLON T_FLOAT T_IDENTIFIER T_ASSIGN T_FLOAT_LITERAL T_SEMICOLON T_CHAR T_IDENTIFIER T_LEFT_SQUARE T_INTEGER_LITERAL T_RIGHT_SQUARE T_SEMICOLON T_CHAR T_IDENTIFIER T_ASSIGN T_CHAR_LITERAL T_SEMICOLON T_INT T_IDENTIFIER T_ASSIGN T_INTEGER_LITERAL T_SEMICOLON T_CHAR T_IDENTIFIER T_LEFT_SQUARE T_INTEGER_LITERAL T_RIGHT_SQUARE T_SEMICOLON T_IDENTIFIER T_ASSIGN T_STRING_LITERAL T_SEMICOLON T_IDENTIFIER T_INCREMENT T_SEMICOLON T_INCREMENT T_IDENTIFIER T_SEMICOLON T_IF T_LEFT_PAREN T_IDENTIFIER T_GREATER T_IDENTIFIER T_RIGHT_PAREN T_LEFT_BRACE T_IDENTIFIER T_ASSIGN T_IDENTIFIER T_SEMICOLON T_RIGHT_BRACE T_ELSE T_IF T_LEFT_PAREN T_IDENTIFIER T_LESS T_IDENTIFIER T_RIGHT_PAREN T_LEFT_BRACE T_IDENTIFIER T_ASSIGN T_IDENTIFIER T_PLUS T_INTEGER_LITERAL T_SEMICOLON T_RIGHT_BRACE T_ELSE T_LEFT_BRACE T_IDENTIFIER T_ASSIGN T_INTEGER_LITERAL T_SEMICOLON T_RIGHT_BRACE T_WHILE T_LEFT_PAREN T_IDENTIFIER T_GREATER T_INTEGER_LITERAL T_RIGHT_PAREN T_LEFT_BRACE T_IDENTIFIER T_DECREMENT T_SEMICOLON T_RIGHT_BRACE T_FOR T_LEFT_PAREN T_IDENTIFIER T_ASSIGN T_INTEGER_LITERAL T_SEMICOLON T_IDENTIFIER T_LESS T_INTEGER_LITERAL T_SEMICOLON T_IDENTIFIER T_INCREMENT T_RIGHT_PAREN T_LEFT_BRACE T_IDENTIFIER T_ASSIGN T_IDENTIFIER T_PLUS T_IDENTIFIER T_SEMICOLON T_RIGHT_BRACE T_FOR T_LEFT_PAREN T_IDENTIFIER T_ASSIGN T_INTEGER_LITERAL T_SEMICOLON T_IDENTIFIER T_LESS T_INTEGER_LITERAL T_SEMICOLON T_IDENTIFIER T_INCREMENT T_RIGHT_PAREN T_LEFT_BRACE T_IDENTIFIER T_LEFT_SQUARE T_IDENTIFIER T_RIGHT_SQUARE T_ASSIGN T_IDENTIFIER T_SEMICOLON T_RIGHT_BRACE T_IDENTIFIER T_ASSIGN T_NOT T_IDENTIFIER T_SEMICOLON T_IDENTIFIER T_ASSIGN T_IDENTIFIER T_MOD T_INTEGER_LITERAL T_SEMICOLON T_IDENTIFIER T_ASSIGN T_IDENTIFIER T_BITAND T_INTEGER_LITERAL T_SEMICOLON T_IDENTIFIER T_ASSIGN T_IDENTIFIER T_BITOR T_INTEGER_LITERAL T_SEMICOLON T_IDENTIFIER T_ASSIGN T_IDENTIFIER T_BITXOR T_INTEGER_LITERAL T_SEMICOLON T_IDENTIFIER T_ASSIGN T_BITNOT T_IDENTIFIER T_SEMICOLON T_INT T_IDENTIFIER T_ASSIGN T_IDENTIFIER T_LEFT_PAREN T_IDENTIFIER T_COMMA T_IDENTIFIER T_RIGHT_PAREN T_SEMICOLON T_LEFT_BRACE T_INT T_IDENTIFIER T_ASSIGN T_INTEGER_LITERAL T_SEMICOLON T_IDENTIFIER T_ASSIGN T_IDENTIFIER T_PLUS T_INTEGER_LITERAL T_SEMICOLON T_RIGHT_BRACE T_RETURN T_INTEGER_LITERAL T_SEMICOLON T_RIGHT_BRACE T_EOF 

State Stack: 0 9 16 18 28 54 14 
Symbol Stack: type_specifier T_IDENTIFIER T_LEFT_PAREN param_list T_COMMA simple_type 
Input Stack: T_IDENTIFIER T_RIGHT_PAREN T_LEFT_BRACE T_RETURN T_IDENTIFIER T_PLUS T_IDENTIFIER T_SEMICOLON T_RIGHT_BRACE T_VOID T_IDENTIFIER T_LEFT_PAREN T_RIGHT_PAREN T_LEFT_BRACE T_RIGHT_BRACE T_INT T_IDENTIFIER T_LEFT_PAREN T_RIGHT_PAREN T_LEFT_BRACE T_INT T_IDENTIFIER T_ASSIGN T_INTEGER_LITERAL T_SEMICOLON T_FLOAT T_IDENTIFIER T_ASSIGN T_FLOAT_LITERAL T_SEMICOLON T_CHAR T_IDENTIFIER T_LEFT_SQUARE T_INTEGER_LITERAL T_RIGHT_SQUARE T_SEMICOLON T_CHAR T_IDENTIFIER T_ASSIGN T_CHAR_LITERAL T_SEMICOLON T_INT T_IDENTIFIER T_ASSIGN T_INTEGER_LITERAL T_SEMICOLON T_CHAR T_IDENTIFIER T_LEFT_SQUARE T_INTEGER_LITERAL T_RIGHT_SQUARE T_SEMICOLON T_IDENTIFIER T_ASSIGN T_STRING_LITERAL T_SEMICOLON T_IDENTIFIER T_INCREMENT T_SEMICOLON T_INCREMENT T_IDENTIFIER T_SEMICOLON T_IF T_LEFT_PAREN T_IDENTIFIER T_GREATER T_IDENTIFIER T_RIGHT_PAREN T_LEFT_BRACE T_IDENTIFIER T_ASSIGN T_IDENTIFIER T_SEMICOLON T_RIGHT_BRACE T_ELSE T_IF T_LEFT_PAREN T_IDENTIFIER T_LESS T_IDENTIFIER T_RIGHT_PAREN T_LEFT_BRACE T_IDENTIFIER T_ASSIGN T_IDENTIFIER T_PLUS T_INTEGER_LITERAL T_SEMICOLON T_RIGHT_BRACE T_ELSE T_LEFT_BRACE T_IDENTIFIER T_ASSIGN T_INTEGER_LITERAL T_SEMICOLON T_RIGHT_BRACE T_WHILE T_LEFT_PAREN T_IDENTIFIER T_GREATER T_INTEGER_LITERAL T_RIGHT_PAREN T_LEFT_BRACE T_IDENTIFIER T_DECREMENT T_SEMICOLON T_RIGHT_BRACE T_FOR T_LEFT_PAREN T_IDENTIFIER T_ASSIGN T_INTEGER_LITERAL T_SEMICOLON T_IDENTIFIER T_LESS T_INTEGER_LITERAL T_SEMICOLON T_IDENTIFIER T_INCREMENT T_RIGHT_PAREN T_LEFT_BRACE T_IDENTIFIER T_ASSIGN T_IDENTIFIER T_PLUS T_IDENTIFIER T_SEMICOLON T_RIGHT_BRACE T_FOR T_LEFT_PAREN T_IDENTIFIER T_ASSIGN T_INTEGER_LITERAL T_SEMICOLON T_IDENTIFIER T_LESS T_INTEGER_LITERAL T_SEMICOLON T_IDENTIFIER T_INCREMENT T_RIGHT_PAREN T_LEFT_BRACE T_IDENTIFIER T_LEFT_SQUARE T_IDENTIFIER T_RIGHT_SQUARE T_ASSIGN T_IDENTIFIER T_SEMICOLON T_RIGHT_BRACE T_IDENTIFIER T_ASSIGN T_NOT T_IDENTIFIER T_SEMICOLON T_IDENTIFIER T_ASSIGN T_IDENTIFIER T_MOD T_INTEGER_LITERAL T_SEMICOLON T_IDENTIFIER T_ASSIGN T_IDENTIFIER T_BITAND T_INTEGER_LITERAL T_SEMICOLON T_IDENTIFIER T_ASSIGN T_IDENTIFIER T_BITOR T_INTEGER_LITERAL T_SEMICOLON T_IDENTIFIER T_ASSIGN T_IDENTIFIER T_BITXOR T_INTEGER_LITERAL T_SEMICOLON T_IDENTIFIER T_ASSIGN T_BITNOT T_IDENTIFIER T_SEMICOLON T_INT T_IDENTIFIER T_ASSIGN T_IDENTIFIER T_LEFT_PAREN T_IDENTIFIER T_COMMA T_IDENTIFIER T_RIGHT_PAREN T_SEMICOLON T_LEFT_BRACE T_INT T_IDENTIFIER T_ASSIGN T_INTEGER_LITERAL T_SEMICOLON T_IDENTIFIER T_ASSIGN T_IDENTIFIER T_PLUS T_INTEGER_LITERAL T_SEMICOLON T_RIGHT_BRACE T_RETURN T_INTEGER_LITERAL T_SEMICOLON T_RIGHT_BRACE T_EOF 

State Stack: 0 9 16 18 28 54 26 
Symbol Stack: type_specifier T_IDENTIFIER T_LEFT_PAREN param_list T_COMMA type_specifier 
Input Stack: T_IDENTIFIER T_RIGHT_PAREN T_LEFT_BRACE T_RETURN T_IDENTIFIER T_PLUS T_IDENTIFIER T_SEMICOLON T_RIGHT_BRACE T_VOID T_IDENTIFIER T_LEFT_PAREN T_RIGHT_PAREN T_LEFT_BRACE T_RIGHT_BRACE T_INT T_IDENTIFIER T_LEFT_PAREN T_RIGHT_PAREN T_LEFT_BRACE T_INT T_IDENTIFIER T_ASSIGN T_INTEGER_LITERAL T_SEMICOLON T_FLOAT T_IDENTIFIER T_ASSIGN T_FLOAT_LITERAL T_SEMICOLON T_CHAR T_IDENTIFIER T_LEFT_SQUARE T_INTEGER_LITERAL T_RIGHT_SQUARE T_SEMICOLON T_CHAR T_IDENTIFIER T_ASSIGN T_CHAR_LITERAL T_SEMICOLON T_INT T_IDENTIFIER T_ASSIGN T_INTEGER_LITERAL T_SEMICOLON T_CHAR T_IDENTIFIER T_LEFT_SQUARE T_INTEGER_LITERAL T_RIGHT_SQUARE T_SEMICOLON T_IDENTIFIER T_ASSIGN T_STRING_LITERAL T_SEMICOLON T_IDENTIFIER T_INCREMENT T_SEMICOLON T_INCREMENT T_IDENTIFIER T_SEMICOLON T_IF T_LEFT_PAREN T_IDENTIFIER T_GREATER T_IDENTIFIER T_RIGHT_PAREN T_LEFT_BRACE T_IDENTIFIER T_ASSIGN T_IDENTIFIER T_SEMICOLON T_RIGHT_BRACE T_ELSE T_IF T_LEFT_PAREN T_IDENTIFIER T_LESS T_IDENTIFIER T_RIGHT_PAREN T_LEFT_BRACE T_IDENTIFIER T_ASSIGN T_IDENTIFIER T_PLUS T_INTEGER_LITERAL T_SEMICOLON T_RIGHT_BRACE T_ELSE T_LEFT_BRACE T_IDENTIFIER T_ASSIGN T_INTEGER_LITERAL T_SEMICOLON T_RIGHT_BRACE T_WHILE T_LEFT_PAREN T_IDENTIFIER T_GREATER T_INTEGER_LITERAL T_RIGHT_PAREN T_LEFT_BRACE T_IDENTIFIER T_DECREMENT T_SEMICOLON T_RIGHT_BRACE T_FOR T_LEFT_PAREN T_IDENTIFIER T_ASSIGN T_INTEGER_LITERAL T_SEMICOLON T_IDENTIFIER T_LESS T_INTEGER_LITERAL T_SEMICOLON T_IDENTIFIER T_INCREMENT T_RIGHT_PAREN T_LEFT_BRACE T_IDENTIFIER T_ASSIGN T_IDENTIFIER T_PLUS T_IDENTIFIER T_SEMICOLON T_RIGHT_BRACE T_FOR T_LEFT_PAREN T_IDENTIFIER T_ASSIGN T_INTEGER_LITERAL T_SEMICOLON T_IDENTIFIER T_LESS T_INTEGER_LITERAL T_SEMICOLON T_IDENTIFIER T_INCREMENT T_RIGHT_PAREN T_LEFT_BRACE T_IDENTIFIER T_LEFT_SQUARE T_IDENTIFIER T_RIGHT_SQUARE T_ASSIGN T_IDENTIFIER T_SEMICOLON T_RIGHT_BRACE T_IDENTIFIER T_ASSIGN T_NOT T_IDENTIFIER T_SEMICOLON T_IDENTIFIER T_ASSIGN T_IDENTIFIER T_MOD T_INTEGER_LITERAL T_SEMICOLON T_IDENTIFIER T_ASSIGN T_IDENTIFIER T_BITAND T_INTEGER_LITERAL T_SEMICOLON T_IDENTIFIER T_ASSIGN T_IDENTIFIER T_BITOR T_INTEGER_LITERAL T_SEMICOLON T_IDENTIFIER T_ASSIGN T_IDENTIFIER T_BITXOR T_INTEGER_LITERAL T_SEMICOLON T_IDENTIFIER T_ASSIGN T_BITNOT T_IDENTIFIER T_SEMICOLON T_INT T_IDENTIFIER T_ASSIGN T_IDENTIFIER T_LEFT_PAREN T_IDENTIFIER T_COMMA T_IDENTIFIER T_RIGHT_PAREN T_SEMICOLON T_LEFT_BRACE T_INT T_IDENTIFIER T_ASSIGN T_INTEGER_LITERAL T_SEMICOLON T_IDENTIFIER T_ASSIGN T_IDENTIFIER T_PLUS T_INTEGER_LITERAL T_SEMICOLON T_RIGHT_BRACE T_RETURN T_INTEGER_LITERAL T_SEMICOLON T_RIGHT_BRACE T_EOF 

State Stack: 0 9 16 18 28 54 26 53 
Symbol Stack: type_specifier T_IDENTIFIER T_LEFT_PAREN param_list T_COMMA type_specifier T_IDENTIFIER 
Input Stack: T_RIGHT_PAREN T_LEFT_BRACE T_RETURN T_IDENTIFIER T_PLUS T_IDENTIFIER T_SEMICOLON T_RIGHT_BRACE T_VOID T_IDENTIFIER T_LEFT_PAREN T_RIGHT_PAREN T_LEFT_BRACE T_RIGHT_BRACE T_INT T_IDENTIFIER T_LEFT_PAREN T_RIGHT_PAREN T_LEFT_BRACE T_INT T_IDENTIFIER T_ASSIGN T_INTEGER_LITERAL T_SEMICOLON T_FLOAT T_IDENTIFIER T_ASSIGN T_FLOAT_LITERAL T_SEMICOLON T_CHAR T_IDENTIFIER T_LEFT_SQUARE T_INTEGER_LITERAL T_RIGHT_SQUARE T_SEMICOLON T_CHAR T_IDENTIFIER T_ASSIGN T_CHAR_LITERAL T_SEMICOLON T_INT T_IDENTIFIER T_ASSIGN T_INTEGER_LITERAL T_SEMICOLON T_CHAR T_IDENTIFIER T_LEFT_SQUARE T_INTEGER_LITERAL T_RIGHT_SQUARE T_SEMICOLON T_IDENTIFIER T_ASSIGN T_STRING_LITERAL T_SEMICOLON T_IDENTIFIER T_INCREMENT T_SEMICOLON T_INCREMENT T_IDENTIFIER T_SEMICOLON T_IF T_LEFT_PAREN T_IDENTIFIER T_GREATER T_IDENTIFIER T_RIGHT_PAREN T_LEFT_BRACE T_IDENTIFIER T_ASSIGN T_IDENTIFIER T_SEMICOLON T_RIGHT_BRACE T_ELSE T_IF T_LEFT_PAREN T_IDENTIFIER T_LESS T_IDENTIFIER T_RIGHT_PAREN T_LEFT_BRACE T_IDENTIFIER T_ASSIGN T_IDENTIFIER T_PLUS T_INTEGER_LITERAL T_SEMICOLON T_RIGHT_BRACE T_ELSE T_LEFT_BRACE T_IDENTIFIER T_ASSIGN T_INTEGER_LITERAL T_SEMICOLON T_RIGHT_BRACE T_WHILE T_LEFT_PAREN T_IDENTIFIER T_GREATER T_INTEGER_LITERAL T_RIGHT_PAREN T_LEFT_BRACE T_IDENTIFIER T_DECREMENT T_SEMICOLON T_RIGHT_BRACE T_FOR T_LEFT_PAREN T_IDENTIFIER T_ASSIGN T_INTEGER_LITERAL T_SEMICOLON T_IDENTIFIER T_LESS T_INTEGER_LITERAL T_SEMICOLON T_IDENTIFIER T_INCREMENT T_RIGHT_PAREN T_LEFT_BRACE T_IDENTIFIER T_ASSIGN T_IDENTIFIER T_PLUS T_IDENTIFIER T_SEMICOLON T_RIGHT_BRACE T_FOR T_LEFT_PAREN T_IDENTIFIER T_ASSIGN T_INTEGER_LITERAL T_SEMICOLON T_IDENTIFIER T_LESS T_INTEGER_LITERAL T_SEMICOLON T_IDENTIFIER T_INCREMENT T_RIGHT_PAREN T_LEFT_BRACE T_IDENTIFIER T_LEFT_SQUARE T_IDENTIFIER T_RIGHT_SQUARE T_ASSIGN T_IDENTIFIER T_SEMICOLON T_RIGHT_BRACE T_IDENTIFIER T_ASSIGN T_NOT T_IDENTIFIER T_SEMICOLON T_IDENTIFIER T_ASSIGN T_IDENTIFIER T_MOD T_INTEGER_LITERAL T_SEMICOLON T_IDENTIFIER T_ASSIGN T_IDENTIFIER T_BITAND T_INTEGER_LITERAL T_SEMICOLON T_IDENTIFIER T_ASSIGN T_IDENTIFIER T_BITOR T_INTEGER_LITERAL T_SEMICOLON T_IDENTIFIER T_ASSIGN T_IDENTIFIER T_BITXOR T_INTEGER_LITERAL T_SEMICOLON T_IDENTIFIER T_ASSIGN T_BITNOT T_IDENTIFIER T_SEMICOLON T_INT T_IDENTIFIER T_ASSIGN T_IDENTIFIER T_LEFT_PAREN T_IDENTIFIER T_COMMA T_IDENTIFIER T_RIGHT_PAREN T_SEMICOLON T_LEFT_BRACE T_INT T_IDENTIFIER T_ASSIGN T_INTEGER_LITERAL T_SEMICOLON T_IDENTIFIER T_ASSIGN T_IDENTIFIER T_PLUS T_INTEGER_LITERAL T_SEMICOLON T_RIGHT_BRACE T_RETURN T_INTEGER_LITERAL T_SEMICOLON T_RIGHT_BRACE T_EOF 

State Stack: 0 9 16 18 28 54 122 
Symbol Stack: type_specifier T_IDENTIFIER T_LEFT_PAREN param_list T_COMMA param 
Input Stack: T_RIGHT_PAREN T_LEFT_BRACE T_RETURN T_IDENTIFIER T_PLUS T_IDENTIFIER T_SEMICOLON T_RIGHT_BRACE T_VOID T_IDENTIFIER T_LEFT_PAREN T_RIGHT_PAREN T_LEFT_BRACE T_RIGHT_BRACE T_INT T_IDENTIFIER T_LEFT_PAREN T_RIGHT_PAREN T_LEFT_BRACE T_INT T_IDENTIFIER T_ASSIGN T_INTEGER_LITERAL T_SEMICOLON T_FLOAT T_IDENTIFIER T_ASSIGN T_FLOAT_LITERAL T_SEMICOLON T_CHAR T_IDENTIFIER T_LEFT_SQUARE T_INTEGER_LITERAL T_RIGHT_SQUARE T_SEMICOLON T_CHAR T_IDENTIFIER T_ASSIGN T_CHAR_LITERAL T_SEMICOLON T_INT T_IDENTIFIER T_ASSIGN T_INTEGER_LITERAL T_SEMICOLON T_CHAR T_IDENTIFIER T_LEFT_SQUARE T_INTEGER_LITERAL T_RIGHT_SQUARE T_SEMICOLON T_IDENTIFIER T_ASSIGN T_STRING_LITERAL T_SEMICOLON T_IDENTIFIER T_INCREMENT T_SEMICOLON T_INCREMENT T_IDENTIFIER T_SEMICOLON T_IF T_LEFT_PAREN T_IDENTIFIER T_GREATER T_IDENTIFIER T_RIGHT_PAREN T_LEFT_BRACE T_IDENTIFIER T_ASSIGN T_IDENTIFIER T_SEMICOLON T_RIGHT_BRACE T_ELSE T_IF T_LEFT_PAREN T_IDENTIFIER T_LESS T_IDENTIFIER T_RIGHT_PAREN T_LEFT_BRACE T_IDENTIFIER T_ASSIGN T_IDENTIFIER T_PLUS T_INTEGER_LITERAL T_SEMICOLON T_RIGHT_BRACE T_ELSE T_LEFT_BRACE T_IDENTIFIER T_ASSIGN T_INTEGER_LITERAL T_SEMICOLON T_RIGHT_BRACE T_WHILE T_LEFT_PAREN T_IDENTIFIER T_GREATER T_INTEGER_LITERAL T_RIGHT_PAREN T_LEFT_BRACE T_IDENTIFIER T_DECREMENT T_SEMICOLON T_RIGHT_BRACE T_FOR T_LEFT_PAREN T_IDENTIFIER T_ASSIGN T_INTEGER_LITERAL T_SEMICOLON T_IDENTIFIER T_LESS T_INTEGER_LITERAL T_SEMICOLON T_IDENTIFIER T_INCREMENT T_RIGHT_PAREN T_LEFT_BRACE T_IDENTIFIER T_ASSIGN T_IDENTIFIER T_PLUS T_IDENTIFIER T_SEMICOLON T_RIGHT_BRACE T_FOR T_LEFT_PAREN T_IDENTIFIER T_ASSIGN T_INTEGER_LITERAL T_SEMICOLON T_IDENTIFIER T_LESS T_INTEGER_LITERAL T_SEMICOLON T_IDENTIFIER T_INCREMENT T_RIGHT_PAREN T_LEFT_BRACE T_IDENTIFIER T_LEFT_SQUARE T_IDENTIFIER T_RIGHT_SQUARE T_ASSIGN T_IDENTIFIER T_SEMICOLON T_RIGHT_BRACE T_IDENTIFIER T_ASSIGN T_NOT T_IDENTIFIER T_SEMICOLON T_IDENTIFIER T_ASSIGN T_IDENTIFIER T_MOD T_INTEGER_LITERAL T_SEMICOLON T_IDENTIFIER T_ASSIGN T_IDENTIFIER T_BITAND T_INTEGER_LITERAL T_SEMICOLON T_IDENTIFIER T_ASSIGN T_IDENTIFIER T_BITOR T_INTEGER_LITERAL T_SEMICOLON T_IDENTIFIER T_ASSIGN T_IDENTIFIER T_BITXOR T_INTEGER_LITERAL T_SEMICOLON T_IDENTIFIER T_ASSIGN T_BITNOT T_IDENTIFIER T_SEMICOLON T_INT T_IDENTIFIER T_ASSIGN T_IDENTIFIER T_LEFT_PAREN T_IDENTIFIER T_COMMA T_IDENTIFIER T_RIGHT_PAREN T_SEMICOLON T_LEFT_BRACE T_INT T_IDENTIFIER T_ASSIGN T_INTEGER_LITERAL T_SEMICOLON T_IDENTIFIER T_ASSIGN T_IDENTIFIER T_PLUS T_INTEGER_LITERAL T_SEMICOLON T_RIGHT_BRACE T_RETURN T_INTEGER_LITERAL T_SEMICOLON T_RIGHT_BRACE T_EOF 

State Stack: 0 9 16 18 28 
Symbol Stack: type_specifier T_IDENTIFIER T_LEFT_PAREN param_list 
Input Stack: T_RIGHT_PAREN T_LEFT_BRACE T_RETURN T_IDENTIFIER T_PLUS T_IDENTIFIER T_SEMICOLON T_RIGHT_BRACE T_VOID T_IDENTIFIER T_LEFT_PAREN T_RIGHT_PAREN T_LEFT_BRACE T_RIGHT_BRACE T_INT T_IDENTIFIER T_LEFT_PAREN T_RIGHT_PAREN T_LEFT_BRACE T_INT T_IDENTIFIER T_ASSIGN T_INTEGER_LITERAL T_SEMICOLON T_FLOAT T_IDENTIFIER T_ASSIGN T_FLOAT_LITERAL T_SEMICOLON T_CHAR T_IDENTIFIER T_LEFT_SQUARE T_INTEGER_LITERAL T_RIGHT_SQUARE T_SEMICOLON T_CHAR T_IDENTIFIER T_ASSIGN T_CHAR_LITERAL T_SEMICOLON T_INT T_IDENTIFIER T_ASSIGN T_INTEGER_LITERAL T_SEMICOLON T_CHAR T_IDENTIFIER T_LEFT_SQUARE T_INTEGER_LITERAL T_RIGHT_SQUARE T_SEMICOLON T_IDENTIFIER T_ASSIGN T_STRING_LITERAL T_SEMICOLON T_IDENTIFIER T_INCREMENT T_SEMICOLON T_INCREMENT T_IDENTIFIER T_SEMICOLON T_IF T_LEFT_PAREN T_IDENTIFIER T_GREATER T_IDENTIFIER T_RIGHT_PAREN T_LEFT_BRACE T_IDENTIFIER T_ASSIGN T_IDENTIFIER T_SEMICOLON T_RIGHT_BRACE T_ELSE T_IF T_LEFT_PAREN T_IDENTIFIER T_LESS T_IDENTIFIER T_RIGHT_PAREN T_LEFT_BRACE T_IDENTIFIER T_ASSIGN T_IDENTIFIER T_PLUS T_INTEGER_LITERAL T_SEMICOLON T_RIGHT_BRACE T_ELSE T_LEFT_BRACE T_IDENTIFIER T_ASSIGN T_INTEGER_LITERAL T_SEMICOLON T_RIGHT_BRACE T_WHILE T_LEFT_PAREN T_IDENTIFIER T_GREATER T_INTEGER_LITERAL T_RIGHT_PAREN T_LEFT_BRACE T_IDENTIFIER T_DECREMENT T_SEMICOLON T_RIGHT_BRACE T_FOR T_LEFT_PAREN T_IDENTIFIER T_ASSIGN T_INTEGER_LITERAL T_SEMICOLON T_IDENTIFIER T_LESS T_INTEGER_LITERAL T_SEMICOLON T_IDENTIFIER T_INCREMENT T_RIGHT_PAREN T_LEFT_BRACE T_IDENTIFIER T_ASSIGN T_IDENTIFIER T_PLUS T_IDENTIFIER T_SEMICOLON T_RIGHT_BRACE T_FOR T_LEFT_PAREN T_IDENTIFIER T_ASSIGN T_INTEGER_LITERAL T_SEMICOLON T_IDENTIFIER T_LESS T_INTEGER_LITERAL T_SEMICOLON T_IDENTIFIER T_INCREMENT T_RIGHT_PAREN T_LEFT_BRACE T_IDENTIFIER T_LEFT_SQUARE T_IDENTIFIER T_RIGHT_SQUARE T_ASSIGN T_IDENTIFIER T_SEMICOLON T_RIGHT_BRACE T_IDENTIFIER T_ASSIGN T_NOT T_IDENTIFIER T_SEMICOLON T_IDENTIFIER T_ASSIGN T_IDENTIFIER T_MOD T_INTEGER_LITERAL T_SEMICOLON T_IDENTIFIER T_ASSIGN T_IDENTIFIER T_BITAND T_INTEGER_LITERAL T_SEMICOLON T_IDENTIFIER T_ASSIGN T_IDENTIFIER T_BITOR T_INTEGER_LITERAL T_SEMICOLON T_IDENTIFIER T_ASSIGN T_IDENTIFIER T_BITXOR T_INTEGER_LITERAL T_SEMICOLON T_IDENTIFIER T_ASSIGN T_BITNOT T_IDENTIFIER T_SEMICOLON T_INT T_IDENTIFIER T_ASSIGN T_IDENTIFIER T_LEFT_PAREN T_IDENTIFIER T_COMMA T_IDENTIFIER T_RIGHT_PAREN T_SEMICOLON T_LEFT_BRACE T_INT T_IDENTIFIER T_ASSIGN T_INTEGER_LITERAL T_SEMICOLON T_IDENTIFIER T_ASSIGN T_IDENTIFIER T_PLUS T_INTEGER_LITERAL T_SEMICOLON T_RIGHT_BRACE T_RETURN T_INTEGER_LITERAL T_SEMICOLON T_RIGHT_BRACE T_EOF 

State Stack: 0 9 16 18 25 
Symbol Stack: type_specifier T_IDENTIFIER T_LEFT_PAREN params 
Input Stack: T_RIGHT_PAREN T_LEFT_BRACE T_RETURN T_IDENTIFIER T_PLUS T_IDENTIFIER T_SEMICOLON T_RIGHT_BRACE T_VOID T_IDENTIFIER T_LEFT_PAREN T_RIGHT_PAREN T_LEFT_BRACE T_RIGHT_BRACE T_INT T_IDENTIFIER T_LEFT_PAREN T_RIGHT_PAREN T_LEFT_BRACE T_INT T_IDENTIFIER T_ASSIGN T_INTEGER_LITERAL T_SEMICOLON T_FLOAT T_IDENTIFIER T_ASSIGN T_FLOAT_LITERAL T_SEMICOLON T_CHAR T_IDENTIFIER T_LEFT_SQUARE T_INTEGER_LITERAL T_RIGHT_SQUARE T_SEMICOLON T_CHAR T_IDENTIFIER T_ASSIGN T_CHAR_LITERAL T_SEMICOLON T_INT T_IDENTIFIER T_ASSIGN T_INTEGER_LITERAL T_SEMICOLON T_CHAR T_IDENTIFIER T_LEFT_SQUARE T_INTEGER_LITERAL T_RIGHT_SQUARE T_SEMICOLON T_IDENTIFIER T_ASSIGN T_STRING_LITERAL T_SEMICOLON T_IDENTIFIER T_INCREMENT T_SEMICOLON T_INCREMENT T_IDENTIFIER T_SEMICOLON T_IF T_LEFT_PAREN T_IDENTIFIER T_GREATER T_IDENTIFIER T_RIGHT_PAREN T_LEFT_BRACE T_IDENTIFIER T_ASSIGN T_IDENTIFIER T_SEMICOLON T_RIGHT_BRACE T_ELSE T_IF T_LEFT_PAREN T_IDENTIFIER T_LESS T_IDENTIFIER T_RIGHT_PAREN T_LEFT_BRACE T_IDENTIFIER T_ASSIGN T_IDENTIFIER T_PLUS T_INTEGER_LITERAL T_SEMICOLON T_RIGHT_BRACE T_ELSE T_LEFT_BRACE T_IDENTIFIER T_ASSIGN T_INTEGER_LITERAL T_SEMICOLON T_RIGHT_BRACE T_WHILE T_LEFT_PAREN T_IDENTIFIER T_GREATER T_INTEGER_LITERAL T_RIGHT_PAREN T_LEFT_BRACE T_IDENTIFIER T_DECREMENT T_SEMICOLON T_RIGHT_BRACE T_FOR T_LEFT_PAREN T_IDENTIFIER T_ASSIGN T_INTEGER_LITERAL T_SEMICOLON T_IDENTIFIER T_LESS T_INTEGER_LITERAL T_SEMICOLON T_IDENTIFIER T_INCREMENT T_RIGHT_PAREN T_LEFT_BRACE T_IDENTIFIER T_ASSIGN T_IDENTIFIER T_PLUS T_IDENTIFIER T_SEMICOLON T_RIGHT_BRACE T_FOR T_LEFT_PAREN T_IDENTIFIER T_ASSIGN T_INTEGER_LITERAL T_SEMICOLON T_IDENTIFIER T_LESS T_INTEGER_LITERAL T_SEMICOLON T_IDENTIFIER T_INCREMENT T_RIGHT_PAREN T_LEFT_BRACE T_IDENTIFIER T_LEFT_SQUARE T_IDENTIFIER T_RIGHT_SQUARE T_ASSIGN T_IDENTIFIER T_SEMICOLON T_RIGHT_BRACE T_IDENTIFIER T_ASSIGN T_NOT T_IDENTIFIER T_SEMICOLON T_IDENTIFIER T_ASSIGN T_IDENTIFIER T_MOD T_INTEGER_LITERAL T_SEMICOLON T_IDENTIFIER T_ASSIGN T_IDENTIFIER T_BITAND T_INTEGER_LITERAL T_SEMICOLON T_IDENTIFIER T_ASSIGN T_IDENTIFIER T_BITOR T_INTEGER_LITERAL T_SEMICOLON T_IDENTIFIER T_ASSIGN T_IDENTIFIER T_BITXOR T_INTEGER_LITERAL T_SEMICOLON T_IDENTIFIER T_ASSIGN T_BITNOT T_IDENTIFIER T_SEMICOLON T_INT T_IDENTIFIER T_ASSIGN T_IDENTIFIER T_LEFT_PAREN T_IDENTIFIER T_COMMA T_IDENTIFIER T_RIGHT_PAREN T_SEMICOLON T_LEFT_BRACE T_INT T_IDENTIFIER T_ASSIGN T_INTEGER_LITERAL T_SEMICOLON T_IDENTIFIER T_ASSIGN T_IDENTIFIER T_PLUS T_INTEGER_LITERAL T_SEMICOLON T_RIGHT_BRACE T_RETURN T_INTEGER_LITERAL T_SEMICOLON T_RIGHT_BRACE T_EOF 

State Stack: 0 9 16 18 25 52 
Symbol Stack: type_specifier T_IDENTIFIER T_LEFT_PAREN params T_RIGHT_PAREN 
Input Stack: T_LEFT_BRACE T_RETURN T_IDENTIFIER T_PLUS T_IDENTIFIER T_SEMICOLON T_RIGHT_BRACE T_VOID T_IDENTIFIER T_LEFT_PAREN T_RIGHT_PAREN T_LEFT_BRACE T_RIGHT_BRACE T_INT T_IDENTIFIER T_LEFT_PAREN T_RIGHT_PAREN T_LEFT_BRACE T_INT T_IDENTIFIER T_ASSIGN T_INTEGER_LITERAL T_SEMICOLON T_FLOAT T_IDENTIFIER T_ASSIGN T_FLOAT_LITERAL T_SEMICOLON T_CHAR T_IDENTIFIER T_LEFT_SQUARE T_INTEGER_LITERAL T_RIGHT_SQUARE T_SEMICOLON T_CHAR T_IDENTIFIER T_ASSIGN T_CHAR_LITERAL T_SEMICOLON T_INT T_IDENTIFIER T_ASSIGN T_INTEGER_LITERAL T_SEMICOLON T_CHAR T_IDENTIFIER T_LEFT_SQUARE T_INTEGER_LITERAL T_RIGHT_SQUARE T_SEMICOLON T_IDENTIFIER T_ASSIGN T_STRING_LITERAL T_SEMICOLON T_IDENTIFIER T_INCREMENT T_SEMICOLON T_INCREMENT T_IDENTIFIER T_SEMICOLON T_IF T_LEFT_PAREN T_IDENTIFIER T_GREATER T_IDENTIFIER T_RIGHT_PAREN T_LEFT_BRACE T_IDENTIFIER T_ASSIGN T_IDENTIFIER T_SEMICOLON T_RIGHT_BRACE T_ELSE T_IF T_LEFT_PAREN T_IDENTIFIER T_LESS T_IDENTIFIER T_RIGHT_PAREN T_LEFT_BRACE T_IDENTIFIER T_ASSIGN T_IDENTIFIER T_PLUS T_INTEGER_LITERAL T_SEMICOLON T_RIGHT_BRACE T_ELSE T_LEFT_BRACE T_IDENTIFIER T_ASSIGN T_INTEGER_LITERAL T_SEMICOLON T_RIGHT_BRACE T_WHILE T_LEFT_PAREN T_IDENTIFIER T_GREATER T_INTEGER_LITERAL T_RIGHT_PAREN T_LEFT_BRACE T_IDENTIFIER T_DECREMENT T_SEMICOLON T_RIGHT_BRACE T_FOR T_LEFT_PAREN T_IDENTIFIER T_ASSIGN T_INTEGER_LITERAL T_SEMICOLON T_IDENTIFIER T_LESS T_INTEGER_LITERAL T_SEMICOLON T_IDENTIFIER T_INCREMENT T_RIGHT_PAREN T_LEFT_BRACE T_IDENTIFIER T_ASSIGN T_IDENTIFIER T_PLUS T_IDENTIFIER T_SEMICOLON T_RIGHT_BRACE T_FOR T_LEFT_PAREN T_IDENTIFIER T_ASSIGN T_INTEGER_LITERAL T_SEMICOLON T_IDENTIFIER T_LESS T_INTEGER_LITERAL T_SEMICOLON T_IDENTIFIER T_INCREMENT T_RIGHT_PAREN T_LEFT_BRACE T_IDENTIFIER T_LEFT_SQUARE T_IDENTIFIER T_RIGHT_SQUARE T_ASSIGN T_IDENTIFIER T_SEMICOLON T_RIGHT_BRACE T_IDENTIFIER T_ASSIGN T_NOT T_IDENTIFIER T_SEMICOLON T_IDENTIFIER T_ASSIGN T_IDENTIFIER T_MOD T_INTEGER_LITERAL T_SEMICOLON T_IDENTIFIER T_ASSIGN T_IDENTIFIER T_BITAND T_INTEGER_LITERAL T_SEMICOLON T_IDENTIFIER T_ASSIGN T_IDENTIFIER T_BITOR T_INTEGER_LITERAL T_SEMICOLON T_IDENTIFIER T_ASSIGN T_IDENTIFIER T_BITXOR T_INTEGER_LITERAL T_SEMICOLON T_IDENTIFIER T_ASSIGN T_BITNOT T_IDENTIFIER T_SEMICOLON T_INT T_IDENTIFIER T_ASSIGN T_IDENTIFIER T_LEFT_PAREN T_IDENTIFIER T_COMMA T_IDENTIFIER T_RIGHT_PAREN T_SEMICOLON T_LEFT_BRACE T_INT T_IDENTIFIER T_ASSIGN T_INTEGER_LITERAL T_SEMICOLON T_IDENTIFIER T_ASSIGN T_IDENTIFIER T_PLUS T_INTEGER_LITERAL T_SEMICOLON T_RIGHT_BRACE T_RETURN T_INTEGER_LITERAL T_SEMICOLON T_RIGHT_BRACE T_EOF 

State Stack: 0 9 16 18 25 52 50 
Symbol Stack: type_specifier T_IDENTIFIER T_LEFT_PAREN params T_RIGHT_PAREN T_LEFT_BRACE 
Input Stack: T_RETURN T_IDENTIFIER T_PLUS T_IDENTIFIER T_SEMICOLON T_RIGHT_BRACE T_VOID T_IDENTIFIER T_LEFT_PAREN T_RIGHT_PAREN T_LEFT_BRACE T_RIGHT_BRACE T_INT T_IDENTIFIER T_LEFT_PAREN T_RIGHT_PAREN T_LEFT_BRACE T_INT T_IDENTIFIER T_ASSIGN T_INTEGER_LITERAL T_SEMICOLON T_FLOAT T_IDENTIFIER T_ASSIGN T_FLOAT_LITERAL T_SEMICOLON T_CHAR T_IDENTIFIER T_LEFT_SQUARE T_INTEGER_LITERAL T_RIGHT_SQUARE T_SEMICOLON T_CHAR T_IDENTIFIER T_ASSIGN T_CHAR_LITERAL T_SEMICOLON T_INT T_IDENTIFIER T_ASSIGN T_INTEGER_LITERAL T_SEMICOLON T_CHAR T_IDENTIFIER T_LEFT_SQUARE T_INTEGER_LITERAL T_RIGHT_SQUARE T_SEMICOLON T_IDENTIFIER T_ASSIGN T_STRING_LITERAL T_SEMICOLON T_IDENTIFIER T_INCREMENT T_SEMICOLON T_INCREMENT T_IDENTIFIER T_SEMICOLON T_IF T_LEFT_PAREN T_IDENTIFIER T_GREATER T_IDENTIFIER T_RIGHT_PAREN T_LEFT_BRACE T_IDENTIFIER T_ASSIGN T_IDENTIFIER T_SEMICOLON T_RIGHT_BRACE T_ELSE T_IF T_LEFT_PAREN T_IDENTIFIER T_LESS T_IDENTIFIER T_RIGHT_PAREN T_LEFT_BRACE T_IDENTIFIER T_ASSIGN T_IDENTIFIER T_PLUS T_INTEGER_LITERAL T_SEMICOLON T_RIGHT_BRACE T_ELSE T_LEFT_BRACE T_IDENTIFIER T_ASSIGN T_INTEGER_LITERAL T_SEMICOLON T_RIGHT_BRACE T_WHILE T_LEFT_PAREN T_IDENTIFIER T_GREATER T_INTEGER_LITERAL T_RIGHT_PAREN T_LEFT_BRACE T_IDENTIFIER T_DECREMENT T_SEMICOLON T_RIGHT_BRACE T_FOR T_LEFT_PAREN T_IDENTIFIER T_ASSIGN T_INTEGER_LITERAL T_SEMICOLON T_IDENTIFIER T_LESS T_INTEGER_LITERAL T_SEMICOLON T_IDENTIFIER T_INCREMENT T_RIGHT_PAREN T_LEFT_BRACE T_IDENTIFIER T_ASSIGN T_IDENTIFIER T_PLUS T_IDENTIFIER T_SEMICOLON T_RIGHT_BRACE T_FOR T_LEFT_PAREN T_IDENTIFIER T_ASSIGN T_INTEGER_LITERAL T_SEMICOLON T_IDENTIFIER T_LESS T_INTEGER_LITERAL T_SEMICOLON T_IDENTIFIER T_INCREMENT T_RIGHT_PAREN T_LEFT_BRACE T_IDENTIFIER T_LEFT_SQUARE T_IDENTIFIER T_RIGHT_SQUARE T_ASSIGN T_IDENTIFIER T_SEMICOLON T_RIGHT_BRACE T_IDENTIFIER T_ASSIGN T_NOT T_IDENTIFIER T_SEMICOLON T_IDENTIFIER T_ASSIGN T_IDENTIFIER T_MOD T_INTEGER_LITERAL T_SEMICOLON T_IDENTIFIER T_ASSIGN T_IDENTIFIER T_BITAND T_INTEGER_LITERAL T_SEMICOLON T_IDENTIFIER T_ASSIGN T_IDENTIFIER T_BITOR T_INTEGER_LITERAL T_SEMICOLON T_IDENTIFIER T_ASSIGN T_IDENTIFIER T_BITXOR T_INTEGER_LITERAL T_SEMICOLON T_IDENTIFIER T_ASSIGN T_BITNOT T_IDENTIFIER T_SEMICOLON T_INT T_IDENTIFIER T_ASSIGN T_IDENTIFIER T_LEFT_PAREN T_IDENTIFIER T_COMMA T_IDENTIFIER T_RIGHT_PAREN T_SEMICOLON T_LEFT_BRACE T_INT T_IDENTIFIER T_ASSIGN T_INTEGER_LITERAL T_SEMICOLON T_IDENTIFIER T_ASSIGN T_IDENTIFIER T_PLUS T_INTEGER_LITERAL T_SEMICOLON T_RIGHT_BRACE T_RETURN T_INTEGER_LITERAL T_SEMICOLON T_RIGHT_BRACE T_EOF 

State Stack: 0 9 16 18 25 52 50 107 
Symbol Stack: type_specifier T_IDENTIFIER T_LEFT_PAREN params T_RIGHT_PAREN T_LEFT_BRACE T_RETURN 
Input Stack: T_IDENTIFIER T_PLUS T_IDENTIFIER T_SEMICOLON T_RIGHT_BRACE T_VOID T_IDENTIFIER T_LEFT_PAREN T_RIGHT_PAREN T_LEFT_BRACE T_RIGHT_BRACE T_INT T_IDENTIFIER T_LEFT_PAREN T_RIGHT_PAREN T_LEFT_BRACE T_INT T_IDENTIFIER T_ASSIGN T_INTEGER_LITERAL T_SEMICOLON T_FLOAT T_IDENTIFIER T_ASSIGN T_FLOAT_LITERAL T_SEMICOLON T_CHAR T_IDENTIFIER T_LEFT_SQUARE T_INTEGER_LITERAL T_RIGHT_SQUARE T_SEMICOLON T_CHAR T_IDENTIFIER T_ASSIGN T_CHAR_LITERAL T_SEMICOLON T_INT T_IDENTIFIER T_ASSIGN T_INTEGER_LITERAL T_SEMICOLON T_CHAR T_IDENTIFIER T_LEFT_SQUARE T_INTEGER_LITERAL T_RIGHT_SQUARE T_SEMICOLON T_IDENTIFIER T_ASSIGN T_STRING_LITERAL T_SEMICOLON T_IDENTIFIER T_INCREMENT T_SEMICOLON T_INCREMENT T_IDENTIFIER T_SEMICOLON T_IF T_LEFT_PAREN T_IDENTIFIER T_GREATER T_IDENTIFIER T_RIGHT_PAREN T_LEFT_BRACE T_IDENTIFIER T_ASSIGN T_IDENTIFIER T_SEMICOLON T_RIGHT_BRACE T_ELSE T_IF T_LEFT_PAREN T_IDENTIFIER T_LESS T_IDENTIFIER T_RIGHT_PAREN T_LEFT_BRACE T_IDENTIFIER T_ASSIGN T_IDENTIFIER T_PLUS T_INTEGER_LITERAL T_SEMICOLON T_RIGHT_BRACE T_ELSE T_LEFT_BRACE T_IDENTIFIER T_ASSIGN T_INTEGER_LITERAL T_SEMICOLON T_RIGHT_BRACE T_WHILE T_LEFT_PAREN T_IDENTIFIER T_GREATER T_INTEGER_LITERAL T_RIGHT_PAREN T_LEFT_BRACE T_IDENTIFIER T_DECREMENT T_SEMICOLON T_RIGHT_BRACE T_FOR T_LEFT_PAREN T_IDENTIFIER T_ASSIGN T_INTEGER_LITERAL T_SEMICOLON T_IDENTIFIER T_LESS T_INTEGER_LITERAL T_SEMICOLON T_IDENTIFIER T_INCREMENT T_RIGHT_PAREN T_LEFT_BRACE T_IDENTIFIER T_ASSIGN T_IDENTIFIER T_PLUS T_IDENTIFIER T_SEMICOLON T_RIGHT_BRACE T_FOR T_LEFT_PAREN T_IDENTIFIER T_ASSIGN T_INTEGER_LITERAL T_SEMICOLON T_IDENTIFIER T_LESS T_INTEGER_LITERAL T_SEMICOLON T_IDENTIFIER T_INCREMENT T_RIGHT_PAREN T_LEFT_BRACE T_IDENTIFIER T_LEFT_SQUARE T_IDENTIFIER T_RIGHT_SQUARE T_ASSIGN T_IDENTIFIER T_SEMICOLON T_RIGHT_BRACE T_IDENTIFIER T_ASSIGN T_NOT T_IDENTIFIER T_SEMICOLON T_IDENTIFIER T_ASSIGN T_IDENTIFIER T_MOD T_INTEGER_LITERAL T_SEMICOLON T_IDENTIFIER T_ASSIGN T_IDENTIFIER T_BITAND T_INTEGER_LITERAL T_SEMICOLON T_IDENTIFIER T_ASSIGN T_IDENTIFIER T_BITOR T_INTEGER_LITERAL T_SEMICOLON T_IDENTIFIER T_ASSIGN T_IDENTIFIER T_BITXOR T_INTEGER_LITERAL T_SEMICOLON T_IDENTIFIER T_ASSIGN T_BITNOT T_IDENTIFIER T_SEMICOLON T_INT T_IDENTIFIER T_ASSIGN T_IDENTIFIER T_LEFT_PAREN T_IDENTIFIER T_COMMA T_IDENTIFIER T_RIGHT_PAREN T_SEMICOLON T_LEFT_BRACE T_INT T_IDENTIFIER T_ASSIGN T_INTEGER_LITERAL T_SEMICOLON T_IDENTIFIER T_ASSIGN T_IDENTIFIER T_PLUS T_INTEGER_LITERAL T_SEMICOLON T_RIGHT_BRACE T_RETURN T_INTEGER_LITERAL T_SEMICOLON T_RIGHT_BRACE T_EOF 

State Stack: 0 9 16 18 25 52 50 107 29 
Symbol Stack: type_specifier T_IDENTIFIER T_LEFT_PAREN params T_RIGHT_PAREN T_LEFT_BRACE T_RETURN T_IDENTIFIER 
Input Stack: T_PLUS T_IDENTIFIER T_SEMICOLON T_RIGHT_BRACE T_VOID T_IDENTIFIER T_LEFT_PAREN T_RIGHT_PAREN T_LEFT_BRACE T_RIGHT_BRACE T_INT T_IDENTIFIER T_LEFT_PAREN T_RIGHT_PAREN T_LEFT_BRACE T_INT T_IDENTIFIER T_ASSIGN T_INTEGER_LITERAL T_SEMICOLON T_FLOAT T_IDENTIFIER T_ASSIGN T_FLOAT_LITERAL T_SEMICOLON T_CHAR T_IDENTIFIER T_LEFT_SQUARE T_INTEGER_LITERAL T_RIGHT_SQUARE T_SEMICOLON T_CHAR T_IDENTIFIER T_ASSIGN T_CHAR_LITERAL T_SEMICOLON T_INT T_IDENTIFIER T_ASSIGN T_INTEGER_LITERAL T_SEMICOLON T_CHAR T_IDENTIFIER T_LEFT_SQUARE T_INTEGER_LITERAL T_RIGHT_SQUARE T_SEMICOLON T_IDENTIFIER T_ASSIGN T_STRING_LITERAL T_SEMICOLON T_IDENTIFIER T_INCREMENT T_SEMICOLON T_INCREMENT T_IDENTIFIER T_SEMICOLON T_IF T_LEFT_PAREN T_IDENTIFIER T_GREATER T_IDENTIFIER T_RIGHT_PAREN T_LEFT_BRACE T_IDENTIFIER T_ASSIGN T_IDENTIFIER T_SEMICOLON T_RIGHT_BRACE T_ELSE T_IF T_LEFT_PAREN T_IDENTIFIER T_LESS T_IDENTIFIER T_RIGHT_PAREN T_LEFT_BRACE T_IDENTIFIER T_ASSIGN T_IDENTIFIER T_PLUS T_INTEGER_LITERAL T_SEMICOLON T_RIGHT_BRACE T_ELSE T_LEFT_BRACE T_IDENTIFIER T_ASSIGN T_INTEGER_LITERAL T_SEMICOLON T_RIGHT_BRACE T_WHILE T_LEFT_PAREN T_IDENTIFIER T_GREATER T_INTEGER_LITERAL T_RIGHT_PAREN T_LEFT_BRACE T_IDENTIFIER T_DECREMENT T_SEMICOLON T_RIGHT_BRACE T_FOR T_LEFT_PAREN T_IDENTIFIER T_ASSIGN T_INTEGER_LITERAL T_SEMICOLON T_IDENTIFIER T_LESS T_INTEGER_LITERAL T_SEMICOLON T_IDENTIFIER T_INCREMENT T_RIGHT_PAREN T_LEFT_BRACE T_IDENTIFIER T_ASSIGN T_IDENTIFIER T_PLUS T_IDENTIFIER T_SEMICOLON T_RIGHT_BRACE T_FOR T_LEFT_PAREN T_IDENTIFIER T_ASSIGN T_INTEGER_LITERAL T_SEMICOLON T_IDENTIFIER T_LESS T_INTEGER_LITERAL T_SEMICOLON T_IDENTIFIER T_INCREMENT T_RIGHT_PAREN T_LEFT_BRACE T_IDENTIFIER T_LEFT_SQUARE T_IDENTIFIER T_RIGHT_SQUARE T_ASSIGN T_IDENTIFIER T_SEMICOLON T_RIGHT_BRACE T_IDENTIFIER T_ASSIGN T_NOT T_IDENTIFIER T_SEMICOLON T_IDENTIFIER T_ASSIGN T_IDENTIFIER T_MOD T_INTEGER_LITERAL T_SEMICOLON T_IDENTIFIER T_ASSIGN T_IDENTIFIER T_BITAND T_INTEGER_LITERAL T_SEMICOLON T_IDENTIFIER T_ASSIGN T_IDENTIFIER T_BITOR T_INTEGER_LITERAL T_SEMICOLON T_IDENTIFIER T_ASSIGN T_IDENTIFIER T_BITXOR T_INTEGER_LITERAL T_SEMICOLON T_IDENTIFIER T_ASSIGN T_BITNOT T_IDENTIFIER T_SEMICOLON T_INT T_IDENTIFIER T_ASSIGN T_IDENTIFIER T_LEFT_PAREN T_IDENTIFIER T_COMMA T_IDENTIFIER T_RIGHT_PAREN T_SEMICOLON T_LEFT_BRACE T_INT T_IDENTIFIER T_ASSIGN T_INTEGER_LITERAL T_SEMICOLON T_IDENTIFIER T_ASSIGN T_IDENTIFIER T_PLUS T_INTEGER_LITERAL T_SEMICOLON T_RIGHT_BRACE T_RETURN T_INTEGER_LITERAL T_SEMICOLON T_RIGHT_BRACE T_EOF 

State Stack: 0 9 16 18 25 52 50 107 43 
Symbol Stack: type_specifier T_IDENTIFIER T_LEFT_PAREN params T_RIGHT_PAREN T_LEFT_BRACE T_RETURN var 
Input Stack: T_PLUS T_IDENTIFIER T_SEMICOLON T_RIGHT_BRACE T_VOID T_IDENTIFIER T_LEFT_PAREN T_RIGHT_PAREN T_LEFT_BRACE T_RIGHT_BRACE T_INT T_IDENTIFIER T_LEFT_PAREN T_RIGHT_PAREN T_LEFT_BRACE T_INT T_IDENTIFIER T_ASSIGN T_INTEGER_LITERAL T_SEMICOLON T_FLOAT T_IDENTIFIER T_ASSIGN T_FLOAT_LITERAL T_SEMICOLON T_CHAR T_IDENTIFIER T_LEFT_SQUARE T_INTEGER_LITERAL T_RIGHT_SQUARE T_SEMICOLON T_CHAR T_IDENTIFIER T_ASSIGN T_CHAR_LITERAL T_SEMICOLON T_INT T_IDENTIFIER T_ASSIGN T_INTEGER_LITERAL T_SEMICOLON T_CHAR T_IDENTIFIER T_LEFT_SQUARE T_INTEGER_LITERAL T_RIGHT_SQUARE T_SEMICOLON T_IDENTIFIER T_ASSIGN T_STRING_LITERAL T_SEMICOLON T_IDENTIFIER T_INCREMENT T_SEMICOLON T_INCREMENT T_IDENTIFIER T_SEMICOLON T_IF T_LEFT_PAREN T_IDENTIFIER T_GREATER T_IDENTIFIER T_RIGHT_PAREN T_LEFT_BRACE T_IDENTIFIER T_ASSIGN T_IDENTIFIER T_SEMICOLON T_RIGHT_BRACE T_ELSE T_IF T_LEFT_PAREN T_IDENTIFIER T_LESS T_IDENTIFIER T_RIGHT_PAREN T_LEFT_BRACE T_IDENTIFIER T_ASSIGN T_IDENTIFIER T_PLUS T_INTEGER_LITERAL T_SEMICOLON T_RIGHT_BRACE T_ELSE T_LEFT_BRACE T_IDENTIFIER T_ASSIGN T_INTEGER_LITERAL T_SEMICOLON T_RIGHT_BRACE T_WHILE T_LEFT_PAREN T_IDENTIFIER T_GREATER T_INTEGER_LITERAL T_RIGHT_PAREN T_LEFT_BRACE T_IDENTIFIER T_DECREMENT T_SEMICOLON T_RIGHT_BRACE T_FOR T_LEFT_PAREN T_IDENTIFIER T_ASSIGN T_INTEGER_LITERAL T_SEMICOLON T_IDENTIFIER T_LESS T_INTEGER_LITERAL T_SEMICOLON T_IDENTIFIER T_INCREMENT T_RIGHT_PAREN T_LEFT_BRACE T_IDENTIFIER T_ASSIGN T_IDENTIFIER T_PLUS T_IDENTIFIER T_SEMICOLON T_RIGHT_BRACE T_FOR T_LEFT_PAREN T_IDENTIFIER T_ASSIGN T_INTEGER_LITERAL T_SEMICOLON T_IDENTIFIER T_LESS T_INTEGER_LITERAL T_SEMICOLON T_IDENTIFIER T_INCREMENT T_RIGHT_PAREN T_LEFT_BRACE T_IDENTIFIER T_LEFT_SQUARE T_IDENTIFIER T_RIGHT_SQUARE T_ASSIGN T_IDENTIFIER T_SEMICOLON T_RIGHT_BRACE T_IDENTIFIER T_ASSIGN T_NOT T_IDENTIFIER T_SEMICOLON T_IDENTIFIER T_ASSIGN T_IDENTIFIER T_MOD T_INTEGER_LITERAL T_SEMICOLON T_IDENTIFIER T_ASSIGN T_IDENTIFIER T_BITAND T_INTEGER_LITERAL T_SEMICOLON T_IDENTIFIER T_ASSIGN T_IDENTIFIER T_BITOR T_INTEGER_LITERAL T_SEMICOLON T_IDENTIFIER T_ASSIGN T_IDENTIFIER T_BITXOR T_INTEGER_LITERAL T_SEMICOLON T_IDENTIFIER T_ASSIGN T_BITNOT T_IDENTIFIER T_SEMICOLON T_INT T_IDENTIFIER T_ASSIGN T_IDENTIFIER T_LEFT_PAREN T_IDENTIFIER T_COMMA T_IDENTIFIER T_RIGHT_PAREN T_SEMICOLON T_LEFT_BRACE T_INT T_IDENTIFIER T_ASSIGN T_INTEGER_LITERAL T_SEMICOLON T_IDENTIFIER T_ASSIGN T_IDENTIFIER T_PLUS T_INTEGER_LITERAL T_SEMICOLON T_RIGHT_BRACE T_RETURN T_INTEGER_LITERAL T_SEMICOLON T_RIGHT_BRACE T_EOF 

State Stack: 0 9 16 18 25 52 50 107 47 
Symbol Stack: type_specifier T_IDENTIFIER T_LEFT_PAREN params T_RIGHT_PAREN T_LEFT_BRACE T_RETURN factor 
Input Stack: T_PLUS T_IDENTIFIER T_SEMICOLON T_RIGHT_BRACE T_VOID T_IDENTIFIER T_LEFT_PAREN T_RIGHT_PAREN T_LEFT_BRACE T_RIGHT_BRACE T_INT T_IDENTIFIER T_LEFT_PAREN T_RIGHT_PAREN T_LEFT_BRACE T_INT T_IDENTIFIER T_ASSIGN T_INTEGER_LITERAL T_SEMICOLON T_FLOAT T_IDENTIFIER T_ASSIGN T_FLOAT_LITERAL T_SEMICOLON T_CHAR T_IDENTIFIER T_LEFT_SQUARE T_INTEGER_LITERAL T_RIGHT_SQUARE T_SEMICOLON T_CHAR T_IDENTIFIER T_ASSIGN T_CHAR_LITERAL T_SEMICOLON T_INT T_IDENTIFIER T_ASSIGN T_INTEGER_LITERAL T_SEMICOLON T_CHAR T_IDENTIFIER T_LEFT_SQUARE T_INTEGER_LITERAL T_RIGHT_SQUARE T_SEMICOLON T_IDENTIFIER T_ASSIGN T_STRING_LITERAL T_SEMICOLON T_IDENTIFIER T_INCREMENT T_SEMICOLON T_INCREMENT T_IDENTIFIER T_SEMICOLON T_IF T_LEFT_PAREN T_IDENTIFIER T_GREATER T_IDENTIFIER T_RIGHT_PAREN T_LEFT_BRACE T_IDENTIFIER T_ASSIGN T_IDENTIFIER T_SEMICOLON T_RIGHT_BRACE T_ELSE T_IF T_LEFT_PAREN T_IDENTIFIER T_LESS T_IDENTIFIER T_RIGHT_PAREN T_LEFT_BRACE T_IDENTIFIER T_ASSIGN T_IDENTIFIER T_PLUS T_INTEGER_LITERAL T_SEMICOLON T_RIGHT_BRACE T_ELSE T_LEFT_BRACE T_IDENTIFIER T_ASSIGN T_INTEGER_LITERAL T_SEMICOLON T_RIGHT_BRACE T_WHILE T_LEFT_PAREN T_IDENTIFIER T_GREATER T_INTEGER_LITERAL T_RIGHT_PAREN T_LEFT_BRACE T_IDENTIFIER T_DECREMENT T_SEMICOLON T_RIGHT_BRACE T_FOR T_LEFT_PAREN T_IDENTIFIER T_ASSIGN T_INTEGER_LITERAL T_SEMICOLON T_IDENTIFIER T_LESS T_INTEGER_LITERAL T_SEMICOLON T_IDENTIFIER T_INCREMENT T_RIGHT_PAREN T_LEFT_BRACE T_IDENTIFIER T_ASSIGN T_IDENTIFIER T_PLUS T_IDENTIFIER T_SEMICOLON T_RIGHT_BRACE T_FOR T_LEFT_PAREN T_IDENTIFIER T_ASSIGN T_INTEGER_LITERAL T_SEMICOLON T_IDENTIFIER T_LESS T_INTEGER_LITERAL T_SEMICOLON T_IDENTIFIER T_INCREMENT T_RIGHT_PAREN T_LEFT_BRACE T_IDENTIFIER T_LEFT_SQUARE T_IDENTIFIER T_RIGHT_SQUARE T_ASSIGN T_IDENTIFIER T_SEMICOLON T_RIGHT_BRACE T_IDENTIFIER T_ASSIGN T_NOT T_IDENTIFIER T_SEMICOLON T_IDENTIFIER T_ASSIGN T_IDENTIFIER T_MOD T_INTEGER_LITERAL T_SEMICOLON T_IDENTIFIER T_ASSIGN T_IDENTIFIER T_BITAND T_INTEGER_LITERAL T_SEMICOLON T_IDENTIFIER T_ASSIGN T_IDENTIFIER T_BITOR T_INTEGER_LITERAL T_SEMICOLON T_IDENTIFIER T_ASSIGN T_IDENTIFIER T_BITXOR T_INTEGER_LITERAL T_SEMICOLON T_IDENTIFIER T_ASSIGN T_BITNOT T_IDENTIFIER T_SEMICOLON T_INT T_IDENTIFIER T_ASSIGN T_IDENTIFIER T_LEFT_PAREN T_IDENTIFIER T_COMMA T_IDENTIFIER T_RIGHT_PAREN T_SEMICOLON T_LEFT_BRACE T_INT T_IDENTIFIER T_ASSIGN T_INTEGER_LITERAL T_SEMICOLON T_IDENTIFIER T_ASSIGN T_IDENTIFIER T_PLUS T_INTEGER_LITERAL T_SEMICOLON T_RIGHT_BRACE T_RETURN T_INTEGER_LITERAL T_SEMICOLON T_RIGHT_BRACE T_EOF 

State Stack: 0 9 16 18 25 52 50 107 40 
Symbol Stack: type_specifier T_IDENTIFIER T_LEFT_PAREN params T_RIGHT_PAREN T_LEFT_BRACE T_RETURN term 
Input Stack: T_PLUS T_IDENTIFIER T_SEMICOLON T_RIGHT_BRACE T_VOID T_IDENTIFIER T_LEFT_PAREN T_RIGHT_PAREN T_LEFT_BRACE T_RIGHT_BRACE T_INT T_IDENTIFIER T_LEFT_PAREN T_RIGHT_PAREN T_LEFT_BRACE T_INT T_IDENTIFIER T_ASSIGN T_INTEGER_LITERAL T_SEMICOLON T_FLOAT T_IDENTIFIER T_ASSIGN T_FLOAT_LITERAL T_SEMICOLON T_CHAR T_IDENTIFIER T_LEFT_SQUARE T_INTEGER_LITERAL T_RIGHT_SQUARE T_SEMICOLON T_CHAR T_IDENTIFIER T_ASSIGN T_CHAR_LITERAL T_SEMICOLON T_INT T_IDENTIFIER T_ASSIGN T_INTEGER_LITERAL T_SEMICOLON T_CHAR T_IDENTIFIER T_LEFT_SQUARE T_INTEGER_LITERAL T_RIGHT_SQUARE T_SEMICOLON T_IDENTIFIER T_ASSIGN T_STRING_LITERAL T_SEMICOLON T_IDENTIFIER T_INCREMENT T_SEMICOLON T_INCREMENT T_IDENTIFIER T_SEMICOLON T_IF T_LEFT_PAREN T_IDENTIFIER T_GREATER T_IDENTIFIER T_RIGHT_PAREN T_LEFT_BRACE T_IDENTIFIER T_ASSIGN T_IDENTIFIER T_SEMICOLON T_RIGHT_BRACE T_ELSE T_IF T_LEFT_PAREN T_IDENTIFIER T_LESS T_IDENTIFIER T_RIGHT_PAREN T_LEFT_BRACE T_IDENTIFIER T_ASSIGN T_IDENTIFIER T_PLUS T_INTEGER_LITERAL T_SEMICOLON T_RIGHT_BRACE T_ELSE T_LEFT_BRACE T_IDENTIFIER T_ASSIGN T_INTEGER_LITERAL T_SEMICOLON T_RIGHT_BRACE T_WHILE T_LEFT_PAREN T_IDENTIFIER T_GREATER T_INTEGER_LITERAL T_RIGHT_PAREN T_LEFT_BRACE T_IDENTIFIER T_DECREMENT T_SEMICOLON T_RIGHT_BRACE T_FOR T_LEFT_PAREN T_IDENTIFIER T_ASSIGN T_INTEGER_LITERAL T_SEMICOLON T_IDENTIFIER T_LESS T_INTEGER_LITERAL T_SEMICOLON T_IDENTIFIER T_INCREMENT T_RIGHT_PAREN T_LEFT_BRACE T_IDENTIFIER T_ASSIGN T_IDENTIFIER T_PLUS T_IDENTIFIER T_SEMICOLON T_RIGHT_BRACE T_FOR T_LEFT_PAREN T_IDENTIFIER T_ASSIGN T_INTEGER_LITERAL T_SEMICOLON T_IDENTIFIER T_LESS T_INTEGER_LITERAL T_SEMICOLON T_IDENTIFIER T_INCREMENT T_RIGHT_PAREN T_LEFT_BRACE T_IDENTIFIER T_LEFT_SQUARE T_IDENTIFIER T_RIGHT_SQUARE T_ASSIGN T_IDENTIFIER T_SEMICOLON T_RIGHT_BRACE T_IDENTIFIER T_ASSIGN T_NOT T_IDENTIFIER T_SEMICOLON T_IDENTIFIER T_ASSIGN T_IDENTIFIER T_MOD T_INTEGER_LITERAL T_SEMICOLON T_IDENTIFIER T_ASSIGN T_IDENTIFIER T_BITAND T_INTEGER_LITERAL T_SEMICOLON T_IDENTIFIER T_ASSIGN T_IDENTIFIER T_BITOR T_INTEGER_LITERAL T_SEMICOLON T_IDENTIFIER T_ASSIGN T_IDENTIFIER T_BITXOR T_INTEGER_LITERAL T_SEMICOLON T_IDENTIFIER T_ASSIGN T_BITNOT T_IDENTIFIER T_SEMICOLON T_INT T_IDENTIFIER T_ASSIGN T_IDENTIFIER T_LEFT_PAREN T_IDENTIFIER T_COMMA T_IDENTIFIER T_RIGHT_PAREN T_SEMICOLON T_LEFT_BRACE T_INT T_IDENTIFIER T_ASSIGN T_INTEGER_LITERAL T_SEMICOLON T_IDENTIFIER T_ASSIGN T_IDENTIFIER T_PLUS T_INTEGER_LITERAL T_SEMICOLON T_RIGHT_BRACE T_RETURN T_INTEGER_LITERAL T_SEMICOLON T_RIGHT_BRACE T_EOF 

State Stack: 0 9 16 18 25 52 50 107 39 
Symbol Stack: type_specifier T_IDENTIFIER T_LEFT_PAREN params T_RIGHT_PAREN T_LEFT_BRACE T_RETURN additive_expression 
Input Stack: T_PLUS T_IDENTIFIER T_SEMICOLON T_RIGHT_BRACE T_VOID T_IDENTIFIER T_LEFT_PAREN T_RIGHT_PAREN T_LEFT_BRACE T_RIGHT_BRACE T_INT T_IDENTIFIER T_LEFT_PAREN T_RIGHT_PAREN T_LEFT_BRACE T_INT T_IDENTIFIER T_ASSIGN T_INTEGER_LITERAL T_SEMICOLON T_FLOAT T_IDENTIFIER T_ASSIGN T_FLOAT_LITERAL T_SEMICOLON T_CHAR T_IDENTIFIER T_LEFT_SQUARE T_INTEGER_LITERAL T_RIGHT_SQUARE T_SEMICOLON T_CHAR T_IDENTIFIER T_ASSIGN T_CHAR_LITERAL T_SEMICOLON T_INT T_IDENTIFIER T_ASSIGN T_INTEGER_LITERAL T_SEMICOLON T_CHAR T_IDENTIFIER T_LEFT_SQUARE T_INTEGER_LITERAL T_RIGHT_SQUARE T_SEMICOLON T_IDENTIFIER T_ASSIGN T_STRING_LITERAL T_SEMICOLON T_IDENTIFIER T_INCREMENT T_SEMICOLON T_INCREMENT T_IDENTIFIER T_SEMICOLON T_IF T_LEFT_PAREN T_IDENTIFIER T_GREATER T_IDENTIFIER T_RIGHT_PAREN T_LEFT_BRACE T_IDENTIFIER T_ASSIGN T_IDENTIFIER T_SEMICOLON T_RIGHT_BRACE T_ELSE T_IF T_LEFT_PAREN T_IDENTIFIER T_LESS T_IDENTIFIER T_RIGHT_PAREN T_LEFT_BRACE T_IDENTIFIER T_ASSIGN T_IDENTIFIER T_PLUS T_INTEGER_LITERAL T_SEMICOLON T_RIGHT_BRACE T_ELSE T_LEFT_BRACE T_IDENTIFIER T_ASSIGN T_INTEGER_LITERAL T_SEMICOLON T_RIGHT_BRACE T_WHILE T_LEFT_PAREN T_IDENTIFIER T_GREATER T_INTEGER_LITERAL T_RIGHT_PAREN T_LEFT_BRACE T_IDENTIFIER T_DECREMENT T_SEMICOLON T_RIGHT_BRACE T_FOR T_LEFT_PAREN T_IDENTIFIER T_ASSIGN T_INTEGER_LITERAL T_SEMICOLON T_IDENTIFIER T_LESS T_INTEGER_LITERAL T_SEMICOLON T_IDENTIFIER T_INCREMENT T_RIGHT_PAREN T_LEFT_BRACE T_IDENTIFIER T_ASSIGN T_IDENTIFIER T_PLUS T_IDENTIFIER T_SEMICOLON T_RIGHT_BRACE T_FOR T_LEFT_PAREN T_IDENTIFIER T_ASSIGN T_INTEGER_LITERAL T_SEMICOLON T_IDENTIFIER T_LESS T_INTEGER_LITERAL T_SEMICOLON T_IDENTIFIER T_INCREMENT T_RIGHT_PAREN T_LEFT_BRACE T_IDENTIFIER T_LEFT_SQUARE T_IDENTIFIER T_RIGHT_SQUARE T_ASSIGN T_IDENTIFIER T_SEMICOLON T_RIGHT_BRACE T_IDENTIFIER T_ASSIGN T_NOT T_IDENTIFIER T_SEMICOLON T_IDENTIFIER T_ASSIGN T_IDENTIFIER T_MOD T_INTEGER_LITERAL T_SEMICOLON T_IDENTIFIER T_ASSIGN T_IDENTIFIER T_BITAND T_INTEGER_LITERAL T_SEMICOLON T_IDENTIFIER T_ASSIGN T_IDENTIFIER T_BITOR T_INTEGER_LITERAL T_SEMICOLON T_IDENTIFIER T_ASSIGN T_IDENTIFIER T_BITXOR T_INTEGER_LITERAL T_SEMICOLON T_IDENTIFIER T_ASSIGN T_BITNOT T_IDENTIFIER T_SEMICOLON T_INT T_IDENTIFIER T_ASSIGN T_IDENTIFIER T_LEFT_PAREN T_IDENTIFIER T_COMMA T_IDENTIFIER T_RIGHT_PAREN T_SEMICOLON T_LEFT_BRACE T_INT T_IDENTIFIER T_ASSIGN T_INTEGER_LITERAL T_SEMICOLON T_IDENTIFIER T_ASSIGN T_IDENTIFIER T_PLUS T_INTEGER_LITERAL T_SEMICOLON T_RIGHT_BRACE T_RETURN T_INTEGER_LITERAL T_SEMICOLON T_RIGHT_BRACE T_EOF 

State Stack: 0 9 16 18 25 52 50 107 39 79 
Symbol Stack: type_specifier T_IDENTIFIER T_LEFT_PAREN params T_RIGHT_PAREN T_LEFT_BRACE T_RETURN additive_expression T_PLUS 
Input Stack: T_IDENTIFIER T_SEMICOLON T_RIGHT_BRACE T_VOID T_IDENTIFIER T_LEFT_PAREN T_RIGHT_PAREN T_LEFT_BRACE T_RIGHT_BRACE T_INT T_IDENTIFIER T_LEFT_PAREN T_RIGHT_PAREN T_LEFT_BRACE T_INT T_IDENTIFIER T_ASSIGN T_INTEGER_LITERAL T_SEMICOLON T_FLOAT T_IDENTIFIER T_ASSIGN T_FLOAT_LITERAL T_SEMICOLON T_CHAR T_IDENTIFIER T_LEFT_SQUARE T_INTEGER_LITERAL T_RIGHT_SQUARE T_SEMICOLON T_CHAR T_IDENTIFIER T_ASSIGN T_CHAR_LITERAL T_SEMICOLON T_INT T_IDENTIFIER T_ASSIGN T_INTEGER_LITERAL T_SEMICOLON T_CHAR T_IDENTIFIER T_LEFT_SQUARE T_INTEGER_LITERAL T_RIGHT_SQUARE T_SEMICOLON T_IDENTIFIER T_ASSIGN T_STRING_LITERAL T_SEMICOLON T_IDENTIFIER T_INCREMENT T_SEMICOLON T_INCREMENT T_IDENTIFIER T_SEMICOLON T_IF T_LEFT_PAREN T_IDENTIFIER T_GREATER T_IDENTIFIER T_RIGHT_PAREN T_LEFT_BRACE T_IDENTIFIER T_ASSIGN T_IDENTIFIER T_SEMICOLON T_RIGHT_BRACE T_ELSE T_IF T_LEFT_PAREN T_IDENTIFIER T_LESS T_IDENTIFIER T_RIGHT_PAREN T_LEFT_BRACE T_IDENTIFIER T_ASSIGN T_IDENTIFIER T_PLUS T_INTEGER_LITERAL T_SEMICOLON T_RIGHT_BRACE T_ELSE T_LEFT_BRACE T_IDENTIFIER T_ASSIGN T_INTEGER_LITERAL T_SEMICOLON T_RIGHT_BRACE T_WHILE T_LEFT_PAREN T_IDENTIFIER T_GREATER T_INTEGER_LITERAL T_RIGHT_PAREN T_LEFT_BRACE T_IDENTIFIER T_DECREMENT T_SEMICOLON T_RIGHT_BRACE T_FOR T_LEFT_PAREN T_IDENTIFIER T_ASSIGN T_INTEGER_LITERAL T_SEMICOLON T_IDENTIFIER T_LESS T_INTEGER_LITERAL T_SEMICOLON T_IDENTIFIER T_INCREMENT T_RIGHT_PAREN T_LEFT_BRACE T_IDENTIFIER T_ASSIGN T_IDENTIFIER T_PLUS T_IDENTIFIER T_SEMICOLON T_RIGHT_BRACE T_FOR T_LEFT_PAREN T_IDENTIFIER T_ASSIGN T_INTEGER_LITERAL T_SEMICOLON T_IDENTIFIER T_LESS T_INTEGER_LITERAL T_SEMICOLON T_IDENTIFIER T_INCREMENT T_RIGHT_PAREN T_LEFT_BRACE T_IDENTIFIER T_LEFT_SQUARE T_IDENTIFIER T_RIGHT_SQUARE T_ASSIGN T_IDENTIFIER T_SEMICOLON T_RIGHT_BRACE T_IDENTIFIER T_ASSIGN T_NOT T_IDENTIFIER T_SEMICOLON T_IDENTIFIER T_ASSIGN T_IDENTIFIER T_MOD T_INTEGER_LITERAL T_SEMICOLON T_IDENTIFIER T_ASSIGN T_IDENTIFIER T_BITAND T_INTEGER_LITERAL T_SEMICOLON T_IDENTIFIER T_ASSIGN T_IDENTIFIER T_BITOR T_INTEGER_LITERAL T_SEMICOLON T_IDENTIFIER T_ASSIGN T_IDENTIFIER T_BITXOR T_INTEGER_LITERAL T_SEMICOLON T_IDENTIFIER T_ASSIGN T_BITNOT T_IDENTIFIER T_SEMICOLON T_INT T_IDENTIFIER T_ASSIGN T_IDENTIFIER T_LEFT_PAREN T_IDENTIFIER T_COMMA T_IDENTIFIER T_RIGHT_PAREN T_SEMICOLON T_LEFT_BRACE T_INT T_IDENTIFIER T_ASSIGN T_INTEGER_LITERAL T_SEMICOLON T_IDENTIFIER T_ASSIGN T_IDENTIFIER T_PLUS T_INTEGER_LITERAL T_SEMICOLON T_RIGHT_BRACE T_RETURN T_INTEGER_LITERAL T_SEMICOLON T_RIGHT_BRACE T_EOF 

State Stack: 0 9 16 18 25 52 50 107 39 85 
Symbol Stack: type_specifier T_IDENTIFIER T_LEFT_PAREN params T_RIGHT_PAREN T_LEFT_BRACE T_RETURN additive_expression addop 
Input Stack: T_IDENTIFIER T_SEMICOLON T_RIGHT_BRACE T_VOID T_IDENTIFIER T_LEFT_PAREN T_RIGHT_PAREN T_LEFT_BRACE T_RIGHT_BRACE T_INT T_IDENTIFIER T_LEFT_PAREN T_RIGHT_PAREN T_LEFT_BRACE T_INT T_IDENTIFIER T_ASSIGN T_INTEGER_LITERAL T_SEMICOLON T_FLOAT T_IDENTIFIER T_ASSIGN T_FLOAT_LITERAL T_SEMICOLON T_CHAR T_IDENTIFIER T_LEFT_SQUARE T_INTEGER_LITERAL T_RIGHT_SQUARE T_SEMICOLON T_CHAR T_IDENTIFIER T_ASSIGN T_CHAR_LITERAL T_SEMICOLON T_INT T_IDENTIFIER T_ASSIGN T_INTEGER_LITERAL T_SEMICOLON T_CHAR T_IDENTIFIER T_LEFT_SQUARE T_INTEGER_LITERAL T_RIGHT_SQUARE T_SEMICOLON T_IDENTIFIER T_ASSIGN T_STRING_LITERAL T_SEMICOLON T_IDENTIFIER T_INCREMENT T_SEMICOLON T_INCREMENT T_IDENTIFIER T_SEMICOLON T_IF T_LEFT_PAREN T_IDENTIFIER T_GREATER T_IDENTIFIER T_RIGHT_PAREN T_LEFT_BRACE T_IDENTIFIER T_ASSIGN T_IDENTIFIER T_SEMICOLON T_RIGHT_BRACE T_ELSE T_IF T_LEFT_PAREN T_IDENTIFIER T_LESS T_IDENTIFIER T_RIGHT_PAREN T_LEFT_BRACE T_IDENTIFIER T_ASSIGN T_IDENTIFIER T_PLUS T_INTEGER_LITERAL T_SEMICOLON T_RIGHT_BRACE T_ELSE T_LEFT_BRACE T_IDENTIFIER T_ASSIGN T_INTEGER_LITERAL T_SEMICOLON T_RIGHT_BRACE T_WHILE T_LEFT_PAREN T_IDENTIFIER T_GREATER T_INTEGER_LITERAL T_RIGHT_PAREN T_LEFT_BRACE T_IDENTIFIER T_DECREMENT T_SEMICOLON T_RIGHT_BRACE T_FOR T_LEFT_PAREN T_IDENTIFIER T_ASSIGN T_INTEGER_LITERAL T_SEMICOLON T_IDENTIFIER T_LESS T_INTEGER_LITERAL T_SEMICOLON T_IDENTIFIER T_INCREMENT T_RIGHT_PAREN T_LEFT_BRACE T_IDENTIFIER T_ASSIGN T_IDENTIFIER T_PLUS T_IDENTIFIER T_SEMICOLON T_RIGHT_BRACE T_FOR T_LEFT_PAREN T_IDENTIFIER T_ASSIGN T_INTEGER_LITERAL T_SEMICOLON T_IDENTIFIER T_LESS T_INTEGER_LITERAL T_SEMICOLON T_IDENTIFIER T_INCREMENT T_RIGHT_PAREN T_LEFT_BRACE T_IDENTIFIER T_LEFT_SQUARE T_IDENTIFIER T_RIGHT_SQUARE T_ASSIGN T_IDENTIFIER T_SEMICOLON T_RIGHT_BRACE T_IDENTIFIER T_ASSIGN T_NOT T_IDENTIFIER T_SEMICOLON T_IDENTIFIER T_ASSIGN T_IDENTIFIER T_MOD T_INTEGER_LITERAL T_SEMICOLON T_IDENTIFIER T_ASSIGN T_IDENTIFIER T_BITAND T_INTEGER_LITERAL T_SEMICOLON T_IDENTIFIER T_ASSIGN T_IDENTIFIER T_BITOR T_INTEGER_LITERAL T_SEMICOLON T_IDENTIFIER T_ASSIGN T_IDENTIFIER T_BITXOR T_INTEGER_LITERAL T_SEMICOLON T_IDENTIFIER T_ASSIGN T_BITNOT T_IDENTIFIER T_SEMICOLON T_INT T_IDENTIFIER T_ASSIGN T_IDENTIFIER T_LEFT_PAREN T_IDENTIFIER T_COMMA T_IDENTIFIER T_RIGHT_PAREN T_SEMICOLON T_LEFT_BRACE T_INT T_IDENTIFIER T_ASSIGN T_INTEGER_LITERAL T_SEMICOLON T_IDENTIFIER T_ASSIGN T_IDENTIFIER T_PLUS T_INTEGER_LITERAL T_SEMICOLON T_RIGHT_BRACE T_RETURN T_INTEGER_LITERAL T_SEMICOLON T_RIGHT_BRACE T_EOF 

State Stack: 0 9 16 18 25 52 50 107 39 85 178 
Symbol Stack: type_specifier T_IDENTIFIER T_LEFT_PAREN params T_RIGHT_PAREN T_LEFT_BRACE T_RETURN additive_expression addop T_IDENTIFIER 
Input Stack: T_SEMICOLON T_RIGHT_BRACE T_VOID T_IDENTIFIER T_LEFT_PAREN T_RIGHT_PAREN T_LEFT_BRACE T_RIGHT_BRACE T_INT T_IDENTIFIER T_LEFT_PAREN T_RIGHT_PAREN T_LEFT_BRACE T_INT T_IDENTIFIER T_ASSIGN T_INTEGER_LITERAL T_SEMICOLON T_FLOAT T_IDENTIFIER T_ASSIGN T_FLOAT_LITERAL T_SEMICOLON T_CHAR T_IDENTIFIER T_LEFT_SQUARE T_INTEGER_LITERAL T_RIGHT_SQUARE T_SEMICOLON T_CHAR T_IDENTIFIER T_ASSIGN T_CHAR_LITERAL T_SEMICOLON T_INT T_IDENTIFIER T_ASSIGN T_INTEGER_LITERAL T_SEMICOLON T_CHAR T_IDENTIFIER T_LEFT_SQUARE T_INTEGER_LITERAL T_RIGHT_SQUARE T_SEMICOLON T_IDENTIFIER T_ASSIGN T_STRING_LITERAL T_SEMICOLON T_IDENTIFIER T_INCREMENT T_SEMICOLON T_INCREMENT T_IDENTIFIER T_SEMICOLON T_IF T_LEFT_PAREN T_IDENTIFIER T_GREATER T_IDENTIFIER T_RIGHT_PAREN T_LEFT_BRACE T_IDENTIFIER T_ASSIGN T_IDENTIFIER T_SEMICOLON T_RIGHT_BRACE T_ELSE T_IF T_LEFT_PAREN T_IDENTIFIER T_LESS T_IDENTIFIER T_RIGHT_PAREN T_LEFT_BRACE T_IDENTIFIER T_ASSIGN T_IDENTIFIER T_PLUS T_INTEGER_LITERAL T_SEMICOLON T_RIGHT_BRACE T_ELSE T_LEFT_BRACE T_IDENTIFIER T_ASSIGN T_INTEGER_LITERAL T_SEMICOLON T_RIGHT_BRACE T_WHILE T_LEFT_PAREN T_IDENTIFIER T_GREATER T_INTEGER_LITERAL T_RIGHT_PAREN T_LEFT_BRACE T_IDENTIFIER T_DECREMENT T_SEMICOLON T_RIGHT_BRACE T_FOR T_LEFT_PAREN T_IDENTIFIER T_ASSIGN T_INTEGER_LITERAL T_SEMICOLON T_IDENTIFIER T_LESS T_INTEGER_LITERAL T_SEMICOLON T_IDENTIFIER T_INCREMENT T_RIGHT_PAREN T_LEFT_BRACE T_IDENTIFIER T_ASSIGN T_IDENTIFIER T_PLUS T_IDENTIFIER T_SEMICOLON T_RIGHT_BRACE T_FOR T_LEFT_PAREN T_IDENTIFIER T_ASSIGN T_INTEGER_LITERAL T_SEMICOLON T_IDENTIFIER T_LESS T_INTEGER_LITERAL T_SEMICOLON T_IDENTIFIER T_INCREMENT T_RIGHT_PAREN T_LEFT_BRACE T_IDENTIFIER T_LEFT_SQUARE T_IDENTIFIER T_RIGHT_SQUARE T_ASSIGN T_IDENTIFIER T_SEMICOLON T_RIGHT_BRACE T_IDENTIFIER T_ASSIGN T_NOT T_IDENTIFIER T_SEMICOLON T_IDENTIFIER T_ASSIGN T_IDENTIFIER T_MOD T_INTEGER_LITERAL T_SEMICOLON T_IDENTIFIER T_ASSIGN T_IDENTIFIER T_BITAND T_INTEGER_LITERAL T_SEMICOLON T_IDENTIFIER T_ASSIGN T_IDENTIFIER T_BITOR T_INTEGER_LITERAL T_SEMICOLON T_IDENTIFIER T_ASSIGN T_IDENTIFIER T_BITXOR T_INTEGER_LITERAL T_SEMICOLON T_IDENTIFIER T_ASSIGN T_BITNOT T_IDENTIFIER T_SEMICOLON T_INT T_IDENTIFIER T_ASSIGN T_IDENTIFIER T_LEFT_PAREN T_IDENTIFIER T_COMMA T_IDENTIFIER T_RIGHT_PAREN T_SEMICOLON T_LEFT_BRACE T_INT T_IDENTIFIER T_ASSIGN T_INTEGER_LITERAL T_SEMICOLON T_IDENTIFIER T_ASSIGN T_IDENTIFIER T_PLUS T_INTEGER_LITERAL T_SEMICOLON T_RIGHT_BRACE T_RETURN T_INTEGER_LITERAL T_SEMICOLON T_RIGHT_BRACE T_EOF 

State Stack: 0 9 16 18 25 52 50 107 39 85 180 
Symbol Stack: type_specifier T_IDENTIFIER T_LEFT_PAREN params T_RIGHT_PAREN T_LEFT_BRACE T_RETURN additive_expression addop var 
Input Stack: T_SEMICOLON T_RIGHT_BRACE T_VOID T_IDENTIFIER T_LEFT_PAREN T_RIGHT_PAREN T_LEFT_BRACE T_RIGHT_BRACE T_INT T_IDENTIFIER T_LEFT_PAREN T_RIGHT_PAREN T_LEFT_BRACE T_INT T_IDENTIFIER T_ASSIGN T_INTEGER_LITERAL T_SEMICOLON T_FLOAT T_IDENTIFIER T_ASSIGN T_FLOAT_LITERAL T_SEMICOLON T_CHAR T_IDENTIFIER T_LEFT_SQUARE T_INTEGER_LITERAL T_RIGHT_SQUARE T_SEMICOLON T_CHAR T_IDENTIFIER T_ASSIGN T_CHAR_LITERAL T_SEMICOLON T_INT T_IDENTIFIER T_ASSIGN T_INTEGER_LITERAL T_SEMICOLON T_CHAR T_IDENTIFIER T_LEFT_SQUARE T_INTEGER_LITERAL T_RIGHT_SQUARE T_SEMICOLON T_IDENTIFIER T_ASSIGN T_STRING_LITERAL T_SEMICOLON T_IDENTIFIER T_INCREMENT T_SEMICOLON T_INCREMENT T_IDENTIFIER T_SEMICOLON T_IF T_LEFT_PAREN T_IDENTIFIER T_GREATER T_IDENTIFIER T_RIGHT_PAREN T_LEFT_BRACE T_IDENTIFIER T_ASSIGN T_IDENTIFIER T_SEMICOLON T_RIGHT_BRACE T_ELSE T_IF T_LEFT_PAREN T_IDENTIFIER T_LESS T_IDENTIFIER T_RIGHT_PAREN T_LEFT_BRACE T_IDENTIFIER T_ASSIGN T_IDENTIFIER T_PLUS T_INTEGER_LITERAL T_SEMICOLON T_RIGHT_BRACE T_ELSE T_LEFT_BRACE T_IDENTIFIER T_ASSIGN T_INTEGER_LITERAL T_SEMICOLON T_RIGHT_BRACE T_WHILE T_LEFT_PAREN T_IDENTIFIER T_GREATER T_INTEGER_LITERAL T_RIGHT_PAREN T_LEFT_BRACE T_IDENTIFIER T_DECREMENT T_SEMICOLON T_RIGHT_BRACE T_FOR T_LEFT_PAREN T_IDENTIFIER T_ASSIGN T_INTEGER_LITERAL T_SEMICOLON T_IDENTIFIER T_LESS T_INTEGER_LITERAL T_SEMICOLON T_IDENTIFIER T_INCREMENT T_RIGHT_PAREN T_LEFT_BRACE T_IDENTIFIER T_ASSIGN T_IDENTIFIER T_PLUS T_IDENTIFIER T_SEMICOLON T_RIGHT_BRACE T_FOR T_LEFT_PAREN T_IDENTIFIER T_ASSIGN T_INTEGER_LITERAL T_SEMICOLON T_IDENTIFIER T_LESS T_INTEGER_LITERAL T_SEMICOLON T_IDENTIFIER T_INCREMENT T_RIGHT_PAREN T_LEFT_BRACE T_IDENTIFIER T_LEFT_SQUARE T_IDENTIFIER T_RIGHT_SQUARE T_ASSIGN T_IDENTIFIER T_SEMICOLON T_RIGHT_BRACE T_IDENTIFIER T_ASSIGN T_NOT T_IDENTIFIER T_SEMICOLON T_IDENTIFIER T_ASSIGN T_IDENTIFIER T_MOD T_INTEGER_LITERAL T_SEMICOLON T_IDENTIFIER T_ASSIGN T_IDENTIFIER T_BITAND T_INTEGER_LITERAL T_SEMICOLON T_IDENTIFIER T_ASSIGN T_IDENTIFIER T_BITOR T_INTEGER_LITERAL T_SEMICOLON T_IDENTIFIER T_ASSIGN T_IDENTIFIER T_BITXOR T_INTEGER_LITERAL T_SEMICOLON T_IDENTIFIER T_ASSIGN T_BITNOT T_IDENTIFIER T_SEMICOLON T_INT T_IDENTIFIER T_ASSIGN T_IDENTIFIER T_LEFT_PAREN T_IDENTIFIER T_COMMA T_IDENTIFIER T_RIGHT_PAREN T_SEMICOLON T_LEFT_BRACE T_INT T_IDENTIFIER T_ASSIGN T_INTEGER_LITERAL T_SEMICOLON T_IDENTIFIER T_ASSIGN T_IDENTIFIER T_PLUS T_INTEGER_LITERAL T_SEMICOLON T_RIGHT_BRACE T_RETURN T_INTEGER_LITERAL T_SEMICOLON T_RIGHT_BRACE T_EOF 

State Stack: 0 9 16 18 25 52 50 107 39 85 47 
Symbol Stack: type_specifier T_IDENTIFIER T_LEFT_PAREN params T_RIGHT_PAREN T_LEFT_BRACE T_RETURN additive_expression addop factor 
Input Stack: T_SEMICOLON T_RIGHT_BRACE T_VOID T_IDENTIFIER T_LEFT_PAREN T_RIGHT_PAREN T_LEFT_BRACE T_RIGHT_BRACE T_INT T_IDENTIFIER T_LEFT_PAREN T_RIGHT_PAREN T_LEFT_BRACE T_INT T_IDENTIFIER T_ASSIGN T_INTEGER_LITERAL T_SEMICOLON T_FLOAT T_IDENTIFIER T_ASSIGN T_FLOAT_LITERAL T_SEMICOLON T_CHAR T_IDENTIFIER T_LEFT_SQUARE T_INTEGER_LITERAL T_RIGHT_SQUARE T_SEMICOLON T_CHAR T_IDENTIFIER T_ASSIGN T_CHAR_LITERAL T_SEMICOLON T_INT T_IDENTIFIER T_ASSIGN T_INTEGER_LITERAL T_SEMICOLON T_CHAR T_IDENTIFIER T_LEFT_SQUARE T_INTEGER_LITERAL T_RIGHT_SQUARE T_SEMICOLON T_IDENTIFIER T_ASSIGN T_STRING_LITERAL T_SEMICOLON T_IDENTIFIER T_INCREMENT T_SEMICOLON T_INCREMENT T_IDENTIFIER T_SEMICOLON T_IF T_LEFT_PAREN T_IDENTIFIER T_GREATER T_IDENTIFIER T_RIGHT_PAREN T_LEFT_BRACE T_IDENTIFIER T_ASSIGN T_IDENTIFIER T_SEMICOLON T_RIGHT_BRACE T_ELSE T_IF T_LEFT_PAREN T_IDENTIFIER T_LESS T_IDENTIFIER T_RIGHT_PAREN T_LEFT_BRACE T_IDENTIFIER T_ASSIGN T_IDENTIFIER T_PLUS T_INTEGER_LITERAL T_SEMICOLON T_RIGHT_BRACE T_ELSE T_LEFT_BRACE T_IDENTIFIER T_ASSIGN T_INTEGER_LITERAL T_SEMICOLON T_RIGHT_BRACE T_WHILE T_LEFT_PAREN T_IDENTIFIER T_GREATER T_INTEGER_LITERAL T_RIGHT_PAREN T_LEFT_BRACE T_IDENTIFIER T_DECREMENT T_SEMICOLON T_RIGHT_BRACE T_FOR T_LEFT_PAREN T_IDENTIFIER T_ASSIGN T_INTEGER_LITERAL T_SEMICOLON T_IDENTIFIER T_LESS T_INTEGER_LITERAL T_SEMICOLON T_IDENTIFIER T_INCREMENT T_RIGHT_PAREN T_LEFT_BRACE T_IDENTIFIER T_ASSIGN T_IDENTIFIER T_PLUS T_IDENTIFIER T_SEMICOLON T_RIGHT_BRACE T_FOR T_LEFT_PAREN T_IDENTIFIER T_ASSIGN T_INTEGER_LITERAL T_SEMICOLON T_IDENTIFIER T_LESS T_INTEGER_LITERAL T_SEMICOLON T_IDENTIFIER T_INCREMENT T_RIGHT_PAREN T_LEFT_BRACE T_IDENTIFIER T_LEFT_SQUARE T_IDENTIFIER T_RIGHT_SQUARE T_ASSIGN T_IDENTIFIER T_SEMICOLON T_RIGHT_BRACE T_IDENTIFIER T_ASSIGN T_NOT T_IDENTIFIER T_SEMICOLON T_IDENTIFIER T_ASSIGN T_IDENTIFIER T_MOD T_INTEGER_LITERAL T_SEMICOLON T_IDENTIFIER T_ASSIGN T_IDENTIFIER T_BITAND T_INTEGER_LITERAL T_SEMICOLON T_IDENTIFIER T_ASSIGN T_IDENTIFIER T_BITOR T_INTEGER_LITERAL T_SEMICOLON T_IDENTIFIER T_ASSIGN T_IDENTIFIER T_BITXOR T_INTEGER_LITERAL T_SEMICOLON T_IDENTIFIER T_ASSIGN T_BITNOT T_IDENTIFIER T_SEMICOLON T_INT T_IDENTIFIER T_ASSIGN T_IDENTIFIER T_LEFT_PAREN T_IDENTIFIER T_COMMA T_IDENTIFIER T_RIGHT_PAREN T_SEMICOLON T_LEFT_BRACE T_INT T_IDENTIFIER T_ASSIGN T_INTEGER_LITERAL T_SEMICOLON T_IDENTIFIER T_ASSIGN T_IDENTIFIER T_PLUS T_INTEGER_LITERAL T_SEMICOLON T_RIGHT_BRACE T_RETURN T_INTEGER_LITERAL T_SEMICOLON T_RIGHT_BRACE T_EOF 

State Stack: 0 9 16 18 25 52 50 107 39 85 179 
Symbol Stack: type_specifier T_IDENTIFIER T_LEFT_PAREN params T_RIGHT_PAREN T_LEFT_BRACE T_RETURN additive_expression addop term 
Input Stack: T_SEMICOLON T_RIGHT_BRACE T_VOID T_IDENTIFIER T_LEFT_PAREN T_RIGHT_PAREN T_LEFT_BRACE T_RIGHT_BRACE T_INT T_IDENTIFIER T_LEFT_PAREN T_RIGHT_PAREN T_LEFT_BRACE T_INT T_IDENTIFIER T_ASSIGN T_INTEGER_LITERAL T_SEMICOLON T_FLOAT T_IDENTIFIER T_ASSIGN T_FLOAT_LITERAL T_SEMICOLON T_CHAR T_IDENTIFIER T_LEFT_SQUARE T_INTEGER_LITERAL T_RIGHT_SQUARE T_SEMICOLON T_CHAR T_IDENTIFIER T_ASSIGN T_CHAR_LITERAL T_SEMICOLON T_INT T_IDENTIFIER T_ASSIGN T_INTEGER_LITERAL T_SEMICOLON T_CHAR T_IDENTIFIER T_LEFT_SQUARE T_INTEGER_LITERAL T_RIGHT_SQUARE T_SEMICOLON T_IDENTIFIER T_ASSIGN T_STRING_LITERAL T_SEMICOLON T_IDENTIFIER T_INCREMENT T_SEMICOLON T_INCREMENT T_IDENTIFIER T_SEMICOLON T_IF T_LEFT_PAREN T_IDENTIFIER T_GREATER T_IDENTIFIER T_RIGHT_PAREN T_LEFT_BRACE T_IDENTIFIER T_ASSIGN T_IDENTIFIER T_SEMICOLON T_RIGHT_BRACE T_ELSE T_IF T_LEFT_PAREN T_IDENTIFIER T_LESS T_IDENTIFIER T_RIGHT_PAREN T_LEFT_BRACE T_IDENTIFIER T_ASSIGN T_IDENTIFIER T_PLUS T_INTEGER_LITERAL T_SEMICOLON T_RIGHT_BRACE T_ELSE T_LEFT_BRACE T_IDENTIFIER T_ASSIGN T_INTEGER_LITERAL T_SEMICOLON T_RIGHT_BRACE T_WHILE T_LEFT_PAREN T_IDENTIFIER T_GREATER T_INTEGER_LITERAL T_RIGHT_PAREN T_LEFT_BRACE T_IDENTIFIER T_DECREMENT T_SEMICOLON T_RIGHT_BRACE T_FOR T_LEFT_PAREN T_IDENTIFIER T_ASSIGN T_INTEGER_LITERAL T_SEMICOLON T_IDENTIFIER T_LESS T_INTEGER_LITERAL T_SEMICOLON T_IDENTIFIER T_INCREMENT T_RIGHT_PAREN T_LEFT_BRACE T_IDENTIFIER T_ASSIGN T_IDENTIFIER T_PLUS T_IDENTIFIER T_SEMICOLON T_RIGHT_BRACE T_FOR T_LEFT_PAREN T_IDENTIFIER T_ASSIGN T_INTEGER_LITERAL T_SEMICOLON T_IDENTIFIER T_LESS T_INTEGER_LITERAL T_SEMICOLON T_IDENTIFIER T_INCREMENT T_RIGHT_PAREN T_LEFT_BRACE T_IDENTIFIER T_LEFT_SQUARE T_IDENTIFIER T_RIGHT_SQUARE T_ASSIGN T_IDENTIFIER T_SEMICOLON T_RIGHT_BRACE T_IDENTIFIER T_ASSIGN T_NOT T_IDENTIFIER T_SEMICOLON T_IDENTIFIER T_ASSIGN T_IDENTIFIER T_MOD T_INTEGER_LITERAL T_SEMICOLON T_IDENTIFIER T_ASSIGN T_IDENTIFIER T_BITAND T_INTEGER_LITERAL T_SEMICOLON T_IDENTIFIER T_ASSIGN T_IDENTIFIER T_BITOR T_INTEGER_LITERAL T_SEMICOLON T_IDENTIFIER T_ASSIGN T_IDENTIFIER T_BITXOR T_INTEGER_LITERAL T_SEMICOLON T_IDENTIFIER T_ASSIGN T_BITNOT T_IDENTIFIER T_SEMICOLON T_INT T_IDENTIFIER T_ASSIGN T_IDENTIFIER T_LEFT_PAREN T_IDENTIFIER T_COMMA T_IDENTIFIER T_RIGHT_PAREN T_SEMICOLON T_LEFT_BRACE T_INT T_IDENTIFIER T_ASSIGN T_INTEGER_LITERAL T_SEMICOLON T_IDENTIFIER T_ASSIGN T_IDENTIFIER T_PLUS T_INTEGER_LITERAL T_SEMICOLON T_RIGHT_BRACE T_RETURN T_INTEGER_LITERAL T_SEMICOLON T_RIGHT_BRACE T_EOF 

State Stack: 0 9 16 18 25 52 50 107 39 
Symbol Stack: type_specifier T_IDENTIFIER T_LEFT_PAREN params T_RIGHT_PAREN T_LEFT_BRACE T_RETURN additive_expression 
Input Stack: T_SEMICOLON T_RIGHT_BRACE T_VOID T_IDENTIFIER T_LEFT_PAREN T_RIGHT_PAREN T_LEFT_BRACE T_RIGHT_BRACE T_INT T_IDENTIFIER T_LEFT_PAREN T_RIGHT_PAREN T_LEFT_BRACE T_INT T_IDENTIFIER T_ASSIGN T_INTEGER_LITERAL T_SEMICOLON T_FLOAT T_IDENTIFIER T_ASSIGN T_FLOAT_LITERAL T_SEMICOLON T_CHAR T_IDENTIFIER T_LEFT_SQUARE T_INTEGER_LITERAL T_RIGHT_SQUARE T_SEMICOLON T_CHAR T_IDENTIFIER T_ASSIGN T_CHAR_LITERAL T_SEMICOLON T_INT T_IDENTIFIER T_ASSIGN T_INTEGER_LITERAL T_SEMICOLON T_CHAR T_IDENTIFIER T_LEFT_SQUARE T_INTEGER_LITERAL T_RIGHT_SQUARE T_SEMICOLON T_IDENTIFIER T_ASSIGN T_STRING_LITERAL T_SEMICOLON T_IDENTIFIER T_INCREMENT T_SEMICOLON T_INCREMENT T_IDENTIFIER T_SEMICOLON T_IF T_LEFT_PAREN T_IDENTIFIER T_GREATER T_IDENTIFIER T_RIGHT_PAREN T_LEFT_BRACE T_IDENTIFIER T_ASSIGN T_IDENTIFIER T_SEMICOLON T_RIGHT_BRACE T_ELSE T_IF T_LEFT_PAREN T_IDENTIFIER T_LESS T_IDENTIFIER T_RIGHT_PAREN T_LEFT_BRACE T_IDENTIFIER T_ASSIGN T_IDENTIFIER T_PLUS T_INTEGER_LITERAL T_SEMICOLON T_RIGHT_BRACE T_ELSE T_LEFT_BRACE T_IDENTIFIER T_ASSIGN T_INTEGER_LITERAL T_SEMICOLON T_RIGHT_BRACE T_WHILE T_LEFT_PAREN T_IDENTIFIER T_GREATER T_INTEGER_LITERAL T_RIGHT_PAREN T_LEFT_BRACE T_IDENTIFIER T_DECREMENT T_SEMICOLON T_RIGHT_BRACE T_FOR T_LEFT_PAREN T_IDENTIFIER T_ASSIGN T_INTEGER_LITERAL T_SEMICOLON T_IDENTIFIER T_LESS T_INTEGER_LITERAL T_SEMICOLON T_IDENTIFIER T_INCREMENT T_RIGHT_PAREN T_LEFT_BRACE T_IDENTIFIER T_ASSIGN T_IDENTIFIER T_PLUS T_IDENTIFIER T_SEMICOLON T_RIGHT_BRACE T_FOR T_LEFT_PAREN T_IDENTIFIER T_ASSIGN T_INTEGER_LITERAL T_SEMICOLON T_IDENTIFIER T_LESS T_INTEGER_LITERAL T_SEMICOLON T_IDENTIFIER T_INCREMENT T_RIGHT_PAREN T_LEFT_BRACE T_IDENTIFIER T_LEFT_SQUARE T_IDENTIFIER T_RIGHT_SQUARE T_ASSIGN T_IDENTIFIER T_SEMICOLON T_RIGHT_BRACE T_IDENTIFIER T_ASSIGN T_NOT T_IDENTIFIER T_SEMICOLON T_IDENTIFIER T_ASSIGN T_IDENTIFIER T_MOD T_INTEGER_LITERAL T_SEMICOLON T_IDENTIFIER T_ASSIGN T_IDENTIFIER T_BITAND T_INTEGER_LITERAL T_SEMICOLON T_IDENTIFIER T_ASSIGN T_IDENTIFIER T_BITOR T_INTEGER_LITERAL T_SEMICOLON T_IDENTIFIER T_ASSIGN T_IDENTIFIER T_BITXOR T_INTEGER_LITERAL T_SEMICOLON T_IDENTIFIER T_ASSIGN T_BITNOT T_IDENTIFIER T_SEMICOLON T_INT T_IDENTIFIER T_ASSIGN T_IDENTIFIER T_LEFT_PAREN T_IDENTIFIER T_COMMA T_IDENTIFIER T_RIGHT_PAREN T_SEMICOLON T_LEFT_BRACE T_INT T_IDENTIFIER T_ASSIGN T_INTEGER_LITERAL T_SEMICOLON T_IDENTIFIER T_ASSIGN T_IDENTIFIER T_PLUS T_INTEGER_LITERAL T_SEMICOLON T_RIGHT_BRACE T_RETURN T_INTEGER_LITERAL T_SEMICOLON T_RIGHT_BRACE T_EOF 

State Stack: 0 9 16 18 25 52 50 107 42 
Symbol Stack: type_specifier T_IDENTIFIER T_LEFT_PAREN params T_RIGHT_PAREN T_LEFT_BRACE T_RETURN simple_expression 
Input Stack: T_SEMICOLON T_RIGHT_BRACE T_VOID T_IDENTIFIER T_LEFT_PAREN T_RIGHT_PAREN T_LEFT_BRACE T_RIGHT_BRACE T_INT T_IDENTIFIER T_LEFT_PAREN T_RIGHT_PAREN T_LEFT_BRACE T_INT T_IDENTIFIER T_ASSIGN T_INTEGER_LITERAL T_SEMICOLON T_FLOAT T_IDENTIFIER T_ASSIGN T_FLOAT_LITERAL T_SEMICOLON T_CHAR T_IDENTIFIER T_LEFT_SQUARE T_INTEGER_LITERAL T_RIGHT_SQUARE T_SEMICOLON T_CHAR T_IDENTIFIER T_ASSIGN T_CHAR_LITERAL T_SEMICOLON T_INT T_IDENTIFIER T_ASSIGN T_INTEGER_LITERAL T_SEMICOLON T_CHAR T_IDENTIFIER T_LEFT_SQUARE T_INTEGER_LITERAL T_RIGHT_SQUARE T_SEMICOLON T_IDENTIFIER T_ASSIGN T_STRING_LITERAL T_SEMICOLON T_IDENTIFIER T_INCREMENT T_SEMICOLON T_INCREMENT T_IDENTIFIER T_SEMICOLON T_IF T_LEFT_PAREN T_IDENTIFIER T_GREATER T_IDENTIFIER T_RIGHT_PAREN T_LEFT_BRACE T_IDENTIFIER T_ASSIGN T_IDENTIFIER T_SEMICOLON T_RIGHT_BRACE T_ELSE T_IF T_LEFT_PAREN T_IDENTIFIER T_LESS T_IDENTIFIER T_RIGHT_PAREN T_LEFT_BRACE T_IDENTIFIER T_ASSIGN T_IDENTIFIER T_PLUS T_INTEGER_LITERAL T_SEMICOLON T_RIGHT_BRACE T_ELSE T_LEFT_BRACE T_IDENTIFIER T_ASSIGN T_INTEGER_LITERAL T_SEMICOLON T_RIGHT_BRACE T_WHILE T_LEFT_PAREN T_IDENTIFIER T_GREATER T_INTEGER_LITERAL T_RIGHT_PAREN T_LEFT_BRACE T_IDENTIFIER T_DECREMENT T_SEMICOLON T_RIGHT_BRACE T_FOR T_LEFT_PAREN T_IDENTIFIER T_ASSIGN T_INTEGER_LITERAL T_SEMICOLON T_IDENTIFIER T_LESS T_INTEGER_LITERAL T_SEMICOLON T_IDENTIFIER T_INCREMENT T_RIGHT_PAREN T_LEFT_BRACE T_IDENTIFIER T_ASSIGN T_IDENTIFIER T_PLUS T_IDENTIFIER T_SEMICOLON T_RIGHT_BRACE T_FOR T_LEFT_PAREN T_IDENTIFIER T_ASSIGN T_INTEGER_LITERAL T_SEMICOLON T_IDENTIFIER T_LESS T_INTEGER_LITERAL T_SEMICOLON T_IDENTIFIER T_INCREMENT T_RIGHT_PAREN T_LEFT_BRACE T_IDENTIFIER T_LEFT_SQUARE T_IDENTIFIER T_RIGHT_SQUARE T_ASSIGN T_IDENTIFIER T_SEMICOLON T_RIGHT_BRACE T_IDENTIFIER T_ASSIGN T_NOT T_IDENTIFIER T_SEMICOLON T_IDENTIFIER T_ASSIGN T_IDENTIFIER T_MOD T_INTEGER_LITERAL T_SEMICOLON T_IDENTIFIER T_ASSIGN T_IDENTIFIER T_BITAND T_INTEGER_LITERAL T_SEMICOLON T_IDENTIFIER T_ASSIGN T_IDENTIFIER T_BITOR T_INTEGER_LITERAL T_SEMICOLON T_IDENTIFIER T_ASSIGN T_IDENTIFIER T_BITXOR T_INTEGER_LITERAL T_SEMICOLON T_IDENTIFIER T_ASSIGN T_BITNOT T_IDENTIFIER T_SEMICOLON T_INT T_IDENTIFIER T_ASSIGN T_IDENTIFIER T_LEFT_PAREN T_IDENTIFIER T_COMMA T_IDENTIFIER T_RIGHT_PAREN T_SEMICOLON T_LEFT_BRACE T_INT T_IDENTIFIER T_ASSIGN T_INTEGER_LITERAL T_SEMICOLON T_IDENTIFIER T_ASSIGN T_IDENTIFIER T_PLUS T_INTEGER_LITERAL T_SEMICOLON T_RIGHT_BRACE T_RETURN T_INTEGER_LITERAL T_SEMICOLON T_RIGHT_BRACE T_EOF 

State Stack: 0 9 16 18 25 52 50 107 205 
Symbol Stack: type_specifier T_IDENTIFIER T_LEFT_PAREN params T_RIGHT_PAREN T_LEFT_BRACE T_RETURN expression 
Input Stack: T_SEMICOLON T_RIGHT_BRACE T_VOID T_IDENTIFIER T_LEFT_PAREN T_RIGHT_PAREN T_LEFT_BRACE T_RIGHT_BRACE T_INT T_IDENTIFIER T_LEFT_PAREN T_RIGHT_PAREN T_LEFT_BRACE T_INT T_IDENTIFIER T_ASSIGN T_INTEGER_LITERAL T_SEMICOLON T_FLOAT T_IDENTIFIER T_ASSIGN T_FLOAT_LITERAL T_SEMICOLON T_CHAR T_IDENTIFIER T_LEFT_SQUARE T_INTEGER_LITERAL T_RIGHT_SQUARE T_SEMICOLON T_CHAR T_IDENTIFIER T_ASSIGN T_CHAR_LITERAL T_SEMICOLON T_INT T_IDENTIFIER T_ASSIGN T_INTEGER_LITERAL T_SEMICOLON T_CHAR T_IDENTIFIER T_LEFT_SQUARE T_INTEGER_LITERAL T_RIGHT_SQUARE T_SEMICOLON T_IDENTIFIER T_ASSIGN T_STRING_LITERAL T_SEMICOLON T_IDENTIFIER T_INCREMENT T_SEMICOLON T_INCREMENT T_IDENTIFIER T_SEMICOLON T_IF T_LEFT_PAREN T_IDENTIFIER T_GREATER T_IDENTIFIER T_RIGHT_PAREN T_LEFT_BRACE T_IDENTIFIER T_ASSIGN T_IDENTIFIER T_SEMICOLON T_RIGHT_BRACE T_ELSE T_IF T_LEFT_PAREN T_IDENTIFIER T_LESS T_IDENTIFIER T_RIGHT_PAREN T_LEFT_BRACE T_IDENTIFIER T_ASSIGN T_IDENTIFIER T_PLUS T_INTEGER_LITERAL T_SEMICOLON T_RIGHT_BRACE T_ELSE T_LEFT_BRACE T_IDENTIFIER T_ASSIGN T_INTEGER_LITERAL T_SEMICOLON T_RIGHT_BRACE T_WHILE T_LEFT_PAREN T_IDENTIFIER T_GREATER T_INTEGER_LITERAL T_RIGHT_PAREN T_LEFT_BRACE T_IDENTIFIER T_DECREMENT T_SEMICOLON T_RIGHT_BRACE T_FOR T_LEFT_PAREN T_IDENTIFIER T_ASSIGN T_INTEGER_LITERAL T_SEMICOLON T_IDENTIFIER T_LESS T_INTEGER_LITERAL T_SEMICOLON T_IDENTIFIER T_INCREMENT T_RIGHT_PAREN T_LEFT_BRACE T_IDENTIFIER T_ASSIGN T_IDENTIFIER T_PLUS T_IDENTIFIER T_SEMICOLON T_RIGHT_BRACE T_FOR T_LEFT_PAREN T_IDENTIFIER T_ASSIGN T_INTEGER_LITERAL T_SEMICOLON T_IDENTIFIER T_LESS T_INTEGER_LITERAL T_SEMICOLON T_IDENTIFIER T_INCREMENT T_RIGHT_PAREN T_LEFT_BRACE T_IDENTIFIER T_LEFT_SQUARE T_IDENTIFIER T_RIGHT_SQUARE T_ASSIGN T_IDENTIFIER T_SEMICOLON T_RIGHT_BRACE T_IDENTIFIER T_ASSIGN T_NOT T_IDENTIFIER T_SEMICOLON T_IDENTIFIER T_ASSIGN T_IDENTIFIER T_MOD T_INTEGER_LITERAL T_SEMICOLON T_IDENTIFIER T_ASSIGN T_IDENTIFIER T_BITAND T_INTEGER_LITERAL T_SEMICOLON T_IDENTIFIER T_ASSIGN T_IDENTIFIER T_BITOR T_INTEGER_LITERAL T_SEMICOLON T_IDENTIFIER T_ASSIGN T_IDENTIFIER T_BITXOR T_INTEGER_LITERAL T_SEMICOLON T_IDENTIFIER T_ASSIGN T_BITNOT T_IDENTIFIER T_SEMICOLON T_INT T_IDENTIFIER T_ASSIGN T_IDENTIFIER T_LEFT_PAREN T_IDENTIFIER T_COMMA T_IDENTIFIER T_RIGHT_PAREN T_SEMICOLON T_LEFT_BRACE T_INT T_IDENTIFIER T_ASSIGN T_INTEGER_LITERAL T_SEMICOLON T_IDENTIFIER T_ASSIGN T_IDENTIFIER T_PLUS T_INTEGER_LITERAL T_SEMICOLON T_RIGHT_BRACE T_RETURN T_INTEGER_LITERAL T_SEMICOLON T_RIGHT_BRACE T_EOF 

State Stack: 0 9 16 18 25 52 50 107 205 295 
Symbol Stack: type_specifier T_IDENTIFIER T_LEFT_PAREN params T_RIGHT_PAREN T_LEFT_BRACE T_RETURN expression T_SEMICOLON 
Input Stack: T_RIGHT_BRACE T_VOID T_IDENTIFIER T_LEFT_PAREN T_RIGHT_PAREN T_LEFT_BRACE T_RIGHT_BRACE T_INT T_IDENTIFIER T_LEFT_PAREN T_RIGHT_PAREN T_LEFT_BRACE T_INT T_IDENTIFIER T_ASSIGN T_INTEGER_LITERAL T_SEMICOLON T_FLOAT T_IDENTIFIER T_ASSIGN T_FLOAT_LITERAL T_SEMICOLON T_CHAR T_IDENTIFIER T_LEFT_SQUARE T_INTEGER_LITERAL T_RIGHT_SQUARE T_SEMICOLON T_CHAR T_IDENTIFIER T_ASSIGN T_CHAR_LITERAL T_SEMICOLON T_INT T_IDENTIFIER T_ASSIGN T_INTEGER_LITERAL T_SEMICOLON T_CHAR T_IDENTIFIER T_LEFT_SQUARE T_INTEGER_LITERAL T_RIGHT_SQUARE T_SEMICOLON T_IDENTIFIER T_ASSIGN T_STRING_LITERAL T_SEMICOLON T_IDENTIFIER T_INCREMENT T_SEMICOLON T_INCREMENT T_IDENTIFIER T_SEMICOLON T_IF T_LEFT_PAREN T_IDENTIFIER T_GREATER T_IDENTIFIER T_RIGHT_PAREN T_LEFT_BRACE T_IDENTIFIER T_ASSIGN T_IDENTIFIER T_SEMICOLON T_RIGHT_BRACE T_ELSE T_IF T_LEFT_PAREN T_IDENTIFIER T_LESS T_IDENTIFIER T_RIGHT_PAREN T_LEFT_BRACE T_IDENTIFIER T_ASSIGN T_IDENTIFIER T_PLUS T_INTEGER_LITERAL T_SEMICOLON T_RIGHT_BRACE T_ELSE T_LEFT_BRACE T_IDENTIFIER T_ASSIGN T_INTEGER_LITERAL T_SEMICOLON T_RIGHT_BRACE T_WHILE T_LEFT_PAREN T_IDENTIFIER T_GREATER T_INTEGER_LITERAL T_RIGHT_PAREN T_LEFT_BRACE T_IDENTIFIER T_DECREMENT T_SEMICOLON T_RIGHT_BRACE T_FOR T_LEFT_PAREN T_IDENTIFIER T_ASSIGN T_INTEGER_LITERAL T_SEMICOLON T_IDENTIFIER T_LESS T_INTEGER_LITERAL T_SEMICOLON T_IDENTIFIER T_INCREMENT T_RIGHT_PAREN T_LEFT_BRACE T_IDENTIFIER T_ASSIGN T_IDENTIFIER T_PLUS T_IDENTIFIER T_SEMICOLON T_RIGHT_BRACE T_FOR T_LEFT_PAREN T_IDENTIFIER T_ASSIGN T_INTEGER_LITERAL T_SEMICOLON T_IDENTIFIER T_LESS T_INTEGER_LITERAL T_SEMICOLON T_IDENTIFIER T_INCREMENT T_RIGHT_PAREN T_LEFT_BRACE T_IDENTIFIER T_LEFT_SQUARE T_IDENTIFIER T_RIGHT_SQUARE T_ASSIGN T_IDENTIFIER T_SEMICOLON T_RIGHT_BRACE T_IDENTIFIER T_ASSIGN T_NOT T_IDENTIFIER T_SEMICOLON T_IDENTIFIER T_ASSIGN T_IDENTIFIER T_MOD T_INTEGER_LITERAL T_SEMICOLON T_IDENTIFIER T_ASSIGN T_IDENTIFIER T_BITAND T_INTEGER_LITERAL T_SEMICOLON T_IDENTIFIER T_ASSIGN T_IDENTIFIER T_BITOR T_INTEGER_LITERAL T_SEMICOLON T_IDENTIFIER T_ASSIGN T_IDENTIFIER T_BITXOR T_INTEGER_LITERAL T_SEMICOLON T_IDENTIFIER T_ASSIGN T_BITNOT T_IDENTIFIER T_SEMICOLON T_INT T_IDENTIFIER T_ASSIGN T_IDENTIFIER T_LEFT_PAREN T_IDENTIFIER T_COMMA T_IDENTIFIER T_RIGHT_PAREN T_SEMICOLON T_LEFT_BRACE T_INT T_IDENTIFIER T_ASSIGN T_INTEGER_LITERAL T_SEMICOLON T_IDENTIFIER T_ASSIGN T_IDENTIFIER T_PLUS T_INTEGER_LITERAL T_SEMICOLON T_RIGHT_BRACE T_RETURN T_INTEGER_LITERAL T_SEMICOLON T_RIGHT_BRACE T_EOF 

State Stack: 0 9 16 18 25 52 50 115 
Symbol Stack: type_specifier T_IDENTIFIER T_LEFT_PAREN params T_RIGHT_PAREN T_LEFT_BRACE return_stmt 
Input Stack: T_RIGHT_BRACE T_VOID T_IDENTIFIER T_LEFT_PAREN T_RIGHT_PAREN T_LEFT_BRACE T_RIGHT_BRACE T_INT T_IDENTIFIER T_LEFT_PAREN T_RIGHT_PAREN T_LEFT_BRACE T_INT T_IDENTIFIER T_ASSIGN T_INTEGER_LITERAL T_SEMICOLON T_FLOAT T_IDENTIFIER T_ASSIGN T_FLOAT_LITERAL T_SEMICOLON T_CHAR T_IDENTIFIER T_LEFT_SQUARE T_INTEGER_LITERAL T_RIGHT_SQUARE T_SEMICOLON T_CHAR T_IDENTIFIER T_ASSIGN T_CHAR_LITERAL T_SEMICOLON T_INT T_IDENTIFIER T_ASSIGN T_INTEGER_LITERAL T_SEMICOLON T_CHAR T_IDENTIFIER T_LEFT_SQUARE T_INTEGER_LITERAL T_RIGHT_SQUARE T_SEMICOLON T_IDENTIFIER T_ASSIGN T_STRING_LITERAL T_SEMICOLON T_IDENTIFIER T_INCREMENT T_SEMICOLON T_INCREMENT T_IDENTIFIER T_SEMICOLON T_IF T_LEFT_PAREN T_IDENTIFIER T_GREATER T_IDENTIFIER T_RIGHT_PAREN T_LEFT_BRACE T_IDENTIFIER T_ASSIGN T_IDENTIFIER T_SEMICOLON T_RIGHT_BRACE T_ELSE T_IF T_LEFT_PAREN T_IDENTIFIER T_LESS T_IDENTIFIER T_RIGHT_PAREN T_LEFT_BRACE T_IDENTIFIER T_ASSIGN T_IDENTIFIER T_PLUS T_INTEGER_LITERAL T_SEMICOLON T_RIGHT_BRACE T_ELSE T_LEFT_BRACE T_IDENTIFIER T_ASSIGN T_INTEGER_LITERAL T_SEMICOLON T_RIGHT_BRACE T_WHILE T_LEFT_PAREN T_IDENTIFIER T_GREATER T_INTEGER_LITERAL T_RIGHT_PAREN T_LEFT_BRACE T_IDENTIFIER T_DECREMENT T_SEMICOLON T_RIGHT_BRACE T_FOR T_LEFT_PAREN T_IDENTIFIER T_ASSIGN T_INTEGER_LITERAL T_SEMICOLON T_IDENTIFIER T_LESS T_INTEGER_LITERAL T_SEMICOLON T_IDENTIFIER T_INCREMENT T_RIGHT_PAREN T_LEFT_BRACE T_IDENTIFIER T_ASSIGN T_IDENTIFIER T_PLUS T_IDENTIFIER T_SEMICOLON T_RIGHT_BRACE T_FOR T_LEFT_PAREN T_IDENTIFIER T_ASSIGN T_INTEGER_LITERAL T_SEMICOLON T_IDENTIFIER T_LESS T_INTEGER_LITERAL T_SEMICOLON T_IDENTIFIER T_INCREMENT T_RIGHT_PAREN T_LEFT_BRACE T_IDENTIFIER T_LEFT_SQUARE T_IDENTIFIER T_RIGHT_SQUARE T_ASSIGN T_IDENTIFIER T_SEMICOLON T_RIGHT_BRACE T_IDENTIFIER T_ASSIGN T_NOT T_IDENTIFIER T_SEMICOLON T_IDENTIFIER T_ASSIGN T_IDENTIFIER T_MOD T_INTEGER_LITERAL T_SEMICOLON T_IDENTIFIER T_ASSIGN T_IDENTIFIER T_BITAND T_INTEGER_LITERAL T_SEMICOLON T_IDENTIFIER T_ASSIGN T_IDENTIFIER T_BITOR T_INTEGER_LITERAL T_SEMICOLON T_IDENTIFIER T_ASSIGN T_IDENTIFIER T_BITXOR T_INTEGER_LITERAL T_SEMICOLON T_IDENTIFIER T_ASSIGN T_BITNOT T_IDENTIFIER T_SEMICOLON T_INT T_IDENTIFIER T_ASSIGN T_IDENTIFIER T_LEFT_PAREN T_IDENTIFIER T_COMMA T_IDENTIFIER T_RIGHT_PAREN T_SEMICOLON T_LEFT_BRACE T_INT T_IDENTIFIER T_ASSIGN T_INTEGER_LITERAL T_SEMICOLON T_IDENTIFIER T_ASSIGN T_IDENTIFIER T_PLUS T_INTEGER_LITERAL T_SEMICOLON T_RIGHT_BRACE T_RETURN T_INTEGER_LITERAL T_SEMICOLON T_RIGHT_BRACE T_EOF 

State Stack: 0 9 16 18 25 52 50 118 
Symbol Stack: type_specifier T_IDENTIFIER T_LEFT_PAREN params T_RIGHT_PAREN T_LEFT_BRACE statement 
Input Stack: T_RIGHT_BRACE T_VOID T_IDENTIFIER T_LEFT_PAREN T_RIGHT_PAREN T_LEFT_BRACE T_RIGHT_BRACE T_INT T_IDENTIFIER T_LEFT_PAREN T_RIGHT_PAREN T_LEFT_BRACE T_INT T_IDENTIFIER T_ASSIGN T_INTEGER_LITERAL T_SEMICOLON T_FLOAT T_IDENTIFIER T_ASSIGN T_FLOAT_LITERAL T_SEMICOLON T_CHAR T_IDENTIFIER T_LEFT_SQUARE T_INTEGER_LITERAL T_RIGHT_SQUARE T_SEMICOLON T_CHAR T_IDENTIFIER T_ASSIGN T_CHAR_LITERAL T_SEMICOLON T_INT T_IDENTIFIER T_ASSIGN T_INTEGER_LITERAL T_SEMICOLON T_CHAR T_IDENTIFIER T_LEFT_SQUARE T_INTEGER_LITERAL T_RIGHT_SQUARE T_SEMICOLON T_IDENTIFIER T_ASSIGN T_STRING_LITERAL T_SEMICOLON T_IDENTIFIER T_INCREMENT T_SEMICOLON T_INCREMENT T_IDENTIFIER T_SEMICOLON T_IF T_LEFT_PAREN T_IDENTIFIER T_GREATER T_IDENTIFIER T_RIGHT_PAREN T_LEFT_BRACE T_IDENTIFIER T_ASSIGN T_IDENTIFIER T_SEMICOLON T_RIGHT_BRACE T_ELSE T_IF T_LEFT_PAREN T_IDENTIFIER T_LESS T_IDENTIFIER T_RIGHT_PAREN T_LEFT_BRACE T_IDENTIFIER T_ASSIGN T_IDENTIFIER T_PLUS T_INTEGER_LITERAL T_SEMICOLON T_RIGHT_BRACE T_ELSE T_LEFT_BRACE T_IDENTIFIER T_ASSIGN T_INTEGER_LITERAL T_SEMICOLON T_RIGHT_BRACE T_WHILE T_LEFT_PAREN T_IDENTIFIER T_GREATER T_INTEGER_LITERAL T_RIGHT_PAREN T_LEFT_BRACE T_IDENTIFIER T_DECREMENT T_SEMICOLON T_RIGHT_BRACE T_FOR T_LEFT_PAREN T_IDENTIFIER T_ASSIGN T_INTEGER_LITERAL T_SEMICOLON T_IDENTIFIER T_LESS T_INTEGER_LITERAL T_SEMICOLON T_IDENTIFIER T_INCREMENT T_RIGHT_PAREN T_LEFT_BRACE T_IDENTIFIER T_ASSIGN T_IDENTIFIER T_PLUS T_IDENTIFIER T_SEMICOLON T_RIGHT_BRACE T_FOR T_LEFT_PAREN T_IDENTIFIER T_ASSIGN T_INTEGER_LITERAL T_SEMICOLON T_IDENTIFIER T_LESS T_INTEGER_LITERAL T_SEMICOLON T_IDENTIFIER T_INCREMENT T_RIGHT_PAREN T_LEFT_BRACE T_IDENTIFIER T_LEFT_SQUARE T_IDENTIFIER T_RIGHT_SQUARE T_ASSIGN T_IDENTIFIER T_SEMICOLON T_RIGHT_BRACE T_IDENTIFIER T_ASSIGN T_NOT T_IDENTIFIER T_SEMICOLON T_IDENTIFIER T_ASSIGN T_IDENTIFIER T_MOD T_INTEGER_LITERAL T_SEMICOLON T_IDENTIFIER T_ASSIGN T_IDENTIFIER T_BITAND T_INTEGER_LITERAL T_SEMICOLON T_IDENTIFIER T_ASSIGN T_IDENTIFIER T_BITOR T_INTEGER_LITERAL T_SEMICOLON T_IDENTIFIER T_ASSIGN T_IDENTIFIER T_BITXOR T_INTEGER_LITERAL T_SEMICOLON T_IDENTIFIER T_ASSIGN T_BITNOT T_IDENTIFIER T_SEMICOLON T_INT T_IDENTIFIER T_ASSIGN T_IDENTIFIER T_LEFT_PAREN T_IDENTIFIER T_COMMA T_IDENTIFIER T_RIGHT_PAREN T_SEMICOLON T_LEFT_BRACE T_INT T_IDENTIFIER T_ASSIGN T_INTEGER_LITERAL T_SEMICOLON T_IDENTIFIER T_ASSIGN T_IDENTIFIER T_PLUS T_INTEGER_LITERAL T_SEMICOLON T_RIGHT_BRACE T_RETURN T_INTEGER_LITERAL T_SEMICOLON T_RIGHT_BRACE T_EOF 

State Stack: 0 9 16 18 25 52 50 109 
Symbol Stack: type_specifier T_IDENTIFIER T_LEFT_PAREN params T_RIGHT_PAREN T_LEFT_BRACE statement_list 
Input Stack: T_RIGHT_BRACE T_VOID T_IDENTIFIER T_LEFT_PAREN T_RIGHT_PAREN T_LEFT_BRACE T_RIGHT_BRACE T_INT T_IDENTIFIER T_LEFT_PAREN T_RIGHT_PAREN T_LEFT_BRACE T_INT T_IDENTIFIER T_ASSIGN T_INTEGER_LITERAL T_SEMICOLON T_FLOAT T_IDENTIFIER T_ASSIGN T_FLOAT_LITERAL T_SEMICOLON T_CHAR T_IDENTIFIER T_LEFT_SQUARE T_INTEGER_LITERAL T_RIGHT_SQUARE T_SEMICOLON T_CHAR T_IDENTIFIER T_ASSIGN T_CHAR_LITERAL T_SEMICOLON T_INT T_IDENTIFIER T_ASSIGN T_INTEGER_LITERAL T_SEMICOLON T_CHAR T_IDENTIFIER T_LEFT_SQUARE T_INTEGER_LITERAL T_RIGHT_SQUARE T_SEMICOLON T_IDENTIFIER T_ASSIGN T_STRING_LITERAL T_SEMICOLON T_IDENTIFIER T_INCREMENT T_SEMICOLON T_INCREMENT T_IDENTIFIER T_SEMICOLON T_IF T_LEFT_PAREN T_IDENTIFIER T_GREATER T_IDENTIFIER T_RIGHT_PAREN T_LEFT_BRACE T_IDENTIFIER T_ASSIGN T_IDENTIFIER T_SEMICOLON T_RIGHT_BRACE T_ELSE T_IF T_LEFT_PAREN T_IDENTIFIER T_LESS T_IDENTIFIER T_RIGHT_PAREN T_LEFT_BRACE T_IDENTIFIER T_ASSIGN T_IDENTIFIER T_PLUS T_INTEGER_LITERAL T_SEMICOLON T_RIGHT_BRACE T_ELSE T_LEFT_BRACE T_IDENTIFIER T_ASSIGN T_INTEGER_LITERAL T_SEMICOLON T_RIGHT_BRACE T_WHILE T_LEFT_PAREN T_IDENTIFIER T_GREATER T_INTEGER_LITERAL T_RIGHT_PAREN T_LEFT_BRACE T_IDENTIFIER T_DECREMENT T_SEMICOLON T_RIGHT_BRACE T_FOR T_LEFT_PAREN T_IDENTIFIER T_ASSIGN T_INTEGER_LITERAL T_SEMICOLON T_IDENTIFIER T_LESS T_INTEGER_LITERAL T_SEMICOLON T_IDENTIFIER T_INCREMENT T_RIGHT_PAREN T_LEFT_BRACE T_IDENTIFIER T_ASSIGN T_IDENTIFIER T_PLUS T_IDENTIFIER T_SEMICOLON T_RIGHT_BRACE T_FOR T_LEFT_PAREN T_IDENTIFIER T_ASSIGN T_INTEGER_LITERAL T_SEMICOLON T_IDENTIFIER T_LESS T_INTEGER_LITERAL T_SEMICOLON T_IDENTIFIER T_INCREMENT T_RIGHT_PAREN T_LEFT_BRACE T_IDENTIFIER T_LEFT_SQUARE T_IDENTIFIER T_RIGHT_SQUARE T_ASSIGN T_IDENTIFIER T_SEMICOLON T_RIGHT_BRACE T_IDENTIFIER T_ASSIGN T_NOT T_IDENTIFIER T_SEMICOLON T_IDENTIFIER T_ASSIGN T_IDENTIFIER T_MOD T_INTEGER_LITERAL T_SEMICOLON T_IDENTIFIER T_ASSIGN T_IDENTIFIER T_BITAND T_INTEGER_LITERAL T_SEMICOLON T_IDENTIFIER T_ASSIGN T_IDENTIFIER T_BITOR T_INTEGER_LITERAL T_SEMICOLON T_IDENTIFIER T_ASSIGN T_IDENTIFIER T_BITXOR T_INTEGER_LITERAL T_SEMICOLON T_IDENTIFIER T_ASSIGN T_BITNOT T_IDENTIFIER T_SEMICOLON T_INT T_IDENTIFIER T_ASSIGN T_IDENTIFIER T_LEFT_PAREN T_IDENTIFIER T_COMMA T_IDENTIFIER T_RIGHT_PAREN T_SEMICOLON T_LEFT_BRACE T_INT T_IDENTIFIER T_ASSIGN T_INTEGER_LITERAL T_SEMICOLON T_IDENTIFIER T_ASSIGN T_IDENTIFIER T_PLUS T_INTEGER_LITERAL T_SEMICOLON T_RIGHT_BRACE T_RETURN T_INTEGER_LITERAL T_SEMICOLON T_RIGHT_BRACE T_EOF 

State Stack: 0 9 16 18 25 52 50 110 
Symbol Stack: type_specifier T_IDENTIFIER T_LEFT_PAREN params T_RIGHT_PAREN T_LEFT_BRACE block_items 
Input Stack: T_RIGHT_BRACE T_VOID T_IDENTIFIER T_LEFT_PAREN T_RIGHT_PAREN T_LEFT_BRACE T_RIGHT_BRACE T_INT T_IDENTIFIER T_LEFT_PAREN T_RIGHT_PAREN T_LEFT_BRACE T_INT T_IDENTIFIER T_ASSIGN T_INTEGER_LITERAL T_SEMICOLON T_FLOAT T_IDENTIFIER T_ASSIGN T_FLOAT_LITERAL T_SEMICOLON T_CHAR T_IDENTIFIER T_LEFT_SQUARE T_INTEGER_LITERAL T_RIGHT_SQUARE T_SEMICOLON T_CHAR T_IDENTIFIER T_ASSIGN T_CHAR_LITERAL T_SEMICOLON T_INT T_IDENTIFIER T_ASSIGN T_INTEGER_LITERAL T_SEMICOLON T_CHAR T_IDENTIFIER T_LEFT_SQUARE T_INTEGER_LITERAL T_RIGHT_SQUARE T_SEMICOLON T_IDENTIFIER T_ASSIGN T_STRING_LITERAL T_SEMICOLON T_IDENTIFIER T_INCREMENT T_SEMICOLON T_INCREMENT T_IDENTIFIER T_SEMICOLON T_IF T_LEFT_PAREN T_IDENTIFIER T_GREATER T_IDENTIFIER T_RIGHT_PAREN T_LEFT_BRACE T_IDENTIFIER T_ASSIGN T_IDENTIFIER T_SEMICOLON T_RIGHT_BRACE T_ELSE T_IF T_LEFT_PAREN T_IDENTIFIER T_LESS T_IDENTIFIER T_RIGHT_PAREN T_LEFT_BRACE T_IDENTIFIER T_ASSIGN T_IDENTIFIER T_PLUS T_INTEGER_LITERAL T_SEMICOLON T_RIGHT_BRACE T_ELSE T_LEFT_BRACE T_IDENTIFIER T_ASSIGN T_INTEGER_LITERAL T_SEMICOLON T_RIGHT_BRACE T_WHILE T_LEFT_PAREN T_IDENTIFIER T_GREATER T_INTEGER_LITERAL T_RIGHT_PAREN T_LEFT_BRACE T_IDENTIFIER T_DECREMENT T_SEMICOLON T_RIGHT_BRACE T_FOR T_LEFT_PAREN T_IDENTIFIER T_ASSIGN T_INTEGER_LITERAL T_SEMICOLON T_IDENTIFIER T_LESS T_INTEGER_LITERAL T_SEMICOLON T_IDENTIFIER T_INCREMENT T_RIGHT_PAREN T_LEFT_BRACE T_IDENTIFIER T_ASSIGN T_IDENTIFIER T_PLUS T_IDENTIFIER T_SEMICOLON T_RIGHT_BRACE T_FOR T_LEFT_PAREN T_IDENTIFIER T_ASSIGN T_INTEGER_LITERAL T_SEMICOLON T_IDENTIFIER T_LESS T_INTEGER_LITERAL T_SEMICOLON T_IDENTIFIER T_INCREMENT T_RIGHT_PAREN T_LEFT_BRACE T_IDENTIFIER T_LEFT_SQUARE T_IDENTIFIER T_RIGHT_SQUARE T_ASSIGN T_IDENTIFIER T_SEMICOLON T_RIGHT_BRACE T_IDENTIFIER T_ASSIGN T_NOT T_IDENTIFIER T_SEMICOLON T_IDENTIFIER T_ASSIGN T_IDENTIFIER T_MOD T_INTEGER_LITERAL T_SEMICOLON T_IDENTIFIER T_ASSIGN T_IDENTIFIER T_BITAND T_INTEGER_LITERAL T_SEMICOLON T_IDENTIFIER T_ASSIGN T_IDENTIFIER T_BITOR T_INTEGER_LITERAL T_SEMICOLON T_IDENTIFIER T_ASSIGN T_IDENTIFIER T_BITXOR T_INTEGER_LITERAL T_SEMICOLON T_IDENTIFIER T_ASSIGN T_BITNOT T_IDENTIFIER T_SEMICOLON T_INT T_IDENTIFIER T_ASSIGN T_IDENTIFIER T_LEFT_PAREN T_IDENTIFIER T_COMMA T_IDENTIFIER T_RIGHT_PAREN T_SEMICOLON T_LEFT_BRACE T_INT T_IDENTIFIER T_ASSIGN T_INTEGER_LITERAL T_SEMICOLON T_IDENTIFIER T_ASSIGN T_IDENTIFIER T_PLUS T_INTEGER_LITERAL T_SEMICOLON T_RIGHT_BRACE T_RETURN T_INTEGER_LITERAL T_SEMICOLON T_RIGHT_BRACE T_EOF 

State Stack: 0 9 16 18 25 52 50 110 207 
Symbol Stack: type_specifier T_IDENTIFIER T_LEFT_PAREN params T_RIGHT_PAREN T_LEFT_BRACE block_items T_RIGHT_BRACE 
Input Stack: T_VOID T_IDENTIFIER T_LEFT_PAREN T_RIGHT_PAREN T_LEFT_BRACE T_RIGHT_BRACE T_INT T_IDENTIFIER T_LEFT_PAREN T_RIGHT_PAREN T_LEFT_BRACE T_INT T_IDENTIFIER T_ASSIGN T_INTEGER_LITERAL T_SEMICOLON T_FLOAT T_IDENTIFIER T_ASSIGN T_FLOAT_LITERAL T_SEMICOLON T_CHAR T_IDENTIFIER T_LEFT_SQUARE T_INTEGER_LITERAL T_RIGHT_SQUARE T_SEMICOLON T_CHAR T_IDENTIFIER T_ASSIGN T_CHAR_LITERAL T_SEMICOLON T_INT T_IDENTIFIER T_ASSIGN T_INTEGER_LITERAL T_SEMICOLON T_CHAR T_IDENTIFIER T_LEFT_SQUARE T_INTEGER_LITERAL T_RIGHT_SQUARE T_SEMICOLON T_IDENTIFIER T_ASSIGN T_STRING_LITERAL T_SEMICOLON T_IDENTIFIER T_INCREMENT T_SEMICOLON T_INCREMENT T_IDENTIFIER T_SEMICOLON T_IF T_LEFT_PAREN T_IDENTIFIER T_GREATER T_IDENTIFIER T_RIGHT_PAREN T_LEFT_BRACE T_IDENTIFIER T_ASSIGN T_IDENTIFIER T_SEMICOLON T_RIGHT_BRACE T_ELSE T_IF T_LEFT_PAREN T_IDENTIFIER T_LESS T_IDENTIFIER T_RIGHT_PAREN T_LEFT_BRACE T_IDENTIFIER T_ASSIGN T_IDENTIFIER T_PLUS T_INTEGER_LITERAL T_SEMICOLON T_RIGHT_BRACE T_ELSE T_LEFT_BRACE T_IDENTIFIER T_ASSIGN T_INTEGER_LITERAL T_SEMICOLON T_RIGHT_BRACE T_WHILE T_LEFT_PAREN T_IDENTIFIER T_GREATER T_INTEGER_LITERAL T_RIGHT_PAREN T_LEFT_BRACE T_IDENTIFIER T_DECREMENT T_SEMICOLON T_RIGHT_BRACE T_FOR T_LEFT_PAREN T_IDENTIFIER T_ASSIGN T_INTEGER_LITERAL T_SEMICOLON T_IDENTIFIER T_LESS T_INTEGER_LITERAL T_SEMICOLON T_IDENTIFIER T_INCREMENT T_RIGHT_PAREN T_LEFT_BRACE T_IDENTIFIER T_ASSIGN T_IDENTIFIER T_PLUS T_IDENTIFIER T_SEMICOLON T_RIGHT_BRACE T_FOR T_LEFT_PAREN T_IDENTIFIER T_ASSIGN T_INTEGER_LITERAL T_SEMICOLON T_IDENTIFIER T_LESS T_INTEGER_LITERAL T_SEMICOLON T_IDENTIFIER T_INCREMENT T_RIGHT_PAREN T_LEFT_BRACE T_IDENTIFIER T_LEFT_SQUARE T_IDENTIFIER T_RIGHT_SQUARE T_ASSIGN T_IDENTIFIER T_SEMICOLON T_RIGHT_BRACE T_IDENTIFIER T_ASSIGN T_NOT T_IDENTIFIER T_SEMICOLON T_IDENTIFIER T_ASSIGN T_IDENTIFIER T_MOD T_INTEGER_LITERAL T_SEMICOLON T_IDENTIFIER T_ASSIGN T_IDENTIFIER T_BITAND T_INTEGER_LITERAL T_SEMICOLON T_IDENTIFIER T_ASSIGN T_IDENTIFIER T_BITOR T_INTEGER_LITERAL T_SEMICOLON T_IDENTIFIER T_ASSIGN T_IDENTIFIER T_BITXOR T_INTEGER_LITERAL T_SEMICOLON T_IDENTIFIER T_ASSIGN T_BITNOT T_IDENTIFIER T_SEMICOLON T_INT T_IDENTIFIER T_ASSIGN T_IDENTIFIER T_LEFT_PAREN T_IDENTIFIER T_COMMA T_IDENTIFIER T_RIGHT_PAREN T_SEMICOLON T_LEFT_BRACE T_INT T_IDENTIFIER T_ASSIGN T_INTEGER_LITERAL T_SEMICOLON T_IDENTIFIER T_ASSIGN T_IDENTIFIER T_PLUS T_INTEGER_LITERAL T_SEMICOLON T_RIGHT_BRACE T_RETURN T_INTEGER_LITERAL T_SEMICOLON T_RIGHT_BRACE T_EOF 

State Stack: 0 9 16 18 25 52 120 
Symbol Stack: type_specifier T_IDENTIFIER T_LEFT_PAREN params T_RIGHT_PAREN compound_stmt 
Input Stack: T_VOID T_IDENTIFIER T_LEFT_PAREN T_RIGHT_PAREN T_LEFT_BRACE T_RIGHT_BRACE T_INT T_IDENTIFIER T_LEFT_PAREN T_RIGHT_PAREN T_LEFT_BRACE T_INT T_IDENTIFIER T_ASSIGN T_INTEGER_LITERAL T_SEMICOLON T_FLOAT T_IDENTIFIER T_ASSIGN T_FLOAT_LITERAL T_SEMICOLON T_CHAR T_IDENTIFIER T_LEFT_SQUARE T_INTEGER_LITERAL T_RIGHT_SQUARE T_SEMICOLON T_CHAR T_IDENTIFIER T_ASSIGN T_CHAR_LITERAL T_SEMICOLON T_INT T_IDENTIFIER T_ASSIGN T_INTEGER_LITERAL T_SEMICOLON T_CHAR T_IDENTIFIER T_LEFT_SQUARE T_INTEGER_LITERAL T_RIGHT_SQUARE T_SEMICOLON T_IDENTIFIER T_ASSIGN T_STRING_LITERAL T_SEMICOLON T_IDENTIFIER T_INCREMENT T_SEMICOLON T_INCREMENT T_IDENTIFIER T_SEMICOLON T_IF T_LEFT_PAREN T_IDENTIFIER T_GREATER T_IDENTIFIER T_RIGHT_PAREN T_LEFT_BRACE T_IDENTIFIER T_ASSIGN T_IDENTIFIER T_SEMICOLON T_RIGHT_BRACE T_ELSE T_IF T_LEFT_PAREN T_IDENTIFIER T_LESS T_IDENTIFIER T_RIGHT_PAREN T_LEFT_BRACE T_IDENTIFIER T_ASSIGN T_IDENTIFIER T_PLUS T_INTEGER_LITERAL T_SEMICOLON T_RIGHT_BRACE T_ELSE T_LEFT_BRACE T_IDENTIFIER T_ASSIGN T_INTEGER_LITERAL T_SEMICOLON T_RIGHT_BRACE T_WHILE T_LEFT_PAREN T_IDENTIFIER T_GREATER T_INTEGER_LITERAL T_RIGHT_PAREN T_LEFT_BRACE T_IDENTIFIER T_DECREMENT T_SEMICOLON T_RIGHT_BRACE T_FOR T_LEFT_PAREN T_IDENTIFIER T_ASSIGN T_INTEGER_LITERAL T_SEMICOLON T_IDENTIFIER T_LESS T_INTEGER_LITERAL T_SEMICOLON T_IDENTIFIER T_INCREMENT T_RIGHT_PAREN T_LEFT_BRACE T_IDENTIFIER T_ASSIGN T_IDENTIFIER T_PLUS T_IDENTIFIER T_SEMICOLON T_RIGHT_BRACE T_FOR T_LEFT_PAREN T_IDENTIFIER T_ASSIGN T_INTEGER_LITERAL T_SEMICOLON T_IDENTIFIER T_LESS T_INTEGER_LITERAL T_SEMICOLON T_IDENTIFIER T_INCREMENT T_RIGHT_PAREN T_LEFT_BRACE T_IDENTIFIER T_LEFT_SQUARE T_IDENTIFIER T_RIGHT_SQUARE T_ASSIGN T_IDENTIFIER T_SEMICOLON T_RIGHT_BRACE T_IDENTIFIER T_ASSIGN T_NOT T_IDENTIFIER T_SEMICOLON T_IDENTIFIER T_ASSIGN T_IDENTIFIER T_MOD T_INTEGER_LITERAL T_SEMICOLON T_IDENTIFIER T_ASSIGN T_IDENTIFIER T_BITAND T_INTEGER_LITERAL T_SEMICOLON T_IDENTIFIER T_ASSIGN T_IDENTIFIER T_BITOR T_INTEGER_LITERAL T_SEMICOLON T_IDENTIFIER T_ASSIGN T_IDENTIFIER T_BITXOR T_INTEGER_LITERAL T_SEMICOLON T_IDENTIFIER T_ASSIGN T_BITNOT T_IDENTIFIER T_SEMICOLON T_INT T_IDENTIFIER T_ASSIGN T_IDENTIFIER T_LEFT_PAREN T_IDENTIFIER T_COMMA T_IDENTIFIER T_RIGHT_PAREN T_SEMICOLON T_LEFT_BRACE T_INT T_IDENTIFIER T_ASSIGN T_INTEGER_LITERAL T_SEMICOLON T_IDENTIFIER T_ASSIGN T_IDENTIFIER T_PLUS T_INTEGER_LITERAL T_SEMICOLON T_RIGHT_BRACE T_RETURN T_INTEGER_LITERAL T_SEMICOLON T_RIGHT_BRACE T_EOF 

State Stack: 0 6 
Symbol Stack: fun_declaration 
Input Stack: T_VOID T_IDENTIFIER T_LEFT_PAREN T_RIGHT_PAREN T_LEFT_BRACE T_RIGHT_BRACE T_INT T_IDENTIFIER T_LEFT_PAREN T_RIGHT_PAREN T_LEFT_BRACE T_INT T_IDENTIFIER T_ASSIGN T_INTEGER_LITERAL T_SEMICOLON T_FLOAT T_IDENTIFIER T_ASSIGN T_FLOAT_LITERAL T_SEMICOLON T_CHAR T_IDENTIFIER T_LEFT_SQUARE T_INTEGER_LITERAL T_RIGHT_SQUARE T_SEMICOLON T_CHAR T_IDENTIFIER T_ASSIGN T_CHAR_LITERAL T_SEMICOLON T_INT T_IDENTIFIER T_ASSIGN T_INTEGER_LITERAL T_SEMICOLON T_CHAR T_IDENTIFIER T_LEFT_SQUARE T_INTEGER_LITERAL T_RIGHT_SQUARE T_SEMICOLON T_IDENTIFIER T_ASSIGN T_STRING_LITERAL T_SEMICOLON T_IDENTIFIER T_INCREMENT T_SEMICOLON T_INCREMENT T_IDENTIFIER T_SEMICOLON T_IF T_LEFT_PAREN T_IDENTIFIER T_GREATER T_IDENTIFIER T_RIGHT_PAREN T_LEFT_BRACE T_IDENTIFIER T_ASSIGN T_IDENTIFIER T_SEMICOLON T_RIGHT_BRACE T_ELSE T_IF T_LEFT_PAREN T_IDENTIFIER T_LESS T_IDENTIFIER T_RIGHT_PAREN T_LEFT_BRACE T_IDENTIFIER T_ASSIGN T_IDENTIFIER T_PLUS T_INTEGER_LITERAL T_SEMICOLON T_RIGHT_BRACE T_ELSE T_LEFT_BRACE T_IDENTIFIER T_ASSIGN T_INTEGER_LITERAL T_SEMICOLON T_RIGHT_BRACE T_WHILE T_LEFT_PAREN T_IDENTIFIER T_GREATER T_INTEGER_LITERAL T_RIGHT_PAREN T_LEFT_BRACE T_IDENTIFIER T_DECREMENT T_SEMICOLON T_RIGHT_BRACE T_FOR T_LEFT_PAREN T_IDENTIFIER T_ASSIGN T_INTEGER_LITERAL T_SEMICOLON T_IDENTIFIER T_LESS T_INTEGER_LITERAL T_SEMICOLON T_IDENTIFIER T_INCREMENT T_RIGHT_PAREN T_LEFT_BRACE T_IDENTIFIER T_ASSIGN T_IDENTIFIER T_PLUS T_IDENTIFIER T_SEMICOLON T_RIGHT_BRACE T_FOR T_LEFT_PAREN T_IDENTIFIER T_ASSIGN T_INTEGER_LITERAL T_SEMICOLON T_IDENTIFIER T_LESS T_INTEGER_LITERAL T_SEMICOLON T_IDENTIFIER T_INCREMENT T_RIGHT_PAREN T_LEFT_BRACE T_IDENTIFIER T_LEFT_SQUARE T_IDENTIFIER T_RIGHT_SQUARE T_ASSIGN T_IDENTIFIER T_SEMICOLON T_RIGHT_BRACE T_IDENTIFIER T_ASSIGN T_NOT T_IDENTIFIER T_SEMICOLON T_IDENTIFIER T_ASSIGN T_IDENTIFIER T_MOD T_INTEGER_LITERAL T_SEMICOLON T_IDENTIFIER T_ASSIGN T_IDENTIFIER T_BITAND T_INTEGER_LITERAL T_SEMICOLON T_IDENTIFIER T_ASSIGN T_IDENTIFIER T_BITOR T_INTEGER_LITERAL T_SEMICOLON T_IDENTIFIER T_ASSIGN T_IDENTIFIER T_BITXOR T_INTEGER_LITERAL T_SEMICOLON T_IDENTIFIER T_ASSIGN T_BITNOT T_IDENTIFIER T_SEMICOLON T_INT T_IDENTIFIER T_ASSIGN T_IDENTIFIER T_LEFT_PAREN T_IDENTIFIER T_COMMA T_IDENTIFIER T_RIGHT_PAREN T_SEMICOLON T_LEFT_BRACE T_INT T_IDENTIFIER T_ASSIGN T_INTEGER_LITERAL T_SEMICOLON T_IDENTIFIER T_ASSIGN T_IDENTIFIER T_PLUS T_INTEGER_LITERAL T_SEMICOLON T_RIGHT_BRACE T_RETURN T_INTEGER_LITERAL T_SEMICOLON T_RIGHT_BRACE T_EOF 

State Stack: 0 8 
Symbol Stack: declaration 
Input Stack: T_VOID T_IDENTIFIER T_LEFT_PAREN T_RIGHT_PAREN T_LEFT_BRACE T_RIGHT_BRACE T_INT T_IDENTIFIER T_LEFT_PAREN T_RIGHT_PAREN T_LEFT_BRACE T_INT T_IDENTIFIER T_ASSIGN T_INTEGER_LITERAL T_SEMICOLON T_FLOAT T_IDENTIFIER T_ASSIGN T_FLOAT_LITERAL T_SEMICOLON T_CHAR T_IDENTIFIER T_LEFT_SQUARE T_INTEGER_LITERAL T_RIGHT_SQUARE T_SEMICOLON T_CHAR T_IDENTIFIER T_ASSIGN T_CHAR_LITERAL T_SEMICOLON T_INT T_IDENTIFIER T_ASSIGN T_INTEGER_LITERAL T_SEMICOLON T_CHAR T_IDENTIFIER T_LEFT_SQUARE T_INTEGER_LITERAL T_RIGHT_SQUARE T_SEMICOLON T_IDENTIFIER T_ASSIGN T_STRING_LITERAL T_SEMICOLON T_IDENTIFIER T_INCREMENT T_SEMICOLON T_INCREMENT T_IDENTIFIER T_SEMICOLON T_IF T_LEFT_PAREN T_IDENTIFIER T_GREATER T_IDENTIFIER T_RIGHT_PAREN T_LEFT_BRACE T_IDENTIFIER T_ASSIGN T_IDENTIFIER T_SEMICOLON T_RIGHT_BRACE T_ELSE T_IF T_LEFT_PAREN T_IDENTIFIER T_LESS T_IDENTIFIER T_RIGHT_PAREN T_LEFT_BRACE T_IDENTIFIER T_ASSIGN T_IDENTIFIER T_PLUS T_INTEGER_LITERAL T_SEMICOLON T_RIGHT_BRACE T_ELSE T_LEFT_BRACE T_IDENTIFIER T_ASSIGN T_INTEGER_LITERAL T_SEMICOLON T_RIGHT_BRACE T_WHILE T_LEFT_PAREN T_IDENTIFIER T_GREATER T_INTEGER_LITERAL T_RIGHT_PAREN T_LEFT_BRACE T_IDENTIFIER T_DECREMENT T_SEMICOLON T_RIGHT_BRACE T_FOR T_LEFT_PAREN T_IDENTIFIER T_ASSIGN T_INTEGER_LITERAL T_SEMICOLON T_IDENTIFIER T_LESS T_INTEGER_LITERAL T_SEMICOLON T_IDENTIFIER T_INCREMENT T_RIGHT_PAREN T_LEFT_BRACE T_IDENTIFIER T_ASSIGN T_IDENTIFIER T_PLUS T_IDENTIFIER T_SEMICOLON T_RIGHT_BRACE T_FOR T_LEFT_PAREN T_IDENTIFIER T_ASSIGN T_INTEGER_LITERAL T_SEMICOLON T_IDENTIFIER T_LESS T_INTEGER_LITERAL T_SEMICOLON T_IDENTIFIER T_INCREMENT T_RIGHT_PAREN T_LEFT_BRACE T_IDENTIFIER T_LEFT_SQUARE T_IDENTIFIER T_RIGHT_SQUARE T_ASSIGN T_IDENTIFIER T_SEMICOLON T_RIGHT_BRACE T_IDENTIFIER T_ASSIGN T_NOT T_IDENTIFIER T_SEMICOLON T_IDENTIFIER T_ASSIGN T_IDENTIFIER T_MOD T_INTEGER_LITERAL T_SEMICOLON T_IDENTIFIER T_ASSIGN T_IDENTIFIER T_BITAND T_INTEGER_LITERAL T_SEMICOLON T_IDENTIFIER T_ASSIGN T_IDENTIFIER T_BITOR T_INTEGER_LITERAL T_SEMICOLON T_IDENTIFIER T_ASSIGN T_IDENTIFIER T_BITXOR T_INTEGER_LITERAL T_SEMICOLON T_IDENTIFIER T_ASSIGN T_BITNOT T_IDENTIFIER T_SEMICOLON T_INT T_IDENTIFIER T_ASSIGN T_IDENTIFIER T_LEFT_PAREN T_IDENTIFIER T_COMMA T_IDENTIFIER T_RIGHT_PAREN T_SEMICOLON T_LEFT_BRACE T_INT T_IDENTIFIER T_ASSIGN T_INTEGER_LITERAL T_SEMICOLON T_IDENTIFIER T_ASSIGN T_IDENTIFIER T_PLUS T_INTEGER_LITERAL T_SEMICOLON T_RIGHT_BRACE T_RETURN T_INTEGER_LITERAL T_SEMICOLON T_RIGHT_BRACE T_EOF 

State Stack: 0 8 4 
Symbol Stack: declaration T_VOID 
Input Stack: T_IDENTIFIER T_LEFT_PAREN T_RIGHT_PAREN T_LEFT_BRACE T_RIGHT_BRACE T_INT T_IDENTIFIER T_LEFT_PAREN T_RIGHT_PAREN T_LEFT_BRACE T_INT T_IDENTIFIER T_ASSIGN T_INTEGER_LITERAL T_SEMICOLON T_FLOAT T_IDENTIFIER T_ASSIGN T_FLOAT_LITERAL T_SEMICOLON T_CHAR T_IDENTIFIER T_LEFT_SQUARE T_INTEGER_LITERAL T_RIGHT_SQUARE T_SEMICOLON T_CHAR T_IDENTIFIER T_ASSIGN T_CHAR_LITERAL T_SEMICOLON T_INT T_IDENTIFIER T_ASSIGN T_INTEGER_LITERAL T_SEMICOLON T_CHAR T_IDENTIFIER T_LEFT_SQUARE T_INTEGER_LITERAL T_RIGHT_SQUARE T_SEMICOLON T_IDENTIFIER T_ASSIGN T_STRING_LITERAL T_SEMICOLON T_IDENTIFIER T_INCREMENT T_SEMICOLON T_INCREMENT T_IDENTIFIER T_SEMICOLON T_IF T_LEFT_PAREN T_IDENTIFIER T_GREATER T_IDENTIFIER T_RIGHT_PAREN T_LEFT_BRACE T_IDENTIFIER T_ASSIGN T_IDENTIFIER T_SEMICOLON T_RIGHT_BRACE T_ELSE T_IF T_LEFT_PAREN T_IDENTIFIER T_LESS T_IDENTIFIER T_RIGHT_PAREN T_LEFT_BRACE T_IDENTIFIER T_ASSIGN T_IDENTIFIER T_PLUS T_INTEGER_LITERAL T_SEMICOLON T_RIGHT_BRACE T_ELSE T_LEFT_BRACE T_IDENTIFIER T_ASSIGN T_INTEGER_LITERAL T_SEMICOLON T_RIGHT_BRACE T_WHILE T_LEFT_PAREN T_IDENTIFIER T_GREATER T_INTEGER_LITERAL T_RIGHT_PAREN T_LEFT_BRACE T_IDENTIFIER T_DECREMENT T_SEMICOLON T_RIGHT_BRACE T_FOR T_LEFT_PAREN T_IDENTIFIER T_ASSIGN T_INTEGER_LITERAL T_SEMICOLON T_IDENTIFIER T_LESS T_INTEGER_LITERAL T_SEMICOLON T_IDENTIFIER T_INCREMENT T_RIGHT_PAREN T_LEFT_BRACE T_IDENTIFIER T_ASSIGN T_IDENTIFIER T_PLUS T_IDENTIFIER T_SEMICOLON T_RIGHT_BRACE T_FOR T_LEFT_PAREN T_IDENTIFIER T_ASSIGN T_INTEGER_LITERAL T_SEMICOLON T_IDENTIFIER T_LESS T_INTEGER_LITERAL T_SEMICOLON T_IDENTIFIER T_INCREMENT T_RIGHT_PAREN T_LEFT_BRACE T_IDENTIFIER T_LEFT_SQUARE T_IDENTIFIER T_RIGHT_SQUARE T_ASSIGN T_IDENTIFIER T_SEMICOLON T_RIGHT_BRACE T_IDENTIFIER T_ASSIGN T_NOT T_IDENTIFIER T_SEMICOLON T_IDENTIFIER T_ASSIGN T_IDENTIFIER T_MOD T_INTEGER_LITERAL T_SEMICOLON T_IDENTIFIER T_ASSIGN T_IDENTIFIER T_BITAND T_INTEGER_LITERAL T_SEMICOLON T_IDENTIFIER T_ASSIGN T_IDENTIFIER T_BITOR T_INTEGER_LITERAL T_SEMICOLON T_IDENTIFIER T_ASSIGN T_IDENTIFIER T_BITXOR T_INTEGER_LITERAL T_SEMICOLON T_IDENTIFIER T_ASSIGN T_BITNOT T_IDENTIFIER T_SEMICOLON T_INT T_IDENTIFIER T_ASSIGN T_IDENTIFIER T_LEFT_PAREN T_IDENTIFIER T_COMMA T_IDENTIFIER T_RIGHT_PAREN T_SEMICOLON T_LEFT_BRACE T_INT T_IDENTIFIER T_ASSIGN T_INTEGER_LITERAL T_SEMICOLON T_IDENTIFIER T_ASSIGN T_IDENTIFIER T_PLUS T_INTEGER_LITERAL T_SEMICOLON T_RIGHT_BRACE T_RETURN T_INTEGER_LITERAL T_SEMICOLON T_RIGHT_BRACE T_EOF 

State Stack: 0 8 14 
Symbol Stack: declaration simple_type 
Input Stack: T_IDENTIFIER T_LEFT_PAREN T_RIGHT_PAREN T_LEFT_BRACE T_RIGHT_BRACE T_INT T_IDENTIFIER T_LEFT_PAREN T_RIGHT_PAREN T_LEFT_BRACE T_INT T_IDENTIFIER T_ASSIGN T_INTEGER_LITERAL T_SEMICOLON T_FLOAT T_IDENTIFIER T_ASSIGN T_FLOAT_LITERAL T_SEMICOLON T_CHAR T_IDENTIFIER T_LEFT_SQUARE T_INTEGER_LITERAL T_RIGHT_SQUARE T_SEMICOLON T_CHAR T_IDENTIFIER T_ASSIGN T_CHAR_LITERAL T_SEMICOLON T_INT T_IDENTIFIER T_ASSIGN T_INTEGER_LITERAL T_SEMICOLON T_CHAR T_IDENTIFIER T_LEFT_SQUARE T_INTEGER_LITERAL T_RIGHT_SQUARE T_SEMICOLON T_IDENTIFIER T_ASSIGN T_STRING_LITERAL T_SEMICOLON T_IDENTIFIER T_INCREMENT T_SEMICOLON T_INCREMENT T_IDENTIFIER T_SEMICOLON T_IF T_LEFT_PAREN T_IDENTIFIER T_GREATER T_IDENTIFIER T_RIGHT_PAREN T_LEFT_BRACE T_IDENTIFIER T_ASSIGN T_IDENTIFIER T_SEMICOLON T_RIGHT_BRACE T_ELSE T_IF T_LEFT_PAREN T_IDENTIFIER T_LESS T_IDENTIFIER T_RIGHT_PAREN T_LEFT_BRACE T_IDENTIFIER T_ASSIGN T_IDENTIFIER T_PLUS T_INTEGER_LITERAL T_SEMICOLON T_RIGHT_BRACE T_ELSE T_LEFT_BRACE T_IDENTIFIER T_ASSIGN T_INTEGER_LITERAL T_SEMICOLON T_RIGHT_BRACE T_WHILE T_LEFT_PAREN T_IDENTIFIER T_GREATER T_INTEGER_LITERAL T_RIGHT_PAREN T_LEFT_BRACE T_IDENTIFIER T_DECREMENT T_SEMICOLON T_RIGHT_BRACE T_FOR T_LEFT_PAREN T_IDENTIFIER T_ASSIGN T_INTEGER_LITERAL T_SEMICOLON T_IDENTIFIER T_LESS T_INTEGER_LITERAL T_SEMICOLON T_IDENTIFIER T_INCREMENT T_RIGHT_PAREN T_LEFT_BRACE T_IDENTIFIER T_ASSIGN T_IDENTIFIER T_PLUS T_IDENTIFIER T_SEMICOLON T_RIGHT_BRACE T_FOR T_LEFT_PAREN T_IDENTIFIER T_ASSIGN T_INTEGER_LITERAL T_SEMICOLON T_IDENTIFIER T_LESS T_INTEGER_LITERAL T_SEMICOLON T_IDENTIFIER T_INCREMENT T_RIGHT_PAREN T_LEFT_BRACE T_IDENTIFIER T_LEFT_SQUARE T_IDENTIFIER T_RIGHT_SQUARE T_ASSIGN T_IDENTIFIER T_SEMICOLON T_RIGHT_BRACE T_IDENTIFIER T_ASSIGN T_NOT T_IDENTIFIER T_SEMICOLON T_IDENTIFIER T_ASSIGN T_IDENTIFIER T_MOD T_INTEGER_LITERAL T_SEMICOLON T_IDENTIFIER T_ASSIGN T_IDENTIFIER T_BITAND T_INTEGER_LITERAL T_SEMICOLON T_IDENTIFIER T_ASSIGN T_IDENTIFIER T_BITOR T_INTEGER_LITERAL T_SEMICOLON T_IDENTIFIER T_ASSIGN T_IDENTIFIER T_BITXOR T_INTEGER_LITERAL T_SEMICOLON T_IDENTIFIER T_ASSIGN T_BITNOT T_IDENTIFIER T_SEMICOLON T_INT T_IDENTIFIER T_ASSIGN T_IDENTIFIER T_LEFT_PAREN T_IDENTIFIER T_COMMA T_IDENTIFIER T_RIGHT_PAREN T_SEMICOLON T_LEFT_BRACE T_INT T_IDENTIFIER T_ASSIGN T_INTEGER_LITERAL T_SEMICOLON T_IDENTIFIER T_ASSIGN T_IDENTIFIER T_PLUS T_INTEGER_LITERAL T_SEMICOLON T_RIGHT_BRACE T_RETURN T_INTEGER_LITERAL T_SEMICOLON T_RIGHT_BRACE T_EOF 

State Stack: 0 8 9 
Symbol Stack: declaration type_specifier 
Input Stack: T_IDENTIFIER T_LEFT_PAREN T_RIGHT_PAREN T_LEFT_BRACE T_RIGHT_BRACE T_INT T_IDENTIFIER T_LEFT_PAREN T_RIGHT_PAREN T_LEFT_BRACE T_INT T_IDENTIFIER T_ASSIGN T_INTEGER_LITERAL T_SEMICOLON T_FLOAT T_IDENTIFIER T_ASSIGN T_FLOAT_LITERAL T_SEMICOLON T_CHAR T_IDENTIFIER T_LEFT_SQUARE T_INTEGER_LITERAL T_RIGHT_SQUARE T_SEMICOLON T_CHAR T_IDENTIFIER T_ASSIGN T_CHAR_LITERAL T_SEMICOLON T_INT T_IDENTIFIER T_ASSIGN T_INTEGER_LITERAL T_SEMICOLON T_CHAR T_IDENTIFIER T_LEFT_SQUARE T_INTEGER_LITERAL T_RIGHT_SQUARE T_SEMICOLON T_IDENTIFIER T_ASSIGN T_STRING_LITERAL T_SEMICOLON T_IDENTIFIER T_INCREMENT T_SEMICOLON T_INCREMENT T_IDENTIFIER T_SEMICOLON T_IF T_LEFT_PAREN T_IDENTIFIER T_GREATER T_IDENTIFIER T_RIGHT_PAREN T_LEFT_BRACE T_IDENTIFIER T_ASSIGN T_IDENTIFIER T_SEMICOLON T_RIGHT_BRACE T_ELSE T_IF T_LEFT_PAREN T_IDENTIFIER T_LESS T_IDENTIFIER T_RIGHT_PAREN T_LEFT_BRACE T_IDENTIFIER T_ASSIGN T_IDENTIFIER T_PLUS T_INTEGER_LITERAL T_SEMICOLON T_RIGHT_BRACE T_ELSE T_LEFT_BRACE T_IDENTIFIER T_ASSIGN T_INTEGER_LITERAL T_SEMICOLON T_RIGHT_BRACE T_WHILE T_LEFT_PAREN T_IDENTIFIER T_GREATER T_INTEGER_LITERAL T_RIGHT_PAREN T_LEFT_BRACE T_IDENTIFIER T_DECREMENT T_SEMICOLON T_RIGHT_BRACE T_FOR T_LEFT_PAREN T_IDENTIFIER T_ASSIGN T_INTEGER_LITERAL T_SEMICOLON T_IDENTIFIER T_LESS T_INTEGER_LITERAL T_SEMICOLON T_IDENTIFIER T_INCREMENT T_RIGHT_PAREN T_LEFT_BRACE T_IDENTIFIER T_ASSIGN T_IDENTIFIER T_PLUS T_IDENTIFIER T_SEMICOLON T_RIGHT_BRACE T_FOR T_LEFT_PAREN T_IDENTIFIER T_ASSIGN T_INTEGER_LITERAL T_SEMICOLON T_IDENTIFIER T_LESS T_INTEGER_LITERAL T_SEMICOLON T_IDENTIFIER T_INCREMENT T_RIGHT_PAREN T_LEFT_BRACE T_IDENTIFIER T_LEFT_SQUARE T_IDENTIFIER T_RIGHT_SQUARE T_ASSIGN T_IDENTIFIER T_SEMICOLON T_RIGHT_BRACE T_IDENTIFIER T_ASSIGN T_NOT T_IDENTIFIER T_SEMICOLON T_IDENTIFIER T_ASSIGN T_IDENTIFIER T_MOD T_INTEGER_LITERAL T_SEMICOLON T_IDENTIFIER T_ASSIGN T_IDENTIFIER T_BITAND T_INTEGER_LITERAL T_SEMICOLON T_IDENTIFIER T_ASSIGN T_IDENTIFIER T_BITOR T_INTEGER_LITERAL T_SEMICOLON T_IDENTIFIER T_ASSIGN T_IDENTIFIER T_BITXOR T_INTEGER_LITERAL T_SEMICOLON T_IDENTIFIER T_ASSIGN T_BITNOT T_IDENTIFIER T_SEMICOLON T_INT T_IDENTIFIER T_ASSIGN T_IDENTIFIER T_LEFT_PAREN T_IDENTIFIER T_COMMA T_IDENTIFIER T_RIGHT_PAREN T_SEMICOLON T_LEFT_BRACE T_INT T_IDENTIFIER T_ASSIGN T_INTEGER_LITERAL T_SEMICOLON T_IDENTIFIER T_ASSIGN T_IDENTIFIER T_PLUS T_INTEGER_LITERAL T_SEMICOLON T_RIGHT_BRACE T_RETURN T_INTEGER_LITERAL T_SEMICOLON T_RIGHT_BRACE T_EOF 

State Stack: 0 8 9 16 
Symbol Stack: declaration type_specifier T_IDENTIFIER 
Input Stack: T_LEFT_PAREN T_RIGHT_PAREN T_LEFT_BRACE T_RIGHT_BRACE T_INT T_IDENTIFIER T_LEFT_PAREN T_RIGHT_PAREN T_LEFT_BRACE T_INT T_IDENTIFIER T_ASSIGN T_INTEGER_LITERAL T_SEMICOLON T_FLOAT T_IDENTIFIER T_ASSIGN T_FLOAT_LITERAL T_SEMICOLON T_CHAR T_IDENTIFIER T_LEFT_SQUARE T_INTEGER_LITERAL T_RIGHT_SQUARE T_SEMICOLON T_CHAR T_IDENTIFIER T_ASSIGN T_CHAR_LITERAL T_SEMICOLON T_INT T_IDENTIFIER T_ASSIGN T_INTEGER_LITERAL T_SEMICOLON T_CHAR T_IDENTIFIER T_LEFT_SQUARE T_INTEGER_LITERAL T_RIGHT_SQUARE T_SEMICOLON T_IDENTIFIER T_ASSIGN T_STRING_LITERAL T_SEMICOLON T_IDENTIFIER T_INCREMENT T_SEMICOLON T_INCREMENT T_IDENTIFIER T_SEMICOLON T_IF T_LEFT_PAREN T_IDENTIFIER T_GREATER T_IDENTIFIER T_RIGHT_PAREN T_LEFT_BRACE T_IDENTIFIER T_ASSIGN T_IDENTIFIER T_SEMICOLON T_RIGHT_BRACE T_ELSE T_IF T_LEFT_PAREN T_IDENTIFIER T_LESS T_IDENTIFIER T_RIGHT_PAREN T_LEFT_BRACE T_IDENTIFIER T_ASSIGN T_IDENTIFIER T_PLUS T_INTEGER_LITERAL T_SEMICOLON T_RIGHT_BRACE T_ELSE T_LEFT_BRACE T_IDENTIFIER T_ASSIGN T_INTEGER_LITERAL T_SEMICOLON T_RIGHT_BRACE T_WHILE T_LEFT_PAREN T_IDENTIFIER T_GREATER T_INTEGER_LITERAL T_RIGHT_PAREN T_LEFT_BRACE T_IDENTIFIER T_DECREMENT T_SEMICOLON T_RIGHT_BRACE T_FOR T_LEFT_PAREN T_IDENTIFIER T_ASSIGN T_INTEGER_LITERAL T_SEMICOLON T_IDENTIFIER T_LESS T_INTEGER_LITERAL T_SEMICOLON T_IDENTIFIER T_INCREMENT T_RIGHT_PAREN T_LEFT_BRACE T_IDENTIFIER T_ASSIGN T_IDENTIFIER T_PLUS T_IDENTIFIER T_SEMICOLON T_RIGHT_BRACE T_FOR T_LEFT_PAREN T_IDENTIFIER T_ASSIGN T_INTEGER_LITERAL T_SEMICOLON T_IDENTIFIER T_LESS T_INTEGER_LITERAL T_SEMICOLON T_IDENTIFIER T_INCREMENT T_RIGHT_PAREN T_LEFT_BRACE T_IDENTIFIER T_LEFT_SQUARE T_IDENTIFIER T_RIGHT_SQUARE T_ASSIGN T_IDENTIFIER T_SEMICOLON T_RIGHT_BRACE T_IDENTIFIER T_ASSIGN T_NOT T_IDENTIFIER T_SEMICOLON T_IDENTIFIER T_ASSIGN T_IDENTIFIER T_MOD T_INTEGER_LITERAL T_SEMICOLON T_IDENTIFIER T_ASSIGN T_IDENTIFIER T_BITAND T_INTEGER_LITERAL T_SEMICOLON T_IDENTIFIER T_ASSIGN T_IDENTIFIER T_BITOR T_INTEGER_LITERAL T_SEMICOLON T_IDENTIFIER T_ASSIGN T_IDENTIFIER T_BITXOR T_INTEGER_LITERAL T_SEMICOLON T_IDENTIFIER T_ASSIGN T_BITNOT T_IDENTIFIER T_SEMICOLON T_INT T_IDENTIFIER T_ASSIGN T_IDENTIFIER T_LEFT_PAREN T_IDENTIFIER T_COMMA T_IDENTIFIER T_RIGHT_PAREN T_SEMICOLON T_LEFT_BRACE T_INT T_IDENTIFIER T_ASSIGN T_INTEGER_LITERAL T_SEMICOLON T_IDENTIFIER T_ASSIGN T_IDENTIFIER T_PLUS T_INTEGER_LITERAL T_SEMICOLON T_RIGHT_BRACE T_RETURN T_INTEGER_LITERAL T_SEMICOLON T_RIGHT_BRACE T_EOF 

State Stack: 0 8 9 16 18 
Symbol Stack: declaration type_specifier T_IDENTIFIER T_LEFT_PAREN 
Input Stack: T_RIGHT_PAREN T_LEFT_BRACE T_RIGHT_BRACE T_INT T_IDENTIFIER T_LEFT_PAREN T_RIGHT_PAREN T_LEFT_BRACE T_INT T_IDENTIFIER T_ASSIGN T_INTEGER_LITERAL T_SEMICOLON T_FLOAT T_IDENTIFIER T_ASSIGN T_FLOAT_LITERAL T_SEMICOLON T_CHAR T_IDENTIFIER T_LEFT_SQUARE T_INTEGER_LITERAL T_RIGHT_SQUARE T_SEMICOLON T_CHAR T_IDENTIFIER T_ASSIGN T_CHAR_LITERAL T_SEMICOLON T_INT T_IDENTIFIER T_ASSIGN T_INTEGER_LITERAL T_SEMICOLON T_CHAR T_IDENTIFIER T_LEFT_SQUARE T_INTEGER_LITERAL T_RIGHT_SQUARE T_SEMICOLON T_IDENTIFIER T_ASSIGN T_STRING_LITERAL T_SEMICOLON T_IDENTIFIER T_INCREMENT T_SEMICOLON T_INCREMENT T_IDENTIFIER T_SEMICOLON T_IF T_LEFT_PAREN T_IDENTIFIER T_GREATER T_IDENTIFIER T_RIGHT_PAREN T_LEFT_BRACE T_IDENTIFIER T_ASSIGN T_IDENTIFIER T_SEMICOLON T_RIGHT_BRACE T_ELSE T_IF T_LEFT_PAREN T_IDENTIFIER T_LESS T_IDENTIFIER T_RIGHT_PAREN T_LEFT_BRACE T_IDENTIFIER T_ASSIGN T_IDENTIFIER T_PLUS T_INTEGER_LITERAL T_SEMICOLON T_RIGHT_BRACE T_ELSE T_LEFT_BRACE T_IDENTIFIER T_ASSIGN T_INTEGER_LITERAL T_SEMICOLON T_RIGHT_BRACE T_WHILE T_LEFT_PAREN T_IDENTIFIER T_GREATER T_INTEGER_LITERAL T_RIGHT_PAREN T_LEFT_BRACE T_IDENTIFIER T_DECREMENT T_SEMICOLON T_RIGHT_BRACE T_FOR T_LEFT_PAREN T_IDENTIFIER T_ASSIGN T_INTEGER_LITERAL T_SEMICOLON T_IDENTIFIER T_LESS T_INTEGER_LITERAL T_SEMICOLON T_IDENTIFIER T_INCREMENT T_RIGHT_PAREN T_LEFT_BRACE T_IDENTIFIER T_ASSIGN T_IDENTIFIER T_PLUS T_IDENTIFIER T_SEMICOLON T_RIGHT_BRACE T_FOR T_LEFT_PAREN T_IDENTIFIER T_ASSIGN T_INTEGER_LITERAL T_SEMICOLON T_IDENTIFIER T_LESS T_INTEGER_LITERAL T_SEMICOLON T_IDENTIFIER T_INCREMENT T_RIGHT_PAREN T_LEFT_BRACE T_IDENTIFIER T_LEFT_SQUARE T_IDENTIFIER T_RIGHT_SQUARE T_ASSIGN T_IDENTIFIER T_SEMICOLON T_RIGHT_BRACE T_IDENTIFIER T_ASSIGN T_NOT T_IDENTIFIER T_SEMICOLON T_IDENTIFIER T_ASSIGN T_IDENTIFIER T_MOD T_INTEGER_LITERAL T_SEMICOLON T_IDENTIFIER T_ASSIGN T_IDENTIFIER T_BITAND T_INTEGER_LITERAL T_SEMICOLON T_IDENTIFIER T_ASSIGN T_IDENTIFIER T_BITOR T_INTEGER_LITERAL T_SEMICOLON T_IDENTIFIER T_ASSIGN T_IDENTIFIER T_BITXOR T_INTEGER_LITERAL T_SEMICOLON T_IDENTIFIER T_ASSIGN T_BITNOT T_IDENTIFIER T_SEMICOLON T_INT T_IDENTIFIER T_ASSIGN T_IDENTIFIER T_LEFT_PAREN T_IDENTIFIER T_COMMA T_IDENTIFIER T_RIGHT_PAREN T_SEMICOLON T_LEFT_BRACE T_INT T_IDENTIFIER T_ASSIGN T_INTEGER_LITERAL T_SEMICOLON T_IDENTIFIER T_ASSIGN T_IDENTIFIER T_PLUS T_INTEGER_LITERAL T_SEMICOLON T_RIGHT_BRACE T_RETURN T_INTEGER_LITERAL T_SEMICOLON T_RIGHT_BRACE T_EOF 

State Stack: 0 8 9 16 18 23 
Symbol Stack: declaration type_specifier T_IDENTIFIER T_LEFT_PAREN T_RIGHT_PAREN 
Input Stack: T_LEFT_BRACE T_RIGHT_BRACE T_INT T_IDENTIFIER T_LEFT_PAREN T_RIGHT_PAREN T_LEFT_BRACE T_INT T_IDENTIFIER T_ASSIGN T_INTEGER_LITERAL T_SEMICOLON T_FLOAT T_IDENTIFIER T_ASSIGN T_FLOAT_LITERAL T_SEMICOLON T_CHAR T_IDENTIFIER T_LEFT_SQUARE T_INTEGER_LITERAL T_RIGHT_SQUARE T_SEMICOLON T_CHAR T_IDENTIFIER T_ASSIGN T_CHAR_LITERAL T_SEMICOLON T_INT T_IDENTIFIER T_ASSIGN T_INTEGER_LITERAL T_SEMICOLON T_CHAR T_IDENTIFIER T_LEFT_SQUARE T_INTEGER_LITERAL T_RIGHT_SQUARE T_SEMICOLON T_IDENTIFIER T_ASSIGN T_STRING_LITERAL T_SEMICOLON T_IDENTIFIER T_INCREMENT T_SEMICOLON T_INCREMENT T_IDENTIFIER T_SEMICOLON T_IF T_LEFT_PAREN T_IDENTIFIER T_GREATER T_IDENTIFIER T_RIGHT_PAREN T_LEFT_BRACE T_IDENTIFIER T_ASSIGN T_IDENTIFIER T_SEMICOLON T_RIGHT_BRACE T_ELSE T_IF T_LEFT_PAREN T_IDENTIFIER T_LESS T_IDENTIFIER T_RIGHT_PAREN T_LEFT_BRACE T_IDENTIFIER T_ASSIGN T_IDENTIFIER T_PLUS T_INTEGER_LITERAL T_SEMICOLON T_RIGHT_BRACE T_ELSE T_LEFT_BRACE T_IDENTIFIER T_ASSIGN T_INTEGER_LITERAL T_SEMICOLON T_RIGHT_BRACE T_WHILE T_LEFT_PAREN T_IDENTIFIER T_GREATER T_INTEGER_LITERAL T_RIGHT_PAREN T_LEFT_BRACE T_IDENTIFIER T_DECREMENT T_SEMICOLON T_RIGHT_BRACE T_FOR T_LEFT_PAREN T_IDENTIFIER T_ASSIGN T_INTEGER_LITERAL T_SEMICOLON T_IDENTIFIER T_LESS T_INTEGER_LITERAL T_SEMICOLON T_IDENTIFIER T_INCREMENT T_RIGHT_PAREN T_LEFT_BRACE T_IDENTIFIER T_ASSIGN T_IDENTIFIER T_PLUS T_IDENTIFIER T_SEMICOLON T_RIGHT_BRACE T_FOR T_LEFT_PAREN T_IDENTIFIER T_ASSIGN T_INTEGER_LITERAL T_SEMICOLON T_IDENTIFIER T_LESS T_INTEGER_LITERAL T_SEMICOLON T_IDENTIFIER T_INCREMENT T_RIGHT_PAREN T_LEFT_BRACE T_IDENTIFIER T_LEFT_SQUARE T_IDENTIFIER T_RIGHT_SQUARE T_ASSIGN T_IDENTIFIER T_SEMICOLON T_RIGHT_BRACE T_IDENTIFIER T_ASSIGN T_NOT T_IDENTIFIER T_SEMICOLON T_IDENTIFIER T_ASSIGN T_IDENTIFIER T_MOD T_INTEGER_LITERAL T_SEMICOLON T_IDENTIFIER T_ASSIGN T_IDENTIFIER T_BITAND T_INTEGER_LITERAL T_SEMICOLON T_IDENTIFIER T_ASSIGN T_IDENTIFIER T_BITOR T_INTEGER_LITERAL T_SEMICOLON T_IDENTIFIER T_ASSIGN T_IDENTIFIER T_BITXOR T_INTEGER_LITERAL T_SEMICOLON T_IDENTIFIER T_ASSIGN T_BITNOT T_IDENTIFIER T_SEMICOLON T_INT T_IDENTIFIER T_ASSIGN T_IDENTIFIER T_LEFT_PAREN T_IDENTIFIER T_COMMA T_IDENTIFIER T_RIGHT_PAREN T_SEMICOLON T_LEFT_BRACE T_INT T_IDENTIFIER T_ASSIGN T_INTEGER_LITERAL T_SEMICOLON T_IDENTIFIER T_ASSIGN T_IDENTIFIER T_PLUS T_INTEGER_LITERAL T_SEMICOLON T_RIGHT_BRACE T_RETURN T_INTEGER_LITERAL T_SEMICOLON T_RIGHT_BRACE T_EOF 

State Stack: 0 8 9 16 18 23 50 
Symbol Stack: declaration type_specifier T_IDENTIFIER T_LEFT_PAREN T_RIGHT_PAREN T_LEFT_BRACE 
Input Stack: T_RIGHT_BRACE T_INT T_IDENTIFIER T_LEFT_PAREN T_RIGHT_PAREN T_LEFT_BRACE T_INT T_IDENTIFIER T_ASSIGN T_INTEGER_LITERAL T_SEMICOLON T_FLOAT T_IDENTIFIER T_ASSIGN T_FLOAT_LITERAL T_SEMICOLON T_CHAR T_IDENTIFIER T_LEFT_SQUARE T_INTEGER_LITERAL T_RIGHT_SQUARE T_SEMICOLON T_CHAR T_IDENTIFIER T_ASSIGN T_CHAR_LITERAL T_SEMICOLON T_INT T_IDENTIFIER T_ASSIGN T_INTEGER_LITERAL T_SEMICOLON T_CHAR T_IDENTIFIER T_LEFT_SQUARE T_INTEGER_LITERAL T_RIGHT_SQUARE T_SEMICOLON T_IDENTIFIER T_ASSIGN T_STRING_LITERAL T_SEMICOLON T_IDENTIFIER T_INCREMENT T_SEMICOLON T_INCREMENT T_IDENTIFIER T_SEMICOLON T_IF T_LEFT_PAREN T_IDENTIFIER T_GREATER T_IDENTIFIER T_RIGHT_PAREN T_LEFT_BRACE T_IDENTIFIER T_ASSIGN T_IDENTIFIER T_SEMICOLON T_RIGHT_BRACE T_ELSE T_IF T_LEFT_PAREN T_IDENTIFIER T_LESS T_IDENTIFIER T_RIGHT_PAREN T_LEFT_BRACE T_IDENTIFIER T_ASSIGN T_IDENTIFIER T_PLUS T_INTEGER_LITERAL T_SEMICOLON T_RIGHT_BRACE T_ELSE T_LEFT_BRACE T_IDENTIFIER T_ASSIGN T_INTEGER_LITERAL T_SEMICOLON T_RIGHT_BRACE T_WHILE T_LEFT_PAREN T_IDENTIFIER T_GREATER T_INTEGER_LITERAL T_RIGHT_PAREN T_LEFT_BRACE T_IDENTIFIER T_DECREMENT T_SEMICOLON T_RIGHT_BRACE T_FOR T_LEFT_PAREN T_IDENTIFIER T_ASSIGN T_INTEGER_LITERAL T_SEMICOLON T_IDENTIFIER T_LESS T_INTEGER_LITERAL T_SEMICOLON T_IDENTIFIER T_INCREMENT T_RIGHT_PAREN T_LEFT_BRACE T_IDENTIFIER T_ASSIGN T_IDENTIFIER T_PLUS T_IDENTIFIER T_SEMICOLON T_RIGHT_BRACE T_FOR T_LEFT_PAREN T_IDENTIFIER T_ASSIGN T_INTEGER_LITERAL T_SEMICOLON T_IDENTIFIER T_LESS T_INTEGER_LITERAL T_SEMICOLON T_IDENTIFIER T_INCREMENT T_RIGHT_PAREN T_LEFT_BRACE T_IDENTIFIER T_LEFT_SQUARE T_IDENTIFIER T_RIGHT_SQUARE T_ASSIGN T_IDENTIFIER T_SEMICOLON T_RIGHT_BRACE T_IDENTIFIER T_ASSIGN T_NOT T_IDENTIFIER T_SEMICOLON T_IDENTIFIER T_ASSIGN T_IDENTIFIER T_MOD T_INTEGER_LITERAL T_SEMICOLON T_IDENTIFIER T_ASSIGN T_IDENTIFIER T_BITAND T_INTEGER_LITERAL T_SEMICOLON T_IDENTIFIER T_ASSIGN T_IDENTIFIER T_BITOR T_INTEGER_LITERAL T_SEMICOLON T_IDENTIFIER T_ASSIGN T_IDENTIFIER T_BITXOR T_INTEGER_LITERAL T_SEMICOLON T_IDENTIFIER T_ASSIGN T_BITNOT T_IDENTIFIER T_SEMICOLON T_INT T_IDENTIFIER T_ASSIGN T_IDENTIFIER T_LEFT_PAREN T_IDENTIFIER T_COMMA T_IDENTIFIER T_RIGHT_PAREN T_SEMICOLON T_LEFT_BRACE T_INT T_IDENTIFIER T_ASSIGN T_INTEGER_LITERAL T_SEMICOLON T_IDENTIFIER T_ASSIGN T_IDENTIFIER T_PLUS T_INTEGER_LITERAL T_SEMICOLON T_RIGHT_BRACE T_RETURN T_INTEGER_LITERAL T_SEMICOLON T_RIGHT_BRACE T_EOF 

State Stack: 0 8 9 16 18 23 50 104 
Symbol Stack: declaration type_specifier T_IDENTIFIER T_LEFT_PAREN T_RIGHT_PAREN T_LEFT_BRACE T_RIGHT_BRACE 
Input Stack: T_INT T_IDENTIFIER T_LEFT_PAREN T_RIGHT_PAREN T_LEFT_BRACE T_INT T_IDENTIFIER T_ASSIGN T_INTEGER_LITERAL T_SEMICOLON T_FLOAT T_IDENTIFIER T_ASSIGN T_FLOAT_LITERAL T_SEMICOLON T_CHAR T_IDENTIFIER T_LEFT_SQUARE T_INTEGER_LITERAL T_RIGHT_SQUARE T_SEMICOLON T_CHAR T_IDENTIFIER T_ASSIGN T_CHAR_LITERAL T_SEMICOLON T_INT T_IDENTIFIER T_ASSIGN T_INTEGER_LITERAL T_SEMICOLON T_CHAR T_IDENTIFIER T_LEFT_SQUARE T_INTEGER_LITERAL T_RIGHT_SQUARE T_SEMICOLON T_IDENTIFIER T_ASSIGN T_STRING_LITERAL T_SEMICOLON T_IDENTIFIER T_INCREMENT T_SEMICOLON T_INCREMENT T_IDENTIFIER T_SEMICOLON T_IF T_LEFT_PAREN T_IDENTIFIER T_GREATER T_IDENTIFIER T_RIGHT_PAREN T_LEFT_BRACE T_IDENTIFIER T_ASSIGN T_IDENTIFIER T_SEMICOLON T_RIGHT_BRACE T_ELSE T_IF T_LEFT_PAREN T_IDENTIFIER T_LESS T_IDENTIFIER T_RIGHT_PAREN T_LEFT_BRACE T_IDENTIFIER T_ASSIGN T_IDENTIFIER T_PLUS T_INTEGER_LITERAL T_SEMICOLON T_RIGHT_BRACE T_ELSE T_LEFT_BRACE T_IDENTIFIER T_ASSIGN T_INTEGER_LITERAL T_SEMICOLON T_RIGHT_BRACE T_WHILE T_LEFT_PAREN T_IDENTIFIER T_GREATER T_INTEGER_LITERAL T_RIGHT_PAREN T_LEFT_BRACE T_IDENTIFIER T_DECREMENT T_SEMICOLON T_RIGHT_BRACE T_FOR T_LEFT_PAREN T_IDENTIFIER T_ASSIGN T_INTEGER_LITERAL T_SEMICOLON T_IDENTIFIER T_LESS T_INTEGER_LITERAL T_SEMICOLON T_IDENTIFIER T_INCREMENT T_RIGHT_PAREN T_LEFT_BRACE T_IDENTIFIER T_ASSIGN T_IDENTIFIER T_PLUS T_IDENTIFIER T_SEMICOLON T_RIGHT_BRACE T_FOR T_LEFT_PAREN T_IDENTIFIER T_ASSIGN T_INTEGER_LITERAL T_SEMICOLON T_IDENTIFIER T_LESS T_INTEGER_LITERAL T_SEMICOLON T_IDENTIFIER T_INCREMENT T_RIGHT_PAREN T_LEFT_BRACE T_IDENTIFIER T_LEFT_SQUARE T_IDENTIFIER T_RIGHT_SQUARE T_ASSIGN T_IDENTIFIER T_SEMICOLON T_RIGHT_BRACE T_IDENTIFIER T_ASSIGN T_NOT T_IDENTIFIER T_SEMICOLON T_IDENTIFIER T_ASSIGN T_IDENTIFIER T_MOD T_INTEGER_LITERAL T_SEMICOLON T_IDENTIFIER T_ASSIGN T_IDENTIFIER T_BITAND T_INTEGER_LITERAL T_SEMICOLON T_IDENTIFIER T_ASSIGN T_IDENTIFIER T_BITOR T_INTEGER_LITERAL T_SEMICOLON T_IDENTIFIER T_ASSIGN T_IDENTIFIER T_BITXOR T_INTEGER_LITERAL T_SEMICOLON T_IDENTIFIER T_ASSIGN T_BITNOT T_IDENTIFIER T_SEMICOLON T_INT T_IDENTIFIER T_ASSIGN T_IDENTIFIER T_LEFT_PAREN T_IDENTIFIER T_COMMA T_IDENTIFIER T_RIGHT_PAREN T_SEMICOLON T_LEFT_BRACE T_INT T_IDENTIFIER T_ASSIGN T_INTEGER_LITERAL T_SEMICOLON T_IDENTIFIER T_ASSIGN T_IDENTIFIER T_PLUS T_INTEGER_LITERAL T_SEMICOLON T_RIGHT_BRACE T_RETURN T_INTEGER_LITERAL T_SEMICOLON T_RIGHT_BRACE T_EOF 

State Stack: 0 8 9 16 18 23 51 
Symbol Stack: declaration type_specifier T_IDENTIFIER T_LEFT_PAREN T_RIGHT_PAREN compound_stmt 
Input Stack: T_INT T_IDENTIFIER T_LEFT_PAREN T_RIGHT_PAREN T_LEFT_BRACE T_INT T_IDENTIFIER T_ASSIGN T_INTEGER_LITERAL T_SEMICOLON T_FLOAT T_IDENTIFIER T_ASSIGN T_FLOAT_LITERAL T_SEMICOLON T_CHAR T_IDENTIFIER T_LEFT_SQUARE T_INTEGER_LITERAL T_RIGHT_SQUARE T_SEMICOLON T_CHAR T_IDENTIFIER T_ASSIGN T_CHAR_LITERAL T_SEMICOLON T_INT T_IDENTIFIER T_ASSIGN T_INTEGER_LITERAL T_SEMICOLON T_CHAR T_IDENTIFIER T_LEFT_SQUARE T_INTEGER_LITERAL T_RIGHT_SQUARE T_SEMICOLON T_IDENTIFIER T_ASSIGN T_STRING_LITERAL T_SEMICOLON T_IDENTIFIER T_INCREMENT T_SEMICOLON T_INCREMENT T_IDENTIFIER T_SEMICOLON T_IF T_LEFT_PAREN T_IDENTIFIER T_GREATER T_IDENTIFIER T_RIGHT_PAREN T_LEFT_BRACE T_IDENTIFIER T_ASSIGN T_IDENTIFIER T_SEMICOLON T_RIGHT_BRACE T_ELSE T_IF T_LEFT_PAREN T_IDENTIFIER T_LESS T_IDENTIFIER T_RIGHT_PAREN T_LEFT_BRACE T_IDENTIFIER T_ASSIGN T_IDENTIFIER T_PLUS T_INTEGER_LITERAL T_SEMICOLON T_RIGHT_BRACE T_ELSE T_LEFT_BRACE T_IDENTIFIER T_ASSIGN T_INTEGER_LITERAL T_SEMICOLON T_RIGHT_BRACE T_WHILE T_LEFT_PAREN T_IDENTIFIER T_GREATER T_INTEGER_LITERAL T_RIGHT_PAREN T_LEFT_BRACE T_IDENTIFIER T_DECREMENT T_SEMICOLON T_RIGHT_BRACE T_FOR T_LEFT_PAREN T_IDENTIFIER T_ASSIGN T_INTEGER_LITERAL T_SEMICOLON T_IDENTIFIER T_LESS T_INTEGER_LITERAL T_SEMICOLON T_IDENTIFIER T_INCREMENT T_RIGHT_PAREN T_LEFT_BRACE T_IDENTIFIER T_ASSIGN T_IDENTIFIER T_PLUS T_IDENTIFIER T_SEMICOLON T_RIGHT_BRACE T_FOR T_LEFT_PAREN T_IDENTIFIER T_ASSIGN T_INTEGER_LITERAL T_SEMICOLON T_IDENTIFIER T_LESS T_INTEGER_LITERAL T_SEMICOLON T_IDENTIFIER T_INCREMENT T_RIGHT_PAREN T_LEFT_BRACE T_IDENTIFIER T_LEFT_SQUARE T_IDENTIFIER T_RIGHT_SQUARE T_ASSIGN T_IDENTIFIER T_SEMICOLON T_RIGHT_BRACE T_IDENTIFIER T_ASSIGN T_NOT T_IDENTIFIER T_SEMICOLON T_IDENTIFIER T_ASSIGN T_IDENTIFIER T_MOD T_INTEGER_LITERAL T_SEMICOLON T_IDENTIFIER T_ASSIGN T_IDENTIFIER T_BITAND T_INTEGER_LITERAL T_SEMICOLON T_IDENTIFIER T_ASSIGN T_IDENTIFIER T_BITOR T_INTEGER_LITERAL T_SEMICOLON T_IDENTIFIER T_ASSIGN T_IDENTIFIER T_BITXOR T_INTEGER_LITERAL T_SEMICOLON T_IDENTIFIER T_ASSIGN T_BITNOT T_IDENTIFIER T_SEMICOLON T_INT T_IDENTIFIER T_ASSIGN T_IDENTIFIER T_LEFT_PAREN T_IDENTIFIER T_COMMA T_IDENTIFIER T_RIGHT_PAREN T_SEMICOLON T_LEFT_BRACE T_INT T_IDENTIFIER T_ASSIGN T_INTEGER_LITERAL T_SEMICOLON T_IDENTIFIER T_ASSIGN T_IDENTIFIER T_PLUS T_INTEGER_LITERAL T_SEMICOLON T_RIGHT_BRACE T_RETURN T_INTEGER_LITERAL T_SEMICOLON T_RIGHT_BRACE T_EOF 

State Stack: 0 8 6 
Symbol Stack: declaration fun_declaration 
Input Stack: T_INT T_IDENTIFIER T_LEFT_PAREN T_RIGHT_PAREN T_LEFT_BRACE T_INT T_IDENTIFIER T_ASSIGN T_INTEGER_LITERAL T_SEMICOLON T_FLOAT T_IDENTIFIER T_ASSIGN T_FLOAT_LITERAL T_SEMICOLON T_CHAR T_IDENTIFIER T_LEFT_SQUARE T_INTEGER_LITERAL T_RIGHT_SQUARE T_SEMICOLON T_CHAR T_IDENTIFIER T_ASSIGN T_CHAR_LITERAL T_SEMICOLON T_INT T_IDENTIFIER T_ASSIGN T_INTEGER_LITERAL T_SEMICOLON T_CHAR T_IDENTIFIER T_LEFT_SQUARE T_INTEGER_LITERAL T_RIGHT_SQUARE T_SEMICOLON T_IDENTIFIER T_ASSIGN T_STRING_LITERAL T_SEMICOLON T_IDENTIFIER T_INCREMENT T_SEMICOLON T_INCREMENT T_IDENTIFIER T_SEMICOLON T_IF T_LEFT_PAREN T_IDENTIFIER T_GREATER T_IDENTIFIER T_RIGHT_PAREN T_LEFT_BRACE T_IDENTIFIER T_ASSIGN T_IDENTIFIER T_SEMICOLON T_RIGHT_BRACE T_ELSE T_IF T_LEFT_PAREN T_IDENTIFIER T_LESS T_IDENTIFIER T_RIGHT_PAREN T_LEFT_BRACE T_IDENTIFIER T_ASSIGN T_IDENTIFIER T_PLUS T_INTEGER_LITERAL T_SEMICOLON T_RIGHT_BRACE T_ELSE T_LEFT_BRACE T_IDENTIFIER T_ASSIGN T_INTEGER_LITERAL T_SEMICOLON T_RIGHT_BRACE T_WHILE T_LEFT_PAREN T_IDENTIFIER T_GREATER T_INTEGER_LITERAL T_RIGHT_PAREN T_LEFT_BRACE T_IDENTIFIER T_DECREMENT T_SEMICOLON T_RIGHT_BRACE T_FOR T_LEFT_PAREN T_IDENTIFIER T_ASSIGN T_INTEGER_LITERAL T_SEMICOLON T_IDENTIFIER T_LESS T_INTEGER_LITERAL T_SEMICOLON T_IDENTIFIER T_INCREMENT T_RIGHT_PAREN T_LEFT_BRACE T_IDENTIFIER T_ASSIGN T_IDENTIFIER T_PLUS T_IDENTIFIER T_SEMICOLON T_RIGHT_BRACE T_FOR T_LEFT_PAREN T_IDENTIFIER T_ASSIGN T_INTEGER_LITERAL T_SEMICOLON T_IDENTIFIER T_LESS T_INTEGER_LITERAL T_SEMICOLON T_IDENTIFIER T_INCREMENT T_RIGHT_PAREN T_LEFT_BRACE T_IDENTIFIER T_LEFT_SQUARE T_IDENTIFIER T_RIGHT_SQUARE T_ASSIGN T_IDENTIFIER T_SEMICOLON T_RIGHT_BRACE T_IDENTIFIER T_ASSIGN T_NOT T_IDENTIFIER T_SEMICOLON T_IDENTIFIER T_ASSIGN T_IDENTIFIER T_MOD T_INTEGER_LITERAL T_SEMICOLON T_IDENTIFIER T_ASSIGN T_IDENTIFIER T_BITAND T_INTEGER_LITERAL T_SEMICOLON T_IDENTIFIER T_ASSIGN T_IDENTIFIER T_BITOR T_INTEGER_LITERAL T_SEMICOLON T_IDENTIFIER T_ASSIGN T_IDENTIFIER T_BITXOR T_INTEGER_LITERAL T_SEMICOLON T_IDENTIFIER T_ASSIGN T_BITNOT T_IDENTIFIER T_SEMICOLON T_INT T_IDENTIFIER T_ASSIGN T_IDENTIFIER T_LEFT_PAREN T_IDENTIFIER T_COMMA T_IDENTIFIER T_RIGHT_PAREN T_SEMICOLON T_LEFT_BRACE T_INT T_IDENTIFIER T_ASSIGN T_INTEGER_LITERAL T_SEMICOLON T_IDENTIFIER T_ASSIGN T_IDENTIFIER T_PLUS T_INTEGER_LITERAL T_SEMICOLON T_RIGHT_BRACE T_RETURN T_INTEGER_LITERAL T_SEMICOLON T_RIGHT_BRACE T_EOF 

State Stack: 0 8 8 
Symbol Stack: declaration declaration 
Input Stack: T_INT T_IDENTIFIER T_LEFT_PAREN T_RIGHT_PAREN T_LEFT_BRACE T_INT T_IDENTIFIER T_ASSIGN T_INTEGER_LITERAL T_SEMICOLON T_FLOAT T_IDENTIFIER T_ASSIGN T_FLOAT_LITERAL T_SEMICOLON T_CHAR T_IDENTIFIER T_LEFT_SQUARE T_INTEGER_LITERAL T_RIGHT_SQUARE T_SEMICOLON T_CHAR T_IDENTIFIER T_ASSIGN T_CHAR_LITERAL T_SEMICOLON T_INT T_IDENTIFIER T_ASSIGN T_INTEGER_LITERAL T_SEMICOLON T_CHAR T_IDENTIFIER T_LEFT_SQUARE T_INTEGER_LITERAL T_RIGHT_SQUARE T_SEMICOLON T_IDENTIFIER T_ASSIGN T_STRING_LITERAL T_SEMICOLON T_IDENTIFIER T_INCREMENT T_SEMICOLON T_INCREMENT T_IDENTIFIER T_SEMICOLON T_IF T_LEFT_PAREN T_IDENTIFIER T_GREATER T_IDENTIFIER T_RIGHT_PAREN T_LEFT_BRACE T_IDENTIFIER T_ASSIGN T_IDENTIFIER T_SEMICOLON T_RIGHT_BRACE T_ELSE T_IF T_LEFT_PAREN T_IDENTIFIER T_LESS T_IDENTIFIER T_RIGHT_PAREN T_LEFT_BRACE T_IDENTIFIER T_ASSIGN T_IDENTIFIER T_PLUS T_INTEGER_LITERAL T_SEMICOLON T_RIGHT_BRACE T_ELSE T_LEFT_BRACE T_IDENTIFIER T_ASSIGN T_INTEGER_LITERAL T_SEMICOLON T_RIGHT_BRACE T_WHILE T_LEFT_PAREN T_IDENTIFIER T_GREATER T_INTEGER_LITERAL T_RIGHT_PAREN T_LEFT_BRACE T_IDENTIFIER T_DECREMENT T_SEMICOLON T_RIGHT_BRACE T_FOR T_LEFT_PAREN T_IDENTIFIER T_ASSIGN T_INTEGER_LITERAL T_SEMICOLON T_IDENTIFIER T_LESS T_INTEGER_LITERAL T_SEMICOLON T_IDENTIFIER T_INCREMENT T_RIGHT_PAREN T_LEFT_BRACE T_IDENTIFIER T_ASSIGN T_IDENTIFIER T_PLUS T_IDENTIFIER T_SEMICOLON T_RIGHT_BRACE T_FOR T_LEFT_PAREN T_IDENTIFIER T_ASSIGN T_INTEGER_LITERAL T_SEMICOLON T_IDENTIFIER T_LESS T_INTEGER_LITERAL T_SEMICOLON T_IDENTIFIER T_INCREMENT T_RIGHT_PAREN T_LEFT_BRACE T_IDENTIFIER T_LEFT_SQUARE T_IDENTIFIER T_RIGHT_SQUARE T_ASSIGN T_IDENTIFIER T_SEMICOLON T_RIGHT_BRACE T_IDENTIFIER T_ASSIGN T_NOT T_IDENTIFIER T_SEMICOLON T_IDENTIFIER T_ASSIGN T_IDENTIFIER T_MOD T_INTEGER_LITERAL T_SEMICOLON T_IDENTIFIER T_ASSIGN T_IDENTIFIER T_BITAND T_INTEGER_LITERAL T_SEMICOLON T_IDENTIFIER T_ASSIGN T_IDENTIFIER T_BITOR T_INTEGER_LITERAL T_SEMICOLON T_IDENTIFIER T_ASSIGN T_IDENTIFIER T_BITXOR T_INTEGER_LITERAL T_SEMICOLON T_IDENTIFIER T_ASSIGN T_BITNOT T_IDENTIFIER T_SEMICOLON T_INT T_IDENTIFIER T_ASSIGN T_IDENTIFIER T_LEFT_PAREN T_IDENTIFIER T_COMMA T_IDENTIFIER T_RIGHT_PAREN T_SEMICOLON T_LEFT_BRACE T_INT T_IDENTIFIER T_ASSIGN T_INTEGER_LITERAL T_SEMICOLON T_IDENTIFIER T_ASSIGN T_IDENTIFIER T_PLUS T_INTEGER_LITERAL T_SEMICOLON T_RIGHT_BRACE T_RETURN T_INTEGER_LITERAL T_SEMICOLON T_RIGHT_BRACE T_EOF 

State Stack: 0 8 8 3 
Symbol Stack: declaration declaration T_INT 
Input Stack: T_IDENTIFIER T_LEFT_PAREN T_RIGHT_PAREN T_LEFT_BRACE T_INT T_IDENTIFIER T_ASSIGN T_INTEGER_LITERAL T_SEMICOLON T_FLOAT T_IDENTIFIER T_ASSIGN T_FLOAT_LITERAL T_SEMICOLON T_CHAR T_IDENTIFIER T_LEFT_SQUARE T_INTEGER_LITERAL T_RIGHT_SQUARE T_SEMICOLON T_CHAR T_IDENTIFIER T_ASSIGN T_CHAR_LITERAL T_SEMICOLON T_INT T_IDENTIFIER T_ASSIGN T_INTEGER_LITERAL T_SEMICOLON T_CHAR T_IDENTIFIER T_LEFT_SQUARE T_INTEGER_LITERAL T_RIGHT_SQUARE T_SEMICOLON T_IDENTIFIER T_ASSIGN T_STRING_LITERAL T_SEMICOLON T_IDENTIFIER T_INCREMENT T_SEMICOLON T_INCREMENT T_IDENTIFIER T_SEMICOLON T_IF T_LEFT_PAREN T_IDENTIFIER T_GREATER T_IDENTIFIER T_RIGHT_PAREN T_LEFT_BRACE T_IDENTIFIER T_ASSIGN T_IDENTIFIER T_SEMICOLON T_RIGHT_BRACE T_ELSE T_IF T_LEFT_PAREN T_IDENTIFIER T_LESS T_IDENTIFIER T_RIGHT_PAREN T_LEFT_BRACE T_IDENTIFIER T_ASSIGN T_IDENTIFIER T_PLUS T_INTEGER_LITERAL T_SEMICOLON T_RIGHT_BRACE T_ELSE T_LEFT_BRACE T_IDENTIFIER T_ASSIGN T_INTEGER_LITERAL T_SEMICOLON T_RIGHT_BRACE T_WHILE T_LEFT_PAREN T_IDENTIFIER T_GREATER T_INTEGER_LITERAL T_RIGHT_PAREN T_LEFT_BRACE T_IDENTIFIER T_DECREMENT T_SEMICOLON T_RIGHT_BRACE T_FOR T_LEFT_PAREN T_IDENTIFIER T_ASSIGN T_INTEGER_LITERAL T_SEMICOLON T_IDENTIFIER T_LESS T_INTEGER_LITERAL T_SEMICOLON T_IDENTIFIER T_INCREMENT T_RIGHT_PAREN T_LEFT_BRACE T_IDENTIFIER T_ASSIGN T_IDENTIFIER T_PLUS T_IDENTIFIER T_SEMICOLON T_RIGHT_BRACE T_FOR T_LEFT_PAREN T_IDENTIFIER T_ASSIGN T_INTEGER_LITERAL T_SEMICOLON T_IDENTIFIER T_LESS T_INTEGER_LITERAL T_SEMICOLON T_IDENTIFIER T_INCREMENT T_RIGHT_PAREN T_LEFT_BRACE T_IDENTIFIER T_LEFT_SQUARE T_IDENTIFIER T_RIGHT_SQUARE T_ASSIGN T_IDENTIFIER T_SEMICOLON T_RIGHT_BRACE T_IDENTIFIER T_ASSIGN T_NOT T_IDENTIFIER T_SEMICOLON T_IDENTIFIER T_ASSIGN T_IDENTIFIER T_MOD T_INTEGER_LITERAL T_SEMICOLON T_IDENTIFIER T_ASSIGN T_IDENTIFIER T_BITAND T_INTEGER_LITERAL T_SEMICOLON T_IDENTIFIER T_ASSIGN T_IDENTIFIER T_BITOR T_INTEGER_LITERAL T_SEMICOLON T_IDENTIFIER T_ASSIGN T_IDENTIFIER T_BITXOR T_INTEGER_LITERAL T_SEMICOLON T_IDENTIFIER T_ASSIGN T_BITNOT T_IDENTIFIER T_SEMICOLON T_INT T_IDENTIFIER T_ASSIGN T_IDENTIFIER T_LEFT_PAREN T_IDENTIFIER T_COMMA T_IDENTIFIER T_RIGHT_PAREN T_SEMICOLON T_LEFT_BRACE T_INT T_IDENTIFIER T_ASSIGN T_INTEGER_LITERAL T_SEMICOLON T_IDENTIFIER T_ASSIGN T_IDENTIFIER T_PLUS T_INTEGER_LITERAL T_SEMICOLON T_RIGHT_BRACE T_RETURN T_INTEGER_LITERAL T_SEMICOLON T_RIGHT_BRACE T_EOF 

State Stack: 0 8 8 14 
Symbol Stack: declaration declaration simple_type 
Input Stack: T_IDENTIFIER T_LEFT_PAREN T_RIGHT_PAREN T_LEFT_BRACE T_INT T_IDENTIFIER T_ASSIGN T_INTEGER_LITERAL T_SEMICOLON T_FLOAT T_IDENTIFIER T_ASSIGN T_FLOAT_LITERAL T_SEMICOLON T_CHAR T_IDENTIFIER T_LEFT_SQUARE T_INTEGER_LITERAL T_RIGHT_SQUARE T_SEMICOLON T_CHAR T_IDENTIFIER T_ASSIGN T_CHAR_LITERAL T_SEMICOLON T_INT T_IDENTIFIER T_ASSIGN T_INTEGER_LITERAL T_SEMICOLON T_CHAR T_IDENTIFIER T_LEFT_SQUARE T_INTEGER_LITERAL T_RIGHT_SQUARE T_SEMICOLON T_IDENTIFIER T_ASSIGN T_STRING_LITERAL T_SEMICOLON T_IDENTIFIER T_INCREMENT T_SEMICOLON T_INCREMENT T_IDENTIFIER T_SEMICOLON T_IF T_LEFT_PAREN T_IDENTIFIER T_GREATER T_IDENTIFIER T_RIGHT_PAREN T_LEFT_BRACE T_IDENTIFIER T_ASSIGN T_IDENTIFIER T_SEMICOLON T_RIGHT_BRACE T_ELSE T_IF T_LEFT_PAREN T_IDENTIFIER T_LESS T_IDENTIFIER T_RIGHT_PAREN T_LEFT_BRACE T_IDENTIFIER T_ASSIGN T_IDENTIFIER T_PLUS T_INTEGER_LITERAL T_SEMICOLON T_RIGHT_BRACE T_ELSE T_LEFT_BRACE T_IDENTIFIER T_ASSIGN T_INTEGER_LITERAL T_SEMICOLON T_RIGHT_BRACE T_WHILE T_LEFT_PAREN T_IDENTIFIER T_GREATER T_INTEGER_LITERAL T_RIGHT_PAREN T_LEFT_BRACE T_IDENTIFIER T_DECREMENT T_SEMICOLON T_RIGHT_BRACE T_FOR T_LEFT_PAREN T_IDENTIFIER T_ASSIGN T_INTEGER_LITERAL T_SEMICOLON T_IDENTIFIER T_LESS T_INTEGER_LITERAL T_SEMICOLON T_IDENTIFIER T_INCREMENT T_RIGHT_PAREN T_LEFT_BRACE T_IDENTIFIER T_ASSIGN T_IDENTIFIER T_PLUS T_IDENTIFIER T_SEMICOLON T_RIGHT_BRACE T_FOR T_LEFT_PAREN T_IDENTIFIER T_ASSIGN T_INTEGER_LITERAL T_SEMICOLON T_IDENTIFIER T_LESS T_INTEGER_LITERAL T_SEMICOLON T_IDENTIFIER T_INCREMENT T_RIGHT_PAREN T_LEFT_BRACE T_IDENTIFIER T_LEFT_SQUARE T_IDENTIFIER T_RIGHT_SQUARE T_ASSIGN T_IDENTIFIER T_SEMICOLON T_RIGHT_BRACE T_IDENTIFIER T_ASSIGN T_NOT T_IDENTIFIER T_SEMICOLON T_IDENTIFIER T_ASSIGN T_IDENTIFIER T_MOD T_INTEGER_LITERAL T_SEMICOLON T_IDENTIFIER T_ASSIGN T_IDENTIFIER T_BITAND T_INTEGER_LITERAL T_SEMICOLON T_IDENTIFIER T_ASSIGN T_IDENTIFIER T_BITOR T_INTEGER_LITERAL T_SEMICOLON T_IDENTIFIER T_ASSIGN T_IDENTIFIER T_BITXOR T_INTEGER_LITERAL T_SEMICOLON T_IDENTIFIER T_ASSIGN T_BITNOT T_IDENTIFIER T_SEMICOLON T_INT T_IDENTIFIER T_ASSIGN T_IDENTIFIER T_LEFT_PAREN T_IDENTIFIER T_COMMA T_IDENTIFIER T_RIGHT_PAREN T_SEMICOLON T_LEFT_BRACE T_INT T_IDENTIFIER T_ASSIGN T_INTEGER_LITERAL T_SEMICOLON T_IDENTIFIER T_ASSIGN T_IDENTIFIER T_PLUS T_INTEGER_LITERAL T_SEMICOLON T_RIGHT_BRACE T_RETURN T_INTEGER_LITERAL T_SEMICOLON T_RIGHT_BRACE T_EOF 

State Stack: 0 8 8 9 
Symbol Stack: declaration declaration type_specifier 
Input Stack: T_IDENTIFIER T_LEFT_PAREN T_RIGHT_PAREN T_LEFT_BRACE T_INT T_IDENTIFIER T_ASSIGN T_INTEGER_LITERAL T_SEMICOLON T_FLOAT T_IDENTIFIER T_ASSIGN T_FLOAT_LITERAL T_SEMICOLON T_CHAR T_IDENTIFIER T_LEFT_SQUARE T_INTEGER_LITERAL T_RIGHT_SQUARE T_SEMICOLON T_CHAR T_IDENTIFIER T_ASSIGN T_CHAR_LITERAL T_SEMICOLON T_INT T_IDENTIFIER T_ASSIGN T_INTEGER_LITERAL T_SEMICOLON T_CHAR T_IDENTIFIER T_LEFT_SQUARE T_INTEGER_LITERAL T_RIGHT_SQUARE T_SEMICOLON T_IDENTIFIER T_ASSIGN T_STRING_LITERAL T_SEMICOLON T_IDENTIFIER T_INCREMENT T_SEMICOLON T_INCREMENT T_IDENTIFIER T_SEMICOLON T_IF T_LEFT_PAREN T_IDENTIFIER T_GREATER T_IDENTIFIER T_RIGHT_PAREN T_LEFT_BRACE T_IDENTIFIER T_ASSIGN T_IDENTIFIER T_SEMICOLON T_RIGHT_BRACE T_ELSE T_IF T_LEFT_PAREN T_IDENTIFIER T_LESS T_IDENTIFIER T_RIGHT_PAREN T_LEFT_BRACE T_IDENTIFIER T_ASSIGN T_IDENTIFIER T_PLUS T_INTEGER_LITERAL T_SEMICOLON T_RIGHT_BRACE T_ELSE T_LEFT_BRACE T_IDENTIFIER T_ASSIGN T_INTEGER_LITERAL T_SEMICOLON T_RIGHT_BRACE T_WHILE T_LEFT_PAREN T_IDENTIFIER T_GREATER T_INTEGER_LITERAL T_RIGHT_PAREN T_LEFT_BRACE T_IDENTIFIER T_DECREMENT T_SEMICOLON T_RIGHT_BRACE T_FOR T_LEFT_PAREN T_IDENTIFIER T_ASSIGN T_INTEGER_LITERAL T_SEMICOLON T_IDENTIFIER T_LESS T_INTEGER_LITERAL T_SEMICOLON T_IDENTIFIER T_INCREMENT T_RIGHT_PAREN T_LEFT_BRACE T_IDENTIFIER T_ASSIGN T_IDENTIFIER T_PLUS T_IDENTIFIER T_SEMICOLON T_RIGHT_BRACE T_FOR T_LEFT_PAREN T_IDENTIFIER T_ASSIGN T_INTEGER_LITERAL T_SEMICOLON T_IDENTIFIER T_LESS T_INTEGER_LITERAL T_SEMICOLON T_IDENTIFIER T_INCREMENT T_RIGHT_PAREN T_LEFT_BRACE T_IDENTIFIER T_LEFT_SQUARE T_IDENTIFIER T_RIGHT_SQUARE T_ASSIGN T_IDENTIFIER T_SEMICOLON T_RIGHT_BRACE T_IDENTIFIER T_ASSIGN T_NOT T_IDENTIFIER T_SEMICOLON T_IDENTIFIER T_ASSIGN T_IDENTIFIER T_MOD T_INTEGER_LITERAL T_SEMICOLON T_IDENTIFIER T_ASSIGN T_IDENTIFIER T_BITAND T_INTEGER_LITERAL T_SEMICOLON T_IDENTIFIER T_ASSIGN T_IDENTIFIER T_BITOR T_INTEGER_LITERAL T_SEMICOLON T_IDENTIFIER T_ASSIGN T_IDENTIFIER T_BITXOR T_INTEGER_LITERAL T_SEMICOLON T_IDENTIFIER T_ASSIGN T_BITNOT T_IDENTIFIER T_SEMICOLON T_INT T_IDENTIFIER T_ASSIGN T_IDENTIFIER T_LEFT_PAREN T_IDENTIFIER T_COMMA T_IDENTIFIER T_RIGHT_PAREN T_SEMICOLON T_LEFT_BRACE T_INT T_IDENTIFIER T_ASSIGN T_INTEGER_LITERAL T_SEMICOLON T_IDENTIFIER T_ASSIGN T_IDENTIFIER T_PLUS T_INTEGER_LITERAL T_SEMICOLON T_RIGHT_BRACE T_RETURN T_INTEGER_LITERAL T_SEMICOLON T_RIGHT_BRACE T_EOF 

State Stack: 0 8 8 9 16 
Symbol Stack: declaration declaration type_specifier T_IDENTIFIER 
Input Stack: T_LEFT_PAREN T_RIGHT_PAREN T_LEFT_BRACE T_INT T_IDENTIFIER T_ASSIGN T_INTEGER_LITERAL T_SEMICOLON T_FLOAT T_IDENTIFIER T_ASSIGN T_FLOAT_LITERAL T_SEMICOLON T_CHAR T_IDENTIFIER T_LEFT_SQUARE T_INTEGER_LITERAL T_RIGHT_SQUARE T_SEMICOLON T_CHAR T_IDENTIFIER T_ASSIGN T_CHAR_LITERAL T_SEMICOLON T_INT T_IDENTIFIER T_ASSIGN T_INTEGER_LITERAL T_SEMICOLON T_CHAR T_IDENTIFIER T_LEFT_SQUARE T_INTEGER_LITERAL T_RIGHT_SQUARE T_SEMICOLON T_IDENTIFIER T_ASSIGN T_STRING_LITERAL T_SEMICOLON T_IDENTIFIER T_INCREMENT T_SEMICOLON T_INCREMENT T_IDENTIFIER T_SEMICOLON T_IF T_LEFT_PAREN T_IDENTIFIER T_GREATER T_IDENTIFIER T_RIGHT_PAREN T_LEFT_BRACE T_IDENTIFIER T_ASSIGN T_IDENTIFIER T_SEMICOLON T_RIGHT_BRACE T_ELSE T_IF T_LEFT_PAREN T_IDENTIFIER T_LESS T_IDENTIFIER T_RIGHT_PAREN T_LEFT_BRACE T_IDENTIFIER T_ASSIGN T_IDENTIFIER T_PLUS T_INTEGER_LITERAL T_SEMICOLON T_RIGHT_BRACE T_ELSE T_LEFT_BRACE T_IDENTIFIER T_ASSIGN T_INTEGER_LITERAL T_SEMICOLON T_RIGHT_BRACE T_WHILE T_LEFT_PAREN T_IDENTIFIER T_GREATER T_INTEGER_LITERAL T_RIGHT_PAREN T_LEFT_BRACE T_IDENTIFIER T_DECREMENT T_SEMICOLON T_RIGHT_BRACE T_FOR T_LEFT_PAREN T_IDENTIFIER T_ASSIGN T_INTEGER_LITERAL T_SEMICOLON T_IDENTIFIER T_LESS T_INTEGER_LITERAL T_SEMICOLON T_IDENTIFIER T_INCREMENT T_RIGHT_PAREN T_LEFT_BRACE T_IDENTIFIER T_ASSIGN T_IDENTIFIER T_PLUS T_IDENTIFIER T_SEMICOLON T_RIGHT_BRACE T_FOR T_LEFT_PAREN T_IDENTIFIER T_ASSIGN T_INTEGER_LITERAL T_SEMICOLON T_IDENTIFIER T_LESS T_INTEGER_LITERAL T_SEMICOLON T_IDENTIFIER T_INCREMENT T_RIGHT_PAREN T_LEFT_BRACE T_IDENTIFIER T_LEFT_SQUARE T_IDENTIFIER T_RIGHT_SQUARE T_ASSIGN T_IDENTIFIER T_SEMICOLON T_RIGHT_BRACE T_IDENTIFIER T_ASSIGN T_NOT T_IDENTIFIER T_SEMICOLON T_IDENTIFIER T_ASSIGN T_IDENTIFIER T_MOD T_INTEGER_LITERAL T_SEMICOLON T_IDENTIFIER T_ASSIGN T_IDENTIFIER T_BITAND T_INTEGER_LITERAL T_SEMICOLON T_IDENTIFIER T_ASSIGN T_IDENTIFIER T_BITOR T_INTEGER_LITERAL T_SEMICOLON T_IDENTIFIER T_ASSIGN T_IDENTIFIER T_BITXOR T_INTEGER_LITERAL T_SEMICOLON T_IDENTIFIER T_ASSIGN T_BITNOT T_IDENTIFIER T_SEMICOLON T_INT T_IDENTIFIER T_ASSIGN T_IDENTIFIER T_LEFT_PAREN T_IDENTIFIER T_COMMA T_IDENTIFIER T_RIGHT_PAREN T_SEMICOLON T_LEFT_BRACE T_INT T_IDENTIFIER T_ASSIGN T_INTEGER_LITERAL T_SEMICOLON T_IDENTIFIER T_ASSIGN T_IDENTIFIER T_PLUS T_INTEGER_LITERAL T_SEMICOLON T_RIGHT_BRACE T_RETURN T_INTEGER_LITERAL T_SEMICOLON T_RIGHT_BRACE T_EOF 

State Stack: 0 8 8 9 16 18 
Symbol Stack: declaration declaration type_specifier T_IDENTIFIER T_LEFT_PAREN 
Input Stack: T_RIGHT_PAREN T_LEFT_BRACE T_INT T_IDENTIFIER T_ASSIGN T_INTEGER_LITERAL T_SEMICOLON T_FLOAT T_IDENTIFIER T_ASSIGN T_FLOAT_LITERAL T_SEMICOLON T_CHAR T_IDENTIFIER T_LEFT_SQUARE T_INTEGER_LITERAL T_RIGHT_SQUARE T_SEMICOLON T_CHAR T_IDENTIFIER T_ASSIGN T_CHAR_LITERAL T_SEMICOLON T_INT T_IDENTIFIER T_ASSIGN T_INTEGER_LITERAL T_SEMICOLON T_CHAR T_IDENTIFIER T_LEFT_SQUARE T_INTEGER_LITERAL T_RIGHT_SQUARE T_SEMICOLON T_IDENTIFIER T_ASSIGN T_STRING_LITERAL T_SEMICOLON T_IDENTIFIER T_INCREMENT T_SEMICOLON T_INCREMENT T_IDENTIFIER T_SEMICOLON T_IF T_LEFT_PAREN T_IDENTIFIER T_GREATER T_IDENTIFIER T_RIGHT_PAREN T_LEFT_BRACE T_IDENTIFIER T_ASSIGN T_IDENTIFIER T_SEMICOLON T_RIGHT_BRACE T_ELSE T_IF T_LEFT_PAREN T_IDENTIFIER T_LESS T_IDENTIFIER T_RIGHT_PAREN T_LEFT_BRACE T_IDENTIFIER T_ASSIGN T_IDENTIFIER T_PLUS T_INTEGER_LITERAL T_SEMICOLON T_RIGHT_BRACE T_ELSE T_LEFT_BRACE T_IDENTIFIER T_ASSIGN T_INTEGER_LITERAL T_SEMICOLON T_RIGHT_BRACE T_WHILE T_LEFT_PAREN T_IDENTIFIER T_GREATER T_INTEGER_LITERAL T_RIGHT_PAREN T_LEFT_BRACE T_IDENTIFIER T_DECREMENT T_SEMICOLON T_RIGHT_BRACE T_FOR T_LEFT_PAREN T_IDENTIFIER T_ASSIGN T_INTEGER_LITERAL T_SEMICOLON T_IDENTIFIER T_LESS T_INTEGER_LITERAL T_SEMICOLON T_IDENTIFIER T_INCREMENT T_RIGHT_PAREN T_LEFT_BRACE T_IDENTIFIER T_ASSIGN T_IDENTIFIER T_PLUS T_IDENTIFIER T_SEMICOLON T_RIGHT_BRACE T_FOR T_LEFT_PAREN T_IDENTIFIER T_ASSIGN T_INTEGER_LITERAL T_SEMICOLON T_IDENTIFIER T_LESS T_INTEGER_LITERAL T_SEMICOLON T_IDENTIFIER T_INCREMENT T_RIGHT_PAREN T_LEFT_BRACE T_IDENTIFIER T_LEFT_SQUARE T_IDENTIFIER T_RIGHT_SQUARE T_ASSIGN T_IDENTIFIER T_SEMICOLON T_RIGHT_BRACE T_IDENTIFIER T_ASSIGN T_NOT T_IDENTIFIER T_SEMICOLON T_IDENTIFIER T_ASSIGN T_IDENTIFIER T_MOD T_INTEGER_LITERAL T_SEMICOLON T_IDENTIFIER T_ASSIGN T_IDENTIFIER T_BITAND T_INTEGER_LITERAL T_SEMICOLON T_IDENTIFIER T_ASSIGN T_IDENTIFIER T_BITOR T_INTEGER_LITERAL T_SEMICOLON T_IDENTIFIER T_ASSIGN T_IDENTIFIER T_BITXOR T_INTEGER_LITERAL T_SEMICOLON T_IDENTIFIER T_ASSIGN T_BITNOT T_IDENTIFIER T_SEMICOLON T_INT T_IDENTIFIER T_ASSIGN T_IDENTIFIER T_LEFT_PAREN T_IDENTIFIER T_COMMA T_IDENTIFIER T_RIGHT_PAREN T_SEMICOLON T_LEFT_BRACE T_INT T_IDENTIFIER T_ASSIGN T_INTEGER_LITERAL T_SEMICOLON T_IDENTIFIER T_ASSIGN T_IDENTIFIER T_PLUS T_INTEGER_LITERAL T_SEMICOLON T_RIGHT_BRACE T_RETURN T_INTEGER_LITERAL T_SEMICOLON T_RIGHT_BRACE T_EOF 

State Stack: 0 8 8 9 16 18 23 
Symbol Stack: declaration declaration type_specifier T_IDENTIFIER T_LEFT_PAREN T_RIGHT_PAREN 
Input Stack: T_LEFT_BRACE T_INT T_IDENTIFIER T_ASSIGN T_INTEGER_LITERAL T_SEMICOLON T_FLOAT T_IDENTIFIER T_ASSIGN T_FLOAT_LITERAL T_SEMICOLON T_CHAR T_IDENTIFIER T_LEFT_SQUARE T_INTEGER_LITERAL T_RIGHT_SQUARE T_SEMICOLON T_CHAR T_IDENTIFIER T_ASSIGN T_CHAR_LITERAL T_SEMICOLON T_INT T_IDENTIFIER T_ASSIGN T_INTEGER_LITERAL T_SEMICOLON T_CHAR T_IDENTIFIER T_LEFT_SQUARE T_INTEGER_LITERAL T_RIGHT_SQUARE T_SEMICOLON T_IDENTIFIER T_ASSIGN T_STRING_LITERAL T_SEMICOLON T_IDENTIFIER T_INCREMENT T_SEMICOLON T_INCREMENT T_IDENTIFIER T_SEMICOLON T_IF T_LEFT_PAREN T_IDENTIFIER T_GREATER T_IDENTIFIER T_RIGHT_PAREN T_LEFT_BRACE T_IDENTIFIER T_ASSIGN T_IDENTIFIER T_SEMICOLON T_RIGHT_BRACE T_ELSE T_IF T_LEFT_PAREN T_IDENTIFIER T_LESS T_IDENTIFIER T_RIGHT_PAREN T_LEFT_BRACE T_IDENTIFIER T_ASSIGN T_IDENTIFIER T_PLUS T_INTEGER_LITERAL T_SEMICOLON T_RIGHT_BRACE T_ELSE T_LEFT_BRACE T_IDENTIFIER T_ASSIGN T_INTEGER_LITERAL T_SEMICOLON T_RIGHT_BRACE T_WHILE T_LEFT_PAREN T_IDENTIFIER T_GREATER T_INTEGER_LITERAL T_RIGHT_PAREN T_LEFT_BRACE T_IDENTIFIER T_DECREMENT T_SEMICOLON T_RIGHT_BRACE T_FOR T_LEFT_PAREN T_IDENTIFIER T_ASSIGN T_INTEGER_LITERAL T_SEMICOLON T_IDENTIFIER T_LESS T_INTEGER_LITERAL T_SEMICOLON T_IDENTIFIER T_INCREMENT T_RIGHT_PAREN T_LEFT_BRACE T_IDENTIFIER T_ASSIGN T_IDENTIFIER T_PLUS T_IDENTIFIER T_SEMICOLON T_RIGHT_BRACE T_FOR T_LEFT_PAREN T_IDENTIFIER T_ASSIGN T_INTEGER_LITERAL T_SEMICOLON T_IDENTIFIER T_LESS T_INTEGER_LITERAL T_SEMICOLON T_IDENTIFIER T_INCREMENT T_RIGHT_PAREN T_LEFT_BRACE T_IDENTIFIER T_LEFT_SQUARE T_IDENTIFIER T_RIGHT_SQUARE T_ASSIGN T_IDENTIFIER T_SEMICOLON T_RIGHT_BRACE T_IDENTIFIER T_ASSIGN T_NOT T_IDENTIFIER T_SEMICOLON T_IDENTIFIER T_ASSIGN T_IDENTIFIER T_MOD T_INTEGER_LITERAL T_SEMICOLON T_IDENTIFIER T_ASSIGN T_IDENTIFIER T_BITAND T_INTEGER_LITERAL T_SEMICOLON T_IDENTIFIER T_ASSIGN T_IDENTIFIER T_BITOR T_INTEGER_LITERAL T_SEMICOLON T_IDENTIFIER T_ASSIGN T_IDENTIFIER T_BITXOR T_INTEGER_LITERAL T_SEMICOLON T_IDENTIFIER T_ASSIGN T_BITNOT T_IDENTIFIER T_SEMICOLON T_INT T_IDENTIFIER T_ASSIGN T_IDENTIFIER T_LEFT_PAREN T_IDENTIFIER T_COMMA T_IDENTIFIER T_RIGHT_PAREN T_SEMICOLON T_LEFT_BRACE T_INT T_IDENTIFIER T_ASSIGN T_INTEGER_LITERAL T_SEMICOLON T_IDENTIFIER T_ASSIGN T_IDENTIFIER T_PLUS T_INTEGER_LITERAL T_SEMICOLON T_RIGHT_BRACE T_RETURN T_INTEGER_LITERAL T_SEMICOLON T_RIGHT_BRACE T_EOF 

State Stack: 0 8 8 9 16 18 23 50 
Symbol Stack: declaration declaration type_specifier T_IDENTIFIER T_LEFT_PAREN T_RIGHT_PAREN T_LEFT_BRACE 
Input Stack: T_INT T_IDENTIFIER T_ASSIGN T_INTEGER_LITERAL T_SEMICOLON T_FLOAT T_IDENTIFIER T_ASSIGN T_FLOAT_LITERAL T_SEMICOLON T_CHAR T_IDENTIFIER T_LEFT_SQUARE T_INTEGER_LITERAL T_RIGHT_SQUARE T_SEMICOLON T_CHAR T_IDENTIFIER T_ASSIGN T_CHAR_LITERAL T_SEMICOLON T_INT T_IDENTIFIER T_ASSIGN T_INTEGER_LITERAL T_SEMICOLON T_CHAR T_IDENTIFIER T_LEFT_SQUARE T_INTEGER_LITERAL T_RIGHT_SQUARE T_SEMICOLON T_IDENTIFIER T_ASSIGN T_STRING_LITERAL T_SEMICOLON T_IDENTIFIER T_INCREMENT T_SEMICOLON T_INCREMENT T_IDENTIFIER T_SEMICOLON T_IF T_LEFT_PAREN T_IDENTIFIER T_GREATER T_IDENTIFIER T_RIGHT_PAREN T_LEFT_BRACE T_IDENTIFIER T_ASSIGN T_IDENTIFIER T_SEMICOLON T_RIGHT_BRACE T_ELSE T_IF T_LEFT_PAREN T_IDENTIFIER T_LESS T_IDENTIFIER T_RIGHT_PAREN T_LEFT_BRACE T_IDENTIFIER T_ASSIGN T_IDENTIFIER T_PLUS T_INTEGER_LITERAL T_SEMICOLON T_RIGHT_BRACE T_ELSE T_LEFT_BRACE T_IDENTIFIER T_ASSIGN T_INTEGER_LITERAL T_SEMICOLON T_RIGHT_BRACE T_WHILE T_LEFT_PAREN T_IDENTIFIER T_GREATER T_INTEGER_LITERAL T_RIGHT_PAREN T_LEFT_BRACE T_IDENTIFIER T_DECREMENT T_SEMICOLON T_RIGHT_BRACE T_FOR T_LEFT_PAREN T_IDENTIFIER T_ASSIGN T_INTEGER_LITERAL T_SEMICOLON T_IDENTIFIER T_LESS T_INTEGER_LITERAL T_SEMICOLON T_IDENTIFIER T_INCREMENT T_RIGHT_PAREN T_LEFT_BRACE T_IDENTIFIER T_ASSIGN T_IDENTIFIER T_PLUS T_IDENTIFIER T_SEMICOLON T_RIGHT_BRACE T_FOR T_LEFT_PAREN T_IDENTIFIER T_ASSIGN T_INTEGER_LITERAL T_SEMICOLON T_IDENTIFIER T_LESS T_INTEGER_LITERAL T_SEMICOLON T_IDENTIFIER T_INCREMENT T_RIGHT_PAREN T_LEFT_BRACE T_IDENTIFIER T_LEFT_SQUARE T_IDENTIFIER T_RIGHT_SQUARE T_ASSIGN T_IDENTIFIER T_SEMICOLON T_RIGHT_BRACE T_IDENTIFIER T_ASSIGN T_NOT T_IDENTIFIER T_SEMICOLON T_IDENTIFIER T_ASSIGN T_IDENTIFIER T_MOD T_INTEGER_LITERAL T_SEMICOLON T_IDENTIFIER T_ASSIGN T_IDENTIFIER T_BITAND T_INTEGER_LITERAL T_SEMICOLON T_IDENTIFIER T_ASSIGN T_IDENTIFIER T_BITOR T_INTEGER_LITERAL T_SEMICOLON T_IDENTIFIER T_ASSIGN T_IDENTIFIER T_BITXOR T_INTEGER_LITERAL T_SEMICOLON T_IDENTIFIER T_ASSIGN T_BITNOT T_IDENTIFIER T_SEMICOLON T_INT T_IDENTIFIER T_ASSIGN T_IDENTIFIER T_LEFT_PAREN T_IDENTIFIER T_COMMA T_IDENTIFIER T_RIGHT_PAREN T_SEMICOLON T_LEFT_BRACE T_INT T_IDENTIFIER T_ASSIGN T_INTEGER_LITERAL T_SEMICOLON T_IDENTIFIER T_ASSIGN T_IDENTIFIER T_PLUS T_INTEGER_LITERAL T_SEMICOLON T_RIGHT_BRACE T_RETURN T_INTEGER_LITERAL T_SEMICOLON T_RIGHT_BRACE T_EOF 

State Stack: 0 8 8 9 16 18 23 50 3 
Symbol Stack: declaration declaration type_specifier T_IDENTIFIER T_LEFT_PAREN T_RIGHT_PAREN T_LEFT_BRACE T_INT 
Input Stack: T_IDENTIFIER T_ASSIGN T_INTEGER_LITERAL T_SEMICOLON T_FLOAT T_IDENTIFIER T_ASSIGN T_FLOAT_LITERAL T_SEMICOLON T_CHAR T_IDENTIFIER T_LEFT_SQUARE T_INTEGER_LITERAL T_RIGHT_SQUARE T_SEMICOLON T_CHAR T_IDENTIFIER T_ASSIGN T_CHAR_LITERAL T_SEMICOLON T_INT T_IDENTIFIER T_ASSIGN T_INTEGER_LITERAL T_SEMICOLON T_CHAR T_IDENTIFIER T_LEFT_SQUARE T_INTEGER_LITERAL T_RIGHT_SQUARE T_SEMICOLON T_IDENTIFIER T_ASSIGN T_STRING_LITERAL T_SEMICOLON T_IDENTIFIER T_INCREMENT T_SEMICOLON T_INCREMENT T_IDENTIFIER T_SEMICOLON T_IF T_LEFT_PAREN T_IDENTIFIER T_GREATER T_IDENTIFIER T_RIGHT_PAREN T_LEFT_BRACE T_IDENTIFIER T_ASSIGN T_IDENTIFIER T_SEMICOLON T_RIGHT_BRACE T_ELSE T_IF T_LEFT_PAREN T_IDENTIFIER T_LESS T_IDENTIFIER T_RIGHT_PAREN T_LEFT_BRACE T_IDENTIFIER T_ASSIGN T_IDENTIFIER T_PLUS T_INTEGER_LITERAL T_SEMICOLON T_RIGHT_BRACE T_ELSE T_LEFT_BRACE T_IDENTIFIER T_ASSIGN T_INTEGER_LITERAL T_SEMICOLON T_RIGHT_BRACE T_WHILE T_LEFT_PAREN T_IDENTIFIER T_GREATER T_INTEGER_LITERAL T_RIGHT_PAREN T_LEFT_BRACE T_IDENTIFIER T_DECREMENT T_SEMICOLON T_RIGHT_BRACE T_FOR T_LEFT_PAREN T_IDENTIFIER T_ASSIGN T_INTEGER_LITERAL T_SEMICOLON T_IDENTIFIER T_LESS T_INTEGER_LITERAL T_SEMICOLON T_IDENTIFIER T_INCREMENT T_RIGHT_PAREN T_LEFT_BRACE T_IDENTIFIER T_ASSIGN T_IDENTIFIER T_PLUS T_IDENTIFIER T_SEMICOLON T_RIGHT_BRACE T_FOR T_LEFT_PAREN T_IDENTIFIER T_ASSIGN T_INTEGER_LITERAL T_SEMICOLON T_IDENTIFIER T_LESS T_INTEGER_LITERAL T_SEMICOLON T_IDENTIFIER T_INCREMENT T_RIGHT_PAREN T_LEFT_BRACE T_IDENTIFIER T_LEFT_SQUARE T_IDENTIFIER T_RIGHT_SQUARE T_ASSIGN T_IDENTIFIER T_SEMICOLON T_RIGHT_BRACE T_IDENTIFIER T_ASSIGN T_NOT T_IDENTIFIER T_SEMICOLON T_IDENTIFIER T_ASSIGN T_IDENTIFIER T_MOD T_INTEGER_LITERAL T_SEMICOLON T_IDENTIFIER T_ASSIGN T_IDENTIFIER T_BITAND T_INTEGER_LITERAL T_SEMICOLON T_IDENTIFIER T_ASSIGN T_IDENTIFIER T_BITOR T_INTEGER_LITERAL T_SEMICOLON T_IDENTIFIER T_ASSIGN T_IDENTIFIER T_BITXOR T_INTEGER_LITERAL T_SEMICOLON T_IDENTIFIER T_ASSIGN T_BITNOT T_IDENTIFIER T_SEMICOLON T_INT T_IDENTIFIER T_ASSIGN T_IDENTIFIER T_LEFT_PAREN T_IDENTIFIER T_COMMA T_IDENTIFIER T_RIGHT_PAREN T_SEMICOLON T_LEFT_BRACE T_INT T_IDENTIFIER T_ASSIGN T_INTEGER_LITERAL T_SEMICOLON T_IDENTIFIER T_ASSIGN T_IDENTIFIER T_PLUS T_INTEGER_LITERAL T_SEMICOLON T_RIGHT_BRACE T_RETURN T_INTEGER_LITERAL T_SEMICOLON T_RIGHT_BRACE T_EOF 

State Stack: 0 8 8 9 16 18 23 50 14 
Symbol Stack: declaration declaration type_specifier T_IDENTIFIER T_LEFT_PAREN T_RIGHT_PAREN T_LEFT_BRACE simple_type 
Input Stack: T_IDENTIFIER T_ASSIGN T_INTEGER_LITERAL T_SEMICOLON T_FLOAT T_IDENTIFIER T_ASSIGN T_FLOAT_LITERAL T_SEMICOLON T_CHAR T_IDENTIFIER T_LEFT_SQUARE T_INTEGER_LITERAL T_RIGHT_SQUARE T_SEMICOLON T_CHAR T_IDENTIFIER T_ASSIGN T_CHAR_LITERAL T_SEMICOLON T_INT T_IDENTIFIER T_ASSIGN T_INTEGER_LITERAL T_SEMICOLON T_CHAR T_IDENTIFIER T_LEFT_SQUARE T_INTEGER_LITERAL T_RIGHT_SQUARE T_SEMICOLON T_IDENTIFIER T_ASSIGN T_STRING_LITERAL T_SEMICOLON T_IDENTIFIER T_INCREMENT T_SEMICOLON T_INCREMENT T_IDENTIFIER T_SEMICOLON T_IF T_LEFT_PAREN T_IDENTIFIER T_GREATER T_IDENTIFIER T_RIGHT_PAREN T_LEFT_BRACE T_IDENTIFIER T_ASSIGN T_IDENTIFIER T_SEMICOLON T_RIGHT_BRACE T_ELSE T_IF T_LEFT_PAREN T_IDENTIFIER T_LESS T_IDENTIFIER T_RIGHT_PAREN T_LEFT_BRACE T_IDENTIFIER T_ASSIGN T_IDENTIFIER T_PLUS T_INTEGER_LITERAL T_SEMICOLON T_RIGHT_BRACE T_ELSE T_LEFT_BRACE T_IDENTIFIER T_ASSIGN T_INTEGER_LITERAL T_SEMICOLON T_RIGHT_BRACE T_WHILE T_LEFT_PAREN T_IDENTIFIER T_GREATER T_INTEGER_LITERAL T_RIGHT_PAREN T_LEFT_BRACE T_IDENTIFIER T_DECREMENT T_SEMICOLON T_RIGHT_BRACE T_FOR T_LEFT_PAREN T_IDENTIFIER T_ASSIGN T_INTEGER_LITERAL T_SEMICOLON T_IDENTIFIER T_LESS T_INTEGER_LITERAL T_SEMICOLON T_IDENTIFIER T_INCREMENT T_RIGHT_PAREN T_LEFT_BRACE T_IDENTIFIER T_ASSIGN T_IDENTIFIER T_PLUS T_IDENTIFIER T_SEMICOLON T_RIGHT_BRACE T_FOR T_LEFT_PAREN T_IDENTIFIER T_ASSIGN T_INTEGER_LITERAL T_SEMICOLON T_IDENTIFIER T_LESS T_INTEGER_LITERAL T_SEMICOLON T_IDENTIFIER T_INCREMENT T_RIGHT_PAREN T_LEFT_BRACE T_IDENTIFIER T_LEFT_SQUARE T_IDENTIFIER T_RIGHT_SQUARE T_ASSIGN T_IDENTIFIER T_SEMICOLON T_RIGHT_BRACE T_IDENTIFIER T_ASSIGN T_NOT T_IDENTIFIER T_SEMICOLON T_IDENTIFIER T_ASSIGN T_IDENTIFIER T_MOD T_INTEGER_LITERAL T_SEMICOLON T_IDENTIFIER T_ASSIGN T_IDENTIFIER T_BITAND T_INTEGER_LITERAL T_SEMICOLON T_IDENTIFIER T_ASSIGN T_IDENTIFIER T_BITOR T_INTEGER_LITERAL T_SEMICOLON T_IDENTIFIER T_ASSIGN T_IDENTIFIER T_BITXOR T_INTEGER_LITERAL T_SEMICOLON T_IDENTIFIER T_ASSIGN T_BITNOT T_IDENTIFIER T_SEMICOLON T_INT T_IDENTIFIER T_ASSIGN T_IDENTIFIER T_LEFT_PAREN T_IDENTIFIER T_COMMA T_IDENTIFIER T_RIGHT_PAREN T_SEMICOLON T_LEFT_BRACE T_INT T_IDENTIFIER T_ASSIGN T_INTEGER_LITERAL T_SEMICOLON T_IDENTIFIER T_ASSIGN T_IDENTIFIER T_PLUS T_INTEGER_LITERAL T_SEMICOLON T_RIGHT_BRACE T_RETURN T_INTEGER_LITERAL T_SEMICOLON T_RIGHT_BRACE T_EOF 

State Stack: 0 8 8 9 16 18 23 50 119 
Symbol Stack: declaration declaration type_specifier T_IDENTIFIER T_LEFT_PAREN T_RIGHT_PAREN T_LEFT_BRACE type_specifier 
Input Stack: T_IDENTIFIER T_ASSIGN T_INTEGER_LITERAL T_SEMICOLON T_FLOAT T_IDENTIFIER T_ASSIGN T_FLOAT_LITERAL T_SEMICOLON T_CHAR T_IDENTIFIER T_LEFT_SQUARE T_INTEGER_LITERAL T_RIGHT_SQUARE T_SEMICOLON T_CHAR T_IDENTIFIER T_ASSIGN T_CHAR_LITERAL T_SEMICOLON T_INT T_IDENTIFIER T_ASSIGN T_INTEGER_LITERAL T_SEMICOLON T_CHAR T_IDENTIFIER T_LEFT_SQUARE T_INTEGER_LITERAL T_RIGHT_SQUARE T_SEMICOLON T_IDENTIFIER T_ASSIGN T_STRING_LITERAL T_SEMICOLON T_IDENTIFIER T_INCREMENT T_SEMICOLON T_INCREMENT T_IDENTIFIER T_SEMICOLON T_IF T_LEFT_PAREN T_IDENTIFIER T_GREATER T_IDENTIFIER T_RIGHT_PAREN T_LEFT_BRACE T_IDENTIFIER T_ASSIGN T_IDENTIFIER T_SEMICOLON T_RIGHT_BRACE T_ELSE T_IF T_LEFT_PAREN T_IDENTIFIER T_LESS T_IDENTIFIER T_RIGHT_PAREN T_LEFT_BRACE T_IDENTIFIER T_ASSIGN T_IDENTIFIER T_PLUS T_INTEGER_LITERAL T_SEMICOLON T_RIGHT_BRACE T_ELSE T_LEFT_BRACE T_IDENTIFIER T_ASSIGN T_INTEGER_LITERAL T_SEMICOLON T_RIGHT_BRACE T_WHILE T_LEFT_PAREN T_IDENTIFIER T_GREATER T_INTEGER_LITERAL T_RIGHT_PAREN T_LEFT_BRACE T_IDENTIFIER T_DECREMENT T_SEMICOLON T_RIGHT_BRACE T_FOR T_LEFT_PAREN T_IDENTIFIER T_ASSIGN T_INTEGER_LITERAL T_SEMICOLON T_IDENTIFIER T_LESS T_INTEGER_LITERAL T_SEMICOLON T_IDENTIFIER T_INCREMENT T_RIGHT_PAREN T_LEFT_BRACE T_IDENTIFIER T_ASSIGN T_IDENTIFIER T_PLUS T_IDENTIFIER T_SEMICOLON T_RIGHT_BRACE T_FOR T_LEFT_PAREN T_IDENTIFIER T_ASSIGN T_INTEGER_LITERAL T_SEMICOLON T_IDENTIFIER T_LESS T_INTEGER_LITERAL T_SEMICOLON T_IDENTIFIER T_INCREMENT T_RIGHT_PAREN T_LEFT_BRACE T_IDENTIFIER T_LEFT_SQUARE T_IDENTIFIER T_RIGHT_SQUARE T_ASSIGN T_IDENTIFIER T_SEMICOLON T_RIGHT_BRACE T_IDENTIFIER T_ASSIGN T_NOT T_IDENTIFIER T_SEMICOLON T_IDENTIFIER T_ASSIGN T_IDENTIFIER T_MOD T_INTEGER_LITERAL T_SEMICOLON T_IDENTIFIER T_ASSIGN T_IDENTIFIER T_BITAND T_INTEGER_LITERAL T_SEMICOLON T_IDENTIFIER T_ASSIGN T_IDENTIFIER T_BITOR T_INTEGER_LITERAL T_SEMICOLON T_IDENTIFIER T_ASSIGN T_IDENTIFIER T_BITXOR T_INTEGER_LITERAL T_SEMICOLON T_IDENTIFIER T_ASSIGN T_BITNOT T_IDENTIFIER T_SEMICOLON T_INT T_IDENTIFIER T_ASSIGN T_IDENTIFIER T_LEFT_PAREN T_IDENTIFIER T_COMMA T_IDENTIFIER T_RIGHT_PAREN T_SEMICOLON T_LEFT_BRACE T_INT T_IDENTIFIER T_ASSIGN T_INTEGER_LITERAL T_SEMICOLON T_IDENTIFIER T_ASSIGN T_IDENTIFIER T_PLUS T_INTEGER_LITERAL T_SEMICOLON T_RIGHT_BRACE T_RETURN T_INTEGER_LITERAL T_SEMICOLON T_RIGHT_BRACE T_EOF 

State Stack: 0 8 8 9 16 18 23 50 119 210 
Symbol Stack: declaration declaration type_specifier T_IDENTIFIER T_LEFT_PAREN T_RIGHT_PAREN T_LEFT_BRACE type_specifier T_IDENTIFIER 
Input Stack: T_ASSIGN T_INTEGER_LITERAL T_SEMICOLON T_FLOAT T_IDENTIFIER T_ASSIGN T_FLOAT_LITERAL T_SEMICOLON T_CHAR T_IDENTIFIER T_LEFT_SQUARE T_INTEGER_LITERAL T_RIGHT_SQUARE T_SEMICOLON T_CHAR T_IDENTIFIER T_ASSIGN T_CHAR_LITERAL T_SEMICOLON T_INT T_IDENTIFIER T_ASSIGN T_INTEGER_LITERAL T_SEMICOLON T_CHAR T_IDENTIFIER T_LEFT_SQUARE T_INTEGER_LITERAL T_RIGHT_SQUARE T_SEMICOLON T_IDENTIFIER T_ASSIGN T_STRING_LITERAL T_SEMICOLON T_IDENTIFIER T_INCREMENT T_SEMICOLON T_INCREMENT T_IDENTIFIER T_SEMICOLON T_IF T_LEFT_PAREN T_IDENTIFIER T_GREATER T_IDENTIFIER T_RIGHT_PAREN T_LEFT_BRACE T_IDENTIFIER T_ASSIGN T_IDENTIFIER T_SEMICOLON T_RIGHT_BRACE T_ELSE T_IF T_LEFT_PAREN T_IDENTIFIER T_LESS T_IDENTIFIER T_RIGHT_PAREN T_LEFT_BRACE T_IDENTIFIER T_ASSIGN T_IDENTIFIER T_PLUS T_INTEGER_LITERAL T_SEMICOLON T_RIGHT_BRACE T_ELSE T_LEFT_BRACE T_IDENTIFIER T_ASSIGN T_INTEGER_LITERAL T_SEMICOLON T_RIGHT_BRACE T_WHILE T_LEFT_PAREN T_IDENTIFIER T_GREATER T_INTEGER_LITERAL T_RIGHT_PAREN T_LEFT_BRACE T_IDENTIFIER T_DECREMENT T_SEMICOLON T_RIGHT_BRACE T_FOR T_LEFT_PAREN T_IDENTIFIER T_ASSIGN T_INTEGER_LITERAL T_SEMICOLON T_IDENTIFIER T_LESS T_INTEGER_LITERAL T_SEMICOLON T_IDENTIFIER T_INCREMENT T_RIGHT_PAREN T_LEFT_BRACE T_IDENTIFIER T_ASSIGN T_IDENTIFIER T_PLUS T_IDENTIFIER T_SEMICOLON T_RIGHT_BRACE T_FOR T_LEFT_PAREN T_IDENTIFIER T_ASSIGN T_INTEGER_LITERAL T_SEMICOLON T_IDENTIFIER T_LESS T_INTEGER_LITERAL T_SEMICOLON T_IDENTIFIER T_INCREMENT T_RIGHT_PAREN T_LEFT_BRACE T_IDENTIFIER T_LEFT_SQUARE T_IDENTIFIER T_RIGHT_SQUARE T_ASSIGN T_IDENTIFIER T_SEMICOLON T_RIGHT_BRACE T_IDENTIFIER T_ASSIGN T_NOT T_IDENTIFIER T_SEMICOLON T_IDENTIFIER T_ASSIGN T_IDENTIFIER T_MOD T_INTEGER_LITERAL T_SEMICOLON T_IDENTIFIER T_ASSIGN T_IDENTIFIER T_BITAND T_INTEGER_LITERAL T_SEMICOLON T_IDENTIFIER T_ASSIGN T_IDENTIFIER T_BITOR T_INTEGER_LITERAL T_SEMICOLON T_IDENTIFIER T_ASSIGN T_IDENTIFIER T_BITXOR T_INTEGER_LITERAL T_SEMICOLON T_IDENTIFIER T_ASSIGN T_BITNOT T_IDENTIFIER T_SEMICOLON T_INT T_IDENTIFIER T_ASSIGN T_IDENTIFIER T_LEFT_PAREN T_IDENTIFIER T_COMMA T_IDENTIFIER T_RIGHT_PAREN T_SEMICOLON T_LEFT_BRACE T_INT T_IDENTIFIER T_ASSIGN T_INTEGER_LITERAL T_SEMICOLON T_IDENTIFIER T_ASSIGN T_IDENTIFIER T_PLUS T_INTEGER_LITERAL T_SEMICOLON T_RIGHT_BRACE T_RETURN T_INTEGER_LITERAL T_SEMICOLON T_RIGHT_BRACE T_EOF 

State Stack: 0 8 8 9 16 18 23 50 119 210 19 
Symbol Stack: declaration declaration type_specifier T_IDENTIFIER T_LEFT_PAREN T_RIGHT_PAREN T_LEFT_BRACE type_specifier T_IDENTIFIER T_ASSIGN 
Input Stack: T_INTEGER_LITERAL T_SEMICOLON T_FLOAT T_IDENTIFIER T_ASSIGN T_FLOAT_LITERAL T_SEMICOLON T_CHAR T_IDENTIFIER T_LEFT_SQUARE T_INTEGER_LITERAL T_RIGHT_SQUARE T_SEMICOLON T_CHAR T_IDENTIFIER T_ASSIGN T_CHAR_LITERAL T_SEMICOLON T_INT T_IDENTIFIER T_ASSIGN T_INTEGER_LITERAL T_SEMICOLON T_CHAR T_IDENTIFIER T_LEFT_SQUARE T_INTEGER_LITERAL T_RIGHT_SQUARE T_SEMICOLON T_IDENTIFIER T_ASSIGN T_STRING_LITERAL T_SEMICOLON T_IDENTIFIER T_INCREMENT T_SEMICOLON T_INCREMENT T_IDENTIFIER T_SEMICOLON T_IF T_LEFT_PAREN T_IDENTIFIER T_GREATER T_IDENTIFIER T_RIGHT_PAREN T_LEFT_BRACE T_IDENTIFIER T_ASSIGN T_IDENTIFIER T_SEMICOLON T_RIGHT_BRACE T_ELSE T_IF T_LEFT_PAREN T_IDENTIFIER T_LESS T_IDENTIFIER T_RIGHT_PAREN T_LEFT_BRACE T_IDENTIFIER T_ASSIGN T_IDENTIFIER T_PLUS T_INTEGER_LITERAL T_SEMICOLON T_RIGHT_BRACE T_ELSE T_LEFT_BRACE T_IDENTIFIER T_ASSIGN T_INTEGER_LITERAL T_SEMICOLON T_RIGHT_BRACE T_WHILE T_LEFT_PAREN T_IDENTIFIER T_GREATER T_INTEGER_LITERAL T_RIGHT_PAREN T_LEFT_BRACE T_IDENTIFIER T_DECREMENT T_SEMICOLON T_RIGHT_BRACE T_FOR T_LEFT_PAREN T_IDENTIFIER T_ASSIGN T_INTEGER_LITERAL T_SEMICOLON T_IDENTIFIER T_LESS T_INTEGER_LITERAL T_SEMICOLON T_IDENTIFIER T_INCREMENT T_RIGHT_PAREN T_LEFT_BRACE T_IDENTIFIER T_ASSIGN T_IDENTIFIER T_PLUS T_IDENTIFIER T_SEMICOLON T_RIGHT_BRACE T_FOR T_LEFT_PAREN T_IDENTIFIER T_ASSIGN T_INTEGER_LITERAL T_SEMICOLON T_IDENTIFIER T_LESS T_INTEGER_LITERAL T_SEMICOLON T_IDENTIFIER T_INCREMENT T_RIGHT_PAREN T_LEFT_BRACE T_IDENTIFIER T_LEFT_SQUARE T_IDENTIFIER T_RIGHT_SQUARE T_ASSIGN T_IDENTIFIER T_SEMICOLON T_RIGHT_BRACE T_IDENTIFIER T_ASSIGN T_NOT T_IDENTIFIER T_SEMICOLON T_IDENTIFIER T_ASSIGN T_IDENTIFIER T_MOD T_INTEGER_LITERAL T_SEMICOLON T_IDENTIFIER T_ASSIGN T_IDENTIFIER T_BITAND T_INTEGER_LITERAL T_SEMICOLON T_IDENTIFIER T_ASSIGN T_IDENTIFIER T_BITOR T_INTEGER_LITERAL T_SEMICOLON T_IDENTIFIER T_ASSIGN T_IDENTIFIER T_BITXOR T_INTEGER_LITERAL T_SEMICOLON T_IDENTIFIER T_ASSIGN T_BITNOT T_IDENTIFIER T_SEMICOLON T_INT T_IDENTIFIER T_ASSIGN T_IDENTIFIER T_LEFT_PAREN T_IDENTIFIER T_COMMA T_IDENTIFIER T_RIGHT_PAREN T_SEMICOLON T_LEFT_BRACE T_INT T_IDENTIFIER T_ASSIGN T_INTEGER_LITERAL T_SEMICOLON T_IDENTIFIER T_ASSIGN T_IDENTIFIER T_PLUS T_INTEGER_LITERAL T_SEMICOLON T_RIGHT_BRACE T_RETURN T_INTEGER_LITERAL T_SEMICOLON T_RIGHT_BRACE T_EOF 

State Stack: 0 8 8 9 16 18 23 50 119 210 19 33 
Symbol Stack: declaration declaration type_specifier T_IDENTIFIER T_LEFT_PAREN T_RIGHT_PAREN T_LEFT_BRACE type_specifier T_IDENTIFIER T_ASSIGN T_INTEGER_LITERAL 
Input Stack: T_SEMICOLON T_FLOAT T_IDENTIFIER T_ASSIGN T_FLOAT_LITERAL T_SEMICOLON T_CHAR T_IDENTIFIER T_LEFT_SQUARE T_INTEGER_LITERAL T_RIGHT_SQUARE T_SEMICOLON T_CHAR T_IDENTIFIER T_ASSIGN T_CHAR_LITERAL T_SEMICOLON T_INT T_IDENTIFIER T_ASSIGN T_INTEGER_LITERAL T_SEMICOLON T_CHAR T_IDENTIFIER T_LEFT_SQUARE T_INTEGER_LITERAL T_RIGHT_SQUARE T_SEMICOLON T_IDENTIFIER T_ASSIGN T_STRING_LITERAL T_SEMICOLON T_IDENTIFIER T_INCREMENT T_SEMICOLON T_INCREMENT T_IDENTIFIER T_SEMICOLON T_IF T_LEFT_PAREN T_IDENTIFIER T_GREATER T_IDENTIFIER T_RIGHT_PAREN T_LEFT_BRACE T_IDENTIFIER T_ASSIGN T_IDENTIFIER T_SEMICOLON T_RIGHT_BRACE T_ELSE T_IF T_LEFT_PAREN T_IDENTIFIER T_LESS T_IDENTIFIER T_RIGHT_PAREN T_LEFT_BRACE T_IDENTIFIER T_ASSIGN T_IDENTIFIER T_PLUS T_INTEGER_LITERAL T_SEMICOLON T_RIGHT_BRACE T_ELSE T_LEFT_BRACE T_IDENTIFIER T_ASSIGN T_INTEGER_LITERAL T_SEMICOLON T_RIGHT_BRACE T_WHILE T_LEFT_PAREN T_IDENTIFIER T_GREATER T_INTEGER_LITERAL T_RIGHT_PAREN T_LEFT_BRACE T_IDENTIFIER T_DECREMENT T_SEMICOLON T_RIGHT_BRACE T_FOR T_LEFT_PAREN T_IDENTIFIER T_ASSIGN T_INTEGER_LITERAL T_SEMICOLON T_IDENTIFIER T_LESS T_INTEGER_LITERAL T_SEMICOLON T_IDENTIFIER T_INCREMENT T_RIGHT_PAREN T_LEFT_BRACE T_IDENTIFIER T_ASSIGN T_IDENTIFIER T_PLUS T_IDENTIFIER T_SEMICOLON T_RIGHT_BRACE T_FOR T_LEFT_PAREN T_IDENTIFIER T_ASSIGN T_INTEGER_LITERAL T_SEMICOLON T_IDENTIFIER T_LESS T_INTEGER_LITERAL T_SEMICOLON T_IDENTIFIER T_INCREMENT T_RIGHT_PAREN T_LEFT_BRACE T_IDENTIFIER T_LEFT_SQUARE T_IDENTIFIER T_RIGHT_SQUARE T_ASSIGN T_IDENTIFIER T_SEMICOLON T_RIGHT_BRACE T_IDENTIFIER T_ASSIGN T_NOT T_IDENTIFIER T_SEMICOLON T_IDENTIFIER T_ASSIGN T_IDENTIFIER T_MOD T_INTEGER_LITERAL T_SEMICOLON T_IDENTIFIER T_ASSIGN T_IDENTIFIER T_BITAND T_INTEGER_LITERAL T_SEMICOLON T_IDENTIFIER T_ASSIGN T_IDENTIFIER T_BITOR T_INTEGER_LITERAL T_SEMICOLON T_IDENTIFIER T_ASSIGN T_IDENTIFIER T_BITXOR T_INTEGER_LITERAL T_SEMICOLON T_IDENTIFIER T_ASSIGN T_BITNOT T_IDENTIFIER T_SEMICOLON T_INT T_IDENTIFIER T_ASSIGN T_IDENTIFIER T_LEFT_PAREN T_IDENTIFIER T_COMMA T_IDENTIFIER T_RIGHT_PAREN T_SEMICOLON T_LEFT_BRACE T_INT T_IDENTIFIER T_ASSIGN T_INTEGER_LITERAL T_SEMICOLON T_IDENTIFIER T_ASSIGN T_IDENTIFIER T_PLUS T_INTEGER_LITERAL T_SEMICOLON T_RIGHT_BRACE T_RETURN T_INTEGER_LITERAL T_SEMICOLON T_RIGHT_BRACE T_EOF 

State Stack: 0 8 8 9 16 18 23 50 119 210 19 47 
Symbol Stack: declaration declaration type_specifier T_IDENTIFIER T_LEFT_PAREN T_RIGHT_PAREN T_LEFT_BRACE type_specifier T_IDENTIFIER T_ASSIGN factor 
Input Stack: T_SEMICOLON T_FLOAT T_IDENTIFIER T_ASSIGN T_FLOAT_LITERAL T_SEMICOLON T_CHAR T_IDENTIFIER T_LEFT_SQUARE T_INTEGER_LITERAL T_RIGHT_SQUARE T_SEMICOLON T_CHAR T_IDENTIFIER T_ASSIGN T_CHAR_LITERAL T_SEMICOLON T_INT T_IDENTIFIER T_ASSIGN T_INTEGER_LITERAL T_SEMICOLON T_CHAR T_IDENTIFIER T_LEFT_SQUARE T_INTEGER_LITERAL T_RIGHT_SQUARE T_SEMICOLON T_IDENTIFIER T_ASSIGN T_STRING_LITERAL T_SEMICOLON T_IDENTIFIER T_INCREMENT T_SEMICOLON T_INCREMENT T_IDENTIFIER T_SEMICOLON T_IF T_LEFT_PAREN T_IDENTIFIER T_GREATER T_IDENTIFIER T_RIGHT_PAREN T_LEFT_BRACE T_IDENTIFIER T_ASSIGN T_IDENTIFIER T_SEMICOLON T_RIGHT_BRACE T_ELSE T_IF T_LEFT_PAREN T_IDENTIFIER T_LESS T_IDENTIFIER T_RIGHT_PAREN T_LEFT_BRACE T_IDENTIFIER T_ASSIGN T_IDENTIFIER T_PLUS T_INTEGER_LITERAL T_SEMICOLON T_RIGHT_BRACE T_ELSE T_LEFT_BRACE T_IDENTIFIER T_ASSIGN T_INTEGER_LITERAL T_SEMICOLON T_RIGHT_BRACE T_WHILE T_LEFT_PAREN T_IDENTIFIER T_GREATER T_INTEGER_LITERAL T_RIGHT_PAREN T_LEFT_BRACE T_IDENTIFIER T_DECREMENT T_SEMICOLON T_RIGHT_BRACE T_FOR T_LEFT_PAREN T_IDENTIFIER T_ASSIGN T_INTEGER_LITERAL T_SEMICOLON T_IDENTIFIER T_LESS T_INTEGER_LITERAL T_SEMICOLON T_IDENTIFIER T_INCREMENT T_RIGHT_PAREN T_LEFT_BRACE T_IDENTIFIER T_ASSIGN T_IDENTIFIER T_PLUS T_IDENTIFIER T_SEMICOLON T_RIGHT_BRACE T_FOR T_LEFT_PAREN T_IDENTIFIER T_ASSIGN T_INTEGER_LITERAL T_SEMICOLON T_IDENTIFIER T_LESS T_INTEGER_LITERAL T_SEMICOLON T_IDENTIFIER T_INCREMENT T_RIGHT_PAREN T_LEFT_BRACE T_IDENTIFIER T_LEFT_SQUARE T_IDENTIFIER T_RIGHT_SQUARE T_ASSIGN T_IDENTIFIER T_SEMICOLON T_RIGHT_BRACE T_IDENTIFIER T_ASSIGN T_NOT T_IDENTIFIER T_SEMICOLON T_IDENTIFIER T_ASSIGN T_IDENTIFIER T_MOD T_INTEGER_LITERAL T_SEMICOLON T_IDENTIFIER T_ASSIGN T_IDENTIFIER T_BITAND T_INTEGER_LITERAL T_SEMICOLON T_IDENTIFIER T_ASSIGN T_IDENTIFIER T_BITOR T_INTEGER_LITERAL T_SEMICOLON T_IDENTIFIER T_ASSIGN T_IDENTIFIER T_BITXOR T_INTEGER_LITERAL T_SEMICOLON T_IDENTIFIER T_ASSIGN T_BITNOT T_IDENTIFIER T_SEMICOLON T_INT T_IDENTIFIER T_ASSIGN T_IDENTIFIER T_LEFT_PAREN T_IDENTIFIER T_COMMA T_IDENTIFIER T_RIGHT_PAREN T_SEMICOLON T_LEFT_BRACE T_INT T_IDENTIFIER T_ASSIGN T_INTEGER_LITERAL T_SEMICOLON T_IDENTIFIER T_ASSIGN T_IDENTIFIER T_PLUS T_INTEGER_LITERAL T_SEMICOLON T_RIGHT_BRACE T_RETURN T_INTEGER_LITERAL T_SEMICOLON T_RIGHT_BRACE T_EOF 

State Stack: 0 8 8 9 16 18 23 50 119 210 19 40 
Symbol Stack: declaration declaration type_specifier T_IDENTIFIER T_LEFT_PAREN T_RIGHT_PAREN T_LEFT_BRACE type_specifier T_IDENTIFIER T_ASSIGN term 
Input Stack: T_SEMICOLON T_FLOAT T_IDENTIFIER T_ASSIGN T_FLOAT_LITERAL T_SEMICOLON T_CHAR T_IDENTIFIER T_LEFT_SQUARE T_INTEGER_LITERAL T_RIGHT_SQUARE T_SEMICOLON T_CHAR T_IDENTIFIER T_ASSIGN T_CHAR_LITERAL T_SEMICOLON T_INT T_IDENTIFIER T_ASSIGN T_INTEGER_LITERAL T_SEMICOLON T_CHAR T_IDENTIFIER T_LEFT_SQUARE T_INTEGER_LITERAL T_RIGHT_SQUARE T_SEMICOLON T_IDENTIFIER T_ASSIGN T_STRING_LITERAL T_SEMICOLON T_IDENTIFIER T_INCREMENT T_SEMICOLON T_INCREMENT T_IDENTIFIER T_SEMICOLON T_IF T_LEFT_PAREN T_IDENTIFIER T_GREATER T_IDENTIFIER T_RIGHT_PAREN T_LEFT_BRACE T_IDENTIFIER T_ASSIGN T_IDENTIFIER T_SEMICOLON T_RIGHT_BRACE T_ELSE T_IF T_LEFT_PAREN T_IDENTIFIER T_LESS T_IDENTIFIER T_RIGHT_PAREN T_LEFT_BRACE T_IDENTIFIER T_ASSIGN T_IDENTIFIER T_PLUS T_INTEGER_LITERAL T_SEMICOLON T_RIGHT_BRACE T_ELSE T_LEFT_BRACE T_IDENTIFIER T_ASSIGN T_INTEGER_LITERAL T_SEMICOLON T_RIGHT_BRACE T_WHILE T_LEFT_PAREN T_IDENTIFIER T_GREATER T_INTEGER_LITERAL T_RIGHT_PAREN T_LEFT_BRACE T_IDENTIFIER T_DECREMENT T_SEMICOLON T_RIGHT_BRACE T_FOR T_LEFT_PAREN T_IDENTIFIER T_ASSIGN T_INTEGER_LITERAL T_SEMICOLON T_IDENTIFIER T_LESS T_INTEGER_LITERAL T_SEMICOLON T_IDENTIFIER T_INCREMENT T_RIGHT_PAREN T_LEFT_BRACE T_IDENTIFIER T_ASSIGN T_IDENTIFIER T_PLUS T_IDENTIFIER T_SEMICOLON T_RIGHT_BRACE T_FOR T_LEFT_PAREN T_IDENTIFIER T_ASSIGN T_INTEGER_LITERAL T_SEMICOLON T_IDENTIFIER T_LESS T_INTEGER_LITERAL T_SEMICOLON T_IDENTIFIER T_INCREMENT T_RIGHT_PAREN T_LEFT_BRACE T_IDENTIFIER T_LEFT_SQUARE T_IDENTIFIER T_RIGHT_SQUARE T_ASSIGN T_IDENTIFIER T_SEMICOLON T_RIGHT_BRACE T_IDENTIFIER T_ASSIGN T_NOT T_IDENTIFIER T_SEMICOLON T_IDENTIFIER T_ASSIGN T_IDENTIFIER T_MOD T_INTEGER_LITERAL T_SEMICOLON T_IDENTIFIER T_ASSIGN T_IDENTIFIER T_BITAND T_INTEGER_LITERAL T_SEMICOLON T_IDENTIFIER T_ASSIGN T_IDENTIFIER T_BITOR T_INTEGER_LITERAL T_SEMICOLON T_IDENTIFIER T_ASSIGN T_IDENTIFIER T_BITXOR T_INTEGER_LITERAL T_SEMICOLON T_IDENTIFIER T_ASSIGN T_BITNOT T_IDENTIFIER T_SEMICOLON T_INT T_IDENTIFIER T_ASSIGN T_IDENTIFIER T_LEFT_PAREN T_IDENTIFIER T_COMMA T_IDENTIFIER T_RIGHT_PAREN T_SEMICOLON T_LEFT_BRACE T_INT T_IDENTIFIER T_ASSIGN T_INTEGER_LITERAL T_SEMICOLON T_IDENTIFIER T_ASSIGN T_IDENTIFIER T_PLUS T_INTEGER_LITERAL T_SEMICOLON T_RIGHT_BRACE T_RETURN T_INTEGER_LITERAL T_SEMICOLON T_RIGHT_BRACE T_EOF 

State Stack: 0 8 8 9 16 18 23 50 119 210 19 39 
Symbol Stack: declaration declaration type_specifier T_IDENTIFIER T_LEFT_PAREN T_RIGHT_PAREN T_LEFT_BRACE type_specifier T_IDENTIFIER T_ASSIGN additive_expression 
Input Stack: T_SEMICOLON T_FLOAT T_IDENTIFIER T_ASSIGN T_FLOAT_LITERAL T_SEMICOLON T_CHAR T_IDENTIFIER T_LEFT_SQUARE T_INTEGER_LITERAL T_RIGHT_SQUARE T_SEMICOLON T_CHAR T_IDENTIFIER T_ASSIGN T_CHAR_LITERAL T_SEMICOLON T_INT T_IDENTIFIER T_ASSIGN T_INTEGER_LITERAL T_SEMICOLON T_CHAR T_IDENTIFIER T_LEFT_SQUARE T_INTEGER_LITERAL T_RIGHT_SQUARE T_SEMICOLON T_IDENTIFIER T_ASSIGN T_STRING_LITERAL T_SEMICOLON T_IDENTIFIER T_INCREMENT T_SEMICOLON T_INCREMENT T_IDENTIFIER T_SEMICOLON T_IF T_LEFT_PAREN T_IDENTIFIER T_GREATER T_IDENTIFIER T_RIGHT_PAREN T_LEFT_BRACE T_IDENTIFIER T_ASSIGN T_IDENTIFIER T_SEMICOLON T_RIGHT_BRACE T_ELSE T_IF T_LEFT_PAREN T_IDENTIFIER T_LESS T_IDENTIFIER T_RIGHT_PAREN T_LEFT_BRACE T_IDENTIFIER T_ASSIGN T_IDENTIFIER T_PLUS T_INTEGER_LITERAL T_SEMICOLON T_RIGHT_BRACE T_ELSE T_LEFT_BRACE T_IDENTIFIER T_ASSIGN T_INTEGER_LITERAL T_SEMICOLON T_RIGHT_BRACE T_WHILE T_LEFT_PAREN T_IDENTIFIER T_GREATER T_INTEGER_LITERAL T_RIGHT_PAREN T_LEFT_BRACE T_IDENTIFIER T_DECREMENT T_SEMICOLON T_RIGHT_BRACE T_FOR T_LEFT_PAREN T_IDENTIFIER T_ASSIGN T_INTEGER_LITERAL T_SEMICOLON T_IDENTIFIER T_LESS T_INTEGER_LITERAL T_SEMICOLON T_IDENTIFIER T_INCREMENT T_RIGHT_PAREN T_LEFT_BRACE T_IDENTIFIER T_ASSIGN T_IDENTIFIER T_PLUS T_IDENTIFIER T_SEMICOLON T_RIGHT_BRACE T_FOR T_LEFT_PAREN T_IDENTIFIER T_ASSIGN T_INTEGER_LITERAL T_SEMICOLON T_IDENTIFIER T_LESS T_INTEGER_LITERAL T_SEMICOLON T_IDENTIFIER T_INCREMENT T_RIGHT_PAREN T_LEFT_BRACE T_IDENTIFIER T_LEFT_SQUARE T_IDENTIFIER T_RIGHT_SQUARE T_ASSIGN T_IDENTIFIER T_SEMICOLON T_RIGHT_BRACE T_IDENTIFIER T_ASSIGN T_NOT T_IDENTIFIER T_SEMICOLON T_IDENTIFIER T_ASSIGN T_IDENTIFIER T_MOD T_INTEGER_LITERAL T_SEMICOLON T_IDENTIFIER T_ASSIGN T_IDENTIFIER T_BITAND T_INTEGER_LITERAL T_SEMICOLON T_IDENTIFIER T_ASSIGN T_IDENTIFIER T_BITOR T_INTEGER_LITERAL T_SEMICOLON T_IDENTIFIER T_ASSIGN T_IDENTIFIER T_BITXOR T_INTEGER_LITERAL T_SEMICOLON T_IDENTIFIER T_ASSIGN T_BITNOT T_IDENTIFIER T_SEMICOLON T_INT T_IDENTIFIER T_ASSIGN T_IDENTIFIER T_LEFT_PAREN T_IDENTIFIER T_COMMA T_IDENTIFIER T_RIGHT_PAREN T_SEMICOLON T_LEFT_BRACE T_INT T_IDENTIFIER T_ASSIGN T_INTEGER_LITERAL T_SEMICOLON T_IDENTIFIER T_ASSIGN T_IDENTIFIER T_PLUS T_INTEGER_LITERAL T_SEMICOLON T_RIGHT_BRACE T_RETURN T_INTEGER_LITERAL T_SEMICOLON T_RIGHT_BRACE T_EOF 

State Stack: 0 8 8 9 16 18 23 50 119 210 19 42 
Symbol Stack: declaration declaration type_specifier T_IDENTIFIER T_LEFT_PAREN T_RIGHT_PAREN T_LEFT_BRACE type_specifier T_IDENTIFIER T_ASSIGN simple_expression 
Input Stack: T_SEMICOLON T_FLOAT T_IDENTIFIER T_ASSIGN T_FLOAT_LITERAL T_SEMICOLON T_CHAR T_IDENTIFIER T_LEFT_SQUARE T_INTEGER_LITERAL T_RIGHT_SQUARE T_SEMICOLON T_CHAR T_IDENTIFIER T_ASSIGN T_CHAR_LITERAL T_SEMICOLON T_INT T_IDENTIFIER T_ASSIGN T_INTEGER_LITERAL T_SEMICOLON T_CHAR T_IDENTIFIER T_LEFT_SQUARE T_INTEGER_LITERAL T_RIGHT_SQUARE T_SEMICOLON T_IDENTIFIER T_ASSIGN T_STRING_LITERAL T_SEMICOLON T_IDENTIFIER T_INCREMENT T_SEMICOLON T_INCREMENT T_IDENTIFIER T_SEMICOLON T_IF T_LEFT_PAREN T_IDENTIFIER T_GREATER T_IDENTIFIER T_RIGHT_PAREN T_LEFT_BRACE T_IDENTIFIER T_ASSIGN T_IDENTIFIER T_SEMICOLON T_RIGHT_BRACE T_ELSE T_IF T_LEFT_PAREN T_IDENTIFIER T_LESS T_IDENTIFIER T_RIGHT_PAREN T_LEFT_BRACE T_IDENTIFIER T_ASSIGN T_IDENTIFIER T_PLUS T_INTEGER_LITERAL T_SEMICOLON T_RIGHT_BRACE T_ELSE T_LEFT_BRACE T_IDENTIFIER T_ASSIGN T_INTEGER_LITERAL T_SEMICOLON T_RIGHT_BRACE T_WHILE T_LEFT_PAREN T_IDENTIFIER T_GREATER T_INTEGER_LITERAL T_RIGHT_PAREN T_LEFT_BRACE T_IDENTIFIER T_DECREMENT T_SEMICOLON T_RIGHT_BRACE T_FOR T_LEFT_PAREN T_IDENTIFIER T_ASSIGN T_INTEGER_LITERAL T_SEMICOLON T_IDENTIFIER T_LESS T_INTEGER_LITERAL T_SEMICOLON T_IDENTIFIER T_INCREMENT T_RIGHT_PAREN T_LEFT_BRACE T_IDENTIFIER T_ASSIGN T_IDENTIFIER T_PLUS T_IDENTIFIER T_SEMICOLON T_RIGHT_BRACE T_FOR T_LEFT_PAREN T_IDENTIFIER T_ASSIGN T_INTEGER_LITERAL T_SEMICOLON T_IDENTIFIER T_LESS T_INTEGER_LITERAL T_SEMICOLON T_IDENTIFIER T_INCREMENT T_RIGHT_PAREN T_LEFT_BRACE T_IDENTIFIER T_LEFT_SQUARE T_IDENTIFIER T_RIGHT_SQUARE T_ASSIGN T_IDENTIFIER T_SEMICOLON T_RIGHT_BRACE T_IDENTIFIER T_ASSIGN T_NOT T_IDENTIFIER T_SEMICOLON T_IDENTIFIER T_ASSIGN T_IDENTIFIER T_MOD T_INTEGER_LITERAL T_SEMICOLON T_IDENTIFIER T_ASSIGN T_IDENTIFIER T_BITAND T_INTEGER_LITERAL T_SEMICOLON T_IDENTIFIER T_ASSIGN T_IDENTIFIER T_BITOR T_INTEGER_LITERAL T_SEMICOLON T_IDENTIFIER T_ASSIGN T_IDENTIFIER T_BITXOR T_INTEGER_LITERAL T_SEMICOLON T_IDENTIFIER T_ASSIGN T_BITNOT T_IDENTIFIER T_SEMICOLON T_INT T_IDENTIFIER T_ASSIGN T_IDENTIFIER T_LEFT_PAREN T_IDENTIFIER T_COMMA T_IDENTIFIER T_RIGHT_PAREN T_SEMICOLON T_LEFT_BRACE T_INT T_IDENTIFIER T_ASSIGN T_INTEGER_LITERAL T_SEMICOLON T_IDENTIFIER T_ASSIGN T_IDENTIFIER T_PLUS T_INTEGER_LITERAL T_SEMICOLON T_RIGHT_BRACE T_RETURN T_INTEGER_LITERAL T_SEMICOLON T_RIGHT_BRACE T_EOF 

State Stack: 0 8 8 9 16 18 23 50 119 210 19 46 
Symbol Stack: declaration declaration type_specifier T_IDENTIFIER T_LEFT_PAREN T_RIGHT_PAREN T_LEFT_BRACE type_specifier T_IDENTIFIER T_ASSIGN expression 
Input Stack: T_SEMICOLON T_FLOAT T_IDENTIFIER T_ASSIGN T_FLOAT_LITERAL T_SEMICOLON T_CHAR T_IDENTIFIER T_LEFT_SQUARE T_INTEGER_LITERAL T_RIGHT_SQUARE T_SEMICOLON T_CHAR T_IDENTIFIER T_ASSIGN T_CHAR_LITERAL T_SEMICOLON T_INT T_IDENTIFIER T_ASSIGN T_INTEGER_LITERAL T_SEMICOLON T_CHAR T_IDENTIFIER T_LEFT_SQUARE T_INTEGER_LITERAL T_RIGHT_SQUARE T_SEMICOLON T_IDENTIFIER T_ASSIGN T_STRING_LITERAL T_SEMICOLON T_IDENTIFIER T_INCREMENT T_SEMICOLON T_INCREMENT T_IDENTIFIER T_SEMICOLON T_IF T_LEFT_PAREN T_IDENTIFIER T_GREATER T_IDENTIFIER T_RIGHT_PAREN T_LEFT_BRACE T_IDENTIFIER T_ASSIGN T_IDENTIFIER T_SEMICOLON T_RIGHT_BRACE T_ELSE T_IF T_LEFT_PAREN T_IDENTIFIER T_LESS T_IDENTIFIER T_RIGHT_PAREN T_LEFT_BRACE T_IDENTIFIER T_ASSIGN T_IDENTIFIER T_PLUS T_INTEGER_LITERAL T_SEMICOLON T_RIGHT_BRACE T_ELSE T_LEFT_BRACE T_IDENTIFIER T_ASSIGN T_INTEGER_LITERAL T_SEMICOLON T_RIGHT_BRACE T_WHILE T_LEFT_PAREN T_IDENTIFIER T_GREATER T_INTEGER_LITERAL T_RIGHT_PAREN T_LEFT_BRACE T_IDENTIFIER T_DECREMENT T_SEMICOLON T_RIGHT_BRACE T_FOR T_LEFT_PAREN T_IDENTIFIER T_ASSIGN T_INTEGER_LITERAL T_SEMICOLON T_IDENTIFIER T_LESS T_INTEGER_LITERAL T_SEMICOLON T_IDENTIFIER T_INCREMENT T_RIGHT_PAREN T_LEFT_BRACE T_IDENTIFIER T_ASSIGN T_IDENTIFIER T_PLUS T_IDENTIFIER T_SEMICOLON T_RIGHT_BRACE T_FOR T_LEFT_PAREN T_IDENTIFIER T_ASSIGN T_INTEGER_LITERAL T_SEMICOLON T_IDENTIFIER T_LESS T_INTEGER_LITERAL T_SEMICOLON T_IDENTIFIER T_INCREMENT T_RIGHT_PAREN T_LEFT_BRACE T_IDENTIFIER T_LEFT_SQUARE T_IDENTIFIER T_RIGHT_SQUARE T_ASSIGN T_IDENTIFIER T_SEMICOLON T_RIGHT_BRACE T_IDENTIFIER T_ASSIGN T_NOT T_IDENTIFIER T_SEMICOLON T_IDENTIFIER T_ASSIGN T_IDENTIFIER T_MOD T_INTEGER_LITERAL T_SEMICOLON T_IDENTIFIER T_ASSIGN T_IDENTIFIER T_BITAND T_INTEGER_LITERAL T_SEMICOLON T_IDENTIFIER T_ASSIGN T_IDENTIFIER T_BITOR T_INTEGER_LITERAL T_SEMICOLON T_IDENTIFIER T_ASSIGN T_IDENTIFIER T_BITXOR T_INTEGER_LITERAL T_SEMICOLON T_IDENTIFIER T_ASSIGN T_BITNOT T_IDENTIFIER T_SEMICOLON T_INT T_IDENTIFIER T_ASSIGN T_IDENTIFIER T_LEFT_PAREN T_IDENTIFIER T_COMMA T_IDENTIFIER T_RIGHT_PAREN T_SEMICOLON T_LEFT_BRACE T_INT T_IDENTIFIER T_ASSIGN T_INTEGER_LITERAL T_SEMICOLON T_IDENTIFIER T_ASSIGN T_IDENTIFIER T_PLUS T_INTEGER_LITERAL T_SEMICOLON T_RIGHT_BRACE T_RETURN T_INTEGER_LITERAL T_SEMICOLON T_RIGHT_BRACE T_EOF 

State Stack: 0 8 8 9 16 18 23 50 119 210 299 
Symbol Stack: declaration declaration type_specifier T_IDENTIFIER T_LEFT_PAREN T_RIGHT_PAREN T_LEFT_BRACE type_specifier T_IDENTIFIER opt_init 
Input Stack: T_SEMICOLON T_FLOAT T_IDENTIFIER T_ASSIGN T_FLOAT_LITERAL T_SEMICOLON T_CHAR T_IDENTIFIER T_LEFT_SQUARE T_INTEGER_LITERAL T_RIGHT_SQUARE T_SEMICOLON T_CHAR T_IDENTIFIER T_ASSIGN T_CHAR_LITERAL T_SEMICOLON T_INT T_IDENTIFIER T_ASSIGN T_INTEGER_LITERAL T_SEMICOLON T_CHAR T_IDENTIFIER T_LEFT_SQUARE T_INTEGER_LITERAL T_RIGHT_SQUARE T_SEMICOLON T_IDENTIFIER T_ASSIGN T_STRING_LITERAL T_SEMICOLON T_IDENTIFIER T_INCREMENT T_SEMICOLON T_INCREMENT T_IDENTIFIER T_SEMICOLON T_IF T_LEFT_PAREN T_IDENTIFIER T_GREATER T_IDENTIFIER T_RIGHT_PAREN T_LEFT_BRACE T_IDENTIFIER T_ASSIGN T_IDENTIFIER T_SEMICOLON T_RIGHT_BRACE T_ELSE T_IF T_LEFT_PAREN T_IDENTIFIER T_LESS T_IDENTIFIER T_RIGHT_PAREN T_LEFT_BRACE T_IDENTIFIER T_ASSIGN T_IDENTIFIER T_PLUS T_INTEGER_LITERAL T_SEMICOLON T_RIGHT_BRACE T_ELSE T_LEFT_BRACE T_IDENTIFIER T_ASSIGN T_INTEGER_LITERAL T_SEMICOLON T_RIGHT_BRACE T_WHILE T_LEFT_PAREN T_IDENTIFIER T_GREATER T_INTEGER_LITERAL T_RIGHT_PAREN T_LEFT_BRACE T_IDENTIFIER T_DECREMENT T_SEMICOLON T_RIGHT_BRACE T_FOR T_LEFT_PAREN T_IDENTIFIER T_ASSIGN T_INTEGER_LITERAL T_SEMICOLON T_IDENTIFIER T_LESS T_INTEGER_LITERAL T_SEMICOLON T_IDENTIFIER T_INCREMENT T_RIGHT_PAREN T_LEFT_BRACE T_IDENTIFIER T_ASSIGN T_IDENTIFIER T_PLUS T_IDENTIFIER T_SEMICOLON T_RIGHT_BRACE T_FOR T_LEFT_PAREN T_IDENTIFIER T_ASSIGN T_INTEGER_LITERAL T_SEMICOLON T_IDENTIFIER T_LESS T_INTEGER_LITERAL T_SEMICOLON T_IDENTIFIER T_INCREMENT T_RIGHT_PAREN T_LEFT_BRACE T_IDENTIFIER T_LEFT_SQUARE T_IDENTIFIER T_RIGHT_SQUARE T_ASSIGN T_IDENTIFIER T_SEMICOLON T_RIGHT_BRACE T_IDENTIFIER T_ASSIGN T_NOT T_IDENTIFIER T_SEMICOLON T_IDENTIFIER T_ASSIGN T_IDENTIFIER T_MOD T_INTEGER_LITERAL T_SEMICOLON T_IDENTIFIER T_ASSIGN T_IDENTIFIER T_BITAND T_INTEGER_LITERAL T_SEMICOLON T_IDENTIFIER T_ASSIGN T_IDENTIFIER T_BITOR T_INTEGER_LITERAL T_SEMICOLON T_IDENTIFIER T_ASSIGN T_IDENTIFIER T_BITXOR T_INTEGER_LITERAL T_SEMICOLON T_IDENTIFIER T_ASSIGN T_BITNOT T_IDENTIFIER T_SEMICOLON T_INT T_IDENTIFIER T_ASSIGN T_IDENTIFIER T_LEFT_PAREN T_IDENTIFIER T_COMMA T_IDENTIFIER T_RIGHT_PAREN T_SEMICOLON T_LEFT_BRACE T_INT T_IDENTIFIER T_ASSIGN T_INTEGER_LITERAL T_SEMICOLON T_IDENTIFIER T_ASSIGN T_IDENTIFIER T_PLUS T_INTEGER_LITERAL T_SEMICOLON T_RIGHT_BRACE T_RETURN T_INTEGER_LITERAL T_SEMICOLON T_RIGHT_BRACE T_EOF 

State Stack: 0 8 8 9 16 18 23 50 119 210 299 388 
Symbol Stack: declaration declaration type_specifier T_IDENTIFIER T_LEFT_PAREN T_RIGHT_PAREN T_LEFT_BRACE type_specifier T_IDENTIFIER opt_init T_SEMICOLON 
Input Stack: T_FLOAT T_IDENTIFIER T_ASSIGN T_FLOAT_LITERAL T_SEMICOLON T_CHAR T_IDENTIFIER T_LEFT_SQUARE T_INTEGER_LITERAL T_RIGHT_SQUARE T_SEMICOLON T_CHAR T_IDENTIFIER T_ASSIGN T_CHAR_LITERAL T_SEMICOLON T_INT T_IDENTIFIER T_ASSIGN T_INTEGER_LITERAL T_SEMICOLON T_CHAR T_IDENTIFIER T_LEFT_SQUARE T_INTEGER_LITERAL T_RIGHT_SQUARE T_SEMICOLON T_IDENTIFIER T_ASSIGN T_STRING_LITERAL T_SEMICOLON T_IDENTIFIER T_INCREMENT T_SEMICOLON T_INCREMENT T_IDENTIFIER T_SEMICOLON T_IF T_LEFT_PAREN T_IDENTIFIER T_GREATER T_IDENTIFIER T_RIGHT_PAREN T_LEFT_BRACE T_IDENTIFIER T_ASSIGN T_IDENTIFIER T_SEMICOLON T_RIGHT_BRACE T_ELSE T_IF T_LEFT_PAREN T_IDENTIFIER T_LESS T_IDENTIFIER T_RIGHT_PAREN T_LEFT_BRACE T_IDENTIFIER T_ASSIGN T_IDENTIFIER T_PLUS T_INTEGER_LITERAL T_SEMICOLON T_RIGHT_BRACE T_ELSE T_LEFT_BRACE T_IDENTIFIER T_ASSIGN T_INTEGER_LITERAL T_SEMICOLON T_RIGHT_BRACE T_WHILE T_LEFT_PAREN T_IDENTIFIER T_GREATER T_INTEGER_LITERAL T_RIGHT_PAREN T_LEFT_BRACE T_IDENTIFIER T_DECREMENT T_SEMICOLON T_RIGHT_BRACE T_FOR T_LEFT_PAREN T_IDENTIFIER T_ASSIGN T_INTEGER_LITERAL T_SEMICOLON T_IDENTIFIER T_LESS T_INTEGER_LITERAL T_SEMICOLON T_IDENTIFIER T_INCREMENT T_RIGHT_PAREN T_LEFT_BRACE T_IDENTIFIER T_ASSIGN T_IDENTIFIER T_PLUS T_IDENTIFIER T_SEMICOLON T_RIGHT_BRACE T_FOR T_LEFT_PAREN T_IDENTIFIER T_ASSIGN T_INTEGER_LITERAL T_SEMICOLON T_IDENTIFIER T_LESS T_INTEGER_LITERAL T_SEMICOLON T_IDENTIFIER T_INCREMENT T_RIGHT_PAREN T_LEFT_BRACE T_IDENTIFIER T_LEFT_SQUARE T_IDENTIFIER T_RIGHT_SQUARE T_ASSIGN T_IDENTIFIER T_SEMICOLON T_RIGHT_BRACE T_IDENTIFIER T_ASSIGN T_NOT T_IDENTIFIER T_SEMICOLON T_IDENTIFIER T_ASSIGN T_IDENTIFIER T_MOD T_INTEGER_LITERAL T_SEMICOLON T_IDENTIFIER T_ASSIGN T_IDENTIFIER T_BITAND T_INTEGER_LITERAL T_SEMICOLON T_IDENTIFIER T_ASSIGN T_IDENTIFIER T_BITOR T_INTEGER_LITERAL T_SEMICOLON T_IDENTIFIER T_ASSIGN T_IDENTIFIER T_BITXOR T_INTEGER_LITERAL T_SEMICOLON T_IDENTIFIER T_ASSIGN T_BITNOT T_IDENTIFIER T_SEMICOLON T_INT T_IDENTIFIER T_ASSIGN T_IDENTIFIER T_LEFT_PAREN T_IDENTIFIER T_COMMA T_IDENTIFIER T_RIGHT_PAREN T_SEMICOLON T_LEFT_BRACE T_INT T_IDENTIFIER T_ASSIGN T_INTEGER_LITERAL T_SEMICOLON T_IDENTIFIER T_ASSIGN T_IDENTIFIER T_PLUS T_INTEGER_LITERAL T_SEMICOLON T_RIGHT_BRACE T_RETURN T_INTEGER_LITERAL T_SEMICOLON T_RIGHT_BRACE T_EOF 

State Stack: 0 8 8 9 16 18 23 50 117 
Symbol Stack: declaration declaration type_specifier T_IDENTIFIER T_LEFT_PAREN T_RIGHT_PAREN T_LEFT_BRACE var_declaration 
Input Stack: T_FLOAT T_IDENTIFIER T_ASSIGN T_FLOAT_LITERAL T_SEMICOLON T_CHAR T_IDENTIFIER T_LEFT_SQUARE T_INTEGER_LITERAL T_RIGHT_SQUARE T_SEMICOLON T_CHAR T_IDENTIFIER T_ASSIGN T_CHAR_LITERAL T_SEMICOLON T_INT T_IDENTIFIER T_ASSIGN T_INTEGER_LITERAL T_SEMICOLON T_CHAR T_IDENTIFIER T_LEFT_SQUARE T_INTEGER_LITERAL T_RIGHT_SQUARE T_SEMICOLON T_IDENTIFIER T_ASSIGN T_STRING_LITERAL T_SEMICOLON T_IDENTIFIER T_INCREMENT T_SEMICOLON T_INCREMENT T_IDENTIFIER T_SEMICOLON T_IF T_LEFT_PAREN T_IDENTIFIER T_GREATER T_IDENTIFIER T_RIGHT_PAREN T_LEFT_BRACE T_IDENTIFIER T_ASSIGN T_IDENTIFIER T_SEMICOLON T_RIGHT_BRACE T_ELSE T_IF T_LEFT_PAREN T_IDENTIFIER T_LESS T_IDENTIFIER T_RIGHT_PAREN T_LEFT_BRACE T_IDENTIFIER T_ASSIGN T_IDENTIFIER T_PLUS T_INTEGER_LITERAL T_SEMICOLON T_RIGHT_BRACE T_ELSE T_LEFT_BRACE T_IDENTIFIER T_ASSIGN T_INTEGER_LITERAL T_SEMICOLON T_RIGHT_BRACE T_WHILE T_LEFT_PAREN T_IDENTIFIER T_GREATER T_INTEGER_LITERAL T_RIGHT_PAREN T_LEFT_BRACE T_IDENTIFIER T_DECREMENT T_SEMICOLON T_RIGHT_BRACE T_FOR T_LEFT_PAREN T_IDENTIFIER T_ASSIGN T_INTEGER_LITERAL T_SEMICOLON T_IDENTIFIER T_LESS T_INTEGER_LITERAL T_SEMICOLON T_IDENTIFIER T_INCREMENT T_RIGHT_PAREN T_LEFT_BRACE T_IDENTIFIER T_ASSIGN T_IDENTIFIER T_PLUS T_IDENTIFIER T_SEMICOLON T_RIGHT_BRACE T_FOR T_LEFT_PAREN T_IDENTIFIER T_ASSIGN T_INTEGER_LITERAL T_SEMICOLON T_IDENTIFIER T_LESS T_INTEGER_LITERAL T_SEMICOLON T_IDENTIFIER T_INCREMENT T_RIGHT_PAREN T_LEFT_BRACE T_IDENTIFIER T_LEFT_SQUARE T_IDENTIFIER T_RIGHT_SQUARE T_ASSIGN T_IDENTIFIER T_SEMICOLON T_RIGHT_BRACE T_IDENTIFIER T_ASSIGN T_NOT T_IDENTIFIER T_SEMICOLON T_IDENTIFIER T_ASSIGN T_IDENTIFIER T_MOD T_INTEGER_LITERAL T_SEMICOLON T_IDENTIFIER T_ASSIGN T_IDENTIFIER T_BITAND T_INTEGER_LITERAL T_SEMICOLON T_IDENTIFIER T_ASSIGN T_IDENTIFIER T_BITOR T_INTEGER_LITERAL T_SEMICOLON T_IDENTIFIER T_ASSIGN T_IDENTIFIER T_BITXOR T_INTEGER_LITERAL T_SEMICOLON T_IDENTIFIER T_ASSIGN T_BITNOT T_IDENTIFIER T_SEMICOLON T_INT T_IDENTIFIER T_ASSIGN T_IDENTIFIER T_LEFT_PAREN T_IDENTIFIER T_COMMA T_IDENTIFIER T_RIGHT_PAREN T_SEMICOLON T_LEFT_BRACE T_INT T_IDENTIFIER T_ASSIGN T_INTEGER_LITERAL T_SEMICOLON T_IDENTIFIER T_ASSIGN T_IDENTIFIER T_PLUS T_INTEGER_LITERAL T_SEMICOLON T_RIGHT_BRACE T_RETURN T_INTEGER_LITERAL T_SEMICOLON T_RIGHT_BRACE T_EOF 

State Stack: 0 8 8 9 16 18 23 50 118 
Symbol Stack: declaration declaration type_specifier T_IDENTIFIER T_LEFT_PAREN T_RIGHT_PAREN T_LEFT_BRACE statement 
Input Stack: T_FLOAT T_IDENTIFIER T_ASSIGN T_FLOAT_LITERAL T_SEMICOLON T_CHAR T_IDENTIFIER T_LEFT_SQUARE T_INTEGER_LITERAL T_RIGHT_SQUARE T_SEMICOLON T_CHAR T_IDENTIFIER T_ASSIGN T_CHAR_LITERAL T_SEMICOLON T_INT T_IDENTIFIER T_ASSIGN T_INTEGER_LITERAL T_SEMICOLON T_CHAR T_IDENTIFIER T_LEFT_SQUARE T_INTEGER_LITERAL T_RIGHT_SQUARE T_SEMICOLON T_IDENTIFIER T_ASSIGN T_STRING_LITERAL T_SEMICOLON T_IDENTIFIER T_INCREMENT T_SEMICOLON T_INCREMENT T_IDENTIFIER T_SEMICOLON T_IF T_LEFT_PAREN T_IDENTIFIER T_GREATER T_IDENTIFIER T_RIGHT_PAREN T_LEFT_BRACE T_IDENTIFIER T_ASSIGN T_IDENTIFIER T_SEMICOLON T_RIGHT_BRACE T_ELSE T_IF T_LEFT_PAREN T_IDENTIFIER T_LESS T_IDENTIFIER T_RIGHT_PAREN T_LEFT_BRACE T_IDENTIFIER T_ASSIGN T_IDENTIFIER T_PLUS T_INTEGER_LITERAL T_SEMICOLON T_RIGHT_BRACE T_ELSE T_LEFT_BRACE T_IDENTIFIER T_ASSIGN T_INTEGER_LITERAL T_SEMICOLON T_RIGHT_BRACE T_WHILE T_LEFT_PAREN T_IDENTIFIER T_GREATER T_INTEGER_LITERAL T_RIGHT_PAREN T_LEFT_BRACE T_IDENTIFIER T_DECREMENT T_SEMICOLON T_RIGHT_BRACE T_FOR T_LEFT_PAREN T_IDENTIFIER T_ASSIGN T_INTEGER_LITERAL T_SEMICOLON T_IDENTIFIER T_LESS T_INTEGER_LITERAL T_SEMICOLON T_IDENTIFIER T_INCREMENT T_RIGHT_PAREN T_LEFT_BRACE T_IDENTIFIER T_ASSIGN T_IDENTIFIER T_PLUS T_IDENTIFIER T_SEMICOLON T_RIGHT_BRACE T_FOR T_LEFT_PAREN T_IDENTIFIER T_ASSIGN T_INTEGER_LITERAL T_SEMICOLON T_IDENTIFIER T_LESS T_INTEGER_LITERAL T_SEMICOLON T_IDENTIFIER T_INCREMENT T_RIGHT_PAREN T_LEFT_BRACE T_IDENTIFIER T_LEFT_SQUARE T_IDENTIFIER T_RIGHT_SQUARE T_ASSIGN T_IDENTIFIER T_SEMICOLON T_RIGHT_BRACE T_IDENTIFIER T_ASSIGN T_NOT T_IDENTIFIER T_SEMICOLON T_IDENTIFIER T_ASSIGN T_IDENTIFIER T_MOD T_INTEGER_LITERAL T_SEMICOLON T_IDENTIFIER T_ASSIGN T_IDENTIFIER T_BITAND T_INTEGER_LITERAL T_SEMICOLON T_IDENTIFIER T_ASSIGN T_IDENTIFIER T_BITOR T_INTEGER_LITERAL T_SEMICOLON T_IDENTIFIER T_ASSIGN T_IDENTIFIER T_BITXOR T_INTEGER_LITERAL T_SEMICOLON T_IDENTIFIER T_ASSIGN T_BITNOT T_IDENTIFIER T_SEMICOLON T_INT T_IDENTIFIER T_ASSIGN T_IDENTIFIER T_LEFT_PAREN T_IDENTIFIER T_COMMA T_IDENTIFIER T_RIGHT_PAREN T_SEMICOLON T_LEFT_BRACE T_INT T_IDENTIFIER T_ASSIGN T_INTEGER_LITERAL T_SEMICOLON T_IDENTIFIER T_ASSIGN T_IDENTIFIER T_PLUS T_INTEGER_LITERAL T_SEMICOLON T_RIGHT_BRACE T_RETURN T_INTEGER_LITERAL T_SEMICOLON T_RIGHT_BRACE T_EOF 

State Stack: 0 8 8 9 16 18 23 50 118 2 
Symbol Stack: declaration declaration type_specifier T_IDENTIFIER T_LEFT_PAREN T_RIGHT_PAREN T_LEFT_BRACE statement T_FLOAT 
Input Stack: T_IDENTIFIER T_ASSIGN T_FLOAT_LITERAL T_SEMICOLON T_CHAR T_IDENTIFIER T_LEFT_SQUARE T_INTEGER_LITERAL T_RIGHT_SQUARE T_SEMICOLON T_CHAR T_IDENTIFIER T_ASSIGN T_CHAR_LITERAL T_SEMICOLON T_INT T_IDENTIFIER T_ASSIGN T_INTEGER_LITERAL T_SEMICOLON T_CHAR T_IDENTIFIER T_LEFT_SQUARE T_INTEGER_LITERAL T_RIGHT_SQUARE T_SEMICOLON T_IDENTIFIER T_ASSIGN T_STRING_LITERAL T_SEMICOLON T_IDENTIFIER T_INCREMENT T_SEMICOLON T_INCREMENT T_IDENTIFIER T_SEMICOLON T_IF T_LEFT_PAREN T_IDENTIFIER T_GREATER T_IDENTIFIER T_RIGHT_PAREN T_LEFT_BRACE T_IDENTIFIER T_ASSIGN T_IDENTIFIER T_SEMICOLON T_RIGHT_BRACE T_ELSE T_IF T_LEFT_PAREN T_IDENTIFIER T_LESS T_IDENTIFIER T_RIGHT_PAREN T_LEFT_BRACE T_IDENTIFIER T_ASSIGN T_IDENTIFIER T_PLUS T_INTEGER_LITERAL T_SEMICOLON T_RIGHT_BRACE T_ELSE T_LEFT_BRACE T_IDENTIFIER T_ASSIGN T_INTEGER_LITERAL T_SEMICOLON T_RIGHT_BRACE T_WHILE T_LEFT_PAREN T_IDENTIFIER T_GREATER T_INTEGER_LITERAL T_RIGHT_PAREN T_LEFT_BRACE T_IDENTIFIER T_DECREMENT T_SEMICOLON T_RIGHT_BRACE T_FOR T_LEFT_PAREN T_IDENTIFIER T_ASSIGN T_INTEGER_LITERAL T_SEMICOLON T_IDENTIFIER T_LESS T_INTEGER_LITERAL T_SEMICOLON T_IDENTIFIER T_INCREMENT T_RIGHT_PAREN T_LEFT_BRACE T_IDENTIFIER T_ASSIGN T_IDENTIFIER T_PLUS T_IDENTIFIER T_SEMICOLON T_RIGHT_BRACE T_FOR T_LEFT_PAREN T_IDENTIFIER T_ASSIGN T_INTEGER_LITERAL T_SEMICOLON T_IDENTIFIER T_LESS T_INTEGER_LITERAL T_SEMICOLON T_IDENTIFIER T_INCREMENT T_RIGHT_PAREN T_LEFT_BRACE T_IDENTIFIER T_LEFT_SQUARE T_IDENTIFIER T_RIGHT_SQUARE T_ASSIGN T_IDENTIFIER T_SEMICOLON T_RIGHT_BRACE T_IDENTIFIER T_ASSIGN T_NOT T_IDENTIFIER T_SEMICOLON T_IDENTIFIER T_ASSIGN T_IDENTIFIER T_MOD T_INTEGER_LITERAL T_SEMICOLON T_IDENTIFIER T_ASSIGN T_IDENTIFIER T_BITAND T_INTEGER_LITERAL T_SEMICOLON T_IDENTIFIER T_ASSIGN T_IDENTIFIER T_BITOR T_INTEGER_LITERAL T_SEMICOLON T_IDENTIFIER T_ASSIGN T_IDENTIFIER T_BITXOR T_INTEGER_LITERAL T_SEMICOLON T_IDENTIFIER T_ASSIGN T_BITNOT T_IDENTIFIER T_SEMICOLON T_INT T_IDENTIFIER T_ASSIGN T_IDENTIFIER T_LEFT_PAREN T_IDENTIFIER T_COMMA T_IDENTIFIER T_RIGHT_PAREN T_SEMICOLON T_LEFT_BRACE T_INT T_IDENTIFIER T_ASSIGN T_INTEGER_LITERAL T_SEMICOLON T_IDENTIFIER T_ASSIGN T_IDENTIFIER T_PLUS T_INTEGER_LITERAL T_SEMICOLON T_RIGHT_BRACE T_RETURN T_INTEGER_LITERAL T_SEMICOLON T_RIGHT_BRACE T_EOF 

State Stack: 0 8 8 9 16 18 23 50 118 14 
Symbol Stack: declaration declaration type_specifier T_IDENTIFIER T_LEFT_PAREN T_RIGHT_PAREN T_LEFT_BRACE statement simple_type 
Input Stack: T_IDENTIFIER T_ASSIGN T_FLOAT_LITERAL T_SEMICOLON T_CHAR T_IDENTIFIER T_LEFT_SQUARE T_INTEGER_LITERAL T_RIGHT_SQUARE T_SEMICOLON T_CHAR T_IDENTIFIER T_ASSIGN T_CHAR_LITERAL T_SEMICOLON T_INT T_IDENTIFIER T_ASSIGN T_INTEGER_LITERAL T_SEMICOLON T_CHAR T_IDENTIFIER T_LEFT_SQUARE T_INTEGER_LITERAL T_RIGHT_SQUARE T_SEMICOLON T_IDENTIFIER T_ASSIGN T_STRING_LITERAL T_SEMICOLON T_IDENTIFIER T_INCREMENT T_SEMICOLON T_INCREMENT T_IDENTIFIER T_SEMICOLON T_IF T_LEFT_PAREN T_IDENTIFIER T_GREATER T_IDENTIFIER T_RIGHT_PAREN T_LEFT_BRACE T_IDENTIFIER T_ASSIGN T_IDENTIFIER T_SEMICOLON T_RIGHT_BRACE T_ELSE T_IF T_LEFT_PAREN T_IDENTIFIER T_LESS T_IDENTIFIER T_RIGHT_PAREN T_LEFT_BRACE T_IDENTIFIER T_ASSIGN T_IDENTIFIER T_PLUS T_INTEGER_LITERAL T_SEMICOLON T_RIGHT_BRACE T_ELSE T_LEFT_BRACE T_IDENTIFIER T_ASSIGN T_INTEGER_LITERAL T_SEMICOLON T_RIGHT_BRACE T_WHILE T_LEFT_PAREN T_IDENTIFIER T_GREATER T_INTEGER_LITERAL T_RIGHT_PAREN T_LEFT_BRACE T_IDENTIFIER T_DECREMENT T_SEMICOLON T_RIGHT_BRACE T_FOR T_LEFT_PAREN T_IDENTIFIER T_ASSIGN T_INTEGER_LITERAL T_SEMICOLON T_IDENTIFIER T_LESS T_INTEGER_LITERAL T_SEMICOLON T_IDENTIFIER T_INCREMENT T_RIGHT_PAREN T_LEFT_BRACE T_IDENTIFIER T_ASSIGN T_IDENTIFIER T_PLUS T_IDENTIFIER T_SEMICOLON T_RIGHT_BRACE T_FOR T_LEFT_PAREN T_IDENTIFIER T_ASSIGN T_INTEGER_LITERAL T_SEMICOLON T_IDENTIFIER T_LESS T_INTEGER_LITERAL T_SEMICOLON T_IDENTIFIER T_INCREMENT T_RIGHT_PAREN T_LEFT_BRACE T_IDENTIFIER T_LEFT_SQUARE T_IDENTIFIER T_RIGHT_SQUARE T_ASSIGN T_IDENTIFIER T_SEMICOLON T_RIGHT_BRACE T_IDENTIFIER T_ASSIGN T_NOT T_IDENTIFIER T_SEMICOLON T_IDENTIFIER T_ASSIGN T_IDENTIFIER T_MOD T_INTEGER_LITERAL T_SEMICOLON T_IDENTIFIER T_ASSIGN T_IDENTIFIER T_BITAND T_INTEGER_LITERAL T_SEMICOLON T_IDENTIFIER T_ASSIGN T_IDENTIFIER T_BITOR T_INTEGER_LITERAL T_SEMICOLON T_IDENTIFIER T_ASSIGN T_IDENTIFIER T_BITXOR T_INTEGER_LITERAL T_SEMICOLON T_IDENTIFIER T_ASSIGN T_BITNOT T_IDENTIFIER T_SEMICOLON T_INT T_IDENTIFIER T_ASSIGN T_IDENTIFIER T_LEFT_PAREN T_IDENTIFIER T_COMMA T_IDENTIFIER T_RIGHT_PAREN T_SEMICOLON T_LEFT_BRACE T_INT T_IDENTIFIER T_ASSIGN T_INTEGER_LITERAL T_SEMICOLON T_IDENTIFIER T_ASSIGN T_IDENTIFIER T_PLUS T_INTEGER_LITERAL T_SEMICOLON T_RIGHT_BRACE T_RETURN T_INTEGER_LITERAL T_SEMICOLON T_RIGHT_BRACE T_EOF 

State Stack: 0 8 8 9 16 18 23 50 118 119 
Symbol Stack: declaration declaration type_specifier T_IDENTIFIER T_LEFT_PAREN T_RIGHT_PAREN T_LEFT_BRACE statement type_specifier 
Input Stack: T_IDENTIFIER T_ASSIGN T_FLOAT_LITERAL T_SEMICOLON T_CHAR T_IDENTIFIER T_LEFT_SQUARE T_INTEGER_LITERAL T_RIGHT_SQUARE T_SEMICOLON T_CHAR T_IDENTIFIER T_ASSIGN T_CHAR_LITERAL T_SEMICOLON T_INT T_IDENTIFIER T_ASSIGN T_INTEGER_LITERAL T_SEMICOLON T_CHAR T_IDENTIFIER T_LEFT_SQUARE T_INTEGER_LITERAL T_RIGHT_SQUARE T_SEMICOLON T_IDENTIFIER T_ASSIGN T_STRING_LITERAL T_SEMICOLON T_IDENTIFIER T_INCREMENT T_SEMICOLON T_INCREMENT T_IDENTIFIER T_SEMICOLON T_IF T_LEFT_PAREN T_IDENTIFIER T_GREATER T_IDENTIFIER T_RIGHT_PAREN T_LEFT_BRACE T_IDENTIFIER T_ASSIGN T_IDENTIFIER T_SEMICOLON T_RIGHT_BRACE T_ELSE T_IF T_LEFT_PAREN T_IDENTIFIER T_LESS T_IDENTIFIER T_RIGHT_PAREN T_LEFT_BRACE T_IDENTIFIER T_ASSIGN T_IDENTIFIER T_PLUS T_INTEGER_LITERAL T_SEMICOLON T_RIGHT_BRACE T_ELSE T_LEFT_BRACE T_IDENTIFIER T_ASSIGN T_INTEGER_LITERAL T_SEMICOLON T_RIGHT_BRACE T_WHILE T_LEFT_PAREN T_IDENTIFIER T_GREATER T_INTEGER_LITERAL T_RIGHT_PAREN T_LEFT_BRACE T_IDENTIFIER T_DECREMENT T_SEMICOLON T_RIGHT_BRACE T_FOR T_LEFT_PAREN T_IDENTIFIER T_ASSIGN T_INTEGER_LITERAL T_SEMICOLON T_IDENTIFIER T_LESS T_INTEGER_LITERAL T_SEMICOLON T_IDENTIFIER T_INCREMENT T_RIGHT_PAREN T_LEFT_BRACE T_IDENTIFIER T_ASSIGN T_IDENTIFIER T_PLUS T_IDENTIFIER T_SEMICOLON T_RIGHT_BRACE T_FOR T_LEFT_PAREN T_IDENTIFIER T_ASSIGN T_INTEGER_LITERAL T_SEMICOLON T_IDENTIFIER T_LESS T_INTEGER_LITERAL T_SEMICOLON T_IDENTIFIER T_INCREMENT T_RIGHT_PAREN T_LEFT_BRACE T_IDENTIFIER T_LEFT_SQUARE T_IDENTIFIER T_RIGHT_SQUARE T_ASSIGN T_IDENTIFIER T_SEMICOLON T_RIGHT_BRACE T_IDENTIFIER T_ASSIGN T_NOT T_IDENTIFIER T_SEMICOLON T_IDENTIFIER T_ASSIGN T_IDENTIFIER T_MOD T_INTEGER_LITERAL T_SEMICOLON T_IDENTIFIER T_ASSIGN T_IDENTIFIER T_BITAND T_INTEGER_LITERAL T_SEMICOLON T_IDENTIFIER T_ASSIGN T_IDENTIFIER T_BITOR T_INTEGER_LITERAL T_SEMICOLON T_IDENTIFIER T_ASSIGN T_IDENTIFIER T_BITXOR T_INTEGER_LITERAL T_SEMICOLON T_IDENTIFIER T_ASSIGN T_BITNOT T_IDENTIFIER T_SEMICOLON T_INT T_IDENTIFIER T_ASSIGN T_IDENTIFIER T_LEFT_PAREN T_IDENTIFIER T_COMMA T_IDENTIFIER T_RIGHT_PAREN T_SEMICOLON T_LEFT_BRACE T_INT T_IDENTIFIER T_ASSIGN T_INTEGER_LITERAL T_SEMICOLON T_IDENTIFIER T_ASSIGN T_IDENTIFIER T_PLUS T_INTEGER_LITERAL T_SEMICOLON T_RIGHT_BRACE T_RETURN T_INTEGER_LITERAL T_SEMICOLON T_RIGHT_BRACE T_EOF 

State Stack: 0 8 8 9 16 18 23 50 118 119 210 
Symbol Stack: declaration declaration type_specifier T_IDENTIFIER T_LEFT_PAREN T_RIGHT_PAREN T_LEFT_BRACE statement type_specifier T_IDENTIFIER 
Input Stack: T_ASSIGN T_FLOAT_LITERAL T_SEMICOLON T_CHAR T_IDENTIFIER T_LEFT_SQUARE T_INTEGER_LITERAL T_RIGHT_SQUARE T_SEMICOLON T_CHAR T_IDENTIFIER T_ASSIGN T_CHAR_LITERAL T_SEMICOLON T_INT T_IDENTIFIER T_ASSIGN T_INTEGER_LITERAL T_SEMICOLON T_CHAR T_IDENTIFIER T_LEFT_SQUARE T_INTEGER_LITERAL T_RIGHT_SQUARE T_SEMICOLON T_IDENTIFIER T_ASSIGN T_STRING_LITERAL T_SEMICOLON T_IDENTIFIER T_INCREMENT T_SEMICOLON T_INCREMENT T_IDENTIFIER T_SEMICOLON T_IF T_LEFT_PAREN T_IDENTIFIER T_GREATER T_IDENTIFIER T_RIGHT_PAREN T_LEFT_BRACE T_IDENTIFIER T_ASSIGN T_IDENTIFIER T_SEMICOLON T_RIGHT_BRACE T_ELSE T_IF T_LEFT_PAREN T_IDENTIFIER T_LESS T_IDENTIFIER T_RIGHT_PAREN T_LEFT_BRACE T_IDENTIFIER T_ASSIGN T_IDENTIFIER T_PLUS T_INTEGER_LITERAL T_SEMICOLON T_RIGHT_BRACE T_ELSE T_LEFT_BRACE T_IDENTIFIER T_ASSIGN T_INTEGER_LITERAL T_SEMICOLON T_RIGHT_BRACE T_WHILE T_LEFT_PAREN T_IDENTIFIER T_GREATER T_INTEGER_LITERAL T_RIGHT_PAREN T_LEFT_BRACE T_IDENTIFIER T_DECREMENT T_SEMICOLON T_RIGHT_BRACE T_FOR T_LEFT_PAREN T_IDENTIFIER T_ASSIGN T_INTEGER_LITERAL T_SEMICOLON T_IDENTIFIER T_LESS T_INTEGER_LITERAL T_SEMICOLON T_IDENTIFIER T_INCREMENT T_RIGHT_PAREN T_LEFT_BRACE T_IDENTIFIER T_ASSIGN T_IDENTIFIER T_PLUS T_IDENTIFIER T_SEMICOLON T_RIGHT_BRACE T_FOR T_LEFT_PAREN T_IDENTIFIER T_ASSIGN T_INTEGER_LITERAL T_SEMICOLON T_IDENTIFIER T_LESS T_INTEGER_LITERAL T_SEMICOLON T_IDENTIFIER T_INCREMENT T_RIGHT_PAREN T_LEFT_BRACE T_IDENTIFIER T_LEFT_SQUARE T_IDENTIFIER T_RIGHT_SQUARE T_ASSIGN T_IDENTIFIER T_SEMICOLON T_RIGHT_BRACE T_IDENTIFIER T_ASSIGN T_NOT T_IDENTIFIER T_SEMICOLON T_IDENTIFIER T_ASSIGN T_IDENTIFIER T_MOD T_INTEGER_LITERAL T_SEMICOLON T_IDENTIFIER T_ASSIGN T_IDENTIFIER T_BITAND T_INTEGER_LITERAL T_SEMICOLON T_IDENTIFIER T_ASSIGN T_IDENTIFIER T_BITOR T_INTEGER_LITERAL T_SEMICOLON T_IDENTIFIER T_ASSIGN T_IDENTIFIER T_BITXOR T_INTEGER_LITERAL T_SEMICOLON T_IDENTIFIER T_ASSIGN T_BITNOT T_IDENTIFIER T_SEMICOLON T_INT T_IDENTIFIER T_ASSIGN T_IDENTIFIER T_LEFT_PAREN T_IDENTIFIER T_COMMA T_IDENTIFIER T_RIGHT_PAREN T_SEMICOLON T_LEFT_BRACE T_INT T_IDENTIFIER T_ASSIGN T_INTEGER_LITERAL T_SEMICOLON T_IDENTIFIER T_ASSIGN T_IDENTIFIER T_PLUS T_INTEGER_LITERAL T_SEMICOLON T_RIGHT_BRACE T_RETURN T_INTEGER_LITERAL T_SEMICOLON T_RIGHT_BRACE T_EOF 

State Stack: 0 8 8 9 16 18 23 50 118 119 210 19 
Symbol Stack: declaration declaration type_specifier T_IDENTIFIER T_LEFT_PAREN T_RIGHT_PAREN T_LEFT_BRACE statement type_specifier T_IDENTIFIER T_ASSIGN 
Input Stack: T_FLOAT_LITERAL T_SEMICOLON T_CHAR T_IDENTIFIER T_LEFT_SQUARE T_INTEGER_LITERAL T_RIGHT_SQUARE T_SEMICOLON T_CHAR T_IDENTIFIER T_ASSIGN T_CHAR_LITERAL T_SEMICOLON T_INT T_IDENTIFIER T_ASSIGN T_INTEGER_LITERAL T_SEMICOLON T_CHAR T_IDENTIFIER T_LEFT_SQUARE T_INTEGER_LITERAL T_RIGHT_SQUARE T_SEMICOLON T_IDENTIFIER T_ASSIGN T_STRING_LITERAL T_SEMICOLON T_IDENTIFIER T_INCREMENT T_SEMICOLON T_INCREMENT T_IDENTIFIER T_SEMICOLON T_IF T_LEFT_PAREN T_IDENTIFIER T_GREATER T_IDENTIFIER T_RIGHT_PAREN T_LEFT_BRACE T_IDENTIFIER T_ASSIGN T_IDENTIFIER T_SEMICOLON T_RIGHT_BRACE T_ELSE T_IF T_LEFT_PAREN T_IDENTIFIER T_LESS T_IDENTIFIER T_RIGHT_PAREN T_LEFT_BRACE T_IDENTIFIER T_ASSIGN T_IDENTIFIER T_PLUS T_INTEGER_LITERAL T_SEMICOLON T_RIGHT_BRACE T_ELSE T_LEFT_BRACE T_IDENTIFIER T_ASSIGN T_INTEGER_LITERAL T_SEMICOLON T_RIGHT_BRACE T_WHILE T_LEFT_PAREN T_IDENTIFIER T_GREATER T_INTEGER_LITERAL T_RIGHT_PAREN T_LEFT_BRACE T_IDENTIFIER T_DECREMENT T_SEMICOLON T_RIGHT_BRACE T_FOR T_LEFT_PAREN T_IDENTIFIER T_ASSIGN T_INTEGER_LITERAL T_SEMICOLON T_IDENTIFIER T_LESS T_INTEGER_LITERAL T_SEMICOLON T_IDENTIFIER T_INCREMENT T_RIGHT_PAREN T_LEFT_BRACE T_IDENTIFIER T_ASSIGN T_IDENTIFIER T_PLUS T_IDENTIFIER T_SEMICOLON T_RIGHT_BRACE T_FOR T_LEFT_PAREN T_IDENTIFIER T_ASSIGN T_INTEGER_LITERAL T_SEMICOLON T_IDENTIFIER T_LESS T_INTEGER_LITERAL T_SEMICOLON T_IDENTIFIER T_INCREMENT T_RIGHT_PAREN T_LEFT_BRACE T_IDENTIFIER T_LEFT_SQUARE T_IDENTIFIER T_RIGHT_SQUARE T_ASSIGN T_IDENTIFIER T_SEMICOLON T_RIGHT_BRACE T_IDENTIFIER T_ASSIGN T_NOT T_IDENTIFIER T_SEMICOLON T_IDENTIFIER T_ASSIGN T_IDENTIFIER T_MOD T_INTEGER_LITERAL T_SEMICOLON T_IDENTIFIER T_ASSIGN T_IDENTIFIER T_BITAND T_INTEGER_LITERAL T_SEMICOLON T_IDENTIFIER T_ASSIGN T_IDENTIFIER T_BITOR T_INTEGER_LITERAL T_SEMICOLON T_IDENTIFIER T_ASSIGN T_IDENTIFIER T_BITXOR T_INTEGER_LITERAL T_SEMICOLON T_IDENTIFIER T_ASSIGN T_BITNOT T_IDENTIFIER T_SEMICOLON T_INT T_IDENTIFIER T_ASSIGN T_IDENTIFIER T_LEFT_PAREN T_IDENTIFIER T_COMMA T_IDENTIFIER T_RIGHT_PAREN T_SEMICOLON T_LEFT_BRACE T_INT T_IDENTIFIER T_ASSIGN T_INTEGER_LITERAL T_SEMICOLON T_IDENTIFIER T_ASSIGN T_IDENTIFIER T_PLUS T_INTEGER_LITERAL T_SEMICOLON T_RIGHT_BRACE T_RETURN T_INTEGER_LITERAL T_SEMICOLON T_RIGHT_BRACE T_EOF 

State Stack: 0 8 8 9 16 18 23 50 118 119 210 19 32 
Symbol Stack: declaration declaration type_specifier T_IDENTIFIER T_LEFT_PAREN T_RIGHT_PAREN T_LEFT_BRACE statement type_specifier T_IDENTIFIER T_ASSIGN T_FLOAT_LITERAL 
Input Stack: T_SEMICOLON T_CHAR T_IDENTIFIER T_LEFT_SQUARE T_INTEGER_LITERAL T_RIGHT_SQUARE T_SEMICOLON T_CHAR T_IDENTIFIER T_ASSIGN T_CHAR_LITERAL T_SEMICOLON T_INT T_IDENTIFIER T_ASSIGN T_INTEGER_LITERAL T_SEMICOLON T_CHAR T_IDENTIFIER T_LEFT_SQUARE T_INTEGER_LITERAL T_RIGHT_SQUARE T_SEMICOLON T_IDENTIFIER T_ASSIGN T_STRING_LITERAL T_SEMICOLON T_IDENTIFIER T_INCREMENT T_SEMICOLON T_INCREMENT T_IDENTIFIER T_SEMICOLON T_IF T_LEFT_PAREN T_IDENTIFIER T_GREATER T_IDENTIFIER T_RIGHT_PAREN T_LEFT_BRACE T_IDENTIFIER T_ASSIGN T_IDENTIFIER T_SEMICOLON T_RIGHT_BRACE T_ELSE T_IF T_LEFT_PAREN T_IDENTIFIER T_LESS T_IDENTIFIER T_RIGHT_PAREN T_LEFT_BRACE T_IDENTIFIER T_ASSIGN T_IDENTIFIER T_PLUS T_INTEGER_LITERAL T_SEMICOLON T_RIGHT_BRACE T_ELSE T_LEFT_BRACE T_IDENTIFIER T_ASSIGN T_INTEGER_LITERAL T_SEMICOLON T_RIGHT_BRACE T_WHILE T_LEFT_PAREN T_IDENTIFIER T_GREATER T_INTEGER_LITERAL T_RIGHT_PAREN T_LEFT_BRACE T_IDENTIFIER T_DECREMENT T_SEMICOLON T_RIGHT_BRACE T_FOR T_LEFT_PAREN T_IDENTIFIER T_ASSIGN T_INTEGER_LITERAL T_SEMICOLON T_IDENTIFIER T_LESS T_INTEGER_LITERAL T_SEMICOLON T_IDENTIFIER T_INCREMENT T_RIGHT_PAREN T_LEFT_BRACE T_IDENTIFIER T_ASSIGN T_IDENTIFIER T_PLUS T_IDENTIFIER T_SEMICOLON T_RIGHT_BRACE T_FOR T_LEFT_PAREN T_IDENTIFIER T_ASSIGN T_INTEGER_LITERAL T_SEMICOLON T_IDENTIFIER T_LESS T_INTEGER_LITERAL T_SEMICOLON T_IDENTIFIER T_INCREMENT T_RIGHT_PAREN T_LEFT_BRACE T_IDENTIFIER T_LEFT_SQUARE T_IDENTIFIER T_RIGHT_SQUARE T_ASSIGN T_IDENTIFIER T_SEMICOLON T_RIGHT_BRACE T_IDENTIFIER T_ASSIGN T_NOT T_IDENTIFIER T_SEMICOLON T_IDENTIFIER T_ASSIGN T_IDENTIFIER T_MOD T_INTEGER_LITERAL T_SEMICOLON T_IDENTIFIER T_ASSIGN T_IDENTIFIER T_BITAND T_INTEGER_LITERAL T_SEMICOLON T_IDENTIFIER T_ASSIGN T_IDENTIFIER T_BITOR T_INTEGER_LITERAL T_SEMICOLON T_IDENTIFIER T_ASSIGN T_IDENTIFIER T_BITXOR T_INTEGER_LITERAL T_SEMICOLON T_IDENTIFIER T_ASSIGN T_BITNOT T_IDENTIFIER T_SEMICOLON T_INT T_IDENTIFIER T_ASSIGN T_IDENTIFIER T_LEFT_PAREN T_IDENTIFIER T_COMMA T_IDENTIFIER T_RIGHT_PAREN T_SEMICOLON T_LEFT_BRACE T_INT T_IDENTIFIER T_ASSIGN T_INTEGER_LITERAL T_SEMICOLON T_IDENTIFIER T_ASSIGN T_IDENTIFIER T_PLUS T_INTEGER_LITERAL T_SEMICOLON T_RIGHT_BRACE T_RETURN T_INTEGER_LITERAL T_SEMICOLON T_RIGHT_BRACE T_EOF 

State Stack: 0 8 8 9 16 18 23 50 118 119 210 19 47 
Symbol Stack: declaration declaration type_specifier T_IDENTIFIER T_LEFT_PAREN T_RIGHT_PAREN T_LEFT_BRACE statement type_specifier T_IDENTIFIER T_ASSIGN factor 
Input Stack: T_SEMICOLON T_CHAR T_IDENTIFIER T_LEFT_SQUARE T_INTEGER_LITERAL T_RIGHT_SQUARE T_SEMICOLON T_CHAR T_IDENTIFIER T_ASSIGN T_CHAR_LITERAL T_SEMICOLON T_INT T_IDENTIFIER T_ASSIGN T_INTEGER_LITERAL T_SEMICOLON T_CHAR T_IDENTIFIER T_LEFT_SQUARE T_INTEGER_LITERAL T_RIGHT_SQUARE T_SEMICOLON T_IDENTIFIER T_ASSIGN T_STRING_LITERAL T_SEMICOLON T_IDENTIFIER T_INCREMENT T_SEMICOLON T_INCREMENT T_IDENTIFIER T_SEMICOLON T_IF T_LEFT_PAREN T_IDENTIFIER T_GREATER T_IDENTIFIER T_RIGHT_PAREN T_LEFT_BRACE T_IDENTIFIER T_ASSIGN T_IDENTIFIER T_SEMICOLON T_RIGHT_BRACE T_ELSE T_IF T_LEFT_PAREN T_IDENTIFIER T_LESS T_IDENTIFIER T_RIGHT_PAREN T_LEFT_BRACE T_IDENTIFIER T_ASSIGN T_IDENTIFIER T_PLUS T_INTEGER_LITERAL T_SEMICOLON T_RIGHT_BRACE T_ELSE T_LEFT_BRACE T_IDENTIFIER T_ASSIGN T_INTEGER_LITERAL T_SEMICOLON T_RIGHT_BRACE T_WHILE T_LEFT_PAREN T_IDENTIFIER T_GREATER T_INTEGER_LITERAL T_RIGHT_PAREN T_LEFT_BRACE T_IDENTIFIER T_DECREMENT T_SEMICOLON T_RIGHT_BRACE T_FOR T_LEFT_PAREN T_IDENTIFIER T_ASSIGN T_INTEGER_LITERAL T_SEMICOLON T_IDENTIFIER T_LESS T_INTEGER_LITERAL T_SEMICOLON T_IDENTIFIER T_INCREMENT T_RIGHT_PAREN T_LEFT_BRACE T_IDENTIFIER T_ASSIGN T_IDENTIFIER T_PLUS T_IDENTIFIER T_SEMICOLON T_RIGHT_BRACE T_FOR T_LEFT_PAREN T_IDENTIFIER T_ASSIGN T_INTEGER_LITERAL T_SEMICOLON T_IDENTIFIER T_LESS T_INTEGER_LITERAL T_SEMICOLON T_IDENTIFIER T_INCREMENT T_RIGHT_PAREN T_LEFT_BRACE T_IDENTIFIER T_LEFT_SQUARE T_IDENTIFIER T_RIGHT_SQUARE T_ASSIGN T_IDENTIFIER T_SEMICOLON T_RIGHT_BRACE T_IDENTIFIER T_ASSIGN T_NOT T_IDENTIFIER T_SEMICOLON T_IDENTIFIER T_ASSIGN T_IDENTIFIER T_MOD T_INTEGER_LITERAL T_SEMICOLON T_IDENTIFIER T_ASSIGN T_IDENTIFIER T_BITAND T_INTEGER_LITERAL T_SEMICOLON T_IDENTIFIER T_ASSIGN T_IDENTIFIER T_BITOR T_INTEGER_LITERAL T_SEMICOLON T_IDENTIFIER T_ASSIGN T_IDENTIFIER T_BITXOR T_INTEGER_LITERAL T_SEMICOLON T_IDENTIFIER T_ASSIGN T_BITNOT T_IDENTIFIER T_SEMICOLON T_INT T_IDENTIFIER T_ASSIGN T_IDENTIFIER T_LEFT_PAREN T_IDENTIFIER T_COMMA T_IDENTIFIER T_RIGHT_PAREN T_SEMICOLON T_LEFT_BRACE T_INT T_IDENTIFIER T_ASSIGN T_INTEGER_LITERAL T_SEMICOLON T_IDENTIFIER T_ASSIGN T_IDENTIFIER T_PLUS T_INTEGER_LITERAL T_SEMICOLON T_RIGHT_BRACE T_RETURN T_INTEGER_LITERAL T_SEMICOLON T_RIGHT_BRACE T_EOF 

State Stack: 0 8 8 9 16 18 23 50 118 119 210 19 40 
Symbol Stack: declaration declaration type_specifier T_IDENTIFIER T_LEFT_PAREN T_RIGHT_PAREN T_LEFT_BRACE statement type_specifier T_IDENTIFIER T_ASSIGN term 
Input Stack: T_SEMICOLON T_CHAR T_IDENTIFIER T_LEFT_SQUARE T_INTEGER_LITERAL T_RIGHT_SQUARE T_SEMICOLON T_CHAR T_IDENTIFIER T_ASSIGN T_CHAR_LITERAL T_SEMICOLON T_INT T_IDENTIFIER T_ASSIGN T_INTEGER_LITERAL T_SEMICOLON T_CHAR T_IDENTIFIER T_LEFT_SQUARE T_INTEGER_LITERAL T_RIGHT_SQUARE T_SEMICOLON T_IDENTIFIER T_ASSIGN T_STRING_LITERAL T_SEMICOLON T_IDENTIFIER T_INCREMENT T_SEMICOLON T_INCREMENT T_IDENTIFIER T_SEMICOLON T_IF T_LEFT_PAREN T_IDENTIFIER T_GREATER T_IDENTIFIER T_RIGHT_PAREN T_LEFT_BRACE T_IDENTIFIER T_ASSIGN T_IDENTIFIER T_SEMICOLON T_RIGHT_BRACE T_ELSE T_IF T_LEFT_PAREN T_IDENTIFIER T_LESS T_IDENTIFIER T_RIGHT_PAREN T_LEFT_BRACE T_IDENTIFIER T_ASSIGN T_IDENTIFIER T_PLUS T_INTEGER_LITERAL T_SEMICOLON T_RIGHT_BRACE T_ELSE T_LEFT_BRACE T_IDENTIFIER T_ASSIGN T_INTEGER_LITERAL T_SEMICOLON T_RIGHT_BRACE T_WHILE T_LEFT_PAREN T_IDENTIFIER T_GREATER T_INTEGER_LITERAL T_RIGHT_PAREN T_LEFT_BRACE T_IDENTIFIER T_DECREMENT T_SEMICOLON T_RIGHT_BRACE T_FOR T_LEFT_PAREN T_IDENTIFIER T_ASSIGN T_INTEGER_LITERAL T_SEMICOLON T_IDENTIFIER T_LESS T_INTEGER_LITERAL T_SEMICOLON T_IDENTIFIER T_INCREMENT T_RIGHT_PAREN T_LEFT_BRACE T_IDENTIFIER T_ASSIGN T_IDENTIFIER T_PLUS T_IDENTIFIER T_SEMICOLON T_RIGHT_BRACE T_FOR T_LEFT_PAREN T_IDENTIFIER T_ASSIGN T_INTEGER_LITERAL T_SEMICOLON T_IDENTIFIER T_LESS T_INTEGER_LITERAL T_SEMICOLON T_IDENTIFIER T_INCREMENT T_RIGHT_PAREN T_LEFT_BRACE T_IDENTIFIER T_LEFT_SQUARE T_IDENTIFIER T_RIGHT_SQUARE T_ASSIGN T_IDENTIFIER T_SEMICOLON T_RIGHT_BRACE T_IDENTIFIER T_ASSIGN T_NOT T_IDENTIFIER T_SEMICOLON T_IDENTIFIER T_ASSIGN T_IDENTIFIER T_MOD T_INTEGER_LITERAL T_SEMICOLON T_IDENTIFIER T_ASSIGN T_IDENTIFIER T_BITAND T_INTEGER_LITERAL T_SEMICOLON T_IDENTIFIER T_ASSIGN T_IDENTIFIER T_BITOR T_INTEGER_LITERAL T_SEMICOLON T_IDENTIFIER T_ASSIGN T_IDENTIFIER T_BITXOR T_INTEGER_LITERAL T_SEMICOLON T_IDENTIFIER T_ASSIGN T_BITNOT T_IDENTIFIER T_SEMICOLON T_INT T_IDENTIFIER T_ASSIGN T_IDENTIFIER T_LEFT_PAREN T_IDENTIFIER T_COMMA T_IDENTIFIER T_RIGHT_PAREN T_SEMICOLON T_LEFT_BRACE T_INT T_IDENTIFIER T_ASSIGN T_INTEGER_LITERAL T_SEMICOLON T_IDENTIFIER T_ASSIGN T_IDENTIFIER T_PLUS T_INTEGER_LITERAL T_SEMICOLON T_RIGHT_BRACE T_RETURN T_INTEGER_LITERAL T_SEMICOLON T_RIGHT_BRACE T_EOF 

State Stack: 0 8 8 9 16 18 23 50 118 119 210 19 39 
Symbol Stack: declaration declaration type_specifier T_IDENTIFIER T_LEFT_PAREN T_RIGHT_PAREN T_LEFT_BRACE statement type_specifier T_IDENTIFIER T_ASSIGN additive_expression 
Input Stack: T_SEMICOLON T_CHAR T_IDENTIFIER T_LEFT_SQUARE T_INTEGER_LITERAL T_RIGHT_SQUARE T_SEMICOLON T_CHAR T_IDENTIFIER T_ASSIGN T_CHAR_LITERAL T_SEMICOLON T_INT T_IDENTIFIER T_ASSIGN T_INTEGER_LITERAL T_SEMICOLON T_CHAR T_IDENTIFIER T_LEFT_SQUARE T_INTEGER_LITERAL T_RIGHT_SQUARE T_SEMICOLON T_IDENTIFIER T_ASSIGN T_STRING_LITERAL T_SEMICOLON T_IDENTIFIER T_INCREMENT T_SEMICOLON T_INCREMENT T_IDENTIFIER T_SEMICOLON T_IF T_LEFT_PAREN T_IDENTIFIER T_GREATER T_IDENTIFIER T_RIGHT_PAREN T_LEFT_BRACE T_IDENTIFIER T_ASSIGN T_IDENTIFIER T_SEMICOLON T_RIGHT_BRACE T_ELSE T_IF T_LEFT_PAREN T_IDENTIFIER T_LESS T_IDENTIFIER T_RIGHT_PAREN T_LEFT_BRACE T_IDENTIFIER T_ASSIGN T_IDENTIFIER T_PLUS T_INTEGER_LITERAL T_SEMICOLON T_RIGHT_BRACE T_ELSE T_LEFT_BRACE T_IDENTIFIER T_ASSIGN T_INTEGER_LITERAL T_SEMICOLON T_RIGHT_BRACE T_WHILE T_LEFT_PAREN T_IDENTIFIER T_GREATER T_INTEGER_LITERAL T_RIGHT_PAREN T_LEFT_BRACE T_IDENTIFIER T_DECREMENT T_SEMICOLON T_RIGHT_BRACE T_FOR T_LEFT_PAREN T_IDENTIFIER T_ASSIGN T_INTEGER_LITERAL T_SEMICOLON T_IDENTIFIER T_LESS T_INTEGER_LITERAL T_SEMICOLON T_IDENTIFIER T_INCREMENT T_RIGHT_PAREN T_LEFT_BRACE T_IDENTIFIER T_ASSIGN T_IDENTIFIER T_PLUS T_IDENTIFIER T_SEMICOLON T_RIGHT_BRACE T_FOR T_LEFT_PAREN T_IDENTIFIER T_ASSIGN T_INTEGER_LITERAL T_SEMICOLON T_IDENTIFIER T_LESS T_INTEGER_LITERAL T_SEMICOLON T_IDENTIFIER T_INCREMENT T_RIGHT_PAREN T_LEFT_BRACE T_IDENTIFIER T_LEFT_SQUARE T_IDENTIFIER T_RIGHT_SQUARE T_ASSIGN T_IDENTIFIER T_SEMICOLON T_RIGHT_BRACE T_IDENTIFIER T_ASSIGN T_NOT T_IDENTIFIER T_SEMICOLON T_IDENTIFIER T_ASSIGN T_IDENTIFIER T_MOD T_INTEGER_LITERAL T_SEMICOLON T_IDENTIFIER T_ASSIGN T_IDENTIFIER T_BITAND T_INTEGER_LITERAL T_SEMICOLON T_IDENTIFIER T_ASSIGN T_IDENTIFIER T_BITOR T_INTEGER_LITERAL T_SEMICOLON T_IDENTIFIER T_ASSIGN T_IDENTIFIER T_BITXOR T_INTEGER_LITERAL T_SEMICOLON T_IDENTIFIER T_ASSIGN T_BITNOT T_IDENTIFIER T_SEMICOLON T_INT T_IDENTIFIER T_ASSIGN T_IDENTIFIER T_LEFT_PAREN T_IDENTIFIER T_COMMA T_IDENTIFIER T_RIGHT_PAREN T_SEMICOLON T_LEFT_BRACE T_INT T_IDENTIFIER T_ASSIGN T_INTEGER_LITERAL T_SEMICOLON T_IDENTIFIER T_ASSIGN T_IDENTIFIER T_PLUS T_INTEGER_LITERAL T_SEMICOLON T_RIGHT_BRACE T_RETURN T_INTEGER_LITERAL T_SEMICOLON T_RIGHT_BRACE T_EOF 

State Stack: 0 8 8 9 16 18 23 50 118 119 210 19 42 
Symbol Stack: declaration declaration type_specifier T_IDENTIFIER T_LEFT_PAREN T_RIGHT_PAREN T_LEFT_BRACE statement type_specifier T_IDENTIFIER T_ASSIGN simple_expression 
Input Stack: T_SEMICOLON T_CHAR T_IDENTIFIER T_LEFT_SQUARE T_INTEGER_LITERAL T_RIGHT_SQUARE T_SEMICOLON T_CHAR T_IDENTIFIER T_ASSIGN T_CHAR_LITERAL T_SEMICOLON T_INT T_IDENTIFIER T_ASSIGN T_INTEGER_LITERAL T_SEMICOLON T_CHAR T_IDENTIFIER T_LEFT_SQUARE T_INTEGER_LITERAL T_RIGHT_SQUARE T_SEMICOLON T_IDENTIFIER T_ASSIGN T_STRING_LITERAL T_SEMICOLON T_IDENTIFIER T_INCREMENT T_SEMICOLON T_INCREMENT T_IDENTIFIER T_SEMICOLON T_IF T_LEFT_PAREN T_IDENTIFIER T_GREATER T_IDENTIFIER T_RIGHT_PAREN T_LEFT_BRACE T_IDENTIFIER T_ASSIGN T_IDENTIFIER T_SEMICOLON T_RIGHT_BRACE T_ELSE T_IF T_LEFT_PAREN T_IDENTIFIER T_LESS T_IDENTIFIER T_RIGHT_PAREN T_LEFT_BRACE T_IDENTIFIER T_ASSIGN T_IDENTIFIER T_PLUS T_INTEGER_LITERAL T_SEMICOLON T_RIGHT_BRACE T_ELSE T_LEFT_BRACE T_IDENTIFIER T_ASSIGN T_INTEGER_LITERAL T_SEMICOLON T_RIGHT_BRACE T_WHILE T_LEFT_PAREN T_IDENTIFIER T_GREATER T_INTEGER_LITERAL T_RIGHT_PAREN T_LEFT_BRACE T_IDENTIFIER T_DECREMENT T_SEMICOLON T_RIGHT_BRACE T_FOR T_LEFT_PAREN T_IDENTIFIER T_ASSIGN T_INTEGER_LITERAL T_SEMICOLON T_IDENTIFIER T_LESS T_INTEGER_LITERAL T_SEMICOLON T_IDENTIFIER T_INCREMENT T_RIGHT_PAREN T_LEFT_BRACE T_IDENTIFIER T_ASSIGN T_IDENTIFIER T_PLUS T_IDENTIFIER T_SEMICOLON T_RIGHT_BRACE T_FOR T_LEFT_PAREN T_IDENTIFIER T_ASSIGN T_INTEGER_LITERAL T_SEMICOLON T_IDENTIFIER T_LESS T_INTEGER_LITERAL T_SEMICOLON T_IDENTIFIER T_INCREMENT T_RIGHT_PAREN T_LEFT_BRACE T_IDENTIFIER T_LEFT_SQUARE T_IDENTIFIER T_RIGHT_SQUARE T_ASSIGN T_IDENTIFIER T_SEMICOLON T_RIGHT_BRACE T_IDENTIFIER T_ASSIGN T_NOT T_IDENTIFIER T_SEMICOLON T_IDENTIFIER T_ASSIGN T_IDENTIFIER T_MOD T_INTEGER_LITERAL T_SEMICOLON T_IDENTIFIER T_ASSIGN T_IDENTIFIER T_BITAND T_INTEGER_LITERAL T_SEMICOLON T_IDENTIFIER T_ASSIGN T_IDENTIFIER T_BITOR T_INTEGER_LITERAL T_SEMICOLON T_IDENTIFIER T_ASSIGN T_IDENTIFIER T_BITXOR T_INTEGER_LITERAL T_SEMICOLON T_IDENTIFIER T_ASSIGN T_BITNOT T_IDENTIFIER T_SEMICOLON T_INT T_IDENTIFIER T_ASSIGN T_IDENTIFIER T_LEFT_PAREN T_IDENTIFIER T_COMMA T_IDENTIFIER T_RIGHT_PAREN T_SEMICOLON T_LEFT_BRACE T_INT T_IDENTIFIER T_ASSIGN T_INTEGER_LITERAL T_SEMICOLON T_IDENTIFIER T_ASSIGN T_IDENTIFIER T_PLUS T_INTEGER_LITERAL T_SEMICOLON T_RIGHT_BRACE T_RETURN T_INTEGER_LITERAL T_SEMICOLON T_RIGHT_BRACE T_EOF 

State Stack: 0 8 8 9 16 18 23 50 118 119 210 19 46 
Symbol Stack: declaration declaration type_specifier T_IDENTIFIER T_LEFT_PAREN T_RIGHT_PAREN T_LEFT_BRACE statement type_specifier T_IDENTIFIER T_ASSIGN expression 
Input Stack: T_SEMICOLON T_CHAR T_IDENTIFIER T_LEFT_SQUARE T_INTEGER_LITERAL T_RIGHT_SQUARE T_SEMICOLON T_CHAR T_IDENTIFIER T_ASSIGN T_CHAR_LITERAL T_SEMICOLON T_INT T_IDENTIFIER T_ASSIGN T_INTEGER_LITERAL T_SEMICOLON T_CHAR T_IDENTIFIER T_LEFT_SQUARE T_INTEGER_LITERAL T_RIGHT_SQUARE T_SEMICOLON T_IDENTIFIER T_ASSIGN T_STRING_LITERAL T_SEMICOLON T_IDENTIFIER T_INCREMENT T_SEMICOLON T_INCREMENT T_IDENTIFIER T_SEMICOLON T_IF T_LEFT_PAREN T_IDENTIFIER T_GREATER T_IDENTIFIER T_RIGHT_PAREN T_LEFT_BRACE T_IDENTIFIER T_ASSIGN T_IDENTIFIER T_SEMICOLON T_RIGHT_BRACE T_ELSE T_IF T_LEFT_PAREN T_IDENTIFIER T_LESS T_IDENTIFIER T_RIGHT_PAREN T_LEFT_BRACE T_IDENTIFIER T_ASSIGN T_IDENTIFIER T_PLUS T_INTEGER_LITERAL T_SEMICOLON T_RIGHT_BRACE T_ELSE T_LEFT_BRACE T_IDENTIFIER T_ASSIGN T_INTEGER_LITERAL T_SEMICOLON T_RIGHT_BRACE T_WHILE T_LEFT_PAREN T_IDENTIFIER T_GREATER T_INTEGER_LITERAL T_RIGHT_PAREN T_LEFT_BRACE T_IDENTIFIER T_DECREMENT T_SEMICOLON T_RIGHT_BRACE T_FOR T_LEFT_PAREN T_IDENTIFIER T_ASSIGN T_INTEGER_LITERAL T_SEMICOLON T_IDENTIFIER T_LESS T_INTEGER_LITERAL T_SEMICOLON T_IDENTIFIER T_INCREMENT T_RIGHT_PAREN T_LEFT_BRACE T_IDENTIFIER T_ASSIGN T_IDENTIFIER T_PLUS T_IDENTIFIER T_SEMICOLON T_RIGHT_BRACE T_FOR T_LEFT_PAREN T_IDENTIFIER T_ASSIGN T_INTEGER_LITERAL T_SEMICOLON T_IDENTIFIER T_LESS T_INTEGER_LITERAL T_SEMICOLON T_IDENTIFIER T_INCREMENT T_RIGHT_PAREN T_LEFT_BRACE T_IDENTIFIER T_LEFT_SQUARE T_IDENTIFIER T_RIGHT_SQUARE T_ASSIGN T_IDENTIFIER T_SEMICOLON T_RIGHT_BRACE T_IDENTIFIER T_ASSIGN T_NOT T_IDENTIFIER T_SEMICOLON T_IDENTIFIER T_ASSIGN T_IDENTIFIER T_MOD T_INTEGER_LITERAL T_SEMICOLON T_IDENTIFIER T_ASSIGN T_IDENTIFIER T_BITAND T_INTEGER_LITERAL T_SEMICOLON T_IDENTIFIER T_ASSIGN T_IDENTIFIER T_BITOR T_INTEGER_LITERAL T_SEMICOLON T_IDENTIFIER T_ASSIGN T_IDENTIFIER T_BITXOR T_INTEGER_LITERAL T_SEMICOLON T_IDENTIFIER T_ASSIGN T_BITNOT T_IDENTIFIER T_SEMICOLON T_INT T_IDENTIFIER T_ASSIGN T_IDENTIFIER T_LEFT_PAREN T_IDENTIFIER T_COMMA T_IDENTIFIER T_RIGHT_PAREN T_SEMICOLON T_LEFT_BRACE T_INT T_IDENTIFIER T_ASSIGN T_INTEGER_LITERAL T_SEMICOLON T_IDENTIFIER T_ASSIGN T_IDENTIFIER T_PLUS T_INTEGER_LITERAL T_SEMICOLON T_RIGHT_BRACE T_RETURN T_INTEGER_LITERAL T_SEMICOLON T_RIGHT_BRACE T_EOF 

State Stack: 0 8 8 9 16 18 23 50 118 119 210 299 
Symbol Stack: declaration declaration type_specifier T_IDENTIFIER T_LEFT_PAREN T_RIGHT_PAREN T_LEFT_BRACE statement type_specifier T_IDENTIFIER opt_init 
Input Stack: T_SEMICOLON T_CHAR T_IDENTIFIER T_LEFT_SQUARE T_INTEGER_LITERAL T_RIGHT_SQUARE T_SEMICOLON T_CHAR T_IDENTIFIER T_ASSIGN T_CHAR_LITERAL T_SEMICOLON T_INT T_IDENTIFIER T_ASSIGN T_INTEGER_LITERAL T_SEMICOLON T_CHAR T_IDENTIFIER T_LEFT_SQUARE T_INTEGER_LITERAL T_RIGHT_SQUARE T_SEMICOLON T_IDENTIFIER T_ASSIGN T_STRING_LITERAL T_SEMICOLON T_IDENTIFIER T_INCREMENT T_SEMICOLON T_INCREMENT T_IDENTIFIER T_SEMICOLON T_IF T_LEFT_PAREN T_IDENTIFIER T_GREATER T_IDENTIFIER T_RIGHT_PAREN T_LEFT_BRACE T_IDENTIFIER T_ASSIGN T_IDENTIFIER T_SEMICOLON T_RIGHT_BRACE T_ELSE T_IF T_LEFT_PAREN T_IDENTIFIER T_LESS T_IDENTIFIER T_RIGHT_PAREN T_LEFT_BRACE T_IDENTIFIER T_ASSIGN T_IDENTIFIER T_PLUS T_INTEGER_LITERAL T_SEMICOLON T_RIGHT_BRACE T_ELSE T_LEFT_BRACE T_IDENTIFIER T_ASSIGN T_INTEGER_LITERAL T_SEMICOLON T_RIGHT_BRACE T_WHILE T_LEFT_PAREN T_IDENTIFIER T_GREATER T_INTEGER_LITERAL T_RIGHT_PAREN T_LEFT_BRACE T_IDENTIFIER T_DECREMENT T_SEMICOLON T_RIGHT_BRACE T_FOR T_LEFT_PAREN T_IDENTIFIER T_ASSIGN T_INTEGER_LITERAL T_SEMICOLON T_IDENTIFIER T_LESS T_INTEGER_LITERAL T_SEMICOLON T_IDENTIFIER T_INCREMENT T_RIGHT_PAREN T_LEFT_BRACE T_IDENTIFIER T_ASSIGN T_IDENTIFIER T_PLUS T_IDENTIFIER T_SEMICOLON T_RIGHT_BRACE T_FOR T_LEFT_PAREN T_IDENTIFIER T_ASSIGN T_INTEGER_LITERAL T_SEMICOLON T_IDENTIFIER T_LESS T_INTEGER_LITERAL T_SEMICOLON T_IDENTIFIER T_INCREMENT T_RIGHT_PAREN T_LEFT_BRACE T_IDENTIFIER T_LEFT_SQUARE T_IDENTIFIER T_RIGHT_SQUARE T_ASSIGN T_IDENTIFIER T_SEMICOLON T_RIGHT_BRACE T_IDENTIFIER T_ASSIGN T_NOT T_IDENTIFIER T_SEMICOLON T_IDENTIFIER T_ASSIGN T_IDENTIFIER T_MOD T_INTEGER_LITERAL T_SEMICOLON T_IDENTIFIER T_ASSIGN T_IDENTIFIER T_BITAND T_INTEGER_LITERAL T_SEMICOLON T_IDENTIFIER T_ASSIGN T_IDENTIFIER T_BITOR T_INTEGER_LITERAL T_SEMICOLON T_IDENTIFIER T_ASSIGN T_IDENTIFIER T_BITXOR T_INTEGER_LITERAL T_SEMICOLON T_IDENTIFIER T_ASSIGN T_BITNOT T_IDENTIFIER T_SEMICOLON T_INT T_IDENTIFIER T_ASSIGN T_IDENTIFIER T_LEFT_PAREN T_IDENTIFIER T_COMMA T_IDENTIFIER T_RIGHT_PAREN T_SEMICOLON T_LEFT_BRACE T_INT T_IDENTIFIER T_ASSIGN T_INTEGER_LITERAL T_SEMICOLON T_IDENTIFIER T_ASSIGN T_IDENTIFIER T_PLUS T_INTEGER_LITERAL T_SEMICOLON T_RIGHT_BRACE T_RETURN T_INTEGER_LITERAL T_SEMICOLON T_RIGHT_BRACE T_EOF 

State Stack: 0 8 8 9 16 18 23 50 118 119 210 299 388 
Symbol Stack: declaration declaration type_specifier T_IDENTIFIER T_LEFT_PAREN T_RIGHT_PAREN T_LEFT_BRACE statement type_specifier T_IDENTIFIER opt_init T_SEMICOLON 
Input Stack: T_CHAR T_IDENTIFIER T_LEFT_SQUARE T_INTEGER_LITERAL T_RIGHT_SQUARE T_SEMICOLON T_CHAR T_IDENTIFIER T_ASSIGN T_CHAR_LITERAL T_SEMICOLON T_INT T_IDENTIFIER T_ASSIGN T_INTEGER_LITERAL T_SEMICOLON T_CHAR T_IDENTIFIER T_LEFT_SQUARE T_INTEGER_LITERAL T_RIGHT_SQUARE T_SEMICOLON T_IDENTIFIER T_ASSIGN T_STRING_LITERAL T_SEMICOLON T_IDENTIFIER T_INCREMENT T_SEMICOLON T_INCREMENT T_IDENTIFIER T_SEMICOLON T_IF T_LEFT_PAREN T_IDENTIFIER T_GREATER T_IDENTIFIER T_RIGHT_PAREN T_LEFT_BRACE T_IDENTIFIER T_ASSIGN T_IDENTIFIER T_SEMICOLON T_RIGHT_BRACE T_ELSE T_IF T_LEFT_PAREN T_IDENTIFIER T_LESS T_IDENTIFIER T_RIGHT_PAREN T_LEFT_BRACE T_IDENTIFIER T_ASSIGN T_IDENTIFIER T_PLUS T_INTEGER_LITERAL T_SEMICOLON T_RIGHT_BRACE T_ELSE T_LEFT_BRACE T_IDENTIFIER T_ASSIGN T_INTEGER_LITERAL T_SEMICOLON T_RIGHT_BRACE T_WHILE T_LEFT_PAREN T_IDENTIFIER T_GREATER T_INTEGER_LITERAL T_RIGHT_PAREN T_LEFT_BRACE T_IDENTIFIER T_DECREMENT T_SEMICOLON T_RIGHT_BRACE T_FOR T_LEFT_PAREN T_IDENTIFIER T_ASSIGN T_INTEGER_LITERAL T_SEMICOLON T_IDENTIFIER T_LESS T_INTEGER_LITERAL T_SEMICOLON T_IDENTIFIER T_INCREMENT T_RIGHT_PAREN T_LEFT_BRACE T_IDENTIFIER T_ASSIGN T_IDENTIFIER T_PLUS T_IDENTIFIER T_SEMICOLON T_RIGHT_BRACE T_FOR T_LEFT_PAREN T_IDENTIFIER T_ASSIGN T_INTEGER_LITERAL T_SEMICOLON T_IDENTIFIER T_LESS T_INTEGER_LITERAL T_SEMICOLON T_IDENTIFIER T_INCREMENT T_RIGHT_PAREN T_LEFT_BRACE T_IDENTIFIER T_LEFT_SQUARE T_IDENTIFIER T_RIGHT_SQUARE T_ASSIGN T_IDENTIFIER T_SEMICOLON T_RIGHT_BRACE T_IDENTIFIER T_ASSIGN T_NOT T_IDENTIFIER T_SEMICOLON T_IDENTIFIER T_ASSIGN T_IDENTIFIER T_MOD T_INTEGER_LITERAL T_SEMICOLON T_IDENTIFIER T_ASSIGN T_IDENTIFIER T_BITAND T_INTEGER_LITERAL T_SEMICOLON T_IDENTIFIER T_ASSIGN T_IDENTIFIER T_BITOR T_INTEGER_LITERAL T_SEMICOLON T_IDENTIFIER T_ASSIGN T_IDENTIFIER T_BITXOR T_INTEGER_LITERAL T_SEMICOLON T_IDENTIFIER T_ASSIGN T_BITNOT T_IDENTIFIER T_SEMICOLON T_INT T_IDENTIFIER T_ASSIGN T_IDENTIFIER T_LEFT_PAREN T_IDENTIFIER T_COMMA T_IDENTIFIER T_RIGHT_PAREN T_SEMICOLON T_LEFT_BRACE T_INT T_IDENTIFIER T_ASSIGN T_INTEGER_LITERAL T_SEMICOLON T_IDENTIFIER T_ASSIGN T_IDENTIFIER T_PLUS T_INTEGER_LITERAL T_SEMICOLON T_RIGHT_BRACE T_RETURN T_INTEGER_LITERAL T_SEMICOLON T_RIGHT_BRACE T_EOF 

State Stack: 0 8 8 9 16 18 23 50 118 117 
Symbol Stack: declaration declaration type_specifier T_IDENTIFIER T_LEFT_PAREN T_RIGHT_PAREN T_LEFT_BRACE statement var_declaration 
Input Stack: T_CHAR T_IDENTIFIER T_LEFT_SQUARE T_INTEGER_LITERAL T_RIGHT_SQUARE T_SEMICOLON T_CHAR T_IDENTIFIER T_ASSIGN T_CHAR_LITERAL T_SEMICOLON T_INT T_IDENTIFIER T_ASSIGN T_INTEGER_LITERAL T_SEMICOLON T_CHAR T_IDENTIFIER T_LEFT_SQUARE T_INTEGER_LITERAL T_RIGHT_SQUARE T_SEMICOLON T_IDENTIFIER T_ASSIGN T_STRING_LITERAL T_SEMICOLON T_IDENTIFIER T_INCREMENT T_SEMICOLON T_INCREMENT T_IDENTIFIER T_SEMICOLON T_IF T_LEFT_PAREN T_IDENTIFIER T_GREATER T_IDENTIFIER T_RIGHT_PAREN T_LEFT_BRACE T_IDENTIFIER T_ASSIGN T_IDENTIFIER T_SEMICOLON T_RIGHT_BRACE T_ELSE T_IF T_LEFT_PAREN T_IDENTIFIER T_LESS T_IDENTIFIER T_RIGHT_PAREN T_LEFT_BRACE T_IDENTIFIER T_ASSIGN T_IDENTIFIER T_PLUS T_INTEGER_LITERAL T_SEMICOLON T_RIGHT_BRACE T_ELSE T_LEFT_BRACE T_IDENTIFIER T_ASSIGN T_INTEGER_LITERAL T_SEMICOLON T_RIGHT_BRACE T_WHILE T_LEFT_PAREN T_IDENTIFIER T_GREATER T_INTEGER_LITERAL T_RIGHT_PAREN T_LEFT_BRACE T_IDENTIFIER T_DECREMENT T_SEMICOLON T_RIGHT_BRACE T_FOR T_LEFT_PAREN T_IDENTIFIER T_ASSIGN T_INTEGER_LITERAL T_SEMICOLON T_IDENTIFIER T_LESS T_INTEGER_LITERAL T_SEMICOLON T_IDENTIFIER T_INCREMENT T_RIGHT_PAREN T_LEFT_BRACE T_IDENTIFIER T_ASSIGN T_IDENTIFIER T_PLUS T_IDENTIFIER T_SEMICOLON T_RIGHT_BRACE T_FOR T_LEFT_PAREN T_IDENTIFIER T_ASSIGN T_INTEGER_LITERAL T_SEMICOLON T_IDENTIFIER T_LESS T_INTEGER_LITERAL T_SEMICOLON T_IDENTIFIER T_INCREMENT T_RIGHT_PAREN T_LEFT_BRACE T_IDENTIFIER T_LEFT_SQUARE T_IDENTIFIER T_RIGHT_SQUARE T_ASSIGN T_IDENTIFIER T_SEMICOLON T_RIGHT_BRACE T_IDENTIFIER T_ASSIGN T_NOT T_IDENTIFIER T_SEMICOLON T_IDENTIFIER T_ASSIGN T_IDENTIFIER T_MOD T_INTEGER_LITERAL T_SEMICOLON T_IDENTIFIER T_ASSIGN T_IDENTIFIER T_BITAND T_INTEGER_LITERAL T_SEMICOLON T_IDENTIFIER T_ASSIGN T_IDENTIFIER T_BITOR T_INTEGER_LITERAL T_SEMICOLON T_IDENTIFIER T_ASSIGN T_IDENTIFIER T_BITXOR T_INTEGER_LITERAL T_SEMICOLON T_IDENTIFIER T_ASSIGN T_BITNOT T_IDENTIFIER T_SEMICOLON T_INT T_IDENTIFIER T_ASSIGN T_IDENTIFIER T_LEFT_PAREN T_IDENTIFIER T_COMMA T_IDENTIFIER T_RIGHT_PAREN T_SEMICOLON T_LEFT_BRACE T_INT T_IDENTIFIER T_ASSIGN T_INTEGER_LITERAL T_SEMICOLON T_IDENTIFIER T_ASSIGN T_IDENTIFIER T_PLUS T_INTEGER_LITERAL T_SEMICOLON T_RIGHT_BRACE T_RETURN T_INTEGER_LITERAL T_SEMICOLON T_RIGHT_BRACE T_EOF 

State Stack: 0 8 8 9 16 18 23 50 118 118 
Symbol Stack: declaration declaration type_specifier T_IDENTIFIER T_LEFT_PAREN T_RIGHT_PAREN T_LEFT_BRACE statement statement 
Input Stack: T_CHAR T_IDENTIFIER T_LEFT_SQUARE T_INTEGER_LITERAL T_RIGHT_SQUARE T_SEMICOLON T_CHAR T_IDENTIFIER T_ASSIGN T_CHAR_LITERAL T_SEMICOLON T_INT T_IDENTIFIER T_ASSIGN T_INTEGER_LITERAL T_SEMICOLON T_CHAR T_IDENTIFIER T_LEFT_SQUARE T_INTEGER_LITERAL T_RIGHT_SQUARE T_SEMICOLON T_IDENTIFIER T_ASSIGN T_STRING_LITERAL T_SEMICOLON T_IDENTIFIER T_INCREMENT T_SEMICOLON T_INCREMENT T_IDENTIFIER T_SEMICOLON T_IF T_LEFT_PAREN T_IDENTIFIER T_GREATER T_IDENTIFIER T_RIGHT_PAREN T_LEFT_BRACE T_IDENTIFIER T_ASSIGN T_IDENTIFIER T_SEMICOLON T_RIGHT_BRACE T_ELSE T_IF T_LEFT_PAREN T_IDENTIFIER T_LESS T_IDENTIFIER T_RIGHT_PAREN T_LEFT_BRACE T_IDENTIFIER T_ASSIGN T_IDENTIFIER T_PLUS T_INTEGER_LITERAL T_SEMICOLON T_RIGHT_BRACE T_ELSE T_LEFT_BRACE T_IDENTIFIER T_ASSIGN T_INTEGER_LITERAL T_SEMICOLON T_RIGHT_BRACE T_WHILE T_LEFT_PAREN T_IDENTIFIER T_GREATER T_INTEGER_LITERAL T_RIGHT_PAREN T_LEFT_BRACE T_IDENTIFIER T_DECREMENT T_SEMICOLON T_RIGHT_BRACE T_FOR T_LEFT_PAREN T_IDENTIFIER T_ASSIGN T_INTEGER_LITERAL T_SEMICOLON T_IDENTIFIER T_LESS T_INTEGER_LITERAL T_SEMICOLON T_IDENTIFIER T_INCREMENT T_RIGHT_PAREN T_LEFT_BRACE T_IDENTIFIER T_ASSIGN T_IDENTIFIER T_PLUS T_IDENTIFIER T_SEMICOLON T_RIGHT_BRACE T_FOR T_LEFT_PAREN T_IDENTIFIER T_ASSIGN T_INTEGER_LITERAL T_SEMICOLON T_IDENTIFIER T_LESS T_INTEGER_LITERAL T_SEMICOLON T_IDENTIFIER T_INCREMENT T_RIGHT_PAREN T_LEFT_BRACE T_IDENTIFIER T_LEFT_SQUARE T_IDENTIFIER T_RIGHT_SQUARE T_ASSIGN T_IDENTIFIER T_SEMICOLON T_RIGHT_BRACE T_IDENTIFIER T_ASSIGN T_NOT T_IDENTIFIER T_SEMICOLON T_IDENTIFIER T_ASSIGN T_IDENTIFIER T_MOD T_INTEGER_LITERAL T_SEMICOLON T_IDENTIFIER T_ASSIGN T_IDENTIFIER T_BITAND T_INTEGER_LITERAL T_SEMICOLON T_IDENTIFIER T_ASSIGN T_IDENTIFIER T_BITOR T_INTEGER_LITERAL T_SEMICOLON T_IDENTIFIER T_ASSIGN T_IDENTIFIER T_BITXOR T_INTEGER_LITERAL T_SEMICOLON T_IDENTIFIER T_ASSIGN T_BITNOT T_IDENTIFIER T_SEMICOLON T_INT T_IDENTIFIER T_ASSIGN T_IDENTIFIER T_LEFT_PAREN T_IDENTIFIER T_COMMA T_IDENTIFIER T_RIGHT_PAREN T_SEMICOLON T_LEFT_BRACE T_INT T_IDENTIFIER T_ASSIGN T_INTEGER_LITERAL T_SEMICOLON T_IDENTIFIER T_ASSIGN T_IDENTIFIER T_PLUS T_INTEGER_LITERAL T_SEMICOLON T_RIGHT_BRACE T_RETURN T_INTEGER_LITERAL T_SEMICOLON T_RIGHT_BRACE T_EOF 

State Stack: 0 8 8 9 16 18 23 50 118 118 1 
Symbol Stack: declaration declaration type_specifier T_IDENTIFIER T_LEFT_PAREN T_RIGHT_PAREN T_LEFT_BRACE statement statement T_CHAR 
Input Stack: T_IDENTIFIER T_LEFT_SQUARE T_INTEGER_LITERAL T_RIGHT_SQUARE T_SEMICOLON T_CHAR T_IDENTIFIER T_ASSIGN T_CHAR_LITERAL T_SEMICOLON T_INT T_IDENTIFIER T_ASSIGN T_INTEGER_LITERAL T_SEMICOLON T_CHAR T_IDENTIFIER T_LEFT_SQUARE T_INTEGER_LITERAL T_RIGHT_SQUARE T_SEMICOLON T_IDENTIFIER T_ASSIGN T_STRING_LITERAL T_SEMICOLON T_IDENTIFIER T_INCREMENT T_SEMICOLON T_INCREMENT T_IDENTIFIER T_SEMICOLON T_IF T_LEFT_PAREN T_IDENTIFIER T_GREATER T_IDENTIFIER T_RIGHT_PAREN T_LEFT_BRACE T_IDENTIFIER T_ASSIGN T_IDENTIFIER T_SEMICOLON T_RIGHT_BRACE T_ELSE T_IF T_LEFT_PAREN T_IDENTIFIER T_LESS T_IDENTIFIER T_RIGHT_PAREN T_LEFT_BRACE T_IDENTIFIER T_ASSIGN T_IDENTIFIER T_PLUS T_INTEGER_LITERAL T_SEMICOLON T_RIGHT_BRACE T_ELSE T_LEFT_BRACE T_IDENTIFIER T_ASSIGN T_INTEGER_LITERAL T_SEMICOLON T_RIGHT_BRACE T_WHILE T_LEFT_PAREN T_IDENTIFIER T_GREATER T_INTEGER_LITERAL T_RIGHT_PAREN T_LEFT_BRACE T_IDENTIFIER T_DECREMENT T_SEMICOLON T_RIGHT_BRACE T_FOR T_LEFT_PAREN T_IDENTIFIER T_ASSIGN T_INTEGER_LITERAL T_SEMICOLON T_IDENTIFIER T_LESS T_INTEGER_LITERAL T_SEMICOLON T_IDENTIFIER T_INCREMENT T_RIGHT_PAREN T_LEFT_BRACE T_IDENTIFIER T_ASSIGN T_IDENTIFIER T_PLUS T_IDENTIFIER T_SEMICOLON T_RIGHT_BRACE T_FOR T_LEFT_PAREN T_IDENTIFIER T_ASSIGN T_INTEGER_LITERAL T_SEMICOLON T_IDENTIFIER T_LESS T_INTEGER_LITERAL T_SEMICOLON T_IDENTIFIER T_INCREMENT T_RIGHT_PAREN T_LEFT_BRACE T_IDENTIFIER T_LEFT_SQUARE T_IDENTIFIER T_RIGHT_SQUARE T_ASSIGN T_IDENTIFIER T_SEMICOLON T_RIGHT_BRACE T_IDENTIFIER T_ASSIGN T_NOT T_IDENTIFIER T_SEMICOLON T_IDENTIFIER T_ASSIGN T_IDENTIFIER T_MOD T_INTEGER_LITERAL T_SEMICOLON T_IDENTIFIER T_ASSIGN T_IDENTIFIER T_BITAND T_INTEGER_LITERAL T_SEMICOLON T_IDENTIFIER T_ASSIGN T_IDENTIFIER T_BITOR T_INTEGER_LITERAL T_SEMICOLON T_IDENTIFIER T_ASSIGN T_IDENTIFIER T_BITXOR T_INTEGER_LITERAL T_SEMICOLON T_IDENTIFIER T_ASSIGN T_BITNOT T_IDENTIFIER T_SEMICOLON T_INT T_IDENTIFIER T_ASSIGN T_IDENTIFIER T_LEFT_PAREN T_IDENTIFIER T_COMMA T_IDENTIFIER T_RIGHT_PAREN T_SEMICOLON T_LEFT_BRACE T_INT T_IDENTIFIER T_ASSIGN T_INTEGER_LITERAL T_SEMICOLON T_IDENTIFIER T_ASSIGN T_IDENTIFIER T_PLUS T_INTEGER_LITERAL T_SEMICOLON T_RIGHT_BRACE T_RETURN T_INTEGER_LITERAL T_SEMICOLON T_RIGHT_BRACE T_EOF 

State Stack: 0 8 8 9 16 18 23 50 118 118 14 
Symbol Stack: declaration declaration type_specifier T_IDENTIFIER T_LEFT_PAREN T_RIGHT_PAREN T_LEFT_BRACE statement statement simple_type 
Input Stack: T_IDENTIFIER T_LEFT_SQUARE T_INTEGER_LITERAL T_RIGHT_SQUARE T_SEMICOLON T_CHAR T_IDENTIFIER T_ASSIGN T_CHAR_LITERAL T_SEMICOLON T_INT T_IDENTIFIER T_ASSIGN T_INTEGER_LITERAL T_SEMICOLON T_CHAR T_IDENTIFIER T_LEFT_SQUARE T_INTEGER_LITERAL T_RIGHT_SQUARE T_SEMICOLON T_IDENTIFIER T_ASSIGN T_STRING_LITERAL T_SEMICOLON T_IDENTIFIER T_INCREMENT T_SEMICOLON T_INCREMENT T_IDENTIFIER T_SEMICOLON T_IF T_LEFT_PAREN T_IDENTIFIER T_GREATER T_IDENTIFIER T_RIGHT_PAREN T_LEFT_BRACE T_IDENTIFIER T_ASSIGN T_IDENTIFIER T_SEMICOLON T_RIGHT_BRACE T_ELSE T_IF T_LEFT_PAREN T_IDENTIFIER T_LESS T_IDENTIFIER T_RIGHT_PAREN T_LEFT_BRACE T_IDENTIFIER T_ASSIGN T_IDENTIFIER T_PLUS T_INTEGER_LITERAL T_SEMICOLON T_RIGHT_BRACE T_ELSE T_LEFT_BRACE T_IDENTIFIER T_ASSIGN T_INTEGER_LITERAL T_SEMICOLON T_RIGHT_BRACE T_WHILE T_LEFT_PAREN T_IDENTIFIER T_GREATER T_INTEGER_LITERAL T_RIGHT_PAREN T_LEFT_BRACE T_IDENTIFIER T_DECREMENT T_SEMICOLON T_RIGHT_BRACE T_FOR T_LEFT_PAREN T_IDENTIFIER T_ASSIGN T_INTEGER_LITERAL T_SEMICOLON T_IDENTIFIER T_LESS T_INTEGER_LITERAL T_SEMICOLON T_IDENTIFIER T_INCREMENT T_RIGHT_PAREN T_LEFT_BRACE T_IDENTIFIER T_ASSIGN T_IDENTIFIER T_PLUS T_IDENTIFIER T_SEMICOLON T_RIGHT_BRACE T_FOR T_LEFT_PAREN T_IDENTIFIER T_ASSIGN T_INTEGER_LITERAL T_SEMICOLON T_IDENTIFIER T_LESS T_INTEGER_LITERAL T_SEMICOLON T_IDENTIFIER T_INCREMENT T_RIGHT_PAREN T_LEFT_BRACE T_IDENTIFIER T_LEFT_SQUARE T_IDENTIFIER T_RIGHT_SQUARE T_ASSIGN T_IDENTIFIER T_SEMICOLON T_RIGHT_BRACE T_IDENTIFIER T_ASSIGN T_NOT T_IDENTIFIER T_SEMICOLON T_IDENTIFIER T_ASSIGN T_IDENTIFIER T_MOD T_INTEGER_LITERAL T_SEMICOLON T_IDENTIFIER T_ASSIGN T_IDENTIFIER T_BITAND T_INTEGER_LITERAL T_SEMICOLON T_IDENTIFIER T_ASSIGN T_IDENTIFIER T_BITOR T_INTEGER_LITERAL T_SEMICOLON T_IDENTIFIER T_ASSIGN T_IDENTIFIER T_BITXOR T_INTEGER_LITERAL T_SEMICOLON T_IDENTIFIER T_ASSIGN T_BITNOT T_IDENTIFIER T_SEMICOLON T_INT T_IDENTIFIER T_ASSIGN T_IDENTIFIER T_LEFT_PAREN T_IDENTIFIER T_COMMA T_IDENTIFIER T_RIGHT_PAREN T_SEMICOLON T_LEFT_BRACE T_INT T_IDENTIFIER T_ASSIGN T_INTEGER_LITERAL T_SEMICOLON T_IDENTIFIER T_ASSIGN T_IDENTIFIER T_PLUS T_INTEGER_LITERAL T_SEMICOLON T_RIGHT_BRACE T_RETURN T_INTEGER_LITERAL T_SEMICOLON T_RIGHT_BRACE T_EOF 

State Stack: 0 8 8 9 16 18 23 50 118 118 119 
Symbol Stack: declaration declaration type_specifier T_IDENTIFIER T_LEFT_PAREN T_RIGHT_PAREN T_LEFT_BRACE statement statement type_specifier 
Input Stack: T_IDENTIFIER T_LEFT_SQUARE T_INTEGER_LITERAL T_RIGHT_SQUARE T_SEMICOLON T_CHAR T_IDENTIFIER T_ASSIGN T_CHAR_LITERAL T_SEMICOLON T_INT T_IDENTIFIER T_ASSIGN T_INTEGER_LITERAL T_SEMICOLON T_CHAR T_IDENTIFIER T_LEFT_SQUARE T_INTEGER_LITERAL T_RIGHT_SQUARE T_SEMICOLON T_IDENTIFIER T_ASSIGN T_STRING_LITERAL T_SEMICOLON T_IDENTIFIER T_INCREMENT T_SEMICOLON T_INCREMENT T_IDENTIFIER T_SEMICOLON T_IF T_LEFT_PAREN T_IDENTIFIER T_GREATER T_IDENTIFIER T_RIGHT_PAREN T_LEFT_BRACE T_IDENTIFIER T_ASSIGN T_IDENTIFIER T_SEMICOLON T_RIGHT_BRACE T_ELSE T_IF T_LEFT_PAREN T_IDENTIFIER T_LESS T_IDENTIFIER T_RIGHT_PAREN T_LEFT_BRACE T_IDENTIFIER T_ASSIGN T_IDENTIFIER T_PLUS T_INTEGER_LITERAL T_SEMICOLON T_RIGHT_BRACE T_ELSE T_LEFT_BRACE T_IDENTIFIER T_ASSIGN T_INTEGER_LITERAL T_SEMICOLON T_RIGHT_BRACE T_WHILE T_LEFT_PAREN T_IDENTIFIER T_GREATER T_INTEGER_LITERAL T_RIGHT_PAREN T_LEFT_BRACE T_IDENTIFIER T_DECREMENT T_SEMICOLON T_RIGHT_BRACE T_FOR T_LEFT_PAREN T_IDENTIFIER T_ASSIGN T_INTEGER_LITERAL T_SEMICOLON T_IDENTIFIER T_LESS T_INTEGER_LITERAL T_SEMICOLON T_IDENTIFIER T_INCREMENT T_RIGHT_PAREN T_LEFT_BRACE T_IDENTIFIER T_ASSIGN T_IDENTIFIER T_PLUS T_IDENTIFIER T_SEMICOLON T_RIGHT_BRACE T_FOR T_LEFT_PAREN T_IDENTIFIER T_ASSIGN T_INTEGER_LITERAL T_SEMICOLON T_IDENTIFIER T_LESS T_INTEGER_LITERAL T_SEMICOLON T_IDENTIFIER T_INCREMENT T_RIGHT_PAREN T_LEFT_BRACE T_IDENTIFIER T_LEFT_SQUARE T_IDENTIFIER T_RIGHT_SQUARE T_ASSIGN T_IDENTIFIER T_SEMICOLON T_RIGHT_BRACE T_IDENTIFIER T_ASSIGN T_NOT T_IDENTIFIER T_SEMICOLON T_IDENTIFIER T_ASSIGN T_IDENTIFIER T_MOD T_INTEGER_LITERAL T_SEMICOLON T_IDENTIFIER T_ASSIGN T_IDENTIFIER T_BITAND T_INTEGER_LITERAL T_SEMICOLON T_IDENTIFIER T_ASSIGN T_IDENTIFIER T_BITOR T_INTEGER_LITERAL T_SEMICOLON T_IDENTIFIER T_ASSIGN T_IDENTIFIER T_BITXOR T_INTEGER_LITERAL T_SEMICOLON T_IDENTIFIER T_ASSIGN T_BITNOT T_IDENTIFIER T_SEMICOLON T_INT T_IDENTIFIER T_ASSIGN T_IDENTIFIER T_LEFT_PAREN T_IDENTIFIER T_COMMA T_IDENTIFIER T_RIGHT_PAREN T_SEMICOLON T_LEFT_BRACE T_INT T_IDENTIFIER T_ASSIGN T_INTEGER_LITERAL T_SEMICOLON T_IDENTIFIER T_ASSIGN T_IDENTIFIER T_PLUS T_INTEGER_LITERAL T_SEMICOLON T_RIGHT_BRACE T_RETURN T_INTEGER_LITERAL T_SEMICOLON T_RIGHT_BRACE T_EOF 

State Stack: 0 8 8 9 16 18 23 50 118 118 119 210 
Symbol Stack: declaration declaration type_specifier T_IDENTIFIER T_LEFT_PAREN T_RIGHT_PAREN T_LEFT_BRACE statement statement type_specifier T_IDENTIFIER 
Input Stack: T_LEFT_SQUARE T_INTEGER_LITERAL T_RIGHT_SQUARE T_SEMICOLON T_CHAR T_IDENTIFIER T_ASSIGN T_CHAR_LITERAL T_SEMICOLON T_INT T_IDENTIFIER T_ASSIGN T_INTEGER_LITERAL T_SEMICOLON T_CHAR T_IDENTIFIER T_LEFT_SQUARE T_INTEGER_LITERAL T_RIGHT_SQUARE T_SEMICOLON T_IDENTIFIER T_ASSIGN T_STRING_LITERAL T_SEMICOLON T_IDENTIFIER T_INCREMENT T_SEMICOLON T_INCREMENT T_IDENTIFIER T_SEMICOLON T_IF T_LEFT_PAREN T_IDENTIFIER T_GREATER T_IDENTIFIER T_RIGHT_PAREN T_LEFT_BRACE T_IDENTIFIER T_ASSIGN T_IDENTIFIER T_SEMICOLON T_RIGHT_BRACE T_ELSE T_IF T_LEFT_PAREN T_IDENTIFIER T_LESS T_IDENTIFIER T_RIGHT_PAREN T_LEFT_BRACE T_IDENTIFIER T_ASSIGN T_IDENTIFIER T_PLUS T_INTEGER_LITERAL T_SEMICOLON T_RIGHT_BRACE T_ELSE T_LEFT_BRACE T_IDENTIFIER T_ASSIGN T_INTEGER_LITERAL T_SEMICOLON T_RIGHT_BRACE T_WHILE T_LEFT_PAREN T_IDENTIFIER T_GREATER T_INTEGER_LITERAL T_RIGHT_PAREN T_LEFT_BRACE T_IDENTIFIER T_DECREMENT T_SEMICOLON T_RIGHT_BRACE T_FOR T_LEFT_PAREN T_IDENTIFIER T_ASSIGN T_INTEGER_LITERAL T_SEMICOLON T_IDENTIFIER T_LESS T_INTEGER_LITERAL T_SEMICOLON T_IDENTIFIER T_INCREMENT T_RIGHT_PAREN T_LEFT_BRACE T_IDENTIFIER T_ASSIGN T_IDENTIFIER T_PLUS T_IDENTIFIER T_SEMICOLON T_RIGHT_BRACE T_FOR T_LEFT_PAREN T_IDENTIFIER T_ASSIGN T_INTEGER_LITERAL T_SEMICOLON T_IDENTIFIER T_LESS T_INTEGER_LITERAL T_SEMICOLON T_IDENTIFIER T_INCREMENT T_RIGHT_PAREN T_LEFT_BRACE T_IDENTIFIER T_LEFT_SQUARE T_IDENTIFIER T_RIGHT_SQUARE T_ASSIGN T_IDENTIFIER T_SEMICOLON T_RIGHT_BRACE T_IDENTIFIER T_ASSIGN T_NOT T_IDENTIFIER T_SEMICOLON T_IDENTIFIER T_ASSIGN T_IDENTIFIER T_MOD T_INTEGER_LITERAL T_SEMICOLON T_IDENTIFIER T_ASSIGN T_IDENTIFIER T_BITAND T_INTEGER_LITERAL T_SEMICOLON T_IDENTIFIER T_ASSIGN T_IDENTIFIER T_BITOR T_INTEGER_LITERAL T_SEMICOLON T_IDENTIFIER T_ASSIGN T_IDENTIFIER T_BITXOR T_INTEGER_LITERAL T_SEMICOLON T_IDENTIFIER T_ASSIGN T_BITNOT T_IDENTIFIER T_SEMICOLON T_INT T_IDENTIFIER T_ASSIGN T_IDENTIFIER T_LEFT_PAREN T_IDENTIFIER T_COMMA T_IDENTIFIER T_RIGHT_PAREN T_SEMICOLON T_LEFT_BRACE T_INT T_IDENTIFIER T_ASSIGN T_INTEGER_LITERAL T_SEMICOLON T_IDENTIFIER T_ASSIGN T_IDENTIFIER T_PLUS T_INTEGER_LITERAL T_SEMICOLON T_RIGHT_BRACE T_RETURN T_INTEGER_LITERAL T_SEMICOLON T_RIGHT_BRACE T_EOF 

State Stack: 0 8 8 9 16 18 23 50 118 118 119 210 297 
Symbol Stack: declaration declaration type_specifier T_IDENTIFIER T_LEFT_PAREN T_RIGHT_PAREN T_LEFT_BRACE statement statement type_specifier T_IDENTIFIER T_LEFT_SQUARE 
Input Stack: T_INTEGER_LITERAL T_RIGHT_SQUARE T_SEMICOLON T_CHAR T_IDENTIFIER T_ASSIGN T_CHAR_LITERAL T_SEMICOLON T_INT T_IDENTIFIER T_ASSIGN T_INTEGER_LITERAL T_SEMICOLON T_CHAR T_IDENTIFIER T_LEFT_SQUARE T_INTEGER_LITERAL T_RIGHT_SQUARE T_SEMICOLON T_IDENTIFIER T_ASSIGN T_STRING_LITERAL T_SEMICOLON T_IDENTIFIER T_INCREMENT T_SEMICOLON T_INCREMENT T_IDENTIFIER T_SEMICOLON T_IF T_LEFT_PAREN T_IDENTIFIER T_GREATER T_IDENTIFIER T_RIGHT_PAREN T_LEFT_BRACE T_IDENTIFIER T_ASSIGN T_IDENTIFIER T_SEMICOLON T_RIGHT_BRACE T_ELSE T_IF T_LEFT_PAREN T_IDENTIFIER T_LESS T_IDENTIFIER T_RIGHT_PAREN T_LEFT_BRACE T_IDENTIFIER T_ASSIGN T_IDENTIFIER T_PLUS T_INTEGER_LITERAL T_SEMICOLON T_RIGHT_BRACE T_ELSE T_LEFT_BRACE T_IDENTIFIER T_ASSIGN T_INTEGER_LITERAL T_SEMICOLON T_RIGHT_BRACE T_WHILE T_LEFT_PAREN T_IDENTIFIER T_GREATER T_INTEGER_LITERAL T_RIGHT_PAREN T_LEFT_BRACE T_IDENTIFIER T_DECREMENT T_SEMICOLON T_RIGHT_BRACE T_FOR T_LEFT_PAREN T_IDENTIFIER T_ASSIGN T_INTEGER_LITERAL T_SEMICOLON T_IDENTIFIER T_LESS T_INTEGER_LITERAL T_SEMICOLON T_IDENTIFIER T_INCREMENT T_RIGHT_PAREN T_LEFT_BRACE T_IDENTIFIER T_ASSIGN T_IDENTIFIER T_PLUS T_IDENTIFIER T_SEMICOLON T_RIGHT_BRACE T_FOR T_LEFT_PAREN T_IDENTIFIER T_ASSIGN T_INTEGER_LITERAL T_SEMICOLON T_IDENTIFIER T_LESS T_INTEGER_LITERAL T_SEMICOLON T_IDENTIFIER T_INCREMENT T_RIGHT_PAREN T_LEFT_BRACE T_IDENTIFIER T_LEFT_SQUARE T_IDENTIFIER T_RIGHT_SQUARE T_ASSIGN T_IDENTIFIER T_SEMICOLON T_RIGHT_BRACE T_IDENTIFIER T_ASSIGN T_NOT T_IDENTIFIER T_SEMICOLON T_IDENTIFIER T_ASSIGN T_IDENTIFIER T_MOD T_INTEGER_LITERAL T_SEMICOLON T_IDENTIFIER T_ASSIGN T_IDENTIFIER T_BITAND T_INTEGER_LITERAL T_SEMICOLON T_IDENTIFIER T_ASSIGN T_IDENTIFIER T_BITOR T_INTEGER_LITERAL T_SEMICOLON T_IDENTIFIER T_ASSIGN T_IDENTIFIER T_BITXOR T_INTEGER_LITERAL T_SEMICOLON T_IDENTIFIER T_ASSIGN T_BITNOT T_IDENTIFIER T_SEMICOLON T_INT T_IDENTIFIER T_ASSIGN T_IDENTIFIER T_LEFT_PAREN T_IDENTIFIER T_COMMA T_IDENTIFIER T_RIGHT_PAREN T_SEMICOLON T_LEFT_BRACE T_INT T_IDENTIFIER T_ASSIGN T_INTEGER_LITERAL T_SEMICOLON T_IDENTIFIER T_ASSIGN T_IDENTIFIER T_PLUS T_INTEGER_LITERAL T_SEMICOLON T_RIGHT_BRACE T_RETURN T_INTEGER_LITERAL T_SEMICOLON T_RIGHT_BRACE T_EOF 

State Stack: 0 8 8 9 16 18 23 50 118 118 119 210 297 387 
Symbol Stack: declaration declaration type_specifier T_IDENTIFIER T_LEFT_PAREN T_RIGHT_PAREN T_LEFT_BRACE statement statement type_specifier T_IDENTIFIER T_LEFT_SQUARE T_INTEGER_LITERAL 
Input Stack: T_RIGHT_SQUARE T_SEMICOLON T_CHAR T_IDENTIFIER T_ASSIGN T_CHAR_LITERAL T_SEMICOLON T_INT T_IDENTIFIER T_ASSIGN T_INTEGER_LITERAL T_SEMICOLON T_CHAR T_IDENTIFIER T_LEFT_SQUARE T_INTEGER_LITERAL T_RIGHT_SQUARE T_SEMICOLON T_IDENTIFIER T_ASSIGN T_STRING_LITERAL T_SEMICOLON T_IDENTIFIER T_INCREMENT T_SEMICOLON T_INCREMENT T_IDENTIFIER T_SEMICOLON T_IF T_LEFT_PAREN T_IDENTIFIER T_GREATER T_IDENTIFIER T_RIGHT_PAREN T_LEFT_BRACE T_IDENTIFIER T_ASSIGN T_IDENTIFIER T_SEMICOLON T_RIGHT_BRACE T_ELSE T_IF T_LEFT_PAREN T_IDENTIFIER T_LESS T_IDENTIFIER T_RIGHT_PAREN T_LEFT_BRACE T_IDENTIFIER T_ASSIGN T_IDENTIFIER T_PLUS T_INTEGER_LITERAL T_SEMICOLON T_RIGHT_BRACE T_ELSE T_LEFT_BRACE T_IDENTIFIER T_ASSIGN T_INTEGER_LITERAL T_SEMICOLON T_RIGHT_BRACE T_WHILE T_LEFT_PAREN T_IDENTIFIER T_GREATER T_INTEGER_LITERAL T_RIGHT_PAREN T_LEFT_BRACE T_IDENTIFIER T_DECREMENT T_SEMICOLON T_RIGHT_BRACE T_FOR T_LEFT_PAREN T_IDENTIFIER T_ASSIGN T_INTEGER_LITERAL T_SEMICOLON T_IDENTIFIER T_LESS T_INTEGER_LITERAL T_SEMICOLON T_IDENTIFIER T_INCREMENT T_RIGHT_PAREN T_LEFT_BRACE T_IDENTIFIER T_ASSIGN T_IDENTIFIER T_PLUS T_IDENTIFIER T_SEMICOLON T_RIGHT_BRACE T_FOR T_LEFT_PAREN T_IDENTIFIER T_ASSIGN T_INTEGER_LITERAL T_SEMICOLON T_IDENTIFIER T_LESS T_INTEGER_LITERAL T_SEMICOLON T_IDENTIFIER T_INCREMENT T_RIGHT_PAREN T_LEFT_BRACE T_IDENTIFIER T_LEFT_SQUARE T_IDENTIFIER T_RIGHT_SQUARE T_ASSIGN T_IDENTIFIER T_SEMICOLON T_RIGHT_BRACE T_IDENTIFIER T_ASSIGN T_NOT T_IDENTIFIER T_SEMICOLON T_IDENTIFIER T_ASSIGN T_IDENTIFIER T_MOD T_INTEGER_LITERAL T_SEMICOLON T_IDENTIFIER T_ASSIGN T_IDENTIFIER T_BITAND T_INTEGER_LITERAL T_SEMICOLON T_IDENTIFIER T_ASSIGN T_IDENTIFIER T_BITOR T_INTEGER_LITERAL T_SEMICOLON T_IDENTIFIER T_ASSIGN T_IDENTIFIER T_BITXOR T_INTEGER_LITERAL T_SEMICOLON T_IDENTIFIER T_ASSIGN T_BITNOT T_IDENTIFIER T_SEMICOLON T_INT T_IDENTIFIER T_ASSIGN T_IDENTIFIER T_LEFT_PAREN T_IDENTIFIER T_COMMA T_IDENTIFIER T_RIGHT_PAREN T_SEMICOLON T_LEFT_BRACE T_INT T_IDENTIFIER T_ASSIGN T_INTEGER_LITERAL T_SEMICOLON T_IDENTIFIER T_ASSIGN T_IDENTIFIER T_PLUS T_INTEGER_LITERAL T_SEMICOLON T_RIGHT_BRACE T_RETURN T_INTEGER_LITERAL T_SEMICOLON T_RIGHT_BRACE T_EOF 

State Stack: 0 8 8 9 16 18 23 50 118 118 119 210 297 387 455 
Symbol Stack: declaration declaration type_specifier T_IDENTIFIER T_LEFT_PAREN T_RIGHT_PAREN T_LEFT_BRACE statement statement type_specifier T_IDENTIFIER T_LEFT_SQUARE T_INTEGER_LITERAL T_RIGHT_SQUARE 
Input Stack: T_SEMICOLON T_CHAR T_IDENTIFIER T_ASSIGN T_CHAR_LITERAL T_SEMICOLON T_INT T_IDENTIFIER T_ASSIGN T_INTEGER_LITERAL T_SEMICOLON T_CHAR T_IDENTIFIER T_LEFT_SQUARE T_INTEGER_LITERAL T_RIGHT_SQUARE T_SEMICOLON T_IDENTIFIER T_ASSIGN T_STRING_LITERAL T_SEMICOLON T_IDENTIFIER T_INCREMENT T_SEMICOLON T_INCREMENT T_IDENTIFIER T_SEMICOLON T_IF T_LEFT_PAREN T_IDENTIFIER T_GREATER T_IDENTIFIER T_RIGHT_PAREN T_LEFT_BRACE T_IDENTIFIER T_ASSIGN T_IDENTIFIER T_SEMICOLON T_RIGHT_BRACE T_ELSE T_IF T_LEFT_PAREN T_IDENTIFIER T_LESS T_IDENTIFIER T_RIGHT_PAREN T_LEFT_BRACE T_IDENTIFIER T_ASSIGN T_IDENTIFIER T_PLUS T_INTEGER_LITERAL T_SEMICOLON T_RIGHT_BRACE T_ELSE T_LEFT_BRACE T_IDENTIFIER T_ASSIGN T_INTEGER_LITERAL T_SEMICOLON T_RIGHT_BRACE T_WHILE T_LEFT_PAREN T_IDENTIFIER T_GREATER T_INTEGER_LITERAL T_RIGHT_PAREN T_LEFT_BRACE T_IDENTIFIER T_DECREMENT T_SEMICOLON T_RIGHT_BRACE T_FOR T_LEFT_PAREN T_IDENTIFIER T_ASSIGN T_INTEGER_LITERAL T_SEMICOLON T_IDENTIFIER T_LESS T_INTEGER_LITERAL T_SEMICOLON T_IDENTIFIER T_INCREMENT T_RIGHT_PAREN T_LEFT_BRACE T_IDENTIFIER T_ASSIGN T_IDENTIFIER T_PLUS T_IDENTIFIER T_SEMICOLON T_RIGHT_BRACE T_FOR T_LEFT_PAREN T_IDENTIFIER T_ASSIGN T_INTEGER_LITERAL T_SEMICOLON T_IDENTIFIER T_LESS T_INTEGER_LITERAL T_SEMICOLON T_IDENTIFIER T_INCREMENT T_RIGHT_PAREN T_LEFT_BRACE T_IDENTIFIER T_LEFT_SQUARE T_IDENTIFIER T_RIGHT_SQUARE T_ASSIGN T_IDENTIFIER T_SEMICOLON T_RIGHT_BRACE T_IDENTIFIER T_ASSIGN T_NOT T_IDENTIFIER T_SEMICOLON T_IDENTIFIER T_ASSIGN T_IDENTIFIER T_MOD T_INTEGER_LITERAL T_SEMICOLON T_IDENTIFIER T_ASSIGN T_IDENTIFIER T_BITAND T_INTEGER_LITERAL T_SEMICOLON T_IDENTIFIER T_ASSIGN T_IDENTIFIER T_BITOR T_INTEGER_LITERAL T_SEMICOLON T_IDENTIFIER T_ASSIGN T_IDENTIFIER T_BITXOR T_INTEGER_LITERAL T_SEMICOLON T_IDENTIFIER T_ASSIGN T_BITNOT T_IDENTIFIER T_SEMICOLON T_INT T_IDENTIFIER T_ASSIGN T_IDENTIFIER T_LEFT_PAREN T_IDENTIFIER T_COMMA T_IDENTIFIER T_RIGHT_PAREN T_SEMICOLON T_LEFT_BRACE T_INT T_IDENTIFIER T_ASSIGN T_INTEGER_LITERAL T_SEMICOLON T_IDENTIFIER T_ASSIGN T_IDENTIFIER T_PLUS T_INTEGER_LITERAL T_SEMICOLON T_RIGHT_BRACE T_RETURN T_INTEGER_LITERAL T_SEMICOLON T_RIGHT_BRACE T_EOF 

State Stack: 0 8 8 9 16 18 23 50 118 118 119 210 297 387 455 490 
Symbol Stack: declaration declaration type_specifier T_IDENTIFIER T_LEFT_PAREN T_RIGHT_PAREN T_LEFT_BRACE statement statement type_specifier T_IDENTIFIER T_LEFT_SQUARE T_INTEGER_LITERAL T_RIGHT_SQUARE T_SEMICOLON 
Input Stack: T_CHAR T_IDENTIFIER T_ASSIGN T_CHAR_LITERAL T_SEMICOLON T_INT T_IDENTIFIER T_ASSIGN T_INTEGER_LITERAL T_SEMICOLON T_CHAR T_IDENTIFIER T_LEFT_SQUARE T_INTEGER_LITERAL T_RIGHT_SQUARE T_SEMICOLON T_IDENTIFIER T_ASSIGN T_STRING_LITERAL T_SEMICOLON T_IDENTIFIER T_INCREMENT T_SEMICOLON T_INCREMENT T_IDENTIFIER T_SEMICOLON T_IF T_LEFT_PAREN T_IDENTIFIER T_GREATER T_IDENTIFIER T_RIGHT_PAREN T_LEFT_BRACE T_IDENTIFIER T_ASSIGN T_IDENTIFIER T_SEMICOLON T_RIGHT_BRACE T_ELSE T_IF T_LEFT_PAREN T_IDENTIFIER T_LESS T_IDENTIFIER T_RIGHT_PAREN T_LEFT_BRACE T_IDENTIFIER T_ASSIGN T_IDENTIFIER T_PLUS T_INTEGER_LITERAL T_SEMICOLON T_RIGHT_BRACE T_ELSE T_LEFT_BRACE T_IDENTIFIER T_ASSIGN T_INTEGER_LITERAL T_SEMICOLON T_RIGHT_BRACE T_WHILE T_LEFT_PAREN T_IDENTIFIER T_GREATER T_INTEGER_LITERAL T_RIGHT_PAREN T_LEFT_BRACE T_IDENTIFIER T_DECREMENT T_SEMICOLON T_RIGHT_BRACE T_FOR T_LEFT_PAREN T_IDENTIFIER T_ASSIGN T_INTEGER_LITERAL T_SEMICOLON T_IDENTIFIER T_LESS T_INTEGER_LITERAL T_SEMICOLON T_IDENTIFIER T_INCREMENT T_RIGHT_PAREN T_LEFT_BRACE T_IDENTIFIER T_ASSIGN T_IDENTIFIER T_PLUS T_IDENTIFIER T_SEMICOLON T_RIGHT_BRACE T_FOR T_LEFT_PAREN T_IDENTIFIER T_ASSIGN T_INTEGER_LITERAL T_SEMICOLON T_IDENTIFIER T_LESS T_INTEGER_LITERAL T_SEMICOLON T_IDENTIFIER T_INCREMENT T_RIGHT_PAREN T_LEFT_BRACE T_IDENTIFIER T_LEFT_SQUARE T_IDENTIFIER T_RIGHT_SQUARE T_ASSIGN T_IDENTIFIER T_SEMICOLON T_RIGHT_BRACE T_IDENTIFIER T_ASSIGN T_NOT T_IDENTIFIER T_SEMICOLON T_IDENTIFIER T_ASSIGN T_IDENTIFIER T_MOD T_INTEGER_LITERAL T_SEMICOLON T_IDENTIFIER T_ASSIGN T_IDENTIFIER T_BITAND T_INTEGER_LITERAL T_SEMICOLON T_IDENTIFIER T_ASSIGN T_IDENTIFIER T_BITOR T_INTEGER_LITERAL T_SEMICOLON T_IDENTIFIER T_ASSIGN T_IDENTIFIER T_BITXOR T_INTEGER_LITERAL T_SEMICOLON T_IDENTIFIER T_ASSIGN T_BITNOT T_IDENTIFIER T_SEMICOLON T_INT T_IDENTIFIER T_ASSIGN T_IDENTIFIER T_LEFT_PAREN T_IDENTIFIER T_COMMA T_IDENTIFIER T_RIGHT_PAREN T_SEMICOLON T_LEFT_BRACE T_INT T_IDENTIFIER T_ASSIGN T_INTEGER_LITERAL T_SEMICOLON T_IDENTIFIER T_ASSIGN T_IDENTIFIER T_PLUS T_INTEGER_LITERAL T_SEMICOLON T_RIGHT_BRACE T_RETURN T_INTEGER_LITERAL T_SEMICOLON T_RIGHT_BRACE T_EOF 

State Stack: 0 8 8 9 16 18 23 50 118 118 117 
Symbol Stack: declaration declaration type_specifier T_IDENTIFIER T_LEFT_PAREN T_RIGHT_PAREN T_LEFT_BRACE statement statement var_declaration 
Input Stack: T_CHAR T_IDENTIFIER T_ASSIGN T_CHAR_LITERAL T_SEMICOLON T_INT T_IDENTIFIER T_ASSIGN T_INTEGER_LITERAL T_SEMICOLON T_CHAR T_IDENTIFIER T_LEFT_SQUARE T_INTEGER_LITERAL T_RIGHT_SQUARE T_SEMICOLON T_IDENTIFIER T_ASSIGN T_STRING_LITERAL T_SEMICOLON T_IDENTIFIER T_INCREMENT T_SEMICOLON T_INCREMENT T_IDENTIFIER T_SEMICOLON T_IF T_LEFT_PAREN T_IDENTIFIER T_GREATER T_IDENTIFIER T_RIGHT_PAREN T_LEFT_BRACE T_IDENTIFIER T_ASSIGN T_IDENTIFIER T_SEMICOLON T_RIGHT_BRACE T_ELSE T_IF T_LEFT_PAREN T_IDENTIFIER T_LESS T_IDENTIFIER T_RIGHT_PAREN T_LEFT_BRACE T_IDENTIFIER T_ASSIGN T_IDENTIFIER T_PLUS T_INTEGER_LITERAL T_SEMICOLON T_RIGHT_BRACE T_ELSE T_LEFT_BRACE T_IDENTIFIER T_ASSIGN T_INTEGER_LITERAL T_SEMICOLON T_RIGHT_BRACE T_WHILE T_LEFT_PAREN T_IDENTIFIER T_GREATER T_INTEGER_LITERAL T_RIGHT_PAREN T_LEFT_BRACE T_IDENTIFIER T_DECREMENT T_SEMICOLON T_RIGHT_BRACE T_FOR T_LEFT_PAREN T_IDENTIFIER T_ASSIGN T_INTEGER_LITERAL T_SEMICOLON T_IDENTIFIER T_LESS T_INTEGER_LITERAL T_SEMICOLON T_IDENTIFIER T_INCREMENT T_RIGHT_PAREN T_LEFT_BRACE T_IDENTIFIER T_ASSIGN T_IDENTIFIER T_PLUS T_IDENTIFIER T_SEMICOLON T_RIGHT_BRACE T_FOR T_LEFT_PAREN T_IDENTIFIER T_ASSIGN T_INTEGER_LITERAL T_SEMICOLON T_IDENTIFIER T_LESS T_INTEGER_LITERAL T_SEMICOLON T_IDENTIFIER T_INCREMENT T_RIGHT_PAREN T_LEFT_BRACE T_IDENTIFIER T_LEFT_SQUARE T_IDENTIFIER T_RIGHT_SQUARE T_ASSIGN T_IDENTIFIER T_SEMICOLON T_RIGHT_BRACE T_IDENTIFIER T_ASSIGN T_NOT T_IDENTIFIER T_SEMICOLON T_IDENTIFIER T_ASSIGN T_IDENTIFIER T_MOD T_INTEGER_LITERAL T_SEMICOLON T_IDENTIFIER T_ASSIGN T_IDENTIFIER T_BITAND T_INTEGER_LITERAL T_SEMICOLON T_IDENTIFIER T_ASSIGN T_IDENTIFIER T_BITOR T_INTEGER_LITERAL T_SEMICOLON T_IDENTIFIER T_ASSIGN T_IDENTIFIER T_BITXOR T_INTEGER_LITERAL T_SEMICOLON T_IDENTIFIER T_ASSIGN T_BITNOT T_IDENTIFIER T_SEMICOLON T_INT T_IDENTIFIER T_ASSIGN T_IDENTIFIER T_LEFT_PAREN T_IDENTIFIER T_COMMA T_IDENTIFIER T_RIGHT_PAREN T_SEMICOLON T_LEFT_BRACE T_INT T_IDENTIFIER T_ASSIGN T_INTEGER_LITERAL T_SEMICOLON T_IDENTIFIER T_ASSIGN T_IDENTIFIER T_PLUS T_INTEGER_LITERAL T_SEMICOLON T_RIGHT_BRACE T_RETURN T_INTEGER_LITERAL T_SEMICOLON T_RIGHT_BRACE T_EOF 

State Stack: 0 8 8 9 16 18 23 50 118 118 118 
Symbol Stack: declaration declaration type_specifier T_IDENTIFIER T_LEFT_PAREN T_RIGHT_PAREN T_LEFT_BRACE statement statement statement 
Input Stack: T_CHAR T_IDENTIFIER T_ASSIGN T_CHAR_LITERAL T_SEMICOLON T_INT T_IDENTIFIER T_ASSIGN T_INTEGER_LITERAL T_SEMICOLON T_CHAR T_IDENTIFIER T_LEFT_SQUARE T_INTEGER_LITERAL T_RIGHT_SQUARE T_SEMICOLON T_IDENTIFIER T_ASSIGN T_STRING_LITERAL T_SEMICOLON T_IDENTIFIER T_INCREMENT T_SEMICOLON T_INCREMENT T_IDENTIFIER T_SEMICOLON T_IF T_LEFT_PAREN T_IDENTIFIER T_GREATER T_IDENTIFIER T_RIGHT_PAREN T_LEFT_BRACE T_IDENTIFIER T_ASSIGN T_IDENTIFIER T_SEMICOLON T_RIGHT_BRACE T_ELSE T_IF T_LEFT_PAREN T_IDENTIFIER T_LESS T_IDENTIFIER T_RIGHT_PAREN T_LEFT_BRACE T_IDENTIFIER T_ASSIGN T_IDENTIFIER T_PLUS T_INTEGER_LITERAL T_SEMICOLON T_RIGHT_BRACE T_ELSE T_LEFT_BRACE T_IDENTIFIER T_ASSIGN T_INTEGER_LITERAL T_SEMICOLON T_RIGHT_BRACE T_WHILE T_LEFT_PAREN T_IDENTIFIER T_GREATER T_INTEGER_LITERAL T_RIGHT_PAREN T_LEFT_BRACE T_IDENTIFIER T_DECREMENT T_SEMICOLON T_RIGHT_BRACE T_FOR T_LEFT_PAREN T_IDENTIFIER T_ASSIGN T_INTEGER_LITERAL T_SEMICOLON T_IDENTIFIER T_LESS T_INTEGER_LITERAL T_SEMICOLON T_IDENTIFIER T_INCREMENT T_RIGHT_PAREN T_LEFT_BRACE T_IDENTIFIER T_ASSIGN T_IDENTIFIER T_PLUS T_IDENTIFIER T_SEMICOLON T_RIGHT_BRACE T_FOR T_LEFT_PAREN T_IDENTIFIER T_ASSIGN T_INTEGER_LITERAL T_SEMICOLON T_IDENTIFIER T_LESS T_INTEGER_LITERAL T_SEMICOLON T_IDENTIFIER T_INCREMENT T_RIGHT_PAREN T_LEFT_BRACE T_IDENTIFIER T_LEFT_SQUARE T_IDENTIFIER T_RIGHT_SQUARE T_ASSIGN T_IDENTIFIER T_SEMICOLON T_RIGHT_BRACE T_IDENTIFIER T_ASSIGN T_NOT T_IDENTIFIER T_SEMICOLON T_IDENTIFIER T_ASSIGN T_IDENTIFIER T_MOD T_INTEGER_LITERAL T_SEMICOLON T_IDENTIFIER T_ASSIGN T_IDENTIFIER T_BITAND T_INTEGER_LITERAL T_SEMICOLON T_IDENTIFIER T_ASSIGN T_IDENTIFIER T_BITOR T_INTEGER_LITERAL T_SEMICOLON T_IDENTIFIER T_ASSIGN T_IDENTIFIER T_BITXOR T_INTEGER_LITERAL T_SEMICOLON T_IDENTIFIER T_ASSIGN T_BITNOT T_IDENTIFIER T_SEMICOLON T_INT T_IDENTIFIER T_ASSIGN T_IDENTIFIER T_LEFT_PAREN T_IDENTIFIER T_COMMA T_IDENTIFIER T_RIGHT_PAREN T_SEMICOLON T_LEFT_BRACE T_INT T_IDENTIFIER T_ASSIGN T_INTEGER_LITERAL T_SEMICOLON T_IDENTIFIER T_ASSIGN T_IDENTIFIER T_PLUS T_INTEGER_LITERAL T_SEMICOLON T_RIGHT_BRACE T_RETURN T_INTEGER_LITERAL T_SEMICOLON T_RIGHT_BRACE T_EOF 

State Stack: 0 8 8 9 16 18 23 50 118 118 118 1 
Symbol Stack: declaration declaration type_specifier T_IDENTIFIER T_LEFT_PAREN T_RIGHT_PAREN T_LEFT_BRACE statement statement statement T_CHAR 
Input Stack: T_IDENTIFIER T_ASSIGN T_CHAR_LITERAL T_SEMICOLON T_INT T_IDENTIFIER T_ASSIGN T_INTEGER_LITERAL T_SEMICOLON T_CHAR T_IDENTIFIER T_LEFT_SQUARE T_INTEGER_LITERAL T_RIGHT_SQUARE T_SEMICOLON T_IDENTIFIER T_ASSIGN T_STRING_LITERAL T_SEMICOLON T_IDENTIFIER T_INCREMENT T_SEMICOLON T_INCREMENT T_IDENTIFIER T_SEMICOLON T_IF T_LEFT_PAREN T_IDENTIFIER T_GREATER T_IDENTIFIER T_RIGHT_PAREN T_LEFT_BRACE T_IDENTIFIER T_ASSIGN T_IDENTIFIER T_SEMICOLON T_RIGHT_BRACE T_ELSE T_IF T_LEFT_PAREN T_IDENTIFIER T_LESS T_IDENTIFIER T_RIGHT_PAREN T_LEFT_BRACE T_IDENTIFIER T_ASSIGN T_IDENTIFIER T_PLUS T_INTEGER_LITERAL T_SEMICOLON T_RIGHT_BRACE T_ELSE T_LEFT_BRACE T_IDENTIFIER T_ASSIGN T_INTEGER_LITERAL T_SEMICOLON T_RIGHT_BRACE T_WHILE T_LEFT_PAREN T_IDENTIFIER T_GREATER T_INTEGER_LITERAL T_RIGHT_PAREN T_LEFT_BRACE T_IDENTIFIER T_DECREMENT T_SEMICOLON T_RIGHT_BRACE T_FOR T_LEFT_PAREN T_IDENTIFIER T_ASSIGN T_INTEGER_LITERAL T_SEMICOLON T_IDENTIFIER T_LESS T_INTEGER_LITERAL T_SEMICOLON T_IDENTIFIER T_INCREMENT T_RIGHT_PAREN T_LEFT_BRACE T_IDENTIFIER T_ASSIGN T_IDENTIFIER T_PLUS T_IDENTIFIER T_SEMICOLON T_RIGHT_BRACE T_FOR T_LEFT_PAREN T_IDENTIFIER T_ASSIGN T_INTEGER_LITERAL T_SEMICOLON T_IDENTIFIER T_LESS T_INTEGER_LITERAL T_SEMICOLON T_IDENTIFIER T_INCREMENT T_RIGHT_PAREN T_LEFT_BRACE T_IDENTIFIER T_LEFT_SQUARE T_IDENTIFIER T_RIGHT_SQUARE T_ASSIGN T_IDENTIFIER T_SEMICOLON T_RIGHT_BRACE T_IDENTIFIER T_ASSIGN T_NOT T_IDENTIFIER T_SEMICOLON T_IDENTIFIER T_ASSIGN T_IDENTIFIER T_MOD T_INTEGER_LITERAL T_SEMICOLON T_IDENTIFIER T_ASSIGN T_IDENTIFIER T_BITAND T_INTEGER_LITERAL T_SEMICOLON T_IDENTIFIER T_ASSIGN T_IDENTIFIER T_BITOR T_INTEGER_LITERAL T_SEMICOLON T_IDENTIFIER T_ASSIGN T_IDENTIFIER T_BITXOR T_INTEGER_LITERAL T_SEMICOLON T_IDENTIFIER T_ASSIGN T_BITNOT T_IDENTIFIER T_SEMICOLON T_INT T_IDENTIFIER T_ASSIGN T_IDENTIFIER T_LEFT_PAREN T_IDENTIFIER T_COMMA T_IDENTIFIER T_RIGHT_PAREN T_SEMICOLON T_LEFT_BRACE T_INT T_IDENTIFIER T_ASSIGN T_INTEGER_LITERAL T_SEMICOLON T_IDENTIFIER T_ASSIGN T_IDENTIFIER T_PLUS T_INTEGER_LITERAL T_SEMICOLON T_RIGHT_BRACE T_RETURN T_INTEGER_LITERAL T_SEMICOLON T_RIGHT_BRACE T_EOF 

State Stack: 0 8 8 9 16 18 23 50 118 118 118 14 
Symbol Stack: declaration declaration type_specifier T_IDENTIFIER T_LEFT_PAREN T_RIGHT_PAREN T_LEFT_BRACE statement statement statement simple_type 
Input Stack: T_IDENTIFIER T_ASSIGN T_CHAR_LITERAL T_SEMICOLON T_INT T_IDENTIFIER T_ASSIGN T_INTEGER_LITERAL T_SEMICOLON T_CHAR T_IDENTIFIER T_LEFT_SQUARE T_INTEGER_LITERAL T_RIGHT_SQUARE T_SEMICOLON T_IDENTIFIER T_ASSIGN T_STRING_LITERAL T_SEMICOLON T_IDENTIFIER T_INCREMENT T_SEMICOLON T_INCREMENT T_IDENTIFIER T_SEMICOLON T_IF T_LEFT_PAREN T_IDENTIFIER T_GREATER T_IDENTIFIER T_RIGHT_PAREN T_LEFT_BRACE T_IDENTIFIER T_ASSIGN T_IDENTIFIER T_SEMICOLON T_RIGHT_BRACE T_ELSE T_IF T_LEFT_PAREN T_IDENTIFIER T_LESS T_IDENTIFIER T_RIGHT_PAREN T_LEFT_BRACE T_IDENTIFIER T_ASSIGN T_IDENTIFIER T_PLUS T_INTEGER_LITERAL T_SEMICOLON T_RIGHT_BRACE T_ELSE T_LEFT_BRACE T_IDENTIFIER T_ASSIGN T_INTEGER_LITERAL T_SEMICOLON T_RIGHT_BRACE T_WHILE T_LEFT_PAREN T_IDENTIFIER T_GREATER T_INTEGER_LITERAL T_RIGHT_PAREN T_LEFT_BRACE T_IDENTIFIER T_DECREMENT T_SEMICOLON T_RIGHT_BRACE T_FOR T_LEFT_PAREN T_IDENTIFIER T_ASSIGN T_INTEGER_LITERAL T_SEMICOLON T_IDENTIFIER T_LESS T_INTEGER_LITERAL T_SEMICOLON T_IDENTIFIER T_INCREMENT T_RIGHT_PAREN T_LEFT_BRACE T_IDENTIFIER T_ASSIGN T_IDENTIFIER T_PLUS T_IDENTIFIER T_SEMICOLON T_RIGHT_BRACE T_FOR T_LEFT_PAREN T_IDENTIFIER T_ASSIGN T_INTEGER_LITERAL T_SEMICOLON T_IDENTIFIER T_LESS T_INTEGER_LITERAL T_SEMICOLON T_IDENTIFIER T_INCREMENT T_RIGHT_PAREN T_LEFT_BRACE T_IDENTIFIER T_LEFT_SQUARE T_IDENTIFIER T_RIGHT_SQUARE T_ASSIGN T_IDENTIFIER T_SEMICOLON T_RIGHT_BRACE T_IDENTIFIER T_ASSIGN T_NOT T_IDENTIFIER T_SEMICOLON T_IDENTIFIER T_ASSIGN T_IDENTIFIER T_MOD T_INTEGER_LITERAL T_SEMICOLON T_IDENTIFIER T_ASSIGN T_IDENTIFIER T_BITAND T_INTEGER_LITERAL T_SEMICOLON T_IDENTIFIER T_ASSIGN T_IDENTIFIER T_BITOR T_INTEGER_LITERAL T_SEMICOLON T_IDENTIFIER T_ASSIGN T_IDENTIFIER T_BITXOR T_INTEGER_LITERAL T_SEMICOLON T_IDENTIFIER T_ASSIGN T_BITNOT T_IDENTIFIER T_SEMICOLON T_INT T_IDENTIFIER T_ASSIGN T_IDENTIFIER T_LEFT_PAREN T_IDENTIFIER T_COMMA T_IDENTIFIER T_RIGHT_PAREN T_SEMICOLON T_LEFT_BRACE T_INT T_IDENTIFIER T_ASSIGN T_INTEGER_LITERAL T_SEMICOLON T_IDENTIFIER T_ASSIGN T_IDENTIFIER T_PLUS T_INTEGER_LITERAL T_SEMICOLON T_RIGHT_BRACE T_RETURN T_INTEGER_LITERAL T_SEMICOLON T_RIGHT_BRACE T_EOF 

State Stack: 0 8 8 9 16 18 23 50 118 118 118 119 
Symbol Stack: declaration declaration type_specifier T_IDENTIFIER T_LEFT_PAREN T_RIGHT_PAREN T_LEFT_BRACE statement statement statement type_specifier 
Input Stack: T_IDENTIFIER T_ASSIGN T_CHAR_LITERAL T_SEMICOLON T_INT T_IDENTIFIER T_ASSIGN T_INTEGER_LITERAL T_SEMICOLON T_CHAR T_IDENTIFIER T_LEFT_SQUARE T_INTEGER_LITERAL T_RIGHT_SQUARE T_SEMICOLON T_IDENTIFIER T_ASSIGN T_STRING_LITERAL T_SEMICOLON T_IDENTIFIER T_INCREMENT T_SEMICOLON T_INCREMENT T_IDENTIFIER T_SEMICOLON T_IF T_LEFT_PAREN T_IDENTIFIER T_GREATER T_IDENTIFIER T_RIGHT_PAREN T_LEFT_BRACE T_IDENTIFIER T_ASSIGN T_IDENTIFIER T_SEMICOLON T_RIGHT_BRACE T_ELSE T_IF T_LEFT_PAREN T_IDENTIFIER T_LESS T_IDENTIFIER T_RIGHT_PAREN T_LEFT_BRACE T_IDENTIFIER T_ASSIGN T_IDENTIFIER T_PLUS T_INTEGER_LITERAL T_SEMICOLON T_RIGHT_BRACE T_ELSE T_LEFT_BRACE T_IDENTIFIER T_ASSIGN T_INTEGER_LITERAL T_SEMICOLON T_RIGHT_BRACE T_WHILE T_LEFT_PAREN T_IDENTIFIER T_GREATER T_INTEGER_LITERAL T_RIGHT_PAREN T_LEFT_BRACE T_IDENTIFIER T_DECREMENT T_SEMICOLON T_RIGHT_BRACE T_FOR T_LEFT_PAREN T_IDENTIFIER T_ASSIGN T_INTEGER_LITERAL T_SEMICOLON T_IDENTIFIER T_LESS T_INTEGER_LITERAL T_SEMICOLON T_IDENTIFIER T_INCREMENT T_RIGHT_PAREN T_LEFT_BRACE T_IDENTIFIER T_ASSIGN T_IDENTIFIER T_PLUS T_IDENTIFIER T_SEMICOLON T_RIGHT_BRACE T_FOR T_LEFT_PAREN T_IDENTIFIER T_ASSIGN T_INTEGER_LITERAL T_SEMICOLON T_IDENTIFIER T_LESS T_INTEGER_LITERAL T_SEMICOLON T_IDENTIFIER T_INCREMENT T_RIGHT_PAREN T_LEFT_BRACE T_IDENTIFIER T_LEFT_SQUARE T_IDENTIFIER T_RIGHT_SQUARE T_ASSIGN T_IDENTIFIER T_SEMICOLON T_RIGHT_BRACE T_IDENTIFIER T_ASSIGN T_NOT T_IDENTIFIER T_SEMICOLON T_IDENTIFIER T_ASSIGN T_IDENTIFIER T_MOD T_INTEGER_LITERAL T_SEMICOLON T_IDENTIFIER T_ASSIGN T_IDENTIFIER T_BITAND T_INTEGER_LITERAL T_SEMICOLON T_IDENTIFIER T_ASSIGN T_IDENTIFIER T_BITOR T_INTEGER_LITERAL T_SEMICOLON T_IDENTIFIER T_ASSIGN T_IDENTIFIER T_BITXOR T_INTEGER_LITERAL T_SEMICOLON T_IDENTIFIER T_ASSIGN T_BITNOT T_IDENTIFIER T_SEMICOLON T_INT T_IDENTIFIER T_ASSIGN T_IDENTIFIER T_LEFT_PAREN T_IDENTIFIER T_COMMA T_IDENTIFIER T_RIGHT_PAREN T_SEMICOLON T_LEFT_BRACE T_INT T_IDENTIFIER T_ASSIGN T_INTEGER_LITERAL T_SEMICOLON T_IDENTIFIER T_ASSIGN T_IDENTIFIER T_PLUS T_INTEGER_LITERAL T_SEMICOLON T_RIGHT_BRACE T_RETURN T_INTEGER_LITERAL T_SEMICOLON T_RIGHT_BRACE T_EOF 

State Stack: 0 8 8 9 16 18 23 50 118 118 118 119 210 
Symbol Stack: declaration declaration type_specifier T_IDENTIFIER T_LEFT_PAREN T_RIGHT_PAREN T_LEFT_BRACE statement statement statement type_specifier T_IDENTIFIER 
Input Stack: T_ASSIGN T_CHAR_LITERAL T_SEMICOLON T_INT T_IDENTIFIER T_ASSIGN T_INTEGER_LITERAL T_SEMICOLON T_CHAR T_IDENTIFIER T_LEFT_SQUARE T_INTEGER_LITERAL T_RIGHT_SQUARE T_SEMICOLON T_IDENTIFIER T_ASSIGN T_STRING_LITERAL T_SEMICOLON T_IDENTIFIER T_INCREMENT T_SEMICOLON T_INCREMENT T_IDENTIFIER T_SEMICOLON T_IF T_LEFT_PAREN T_IDENTIFIER T_GREATER T_IDENTIFIER T_RIGHT_PAREN T_LEFT_BRACE T_IDENTIFIER T_ASSIGN T_IDENTIFIER T_SEMICOLON T_RIGHT_BRACE T_ELSE T_IF T_LEFT_PAREN T_IDENTIFIER T_LESS T_IDENTIFIER T_RIGHT_PAREN T_LEFT_BRACE T_IDENTIFIER T_ASSIGN T_IDENTIFIER T_PLUS T_INTEGER_LITERAL T_SEMICOLON T_RIGHT_BRACE T_ELSE T_LEFT_BRACE T_IDENTIFIER T_ASSIGN T_INTEGER_LITERAL T_SEMICOLON T_RIGHT_BRACE T_WHILE T_LEFT_PAREN T_IDENTIFIER T_GREATER T_INTEGER_LITERAL T_RIGHT_PAREN T_LEFT_BRACE T_IDENTIFIER T_DECREMENT T_SEMICOLON T_RIGHT_BRACE T_FOR T_LEFT_PAREN T_IDENTIFIER T_ASSIGN T_INTEGER_LITERAL T_SEMICOLON T_IDENTIFIER T_LESS T_INTEGER_LITERAL T_SEMICOLON T_IDENTIFIER T_INCREMENT T_RIGHT_PAREN T_LEFT_BRACE T_IDENTIFIER T_ASSIGN T_IDENTIFIER T_PLUS T_IDENTIFIER T_SEMICOLON T_RIGHT_BRACE T_FOR T_LEFT_PAREN T_IDENTIFIER T_ASSIGN T_INTEGER_LITERAL T_SEMICOLON T_IDENTIFIER T_LESS T_INTEGER_LITERAL T_SEMICOLON T_IDENTIFIER T_INCREMENT T_RIGHT_PAREN T_LEFT_BRACE T_IDENTIFIER T_LEFT_SQUARE T_IDENTIFIER T_RIGHT_SQUARE T_ASSIGN T_IDENTIFIER T_SEMICOLON T_RIGHT_BRACE T_IDENTIFIER T_ASSIGN T_NOT T_IDENTIFIER T_SEMICOLON T_IDENTIFIER T_ASSIGN T_IDENTIFIER T_MOD T_INTEGER_LITERAL T_SEMICOLON T_IDENTIFIER T_ASSIGN T_IDENTIFIER T_BITAND T_INTEGER_LITERAL T_SEMICOLON T_IDENTIFIER T_ASSIGN T_IDENTIFIER T_BITOR T_INTEGER_LITERAL T_SEMICOLON T_IDENTIFIER T_ASSIGN T_IDENTIFIER T_BITXOR T_INTEGER_LITERAL T_SEMICOLON T_IDENTIFIER T_ASSIGN T_BITNOT T_IDENTIFIER T_SEMICOLON T_INT T_IDENTIFIER T_ASSIGN T_IDENTIFIER T_LEFT_PAREN T_IDENTIFIER T_COMMA T_IDENTIFIER T_RIGHT_PAREN T_SEMICOLON T_LEFT_BRACE T_INT T_IDENTIFIER T_ASSIGN T_INTEGER_LITERAL T_SEMICOLON T_IDENTIFIER T_ASSIGN T_IDENTIFIER T_PLUS T_INTEGER_LITERAL T_SEMICOLON T_RIGHT_BRACE T_RETURN T_INTEGER_LITERAL T_SEMICOLON T_RIGHT_BRACE T_EOF 

State Stack: 0 8 8 9 16 18 23 50 118 118 118 119 210 19 
Symbol Stack: declaration declaration type_specifier T_IDENTIFIER T_LEFT_PAREN T_RIGHT_PAREN T_LEFT_BRACE statement statement statement type_specifier T_IDENTIFIER T_ASSIGN 
Input Stack: T_CHAR_LITERAL T_SEMICOLON T_INT T_IDENTIFIER T_ASSIGN T_INTEGER_LITERAL T_SEMICOLON T_CHAR T_IDENTIFIER T_LEFT_SQUARE T_INTEGER_LITERAL T_RIGHT_SQUARE T_SEMICOLON T_IDENTIFIER T_ASSIGN T_STRING_LITERAL T_SEMICOLON T_IDENTIFIER T_INCREMENT T_SEMICOLON T_INCREMENT T_IDENTIFIER T_SEMICOLON T_IF T_LEFT_PAREN T_IDENTIFIER T_GREATER T_IDENTIFIER T_RIGHT_PAREN T_LEFT_BRACE T_IDENTIFIER T_ASSIGN T_IDENTIFIER T_SEMICOLON T_RIGHT_BRACE T_ELSE T_IF T_LEFT_PAREN T_IDENTIFIER T_LESS T_IDENTIFIER T_RIGHT_PAREN T_LEFT_BRACE T_IDENTIFIER T_ASSIGN T_IDENTIFIER T_PLUS T_INTEGER_LITERAL T_SEMICOLON T_RIGHT_BRACE T_ELSE T_LEFT_BRACE T_IDENTIFIER T_ASSIGN T_INTEGER_LITERAL T_SEMICOLON T_RIGHT_BRACE T_WHILE T_LEFT_PAREN T_IDENTIFIER T_GREATER T_INTEGER_LITERAL T_RIGHT_PAREN T_LEFT_BRACE T_IDENTIFIER T_DECREMENT T_SEMICOLON T_RIGHT_BRACE T_FOR T_LEFT_PAREN T_IDENTIFIER T_ASSIGN T_INTEGER_LITERAL T_SEMICOLON T_IDENTIFIER T_LESS T_INTEGER_LITERAL T_SEMICOLON T_IDENTIFIER T_INCREMENT T_RIGHT_PAREN T_LEFT_BRACE T_IDENTIFIER T_ASSIGN T_IDENTIFIER T_PLUS T_IDENTIFIER T_SEMICOLON T_RIGHT_BRACE T_FOR T_LEFT_PAREN T_IDENTIFIER T_ASSIGN T_INTEGER_LITERAL T_SEMICOLON T_IDENTIFIER T_LESS T_INTEGER_LITERAL T_SEMICOLON T_IDENTIFIER T_INCREMENT T_RIGHT_PAREN T_LEFT_BRACE T_IDENTIFIER T_LEFT_SQUARE T_IDENTIFIER T_RIGHT_SQUARE T_ASSIGN T_IDENTIFIER T_SEMICOLON T_RIGHT_BRACE T_IDENTIFIER T_ASSIGN T_NOT T_IDENTIFIER T_SEMICOLON T_IDENTIFIER T_ASSIGN T_IDENTIFIER T_MOD T_INTEGER_LITERAL T_SEMICOLON T_IDENTIFIER T_ASSIGN T_IDENTIFIER T_BITAND T_INTEGER_LITERAL T_SEMICOLON T_IDENTIFIER T_ASSIGN T_IDENTIFIER T_BITOR T_INTEGER_LITERAL T_SEMICOLON T_IDENTIFIER T_ASSIGN T_IDENTIFIER T_BITXOR T_INTEGER_LITERAL T_SEMICOLON T_IDENTIFIER T_ASSIGN T_BITNOT T_IDENTIFIER T_SEMICOLON T_INT T_IDENTIFIER T_ASSIGN T_IDENTIFIER T_LEFT_PAREN T_IDENTIFIER T_COMMA T_IDENTIFIER T_RIGHT_PAREN T_SEMICOLON T_LEFT_BRACE T_INT T_IDENTIFIER T_ASSIGN T_INTEGER_LITERAL T_SEMICOLON T_IDENTIFIER T_ASSIGN T_IDENTIFIER T_PLUS T_INTEGER_LITERAL T_SEMICOLON T_RIGHT_BRACE T_RETURN T_INTEGER_LITERAL T_SEMICOLON T_RIGHT_BRACE T_EOF 

State Stack: 0 8 8 9 16 18 23 50 118 118 118 119 210 19 31 
Symbol Stack: declaration declaration type_specifier T_IDENTIFIER T_LEFT_PAREN T_RIGHT_PAREN T_LEFT_BRACE statement statement statement type_specifier T_IDENTIFIER T_ASSIGN T_CHAR_LITERAL 
Input Stack: T_SEMICOLON T_INT T_IDENTIFIER T_ASSIGN T_INTEGER_LITERAL T_SEMICOLON T_CHAR T_IDENTIFIER T_LEFT_SQUARE T_INTEGER_LITERAL T_RIGHT_SQUARE T_SEMICOLON T_IDENTIFIER T_ASSIGN T_STRING_LITERAL T_SEMICOLON T_IDENTIFIER T_INCREMENT T_SEMICOLON T_INCREMENT T_IDENTIFIER T_SEMICOLON T_IF T_LEFT_PAREN T_IDENTIFIER T_GREATER T_IDENTIFIER T_RIGHT_PAREN T_LEFT_BRACE T_IDENTIFIER T_ASSIGN T_IDENTIFIER T_SEMICOLON T_RIGHT_BRACE T_ELSE T_IF T_LEFT_PAREN T_IDENTIFIER T_LESS T_IDENTIFIER T_RIGHT_PAREN T_LEFT_BRACE T_IDENTIFIER T_ASSIGN T_IDENTIFIER T_PLUS T_INTEGER_LITERAL T_SEMICOLON T_RIGHT_BRACE T_ELSE T_LEFT_BRACE T_IDENTIFIER T_ASSIGN T_INTEGER_LITERAL T_SEMICOLON T_RIGHT_BRACE T_WHILE T_LEFT_PAREN T_IDENTIFIER T_GREATER T_INTEGER_LITERAL T_RIGHT_PAREN T_LEFT_BRACE T_IDENTIFIER T_DECREMENT T_SEMICOLON T_RIGHT_BRACE T_FOR T_LEFT_PAREN T_IDENTIFIER T_ASSIGN T_INTEGER_LITERAL T_SEMICOLON T_IDENTIFIER T_LESS T_INTEGER_LITERAL T_SEMICOLON T_IDENTIFIER T_INCREMENT T_RIGHT_PAREN T_LEFT_BRACE T_IDENTIFIER T_ASSIGN T_IDENTIFIER T_PLUS T_IDENTIFIER T_SEMICOLON T_RIGHT_BRACE T_FOR T_LEFT_PAREN T_IDENTIFIER T_ASSIGN T_INTEGER_LITERAL T_SEMICOLON T_IDENTIFIER T_LESS T_INTEGER_LITERAL T_SEMICOLON T_IDENTIFIER T_INCREMENT T_RIGHT_PAREN T_LEFT_BRACE T_IDENTIFIER T_LEFT_SQUARE T_IDENTIFIER T_RIGHT_SQUARE T_ASSIGN T_IDENTIFIER T_SEMICOLON T_RIGHT_BRACE T_IDENTIFIER T_ASSIGN T_NOT T_IDENTIFIER T_SEMICOLON T_IDENTIFIER T_ASSIGN T_IDENTIFIER T_MOD T_INTEGER_LITERAL T_SEMICOLON T_IDENTIFIER T_ASSIGN T_IDENTIFIER T_BITAND T_INTEGER_LITERAL T_SEMICOLON T_IDENTIFIER T_ASSIGN T_IDENTIFIER T_BITOR T_INTEGER_LITERAL T_SEMICOLON T_IDENTIFIER T_ASSIGN T_IDENTIFIER T_BITXOR T_INTEGER_LITERAL T_SEMICOLON T_IDENTIFIER T_ASSIGN T_BITNOT T_IDENTIFIER T_SEMICOLON T_INT T_IDENTIFIER T_ASSIGN T_IDENTIFIER T_LEFT_PAREN T_IDENTIFIER T_COMMA T_IDENTIFIER T_RIGHT_PAREN T_SEMICOLON T_LEFT_BRACE T_INT T_IDENTIFIER T_ASSIGN T_INTEGER_LITERAL T_SEMICOLON T_IDENTIFIER T_ASSIGN T_IDENTIFIER T_PLUS T_INTEGER_LITERAL T_SEMICOLON T_RIGHT_BRACE T_RETURN T_INTEGER_LITERAL T_SEMICOLON T_RIGHT_BRACE T_EOF 

State Stack: 0 8 8 9 16 18 23 50 118 118 118 119 210 19 47 
Symbol Stack: declaration declaration type_specifier T_IDENTIFIER T_LEFT_PAREN T_RIGHT_PAREN T_LEFT_BRACE statement statement statement type_specifier T_IDENTIFIER T_ASSIGN factor 
Input Stack: T_SEMICOLON T_INT T_IDENTIFIER T_ASSIGN T_INTEGER_LITERAL T_SEMICOLON T_CHAR T_IDENTIFIER T_LEFT_SQUARE T_INTEGER_LITERAL T_RIGHT_SQUARE T_SEMICOLON T_IDENTIFIER T_ASSIGN T_STRING_LITERAL T_SEMICOLON T_IDENTIFIER T_INCREMENT T_SEMICOLON T_INCREMENT T_IDENTIFIER T_SEMICOLON T_IF T_LEFT_PAREN T_IDENTIFIER T_GREATER T_IDENTIFIER T_RIGHT_PAREN T_LEFT_BRACE T_IDENTIFIER T_ASSIGN T_IDENTIFIER T_SEMICOLON T_RIGHT_BRACE T_ELSE T_IF T_LEFT_PAREN T_IDENTIFIER T_LESS T_IDENTIFIER T_RIGHT_PAREN T_LEFT_BRACE T_IDENTIFIER T_ASSIGN T_IDENTIFIER T_PLUS T_INTEGER_LITERAL T_SEMICOLON T_RIGHT_BRACE T_ELSE T_LEFT_BRACE T_IDENTIFIER T_ASSIGN T_INTEGER_LITERAL T_SEMICOLON T_RIGHT_BRACE T_WHILE T_LEFT_PAREN T_IDENTIFIER T_GREATER T_INTEGER_LITERAL T_RIGHT_PAREN T_LEFT_BRACE T_IDENTIFIER T_DECREMENT T_SEMICOLON T_RIGHT_BRACE T_FOR T_LEFT_PAREN T_IDENTIFIER T_ASSIGN T_INTEGER_LITERAL T_SEMICOLON T_IDENTIFIER T_LESS T_INTEGER_LITERAL T_SEMICOLON T_IDENTIFIER T_INCREMENT T_RIGHT_PAREN T_LEFT_BRACE T_IDENTIFIER T_ASSIGN T_IDENTIFIER T_PLUS T_IDENTIFIER T_SEMICOLON T_RIGHT_BRACE T_FOR T_LEFT_PAREN T_IDENTIFIER T_ASSIGN T_INTEGER_LITERAL T_SEMICOLON T_IDENTIFIER T_LESS T_INTEGER_LITERAL T_SEMICOLON T_IDENTIFIER T_INCREMENT T_RIGHT_PAREN T_LEFT_BRACE T_IDENTIFIER T_LEFT_SQUARE T_IDENTIFIER T_RIGHT_SQUARE T_ASSIGN T_IDENTIFIER T_SEMICOLON T_RIGHT_BRACE T_IDENTIFIER T_ASSIGN T_NOT T_IDENTIFIER T_SEMICOLON T_IDENTIFIER T_ASSIGN T_IDENTIFIER T_MOD T_INTEGER_LITERAL T_SEMICOLON T_IDENTIFIER T_ASSIGN T_IDENTIFIER T_BITAND T_INTEGER_LITERAL T_SEMICOLON T_IDENTIFIER T_ASSIGN T_IDENTIFIER T_BITOR T_INTEGER_LITERAL T_SEMICOLON T_IDENTIFIER T_ASSIGN T_IDENTIFIER T_BITXOR T_INTEGER_LITERAL T_SEMICOLON T_IDENTIFIER T_ASSIGN T_BITNOT T_IDENTIFIER T_SEMICOLON T_INT T_IDENTIFIER T_ASSIGN T_IDENTIFIER T_LEFT_PAREN T_IDENTIFIER T_COMMA T_IDENTIFIER T_RIGHT_PAREN T_SEMICOLON T_LEFT_BRACE T_INT T_IDENTIFIER T_ASSIGN T_INTEGER_LITERAL T_SEMICOLON T_IDENTIFIER T_ASSIGN T_IDENTIFIER T_PLUS T_INTEGER_LITERAL T_SEMICOLON T_RIGHT_BRACE T_RETURN T_INTEGER_LITERAL T_SEMICOLON T_RIGHT_BRACE T_EOF 

State Stack: 0 8 8 9 16 18 23 50 118 118 118 119 210 19 40 
Symbol Stack: declaration declaration type_specifier T_IDENTIFIER T_LEFT_PAREN T_RIGHT_PAREN T_LEFT_BRACE statement statement statement type_specifier T_IDENTIFIER T_ASSIGN term 
Input Stack: T_SEMICOLON T_INT T_IDENTIFIER T_ASSIGN T_INTEGER_LITERAL T_SEMICOLON T_CHAR T_IDENTIFIER T_LEFT_SQUARE T_INTEGER_LITERAL T_RIGHT_SQUARE T_SEMICOLON T_IDENTIFIER T_ASSIGN T_STRING_LITERAL T_SEMICOLON T_IDENTIFIER T_INCREMENT T_SEMICOLON T_INCREMENT T_IDENTIFIER T_SEMICOLON T_IF T_LEFT_PAREN T_IDENTIFIER T_GREATER T_IDENTIFIER T_RIGHT_PAREN T_LEFT_BRACE T_IDENTIFIER T_ASSIGN T_IDENTIFIER T_SEMICOLON T_RIGHT_BRACE T_ELSE T_IF T_LEFT_PAREN T_IDENTIFIER T_LESS T_IDENTIFIER T_RIGHT_PAREN T_LEFT_BRACE T_IDENTIFIER T_ASSIGN T_IDENTIFIER T_PLUS T_INTEGER_LITERAL T_SEMICOLON T_RIGHT_BRACE T_ELSE T_LEFT_BRACE T_IDENTIFIER T_ASSIGN T_INTEGER_LITERAL T_SEMICOLON T_RIGHT_BRACE T_WHILE T_LEFT_PAREN T_IDENTIFIER T_GREATER T_INTEGER_LITERAL T_RIGHT_PAREN T_LEFT_BRACE T_IDENTIFIER T_DECREMENT T_SEMICOLON T_RIGHT_BRACE T_FOR T_LEFT_PAREN T_IDENTIFIER T_ASSIGN T_INTEGER_LITERAL T_SEMICOLON T_IDENTIFIER T_LESS T_INTEGER_LITERAL T_SEMICOLON T_IDENTIFIER T_INCREMENT T_RIGHT_PAREN T_LEFT_BRACE T_IDENTIFIER T_ASSIGN T_IDENTIFIER T_PLUS T_IDENTIFIER T_SEMICOLON T_RIGHT_BRACE T_FOR T_LEFT_PAREN T_IDENTIFIER T_ASSIGN T_INTEGER_LITERAL T_SEMICOLON T_IDENTIFIER T_LESS T_INTEGER_LITERAL T_SEMICOLON T_IDENTIFIER T_INCREMENT T_RIGHT_PAREN T_LEFT_BRACE T_IDENTIFIER T_LEFT_SQUARE T_IDENTIFIER T_RIGHT_SQUARE T_ASSIGN T_IDENTIFIER T_SEMICOLON T_RIGHT_BRACE T_IDENTIFIER T_ASSIGN T_NOT T_IDENTIFIER T_SEMICOLON T_IDENTIFIER T_ASSIGN T_IDENTIFIER T_MOD T_INTEGER_LITERAL T_SEMICOLON T_IDENTIFIER T_ASSIGN T_IDENTIFIER T_BITAND T_INTEGER_LITERAL T_SEMICOLON T_IDENTIFIER T_ASSIGN T_IDENTIFIER T_BITOR T_INTEGER_LITERAL T_SEMICOLON T_IDENTIFIER T_ASSIGN T_IDENTIFIER T_BITXOR T_INTEGER_LITERAL T_SEMICOLON T_IDENTIFIER T_ASSIGN T_BITNOT T_IDENTIFIER T_SEMICOLON T_INT T_IDENTIFIER T_ASSIGN T_IDENTIFIER T_LEFT_PAREN T_IDENTIFIER T_COMMA T_IDENTIFIER T_RIGHT_PAREN T_SEMICOLON T_LEFT_BRACE T_INT T_IDENTIFIER T_ASSIGN T_INTEGER_LITERAL T_SEMICOLON T_IDENTIFIER T_ASSIGN T_IDENTIFIER T_PLUS T_INTEGER_LITERAL T_SEMICOLON T_RIGHT_BRACE T_RETURN T_INTEGER_LITERAL T_SEMICOLON T_RIGHT_BRACE T_EOF 

State Stack: 0 8 8 9 16 18 23 50 118 118 118 119 210 19 39 
Symbol Stack: declaration declaration type_specifier T_IDENTIFIER T_LEFT_PAREN T_RIGHT_PAREN T_LEFT_BRACE statement statement statement type_specifier T_IDENTIFIER T_ASSIGN additive_expression 
Input Stack: T_SEMICOLON T_INT T_IDENTIFIER T_ASSIGN T_INTEGER_LITERAL T_SEMICOLON T_CHAR T_IDENTIFIER T_LEFT_SQUARE T_INTEGER_LITERAL T_RIGHT_SQUARE T_SEMICOLON T_IDENTIFIER T_ASSIGN T_STRING_LITERAL T_SEMICOLON T_IDENTIFIER T_INCREMENT T_SEMICOLON T_INCREMENT T_IDENTIFIER T_SEMICOLON T_IF T_LEFT_PAREN T_IDENTIFIER T_GREATER T_IDENTIFIER T_RIGHT_PAREN T_LEFT_BRACE T_IDENTIFIER T_ASSIGN T_IDENTIFIER T_SEMICOLON T_RIGHT_BRACE T_ELSE T_IF T_LEFT_PAREN T_IDENTIFIER T_LESS T_IDENTIFIER T_RIGHT_PAREN T_LEFT_BRACE T_IDENTIFIER T_ASSIGN T_IDENTIFIER T_PLUS T_INTEGER_LITERAL T_SEMICOLON T_RIGHT_BRACE T_ELSE T_LEFT_BRACE T_IDENTIFIER T_ASSIGN T_INTEGER_LITERAL T_SEMICOLON T_RIGHT_BRACE T_WHILE T_LEFT_PAREN T_IDENTIFIER T_GREATER T_INTEGER_LITERAL T_RIGHT_PAREN T_LEFT_BRACE T_IDENTIFIER T_DECREMENT T_SEMICOLON T_RIGHT_BRACE T_FOR T_LEFT_PAREN T_IDENTIFIER T_ASSIGN T_INTEGER_LITERAL T_SEMICOLON T_IDENTIFIER T_LESS T_INTEGER_LITERAL T_SEMICOLON T_IDENTIFIER T_INCREMENT T_RIGHT_PAREN T_LEFT_BRACE T_IDENTIFIER T_ASSIGN T_IDENTIFIER T_PLUS T_IDENTIFIER T_SEMICOLON T_RIGHT_BRACE T_FOR T_LEFT_PAREN T_IDENTIFIER T_ASSIGN T_INTEGER_LITERAL T_SEMICOLON T_IDENTIFIER T_LESS T_INTEGER_LITERAL T_SEMICOLON T_IDENTIFIER T_INCREMENT T_RIGHT_PAREN T_LEFT_BRACE T_IDENTIFIER T_LEFT_SQUARE T_IDENTIFIER T_RIGHT_SQUARE T_ASSIGN T_IDENTIFIER T_SEMICOLON T_RIGHT_BRACE T_IDENTIFIER T_ASSIGN T_NOT T_IDENTIFIER T_SEMICOLON T_IDENTIFIER T_ASSIGN T_IDENTIFIER T_MOD T_INTEGER_LITERAL T_SEMICOLON T_IDENTIFIER T_ASSIGN T_IDENTIFIER T_BITAND T_INTEGER_LITERAL T_SEMICOLON T_IDENTIFIER T_ASSIGN T_IDENTIFIER T_BITOR T_INTEGER_LITERAL T_SEMICOLON T_IDENTIFIER T_ASSIGN T_IDENTIFIER T_BITXOR T_INTEGER_LITERAL T_SEMICOLON T_IDENTIFIER T_ASSIGN T_BITNOT T_IDENTIFIER T_SEMICOLON T_INT T_IDENTIFIER T_ASSIGN T_IDENTIFIER T_LEFT_PAREN T_IDENTIFIER T_COMMA T_IDENTIFIER T_RIGHT_PAREN T_SEMICOLON T_LEFT_BRACE T_INT T_IDENTIFIER T_ASSIGN T_INTEGER_LITERAL T_SEMICOLON T_IDENTIFIER T_ASSIGN T_IDENTIFIER T_PLUS T_INTEGER_LITERAL T_SEMICOLON T_RIGHT_BRACE T_RETURN T_INTEGER_LITERAL T_SEMICOLON T_RIGHT_BRACE T_EOF 

State Stack: 0 8 8 9 16 18 23 50 118 118 118 119 210 19 42 
Symbol Stack: declaration declaration type_specifier T_IDENTIFIER T_LEFT_PAREN T_RIGHT_PAREN T_LEFT_BRACE statement statement statement type_specifier T_IDENTIFIER T_ASSIGN simple_expression 
Input Stack: T_SEMICOLON T_INT T_IDENTIFIER T_ASSIGN T_INTEGER_LITERAL T_SEMICOLON T_CHAR T_IDENTIFIER T_LEFT_SQUARE T_INTEGER_LITERAL T_RIGHT_SQUARE T_SEMICOLON T_IDENTIFIER T_ASSIGN T_STRING_LITERAL T_SEMICOLON T_IDENTIFIER T_INCREMENT T_SEMICOLON T_INCREMENT T_IDENTIFIER T_SEMICOLON T_IF T_LEFT_PAREN T_IDENTIFIER T_GREATER T_IDENTIFIER T_RIGHT_PAREN T_LEFT_BRACE T_IDENTIFIER T_ASSIGN T_IDENTIFIER T_SEMICOLON T_RIGHT_BRACE T_ELSE T_IF T_LEFT_PAREN T_IDENTIFIER T_LESS T_IDENTIFIER T_RIGHT_PAREN T_LEFT_BRACE T_IDENTIFIER T_ASSIGN T_IDENTIFIER T_PLUS T_INTEGER_LITERAL T_SEMICOLON T_RIGHT_BRACE T_ELSE T_LEFT_BRACE T_IDENTIFIER T_ASSIGN T_INTEGER_LITERAL T_SEMICOLON T_RIGHT_BRACE T_WHILE T_LEFT_PAREN T_IDENTIFIER T_GREATER T_INTEGER_LITERAL T_RIGHT_PAREN T_LEFT_BRACE T_IDENTIFIER T_DECREMENT T_SEMICOLON T_RIGHT_BRACE T_FOR T_LEFT_PAREN T_IDENTIFIER T_ASSIGN T_INTEGER_LITERAL T_SEMICOLON T_IDENTIFIER T_LESS T_INTEGER_LITERAL T_SEMICOLON T_IDENTIFIER T_INCREMENT T_RIGHT_PAREN T_LEFT_BRACE T_IDENTIFIER T_ASSIGN T_IDENTIFIER T_PLUS T_IDENTIFIER T_SEMICOLON T_RIGHT_BRACE T_FOR T_LEFT_PAREN T_IDENTIFIER T_ASSIGN T_INTEGER_LITERAL T_SEMICOLON T_IDENTIFIER T_LESS T_INTEGER_LITERAL T_SEMICOLON T_IDENTIFIER T_INCREMENT T_RIGHT_PAREN T_LEFT_BRACE T_IDENTIFIER T_LEFT_SQUARE T_IDENTIFIER T_RIGHT_SQUARE T_ASSIGN T_IDENTIFIER T_SEMICOLON T_RIGHT_BRACE T_IDENTIFIER T_ASSIGN T_NOT T_IDENTIFIER T_SEMICOLON T_IDENTIFIER T_ASSIGN T_IDENTIFIER T_MOD T_INTEGER_LITERAL T_SEMICOLON T_IDENTIFIER T_ASSIGN T_IDENTIFIER T_BITAND T_INTEGER_LITERAL T_SEMICOLON T_IDENTIFIER T_ASSIGN T_IDENTIFIER T_BITOR T_INTEGER_LITERAL T_SEMICOLON T_IDENTIFIER T_ASSIGN T_IDENTIFIER T_BITXOR T_INTEGER_LITERAL T_SEMICOLON T_IDENTIFIER T_ASSIGN T_BITNOT T_IDENTIFIER T_SEMICOLON T_INT T_IDENTIFIER T_ASSIGN T_IDENTIFIER T_LEFT_PAREN T_IDENTIFIER T_COMMA T_IDENTIFIER T_RIGHT_PAREN T_SEMICOLON T_LEFT_BRACE T_INT T_IDENTIFIER T_ASSIGN T_INTEGER_LITERAL T_SEMICOLON T_IDENTIFIER T_ASSIGN T_IDENTIFIER T_PLUS T_INTEGER_LITERAL T_SEMICOLON T_RIGHT_BRACE T_RETURN T_INTEGER_LITERAL T_SEMICOLON T_RIGHT_BRACE T_EOF 

State Stack: 0 8 8 9 16 18 23 50 118 118 118 119 210 19 46 
Symbol Stack: declaration declaration type_specifier T_IDENTIFIER T_LEFT_PAREN T_RIGHT_PAREN T_LEFT_BRACE statement statement statement type_specifier T_IDENTIFIER T_ASSIGN expression 
Input Stack: T_SEMICOLON T_INT T_IDENTIFIER T_ASSIGN T_INTEGER_LITERAL T_SEMICOLON T_CHAR T_IDENTIFIER T_LEFT_SQUARE T_INTEGER_LITERAL T_RIGHT_SQUARE T_SEMICOLON T_IDENTIFIER T_ASSIGN T_STRING_LITERAL T_SEMICOLON T_IDENTIFIER T_INCREMENT T_SEMICOLON T_INCREMENT T_IDENTIFIER T_SEMICOLON T_IF T_LEFT_PAREN T_IDENTIFIER T_GREATER T_IDENTIFIER T_RIGHT_PAREN T_LEFT_BRACE T_IDENTIFIER T_ASSIGN T_IDENTIFIER T_SEMICOLON T_RIGHT_BRACE T_ELSE T_IF T_LEFT_PAREN T_IDENTIFIER T_LESS T_IDENTIFIER T_RIGHT_PAREN T_LEFT_BRACE T_IDENTIFIER T_ASSIGN T_IDENTIFIER T_PLUS T_INTEGER_LITERAL T_SEMICOLON T_RIGHT_BRACE T_ELSE T_LEFT_BRACE T_IDENTIFIER T_ASSIGN T_INTEGER_LITERAL T_SEMICOLON T_RIGHT_BRACE T_WHILE T_LEFT_PAREN T_IDENTIFIER T_GREATER T_INTEGER_LITERAL T_RIGHT_PAREN T_LEFT_BRACE T_IDENTIFIER T_DECREMENT T_SEMICOLON T_RIGHT_BRACE T_FOR T_LEFT_PAREN T_IDENTIFIER T_ASSIGN T_INTEGER_LITERAL T_SEMICOLON T_IDENTIFIER T_LESS T_INTEGER_LITERAL T_SEMICOLON T_IDENTIFIER T_INCREMENT T_RIGHT_PAREN T_LEFT_BRACE T_IDENTIFIER T_ASSIGN T_IDENTIFIER T_PLUS T_IDENTIFIER T_SEMICOLON T_RIGHT_BRACE T_FOR T_LEFT_PAREN T_IDENTIFIER T_ASSIGN T_INTEGER_LITERAL T_SEMICOLON T_IDENTIFIER T_LESS T_INTEGER_LITERAL T_SEMICOLON T_IDENTIFIER T_INCREMENT T_RIGHT_PAREN T_LEFT_BRACE T_IDENTIFIER T_LEFT_SQUARE T_IDENTIFIER T_RIGHT_SQUARE T_ASSIGN T_IDENTIFIER T_SEMICOLON T_RIGHT_BRACE T_IDENTIFIER T_ASSIGN T_NOT T_IDENTIFIER T_SEMICOLON T_IDENTIFIER T_ASSIGN T_IDENTIFIER T_MOD T_INTEGER_LITERAL T_SEMICOLON T_IDENTIFIER T_ASSIGN T_IDENTIFIER T_BITAND T_INTEGER_LITERAL T_SEMICOLON T_IDENTIFIER T_ASSIGN T_IDENTIFIER T_BITOR T_INTEGER_LITERAL T_SEMICOLON T_IDENTIFIER T_ASSIGN T_IDENTIFIER T_BITXOR T_INTEGER_LITERAL T_SEMICOLON T_IDENTIFIER T_ASSIGN T_BITNOT T_IDENTIFIER T_SEMICOLON T_INT T_IDENTIFIER T_ASSIGN T_IDENTIFIER T_LEFT_PAREN T_IDENTIFIER T_COMMA T_IDENTIFIER T_RIGHT_PAREN T_SEMICOLON T_LEFT_BRACE T_INT T_IDENTIFIER T_ASSIGN T_INTEGER_LITERAL T_SEMICOLON T_IDENTIFIER T_ASSIGN T_IDENTIFIER T_PLUS T_INTEGER_LITERAL T_SEMICOLON T_RIGHT_BRACE T_RETURN T_INTEGER_LITERAL T_SEMICOLON T_RIGHT_BRACE T_EOF 

State Stack: 0 8 8 9 16 18 23 50 118 118 118 119 210 299 
Symbol Stack: declaration declaration type_specifier T_IDENTIFIER T_LEFT_PAREN T_RIGHT_PAREN T_LEFT_BRACE statement statement statement type_specifier T_IDENTIFIER opt_init 
Input Stack: T_SEMICOLON T_INT T_IDENTIFIER T_ASSIGN T_INTEGER_LITERAL T_SEMICOLON T_CHAR T_IDENTIFIER T_LEFT_SQUARE T_INTEGER_LITERAL T_RIGHT_SQUARE T_SEMICOLON T_IDENTIFIER T_ASSIGN T_STRING_LITERAL T_SEMICOLON T_IDENTIFIER T_INCREMENT T_SEMICOLON T_INCREMENT T_IDENTIFIER T_SEMICOLON T_IF T_LEFT_PAREN T_IDENTIFIER T_GREATER T_IDENTIFIER T_RIGHT_PAREN T_LEFT_BRACE T_IDENTIFIER T_ASSIGN T_IDENTIFIER T_SEMICOLON T_RIGHT_BRACE T_ELSE T_IF T_LEFT_PAREN T_IDENTIFIER T_LESS T_IDENTIFIER T_RIGHT_PAREN T_LEFT_BRACE T_IDENTIFIER T_ASSIGN T_IDENTIFIER T_PLUS T_INTEGER_LITERAL T_SEMICOLON T_RIGHT_BRACE T_ELSE T_LEFT_BRACE T_IDENTIFIER T_ASSIGN T_INTEGER_LITERAL T_SEMICOLON T_RIGHT_BRACE T_WHILE T_LEFT_PAREN T_IDENTIFIER T_GREATER T_INTEGER_LITERAL T_RIGHT_PAREN T_LEFT_BRACE T_IDENTIFIER T_DECREMENT T_SEMICOLON T_RIGHT_BRACE T_FOR T_LEFT_PAREN T_IDENTIFIER T_ASSIGN T_INTEGER_LITERAL T_SEMICOLON T_IDENTIFIER T_LESS T_INTEGER_LITERAL T_SEMICOLON T_IDENTIFIER T_INCREMENT T_RIGHT_PAREN T_LEFT_BRACE T_IDENTIFIER T_ASSIGN T_IDENTIFIER T_PLUS T_IDENTIFIER T_SEMICOLON T_RIGHT_BRACE T_FOR T_LEFT_PAREN T_IDENTIFIER T_ASSIGN T_INTEGER_LITERAL T_SEMICOLON T_IDENTIFIER T_LESS T_INTEGER_LITERAL T_SEMICOLON T_IDENTIFIER T_INCREMENT T_RIGHT_PAREN T_LEFT_BRACE T_IDENTIFIER T_LEFT_SQUARE T_IDENTIFIER T_RIGHT_SQUARE T_ASSIGN T_IDENTIFIER T_SEMICOLON T_RIGHT_BRACE T_IDENTIFIER T_ASSIGN T_NOT T_IDENTIFIER T_SEMICOLON T_IDENTIFIER T_ASSIGN T_IDENTIFIER T_MOD T_INTEGER_LITERAL T_SEMICOLON T_IDENTIFIER T_ASSIGN T_IDENTIFIER T_BITAND T_INTEGER_LITERAL T_SEMICOLON T_IDENTIFIER T_ASSIGN T_IDENTIFIER T_BITOR T_INTEGER_LITERAL T_SEMICOLON T_IDENTIFIER T_ASSIGN T_IDENTIFIER T_BITXOR T_INTEGER_LITERAL T_SEMICOLON T_IDENTIFIER T_ASSIGN T_BITNOT T_IDENTIFIER T_SEMICOLON T_INT T_IDENTIFIER T_ASSIGN T_IDENTIFIER T_LEFT_PAREN T_IDENTIFIER T_COMMA T_IDENTIFIER T_RIGHT_PAREN T_SEMICOLON T_LEFT_BRACE T_INT T_IDENTIFIER T_ASSIGN T_INTEGER_LITERAL T_SEMICOLON T_IDENTIFIER T_ASSIGN T_IDENTIFIER T_PLUS T_INTEGER_LITERAL T_SEMICOLON T_RIGHT_BRACE T_RETURN T_INTEGER_LITERAL T_SEMICOLON T_RIGHT_BRACE T_EOF 

State Stack: 0 8 8 9 16 18 23 50 118 118 118 119 210 299 388 
Symbol Stack: declaration declaration type_specifier T_IDENTIFIER T_LEFT_PAREN T_RIGHT_PAREN T_LEFT_BRACE statement statement statement type_specifier T_IDENTIFIER opt_init T_SEMICOLON 
Input Stack: T_INT T_IDENTIFIER T_ASSIGN T_INTEGER_LITERAL T_SEMICOLON T_CHAR T_IDENTIFIER T_LEFT_SQUARE T_INTEGER_LITERAL T_RIGHT_SQUARE T_SEMICOLON T_IDENTIFIER T_ASSIGN T_STRING_LITERAL T_SEMICOLON T_IDENTIFIER T_INCREMENT T_SEMICOLON T_INCREMENT T_IDENTIFIER T_SEMICOLON T_IF T_LEFT_PAREN T_IDENTIFIER T_GREATER T_IDENTIFIER T_RIGHT_PAREN T_LEFT_BRACE T_IDENTIFIER T_ASSIGN T_IDENTIFIER T_SEMICOLON T_RIGHT_BRACE T_ELSE T_IF T_LEFT_PAREN T_IDENTIFIER T_LESS T_IDENTIFIER T_RIGHT_PAREN T_LEFT_BRACE T_IDENTIFIER T_ASSIGN T_IDENTIFIER T_PLUS T_INTEGER_LITERAL T_SEMICOLON T_RIGHT_BRACE T_ELSE T_LEFT_BRACE T_IDENTIFIER T_ASSIGN T_INTEGER_LITERAL T_SEMICOLON T_RIGHT_BRACE T_WHILE T_LEFT_PAREN T_IDENTIFIER T_GREATER T_INTEGER_LITERAL T_RIGHT_PAREN T_LEFT_BRACE T_IDENTIFIER T_DECREMENT T_SEMICOLON T_RIGHT_BRACE T_FOR T_LEFT_PAREN T_IDENTIFIER T_ASSIGN T_INTEGER_LITERAL T_SEMICOLON T_IDENTIFIER T_LESS T_INTEGER_LITERAL T_SEMICOLON T_IDENTIFIER T_INCREMENT T_RIGHT_PAREN T_LEFT_BRACE T_IDENTIFIER T_ASSIGN T_IDENTIFIER T_PLUS T_IDENTIFIER T_SEMICOLON T_RIGHT_BRACE T_FOR T_LEFT_PAREN T_IDENTIFIER T_ASSIGN T_INTEGER_LITERAL T_SEMICOLON T_IDENTIFIER T_LESS T_INTEGER_LITERAL T_SEMICOLON T_IDENTIFIER T_INCREMENT T_RIGHT_PAREN T_LEFT_BRACE T_IDENTIFIER T_LEFT_SQUARE T_IDENTIFIER T_RIGHT_SQUARE T_ASSIGN T_IDENTIFIER T_SEMICOLON T_RIGHT_BRACE T_IDENTIFIER T_ASSIGN T_NOT T_IDENTIFIER T_SEMICOLON T_IDENTIFIER T_ASSIGN T_IDENTIFIER T_MOD T_INTEGER_LITERAL T_SEMICOLON T_IDENTIFIER T_ASSIGN T_IDENTIFIER T_BITAND T_INTEGER_LITERAL T_SEMICOLON T_IDENTIFIER T_ASSIGN T_IDENTIFIER T_BITOR T_INTEGER_LITERAL T_SEMICOLON T_IDENTIFIER T_ASSIGN T_IDENTIFIER T_BITXOR T_INTEGER_LITERAL T_SEMICOLON T_IDENTIFIER T_ASSIGN T_BITNOT T_IDENTIFIER T_SEMICOLON T_INT T_IDENTIFIER T_ASSIGN T_IDENTIFIER T_LEFT_PAREN T_IDENTIFIER T_COMMA T_IDENTIFIER T_RIGHT_PAREN T_SEMICOLON T_LEFT_BRACE T_INT T_IDENTIFIER T_ASSIGN T_INTEGER_LITERAL T_SEMICOLON T_IDENTIFIER T_ASSIGN T_IDENTIFIER T_PLUS T_INTEGER_LITERAL T_SEMICOLON T_RIGHT_BRACE T_RETURN T_INTEGER_LITERAL T_SEMICOLON T_RIGHT_BRACE T_EOF 

State Stack: 0 8 8 9 16 18 23 50 118 118 118 117 
Symbol Stack: declaration declaration type_specifier T_IDENTIFIER T_LEFT_PAREN T_RIGHT_PAREN T_LEFT_BRACE statement statement statement var_declaration 
Input Stack: T_INT T_IDENTIFIER T_ASSIGN T_INTEGER_LITERAL T_SEMICOLON T_CHAR T_IDENTIFIER T_LEFT_SQUARE T_INTEGER_LITERAL T_RIGHT_SQUARE T_SEMICOLON T_IDENTIFIER T_ASSIGN T_STRING_LITERAL T_SEMICOLON T_IDENTIFIER T_INCREMENT T_SEMICOLON T_INCREMENT T_IDENTIFIER T_SEMICOLON T_IF T_LEFT_PAREN T_IDENTIFIER T_GREATER T_IDENTIFIER T_RIGHT_PAREN T_LEFT_BRACE T_IDENTIFIER T_ASSIGN T_IDENTIFIER T_SEMICOLON T_RIGHT_BRACE T_ELSE T_IF T_LEFT_PAREN T_IDENTIFIER T_LESS T_IDENTIFIER T_RIGHT_PAREN T_LEFT_BRACE T_IDENTIFIER T_ASSIGN T_IDENTIFIER T_PLUS T_INTEGER_LITERAL T_SEMICOLON T_RIGHT_BRACE T_ELSE T_LEFT_BRACE T_IDENTIFIER T_ASSIGN T_INTEGER_LITERAL T_SEMICOLON T_RIGHT_BRACE T_WHILE T_LEFT_PAREN T_IDENTIFIER T_GREATER T_INTEGER_LITERAL T_RIGHT_PAREN T_LEFT_BRACE T_IDENTIFIER T_DECREMENT T_SEMICOLON T_RIGHT_BRACE T_FOR T_LEFT_PAREN T_IDENTIFIER T_ASSIGN T_INTEGER_LITERAL T_SEMICOLON T_IDENTIFIER T_LESS T_INTEGER_LITERAL T_SEMICOLON T_IDENTIFIER T_INCREMENT T_RIGHT_PAREN T_LEFT_BRACE T_IDENTIFIER T_ASSIGN T_IDENTIFIER T_PLUS T_IDENTIFIER T_SEMICOLON T_RIGHT_BRACE T_FOR T_LEFT_PAREN T_IDENTIFIER T_ASSIGN T_INTEGER_LITERAL T_SEMICOLON T_IDENTIFIER T_LESS T_INTEGER_LITERAL T_SEMICOLON T_IDENTIFIER T_INCREMENT T_RIGHT_PAREN T_LEFT_BRACE T_IDENTIFIER T_LEFT_SQUARE T_IDENTIFIER T_RIGHT_SQUARE T_ASSIGN T_IDENTIFIER T_SEMICOLON T_RIGHT_BRACE T_IDENTIFIER T_ASSIGN T_NOT T_IDENTIFIER T_SEMICOLON T_IDENTIFIER T_ASSIGN T_IDENTIFIER T_MOD T_INTEGER_LITERAL T_SEMICOLON T_IDENTIFIER T_ASSIGN T_IDENTIFIER T_BITAND T_INTEGER_LITERAL T_SEMICOLON T_IDENTIFIER T_ASSIGN T_IDENTIFIER T_BITOR T_INTEGER_LITERAL T_SEMICOLON T_IDENTIFIER T_ASSIGN T_IDENTIFIER T_BITXOR T_INTEGER_LITERAL T_SEMICOLON T_IDENTIFIER T_ASSIGN T_BITNOT T_IDENTIFIER T_SEMICOLON T_INT T_IDENTIFIER T_ASSIGN T_IDENTIFIER T_LEFT_PAREN T_IDENTIFIER T_COMMA T_IDENTIFIER T_RIGHT_PAREN T_SEMICOLON T_LEFT_BRACE T_INT T_IDENTIFIER T_ASSIGN T_INTEGER_LITERAL T_SEMICOLON T_IDENTIFIER T_ASSIGN T_IDENTIFIER T_PLUS T_INTEGER_LITERAL T_SEMICOLON T_RIGHT_BRACE T_RETURN T_INTEGER_LITERAL T_SEMICOLON T_RIGHT_BRACE T_EOF 

State Stack: 0 8 8 9 16 18 23 50 118 118 118 118 
Symbol Stack: declaration declaration type_specifier T_IDENTIFIER T_LEFT_PAREN T_RIGHT_PAREN T_LEFT_BRACE statement statement statement statement 
Input Stack: T_INT T_IDENTIFIER T_ASSIGN T_INTEGER_LITERAL T_SEMICOLON T_CHAR T_IDENTIFIER T_LEFT_SQUARE T_INTEGER_LITERAL T_RIGHT_SQUARE T_SEMICOLON T_IDENTIFIER T_ASSIGN T_STRING_LITERAL T_SEMICOLON T_IDENTIFIER T_INCREMENT T_SEMICOLON T_INCREMENT T_IDENTIFIER T_SEMICOLON T_IF T_LEFT_PAREN T_IDENTIFIER T_GREATER T_IDENTIFIER T_RIGHT_PAREN T_LEFT_BRACE T_IDENTIFIER T_ASSIGN T_IDENTIFIER T_SEMICOLON T_RIGHT_BRACE T_ELSE T_IF T_LEFT_PAREN T_IDENTIFIER T_LESS T_IDENTIFIER T_RIGHT_PAREN T_LEFT_BRACE T_IDENTIFIER T_ASSIGN T_IDENTIFIER T_PLUS T_INTEGER_LITERAL T_SEMICOLON T_RIGHT_BRACE T_ELSE T_LEFT_BRACE T_IDENTIFIER T_ASSIGN T_INTEGER_LITERAL T_SEMICOLON T_RIGHT_BRACE T_WHILE T_LEFT_PAREN T_IDENTIFIER T_GREATER T_INTEGER_LITERAL T_RIGHT_PAREN T_LEFT_BRACE T_IDENTIFIER T_DECREMENT T_SEMICOLON T_RIGHT_BRACE T_FOR T_LEFT_PAREN T_IDENTIFIER T_ASSIGN T_INTEGER_LITERAL T_SEMICOLON T_IDENTIFIER T_LESS T_INTEGER_LITERAL T_SEMICOLON T_IDENTIFIER T_INCREMENT T_RIGHT_PAREN T_LEFT_BRACE T_IDENTIFIER T_ASSIGN T_IDENTIFIER T_PLUS T_IDENTIFIER T_SEMICOLON T_RIGHT_BRACE T_FOR T_LEFT_PAREN T_IDENTIFIER T_ASSIGN T_INTEGER_LITERAL T_SEMICOLON T_IDENTIFIER T_LESS T_INTEGER_LITERAL T_SEMICOLON T_IDENTIFIER T_INCREMENT T_RIGHT_PAREN T_LEFT_BRACE T_IDENTIFIER T_LEFT_SQUARE T_IDENTIFIER T_RIGHT_SQUARE T_ASSIGN T_IDENTIFIER T_SEMICOLON T_RIGHT_BRACE T_IDENTIFIER T_ASSIGN T_NOT T_IDENTIFIER T_SEMICOLON T_IDENTIFIER T_ASSIGN T_IDENTIFIER T_MOD T_INTEGER_LITERAL T_SEMICOLON T_IDENTIFIER T_ASSIGN T_IDENTIFIER T_BITAND T_INTEGER_LITERAL T_SEMICOLON T_IDENTIFIER T_ASSIGN T_IDENTIFIER T_BITOR T_INTEGER_LITERAL T_SEMICOLON T_IDENTIFIER T_ASSIGN T_IDENTIFIER T_BITXOR T_INTEGER_LITERAL T_SEMICOLON T_IDENTIFIER T_ASSIGN T_BITNOT T_IDENTIFIER T_SEMICOLON T_INT T_IDENTIFIER T_ASSIGN T_IDENTIFIER T_LEFT_PAREN T_IDENTIFIER T_COMMA T_IDENTIFIER T_RIGHT_PAREN T_SEMICOLON T_LEFT_BRACE T_INT T_IDENTIFIER T_ASSIGN T_INTEGER_LITERAL T_SEMICOLON T_IDENTIFIER T_ASSIGN T_IDENTIFIER T_PLUS T_INTEGER_LITERAL T_SEMICOLON T_RIGHT_BRACE T_RETURN T_INTEGER_LITERAL T_SEMICOLON T_RIGHT_BRACE T_EOF 

State Stack: 0 8 8 9 16 18 23 50 118 118 118 118 3 
Symbol Stack: declaration declaration type_specifier T_IDENTIFIER T_LEFT_PAREN T_RIGHT_PAREN T_LEFT_BRACE statement statement statement statement T_INT 
Input Stack: T_IDENTIFIER T_ASSIGN T_INTEGER_LITERAL T_SEMICOLON T_CHAR T_IDENTIFIER T_LEFT_SQUARE T_INTEGER_LITERAL T_RIGHT_SQUARE T_SEMICOLON T_IDENTIFIER T_ASSIGN T_STRING_LITERAL T_SEMICOLON T_IDENTIFIER T_INCREMENT T_SEMICOLON T_INCREMENT T_IDENTIFIER T_SEMICOLON T_IF T_LEFT_PAREN T_IDENTIFIER T_GREATER T_IDENTIFIER T_RIGHT_PAREN T_LEFT_BRACE T_IDENTIFIER T_ASSIGN T_IDENTIFIER T_SEMICOLON T_RIGHT_BRACE T_ELSE T_IF T_LEFT_PAREN T_IDENTIFIER T_LESS T_IDENTIFIER T_RIGHT_PAREN T_LEFT_BRACE T_IDENTIFIER T_ASSIGN T_IDENTIFIER T_PLUS T_INTEGER_LITERAL T_SEMICOLON T_RIGHT_BRACE T_ELSE T_LEFT_BRACE T_IDENTIFIER T_ASSIGN T_INTEGER_LITERAL T_SEMICOLON T_RIGHT_BRACE T_WHILE T_LEFT_PAREN T_IDENTIFIER T_GREATER T_INTEGER_LITERAL T_RIGHT_PAREN T_LEFT_BRACE T_IDENTIFIER T_DECREMENT T_SEMICOLON T_RIGHT_BRACE T_FOR T_LEFT_PAREN T_IDENTIFIER T_ASSIGN T_INTEGER_LITERAL T_SEMICOLON T_IDENTIFIER T_LESS T_INTEGER_LITERAL T_SEMICOLON T_IDENTIFIER T_INCREMENT T_RIGHT_PAREN T_LEFT_BRACE T_IDENTIFIER T_ASSIGN T_IDENTIFIER T_PLUS T_IDENTIFIER T_SEMICOLON T_RIGHT_BRACE T_FOR T_LEFT_PAREN T_IDENTIFIER T_ASSIGN T_INTEGER_LITERAL T_SEMICOLON T_IDENTIFIER T_LESS T_INTEGER_LITERAL T_SEMICOLON T_IDENTIFIER T_INCREMENT T_RIGHT_PAREN T_LEFT_BRACE T_IDENTIFIER T_LEFT_SQUARE T_IDENTIFIER T_RIGHT_SQUARE T_ASSIGN T_IDENTIFIER T_SEMICOLON T_RIGHT_BRACE T_IDENTIFIER T_ASSIGN T_NOT T_IDENTIFIER T_SEMICOLON T_IDENTIFIER T_ASSIGN T_IDENTIFIER T_MOD T_INTEGER_LITERAL T_SEMICOLON T_IDENTIFIER T_ASSIGN T_IDENTIFIER T_BITAND T_INTEGER_LITERAL T_SEMICOLON T_IDENTIFIER T_ASSIGN T_IDENTIFIER T_BITOR T_INTEGER_LITERAL T_SEMICOLON T_IDENTIFIER T_ASSIGN T_IDENTIFIER T_BITXOR T_INTEGER_LITERAL T_SEMICOLON T_IDENTIFIER T_ASSIGN T_BITNOT T_IDENTIFIER T_SEMICOLON T_INT T_IDENTIFIER T_ASSIGN T_IDENTIFIER T_LEFT_PAREN T_IDENTIFIER T_COMMA T_IDENTIFIER T_RIGHT_PAREN T_SEMICOLON T_LEFT_BRACE T_INT T_IDENTIFIER T_ASSIGN T_INTEGER_LITERAL T_SEMICOLON T_IDENTIFIER T_ASSIGN T_IDENTIFIER T_PLUS T_INTEGER_LITERAL T_SEMICOLON T_RIGHT_BRACE T_RETURN T_INTEGER_LITERAL T_SEMICOLON T_RIGHT_BRACE T_EOF 

State Stack: 0 8 8 9 16 18 23 50 118 118 118 118 14 
Symbol Stack: declaration declaration type_specifier T_IDENTIFIER T_LEFT_PAREN T_RIGHT_PAREN T_LEFT_BRACE statement statement statement statement simple_type 
Input Stack: T_IDENTIFIER T_ASSIGN T_INTEGER_LITERAL T_SEMICOLON T_CHAR T_IDENTIFIER T_LEFT_SQUARE T_INTEGER_LITERAL T_RIGHT_SQUARE T_SEMICOLON T_IDENTIFIER T_ASSIGN T_STRING_LITERAL T_SEMICOLON T_IDENTIFIER T_INCREMENT T_SEMICOLON T_INCREMENT T_IDENTIFIER T_SEMICOLON T_IF T_LEFT_PAREN T_IDENTIFIER T_GREATER T_IDENTIFIER T_RIGHT_PAREN T_LEFT_BRACE T_IDENTIFIER T_ASSIGN T_IDENTIFIER T_SEMICOLON T_RIGHT_BRACE T_ELSE T_IF T_LEFT_PAREN T_IDENTIFIER T_LESS T_IDENTIFIER T_RIGHT_PAREN T_LEFT_BRACE T_IDENTIFIER T_ASSIGN T_IDENTIFIER T_PLUS T_INTEGER_LITERAL T_SEMICOLON T_RIGHT_BRACE T_ELSE T_LEFT_BRACE T_IDENTIFIER T_ASSIGN T_INTEGER_LITERAL T_SEMICOLON T_RIGHT_BRACE T_WHILE T_LEFT_PAREN T_IDENTIFIER T_GREATER T_INTEGER_LITERAL T_RIGHT_PAREN T_LEFT_BRACE T_IDENTIFIER T_DECREMENT T_SEMICOLON T_RIGHT_BRACE T_FOR T_LEFT_PAREN T_IDENTIFIER T_ASSIGN T_INTEGER_LITERAL T_SEMICOLON T_IDENTIFIER T_LESS T_INTEGER_LITERAL T_SEMICOLON T_IDENTIFIER T_INCREMENT T_RIGHT_PAREN T_LEFT_BRACE T_IDENTIFIER T_ASSIGN T_IDENTIFIER T_PLUS T_IDENTIFIER T_SEMICOLON T_RIGHT_BRACE T_FOR T_LEFT_PAREN T_IDENTIFIER T_ASSIGN T_INTEGER_LITERAL T_SEMICOLON T_IDENTIFIER T_LESS T_INTEGER_LITERAL T_SEMICOLON T_IDENTIFIER T_INCREMENT T_RIGHT_PAREN T_LEFT_BRACE T_IDENTIFIER T_LEFT_SQUARE T_IDENTIFIER T_RIGHT_SQUARE T_ASSIGN T_IDENTIFIER T_SEMICOLON T_RIGHT_BRACE T_IDENTIFIER T_ASSIGN T_NOT T_IDENTIFIER T_SEMICOLON T_IDENTIFIER T_ASSIGN T_IDENTIFIER T_MOD T_INTEGER_LITERAL T_SEMICOLON T_IDENTIFIER T_ASSIGN T_IDENTIFIER T_BITAND T_INTEGER_LITERAL T_SEMICOLON T_IDENTIFIER T_ASSIGN T_IDENTIFIER T_BITOR T_INTEGER_LITERAL T_SEMICOLON T_IDENTIFIER T_ASSIGN T_IDENTIFIER T_BITXOR T_INTEGER_LITERAL T_SEMICOLON T_IDENTIFIER T_ASSIGN T_BITNOT T_IDENTIFIER T_SEMICOLON T_INT T_IDENTIFIER T_ASSIGN T_IDENTIFIER T_LEFT_PAREN T_IDENTIFIER T_COMMA T_IDENTIFIER T_RIGHT_PAREN T_SEMICOLON T_LEFT_BRACE T_INT T_IDENTIFIER T_ASSIGN T_INTEGER_LITERAL T_SEMICOLON T_IDENTIFIER T_ASSIGN T_IDENTIFIER T_PLUS T_INTEGER_LITERAL T_SEMICOLON T_RIGHT_BRACE T_RETURN T_INTEGER_LITERAL T_SEMICOLON T_RIGHT_BRACE T_EOF 

State Stack: 0 8 8 9 16 18 23 50 118 118 118 118 119 
Symbol Stack: declaration declaration type_specifier T_IDENTIFIER T_LEFT_PAREN T_RIGHT_PAREN T_LEFT_BRACE statement statement statement statement type_specifier 
Input Stack: T_IDENTIFIER T_ASSIGN T_INTEGER_LITERAL T_SEMICOLON T_CHAR T_IDENTIFIER T_LEFT_SQUARE T_INTEGER_LITERAL T_RIGHT_SQUARE T_SEMICOLON T_IDENTIFIER T_ASSIGN T_STRING_LITERAL T_SEMICOLON T_IDENTIFIER T_INCREMENT T_SEMICOLON T_INCREMENT T_IDENTIFIER T_SEMICOLON T_IF T_LEFT_PAREN T_IDENTIFIER T_GREATER T_IDENTIFIER T_RIGHT_PAREN T_LEFT_BRACE T_IDENTIFIER T_ASSIGN T_IDENTIFIER T_SEMICOLON T_RIGHT_BRACE T_ELSE T_IF T_LEFT_PAREN T_IDENTIFIER T_LESS T_IDENTIFIER T_RIGHT_PAREN T_LEFT_BRACE T_IDENTIFIER T_ASSIGN T_IDENTIFIER T_PLUS T_INTEGER_LITERAL T_SEMICOLON T_RIGHT_BRACE T_ELSE T_LEFT_BRACE T_IDENTIFIER T_ASSIGN T_INTEGER_LITERAL T_SEMICOLON T_RIGHT_BRACE T_WHILE T_LEFT_PAREN T_IDENTIFIER T_GREATER T_INTEGER_LITERAL T_RIGHT_PAREN T_LEFT_BRACE T_IDENTIFIER T_DECREMENT T_SEMICOLON T_RIGHT_BRACE T_FOR T_LEFT_PAREN T_IDENTIFIER T_ASSIGN T_INTEGER_LITERAL T_SEMICOLON T_IDENTIFIER T_LESS T_INTEGER_LITERAL T_SEMICOLON T_IDENTIFIER T_INCREMENT T_RIGHT_PAREN T_LEFT_BRACE T_IDENTIFIER T_ASSIGN T_IDENTIFIER T_PLUS T_IDENTIFIER T_SEMICOLON T_RIGHT_BRACE T_FOR T_LEFT_PAREN T_IDENTIFIER T_ASSIGN T_INTEGER_LITERAL T_SEMICOLON T_IDENTIFIER T_LESS T_INTEGER_LITERAL T_SEMICOLON T_IDENTIFIER T_INCREMENT T_RIGHT_PAREN T_LEFT_BRACE T_IDENTIFIER T_LEFT_SQUARE T_IDENTIFIER T_RIGHT_SQUARE T_ASSIGN T_IDENTIFIER T_SEMICOLON T_RIGHT_BRACE T_IDENTIFIER T_ASSIGN T_NOT T_IDENTIFIER T_SEMICOLON T_IDENTIFIER T_ASSIGN T_IDENTIFIER T_MOD T_INTEGER_LITERAL T_SEMICOLON T_IDENTIFIER T_ASSIGN T_IDENTIFIER T_BITAND T_INTEGER_LITERAL T_SEMICOLON T_IDENTIFIER T_ASSIGN T_IDENTIFIER T_BITOR T_INTEGER_LITERAL T_SEMICOLON T_IDENTIFIER T_ASSIGN T_IDENTIFIER T_BITXOR T_INTEGER_LITERAL T_SEMICOLON T_IDENTIFIER T_ASSIGN T_BITNOT T_IDENTIFIER T_SEMICOLON T_INT T_IDENTIFIER T_ASSIGN T_IDENTIFIER T_LEFT_PAREN T_IDENTIFIER T_COMMA T_IDENTIFIER T_RIGHT_PAREN T_SEMICOLON T_LEFT_BRACE T_INT T_IDENTIFIER T_ASSIGN T_INTEGER_LITERAL T_SEMICOLON T_IDENTIFIER T_ASSIGN T_IDENTIFIER T_PLUS T_INTEGER_LITERAL T_SEMICOLON T_RIGHT_BRACE T_RETURN T_INTEGER_LITERAL T_SEMICOLON T_RIGHT_BRACE T_EOF 

State Stack: 0 8 8 9 16 18 23 50 118 118 118 118 119 210 
Symbol Stack: declaration declaration type_specifier T_IDENTIFIER T_LEFT_PAREN T_RIGHT_PAREN T_LEFT_BRACE statement statement statement statement type_specifier T_IDENTIFIER 
Input Stack: T_ASSIGN T_INTEGER_LITERAL T_SEMICOLON T_CHAR T_IDENTIFIER T_LEFT_SQUARE T_INTEGER_LITERAL T_RIGHT_SQUARE T_SEMICOLON T_IDENTIFIER T_ASSIGN T_STRING_LITERAL T_SEMICOLON T_IDENTIFIER T_INCREMENT T_SEMICOLON T_INCREMENT T_IDENTIFIER T_SEMICOLON T_IF T_LEFT_PAREN T_IDENTIFIER T_GREATER T_IDENTIFIER T_RIGHT_PAREN T_LEFT_BRACE T_IDENTIFIER T_ASSIGN T_IDENTIFIER T_SEMICOLON T_RIGHT_BRACE T_ELSE T_IF T_LEFT_PAREN T_IDENTIFIER T_LESS T_IDENTIFIER T_RIGHT_PAREN T_LEFT_BRACE T_IDENTIFIER T_ASSIGN T_IDENTIFIER T_PLUS T_INTEGER_LITERAL T_SEMICOLON T_RIGHT_BRACE T_ELSE T_LEFT_BRACE T_IDENTIFIER T_ASSIGN T_INTEGER_LITERAL T_SEMICOLON T_RIGHT_BRACE T_WHILE T_LEFT_PAREN T_IDENTIFIER T_GREATER T_INTEGER_LITERAL T_RIGHT_PAREN T_LEFT_BRACE T_IDENTIFIER T_DECREMENT T_SEMICOLON T_RIGHT_BRACE T_FOR T_LEFT_PAREN T_IDENTIFIER T_ASSIGN T_INTEGER_LITERAL T_SEMICOLON T_IDENTIFIER T_LESS T_INTEGER_LITERAL T_SEMICOLON T_IDENTIFIER T_INCREMENT T_RIGHT_PAREN T_LEFT_BRACE T_IDENTIFIER T_ASSIGN T_IDENTIFIER T_PLUS T_IDENTIFIER T_SEMICOLON T_RIGHT_BRACE T_FOR T_LEFT_PAREN T_IDENTIFIER T_ASSIGN T_INTEGER_LITERAL T_SEMICOLON T_IDENTIFIER T_LESS T_INTEGER_LITERAL T_SEMICOLON T_IDENTIFIER T_INCREMENT T_RIGHT_PAREN T_LEFT_BRACE T_IDENTIFIER T_LEFT_SQUARE T_IDENTIFIER T_RIGHT_SQUARE T_ASSIGN T_IDENTIFIER T_SEMICOLON T_RIGHT_BRACE T_IDENTIFIER T_ASSIGN T_NOT T_IDENTIFIER T_SEMICOLON T_IDENTIFIER T_ASSIGN T_IDENTIFIER T_MOD T_INTEGER_LITERAL T_SEMICOLON T_IDENTIFIER T_ASSIGN T_IDENTIFIER T_BITAND T_INTEGER_LITERAL T_SEMICOLON T_IDENTIFIER T_ASSIGN T_IDENTIFIER T_BITOR T_INTEGER_LITERAL T_SEMICOLON T_IDENTIFIER T_ASSIGN T_IDENTIFIER T_BITXOR T_INTEGER_LITERAL T_SEMICOLON T_IDENTIFIER T_ASSIGN T_BITNOT T_IDENTIFIER T_SEMICOLON T_INT T_IDENTIFIER T_ASSIGN T_IDENTIFIER T_LEFT_PAREN T_IDENTIFIER T_COMMA T_IDENTIFIER T_RIGHT_PAREN T_SEMICOLON T_LEFT_BRACE T_INT T_IDENTIFIER T_ASSIGN T_INTEGER_LITERAL T_SEMICOLON T_IDENTIFIER T_ASSIGN T_IDENTIFIER T_PLUS T_INTEGER_LITERAL T_SEMICOLON T_RIGHT_BRACE T_RETURN T_INTEGER_LITERAL T_SEMICOLON T_RIGHT_BRACE T_EOF 

State Stack: 0 8 8 9 16 18 23 50 118 118 118 118 119 210 19 
Symbol Stack: declaration declaration type_specifier T_IDENTIFIER T_LEFT_PAREN T_RIGHT_PAREN T_LEFT_BRACE statement statement statement statement type_specifier T_IDENTIFIER T_ASSIGN 
Input Stack: T_INTEGER_LITERAL T_SEMICOLON T_CHAR T_IDENTIFIER T_LEFT_SQUARE T_INTEGER_LITERAL T_RIGHT_SQUARE T_SEMICOLON T_IDENTIFIER T_ASSIGN T_STRING_LITERAL T_SEMICOLON T_IDENTIFIER T_INCREMENT T_SEMICOLON T_INCREMENT T_IDENTIFIER T_SEMICOLON T_IF T_LEFT_PAREN T_IDENTIFIER T_GREATER T_IDENTIFIER T_RIGHT_PAREN T_LEFT_BRACE T_IDENTIFIER T_ASSIGN T_IDENTIFIER T_SEMICOLON T_RIGHT_BRACE T_ELSE T_IF T_LEFT_PAREN T_IDENTIFIER T_LESS T_IDENTIFIER T_RIGHT_PAREN T_LEFT_BRACE T_IDENTIFIER T_ASSIGN T_IDENTIFIER T_PLUS T_INTEGER_LITERAL T_SEMICOLON T_RIGHT_BRACE T_ELSE T_LEFT_BRACE T_IDENTIFIER T_ASSIGN T_INTEGER_LITERAL T_SEMICOLON T_RIGHT_BRACE T_WHILE T_LEFT_PAREN T_IDENTIFIER T_GREATER T_INTEGER_LITERAL T_RIGHT_PAREN T_LEFT_BRACE T_IDENTIFIER T_DECREMENT T_SEMICOLON T_RIGHT_BRACE T_FOR T_LEFT_PAREN T_IDENTIFIER T_ASSIGN T_INTEGER_LITERAL T_SEMICOLON T_IDENTIFIER T_LESS T_INTEGER_LITERAL T_SEMICOLON T_IDENTIFIER T_INCREMENT T_RIGHT_PAREN T_LEFT_BRACE T_IDENTIFIER T_ASSIGN T_IDENTIFIER T_PLUS T_IDENTIFIER T_SEMICOLON T_RIGHT_BRACE T_FOR T_LEFT_PAREN T_IDENTIFIER T_ASSIGN T_INTEGER_LITERAL T_SEMICOLON T_IDENTIFIER T_LESS T_INTEGER_LITERAL T_SEMICOLON T_IDENTIFIER T_INCREMENT T_RIGHT_PAREN T_LEFT_BRACE T_IDENTIFIER T_LEFT_SQUARE T_IDENTIFIER T_RIGHT_SQUARE T_ASSIGN T_IDENTIFIER T_SEMICOLON T_RIGHT_BRACE T_IDENTIFIER T_ASSIGN T_NOT T_IDENTIFIER T_SEMICOLON T_IDENTIFIER T_ASSIGN T_IDENTIFIER T_MOD T_INTEGER_LITERAL T_SEMICOLON T_IDENTIFIER T_ASSIGN T_IDENTIFIER T_BITAND T_INTEGER_LITERAL T_SEMICOLON T_IDENTIFIER T_ASSIGN T_IDENTIFIER T_BITOR T_INTEGER_LITERAL T_SEMICOLON T_IDENTIFIER T_ASSIGN T_IDENTIFIER T_BITXOR T_INTEGER_LITERAL T_SEMICOLON T_IDENTIFIER T_ASSIGN T_BITNOT T_IDENTIFIER T_SEMICOLON T_INT T_IDENTIFIER T_ASSIGN T_IDENTIFIER T_LEFT_PAREN T_IDENTIFIER T_COMMA T_IDENTIFIER T_RIGHT_PAREN T_SEMICOLON T_LEFT_BRACE T_INT T_IDENTIFIER T_ASSIGN T_INTEGER_LITERAL T_SEMICOLON T_IDENTIFIER T_ASSIGN T_IDENTIFIER T_PLUS T_INTEGER_LITERAL T_SEMICOLON T_RIGHT_BRACE T_RETURN T_INTEGER_LITERAL T_SEMICOLON T_RIGHT_BRACE T_EOF 

State Stack: 0 8 8 9 16 18 23 50 118 118 118 118 119 210 19 33 
Symbol Stack: declaration declaration type_specifier T_IDENTIFIER T_LEFT_PAREN T_RIGHT_PAREN T_LEFT_BRACE statement statement statement statement type_specifier T_IDENTIFIER T_ASSIGN T_INTEGER_LITERAL 
Input Stack: T_SEMICOLON T_CHAR T_IDENTIFIER T_LEFT_SQUARE T_INTEGER_LITERAL T_RIGHT_SQUARE T_SEMICOLON T_IDENTIFIER T_ASSIGN T_STRING_LITERAL T_SEMICOLON T_IDENTIFIER T_INCREMENT T_SEMICOLON T_INCREMENT T_IDENTIFIER T_SEMICOLON T_IF T_LEFT_PAREN T_IDENTIFIER T_GREATER T_IDENTIFIER T_RIGHT_PAREN T_LEFT_BRACE T_IDENTIFIER T_ASSIGN T_IDENTIFIER T_SEMICOLON T_RIGHT_BRACE T_ELSE T_IF T_LEFT_PAREN T_IDENTIFIER T_LESS T_IDENTIFIER T_RIGHT_PAREN T_LEFT_BRACE T_IDENTIFIER T_ASSIGN T_IDENTIFIER T_PLUS T_INTEGER_LITERAL T_SEMICOLON T_RIGHT_BRACE T_ELSE T_LEFT_BRACE T_IDENTIFIER T_ASSIGN T_INTEGER_LITERAL T_SEMICOLON T_RIGHT_BRACE T_WHILE T_LEFT_PAREN T_IDENTIFIER T_GREATER T_INTEGER_LITERAL T_RIGHT_PAREN T_LEFT_BRACE T_IDENTIFIER T_DECREMENT T_SEMICOLON T_RIGHT_BRACE T_FOR T_LEFT_PAREN T_IDENTIFIER T_ASSIGN T_INTEGER_LITERAL T_SEMICOLON T_IDENTIFIER T_LESS T_INTEGER_LITERAL T_SEMICOLON T_IDENTIFIER T_INCREMENT T_RIGHT_PAREN T_LEFT_BRACE T_IDENTIFIER T_ASSIGN T_IDENTIFIER T_PLUS T_IDENTIFIER T_SEMICOLON T_RIGHT_BRACE T_FOR T_LEFT_PAREN T_IDENTIFIER T_ASSIGN T_INTEGER_LITERAL T_SEMICOLON T_IDENTIFIER T_LESS T_INTEGER_LITERAL T_SEMICOLON T_IDENTIFIER T_INCREMENT T_RIGHT_PAREN T_LEFT_BRACE T_IDENTIFIER T_LEFT_SQUARE T_IDENTIFIER T_RIGHT_SQUARE T_ASSIGN T_IDENTIFIER T_SEMICOLON T_RIGHT_BRACE T_IDENTIFIER T_ASSIGN T_NOT T_IDENTIFIER T_SEMICOLON T_IDENTIFIER T_ASSIGN T_IDENTIFIER T_MOD T_INTEGER_LITERAL T_SEMICOLON T_IDENTIFIER T_ASSIGN T_IDENTIFIER T_BITAND T_INTEGER_LITERAL T_SEMICOLON T_IDENTIFIER T_ASSIGN T_IDENTIFIER T_BITOR T_INTEGER_LITERAL T_SEMICOLON T_IDENTIFIER T_ASSIGN T_IDENTIFIER T_BITXOR T_INTEGER_LITERAL T_SEMICOLON T_IDENTIFIER T_ASSIGN T_BITNOT T_IDENTIFIER T_SEMICOLON T_INT T_IDENTIFIER T_ASSIGN T_IDENTIFIER T_LEFT_PAREN T_IDENTIFIER T_COMMA T_IDENTIFIER T_RIGHT_PAREN T_SEMICOLON T_LEFT_BRACE T_INT T_IDENTIFIER T_ASSIGN T_INTEGER_LITERAL T_SEMICOLON T_IDENTIFIER T_ASSIGN T_IDENTIFIER T_PLUS T_INTEGER_LITERAL T_SEMICOLON T_RIGHT_BRACE T_RETURN T_INTEGER_LITERAL T_SEMICOLON T_RIGHT_BRACE T_EOF 

State Stack: 0 8 8 9 16 18 23 50 118 118 118 118 119 210 19 47 
Symbol Stack: declaration declaration type_specifier T_IDENTIFIER T_LEFT_PAREN T_RIGHT_PAREN T_LEFT_BRACE statement statement statement statement type_specifier T_IDENTIFIER T_ASSIGN factor 
Input Stack: T_SEMICOLON T_CHAR T_IDENTIFIER T_LEFT_SQUARE T_INTEGER_LITERAL T_RIGHT_SQUARE T_SEMICOLON T_IDENTIFIER T_ASSIGN T_STRING_LITERAL T_SEMICOLON T_IDENTIFIER T_INCREMENT T_SEMICOLON T_INCREMENT T_IDENTIFIER T_SEMICOLON T_IF T_LEFT_PAREN T_IDENTIFIER T_GREATER T_IDENTIFIER T_RIGHT_PAREN T_LEFT_BRACE T_IDENTIFIER T_ASSIGN T_IDENTIFIER T_SEMICOLON T_RIGHT_BRACE T_ELSE T_IF T_LEFT_PAREN T_IDENTIFIER T_LESS T_IDENTIFIER T_RIGHT_PAREN T_LEFT_BRACE T_IDENTIFIER T_ASSIGN T_IDENTIFIER T_PLUS T_INTEGER_LITERAL T_SEMICOLON T_RIGHT_BRACE T_ELSE T_LEFT_BRACE T_IDENTIFIER T_ASSIGN T_INTEGER_LITERAL T_SEMICOLON T_RIGHT_BRACE T_WHILE T_LEFT_PAREN T_IDENTIFIER T_GREATER T_INTEGER_LITERAL T_RIGHT_PAREN T_LEFT_BRACE T_IDENTIFIER T_DECREMENT T_SEMICOLON T_RIGHT_BRACE T_FOR T_LEFT_PAREN T_IDENTIFIER T_ASSIGN T_INTEGER_LITERAL T_SEMICOLON T_IDENTIFIER T_LESS T_INTEGER_LITERAL T_SEMICOLON T_IDENTIFIER T_INCREMENT T_RIGHT_PAREN T_LEFT_BRACE T_IDENTIFIER T_ASSIGN T_IDENTIFIER T_PLUS T_IDENTIFIER T_SEMICOLON T_RIGHT_BRACE T_FOR T_LEFT_PAREN T_IDENTIFIER T_ASSIGN T_INTEGER_LITERAL T_SEMICOLON T_IDENTIFIER T_LESS T_INTEGER_LITERAL T_SEMICOLON T_IDENTIFIER T_INCREMENT T_RIGHT_PAREN T_LEFT_BRACE T_IDENTIFIER T_LEFT_SQUARE T_IDENTIFIER T_RIGHT_SQUARE T_ASSIGN T_IDENTIFIER T_SEMICOLON T_RIGHT_BRACE T_IDENTIFIER T_ASSIGN T_NOT T_IDENTIFIER T_SEMICOLON T_IDENTIFIER T_ASSIGN T_IDENTIFIER T_MOD T_INTEGER_LITERAL T_SEMICOLON T_IDENTIFIER T_ASSIGN T_IDENTIFIER T_BITAND T_INTEGER_LITERAL T_SEMICOLON T_IDENTIFIER T_ASSIGN T_IDENTIFIER T_BITOR T_INTEGER_LITERAL T_SEMICOLON T_IDENTIFIER T_ASSIGN T_IDENTIFIER T_BITXOR T_INTEGER_LITERAL T_SEMICOLON T_IDENTIFIER T_ASSIGN T_BITNOT T_IDENTIFIER T_SEMICOLON T_INT T_IDENTIFIER T_ASSIGN T_IDENTIFIER T_LEFT_PAREN T_IDENTIFIER T_COMMA T_IDENTIFIER T_RIGHT_PAREN T_SEMICOLON T_LEFT_BRACE T_INT T_IDENTIFIER T_ASSIGN T_INTEGER_LITERAL T_SEMICOLON T_IDENTIFIER T_ASSIGN T_IDENTIFIER T_PLUS T_INTEGER_LITERAL T_SEMICOLON T_RIGHT_BRACE T_RETURN T_INTEGER_LITERAL T_SEMICOLON T_RIGHT_BRACE T_EOF 

State Stack: 0 8 8 9 16 18 23 50 118 118 118 118 119 210 19 40 
Symbol Stack: declaration declaration type_specifier T_IDENTIFIER T_LEFT_PAREN T_RIGHT_PAREN T_LEFT_BRACE statement statement statement statement type_specifier T_IDENTIFIER T_ASSIGN term 
Input Stack: T_SEMICOLON T_CHAR T_IDENTIFIER T_LEFT_SQUARE T_INTEGER_LITERAL T_RIGHT_SQUARE T_SEMICOLON T_IDENTIFIER T_ASSIGN T_STRING_LITERAL T_SEMICOLON T_IDENTIFIER T_INCREMENT T_SEMICOLON T_INCREMENT T_IDENTIFIER T_SEMICOLON T_IF T_LEFT_PAREN T_IDENTIFIER T_GREATER T_IDENTIFIER T_RIGHT_PAREN T_LEFT_BRACE T_IDENTIFIER T_ASSIGN T_IDENTIFIER T_SEMICOLON T_RIGHT_BRACE T_ELSE T_IF T_LEFT_PAREN T_IDENTIFIER T_LESS T_IDENTIFIER T_RIGHT_PAREN T_LEFT_BRACE T_IDENTIFIER T_ASSIGN T_IDENTIFIER T_PLUS T_INTEGER_LITERAL T_SEMICOLON T_RIGHT_BRACE T_ELSE T_LEFT_BRACE T_IDENTIFIER T_ASSIGN T_INTEGER_LITERAL T_SEMICOLON T_RIGHT_BRACE T_WHILE T_LEFT_PAREN T_IDENTIFIER T_GREATER T_INTEGER_LITERAL T_RIGHT_PAREN T_LEFT_BRACE T_IDENTIFIER T_DECREMENT T_SEMICOLON T_RIGHT_BRACE T_FOR T_LEFT_PAREN T_IDENTIFIER T_ASSIGN T_INTEGER_LITERAL T_SEMICOLON T_IDENTIFIER T_LESS T_INTEGER_LITERAL T_SEMICOLON T_IDENTIFIER T_INCREMENT T_RIGHT_PAREN T_LEFT_BRACE T_IDENTIFIER T_ASSIGN T_IDENTIFIER T_PLUS T_IDENTIFIER T_SEMICOLON T_RIGHT_BRACE T_FOR T_LEFT_PAREN T_IDENTIFIER T_ASSIGN T_INTEGER_LITERAL T_SEMICOLON T_IDENTIFIER T_LESS T_INTEGER_LITERAL T_SEMICOLON T_IDENTIFIER T_INCREMENT T_RIGHT_PAREN T_LEFT_BRACE T_IDENTIFIER T_LEFT_SQUARE T_IDENTIFIER T_RIGHT_SQUARE T_ASSIGN T_IDENTIFIER T_SEMICOLON T_RIGHT_BRACE T_IDENTIFIER T_ASSIGN T_NOT T_IDENTIFIER T_SEMICOLON T_IDENTIFIER T_ASSIGN T_IDENTIFIER T_MOD T_INTEGER_LITERAL T_SEMICOLON T_IDENTIFIER T_ASSIGN T_IDENTIFIER T_BITAND T_INTEGER_LITERAL T_SEMICOLON T_IDENTIFIER T_ASSIGN T_IDENTIFIER T_BITOR T_INTEGER_LITERAL T_SEMICOLON T_IDENTIFIER T_ASSIGN T_IDENTIFIER T_BITXOR T_INTEGER_LITERAL T_SEMICOLON T_IDENTIFIER T_ASSIGN T_BITNOT T_IDENTIFIER T_SEMICOLON T_INT T_IDENTIFIER T_ASSIGN T_IDENTIFIER T_LEFT_PAREN T_IDENTIFIER T_COMMA T_IDENTIFIER T_RIGHT_PAREN T_SEMICOLON T_LEFT_BRACE T_INT T_IDENTIFIER T_ASSIGN T_INTEGER_LITERAL T_SEMICOLON T_IDENTIFIER T_ASSIGN T_IDENTIFIER T_PLUS T_INTEGER_LITERAL T_SEMICOLON T_RIGHT_BRACE T_RETURN T_INTEGER_LITERAL T_SEMICOLON T_RIGHT_BRACE T_EOF 

State Stack: 0 8 8 9 16 18 23 50 118 118 118 118 119 210 19 39 
Symbol Stack: declaration declaration type_specifier T_IDENTIFIER T_LEFT_PAREN T_RIGHT_PAREN T_LEFT_BRACE statement statement statement statement type_specifier T_IDENTIFIER T_ASSIGN additive_expression 
Input Stack: T_SEMICOLON T_CHAR T_IDENTIFIER T_LEFT_SQUARE T_INTEGER_LITERAL T_RIGHT_SQUARE T_SEMICOLON T_IDENTIFIER T_ASSIGN T_STRING_LITERAL T_SEMICOLON T_IDENTIFIER T_INCREMENT T_SEMICOLON T_INCREMENT T_IDENTIFIER T_SEMICOLON T_IF T_LEFT_PAREN T_IDENTIFIER T_GREATER T_IDENTIFIER T_RIGHT_PAREN T_LEFT_BRACE T_IDENTIFIER T_ASSIGN T_IDENTIFIER T_SEMICOLON T_RIGHT_BRACE T_ELSE T_IF T_LEFT_PAREN T_IDENTIFIER T_LESS T_IDENTIFIER T_RIGHT_PAREN T_LEFT_BRACE T_IDENTIFIER T_ASSIGN T_IDENTIFIER T_PLUS T_INTEGER_LITERAL T_SEMICOLON T_RIGHT_BRACE T_ELSE T_LEFT_BRACE T_IDENTIFIER T_ASSIGN T_INTEGER_LITERAL T_SEMICOLON T_RIGHT_BRACE T_WHILE T_LEFT_PAREN T_IDENTIFIER T_GREATER T_INTEGER_LITERAL T_RIGHT_PAREN T_LEFT_BRACE T_IDENTIFIER T_DECREMENT T_SEMICOLON T_RIGHT_BRACE T_FOR T_LEFT_PAREN T_IDENTIFIER T_ASSIGN T_INTEGER_LITERAL T_SEMICOLON T_IDENTIFIER T_LESS T_INTEGER_LITERAL T_SEMICOLON T_IDENTIFIER T_INCREMENT T_RIGHT_PAREN T_LEFT_BRACE T_IDENTIFIER T_ASSIGN T_IDENTIFIER T_PLUS T_IDENTIFIER T_SEMICOLON T_RIGHT_BRACE T_FOR T_LEFT_PAREN T_IDENTIFIER T_ASSIGN T_INTEGER_LITERAL T_SEMICOLON T_IDENTIFIER T_LESS T_INTEGER_LITERAL T_SEMICOLON T_IDENTIFIER T_INCREMENT T_RIGHT_PAREN T_LEFT_BRACE T_IDENTIFIER T_LEFT_SQUARE T_IDENTIFIER T_RIGHT_SQUARE T_ASSIGN T_IDENTIFIER T_SEMICOLON T_RIGHT_BRACE T_IDENTIFIER T_ASSIGN T_NOT T_IDENTIFIER T_SEMICOLON T_IDENTIFIER T_ASSIGN T_IDENTIFIER T_MOD T_INTEGER_LITERAL T_SEMICOLON T_IDENTIFIER T_ASSIGN T_IDENTIFIER T_BITAND T_INTEGER_LITERAL T_SEMICOLON T_IDENTIFIER T_ASSIGN T_IDENTIFIER T_BITOR T_INTEGER_LITERAL T_SEMICOLON T_IDENTIFIER T_ASSIGN T_IDENTIFIER T_BITXOR T_INTEGER_LITERAL T_SEMICOLON T_IDENTIFIER T_ASSIGN T_BITNOT T_IDENTIFIER T_SEMICOLON T_INT T_IDENTIFIER T_ASSIGN T_IDENTIFIER T_LEFT_PAREN T_IDENTIFIER T_COMMA T_IDENTIFIER T_RIGHT_PAREN T_SEMICOLON T_LEFT_BRACE T_INT T_IDENTIFIER T_ASSIGN T_INTEGER_LITERAL T_SEMICOLON T_IDENTIFIER T_ASSIGN T_IDENTIFIER T_PLUS T_INTEGER_LITERAL T_SEMICOLON T_RIGHT_BRACE T_RETURN T_INTEGER_LITERAL T_SEMICOLON T_RIGHT_BRACE T_EOF 

State Stack: 0 8 8 9 16 18 23 50 118 118 118 118 119 210 19 42 
Symbol Stack: declaration declaration type_specifier T_IDENTIFIER T_LEFT_PAREN T_RIGHT_PAREN T_LEFT_BRACE statement statement statement statement type_specifier T_IDENTIFIER T_ASSIGN simple_expression 
Input Stack: T_SEMICOLON T_CHAR T_IDENTIFIER T_LEFT_SQUARE T_INTEGER_LITERAL T_RIGHT_SQUARE T_SEMICOLON T_IDENTIFIER T_ASSIGN T_STRING_LITERAL T_SEMICOLON T_IDENTIFIER T_INCREMENT T_SEMICOLON T_INCREMENT T_IDENTIFIER T_SEMICOLON T_IF T_LEFT_PAREN T_IDENTIFIER T_GREATER T_IDENTIFIER T_RIGHT_PAREN T_LEFT_BRACE T_IDENTIFIER T_ASSIGN T_IDENTIFIER T_SEMICOLON T_RIGHT_BRACE T_ELSE T_IF T_LEFT_PAREN T_IDENTIFIER T_LESS T_IDENTIFIER T_RIGHT_PAREN T_LEFT_BRACE T_IDENTIFIER T_ASSIGN T_IDENTIFIER T_PLUS T_INTEGER_LITERAL T_SEMICOLON T_RIGHT_BRACE T_ELSE T_LEFT_BRACE T_IDENTIFIER T_ASSIGN T_INTEGER_LITERAL T_SEMICOLON T_RIGHT_BRACE T_WHILE T_LEFT_PAREN T_IDENTIFIER T_GREATER T_INTEGER_LITERAL T_RIGHT_PAREN T_LEFT_BRACE T_IDENTIFIER T_DECREMENT T_SEMICOLON T_RIGHT_BRACE T_FOR T_LEFT_PAREN T_IDENTIFIER T_ASSIGN T_INTEGER_LITERAL T_SEMICOLON T_IDENTIFIER T_LESS T_INTEGER_LITERAL T_SEMICOLON T_IDENTIFIER T_INCREMENT T_RIGHT_PAREN T_LEFT_BRACE T_IDENTIFIER T_ASSIGN T_IDENTIFIER T_PLUS T_IDENTIFIER T_SEMICOLON T_RIGHT_BRACE T_FOR T_LEFT_PAREN T_IDENTIFIER T_ASSIGN T_INTEGER_LITERAL T_SEMICOLON T_IDENTIFIER T_LESS T_INTEGER_LITERAL T_SEMICOLON T_IDENTIFIER T_INCREMENT T_RIGHT_PAREN T_LEFT_BRACE T_IDENTIFIER T_LEFT_SQUARE T_IDENTIFIER T_RIGHT_SQUARE T_ASSIGN T_IDENTIFIER T_SEMICOLON T_RIGHT_BRACE T_IDENTIFIER T_ASSIGN T_NOT T_IDENTIFIER T_SEMICOLON T_IDENTIFIER T_ASSIGN T_IDENTIFIER T_MOD T_INTEGER_LITERAL T_SEMICOLON T_IDENTIFIER T_ASSIGN T_IDENTIFIER T_BITAND T_INTEGER_LITERAL T_SEMICOLON T_IDENTIFIER T_ASSIGN T_IDENTIFIER T_BITOR T_INTEGER_LITERAL T_SEMICOLON T_IDENTIFIER T_ASSIGN T_IDENTIFIER T_BITXOR T_INTEGER_LITERAL T_SEMICOLON T_IDENTIFIER T_ASSIGN T_BITNOT T_IDENTIFIER T_SEMICOLON T_INT T_IDENTIFIER T_ASSIGN T_IDENTIFIER T_LEFT_PAREN T_IDENTIFIER T_COMMA T_IDENTIFIER T_RIGHT_PAREN T_SEMICOLON T_LEFT_BRACE T_INT T_IDENTIFIER T_ASSIGN T_INTEGER_LITERAL T_SEMICOLON T_IDENTIFIER T_ASSIGN T_IDENTIFIER T_PLUS T_INTEGER_LITERAL T_SEMICOLON T_RIGHT_BRACE T_RETURN T_INTEGER_LITERAL T_SEMICOLON T_RIGHT_BRACE T_EOF 

State Stack: 0 8 8 9 16 18 23 50 118 118 118 118 119 210 19 46 
Symbol Stack: declaration declaration type_specifier T_IDENTIFIER T_LEFT_PAREN T_RIGHT_PAREN T_LEFT_BRACE statement statement statement statement type_specifier T_IDENTIFIER T_ASSIGN expression 
Input Stack: T_SEMICOLON T_CHAR T_IDENTIFIER T_LEFT_SQUARE T_INTEGER_LITERAL T_RIGHT_SQUARE T_SEMICOLON T_IDENTIFIER T_ASSIGN T_STRING_LITERAL T_SEMICOLON T_IDENTIFIER T_INCREMENT T_SEMICOLON T_INCREMENT T_IDENTIFIER T_SEMICOLON T_IF T_LEFT_PAREN T_IDENTIFIER T_GREATER T_IDENTIFIER T_RIGHT_PAREN T_LEFT_BRACE T_IDENTIFIER T_ASSIGN T_IDENTIFIER T_SEMICOLON T_RIGHT_BRACE T_ELSE T_IF T_LEFT_PAREN T_IDENTIFIER T_LESS T_IDENTIFIER T_RIGHT_PAREN T_LEFT_BRACE T_IDENTIFIER T_ASSIGN T_IDENTIFIER T_PLUS T_INTEGER_LITERAL T_SEMICOLON T_RIGHT_BRACE T_ELSE T_LEFT_BRACE T_IDENTIFIER T_ASSIGN T_INTEGER_LITERAL T_SEMICOLON T_RIGHT_BRACE T_WHILE T_LEFT_PAREN T_IDENTIFIER T_GREATER T_INTEGER_LITERAL T_RIGHT_PAREN T_LEFT_BRACE T_IDENTIFIER T_DECREMENT T_SEMICOLON T_RIGHT_BRACE T_FOR T_LEFT_PAREN T_IDENTIFIER T_ASSIGN T_INTEGER_LITERAL T_SEMICOLON T_IDENTIFIER T_LESS T_INTEGER_LITERAL T_SEMICOLON T_IDENTIFIER T_INCREMENT T_RIGHT_PAREN T_LEFT_BRACE T_IDENTIFIER T_ASSIGN T_IDENTIFIER T_PLUS T_IDENTIFIER T_SEMICOLON T_RIGHT_BRACE T_FOR T_LEFT_PAREN T_IDENTIFIER T_ASSIGN T_INTEGER_LITERAL T_SEMICOLON T_IDENTIFIER T_LESS T_INTEGER_LITERAL T_SEMICOLON T_IDENTIFIER T_INCREMENT T_RIGHT_PAREN T_LEFT_BRACE T_IDENTIFIER T_LEFT_SQUARE T_IDENTIFIER T_RIGHT_SQUARE T_ASSIGN T_IDENTIFIER T_SEMICOLON T_RIGHT_BRACE T_IDENTIFIER T_ASSIGN T_NOT T_IDENTIFIER T_SEMICOLON T_IDENTIFIER T_ASSIGN T_IDENTIFIER T_MOD T_INTEGER_LITERAL T_SEMICOLON T_IDENTIFIER T_ASSIGN T_IDENTIFIER T_BITAND T_INTEGER_LITERAL T_SEMICOLON T_IDENTIFIER T_ASSIGN T_IDENTIFIER T_BITOR T_INTEGER_LITERAL T_SEMICOLON T_IDENTIFIER T_ASSIGN T_IDENTIFIER T_BITXOR T_INTEGER_LITERAL T_SEMICOLON T_IDENTIFIER T_ASSIGN T_BITNOT T_IDENTIFIER T_SEMICOLON T_INT T_IDENTIFIER T_ASSIGN T_IDENTIFIER T_LEFT_PAREN T_IDENTIFIER T_COMMA T_IDENTIFIER T_RIGHT_PAREN T_SEMICOLON T_LEFT_BRACE T_INT T_IDENTIFIER T_ASSIGN T_INTEGER_LITERAL T_SEMICOLON T_IDENTIFIER T_ASSIGN T_IDENTIFIER T_PLUS T_INTEGER_LITERAL T_SEMICOLON T_RIGHT_BRACE T_RETURN T_INTEGER_LITERAL T_SEMICOLON T_RIGHT_BRACE T_EOF 

State Stack: 0 8 8 9 16 18 23 50 118 118 118 118 119 210 299 
Symbol Stack: declaration declaration type_specifier T_IDENTIFIER T_LEFT_PAREN T_RIGHT_PAREN T_LEFT_BRACE statement statement statement statement type_specifier T_IDENTIFIER opt_init 
Input Stack: T_SEMICOLON T_CHAR T_IDENTIFIER T_LEFT_SQUARE T_INTEGER_LITERAL T_RIGHT_SQUARE T_SEMICOLON T_IDENTIFIER T_ASSIGN T_STRING_LITERAL T_SEMICOLON T_IDENTIFIER T_INCREMENT T_SEMICOLON T_INCREMENT T_IDENTIFIER T_SEMICOLON T_IF T_LEFT_PAREN T_IDENTIFIER T_GREATER T_IDENTIFIER T_RIGHT_PAREN T_LEFT_BRACE T_IDENTIFIER T_ASSIGN T_IDENTIFIER T_SEMICOLON T_RIGHT_BRACE T_ELSE T_IF T_LEFT_PAREN T_IDENTIFIER T_LESS T_IDENTIFIER T_RIGHT_PAREN T_LEFT_BRACE T_IDENTIFIER T_ASSIGN T_IDENTIFIER T_PLUS T_INTEGER_LITERAL T_SEMICOLON T_RIGHT_BRACE T_ELSE T_LEFT_BRACE T_IDENTIFIER T_ASSIGN T_INTEGER_LITERAL T_SEMICOLON T_RIGHT_BRACE T_WHILE T_LEFT_PAREN T_IDENTIFIER T_GREATER T_INTEGER_LITERAL T_RIGHT_PAREN T_LEFT_BRACE T_IDENTIFIER T_DECREMENT T_SEMICOLON T_RIGHT_BRACE T_FOR T_LEFT_PAREN T_IDENTIFIER T_ASSIGN T_INTEGER_LITERAL T_SEMICOLON T_IDENTIFIER T_LESS T_INTEGER_LITERAL T_SEMICOLON T_IDENTIFIER T_INCREMENT T_RIGHT_PAREN T_LEFT_BRACE T_IDENTIFIER T_ASSIGN T_IDENTIFIER T_PLUS T_IDENTIFIER T_SEMICOLON T_RIGHT_BRACE T_FOR T_LEFT_PAREN T_IDENTIFIER T_ASSIGN T_INTEGER_LITERAL T_SEMICOLON T_IDENTIFIER T_LESS T_INTEGER_LITERAL T_SEMICOLON T_IDENTIFIER T_INCREMENT T_RIGHT_PAREN T_LEFT_BRACE T_IDENTIFIER T_LEFT_SQUARE T_IDENTIFIER T_RIGHT_SQUARE T_ASSIGN T_IDENTIFIER T_SEMICOLON T_RIGHT_BRACE T_IDENTIFIER T_ASSIGN T_NOT T_IDENTIFIER T_SEMICOLON T_IDENTIFIER T_ASSIGN T_IDENTIFIER T_MOD T_INTEGER_LITERAL T_SEMICOLON T_IDENTIFIER T_ASSIGN T_IDENTIFIER T_BITAND T_INTEGER_LITERAL T_SEMICOLON T_IDENTIFIER T_ASSIGN T_IDENTIFIER T_BITOR T_INTEGER_LITERAL T_SEMICOLON T_IDENTIFIER T_ASSIGN T_IDENTIFIER T_BITXOR T_INTEGER_LITERAL T_SEMICOLON T_IDENTIFIER T_ASSIGN T_BITNOT T_IDENTIFIER T_SEMICOLON T_INT T_IDENTIFIER T_ASSIGN T_IDENTIFIER T_LEFT_PAREN T_IDENTIFIER T_COMMA T_IDENTIFIER T_RIGHT_PAREN T_SEMICOLON T_LEFT_BRACE T_INT T_IDENTIFIER T_ASSIGN T_INTEGER_LITERAL T_SEMICOLON T_IDENTIFIER T_ASSIGN T_IDENTIFIER T_PLUS T_INTEGER_LITERAL T_SEMICOLON T_RIGHT_BRACE T_RETURN T_INTEGER_LITERAL T_SEMICOLON T_RIGHT_BRACE T_EOF 

State Stack: 0 8 8 9 16 18 23 50 118 118 118 118 119 210 299 388 
Symbol Stack: declaration declaration type_specifier T_IDENTIFIER T_LEFT_PAREN T_RIGHT_PAREN T_LEFT_BRACE statement statement statement statement type_specifier T_IDENTIFIER opt_init T_SEMICOLON 
Input Stack: T_CHAR T_IDENTIFIER T_LEFT_SQUARE T_INTEGER_LITERAL T_RIGHT_SQUARE T_SEMICOLON T_IDENTIFIER T_ASSIGN T_STRING_LITERAL T_SEMICOLON T_IDENTIFIER T_INCREMENT T_SEMICOLON T_INCREMENT T_IDENTIFIER T_SEMICOLON T_IF T_LEFT_PAREN T_IDENTIFIER T_GREATER T_IDENTIFIER T_RIGHT_PAREN T_LEFT_BRACE T_IDENTIFIER T_ASSIGN T_IDENTIFIER T_SEMICOLON T_RIGHT_BRACE T_ELSE T_IF T_LEFT_PAREN T_IDENTIFIER T_LESS T_IDENTIFIER T_RIGHT_PAREN T_LEFT_BRACE T_IDENTIFIER T_ASSIGN T_IDENTIFIER T_PLUS T_INTEGER_LITERAL T_SEMICOLON T_RIGHT_BRACE T_ELSE T_LEFT_BRACE T_IDENTIFIER T_ASSIGN T_INTEGER_LITERAL T_SEMICOLON T_RIGHT_BRACE T_WHILE T_LEFT_PAREN T_IDENTIFIER T_GREATER T_INTEGER_LITERAL T_RIGHT_PAREN T_LEFT_BRACE T_IDENTIFIER T_DECREMENT T_SEMICOLON T_RIGHT_BRACE T_FOR T_LEFT_PAREN T_IDENTIFIER T_ASSIGN T_INTEGER_LITERAL T_SEMICOLON T_IDENTIFIER T_LESS T_INTEGER_LITERAL T_SEMICOLON T_IDENTIFIER T_INCREMENT T_RIGHT_PAREN T_LEFT_BRACE T_IDENTIFIER T_ASSIGN T_IDENTIFIER T_PLUS T_IDENTIFIER T_SEMICOLON T_RIGHT_BRACE T_FOR T_LEFT_PAREN T_IDENTIFIER T_ASSIGN T_INTEGER_LITERAL T_SEMICOLON T_IDENTIFIER T_LESS T_INTEGER_LITERAL T_SEMICOLON T_IDENTIFIER T_INCREMENT T_RIGHT_PAREN T_LEFT_BRACE T_IDENTIFIER T_LEFT_SQUARE T_IDENTIFIER T_RIGHT_SQUARE T_ASSIGN T_IDENTIFIER T_SEMICOLON T_RIGHT_BRACE T_IDENTIFIER T_ASSIGN T_NOT T_IDENTIFIER T_SEMICOLON T_IDENTIFIER T_ASSIGN T_IDENTIFIER T_MOD T_INTEGER_LITERAL T_SEMICOLON T_IDENTIFIER T_ASSIGN T_IDENTIFIER T_BITAND T_INTEGER_LITERAL T_SEMICOLON T_IDENTIFIER T_ASSIGN T_IDENTIFIER T_BITOR T_INTEGER_LITERAL T_SEMICOLON T_IDENTIFIER T_ASSIGN T_IDENTIFIER T_BITXOR T_INTEGER_LITERAL T_SEMICOLON T_IDENTIFIER T_ASSIGN T_BITNOT T_IDENTIFIER T_SEMICOLON T_INT T_IDENTIFIER T_ASSIGN T_IDENTIFIER T_LEFT_PAREN T_IDENTIFIER T_COMMA T_IDENTIFIER T_RIGHT_PAREN T_SEMICOLON T_LEFT_BRACE T_INT T_IDENTIFIER T_ASSIGN T_INTEGER_LITERAL T_SEMICOLON T_IDENTIFIER T_ASSIGN T_IDENTIFIER T_PLUS T_INTEGER_LITERAL T_SEMICOLON T_RIGHT_BRACE T_RETURN T_INTEGER_LITERAL T_SEMICOLON T_RIGHT_BRACE T_EOF 

State Stack: 0 8 8 9 16 18 23 50 118 118 118 118 117 
Symbol Stack: declaration declaration type_specifier T_IDENTIFIER T_LEFT_PAREN T_RIGHT_PAREN T_LEFT_BRACE statement statement statement statement var_declaration 
Input Stack: T_CHAR T_IDENTIFIER T_LEFT_SQUARE T_INTEGER_LITERAL T_RIGHT_SQUARE T_SEMICOLON T_IDENTIFIER T_ASSIGN T_STRING_LITERAL T_SEMICOLON T_IDENTIFIER T_INCREMENT T_SEMICOLON T_INCREMENT T_IDENTIFIER T_SEMICOLON T_IF T_LEFT_PAREN T_IDENTIFIER T_GREATER T_IDENTIFIER T_RIGHT_PAREN T_LEFT_BRACE T_IDENTIFIER T_ASSIGN T_IDENTIFIER T_SEMICOLON T_RIGHT_BRACE T_ELSE T_IF T_LEFT_PAREN T_IDENTIFIER T_LESS T_IDENTIFIER T_RIGHT_PAREN T_LEFT_BRACE T_IDENTIFIER T_ASSIGN T_IDENTIFIER T_PLUS T_INTEGER_LITERAL T_SEMICOLON T_RIGHT_BRACE T_ELSE T_LEFT_BRACE T_IDENTIFIER T_ASSIGN T_INTEGER_LITERAL T_SEMICOLON T_RIGHT_BRACE T_WHILE T_LEFT_PAREN T_IDENTIFIER T_GREATER T_INTEGER_LITERAL T_RIGHT_PAREN T_LEFT_BRACE T_IDENTIFIER T_DECREMENT T_SEMICOLON T_RIGHT_BRACE T_FOR T_LEFT_PAREN T_IDENTIFIER T_ASSIGN T_INTEGER_LITERAL T_SEMICOLON T_IDENTIFIER T_LESS T_INTEGER_LITERAL T_SEMICOLON T_IDENTIFIER T_INCREMENT T_RIGHT_PAREN T_LEFT_BRACE T_IDENTIFIER T_ASSIGN T_IDENTIFIER T_PLUS T_IDENTIFIER T_SEMICOLON T_RIGHT_BRACE T_FOR T_LEFT_PAREN T_IDENTIFIER T_ASSIGN T_INTEGER_LITERAL T_SEMICOLON T_IDENTIFIER T_LESS T_INTEGER_LITERAL T_SEMICOLON T_IDENTIFIER T_INCREMENT T_RIGHT_PAREN T_LEFT_BRACE T_IDENTIFIER T_LEFT_SQUARE T_IDENTIFIER T_RIGHT_SQUARE T_ASSIGN T_IDENTIFIER T_SEMICOLON T_RIGHT_BRACE T_IDENTIFIER T_ASSIGN T_NOT T_IDENTIFIER T_SEMICOLON T_IDENTIFIER T_ASSIGN T_IDENTIFIER T_MOD T_INTEGER_LITERAL T_SEMICOLON T_IDENTIFIER T_ASSIGN T_IDENTIFIER T_BITAND T_INTEGER_LITERAL T_SEMICOLON T_IDENTIFIER T_ASSIGN T_IDENTIFIER T_BITOR T_INTEGER_LITERAL T_SEMICOLON T_IDENTIFIER T_ASSIGN T_IDENTIFIER T_BITXOR T_INTEGER_LITERAL T_SEMICOLON T_IDENTIFIER T_ASSIGN T_BITNOT T_IDENTIFIER T_SEMICOLON T_INT T_IDENTIFIER T_ASSIGN T_IDENTIFIER T_LEFT_PAREN T_IDENTIFIER T_COMMA T_IDENTIFIER T_RIGHT_PAREN T_SEMICOLON T_LEFT_BRACE T_INT T_IDENTIFIER T_ASSIGN T_INTEGER_LITERAL T_SEMICOLON T_IDENTIFIER T_ASSIGN T_IDENTIFIER T_PLUS T_INTEGER_LITERAL T_SEMICOLON T_RIGHT_BRACE T_RETURN T_INTEGER_LITERAL T_SEMICOLON T_RIGHT_BRACE T_EOF 

State Stack: 0 8 8 9 16 18 23 50 118 118 118 118 118 
Symbol Stack: declaration declaration type_specifier T_IDENTIFIER T_LEFT_PAREN T_RIGHT_PAREN T_LEFT_BRACE statement statement statement statement statement 
Input Stack: T_CHAR T_IDENTIFIER T_LEFT_SQUARE T_INTEGER_LITERAL T_RIGHT_SQUARE T_SEMICOLON T_IDENTIFIER T_ASSIGN T_STRING_LITERAL T_SEMICOLON T_IDENTIFIER T_INCREMENT T_SEMICOLON T_INCREMENT T_IDENTIFIER T_SEMICOLON T_IF T_LEFT_PAREN T_IDENTIFIER T_GREATER T_IDENTIFIER T_RIGHT_PAREN T_LEFT_BRACE T_IDENTIFIER T_ASSIGN T_IDENTIFIER T_SEMICOLON T_RIGHT_BRACE T_ELSE T_IF T_LEFT_PAREN T_IDENTIFIER T_LESS T_IDENTIFIER T_RIGHT_PAREN T_LEFT_BRACE T_IDENTIFIER T_ASSIGN T_IDENTIFIER T_PLUS T_INTEGER_LITERAL T_SEMICOLON T_RIGHT_BRACE T_ELSE T_LEFT_BRACE T_IDENTIFIER T_ASSIGN T_INTEGER_LITERAL T_SEMICOLON T_RIGHT_BRACE T_WHILE T_LEFT_PAREN T_IDENTIFIER T_GREATER T_INTEGER_LITERAL T_RIGHT_PAREN T_LEFT_BRACE T_IDENTIFIER T_DECREMENT T_SEMICOLON T_RIGHT_BRACE T_FOR T_LEFT_PAREN T_IDENTIFIER T_ASSIGN T_INTEGER_LITERAL T_SEMICOLON T_IDENTIFIER T_LESS T_INTEGER_LITERAL T_SEMICOLON T_IDENTIFIER T_INCREMENT T_RIGHT_PAREN T_LEFT_BRACE T_IDENTIFIER T_ASSIGN T_IDENTIFIER T_PLUS T_IDENTIFIER T_SEMICOLON T_RIGHT_BRACE T_FOR T_LEFT_PAREN T_IDENTIFIER T_ASSIGN T_INTEGER_LITERAL T_SEMICOLON T_IDENTIFIER T_LESS T_INTEGER_LITERAL T_SEMICOLON T_IDENTIFIER T_INCREMENT T_RIGHT_PAREN T_LEFT_BRACE T_IDENTIFIER T_LEFT_SQUARE T_IDENTIFIER T_RIGHT_SQUARE T_ASSIGN T_IDENTIFIER T_SEMICOLON T_RIGHT_BRACE T_IDENTIFIER T_ASSIGN T_NOT T_IDENTIFIER T_SEMICOLON T_IDENTIFIER T_ASSIGN T_IDENTIFIER T_MOD T_INTEGER_LITERAL T_SEMICOLON T_IDENTIFIER T_ASSIGN T_IDENTIFIER T_BITAND T_INTEGER_LITERAL T_SEMICOLON T_IDENTIFIER T_ASSIGN T_IDENTIFIER T_BITOR T_INTEGER_LITERAL T_SEMICOLON T_IDENTIFIER T_ASSIGN T_IDENTIFIER T_BITXOR T_INTEGER_LITERAL T_SEMICOLON T_IDENTIFIER T_ASSIGN T_BITNOT T_IDENTIFIER T_SEMICOLON T_INT T_IDENTIFIER T_ASSIGN T_IDENTIFIER T_LEFT_PAREN T_IDENTIFIER T_COMMA T_IDENTIFIER T_RIGHT_PAREN T_SEMICOLON T_LEFT_BRACE T_INT T_IDENTIFIER T_ASSIGN T_INTEGER_LITERAL T_SEMICOLON T_IDENTIFIER T_ASSIGN T_IDENTIFIER T_PLUS T_INTEGER_LITERAL T_SEMICOLON T_RIGHT_BRACE T_RETURN T_INTEGER_LITERAL T_SEMICOLON T_RIGHT_BRACE T_EOF 

State Stack: 0 8 8 9 16 18 23 50 118 118 118 118 118 1 
Symbol Stack: declaration declaration type_specifier T_IDENTIFIER T_LEFT_PAREN T_RIGHT_PAREN T_LEFT_BRACE statement statement statement statement statement T_CHAR 
Input Stack: T_IDENTIFIER T_LEFT_SQUARE T_INTEGER_LITERAL T_RIGHT_SQUARE T_SEMICOLON T_IDENTIFIER T_ASSIGN T_STRING_LITERAL T_SEMICOLON T_IDENTIFIER T_INCREMENT T_SEMICOLON T_INCREMENT T_IDENTIFIER T_SEMICOLON T_IF T_LEFT_PAREN T_IDENTIFIER T_GREATER T_IDENTIFIER T_RIGHT_PAREN T_LEFT_BRACE T_IDENTIFIER T_ASSIGN T_IDENTIFIER T_SEMICOLON T_RIGHT_BRACE T_ELSE T_IF T_LEFT_PAREN T_IDENTIFIER T_LESS T_IDENTIFIER T_RIGHT_PAREN T_LEFT_BRACE T_IDENTIFIER T_ASSIGN T_IDENTIFIER T_PLUS T_INTEGER_LITERAL T_SEMICOLON T_RIGHT_BRACE T_ELSE T_LEFT_BRACE T_IDENTIFIER T_ASSIGN T_INTEGER_LITERAL T_SEMICOLON T_RIGHT_BRACE T_WHILE T_LEFT_PAREN T_IDENTIFIER T_GREATER T_INTEGER_LITERAL T_RIGHT_PAREN T_LEFT_BRACE T_IDENTIFIER T_DECREMENT T_SEMICOLON T_RIGHT_BRACE T_FOR T_LEFT_PAREN T_IDENTIFIER T_ASSIGN T_INTEGER_LITERAL T_SEMICOLON T_IDENTIFIER T_LESS T_INTEGER_LITERAL T_SEMICOLON T_IDENTIFIER T_INCREMENT T_RIGHT_PAREN T_LEFT_BRACE T_IDENTIFIER T_ASSIGN T_IDENTIFIER T_PLUS T_IDENTIFIER T_SEMICOLON T_RIGHT_BRACE T_FOR T_LEFT_PAREN T_IDENTIFIER T_ASSIGN T_INTEGER_LITERAL T_SEMICOLON T_IDENTIFIER T_LESS T_INTEGER_LITERAL T_SEMICOLON T_IDENTIFIER T_INCREMENT T_RIGHT_PAREN T_LEFT_BRACE T_IDENTIFIER T_LEFT_SQUARE T_IDENTIFIER T_RIGHT_SQUARE T_ASSIGN T_IDENTIFIER T_SEMICOLON T_RIGHT_BRACE T_IDENTIFIER T_ASSIGN T_NOT T_IDENTIFIER T_SEMICOLON T_IDENTIFIER T_ASSIGN T_IDENTIFIER T_MOD T_INTEGER_LITERAL T_SEMICOLON T_IDENTIFIER T_ASSIGN T_IDENTIFIER T_BITAND T_INTEGER_LITERAL T_SEMICOLON T_IDENTIFIER T_ASSIGN T_IDENTIFIER T_BITOR T_INTEGER_LITERAL T_SEMICOLON T_IDENTIFIER T_ASSIGN T_IDENTIFIER T_BITXOR T_INTEGER_LITERAL T_SEMICOLON T_IDENTIFIER T_ASSIGN T_BITNOT T_IDENTIFIER T_SEMICOLON T_INT T_IDENTIFIER T_ASSIGN T_IDENTIFIER T_LEFT_PAREN T_IDENTIFIER T_COMMA T_IDENTIFIER T_RIGHT_PAREN T_SEMICOLON T_LEFT_BRACE T_INT T_IDENTIFIER T_ASSIGN T_INTEGER_LITERAL T_SEMICOLON T_IDENTIFIER T_ASSIGN T_IDENTIFIER T_PLUS T_INTEGER_LITERAL T_SEMICOLON T_RIGHT_BRACE T_RETURN T_INTEGER_LITERAL T_SEMICOLON T_RIGHT_BRACE T_EOF 

State Stack: 0 8 8 9 16 18 23 50 118 118 118 118 118 14 
Symbol Stack: declaration declaration type_specifier T_IDENTIFIER T_LEFT_PAREN T_RIGHT_PAREN T_LEFT_BRACE statement statement statement statement statement simple_type 
Input Stack: T_IDENTIFIER T_LEFT_SQUARE T_INTEGER_LITERAL T_RIGHT_SQUARE T_SEMICOLON T_IDENTIFIER T_ASSIGN T_STRING_LITERAL T_SEMICOLON T_IDENTIFIER T_INCREMENT T_SEMICOLON T_INCREMENT T_IDENTIFIER T_SEMICOLON T_IF T_LEFT_PAREN T_IDENTIFIER T_GREATER T_IDENTIFIER T_RIGHT_PAREN T_LEFT_BRACE T_IDENTIFIER T_ASSIGN T_IDENTIFIER T_SEMICOLON T_RIGHT_BRACE T_ELSE T_IF T_LEFT_PAREN T_IDENTIFIER T_LESS T_IDENTIFIER T_RIGHT_PAREN T_LEFT_BRACE T_IDENTIFIER T_ASSIGN T_IDENTIFIER T_PLUS T_INTEGER_LITERAL T_SEMICOLON T_RIGHT_BRACE T_ELSE T_LEFT_BRACE T_IDENTIFIER T_ASSIGN T_INTEGER_LITERAL T_SEMICOLON T_RIGHT_BRACE T_WHILE T_LEFT_PAREN T_IDENTIFIER T_GREATER T_INTEGER_LITERAL T_RIGHT_PAREN T_LEFT_BRACE T_IDENTIFIER T_DECREMENT T_SEMICOLON T_RIGHT_BRACE T_FOR T_LEFT_PAREN T_IDENTIFIER T_ASSIGN T_INTEGER_LITERAL T_SEMICOLON T_IDENTIFIER T_LESS T_INTEGER_LITERAL T_SEMICOLON T_IDENTIFIER T_INCREMENT T_RIGHT_PAREN T_LEFT_BRACE T_IDENTIFIER T_ASSIGN T_IDENTIFIER T_PLUS T_IDENTIFIER T_SEMICOLON T_RIGHT_BRACE T_FOR T_LEFT_PAREN T_IDENTIFIER T_ASSIGN T_INTEGER_LITERAL T_SEMICOLON T_IDENTIFIER T_LESS T_INTEGER_LITERAL T_SEMICOLON T_IDENTIFIER T_INCREMENT T_RIGHT_PAREN T_LEFT_BRACE T_IDENTIFIER T_LEFT_SQUARE T_IDENTIFIER T_RIGHT_SQUARE T_ASSIGN T_IDENTIFIER T_SEMICOLON T_RIGHT_BRACE T_IDENTIFIER T_ASSIGN T_NOT T_IDENTIFIER T_SEMICOLON T_IDENTIFIER T_ASSIGN T_IDENTIFIER T_MOD T_INTEGER_LITERAL T_SEMICOLON T_IDENTIFIER T_ASSIGN T_IDENTIFIER T_BITAND T_INTEGER_LITERAL T_SEMICOLON T_IDENTIFIER T_ASSIGN T_IDENTIFIER T_BITOR T_INTEGER_LITERAL T_SEMICOLON T_IDENTIFIER T_ASSIGN T_IDENTIFIER T_BITXOR T_INTEGER_LITERAL T_SEMICOLON T_IDENTIFIER T_ASSIGN T_BITNOT T_IDENTIFIER T_SEMICOLON T_INT T_IDENTIFIER T_ASSIGN T_IDENTIFIER T_LEFT_PAREN T_IDENTIFIER T_COMMA T_IDENTIFIER T_RIGHT_PAREN T_SEMICOLON T_LEFT_BRACE T_INT T_IDENTIFIER T_ASSIGN T_INTEGER_LITERAL T_SEMICOLON T_IDENTIFIER T_ASSIGN T_IDENTIFIER T_PLUS T_INTEGER_LITERAL T_SEMICOLON T_RIGHT_BRACE T_RETURN T_INTEGER_LITERAL T_SEMICOLON T_RIGHT_BRACE T_EOF 

State Stack: 0 8 8 9 16 18 23 50 118 118 118 118 118 119 
Symbol Stack: declaration declaration type_specifier T_IDENTIFIER T_LEFT_PAREN T_RIGHT_PAREN T_LEFT_BRACE statement statement statement statement statement type_specifier 
Input Stack: T_IDENTIFIER T_LEFT_SQUARE T_INTEGER_LITERAL T_RIGHT_SQUARE T_SEMICOLON T_IDENTIFIER T_ASSIGN T_STRING_LITERAL T_SEMICOLON T_IDENTIFIER T_INCREMENT T_SEMICOLON T_INCREMENT T_IDENTIFIER T_SEMICOLON T_IF T_LEFT_PAREN T_IDENTIFIER T_GREATER T_IDENTIFIER T_RIGHT_PAREN T_LEFT_BRACE T_IDENTIFIER T_ASSIGN T_IDENTIFIER T_SEMICOLON T_RIGHT_BRACE T_ELSE T_IF T_LEFT_PAREN T_IDENTIFIER T_LESS T_IDENTIFIER T_RIGHT_PAREN T_LEFT_BRACE T_IDENTIFIER T_ASSIGN T_IDENTIFIER T_PLUS T_INTEGER_LITERAL T_SEMICOLON T_RIGHT_BRACE T_ELSE T_LEFT_BRACE T_IDENTIFIER T_ASSIGN T_INTEGER_LITERAL T_SEMICOLON T_RIGHT_BRACE T_WHILE T_LEFT_PAREN T_IDENTIFIER T_GREATER T_INTEGER_LITERAL T_RIGHT_PAREN T_LEFT_BRACE T_IDENTIFIER T_DECREMENT T_SEMICOLON T_RIGHT_BRACE T_FOR T_LEFT_PAREN T_IDENTIFIER T_ASSIGN T_INTEGER_LITERAL T_SEMICOLON T_IDENTIFIER T_LESS T_INTEGER_LITERAL T_SEMICOLON T_IDENTIFIER T_INCREMENT T_RIGHT_PAREN T_LEFT_BRACE T_IDENTIFIER T_ASSIGN T_IDENTIFIER T_PLUS T_IDENTIFIER T_SEMICOLON T_RIGHT_BRACE T_FOR T_LEFT_PAREN T_IDENTIFIER T_ASSIGN T_INTEGER_LITERAL T_SEMICOLON T_IDENTIFIER T_LESS T_INTEGER_LITERAL T_SEMICOLON T_IDENTIFIER T_INCREMENT T_RIGHT_PAREN T_LEFT_BRACE T_IDENTIFIER T_LEFT_SQUARE T_IDENTIFIER T_RIGHT_SQUARE T_ASSIGN T_IDENTIFIER T_SEMICOLON T_RIGHT_BRACE T_IDENTIFIER T_ASSIGN T_NOT T_IDENTIFIER T_SEMICOLON T_IDENTIFIER T_ASSIGN T_IDENTIFIER T_MOD T_INTEGER_LITERAL T_SEMICOLON T_IDENTIFIER T_ASSIGN T_IDENTIFIER T_BITAND T_INTEGER_LITERAL T_SEMICOLON T_IDENTIFIER T_ASSIGN T_IDENTIFIER T_BITOR T_INTEGER_LITERAL T_SEMICOLON T_IDENTIFIER T_ASSIGN T_IDENTIFIER T_BITXOR T_INTEGER_LITERAL T_SEMICOLON T_IDENTIFIER T_ASSIGN T_BITNOT T_IDENTIFIER T_SEMICOLON T_INT T_IDENTIFIER T_ASSIGN T_IDENTIFIER T_LEFT_PAREN T_IDENTIFIER T_COMMA T_IDENTIFIER T_RIGHT_PAREN T_SEMICOLON T_LEFT_BRACE T_INT T_IDENTIFIER T_ASSIGN T_INTEGER_LITERAL T_SEMICOLON T_IDENTIFIER T_ASSIGN T_IDENTIFIER T_PLUS T_INTEGER_LITERAL T_SEMICOLON T_RIGHT_BRACE T_RETURN T_INTEGER_LITERAL T_SEMICOLON T_RIGHT_BRACE T_EOF 

State Stack: 0 8 8 9 16 18 23 50 118 118 118 118 118 119 210 
Symbol Stack: declaration declaration type_specifier T_IDENTIFIER T_LEFT_PAREN T_RIGHT_PAREN T_LEFT_BRACE statement statement statement statement statement type_specifier T_IDENTIFIER 
Input Stack: T_LEFT_SQUARE T_INTEGER_LITERAL T_RIGHT_SQUARE T_SEMICOLON T_IDENTIFIER T_ASSIGN T_STRING_LITERAL T_SEMICOLON T_IDENTIFIER T_INCREMENT T_SEMICOLON T_INCREMENT T_IDENTIFIER T_SEMICOLON T_IF T_LEFT_PAREN T_IDENTIFIER T_GREATER T_IDENTIFIER T_RIGHT_PAREN T_LEFT_BRACE T_IDENTIFIER T_ASSIGN T_IDENTIFIER T_SEMICOLON T_RIGHT_BRACE T_ELSE T_IF T_LEFT_PAREN T_IDENTIFIER T_LESS T_IDENTIFIER T_RIGHT_PAREN T_LEFT_BRACE T_IDENTIFIER T_ASSIGN T_IDENTIFIER T_PLUS T_INTEGER_LITERAL T_SEMICOLON T_RIGHT_BRACE T_ELSE T_LEFT_BRACE T_IDENTIFIER T_ASSIGN T_INTEGER_LITERAL T_SEMICOLON T_RIGHT_BRACE T_WHILE T_LEFT_PAREN T_IDENTIFIER T_GREATER T_INTEGER_LITERAL T_RIGHT_PAREN T_LEFT_BRACE T_IDENTIFIER T_DECREMENT T_SEMICOLON T_RIGHT_BRACE T_FOR T_LEFT_PAREN T_IDENTIFIER T_ASSIGN T_INTEGER_LITERAL T_SEMICOLON T_IDENTIFIER T_LESS T_INTEGER_LITERAL T_SEMICOLON T_IDENTIFIER T_INCREMENT T_RIGHT_PAREN T_LEFT_BRACE T_IDENTIFIER T_ASSIGN T_IDENTIFIER T_PLUS T_IDENTIFIER T_SEMICOLON T_RIGHT_BRACE T_FOR T_LEFT_PAREN T_IDENTIFIER T_ASSIGN T_INTEGER_LITERAL T_SEMICOLON T_IDENTIFIER T_LESS T_INTEGER_LITERAL T_SEMICOLON T_IDENTIFIER T_INCREMENT T_RIGHT_PAREN T_LEFT_BRACE T_IDENTIFIER T_LEFT_SQUARE T_IDENTIFIER T_RIGHT_SQUARE T_ASSIGN T_IDENTIFIER T_SEMICOLON T_RIGHT_BRACE T_IDENTIFIER T_ASSIGN T_NOT T_IDENTIFIER T_SEMICOLON T_IDENTIFIER T_ASSIGN T_IDENTIFIER T_MOD T_INTEGER_LITERAL T_SEMICOLON T_IDENTIFIER T_ASSIGN T_IDENTIFIER T_BITAND T_INTEGER_LITERAL T_SEMICOLON T_IDENTIFIER T_ASSIGN T_IDENTIFIER T_BITOR T_INTEGER_LITERAL T_SEMICOLON T_IDENTIFIER T_ASSIGN T_IDENTIFIER T_BITXOR T_INTEGER_LITERAL T_SEMICOLON T_IDENTIFIER T_ASSIGN T_BITNOT T_IDENTIFIER T_SEMICOLON T_INT T_IDENTIFIER T_ASSIGN T_IDENTIFIER T_LEFT_PAREN T_IDENTIFIER T_COMMA T_IDENTIFIER T_RIGHT_PAREN T_SEMICOLON T_LEFT_BRACE T_INT T_IDENTIFIER T_ASSIGN T_INTEGER_LITERAL T_SEMICOLON T_IDENTIFIER T_ASSIGN T_IDENTIFIER T_PLUS T_INTEGER_LITERAL T_SEMICOLON T_RIGHT_BRACE T_RETURN T_INTEGER_LITERAL T_SEMICOLON T_RIGHT_BRACE T_EOF 

State Stack: 0 8 8 9 16 18 23 50 118 118 118 118 118 119 210 297 
Symbol Stack: declaration declaration type_specifier T_IDENTIFIER T_LEFT_PAREN T_RIGHT_PAREN T_LEFT_BRACE statement statement statement statement statement type_specifier T_IDENTIFIER T_LEFT_SQUARE 
Input Stack: T_INTEGER_LITERAL T_RIGHT_SQUARE T_SEMICOLON T_IDENTIFIER T_ASSIGN T_STRING_LITERAL T_SEMICOLON T_IDENTIFIER T_INCREMENT T_SEMICOLON T_INCREMENT T_IDENTIFIER T_SEMICOLON T_IF T_LEFT_PAREN T_IDENTIFIER T_GREATER T_IDENTIFIER T_RIGHT_PAREN T_LEFT_BRACE T_IDENTIFIER T_ASSIGN T_IDENTIFIER T_SEMICOLON T_RIGHT_BRACE T_ELSE T_IF T_LEFT_PAREN T_IDENTIFIER T_LESS T_IDENTIFIER T_RIGHT_PAREN T_LEFT_BRACE T_IDENTIFIER T_ASSIGN T_IDENTIFIER T_PLUS T_INTEGER_LITERAL T_SEMICOLON T_RIGHT_BRACE T_ELSE T_LEFT_BRACE T_IDENTIFIER T_ASSIGN T_INTEGER_LITERAL T_SEMICOLON T_RIGHT_BRACE T_WHILE T_LEFT_PAREN T_IDENTIFIER T_GREATER T_INTEGER_LITERAL T_RIGHT_PAREN T_LEFT_BRACE T_IDENTIFIER T_DECREMENT T_SEMICOLON T_RIGHT_BRACE T_FOR T_LEFT_PAREN T_IDENTIFIER T_ASSIGN T_INTEGER_LITERAL T_SEMICOLON T_IDENTIFIER T_LESS T_INTEGER_LITERAL T_SEMICOLON T_IDENTIFIER T_INCREMENT T_RIGHT_PAREN T_LEFT_BRACE T_IDENTIFIER T_ASSIGN T_IDENTIFIER T_PLUS T_IDENTIFIER T_SEMICOLON T_RIGHT_BRACE T_FOR T_LEFT_PAREN T_IDENTIFIER T_ASSIGN T_INTEGER_LITERAL T_SEMICOLON T_IDENTIFIER T_LESS T_INTEGER_LITERAL T_SEMICOLON T_IDENTIFIER T_INCREMENT T_RIGHT_PAREN T_LEFT_BRACE T_IDENTIFIER T_LEFT_SQUARE T_IDENTIFIER T_RIGHT_SQUARE T_ASSIGN T_IDENTIFIER T_SEMICOLON T_RIGHT_BRACE T_IDENTIFIER T_ASSIGN T_NOT T_IDENTIFIER T_SEMICOLON T_IDENTIFIER T_ASSIGN T_IDENTIFIER T_MOD T_INTEGER_LITERAL T_SEMICOLON T_IDENTIFIER T_ASSIGN T_IDENTIFIER T_BITAND T_INTEGER_LITERAL T_SEMICOLON T_IDENTIFIER T_ASSIGN T_IDENTIFIER T_BITOR T_INTEGER_LITERAL T_SEMICOLON T_IDENTIFIER T_ASSIGN T_IDENTIFIER T_BITXOR T_INTEGER_LITERAL T_SEMICOLON T_IDENTIFIER T_ASSIGN T_BITNOT T_IDENTIFIER T_SEMICOLON T_INT T_IDENTIFIER T_ASSIGN T_IDENTIFIER T_LEFT_PAREN T_IDENTIFIER T_COMMA T_IDENTIFIER T_RIGHT_PAREN T_SEMICOLON T_LEFT_BRACE T_INT T_IDENTIFIER T_ASSIGN T_INTEGER_LITERAL T_SEMICOLON T_IDENTIFIER T_ASSIGN T_IDENTIFIER T_PLUS T_INTEGER_LITERAL T_SEMICOLON T_RIGHT_BRACE T_RETURN T_INTEGER_LITERAL T_SEMICOLON T_RIGHT_BRACE T_EOF 

State Stack: 0 8 8 9 16 18 23 50 118 118 118 118 118 119 210 297 387 
Symbol Stack: declaration declaration type_specifier T_IDENTIFIER T_LEFT_PAREN T_RIGHT_PAREN T_LEFT_BRACE statement statement statement statement statement type_specifier T_IDENTIFIER T_LEFT_SQUARE T_INTEGER_LITERAL 
Input Stack: T_RIGHT_SQUARE T_SEMICOLON T_IDENTIFIER T_ASSIGN T_STRING_LITERAL T_SEMICOLON T_IDENTIFIER T_INCREMENT T_SEMICOLON T_INCREMENT T_IDENTIFIER T_SEMICOLON T_IF T_LEFT_PAREN T_IDENTIFIER T_GREATER T_IDENTIFIER T_RIGHT_PAREN T_LEFT_BRACE T_IDENTIFIER T_ASSIGN T_IDENTIFIER T_SEMICOLON T_RIGHT_BRACE T_ELSE T_IF T_LEFT_PAREN T_IDENTIFIER T_LESS T_IDENTIFIER T_RIGHT_PAREN T_LEFT_BRACE T_IDENTIFIER T_ASSIGN T_IDENTIFIER T_PLUS T_INTEGER_LITERAL T_SEMICOLON T_RIGHT_BRACE T_ELSE T_LEFT_BRACE T_IDENTIFIER T_ASSIGN T_INTEGER_LITERAL T_SEMICOLON T_RIGHT_BRACE T_WHILE T_LEFT_PAREN T_IDENTIFIER T_GREATER T_INTEGER_LITERAL T_RIGHT_PAREN T_LEFT_BRACE T_IDENTIFIER T_DECREMENT T_SEMICOLON T_RIGHT_BRACE T_FOR T_LEFT_PAREN T_IDENTIFIER T_ASSIGN T_INTEGER_LITERAL T_SEMICOLON T_IDENTIFIER T_LESS T_INTEGER_LITERAL T_SEMICOLON T_IDENTIFIER T_INCREMENT T_RIGHT_PAREN T_LEFT_BRACE T_IDENTIFIER T_ASSIGN T_IDENTIFIER T_PLUS T_IDENTIFIER T_SEMICOLON T_RIGHT_BRACE T_FOR T_LEFT_PAREN T_IDENTIFIER T_ASSIGN T_INTEGER_LITERAL T_SEMICOLON T_IDENTIFIER T_LESS T_INTEGER_LITERAL T_SEMICOLON T_IDENTIFIER T_INCREMENT T_RIGHT_PAREN T_LEFT_BRACE T_IDENTIFIER T_LEFT_SQUARE T_IDENTIFIER T_RIGHT_SQUARE T_ASSIGN T_IDENTIFIER T_SEMICOLON T_RIGHT_BRACE T_IDENTIFIER T_ASSIGN T_NOT T_IDENTIFIER T_SEMICOLON T_IDENTIFIER T_ASSIGN T_IDENTIFIER T_MOD T_INTEGER_LITERAL T_SEMICOLON T_IDENTIFIER T_ASSIGN T_IDENTIFIER T_BITAND T_INTEGER_LITERAL T_SEMICOLON T_IDENTIFIER T_ASSIGN T_IDENTIFIER T_BITOR T_INTEGER_LITERAL T_SEMICOLON T_IDENTIFIER T_ASSIGN T_IDENTIFIER T_BITXOR T_INTEGER_LITERAL T_SEMICOLON T_IDENTIFIER T_ASSIGN T_BITNOT T_IDENTIFIER T_SEMICOLON T_INT T_IDENTIFIER T_ASSIGN T_IDENTIFIER T_LEFT_PAREN T_IDENTIFIER T_COMMA T_IDENTIFIER T_RIGHT_PAREN T_SEMICOLON T_LEFT_BRACE T_INT T_IDENTIFIER T_ASSIGN T_INTEGER_LITERAL T_SEMICOLON T_IDENTIFIER T_ASSIGN T_IDENTIFIER T_PLUS T_INTEGER_LITERAL T_SEMICOLON T_RIGHT_BRACE T_RETURN T_INTEGER_LITERAL T_SEMICOLON T_RIGHT_BRACE T_EOF 

State Stack: 0 8 8 9 16 18 23 50 118 118 118 118 118 119 210 297 387 455 
Symbol Stack: declaration declaration type_specifier T_IDENTIFIER T_LEFT_PAREN T_RIGHT_PAREN T_LEFT_BRACE statement statement statement statement statement type_specifier T_IDENTIFIER T_LEFT_SQUARE T_INTEGER_LITERAL T_RIGHT_SQUARE 
Input Stack: T_SEMICOLON T_IDENTIFIER T_ASSIGN T_STRING_LITERAL T_SEMICOLON T_IDENTIFIER T_INCREMENT T_SEMICOLON T_INCREMENT T_IDENTIFIER T_SEMICOLON T_IF T_LEFT_PAREN T_IDENTIFIER T_GREATER T_IDENTIFIER T_RIGHT_PAREN T_LEFT_BRACE T_IDENTIFIER T_ASSIGN T_IDENTIFIER T_SEMICOLON T_RIGHT_BRACE T_ELSE T_IF T_LEFT_PAREN T_IDENTIFIER T_LESS T_IDENTIFIER T_RIGHT_PAREN T_LEFT_BRACE T_IDENTIFIER T_ASSIGN T_IDENTIFIER T_PLUS T_INTEGER_LITERAL T_SEMICOLON T_RIGHT_BRACE T_ELSE T_LEFT_BRACE T_IDENTIFIER T_ASSIGN T_INTEGER_LITERAL T_SEMICOLON T_RIGHT_BRACE T_WHILE T_LEFT_PAREN T_IDENTIFIER T_GREATER T_INTEGER_LITERAL T_RIGHT_PAREN T_LEFT_BRACE T_IDENTIFIER T_DECREMENT T_SEMICOLON T_RIGHT_BRACE T_FOR T_LEFT_PAREN T_IDENTIFIER T_ASSIGN T_INTEGER_LITERAL T_SEMICOLON T_IDENTIFIER T_LESS T_INTEGER_LITERAL T_SEMICOLON T_IDENTIFIER T_INCREMENT T_RIGHT_PAREN T_LEFT_BRACE T_IDENTIFIER T_ASSIGN T_IDENTIFIER T_PLUS T_IDENTIFIER T_SEMICOLON T_RIGHT_BRACE T_FOR T_LEFT_PAREN T_IDENTIFIER T_ASSIGN T_INTEGER_LITERAL T_SEMICOLON T_IDENTIFIER T_LESS T_INTEGER_LITERAL T_SEMICOLON T_IDENTIFIER T_INCREMENT T_RIGHT_PAREN T_LEFT_BRACE T_IDENTIFIER T_LEFT_SQUARE T_IDENTIFIER T_RIGHT_SQUARE T_ASSIGN T_IDENTIFIER T_SEMICOLON T_RIGHT_BRACE T_IDENTIFIER T_ASSIGN T_NOT T_IDENTIFIER T_SEMICOLON T_IDENTIFIER T_ASSIGN T_IDENTIFIER T_MOD T_INTEGER_LITERAL T_SEMICOLON T_IDENTIFIER T_ASSIGN T_IDENTIFIER T_BITAND T_INTEGER_LITERAL T_SEMICOLON T_IDENTIFIER T_ASSIGN T_IDENTIFIER T_BITOR T_INTEGER_LITERAL T_SEMICOLON T_IDENTIFIER T_ASSIGN T_IDENTIFIER T_BITXOR T_INTEGER_LITERAL T_SEMICOLON T_IDENTIFIER T_ASSIGN T_BITNOT T_IDENTIFIER T_SEMICOLON T_INT T_IDENTIFIER T_ASSIGN T_IDENTIFIER T_LEFT_PAREN T_IDENTIFIER T_COMMA T_IDENTIFIER T_RIGHT_PAREN T_SEMICOLON T_LEFT_BRACE T_INT T_IDENTIFIER T_ASSIGN T_INTEGER_LITERAL T_SEMICOLON T_IDENTIFIER T_ASSIGN T_IDENTIFIER T_PLUS T_INTEGER_LITERAL T_SEMICOLON T_RIGHT_BRACE T_RETURN T_INTEGER_LITERAL T_SEMICOLON T_RIGHT_BRACE T_EOF 

State Stack: 0 8 8 9 16 18 23 50 118 118 118 118 118 119 210 297 387 455 490 
Symbol Stack: declaration declaration type_specifier T_IDENTIFIER T_LEFT_PAREN T_RIGHT_PAREN T_LEFT_BRACE statement statement statement statement statement type_specifier T_IDENTIFIER T_LEFT_SQUARE T_INTEGER_LITERAL T_RIGHT_SQUARE T_SEMICOLON 
Input Stack: T_IDENTIFIER T_ASSIGN T_STRING_LITERAL T_SEMICOLON T_IDENTIFIER T_INCREMENT T_SEMICOLON T_INCREMENT T_IDENTIFIER T_SEMICOLON T_IF T_LEFT_PAREN T_IDENTIFIER T_GREATER T_IDENTIFIER T_RIGHT_PAREN T_LEFT_BRACE T_IDENTIFIER T_ASSIGN T_IDENTIFIER T_SEMICOLON T_RIGHT_BRACE T_ELSE T_IF T_LEFT_PAREN T_IDENTIFIER T_LESS T_IDENTIFIER T_RIGHT_PAREN T_LEFT_BRACE T_IDENTIFIER T_ASSIGN T_IDENTIFIER T_PLUS T_INTEGER_LITERAL T_SEMICOLON T_RIGHT_BRACE T_ELSE T_LEFT_BRACE T_IDENTIFIER T_ASSIGN T_INTEGER_LITERAL T_SEMICOLON T_RIGHT_BRACE T_WHILE T_LEFT_PAREN T_IDENTIFIER T_GREATER T_INTEGER_LITERAL T_RIGHT_PAREN T_LEFT_BRACE T_IDENTIFIER T_DECREMENT T_SEMICOLON T_RIGHT_BRACE T_FOR T_LEFT_PAREN T_IDENTIFIER T_ASSIGN T_INTEGER_LITERAL T_SEMICOLON T_IDENTIFIER T_LESS T_INTEGER_LITERAL T_SEMICOLON T_IDENTIFIER T_INCREMENT T_RIGHT_PAREN T_LEFT_BRACE T_IDENTIFIER T_ASSIGN T_IDENTIFIER T_PLUS T_IDENTIFIER T_SEMICOLON T_RIGHT_BRACE T_FOR T_LEFT_PAREN T_IDENTIFIER T_ASSIGN T_INTEGER_LITERAL T_SEMICOLON T_IDENTIFIER T_LESS T_INTEGER_LITERAL T_SEMICOLON T_IDENTIFIER T_INCREMENT T_RIGHT_PAREN T_LEFT_BRACE T_IDENTIFIER T_LEFT_SQUARE T_IDENTIFIER T_RIGHT_SQUARE T_ASSIGN T_IDENTIFIER T_SEMICOLON T_RIGHT_BRACE T_IDENTIFIER T_ASSIGN T_NOT T_IDENTIFIER T_SEMICOLON T_IDENTIFIER T_ASSIGN T_IDENTIFIER T_MOD T_INTEGER_LITERAL T_SEMICOLON T_IDENTIFIER T_ASSIGN T_IDENTIFIER T_BITAND T_INTEGER_LITERAL T_SEMICOLON T_IDENTIFIER T_ASSIGN T_IDENTIFIER T_BITOR T_INTEGER_LITERAL T_SEMICOLON T_IDENTIFIER T_ASSIGN T_IDENTIFIER T_BITXOR T_INTEGER_LITERAL T_SEMICOLON T_IDENTIFIER T_ASSIGN T_BITNOT T_IDENTIFIER T_SEMICOLON T_INT T_IDENTIFIER T_ASSIGN T_IDENTIFIER T_LEFT_PAREN T_IDENTIFIER T_COMMA T_IDENTIFIER T_RIGHT_PAREN T_SEMICOLON T_LEFT_BRACE T_INT T_IDENTIFIER T_ASSIGN T_INTEGER_LITERAL T_SEMICOLON T_IDENTIFIER T_ASSIGN T_IDENTIFIER T_PLUS T_INTEGER_LITERAL T_SEMICOLON T_RIGHT_BRACE T_RETURN T_INTEGER_LITERAL T_SEMICOLON T_RIGHT_BRACE T_EOF 

State Stack: 0 8 8 9 16 18 23 50 118 118 118 118 118 117 
Symbol Stack: declaration declaration type_specifier T_IDENTIFIER T_LEFT_PAREN T_RIGHT_PAREN T_LEFT_BRACE statement statement statement statement statement var_declaration 
Input Stack: T_IDENTIFIER T_ASSIGN T_STRING_LITERAL T_SEMICOLON T_IDENTIFIER T_INCREMENT T_SEMICOLON T_INCREMENT T_IDENTIFIER T_SEMICOLON T_IF T_LEFT_PAREN T_IDENTIFIER T_GREATER T_IDENTIFIER T_RIGHT_PAREN T_LEFT_BRACE T_IDENTIFIER T_ASSIGN T_IDENTIFIER T_SEMICOLON T_RIGHT_BRACE T_ELSE T_IF T_LEFT_PAREN T_IDENTIFIER T_LESS T_IDENTIFIER T_RIGHT_PAREN T_LEFT_BRACE T_IDENTIFIER T_ASSIGN T_IDENTIFIER T_PLUS T_INTEGER_LITERAL T_SEMICOLON T_RIGHT_BRACE T_ELSE T_LEFT_BRACE T_IDENTIFIER T_ASSIGN T_INTEGER_LITERAL T_SEMICOLON T_RIGHT_BRACE T_WHILE T_LEFT_PAREN T_IDENTIFIER T_GREATER T_INTEGER_LITERAL T_RIGHT_PAREN T_LEFT_BRACE T_IDENTIFIER T_DECREMENT T_SEMICOLON T_RIGHT_BRACE T_FOR T_LEFT_PAREN T_IDENTIFIER T_ASSIGN T_INTEGER_LITERAL T_SEMICOLON T_IDENTIFIER T_LESS T_INTEGER_LITERAL T_SEMICOLON T_IDENTIFIER T_INCREMENT T_RIGHT_PAREN T_LEFT_BRACE T_IDENTIFIER T_ASSIGN T_IDENTIFIER T_PLUS T_IDENTIFIER T_SEMICOLON T_RIGHT_BRACE T_FOR T_LEFT_PAREN T_IDENTIFIER T_ASSIGN T_INTEGER_LITERAL T_SEMICOLON T_IDENTIFIER T_LESS T_INTEGER_LITERAL T_SEMICOLON T_IDENTIFIER T_INCREMENT T_RIGHT_PAREN T_LEFT_BRACE T_IDENTIFIER T_LEFT_SQUARE T_IDENTIFIER T_RIGHT_SQUARE T_ASSIGN T_IDENTIFIER T_SEMICOLON T_RIGHT_BRACE T_IDENTIFIER T_ASSIGN T_NOT T_IDENTIFIER T_SEMICOLON T_IDENTIFIER T_ASSIGN T_IDENTIFIER T_MOD T_INTEGER_LITERAL T_SEMICOLON T_IDENTIFIER T_ASSIGN T_IDENTIFIER T_BITAND T_INTEGER_LITERAL T_SEMICOLON T_IDENTIFIER T_ASSIGN T_IDENTIFIER T_BITOR T_INTEGER_LITERAL T_SEMICOLON T_IDENTIFIER T_ASSIGN T_IDENTIFIER T_BITXOR T_INTEGER_LITERAL T_SEMICOLON T_IDENTIFIER T_ASSIGN T_BITNOT T_IDENTIFIER T_SEMICOLON T_INT T_IDENTIFIER T_ASSIGN T_IDENTIFIER T_LEFT_PAREN T_IDENTIFIER T_COMMA T_IDENTIFIER T_RIGHT_PAREN T_SEMICOLON T_LEFT_BRACE T_INT T_IDENTIFIER T_ASSIGN T_INTEGER_LITERAL T_SEMICOLON T_IDENTIFIER T_ASSIGN T_IDENTIFIER T_PLUS T_INTEGER_LITERAL T_SEMICOLON T_RIGHT_BRACE T_RETURN T_INTEGER_LITERAL T_SEMICOLON T_RIGHT_BRACE T_EOF 

State Stack: 0 8 8 9 16 18 23 50 118 118 118 118 118 118 
Symbol Stack: declaration declaration type_specifier T_IDENTIFIER T_LEFT_PAREN T_RIGHT_PAREN T_LEFT_BRACE statement statement statement statement statement statement 
Input Stack: T_IDENTIFIER T_ASSIGN T_STRING_LITERAL T_SEMICOLON T_IDENTIFIER T_INCREMENT T_SEMICOLON T_INCREMENT T_IDENTIFIER T_SEMICOLON T_IF T_LEFT_PAREN T_IDENTIFIER T_GREATER T_IDENTIFIER T_RIGHT_PAREN T_LEFT_BRACE T_IDENTIFIER T_ASSIGN T_IDENTIFIER T_SEMICOLON T_RIGHT_BRACE T_ELSE T_IF T_LEFT_PAREN T_IDENTIFIER T_LESS T_IDENTIFIER T_RIGHT_PAREN T_LEFT_BRACE T_IDENTIFIER T_ASSIGN T_IDENTIFIER T_PLUS T_INTEGER_LITERAL T_SEMICOLON T_RIGHT_BRACE T_ELSE T_LEFT_BRACE T_IDENTIFIER T_ASSIGN T_INTEGER_LITERAL T_SEMICOLON T_RIGHT_BRACE T_WHILE T_LEFT_PAREN T_IDENTIFIER T_GREATER T_INTEGER_LITERAL T_RIGHT_PAREN T_LEFT_BRACE T_IDENTIFIER T_DECREMENT T_SEMICOLON T_RIGHT_BRACE T_FOR T_LEFT_PAREN T_IDENTIFIER T_ASSIGN T_INTEGER_LITERAL T_SEMICOLON T_IDENTIFIER T_LESS T_INTEGER_LITERAL T_SEMICOLON T_IDENTIFIER T_INCREMENT T_RIGHT_PAREN T_LEFT_BRACE T_IDENTIFIER T_ASSIGN T_IDENTIFIER T_PLUS T_IDENTIFIER T_SEMICOLON T_RIGHT_BRACE T_FOR T_LEFT_PAREN T_IDENTIFIER T_ASSIGN T_INTEGER_LITERAL T_SEMICOLON T_IDENTIFIER T_LESS T_INTEGER_LITERAL T_SEMICOLON T_IDENTIFIER T_INCREMENT T_RIGHT_PAREN T_LEFT_BRACE T_IDENTIFIER T_LEFT_SQUARE T_IDENTIFIER T_RIGHT_SQUARE T_ASSIGN T_IDENTIFIER T_SEMICOLON T_RIGHT_BRACE T_IDENTIFIER T_ASSIGN T_NOT T_IDENTIFIER T_SEMICOLON T_IDENTIFIER T_ASSIGN T_IDENTIFIER T_MOD T_INTEGER_LITERAL T_SEMICOLON T_IDENTIFIER T_ASSIGN T_IDENTIFIER T_BITAND T_INTEGER_LITERAL T_SEMICOLON T_IDENTIFIER T_ASSIGN T_IDENTIFIER T_BITOR T_INTEGER_LITERAL T_SEMICOLON T_IDENTIFIER T_ASSIGN T_IDENTIFIER T_BITXOR T_INTEGER_LITERAL T_SEMICOLON T_IDENTIFIER T_ASSIGN T_BITNOT T_IDENTIFIER T_SEMICOLON T_INT T_IDENTIFIER T_ASSIGN T_IDENTIFIER T_LEFT_PAREN T_IDENTIFIER T_COMMA T_IDENTIFIER T_RIGHT_PAREN T_SEMICOLON T_LEFT_BRACE T_INT T_IDENTIFIER T_ASSIGN T_INTEGER_LITERAL T_SEMICOLON T_IDENTIFIER T_ASSIGN T_IDENTIFIER T_PLUS T_INTEGER_LITERAL T_SEMICOLON T_RIGHT_BRACE T_RETURN T_INTEGER_LITERAL T_SEMICOLON T_RIGHT_BRACE T_EOF 

State Stack: 0 8 8 9 16 18 23 50 118 118 118 118 118 118 29 
Symbol Stack: declaration declaration type_specifier T_IDENTIFIER T_LEFT_PAREN T_RIGHT_PAREN T_LEFT_BRACE statement statement statement statement statement statement T_IDENTIFIER 
Input Stack: T_ASSIGN T_STRING_LITERAL T_SEMICOLON T_IDENTIFIER T_INCREMENT T_SEMICOLON T_INCREMENT T_IDENTIFIER T_SEMICOLON T_IF T_LEFT_PAREN T_IDENTIFIER T_GREATER T_IDENTIFIER T_RIGHT_PAREN T_LEFT_BRACE T_IDENTIFIER T_ASSIGN T_IDENTIFIER T_SEMICOLON T_RIGHT_BRACE T_ELSE T_IF T_LEFT_PAREN T_IDENTIFIER T_LESS T_IDENTIFIER T_RIGHT_PAREN T_LEFT_BRACE T_IDENTIFIER T_ASSIGN T_IDENTIFIER T_PLUS T_INTEGER_LITERAL T_SEMICOLON T_RIGHT_BRACE T_ELSE T_LEFT_BRACE T_IDENTIFIER T_ASSIGN T_INTEGER_LITERAL T_SEMICOLON T_RIGHT_BRACE T_WHILE T_LEFT_PAREN T_IDENTIFIER T_GREATER T_INTEGER_LITERAL T_RIGHT_PAREN T_LEFT_BRACE T_IDENTIFIER T_DECREMENT T_SEMICOLON T_RIGHT_BRACE T_FOR T_LEFT_PAREN T_IDENTIFIER T_ASSIGN T_INTEGER_LITERAL T_SEMICOLON T_IDENTIFIER T_LESS T_INTEGER_LITERAL T_SEMICOLON T_IDENTIFIER T_INCREMENT T_RIGHT_PAREN T_LEFT_BRACE T_IDENTIFIER T_ASSIGN T_IDENTIFIER T_PLUS T_IDENTIFIER T_SEMICOLON T_RIGHT_BRACE T_FOR T_LEFT_PAREN T_IDENTIFIER T_ASSIGN T_INTEGER_LITERAL T_SEMICOLON T_IDENTIFIER T_LESS T_INTEGER_LITERAL T_SEMICOLON T_IDENTIFIER T_INCREMENT T_RIGHT_PAREN T_LEFT_BRACE T_IDENTIFIER T_LEFT_SQUARE T_IDENTIFIER T_RIGHT_SQUARE T_ASSIGN T_IDENTIFIER T_SEMICOLON T_RIGHT_BRACE T_IDENTIFIER T_ASSIGN T_NOT T_IDENTIFIER T_SEMICOLON T_IDENTIFIER T_ASSIGN T_IDENTIFIER T_MOD T_INTEGER_LITERAL T_SEMICOLON T_IDENTIFIER T_ASSIGN T_IDENTIFIER T_BITAND T_INTEGER_LITERAL T_SEMICOLON T_IDENTIFIER T_ASSIGN T_IDENTIFIER T_BITOR T_INTEGER_LITERAL T_SEMICOLON T_IDENTIFIER T_ASSIGN T_IDENTIFIER T_BITXOR T_INTEGER_LITERAL T_SEMICOLON T_IDENTIFIER T_ASSIGN T_BITNOT T_IDENTIFIER T_SEMICOLON T_INT T_IDENTIFIER T_ASSIGN T_IDENTIFIER T_LEFT_PAREN T_IDENTIFIER T_COMMA T_IDENTIFIER T_RIGHT_PAREN T_SEMICOLON T_LEFT_BRACE T_INT T_IDENTIFIER T_ASSIGN T_INTEGER_LITERAL T_SEMICOLON T_IDENTIFIER T_ASSIGN T_IDENTIFIER T_PLUS T_INTEGER_LITERAL T_SEMICOLON T_RIGHT_BRACE T_RETURN T_INTEGER_LITERAL T_SEMICOLON T_RIGHT_BRACE T_EOF 

State Stack: 0 8 8 9 16 18 23 50 118 118 118 118 118 118 43 
Symbol Stack: declaration declaration type_specifier T_IDENTIFIER T_LEFT_PAREN T_RIGHT_PAREN T_LEFT_BRACE statement statement statement statement statement statement var 
Input Stack: T_ASSIGN T_STRING_LITERAL T_SEMICOLON T_IDENTIFIER T_INCREMENT T_SEMICOLON T_INCREMENT T_IDENTIFIER T_SEMICOLON T_IF T_LEFT_PAREN T_IDENTIFIER T_GREATER T_IDENTIFIER T_RIGHT_PAREN T_LEFT_BRACE T_IDENTIFIER T_ASSIGN T_IDENTIFIER T_SEMICOLON T_RIGHT_BRACE T_ELSE T_IF T_LEFT_PAREN T_IDENTIFIER T_LESS T_IDENTIFIER T_RIGHT_PAREN T_LEFT_BRACE T_IDENTIFIER T_ASSIGN T_IDENTIFIER T_PLUS T_INTEGER_LITERAL T_SEMICOLON T_RIGHT_BRACE T_ELSE T_LEFT_BRACE T_IDENTIFIER T_ASSIGN T_INTEGER_LITERAL T_SEMICOLON T_RIGHT_BRACE T_WHILE T_LEFT_PAREN T_IDENTIFIER T_GREATER T_INTEGER_LITERAL T_RIGHT_PAREN T_LEFT_BRACE T_IDENTIFIER T_DECREMENT T_SEMICOLON T_RIGHT_BRACE T_FOR T_LEFT_PAREN T_IDENTIFIER T_ASSIGN T_INTEGER_LITERAL T_SEMICOLON T_IDENTIFIER T_LESS T_INTEGER_LITERAL T_SEMICOLON T_IDENTIFIER T_INCREMENT T_RIGHT_PAREN T_LEFT_BRACE T_IDENTIFIER T_ASSIGN T_IDENTIFIER T_PLUS T_IDENTIFIER T_SEMICOLON T_RIGHT_BRACE T_FOR T_LEFT_PAREN T_IDENTIFIER T_ASSIGN T_INTEGER_LITERAL T_SEMICOLON T_IDENTIFIER T_LESS T_INTEGER_LITERAL T_SEMICOLON T_IDENTIFIER T_INCREMENT T_RIGHT_PAREN T_LEFT_BRACE T_IDENTIFIER T_LEFT_SQUARE T_IDENTIFIER T_RIGHT_SQUARE T_ASSIGN T_IDENTIFIER T_SEMICOLON T_RIGHT_BRACE T_IDENTIFIER T_ASSIGN T_NOT T_IDENTIFIER T_SEMICOLON T_IDENTIFIER T_ASSIGN T_IDENTIFIER T_MOD T_INTEGER_LITERAL T_SEMICOLON T_IDENTIFIER T_ASSIGN T_IDENTIFIER T_BITAND T_INTEGER_LITERAL T_SEMICOLON T_IDENTIFIER T_ASSIGN T_IDENTIFIER T_BITOR T_INTEGER_LITERAL T_SEMICOLON T_IDENTIFIER T_ASSIGN T_IDENTIFIER T_BITXOR T_INTEGER_LITERAL T_SEMICOLON T_IDENTIFIER T_ASSIGN T_BITNOT T_IDENTIFIER T_SEMICOLON T_INT T_IDENTIFIER T_ASSIGN T_IDENTIFIER T_LEFT_PAREN T_IDENTIFIER T_COMMA T_IDENTIFIER T_RIGHT_PAREN T_SEMICOLON T_LEFT_BRACE T_INT T_IDENTIFIER T_ASSIGN T_INTEGER_LITERAL T_SEMICOLON T_IDENTIFIER T_ASSIGN T_IDENTIFIER T_PLUS T_INTEGER_LITERAL T_SEMICOLON T_RIGHT_BRACE T_RETURN T_INTEGER_LITERAL T_SEMICOLON T_RIGHT_BRACE T_EOF 

State Stack: 0 8 8 9 16 18 23 50 118 118 118 118 118 118 43 96 
Symbol Stack: declaration declaration type_specifier T_IDENTIFIER T_LEFT_PAREN T_RIGHT_PAREN T_LEFT_BRACE statement statement statement statement statement statement var T_ASSIGN 
Input Stack: T_STRING_LITERAL T_SEMICOLON T_IDENTIFIER T_INCREMENT T_SEMICOLON T_INCREMENT T_IDENTIFIER T_SEMICOLON T_IF T_LEFT_PAREN T_IDENTIFIER T_GREATER T_IDENTIFIER T_RIGHT_PAREN T_LEFT_BRACE T_IDENTIFIER T_ASSIGN T_IDENTIFIER T_SEMICOLON T_RIGHT_BRACE T_ELSE T_IF T_LEFT_PAREN T_IDENTIFIER T_LESS T_IDENTIFIER T_RIGHT_PAREN T_LEFT_BRACE T_IDENTIFIER T_ASSIGN T_IDENTIFIER T_PLUS T_INTEGER_LITERAL T_SEMICOLON T_RIGHT_BRACE T_ELSE T_LEFT_BRACE T_IDENTIFIER T_ASSIGN T_INTEGER_LITERAL T_SEMICOLON T_RIGHT_BRACE T_WHILE T_LEFT_PAREN T_IDENTIFIER T_GREATER T_INTEGER_LITERAL T_RIGHT_PAREN T_LEFT_BRACE T_IDENTIFIER T_DECREMENT T_SEMICOLON T_RIGHT_BRACE T_FOR T_LEFT_PAREN T_IDENTIFIER T_ASSIGN T_INTEGER_LITERAL T_SEMICOLON T_IDENTIFIER T_LESS T_INTEGER_LITERAL T_SEMICOLON T_IDENTIFIER T_INCREMENT T_RIGHT_PAREN T_LEFT_BRACE T_IDENTIFIER T_ASSIGN T_IDENTIFIER T_PLUS T_IDENTIFIER T_SEMICOLON T_RIGHT_BRACE T_FOR T_LEFT_PAREN T_IDENTIFIER T_ASSIGN T_INTEGER_LITERAL T_SEMICOLON T_IDENTIFIER T_LESS T_INTEGER_LITERAL T_SEMICOLON T_IDENTIFIER T_INCREMENT T_RIGHT_PAREN T_LEFT_BRACE T_IDENTIFIER T_LEFT_SQUARE T_IDENTIFIER T_RIGHT_SQUARE T_ASSIGN T_IDENTIFIER T_SEMICOLON T_RIGHT_BRACE T_IDENTIFIER T_ASSIGN T_NOT T_IDENTIFIER T_SEMICOLON T_IDENTIFIER T_ASSIGN T_IDENTIFIER T_MOD T_INTEGER_LITERAL T_SEMICOLON T_IDENTIFIER T_ASSIGN T_IDENTIFIER T_BITAND T_INTEGER_LITERAL T_SEMICOLON T_IDENTIFIER T_ASSIGN T_IDENTIFIER T_BITOR T_INTEGER_LITERAL T_SEMICOLON T_IDENTIFIER T_ASSIGN T_IDENTIFIER T_BITXOR T_INTEGER_LITERAL T_SEMICOLON T_IDENTIFIER T_ASSIGN T_BITNOT T_IDENTIFIER T_SEMICOLON T_INT T_IDENTIFIER T_ASSIGN T_IDENTIFIER T_LEFT_PAREN T_IDENTIFIER T_COMMA T_IDENTIFIER T_RIGHT_PAREN T_SEMICOLON T_LEFT_BRACE T_INT T_IDENTIFIER T_ASSIGN T_INTEGER_LITERAL T_SEMICOLON T_IDENTIFIER T_ASSIGN T_IDENTIFIER T_PLUS T_INTEGER_LITERAL T_SEMICOLON T_RIGHT_BRACE T_RETURN T_INTEGER_LITERAL T_SEMICOLON T_RIGHT_BRACE T_EOF 

State Stack: 0 8 8 9 16 18 23 50 118 118 118 118 118 118 43 96 36 
Symbol Stack: declaration declaration type_specifier T_IDENTIFIER T_LEFT_PAREN T_RIGHT_PAREN T_LEFT_BRACE statement statement statement statement statement statement var T_ASSIGN T_STRING_LITERAL 
Input Stack: T_SEMICOLON T_IDENTIFIER T_INCREMENT T_SEMICOLON T_INCREMENT T_IDENTIFIER T_SEMICOLON T_IF T_LEFT_PAREN T_IDENTIFIER T_GREATER T_IDENTIFIER T_RIGHT_PAREN T_LEFT_BRACE T_IDENTIFIER T_ASSIGN T_IDENTIFIER T_SEMICOLON T_RIGHT_BRACE T_ELSE T_IF T_LEFT_PAREN T_IDENTIFIER T_LESS T_IDENTIFIER T_RIGHT_PAREN T_LEFT_BRACE T_IDENTIFIER T_ASSIGN T_IDENTIFIER T_PLUS T_INTEGER_LITERAL T_SEMICOLON T_RIGHT_BRACE T_ELSE T_LEFT_BRACE T_IDENTIFIER T_ASSIGN T_INTEGER_LITERAL T_SEMICOLON T_RIGHT_BRACE T_WHILE T_LEFT_PAREN T_IDENTIFIER T_GREATER T_INTEGER_LITERAL T_RIGHT_PAREN T_LEFT_BRACE T_IDENTIFIER T_DECREMENT T_SEMICOLON T_RIGHT_BRACE T_FOR T_LEFT_PAREN T_IDENTIFIER T_ASSIGN T_INTEGER_LITERAL T_SEMICOLON T_IDENTIFIER T_LESS T_INTEGER_LITERAL T_SEMICOLON T_IDENTIFIER T_INCREMENT T_RIGHT_PAREN T_LEFT_BRACE T_IDENTIFIER T_ASSIGN T_IDENTIFIER T_PLUS T_IDENTIFIER T_SEMICOLON T_RIGHT_BRACE T_FOR T_LEFT_PAREN T_IDENTIFIER T_ASSIGN T_INTEGER_LITERAL T_SEMICOLON T_IDENTIFIER T_LESS T_INTEGER_LITERAL T_SEMICOLON T_IDENTIFIER T_INCREMENT T_RIGHT_PAREN T_LEFT_BRACE T_IDENTIFIER T_LEFT_SQUARE T_IDENTIFIER T_RIGHT_SQUARE T_ASSIGN T_IDENTIFIER T_SEMICOLON T_RIGHT_BRACE T_IDENTIFIER T_ASSIGN T_NOT T_IDENTIFIER T_SEMICOLON T_IDENTIFIER T_ASSIGN T_IDENTIFIER T_MOD T_INTEGER_LITERAL T_SEMICOLON T_IDENTIFIER T_ASSIGN T_IDENTIFIER T_BITAND T_INTEGER_LITERAL T_SEMICOLON T_IDENTIFIER T_ASSIGN T_IDENTIFIER T_BITOR T_INTEGER_LITERAL T_SEMICOLON T_IDENTIFIER T_ASSIGN T_IDENTIFIER T_BITXOR T_INTEGER_LITERAL T_SEMICOLON T_IDENTIFIER T_ASSIGN T_BITNOT T_IDENTIFIER T_SEMICOLON T_INT T_IDENTIFIER T_ASSIGN T_IDENTIFIER T_LEFT_PAREN T_IDENTIFIER T_COMMA T_IDENTIFIER T_RIGHT_PAREN T_SEMICOLON T_LEFT_BRACE T_INT T_IDENTIFIER T_ASSIGN T_INTEGER_LITERAL T_SEMICOLON T_IDENTIFIER T_ASSIGN T_IDENTIFIER T_PLUS T_INTEGER_LITERAL T_SEMICOLON T_RIGHT_BRACE T_RETURN T_INTEGER_LITERAL T_SEMICOLON T_RIGHT_BRACE T_EOF 

State Stack: 0 8 8 9 16 18 23 50 118 118 118 118 118 118 43 96 47 
Symbol Stack: declaration declaration type_specifier T_IDENTIFIER T_LEFT_PAREN T_RIGHT_PAREN T_LEFT_BRACE statement statement statement statement statement statement var T_ASSIGN factor 
Input Stack: T_SEMICOLON T_IDENTIFIER T_INCREMENT T_SEMICOLON T_INCREMENT T_IDENTIFIER T_SEMICOLON T_IF T_LEFT_PAREN T_IDENTIFIER T_GREATER T_IDENTIFIER T_RIGHT_PAREN T_LEFT_BRACE T_IDENTIFIER T_ASSIGN T_IDENTIFIER T_SEMICOLON T_RIGHT_BRACE T_ELSE T_IF T_LEFT_PAREN T_IDENTIFIER T_LESS T_IDENTIFIER T_RIGHT_PAREN T_LEFT_BRACE T_IDENTIFIER T_ASSIGN T_IDENTIFIER T_PLUS T_INTEGER_LITERAL T_SEMICOLON T_RIGHT_BRACE T_ELSE T_LEFT_BRACE T_IDENTIFIER T_ASSIGN T_INTEGER_LITERAL T_SEMICOLON T_RIGHT_BRACE T_WHILE T_LEFT_PAREN T_IDENTIFIER T_GREATER T_INTEGER_LITERAL T_RIGHT_PAREN T_LEFT_BRACE T_IDENTIFIER T_DECREMENT T_SEMICOLON T_RIGHT_BRACE T_FOR T_LEFT_PAREN T_IDENTIFIER T_ASSIGN T_INTEGER_LITERAL T_SEMICOLON T_IDENTIFIER T_LESS T_INTEGER_LITERAL T_SEMICOLON T_IDENTIFIER T_INCREMENT T_RIGHT_PAREN T_LEFT_BRACE T_IDENTIFIER T_ASSIGN T_IDENTIFIER T_PLUS T_IDENTIFIER T_SEMICOLON T_RIGHT_BRACE T_FOR T_LEFT_PAREN T_IDENTIFIER T_ASSIGN T_INTEGER_LITERAL T_SEMICOLON T_IDENTIFIER T_LESS T_INTEGER_LITERAL T_SEMICOLON T_IDENTIFIER T_INCREMENT T_RIGHT_PAREN T_LEFT_BRACE T_IDENTIFIER T_LEFT_SQUARE T_IDENTIFIER T_RIGHT_SQUARE T_ASSIGN T_IDENTIFIER T_SEMICOLON T_RIGHT_BRACE T_IDENTIFIER T_ASSIGN T_NOT T_IDENTIFIER T_SEMICOLON T_IDENTIFIER T_ASSIGN T_IDENTIFIER T_MOD T_INTEGER_LITERAL T_SEMICOLON T_IDENTIFIER T_ASSIGN T_IDENTIFIER T_BITAND T_INTEGER_LITERAL T_SEMICOLON T_IDENTIFIER T_ASSIGN T_IDENTIFIER T_BITOR T_INTEGER_LITERAL T_SEMICOLON T_IDENTIFIER T_ASSIGN T_IDENTIFIER T_BITXOR T_INTEGER_LITERAL T_SEMICOLON T_IDENTIFIER T_ASSIGN T_BITNOT T_IDENTIFIER T_SEMICOLON T_INT T_IDENTIFIER T_ASSIGN T_IDENTIFIER T_LEFT_PAREN T_IDENTIFIER T_COMMA T_IDENTIFIER T_RIGHT_PAREN T_SEMICOLON T_LEFT_BRACE T_INT T_IDENTIFIER T_ASSIGN T_INTEGER_LITERAL T_SEMICOLON T_IDENTIFIER T_ASSIGN T_IDENTIFIER T_PLUS T_INTEGER_LITERAL T_SEMICOLON T_RIGHT_BRACE T_RETURN T_INTEGER_LITERAL T_SEMICOLON T_RIGHT_BRACE T_EOF 

State Stack: 0 8 8 9 16 18 23 50 118 118 118 118 118 118 43 96 40 
Symbol Stack: declaration declaration type_specifier T_IDENTIFIER T_LEFT_PAREN T_RIGHT_PAREN T_LEFT_BRACE statement statement statement statement statement statement var T_ASSIGN term 
Input Stack: T_SEMICOLON T_IDENTIFIER T_INCREMENT T_SEMICOLON T_INCREMENT T_IDENTIFIER T_SEMICOLON T_IF T_LEFT_PAREN T_IDENTIFIER T_GREATER T_IDENTIFIER T_RIGHT_PAREN T_LEFT_BRACE T_IDENTIFIER T_ASSIGN T_IDENTIFIER T_SEMICOLON T_RIGHT_BRACE T_ELSE T_IF T_LEFT_PAREN T_IDENTIFIER T_LESS T_IDENTIFIER T_RIGHT_PAREN T_LEFT_BRACE T_IDENTIFIER T_ASSIGN T_IDENTIFIER T_PLUS T_INTEGER_LITERAL T_SEMICOLON T_RIGHT_BRACE T_ELSE T_LEFT_BRACE T_IDENTIFIER T_ASSIGN T_INTEGER_LITERAL T_SEMICOLON T_RIGHT_BRACE T_WHILE T_LEFT_PAREN T_IDENTIFIER T_GREATER T_INTEGER_LITERAL T_RIGHT_PAREN T_LEFT_BRACE T_IDENTIFIER T_DECREMENT T_SEMICOLON T_RIGHT_BRACE T_FOR T_LEFT_PAREN T_IDENTIFIER T_ASSIGN T_INTEGER_LITERAL T_SEMICOLON T_IDENTIFIER T_LESS T_INTEGER_LITERAL T_SEMICOLON T_IDENTIFIER T_INCREMENT T_RIGHT_PAREN T_LEFT_BRACE T_IDENTIFIER T_ASSIGN T_IDENTIFIER T_PLUS T_IDENTIFIER T_SEMICOLON T_RIGHT_BRACE T_FOR T_LEFT_PAREN T_IDENTIFIER T_ASSIGN T_INTEGER_LITERAL T_SEMICOLON T_IDENTIFIER T_LESS T_INTEGER_LITERAL T_SEMICOLON T_IDENTIFIER T_INCREMENT T_RIGHT_PAREN T_LEFT_BRACE T_IDENTIFIER T_LEFT_SQUARE T_IDENTIFIER T_RIGHT_SQUARE T_ASSIGN T_IDENTIFIER T_SEMICOLON T_RIGHT_BRACE T_IDENTIFIER T_ASSIGN T_NOT T_IDENTIFIER T_SEMICOLON T_IDENTIFIER T_ASSIGN T_IDENTIFIER T_MOD T_INTEGER_LITERAL T_SEMICOLON T_IDENTIFIER T_ASSIGN T_IDENTIFIER T_BITAND T_INTEGER_LITERAL T_SEMICOLON T_IDENTIFIER T_ASSIGN T_IDENTIFIER T_BITOR T_INTEGER_LITERAL T_SEMICOLON T_IDENTIFIER T_ASSIGN T_IDENTIFIER T_BITXOR T_INTEGER_LITERAL T_SEMICOLON T_IDENTIFIER T_ASSIGN T_BITNOT T_IDENTIFIER T_SEMICOLON T_INT T_IDENTIFIER T_ASSIGN T_IDENTIFIER T_LEFT_PAREN T_IDENTIFIER T_COMMA T_IDENTIFIER T_RIGHT_PAREN T_SEMICOLON T_LEFT_BRACE T_INT T_IDENTIFIER T_ASSIGN T_INTEGER_LITERAL T_SEMICOLON T_IDENTIFIER T_ASSIGN T_IDENTIFIER T_PLUS T_INTEGER_LITERAL T_SEMICOLON T_RIGHT_BRACE T_RETURN T_INTEGER_LITERAL T_SEMICOLON T_RIGHT_BRACE T_EOF 

State Stack: 0 8 8 9 16 18 23 50 118 118 118 118 118 118 43 96 39 
Symbol Stack: declaration declaration type_specifier T_IDENTIFIER T_LEFT_PAREN T_RIGHT_PAREN T_LEFT_BRACE statement statement statement statement statement statement var T_ASSIGN additive_expression 
Input Stack: T_SEMICOLON T_IDENTIFIER T_INCREMENT T_SEMICOLON T_INCREMENT T_IDENTIFIER T_SEMICOLON T_IF T_LEFT_PAREN T_IDENTIFIER T_GREATER T_IDENTIFIER T_RIGHT_PAREN T_LEFT_BRACE T_IDENTIFIER T_ASSIGN T_IDENTIFIER T_SEMICOLON T_RIGHT_BRACE T_ELSE T_IF T_LEFT_PAREN T_IDENTIFIER T_LESS T_IDENTIFIER T_RIGHT_PAREN T_LEFT_BRACE T_IDENTIFIER T_ASSIGN T_IDENTIFIER T_PLUS T_INTEGER_LITERAL T_SEMICOLON T_RIGHT_BRACE T_ELSE T_LEFT_BRACE T_IDENTIFIER T_ASSIGN T_INTEGER_LITERAL T_SEMICOLON T_RIGHT_BRACE T_WHILE T_LEFT_PAREN T_IDENTIFIER T_GREATER T_INTEGER_LITERAL T_RIGHT_PAREN T_LEFT_BRACE T_IDENTIFIER T_DECREMENT T_SEMICOLON T_RIGHT_BRACE T_FOR T_LEFT_PAREN T_IDENTIFIER T_ASSIGN T_INTEGER_LITERAL T_SEMICOLON T_IDENTIFIER T_LESS T_INTEGER_LITERAL T_SEMICOLON T_IDENTIFIER T_INCREMENT T_RIGHT_PAREN T_LEFT_BRACE T_IDENTIFIER T_ASSIGN T_IDENTIFIER T_PLUS T_IDENTIFIER T_SEMICOLON T_RIGHT_BRACE T_FOR T_LEFT_PAREN T_IDENTIFIER T_ASSIGN T_INTEGER_LITERAL T_SEMICOLON T_IDENTIFIER T_LESS T_INTEGER_LITERAL T_SEMICOLON T_IDENTIFIER T_INCREMENT T_RIGHT_PAREN T_LEFT_BRACE T_IDENTIFIER T_LEFT_SQUARE T_IDENTIFIER T_RIGHT_SQUARE T_ASSIGN T_IDENTIFIER T_SEMICOLON T_RIGHT_BRACE T_IDENTIFIER T_ASSIGN T_NOT T_IDENTIFIER T_SEMICOLON T_IDENTIFIER T_ASSIGN T_IDENTIFIER T_MOD T_INTEGER_LITERAL T_SEMICOLON T_IDENTIFIER T_ASSIGN T_IDENTIFIER T_BITAND T_INTEGER_LITERAL T_SEMICOLON T_IDENTIFIER T_ASSIGN T_IDENTIFIER T_BITOR T_INTEGER_LITERAL T_SEMICOLON T_IDENTIFIER T_ASSIGN T_IDENTIFIER T_BITXOR T_INTEGER_LITERAL T_SEMICOLON T_IDENTIFIER T_ASSIGN T_BITNOT T_IDENTIFIER T_SEMICOLON T_INT T_IDENTIFIER T_ASSIGN T_IDENTIFIER T_LEFT_PAREN T_IDENTIFIER T_COMMA T_IDENTIFIER T_RIGHT_PAREN T_SEMICOLON T_LEFT_BRACE T_INT T_IDENTIFIER T_ASSIGN T_INTEGER_LITERAL T_SEMICOLON T_IDENTIFIER T_ASSIGN T_IDENTIFIER T_PLUS T_INTEGER_LITERAL T_SEMICOLON T_RIGHT_BRACE T_RETURN T_INTEGER_LITERAL T_SEMICOLON T_RIGHT_BRACE T_EOF 

State Stack: 0 8 8 9 16 18 23 50 118 118 118 118 118 118 43 96 42 
Symbol Stack: declaration declaration type_specifier T_IDENTIFIER T_LEFT_PAREN T_RIGHT_PAREN T_LEFT_BRACE statement statement statement statement statement statement var T_ASSIGN simple_expression 
Input Stack: T_SEMICOLON T_IDENTIFIER T_INCREMENT T_SEMICOLON T_INCREMENT T_IDENTIFIER T_SEMICOLON T_IF T_LEFT_PAREN T_IDENTIFIER T_GREATER T_IDENTIFIER T_RIGHT_PAREN T_LEFT_BRACE T_IDENTIFIER T_ASSIGN T_IDENTIFIER T_SEMICOLON T_RIGHT_BRACE T_ELSE T_IF T_LEFT_PAREN T_IDENTIFIER T_LESS T_IDENTIFIER T_RIGHT_PAREN T_LEFT_BRACE T_IDENTIFIER T_ASSIGN T_IDENTIFIER T_PLUS T_INTEGER_LITERAL T_SEMICOLON T_RIGHT_BRACE T_ELSE T_LEFT_BRACE T_IDENTIFIER T_ASSIGN T_INTEGER_LITERAL T_SEMICOLON T_RIGHT_BRACE T_WHILE T_LEFT_PAREN T_IDENTIFIER T_GREATER T_INTEGER_LITERAL T_RIGHT_PAREN T_LEFT_BRACE T_IDENTIFIER T_DECREMENT T_SEMICOLON T_RIGHT_BRACE T_FOR T_LEFT_PAREN T_IDENTIFIER T_ASSIGN T_INTEGER_LITERAL T_SEMICOLON T_IDENTIFIER T_LESS T_INTEGER_LITERAL T_SEMICOLON T_IDENTIFIER T_INCREMENT T_RIGHT_PAREN T_LEFT_BRACE T_IDENTIFIER T_ASSIGN T_IDENTIFIER T_PLUS T_IDENTIFIER T_SEMICOLON T_RIGHT_BRACE T_FOR T_LEFT_PAREN T_IDENTIFIER T_ASSIGN T_INTEGER_LITERAL T_SEMICOLON T_IDENTIFIER T_LESS T_INTEGER_LITERAL T_SEMICOLON T_IDENTIFIER T_INCREMENT T_RIGHT_PAREN T_LEFT_BRACE T_IDENTIFIER T_LEFT_SQUARE T_IDENTIFIER T_RIGHT_SQUARE T_ASSIGN T_IDENTIFIER T_SEMICOLON T_RIGHT_BRACE T_IDENTIFIER T_ASSIGN T_NOT T_IDENTIFIER T_SEMICOLON T_IDENTIFIER T_ASSIGN T_IDENTIFIER T_MOD T_INTEGER_LITERAL T_SEMICOLON T_IDENTIFIER T_ASSIGN T_IDENTIFIER T_BITAND T_INTEGER_LITERAL T_SEMICOLON T_IDENTIFIER T_ASSIGN T_IDENTIFIER T_BITOR T_INTEGER_LITERAL T_SEMICOLON T_IDENTIFIER T_ASSIGN T_IDENTIFIER T_BITXOR T_INTEGER_LITERAL T_SEMICOLON T_IDENTIFIER T_ASSIGN T_BITNOT T_IDENTIFIER T_SEMICOLON T_INT T_IDENTIFIER T_ASSIGN T_IDENTIFIER T_LEFT_PAREN T_IDENTIFIER T_COMMA T_IDENTIFIER T_RIGHT_PAREN T_SEMICOLON T_LEFT_BRACE T_INT T_IDENTIFIER T_ASSIGN T_INTEGER_LITERAL T_SEMICOLON T_IDENTIFIER T_ASSIGN T_IDENTIFIER T_PLUS T_INTEGER_LITERAL T_SEMICOLON T_RIGHT_BRACE T_RETURN T_INTEGER_LITERAL T_SEMICOLON T_RIGHT_BRACE T_EOF 

State Stack: 0 8 8 9 16 18 23 50 118 118 118 118 118 118 43 96 198 
Symbol Stack: declaration declaration type_specifier T_IDENTIFIER T_LEFT_PAREN T_RIGHT_PAREN T_LEFT_BRACE statement statement statement statement statement statement var T_ASSIGN expression 
Input Stack: T_SEMICOLON T_IDENTIFIER T_INCREMENT T_SEMICOLON T_INCREMENT T_IDENTIFIER T_SEMICOLON T_IF T_LEFT_PAREN T_IDENTIFIER T_GREATER T_IDENTIFIER T_RIGHT_PAREN T_LEFT_BRACE T_IDENTIFIER T_ASSIGN T_IDENTIFIER T_SEMICOLON T_RIGHT_BRACE T_ELSE T_IF T_LEFT_PAREN T_IDENTIFIER T_LESS T_IDENTIFIER T_RIGHT_PAREN T_LEFT_BRACE T_IDENTIFIER T_ASSIGN T_IDENTIFIER T_PLUS T_INTEGER_LITERAL T_SEMICOLON T_RIGHT_BRACE T_ELSE T_LEFT_BRACE T_IDENTIFIER T_ASSIGN T_INTEGER_LITERAL T_SEMICOLON T_RIGHT_BRACE T_WHILE T_LEFT_PAREN T_IDENTIFIER T_GREATER T_INTEGER_LITERAL T_RIGHT_PAREN T_LEFT_BRACE T_IDENTIFIER T_DECREMENT T_SEMICOLON T_RIGHT_BRACE T_FOR T_LEFT_PAREN T_IDENTIFIER T_ASSIGN T_INTEGER_LITERAL T_SEMICOLON T_IDENTIFIER T_LESS T_INTEGER_LITERAL T_SEMICOLON T_IDENTIFIER T_INCREMENT T_RIGHT_PAREN T_LEFT_BRACE T_IDENTIFIER T_ASSIGN T_IDENTIFIER T_PLUS T_IDENTIFIER T_SEMICOLON T_RIGHT_BRACE T_FOR T_LEFT_PAREN T_IDENTIFIER T_ASSIGN T_INTEGER_LITERAL T_SEMICOLON T_IDENTIFIER T_LESS T_INTEGER_LITERAL T_SEMICOLON T_IDENTIFIER T_INCREMENT T_RIGHT_PAREN T_LEFT_BRACE T_IDENTIFIER T_LEFT_SQUARE T_IDENTIFIER T_RIGHT_SQUARE T_ASSIGN T_IDENTIFIER T_SEMICOLON T_RIGHT_BRACE T_IDENTIFIER T_ASSIGN T_NOT T_IDENTIFIER T_SEMICOLON T_IDENTIFIER T_ASSIGN T_IDENTIFIER T_MOD T_INTEGER_LITERAL T_SEMICOLON T_IDENTIFIER T_ASSIGN T_IDENTIFIER T_BITAND T_INTEGER_LITERAL T_SEMICOLON T_IDENTIFIER T_ASSIGN T_IDENTIFIER T_BITOR T_INTEGER_LITERAL T_SEMICOLON T_IDENTIFIER T_ASSIGN T_IDENTIFIER T_BITXOR T_INTEGER_LITERAL T_SEMICOLON T_IDENTIFIER T_ASSIGN T_BITNOT T_IDENTIFIER T_SEMICOLON T_INT T_IDENTIFIER T_ASSIGN T_IDENTIFIER T_LEFT_PAREN T_IDENTIFIER T_COMMA T_IDENTIFIER T_RIGHT_PAREN T_SEMICOLON T_LEFT_BRACE T_INT T_IDENTIFIER T_ASSIGN T_INTEGER_LITERAL T_SEMICOLON T_IDENTIFIER T_ASSIGN T_IDENTIFIER T_PLUS T_INTEGER_LITERAL T_SEMICOLON T_RIGHT_BRACE T_RETURN T_INTEGER_LITERAL T_SEMICOLON T_RIGHT_BRACE T_EOF 

State Stack: 0 8 8 9 16 18 23 50 118 118 118 118 118 118 111 
Symbol Stack: declaration declaration type_specifier T_IDENTIFIER T_LEFT_PAREN T_RIGHT_PAREN T_LEFT_BRACE statement statement statement statement statement statement expression 
Input Stack: T_SEMICOLON T_IDENTIFIER T_INCREMENT T_SEMICOLON T_INCREMENT T_IDENTIFIER T_SEMICOLON T_IF T_LEFT_PAREN T_IDENTIFIER T_GREATER T_IDENTIFIER T_RIGHT_PAREN T_LEFT_BRACE T_IDENTIFIER T_ASSIGN T_IDENTIFIER T_SEMICOLON T_RIGHT_BRACE T_ELSE T_IF T_LEFT_PAREN T_IDENTIFIER T_LESS T_IDENTIFIER T_RIGHT_PAREN T_LEFT_BRACE T_IDENTIFIER T_ASSIGN T_IDENTIFIER T_PLUS T_INTEGER_LITERAL T_SEMICOLON T_RIGHT_BRACE T_ELSE T_LEFT_BRACE T_IDENTIFIER T_ASSIGN T_INTEGER_LITERAL T_SEMICOLON T_RIGHT_BRACE T_WHILE T_LEFT_PAREN T_IDENTIFIER T_GREATER T_INTEGER_LITERAL T_RIGHT_PAREN T_LEFT_BRACE T_IDENTIFIER T_DECREMENT T_SEMICOLON T_RIGHT_BRACE T_FOR T_LEFT_PAREN T_IDENTIFIER T_ASSIGN T_INTEGER_LITERAL T_SEMICOLON T_IDENTIFIER T_LESS T_INTEGER_LITERAL T_SEMICOLON T_IDENTIFIER T_INCREMENT T_RIGHT_PAREN T_LEFT_BRACE T_IDENTIFIER T_ASSIGN T_IDENTIFIER T_PLUS T_IDENTIFIER T_SEMICOLON T_RIGHT_BRACE T_FOR T_LEFT_PAREN T_IDENTIFIER T_ASSIGN T_INTEGER_LITERAL T_SEMICOLON T_IDENTIFIER T_LESS T_INTEGER_LITERAL T_SEMICOLON T_IDENTIFIER T_INCREMENT T_RIGHT_PAREN T_LEFT_BRACE T_IDENTIFIER T_LEFT_SQUARE T_IDENTIFIER T_RIGHT_SQUARE T_ASSIGN T_IDENTIFIER T_SEMICOLON T_RIGHT_BRACE T_IDENTIFIER T_ASSIGN T_NOT T_IDENTIFIER T_SEMICOLON T_IDENTIFIER T_ASSIGN T_IDENTIFIER T_MOD T_INTEGER_LITERAL T_SEMICOLON T_IDENTIFIER T_ASSIGN T_IDENTIFIER T_BITAND T_INTEGER_LITERAL T_SEMICOLON T_IDENTIFIER T_ASSIGN T_IDENTIFIER T_BITOR T_INTEGER_LITERAL T_SEMICOLON T_IDENTIFIER T_ASSIGN T_IDENTIFIER T_BITXOR T_INTEGER_LITERAL T_SEMICOLON T_IDENTIFIER T_ASSIGN T_BITNOT T_IDENTIFIER T_SEMICOLON T_INT T_IDENTIFIER T_ASSIGN T_IDENTIFIER T_LEFT_PAREN T_IDENTIFIER T_COMMA T_IDENTIFIER T_RIGHT_PAREN T_SEMICOLON T_LEFT_BRACE T_INT T_IDENTIFIER T_ASSIGN T_INTEGER_LITERAL T_SEMICOLON T_IDENTIFIER T_ASSIGN T_IDENTIFIER T_PLUS T_INTEGER_LITERAL T_SEMICOLON T_RIGHT_BRACE T_RETURN T_INTEGER_LITERAL T_SEMICOLON T_RIGHT_BRACE T_EOF 

State Stack: 0 8 8 9 16 18 23 50 118 118 118 118 118 118 111 208 
Symbol Stack: declaration declaration type_specifier T_IDENTIFIER T_LEFT_PAREN T_RIGHT_PAREN T_LEFT_BRACE statement statement statement statement statement statement expression T_SEMICOLON 
Input Stack: T_IDENTIFIER T_INCREMENT T_SEMICOLON T_INCREMENT T_IDENTIFIER T_SEMICOLON T_IF T_LEFT_PAREN T_IDENTIFIER T_GREATER T_IDENTIFIER T_RIGHT_PAREN T_LEFT_BRACE T_IDENTIFIER T_ASSIGN T_IDENTIFIER T_SEMICOLON T_RIGHT_BRACE T_ELSE T_IF T_LEFT_PAREN T_IDENTIFIER T_LESS T_IDENTIFIER T_RIGHT_PAREN T_LEFT_BRACE T_IDENTIFIER T_ASSIGN T_IDENTIFIER T_PLUS T_INTEGER_LITERAL T_SEMICOLON T_RIGHT_BRACE T_ELSE T_LEFT_BRACE T_IDENTIFIER T_ASSIGN T_INTEGER_LITERAL T_SEMICOLON T_RIGHT_BRACE T_WHILE T_LEFT_PAREN T_IDENTIFIER T_GREATER T_INTEGER_LITERAL T_RIGHT_PAREN T_LEFT_BRACE T_IDENTIFIER T_DECREMENT T_SEMICOLON T_RIGHT_BRACE T_FOR T_LEFT_PAREN T_IDENTIFIER T_ASSIGN T_INTEGER_LITERAL T_SEMICOLON T_IDENTIFIER T_LESS T_INTEGER_LITERAL T_SEMICOLON T_IDENTIFIER T_INCREMENT T_RIGHT_PAREN T_LEFT_BRACE T_IDENTIFIER T_ASSIGN T_IDENTIFIER T_PLUS T_IDENTIFIER T_SEMICOLON T_RIGHT_BRACE T_FOR T_LEFT_PAREN T_IDENTIFIER T_ASSIGN T_INTEGER_LITERAL T_SEMICOLON T_IDENTIFIER T_LESS T_INTEGER_LITERAL T_SEMICOLON T_IDENTIFIER T_INCREMENT T_RIGHT_PAREN T_LEFT_BRACE T_IDENTIFIER T_LEFT_SQUARE T_IDENTIFIER T_RIGHT_SQUARE T_ASSIGN T_IDENTIFIER T_SEMICOLON T_RIGHT_BRACE T_IDENTIFIER T_ASSIGN T_NOT T_IDENTIFIER T_SEMICOLON T_IDENTIFIER T_ASSIGN T_IDENTIFIER T_MOD T_INTEGER_LITERAL T_SEMICOLON T_IDENTIFIER T_ASSIGN T_IDENTIFIER T_BITAND T_INTEGER_LITERAL T_SEMICOLON T_IDENTIFIER T_ASSIGN T_IDENTIFIER T_BITOR T_INTEGER_LITERAL T_SEMICOLON T_IDENTIFIER T_ASSIGN T_IDENTIFIER T_BITXOR T_INTEGER_LITERAL T_SEMICOLON T_IDENTIFIER T_ASSIGN T_BITNOT T_IDENTIFIER T_SEMICOLON T_INT T_IDENTIFIER T_ASSIGN T_IDENTIFIER T_LEFT_PAREN T_IDENTIFIER T_COMMA T_IDENTIFIER T_RIGHT_PAREN T_SEMICOLON T_LEFT_BRACE T_INT T_IDENTIFIER T_ASSIGN T_INTEGER_LITERAL T_SEMICOLON T_IDENTIFIER T_ASSIGN T_IDENTIFIER T_PLUS T_INTEGER_LITERAL T_SEMICOLON T_RIGHT_BRACE T_RETURN T_INTEGER_LITERAL T_SEMICOLON T_RIGHT_BRACE T_EOF 

State Stack: 0 8 8 9 16 18 23 50 118 118 118 118 118 118 113 
Symbol Stack: declaration declaration type_specifier T_IDENTIFIER T_LEFT_PAREN T_RIGHT_PAREN T_LEFT_BRACE statement statement statement statement statement statement expression_stmt 
Input Stack: T_IDENTIFIER T_INCREMENT T_SEMICOLON T_INCREMENT T_IDENTIFIER T_SEMICOLON T_IF T_LEFT_PAREN T_IDENTIFIER T_GREATER T_IDENTIFIER T_RIGHT_PAREN T_LEFT_BRACE T_IDENTIFIER T_ASSIGN T_IDENTIFIER T_SEMICOLON T_RIGHT_BRACE T_ELSE T_IF T_LEFT_PAREN T_IDENTIFIER T_LESS T_IDENTIFIER T_RIGHT_PAREN T_LEFT_BRACE T_IDENTIFIER T_ASSIGN T_IDENTIFIER T_PLUS T_INTEGER_LITERAL T_SEMICOLON T_RIGHT_BRACE T_ELSE T_LEFT_BRACE T_IDENTIFIER T_ASSIGN T_INTEGER_LITERAL T_SEMICOLON T_RIGHT_BRACE T_WHILE T_LEFT_PAREN T_IDENTIFIER T_GREATER T_INTEGER_LITERAL T_RIGHT_PAREN T_LEFT_BRACE T_IDENTIFIER T_DECREMENT T_SEMICOLON T_RIGHT_BRACE T_FOR T_LEFT_PAREN T_IDENTIFIER T_ASSIGN T_INTEGER_LITERAL T_SEMICOLON T_IDENTIFIER T_LESS T_INTEGER_LITERAL T_SEMICOLON T_IDENTIFIER T_INCREMENT T_RIGHT_PAREN T_LEFT_BRACE T_IDENTIFIER T_ASSIGN T_IDENTIFIER T_PLUS T_IDENTIFIER T_SEMICOLON T_RIGHT_BRACE T_FOR T_LEFT_PAREN T_IDENTIFIER T_ASSIGN T_INTEGER_LITERAL T_SEMICOLON T_IDENTIFIER T_LESS T_INTEGER_LITERAL T_SEMICOLON T_IDENTIFIER T_INCREMENT T_RIGHT_PAREN T_LEFT_BRACE T_IDENTIFIER T_LEFT_SQUARE T_IDENTIFIER T_RIGHT_SQUARE T_ASSIGN T_IDENTIFIER T_SEMICOLON T_RIGHT_BRACE T_IDENTIFIER T_ASSIGN T_NOT T_IDENTIFIER T_SEMICOLON T_IDENTIFIER T_ASSIGN T_IDENTIFIER T_MOD T_INTEGER_LITERAL T_SEMICOLON T_IDENTIFIER T_ASSIGN T_IDENTIFIER T_BITAND T_INTEGER_LITERAL T_SEMICOLON T_IDENTIFIER T_ASSIGN T_IDENTIFIER T_BITOR T_INTEGER_LITERAL T_SEMICOLON T_IDENTIFIER T_ASSIGN T_IDENTIFIER T_BITXOR T_INTEGER_LITERAL T_SEMICOLON T_IDENTIFIER T_ASSIGN T_BITNOT T_IDENTIFIER T_SEMICOLON T_INT T_IDENTIFIER T_ASSIGN T_IDENTIFIER T_LEFT_PAREN T_IDENTIFIER T_COMMA T_IDENTIFIER T_RIGHT_PAREN T_SEMICOLON T_LEFT_BRACE T_INT T_IDENTIFIER T_ASSIGN T_INTEGER_LITERAL T_SEMICOLON T_IDENTIFIER T_ASSIGN T_IDENTIFIER T_PLUS T_INTEGER_LITERAL T_SEMICOLON T_RIGHT_BRACE T_RETURN T_INTEGER_LITERAL T_SEMICOLON T_RIGHT_BRACE T_EOF 

State Stack: 0 8 8 9 16 18 23 50 118 118 118 118 118 118 118 
Symbol Stack: declaration declaration type_specifier T_IDENTIFIER T_LEFT_PAREN T_RIGHT_PAREN T_LEFT_BRACE statement statement statement statement statement statement statement 
Input Stack: T_IDENTIFIER T_INCREMENT T_SEMICOLON T_INCREMENT T_IDENTIFIER T_SEMICOLON T_IF T_LEFT_PAREN T_IDENTIFIER T_GREATER T_IDENTIFIER T_RIGHT_PAREN T_LEFT_BRACE T_IDENTIFIER T_ASSIGN T_IDENTIFIER T_SEMICOLON T_RIGHT_BRACE T_ELSE T_IF T_LEFT_PAREN T_IDENTIFIER T_LESS T_IDENTIFIER T_RIGHT_PAREN T_LEFT_BRACE T_IDENTIFIER T_ASSIGN T_IDENTIFIER T_PLUS T_INTEGER_LITERAL T_SEMICOLON T_RIGHT_BRACE T_ELSE T_LEFT_BRACE T_IDENTIFIER T_ASSIGN T_INTEGER_LITERAL T_SEMICOLON T_RIGHT_BRACE T_WHILE T_LEFT_PAREN T_IDENTIFIER T_GREATER T_INTEGER_LITERAL T_RIGHT_PAREN T_LEFT_BRACE T_IDENTIFIER T_DECREMENT T_SEMICOLON T_RIGHT_BRACE T_FOR T_LEFT_PAREN T_IDENTIFIER T_ASSIGN T_INTEGER_LITERAL T_SEMICOLON T_IDENTIFIER T_LESS T_INTEGER_LITERAL T_SEMICOLON T_IDENTIFIER T_INCREMENT T_RIGHT_PAREN T_LEFT_BRACE T_IDENTIFIER T_ASSIGN T_IDENTIFIER T_PLUS T_IDENTIFIER T_SEMICOLON T_RIGHT_BRACE T_FOR T_LEFT_PAREN T_IDENTIFIER T_ASSIGN T_INTEGER_LITERAL T_SEMICOLON T_IDENTIFIER T_LESS T_INTEGER_LITERAL T_SEMICOLON T_IDENTIFIER T_INCREMENT T_RIGHT_PAREN T_LEFT_BRACE T_IDENTIFIER T_LEFT_SQUARE T_IDENTIFIER T_RIGHT_SQUARE T_ASSIGN T_IDENTIFIER T_SEMICOLON T_RIGHT_BRACE T_IDENTIFIER T_ASSIGN T_NOT T_IDENTIFIER T_SEMICOLON T_IDENTIFIER T_ASSIGN T_IDENTIFIER T_MOD T_INTEGER_LITERAL T_SEMICOLON T_IDENTIFIER T_ASSIGN T_IDENTIFIER T_BITAND T_INTEGER_LITERAL T_SEMICOLON T_IDENTIFIER T_ASSIGN T_IDENTIFIER T_BITOR T_INTEGER_LITERAL T_SEMICOLON T_IDENTIFIER T_ASSIGN T_IDENTIFIER T_BITXOR T_INTEGER_LITERAL T_SEMICOLON T_IDENTIFIER T_ASSIGN T_BITNOT T_IDENTIFIER T_SEMICOLON T_INT T_IDENTIFIER T_ASSIGN T_IDENTIFIER T_LEFT_PAREN T_IDENTIFIER T_COMMA T_IDENTIFIER T_RIGHT_PAREN T_SEMICOLON T_LEFT_BRACE T_INT T_IDENTIFIER T_ASSIGN T_INTEGER_LITERAL T_SEMICOLON T_IDENTIFIER T_ASSIGN T_IDENTIFIER T_PLUS T_INTEGER_LITERAL T_SEMICOLON T_RIGHT_BRACE T_RETURN T_INTEGER_LITERAL T_SEMICOLON T_RIGHT_BRACE T_EOF 

State Stack: 0 8 8 9 16 18 23 50 118 118 118 118 118 118 118 29 
Symbol Stack: declaration declaration type_specifier T_IDENTIFIER T_LEFT_PAREN T_RIGHT_PAREN T_LEFT_BRACE statement statement statement statement statement statement statement T_IDENTIFIER 
Input Stack: T_INCREMENT T_SEMICOLON T_INCREMENT T_IDENTIFIER T_SEMICOLON T_IF T_LEFT_PAREN T_IDENTIFIER T_GREATER T_IDENTIFIER T_RIGHT_PAREN T_LEFT_BRACE T_IDENTIFIER T_ASSIGN T_IDENTIFIER T_SEMICOLON T_RIGHT_BRACE T_ELSE T_IF T_LEFT_PAREN T_IDENTIFIER T_LESS T_IDENTIFIER T_RIGHT_PAREN T_LEFT_BRACE T_IDENTIFIER T_ASSIGN T_IDENTIFIER T_PLUS T_INTEGER_LITERAL T_SEMICOLON T_RIGHT_BRACE T_ELSE T_LEFT_BRACE T_IDENTIFIER T_ASSIGN T_INTEGER_LITERAL T_SEMICOLON T_RIGHT_BRACE T_WHILE T_LEFT_PAREN T_IDENTIFIER T_GREATER T_INTEGER_LITERAL T_RIGHT_PAREN T_LEFT_BRACE T_IDENTIFIER T_DECREMENT T_SEMICOLON T_RIGHT_BRACE T_FOR T_LEFT_PAREN T_IDENTIFIER T_ASSIGN T_INTEGER_LITERAL T_SEMICOLON T_IDENTIFIER T_LESS T_INTEGER_LITERAL T_SEMICOLON T_IDENTIFIER T_INCREMENT T_RIGHT_PAREN T_LEFT_BRACE T_IDENTIFIER T_ASSIGN T_IDENTIFIER T_PLUS T_IDENTIFIER T_SEMICOLON T_RIGHT_BRACE T_FOR T_LEFT_PAREN T_IDENTIFIER T_ASSIGN T_INTEGER_LITERAL T_SEMICOLON T_IDENTIFIER T_LESS T_INTEGER_LITERAL T_SEMICOLON T_IDENTIFIER T_INCREMENT T_RIGHT_PAREN T_LEFT_BRACE T_IDENTIFIER T_LEFT_SQUARE T_IDENTIFIER T_RIGHT_SQUARE T_ASSIGN T_IDENTIFIER T_SEMICOLON T_RIGHT_BRACE T_IDENTIFIER T_ASSIGN T_NOT T_IDENTIFIER T_SEMICOLON T_IDENTIFIER T_ASSIGN T_IDENTIFIER T_MOD T_INTEGER_LITERAL T_SEMICOLON T_IDENTIFIER T_ASSIGN T_IDENTIFIER T_BITAND T_INTEGER_LITERAL T_SEMICOLON T_IDENTIFIER T_ASSIGN T_IDENTIFIER T_BITOR T_INTEGER_LITERAL T_SEMICOLON T_IDENTIFIER T_ASSIGN T_IDENTIFIER T_BITXOR T_INTEGER_LITERAL T_SEMICOLON T_IDENTIFIER T_ASSIGN T_BITNOT T_IDENTIFIER T_SEMICOLON T_INT T_IDENTIFIER T_ASSIGN T_IDENTIFIER T_LEFT_PAREN T_IDENTIFIER T_COMMA T_IDENTIFIER T_RIGHT_PAREN T_SEMICOLON T_LEFT_BRACE T_INT T_IDENTIFIER T_ASSIGN T_INTEGER_LITERAL T_SEMICOLON T_IDENTIFIER T_ASSIGN T_IDENTIFIER T_PLUS T_INTEGER_LITERAL T_SEMICOLON T_RIGHT_BRACE T_RETURN T_INTEGER_LITERAL T_SEMICOLON T_RIGHT_BRACE T_EOF 

State Stack: 0 8 8 9 16 18 23 50 118 118 118 118 118 118 118 43 
Symbol Stack: declaration declaration type_specifier T_IDENTIFIER T_LEFT_PAREN T_RIGHT_PAREN T_LEFT_BRACE statement statement statement statement statement statement statement var 
Input Stack: T_INCREMENT T_SEMICOLON T_INCREMENT T_IDENTIFIER T_SEMICOLON T_IF T_LEFT_PAREN T_IDENTIFIER T_GREATER T_IDENTIFIER T_RIGHT_PAREN T_LEFT_BRACE T_IDENTIFIER T_ASSIGN T_IDENTIFIER T_SEMICOLON T_RIGHT_BRACE T_ELSE T_IF T_LEFT_PAREN T_IDENTIFIER T_LESS T_IDENTIFIER T_RIGHT_PAREN T_LEFT_BRACE T_IDENTIFIER T_ASSIGN T_IDENTIFIER T_PLUS T_INTEGER_LITERAL T_SEMICOLON T_RIGHT_BRACE T_ELSE T_LEFT_BRACE T_IDENTIFIER T_ASSIGN T_INTEGER_LITERAL T_SEMICOLON T_RIGHT_BRACE T_WHILE T_LEFT_PAREN T_IDENTIFIER T_GREATER T_INTEGER_LITERAL T_RIGHT_PAREN T_LEFT_BRACE T_IDENTIFIER T_DECREMENT T_SEMICOLON T_RIGHT_BRACE T_FOR T_LEFT_PAREN T_IDENTIFIER T_ASSIGN T_INTEGER_LITERAL T_SEMICOLON T_IDENTIFIER T_LESS T_INTEGER_LITERAL T_SEMICOLON T_IDENTIFIER T_INCREMENT T_RIGHT_PAREN T_LEFT_BRACE T_IDENTIFIER T_ASSIGN T_IDENTIFIER T_PLUS T_IDENTIFIER T_SEMICOLON T_RIGHT_BRACE T_FOR T_LEFT_PAREN T_IDENTIFIER T_ASSIGN T_INTEGER_LITERAL T_SEMICOLON T_IDENTIFIER T_LESS T_INTEGER_LITERAL T_SEMICOLON T_IDENTIFIER T_INCREMENT T_RIGHT_PAREN T_LEFT_BRACE T_IDENTIFIER T_LEFT_SQUARE T_IDENTIFIER T_RIGHT_SQUARE T_ASSIGN T_IDENTIFIER T_SEMICOLON T_RIGHT_BRACE T_IDENTIFIER T_ASSIGN T_NOT T_IDENTIFIER T_SEMICOLON T_IDENTIFIER T_ASSIGN T_IDENTIFIER T_MOD T_INTEGER_LITERAL T_SEMICOLON T_IDENTIFIER T_ASSIGN T_IDENTIFIER T_BITAND T_INTEGER_LITERAL T_SEMICOLON T_IDENTIFIER T_ASSIGN T_IDENTIFIER T_BITOR T_INTEGER_LITERAL T_SEMICOLON T_IDENTIFIER T_ASSIGN T_IDENTIFIER T_BITXOR T_INTEGER_LITERAL T_SEMICOLON T_IDENTIFIER T_ASSIGN T_BITNOT T_IDENTIFIER T_SEMICOLON T_INT T_IDENTIFIER T_ASSIGN T_IDENTIFIER T_LEFT_PAREN T_IDENTIFIER T_COMMA T_IDENTIFIER T_RIGHT_PAREN T_SEMICOLON T_LEFT_BRACE T_INT T_IDENTIFIER T_ASSIGN T_INTEGER_LITERAL T_SEMICOLON T_IDENTIFIER T_ASSIGN T_IDENTIFIER T_PLUS T_INTEGER_LITERAL T_SEMICOLON T_RIGHT_BRACE T_RETURN T_INTEGER_LITERAL T_SEMICOLON T_RIGHT_BRACE T_EOF 

State Stack: 0 8 8 9 16 18 23 50 118 118 118 118 118 118 118 43 98 
Symbol Stack: declaration declaration type_specifier T_IDENTIFIER T_LEFT_PAREN T_RIGHT_PAREN T_LEFT_BRACE statement statement statement statement statement statement statement var T_INCREMENT 
Input Stack: T_SEMICOLON T_INCREMENT T_IDENTIFIER T_SEMICOLON T_IF T_LEFT_PAREN T_IDENTIFIER T_GREATER T_IDENTIFIER T_RIGHT_PAREN T_LEFT_BRACE T_IDENTIFIER T_ASSIGN T_IDENTIFIER T_SEMICOLON T_RIGHT_BRACE T_ELSE T_IF T_LEFT_PAREN T_IDENTIFIER T_LESS T_IDENTIFIER T_RIGHT_PAREN T_LEFT_BRACE T_IDENTIFIER T_ASSIGN T_IDENTIFIER T_PLUS T_INTEGER_LITERAL T_SEMICOLON T_RIGHT_BRACE T_ELSE T_LEFT_BRACE T_IDENTIFIER T_ASSIGN T_INTEGER_LITERAL T_SEMICOLON T_RIGHT_BRACE T_WHILE T_LEFT_PAREN T_IDENTIFIER T_GREATER T_INTEGER_LITERAL T_RIGHT_PAREN T_LEFT_BRACE T_IDENTIFIER T_DECREMENT T_SEMICOLON T_RIGHT_BRACE T_FOR T_LEFT_PAREN T_IDENTIFIER T_ASSIGN T_INTEGER_LITERAL T_SEMICOLON T_IDENTIFIER T_LESS T_INTEGER_LITERAL T_SEMICOLON T_IDENTIFIER T_INCREMENT T_RIGHT_PAREN T_LEFT_BRACE T_IDENTIFIER T_ASSIGN T_IDENTIFIER T_PLUS T_IDENTIFIER T_SEMICOLON T_RIGHT_BRACE T_FOR T_LEFT_PAREN T_IDENTIFIER T_ASSIGN T_INTEGER_LITERAL T_SEMICOLON T_IDENTIFIER T_LESS T_INTEGER_LITERAL T_SEMICOLON T_IDENTIFIER T_INCREMENT T_RIGHT_PAREN T_LEFT_BRACE T_IDENTIFIER T_LEFT_SQUARE T_IDENTIFIER T_RIGHT_SQUARE T_ASSIGN T_IDENTIFIER T_SEMICOLON T_RIGHT_BRACE T_IDENTIFIER T_ASSIGN T_NOT T_IDENTIFIER T_SEMICOLON T_IDENTIFIER T_ASSIGN T_IDENTIFIER T_MOD T_INTEGER_LITERAL T_SEMICOLON T_IDENTIFIER T_ASSIGN T_IDENTIFIER T_BITAND T_INTEGER_LITERAL T_SEMICOLON T_IDENTIFIER T_ASSIGN T_IDENTIFIER T_BITOR T_INTEGER_LITERAL T_SEMICOLON T_IDENTIFIER T_ASSIGN T_IDENTIFIER T_BITXOR T_INTEGER_LITERAL T_SEMICOLON T_IDENTIFIER T_ASSIGN T_BITNOT T_IDENTIFIER T_SEMICOLON T_INT T_IDENTIFIER T_ASSIGN T_IDENTIFIER T_LEFT_PAREN T_IDENTIFIER T_COMMA T_IDENTIFIER T_RIGHT_PAREN T_SEMICOLON T_LEFT_BRACE T_INT T_IDENTIFIER T_ASSIGN T_INTEGER_LITERAL T_SEMICOLON T_IDENTIFIER T_ASSIGN T_IDENTIFIER T_PLUS T_INTEGER_LITERAL T_SEMICOLON T_RIGHT_BRACE T_RETURN T_INTEGER_LITERAL T_SEMICOLON T_RIGHT_BRACE T_EOF 

State Stack: 0 8 8 9 16 18 23 50 118 118 118 118 118 118 118 43 99 
Symbol Stack: declaration declaration type_specifier T_IDENTIFIER T_LEFT_PAREN T_RIGHT_PAREN T_LEFT_BRACE statement statement statement statement statement statement statement var inc_dec_operator 
Input Stack: T_SEMICOLON T_INCREMENT T_IDENTIFIER T_SEMICOLON T_IF T_LEFT_PAREN T_IDENTIFIER T_GREATER T_IDENTIFIER T_RIGHT_PAREN T_LEFT_BRACE T_IDENTIFIER T_ASSIGN T_IDENTIFIER T_SEMICOLON T_RIGHT_BRACE T_ELSE T_IF T_LEFT_PAREN T_IDENTIFIER T_LESS T_IDENTIFIER T_RIGHT_PAREN T_LEFT_BRACE T_IDENTIFIER T_ASSIGN T_IDENTIFIER T_PLUS T_INTEGER_LITERAL T_SEMICOLON T_RIGHT_BRACE T_ELSE T_LEFT_BRACE T_IDENTIFIER T_ASSIGN T_INTEGER_LITERAL T_SEMICOLON T_RIGHT_BRACE T_WHILE T_LEFT_PAREN T_IDENTIFIER T_GREATER T_INTEGER_LITERAL T_RIGHT_PAREN T_LEFT_BRACE T_IDENTIFIER T_DECREMENT T_SEMICOLON T_RIGHT_BRACE T_FOR T_LEFT_PAREN T_IDENTIFIER T_ASSIGN T_INTEGER_LITERAL T_SEMICOLON T_IDENTIFIER T_LESS T_INTEGER_LITERAL T_SEMICOLON T_IDENTIFIER T_INCREMENT T_RIGHT_PAREN T_LEFT_BRACE T_IDENTIFIER T_ASSIGN T_IDENTIFIER T_PLUS T_IDENTIFIER T_SEMICOLON T_RIGHT_BRACE T_FOR T_LEFT_PAREN T_IDENTIFIER T_ASSIGN T_INTEGER_LITERAL T_SEMICOLON T_IDENTIFIER T_LESS T_INTEGER_LITERAL T_SEMICOLON T_IDENTIFIER T_INCREMENT T_RIGHT_PAREN T_LEFT_BRACE T_IDENTIFIER T_LEFT_SQUARE T_IDENTIFIER T_RIGHT_SQUARE T_ASSIGN T_IDENTIFIER T_SEMICOLON T_RIGHT_BRACE T_IDENTIFIER T_ASSIGN T_NOT T_IDENTIFIER T_SEMICOLON T_IDENTIFIER T_ASSIGN T_IDENTIFIER T_MOD T_INTEGER_LITERAL T_SEMICOLON T_IDENTIFIER T_ASSIGN T_IDENTIFIER T_BITAND T_INTEGER_LITERAL T_SEMICOLON T_IDENTIFIER T_ASSIGN T_IDENTIFIER T_BITOR T_INTEGER_LITERAL T_SEMICOLON T_IDENTIFIER T_ASSIGN T_IDENTIFIER T_BITXOR T_INTEGER_LITERAL T_SEMICOLON T_IDENTIFIER T_ASSIGN T_BITNOT T_IDENTIFIER T_SEMICOLON T_INT T_IDENTIFIER T_ASSIGN T_IDENTIFIER T_LEFT_PAREN T_IDENTIFIER T_COMMA T_IDENTIFIER T_RIGHT_PAREN T_SEMICOLON T_LEFT_BRACE T_INT T_IDENTIFIER T_ASSIGN T_INTEGER_LITERAL T_SEMICOLON T_IDENTIFIER T_ASSIGN T_IDENTIFIER T_PLUS T_INTEGER_LITERAL T_SEMICOLON T_RIGHT_BRACE T_RETURN T_INTEGER_LITERAL T_SEMICOLON T_RIGHT_BRACE T_EOF 

State Stack: 0 8 8 9 16 18 23 50 118 118 118 118 118 118 118 41 
Symbol Stack: declaration declaration type_specifier T_IDENTIFIER T_LEFT_PAREN T_RIGHT_PAREN T_LEFT_BRACE statement statement statement statement statement statement statement postfix_expression 
Input Stack: T_SEMICOLON T_INCREMENT T_IDENTIFIER T_SEMICOLON T_IF T_LEFT_PAREN T_IDENTIFIER T_GREATER T_IDENTIFIER T_RIGHT_PAREN T_LEFT_BRACE T_IDENTIFIER T_ASSIGN T_IDENTIFIER T_SEMICOLON T_RIGHT_BRACE T_ELSE T_IF T_LEFT_PAREN T_IDENTIFIER T_LESS T_IDENTIFIER T_RIGHT_PAREN T_LEFT_BRACE T_IDENTIFIER T_ASSIGN T_IDENTIFIER T_PLUS T_INTEGER_LITERAL T_SEMICOLON T_RIGHT_BRACE T_ELSE T_LEFT_BRACE T_IDENTIFIER T_ASSIGN T_INTEGER_LITERAL T_SEMICOLON T_RIGHT_BRACE T_WHILE T_LEFT_PAREN T_IDENTIFIER T_GREATER T_INTEGER_LITERAL T_RIGHT_PAREN T_LEFT_BRACE T_IDENTIFIER T_DECREMENT T_SEMICOLON T_RIGHT_BRACE T_FOR T_LEFT_PAREN T_IDENTIFIER T_ASSIGN T_INTEGER_LITERAL T_SEMICOLON T_IDENTIFIER T_LESS T_INTEGER_LITERAL T_SEMICOLON T_IDENTIFIER T_INCREMENT T_RIGHT_PAREN T_LEFT_BRACE T_IDENTIFIER T_ASSIGN T_IDENTIFIER T_PLUS T_IDENTIFIER T_SEMICOLON T_RIGHT_BRACE T_FOR T_LEFT_PAREN T_IDENTIFIER T_ASSIGN T_INTEGER_LITERAL T_SEMICOLON T_IDENTIFIER T_LESS T_INTEGER_LITERAL T_SEMICOLON T_IDENTIFIER T_INCREMENT T_RIGHT_PAREN T_LEFT_BRACE T_IDENTIFIER T_LEFT_SQUARE T_IDENTIFIER T_RIGHT_SQUARE T_ASSIGN T_IDENTIFIER T_SEMICOLON T_RIGHT_BRACE T_IDENTIFIER T_ASSIGN T_NOT T_IDENTIFIER T_SEMICOLON T_IDENTIFIER T_ASSIGN T_IDENTIFIER T_MOD T_INTEGER_LITERAL T_SEMICOLON T_IDENTIFIER T_ASSIGN T_IDENTIFIER T_BITAND T_INTEGER_LITERAL T_SEMICOLON T_IDENTIFIER T_ASSIGN T_IDENTIFIER T_BITOR T_INTEGER_LITERAL T_SEMICOLON T_IDENTIFIER T_ASSIGN T_IDENTIFIER T_BITXOR T_INTEGER_LITERAL T_SEMICOLON T_IDENTIFIER T_ASSIGN T_BITNOT T_IDENTIFIER T_SEMICOLON T_INT T_IDENTIFIER T_ASSIGN T_IDENTIFIER T_LEFT_PAREN T_IDENTIFIER T_COMMA T_IDENTIFIER T_RIGHT_PAREN T_SEMICOLON T_LEFT_BRACE T_INT T_IDENTIFIER T_ASSIGN T_INTEGER_LITERAL T_SEMICOLON T_IDENTIFIER T_ASSIGN T_IDENTIFIER T_PLUS T_INTEGER_LITERAL T_SEMICOLON T_RIGHT_BRACE T_RETURN T_INTEGER_LITERAL T_SEMICOLON T_RIGHT_BRACE T_EOF 

State Stack: 0 8 8 9 16 18 23 50 118 118 118 118 118 118 118 40 
Symbol Stack: declaration declaration type_specifier T_IDENTIFIER T_LEFT_PAREN T_RIGHT_PAREN T_LEFT_BRACE statement statement statement statement statement statement statement term 
Input Stack: T_SEMICOLON T_INCREMENT T_IDENTIFIER T_SEMICOLON T_IF T_LEFT_PAREN T_IDENTIFIER T_GREATER T_IDENTIFIER T_RIGHT_PAREN T_LEFT_BRACE T_IDENTIFIER T_ASSIGN T_IDENTIFIER T_SEMICOLON T_RIGHT_BRACE T_ELSE T_IF T_LEFT_PAREN T_IDENTIFIER T_LESS T_IDENTIFIER T_RIGHT_PAREN T_LEFT_BRACE T_IDENTIFIER T_ASSIGN T_IDENTIFIER T_PLUS T_INTEGER_LITERAL T_SEMICOLON T_RIGHT_BRACE T_ELSE T_LEFT_BRACE T_IDENTIFIER T_ASSIGN T_INTEGER_LITERAL T_SEMICOLON T_RIGHT_BRACE T_WHILE T_LEFT_PAREN T_IDENTIFIER T_GREATER T_INTEGER_LITERAL T_RIGHT_PAREN T_LEFT_BRACE T_IDENTIFIER T_DECREMENT T_SEMICOLON T_RIGHT_BRACE T_FOR T_LEFT_PAREN T_IDENTIFIER T_ASSIGN T_INTEGER_LITERAL T_SEMICOLON T_IDENTIFIER T_LESS T_INTEGER_LITERAL T_SEMICOLON T_IDENTIFIER T_INCREMENT T_RIGHT_PAREN T_LEFT_BRACE T_IDENTIFIER T_ASSIGN T_IDENTIFIER T_PLUS T_IDENTIFIER T_SEMICOLON T_RIGHT_BRACE T_FOR T_LEFT_PAREN T_IDENTIFIER T_ASSIGN T_INTEGER_LITERAL T_SEMICOLON T_IDENTIFIER T_LESS T_INTEGER_LITERAL T_SEMICOLON T_IDENTIFIER T_INCREMENT T_RIGHT_PAREN T_LEFT_BRACE T_IDENTIFIER T_LEFT_SQUARE T_IDENTIFIER T_RIGHT_SQUARE T_ASSIGN T_IDENTIFIER T_SEMICOLON T_RIGHT_BRACE T_IDENTIFIER T_ASSIGN T_NOT T_IDENTIFIER T_SEMICOLON T_IDENTIFIER T_ASSIGN T_IDENTIFIER T_MOD T_INTEGER_LITERAL T_SEMICOLON T_IDENTIFIER T_ASSIGN T_IDENTIFIER T_BITAND T_INTEGER_LITERAL T_SEMICOLON T_IDENTIFIER T_ASSIGN T_IDENTIFIER T_BITOR T_INTEGER_LITERAL T_SEMICOLON T_IDENTIFIER T_ASSIGN T_IDENTIFIER T_BITXOR T_INTEGER_LITERAL T_SEMICOLON T_IDENTIFIER T_ASSIGN T_BITNOT T_IDENTIFIER T_SEMICOLON T_INT T_IDENTIFIER T_ASSIGN T_IDENTIFIER T_LEFT_PAREN T_IDENTIFIER T_COMMA T_IDENTIFIER T_RIGHT_PAREN T_SEMICOLON T_LEFT_BRACE T_INT T_IDENTIFIER T_ASSIGN T_INTEGER_LITERAL T_SEMICOLON T_IDENTIFIER T_ASSIGN T_IDENTIFIER T_PLUS T_INTEGER_LITERAL T_SEMICOLON T_RIGHT_BRACE T_RETURN T_INTEGER_LITERAL T_SEMICOLON T_RIGHT_BRACE T_EOF 

State Stack: 0 8 8 9 16 18 23 50 118 118 118 118 118 118 118 39 
Symbol Stack: declaration declaration type_specifier T_IDENTIFIER T_LEFT_PAREN T_RIGHT_PAREN T_LEFT_BRACE statement statement statement statement statement statement statement additive_expression 
Input Stack: T_SEMICOLON T_INCREMENT T_IDENTIFIER T_SEMICOLON T_IF T_LEFT_PAREN T_IDENTIFIER T_GREATER T_IDENTIFIER T_RIGHT_PAREN T_LEFT_BRACE T_IDENTIFIER T_ASSIGN T_IDENTIFIER T_SEMICOLON T_RIGHT_BRACE T_ELSE T_IF T_LEFT_PAREN T_IDENTIFIER T_LESS T_IDENTIFIER T_RIGHT_PAREN T_LEFT_BRACE T_IDENTIFIER T_ASSIGN T_IDENTIFIER T_PLUS T_INTEGER_LITERAL T_SEMICOLON T_RIGHT_BRACE T_ELSE T_LEFT_BRACE T_IDENTIFIER T_ASSIGN T_INTEGER_LITERAL T_SEMICOLON T_RIGHT_BRACE T_WHILE T_LEFT_PAREN T_IDENTIFIER T_GREATER T_INTEGER_LITERAL T_RIGHT_PAREN T_LEFT_BRACE T_IDENTIFIER T_DECREMENT T_SEMICOLON T_RIGHT_BRACE T_FOR T_LEFT_PAREN T_IDENTIFIER T_ASSIGN T_INTEGER_LITERAL T_SEMICOLON T_IDENTIFIER T_LESS T_INTEGER_LITERAL T_SEMICOLON T_IDENTIFIER T_INCREMENT T_RIGHT_PAREN T_LEFT_BRACE T_IDENTIFIER T_ASSIGN T_IDENTIFIER T_PLUS T_IDENTIFIER T_SEMICOLON T_RIGHT_BRACE T_FOR T_LEFT_PAREN T_IDENTIFIER T_ASSIGN T_INTEGER_LITERAL T_SEMICOLON T_IDENTIFIER T_LESS T_INTEGER_LITERAL T_SEMICOLON T_IDENTIFIER T_INCREMENT T_RIGHT_PAREN T_LEFT_BRACE T_IDENTIFIER T_LEFT_SQUARE T_IDENTIFIER T_RIGHT_SQUARE T_ASSIGN T_IDENTIFIER T_SEMICOLON T_RIGHT_BRACE T_IDENTIFIER T_ASSIGN T_NOT T_IDENTIFIER T_SEMICOLON T_IDENTIFIER T_ASSIGN T_IDENTIFIER T_MOD T_INTEGER_LITERAL T_SEMICOLON T_IDENTIFIER T_ASSIGN T_IDENTIFIER T_BITAND T_INTEGER_LITERAL T_SEMICOLON T_IDENTIFIER T_ASSIGN T_IDENTIFIER T_BITOR T_INTEGER_LITERAL T_SEMICOLON T_IDENTIFIER T_ASSIGN T_IDENTIFIER T_BITXOR T_INTEGER_LITERAL T_SEMICOLON T_IDENTIFIER T_ASSIGN T_BITNOT T_IDENTIFIER T_SEMICOLON T_INT T_IDENTIFIER T_ASSIGN T_IDENTIFIER T_LEFT_PAREN T_IDENTIFIER T_COMMA T_IDENTIFIER T_RIGHT_PAREN T_SEMICOLON T_LEFT_BRACE T_INT T_IDENTIFIER T_ASSIGN T_INTEGER_LITERAL T_SEMICOLON T_IDENTIFIER T_ASSIGN T_IDENTIFIER T_PLUS T_INTEGER_LITERAL T_SEMICOLON T_RIGHT_BRACE T_RETURN T_INTEGER_LITERAL T_SEMICOLON T_RIGHT_BRACE T_EOF 

State Stack: 0 8 8 9 16 18 23 50 118 118 118 118 118 118 118 42 
Symbol Stack: declaration declaration type_specifier T_IDENTIFIER T_LEFT_PAREN T_RIGHT_PAREN T_LEFT_BRACE statement statement statement statement statement statement statement simple_expression 
Input Stack: T_SEMICOLON T_INCREMENT T_IDENTIFIER T_SEMICOLON T_IF T_LEFT_PAREN T_IDENTIFIER T_GREATER T_IDENTIFIER T_RIGHT_PAREN T_LEFT_BRACE T_IDENTIFIER T_ASSIGN T_IDENTIFIER T_SEMICOLON T_RIGHT_BRACE T_ELSE T_IF T_LEFT_PAREN T_IDENTIFIER T_LESS T_IDENTIFIER T_RIGHT_PAREN T_LEFT_BRACE T_IDENTIFIER T_ASSIGN T_IDENTIFIER T_PLUS T_INTEGER_LITERAL T_SEMICOLON T_RIGHT_BRACE T_ELSE T_LEFT_BRACE T_IDENTIFIER T_ASSIGN T_INTEGER_LITERAL T_SEMICOLON T_RIGHT_BRACE T_WHILE T_LEFT_PAREN T_IDENTIFIER T_GREATER T_INTEGER_LITERAL T_RIGHT_PAREN T_LEFT_BRACE T_IDENTIFIER T_DECREMENT T_SEMICOLON T_RIGHT_BRACE T_FOR T_LEFT_PAREN T_IDENTIFIER T_ASSIGN T_INTEGER_LITERAL T_SEMICOLON T_IDENTIFIER T_LESS T_INTEGER_LITERAL T_SEMICOLON T_IDENTIFIER T_INCREMENT T_RIGHT_PAREN T_LEFT_BRACE T_IDENTIFIER T_ASSIGN T_IDENTIFIER T_PLUS T_IDENTIFIER T_SEMICOLON T_RIGHT_BRACE T_FOR T_LEFT_PAREN T_IDENTIFIER T_ASSIGN T_INTEGER_LITERAL T_SEMICOLON T_IDENTIFIER T_LESS T_INTEGER_LITERAL T_SEMICOLON T_IDENTIFIER T_INCREMENT T_RIGHT_PAREN T_LEFT_BRACE T_IDENTIFIER T_LEFT_SQUARE T_IDENTIFIER T_RIGHT_SQUARE T_ASSIGN T_IDENTIFIER T_SEMICOLON T_RIGHT_BRACE T_IDENTIFIER T_ASSIGN T_NOT T_IDENTIFIER T_SEMICOLON T_IDENTIFIER T_ASSIGN T_IDENTIFIER T_MOD T_INTEGER_LITERAL T_SEMICOLON T_IDENTIFIER T_ASSIGN T_IDENTIFIER T_BITAND T_INTEGER_LITERAL T_SEMICOLON T_IDENTIFIER T_ASSIGN T_IDENTIFIER T_BITOR T_INTEGER_LITERAL T_SEMICOLON T_IDENTIFIER T_ASSIGN T_IDENTIFIER T_BITXOR T_INTEGER_LITERAL T_SEMICOLON T_IDENTIFIER T_ASSIGN T_BITNOT T_IDENTIFIER T_SEMICOLON T_INT T_IDENTIFIER T_ASSIGN T_IDENTIFIER T_LEFT_PAREN T_IDENTIFIER T_COMMA T_IDENTIFIER T_RIGHT_PAREN T_SEMICOLON T_LEFT_BRACE T_INT T_IDENTIFIER T_ASSIGN T_INTEGER_LITERAL T_SEMICOLON T_IDENTIFIER T_ASSIGN T_IDENTIFIER T_PLUS T_INTEGER_LITERAL T_SEMICOLON T_RIGHT_BRACE T_RETURN T_INTEGER_LITERAL T_SEMICOLON T_RIGHT_BRACE T_EOF 

State Stack: 0 8 8 9 16 18 23 50 118 118 118 118 118 118 118 111 
Symbol Stack: declaration declaration type_specifier T_IDENTIFIER T_LEFT_PAREN T_RIGHT_PAREN T_LEFT_BRACE statement statement statement statement statement statement statement expression 
Input Stack: T_SEMICOLON T_INCREMENT T_IDENTIFIER T_SEMICOLON T_IF T_LEFT_PAREN T_IDENTIFIER T_GREATER T_IDENTIFIER T_RIGHT_PAREN T_LEFT_BRACE T_IDENTIFIER T_ASSIGN T_IDENTIFIER T_SEMICOLON T_RIGHT_BRACE T_ELSE T_IF T_LEFT_PAREN T_IDENTIFIER T_LESS T_IDENTIFIER T_RIGHT_PAREN T_LEFT_BRACE T_IDENTIFIER T_ASSIGN T_IDENTIFIER T_PLUS T_INTEGER_LITERAL T_SEMICOLON T_RIGHT_BRACE T_ELSE T_LEFT_BRACE T_IDENTIFIER T_ASSIGN T_INTEGER_LITERAL T_SEMICOLON T_RIGHT_BRACE T_WHILE T_LEFT_PAREN T_IDENTIFIER T_GREATER T_INTEGER_LITERAL T_RIGHT_PAREN T_LEFT_BRACE T_IDENTIFIER T_DECREMENT T_SEMICOLON T_RIGHT_BRACE T_FOR T_LEFT_PAREN T_IDENTIFIER T_ASSIGN T_INTEGER_LITERAL T_SEMICOLON T_IDENTIFIER T_LESS T_INTEGER_LITERAL T_SEMICOLON T_IDENTIFIER T_INCREMENT T_RIGHT_PAREN T_LEFT_BRACE T_IDENTIFIER T_ASSIGN T_IDENTIFIER T_PLUS T_IDENTIFIER T_SEMICOLON T_RIGHT_BRACE T_FOR T_LEFT_PAREN T_IDENTIFIER T_ASSIGN T_INTEGER_LITERAL T_SEMICOLON T_IDENTIFIER T_LESS T_INTEGER_LITERAL T_SEMICOLON T_IDENTIFIER T_INCREMENT T_RIGHT_PAREN T_LEFT_BRACE T_IDENTIFIER T_LEFT_SQUARE T_IDENTIFIER T_RIGHT_SQUARE T_ASSIGN T_IDENTIFIER T_SEMICOLON T_RIGHT_BRACE T_IDENTIFIER T_ASSIGN T_NOT T_IDENTIFIER T_SEMICOLON T_IDENTIFIER T_ASSIGN T_IDENTIFIER T_MOD T_INTEGER_LITERAL T_SEMICOLON T_IDENTIFIER T_ASSIGN T_IDENTIFIER T_BITAND T_INTEGER_LITERAL T_SEMICOLON T_IDENTIFIER T_ASSIGN T_IDENTIFIER T_BITOR T_INTEGER_LITERAL T_SEMICOLON T_IDENTIFIER T_ASSIGN T_IDENTIFIER T_BITXOR T_INTEGER_LITERAL T_SEMICOLON T_IDENTIFIER T_ASSIGN T_BITNOT T_IDENTIFIER T_SEMICOLON T_INT T_IDENTIFIER T_ASSIGN T_IDENTIFIER T_LEFT_PAREN T_IDENTIFIER T_COMMA T_IDENTIFIER T_RIGHT_PAREN T_SEMICOLON T_LEFT_BRACE T_INT T_IDENTIFIER T_ASSIGN T_INTEGER_LITERAL T_SEMICOLON T_IDENTIFIER T_ASSIGN T_IDENTIFIER T_PLUS T_INTEGER_LITERAL T_SEMICOLON T_RIGHT_BRACE T_RETURN T_INTEGER_LITERAL T_SEMICOLON T_RIGHT_BRACE T_EOF 

State Stack: 0 8 8 9 16 18 23 50 118 118 118 118 118 118 118 111 208 
Symbol Stack: declaration declaration type_specifier T_IDENTIFIER T_LEFT_PAREN T_RIGHT_PAREN T_LEFT_BRACE statement statement statement statement statement statement statement expression T_SEMICOLON 
Input Stack: T_INCREMENT T_IDENTIFIER T_SEMICOLON T_IF T_LEFT_PAREN T_IDENTIFIER T_GREATER T_IDENTIFIER T_RIGHT_PAREN T_LEFT_BRACE T_IDENTIFIER T_ASSIGN T_IDENTIFIER T_SEMICOLON T_RIGHT_BRACE T_ELSE T_IF T_LEFT_PAREN T_IDENTIFIER T_LESS T_IDENTIFIER T_RIGHT_PAREN T_LEFT_BRACE T_IDENTIFIER T_ASSIGN T_IDENTIFIER T_PLUS T_INTEGER_LITERAL T_SEMICOLON T_RIGHT_BRACE T_ELSE T_LEFT_BRACE T_IDENTIFIER T_ASSIGN T_INTEGER_LITERAL T_SEMICOLON T_RIGHT_BRACE T_WHILE T_LEFT_PAREN T_IDENTIFIER T_GREATER T_INTEGER_LITERAL T_RIGHT_PAREN T_LEFT_BRACE T_IDENTIFIER T_DECREMENT T_SEMICOLON T_RIGHT_BRACE T_FOR T_LEFT_PAREN T_IDENTIFIER T_ASSIGN T_INTEGER_LITERAL T_SEMICOLON T_IDENTIFIER T_LESS T_INTEGER_LITERAL T_SEMICOLON T_IDENTIFIER T_INCREMENT T_RIGHT_PAREN T_LEFT_BRACE T_IDENTIFIER T_ASSIGN T_IDENTIFIER T_PLUS T_IDENTIFIER T_SEMICOLON T_RIGHT_BRACE T_FOR T_LEFT_PAREN T_IDENTIFIER T_ASSIGN T_INTEGER_LITERAL T_SEMICOLON T_IDENTIFIER T_LESS T_INTEGER_LITERAL T_SEMICOLON T_IDENTIFIER T_INCREMENT T_RIGHT_PAREN T_LEFT_BRACE T_IDENTIFIER T_LEFT_SQUARE T_IDENTIFIER T_RIGHT_SQUARE T_ASSIGN T_IDENTIFIER T_SEMICOLON T_RIGHT_BRACE T_IDENTIFIER T_ASSIGN T_NOT T_IDENTIFIER T_SEMICOLON T_IDENTIFIER T_ASSIGN T_IDENTIFIER T_MOD T_INTEGER_LITERAL T_SEMICOLON T_IDENTIFIER T_ASSIGN T_IDENTIFIER T_BITAND T_INTEGER_LITERAL T_SEMICOLON T_IDENTIFIER T_ASSIGN T_IDENTIFIER T_BITOR T_INTEGER_LITERAL T_SEMICOLON T_IDENTIFIER T_ASSIGN T_IDENTIFIER T_BITXOR T_INTEGER_LITERAL T_SEMICOLON T_IDENTIFIER T_ASSIGN T_BITNOT T_IDENTIFIER T_SEMICOLON T_INT T_IDENTIFIER T_ASSIGN T_IDENTIFIER T_LEFT_PAREN T_IDENTIFIER T_COMMA T_IDENTIFIER T_RIGHT_PAREN T_SEMICOLON T_LEFT_BRACE T_INT T_IDENTIFIER T_ASSIGN T_INTEGER_LITERAL T_SEMICOLON T_IDENTIFIER T_ASSIGN T_IDENTIFIER T_PLUS T_INTEGER_LITERAL T_SEMICOLON T_RIGHT_BRACE T_RETURN T_INTEGER_LITERAL T_SEMICOLON T_RIGHT_BRACE T_EOF 

State Stack: 0 8 8 9 16 18 23 50 118 118 118 118 118 118 118 113 
Symbol Stack: declaration declaration type_specifier T_IDENTIFIER T_LEFT_PAREN T_RIGHT_PAREN T_LEFT_BRACE statement statement statement statement statement statement statement expression_stmt 
Input Stack: T_INCREMENT T_IDENTIFIER T_SEMICOLON T_IF T_LEFT_PAREN T_IDENTIFIER T_GREATER T_IDENTIFIER T_RIGHT_PAREN T_LEFT_BRACE T_IDENTIFIER T_ASSIGN T_IDENTIFIER T_SEMICOLON T_RIGHT_BRACE T_ELSE T_IF T_LEFT_PAREN T_IDENTIFIER T_LESS T_IDENTIFIER T_RIGHT_PAREN T_LEFT_BRACE T_IDENTIFIER T_ASSIGN T_IDENTIFIER T_PLUS T_INTEGER_LITERAL T_SEMICOLON T_RIGHT_BRACE T_ELSE T_LEFT_BRACE T_IDENTIFIER T_ASSIGN T_INTEGER_LITERAL T_SEMICOLON T_RIGHT_BRACE T_WHILE T_LEFT_PAREN T_IDENTIFIER T_GREATER T_INTEGER_LITERAL T_RIGHT_PAREN T_LEFT_BRACE T_IDENTIFIER T_DECREMENT T_SEMICOLON T_RIGHT_BRACE T_FOR T_LEFT_PAREN T_IDENTIFIER T_ASSIGN T_INTEGER_LITERAL T_SEMICOLON T_IDENTIFIER T_LESS T_INTEGER_LITERAL T_SEMICOLON T_IDENTIFIER T_INCREMENT T_RIGHT_PAREN T_LEFT_BRACE T_IDENTIFIER T_ASSIGN T_IDENTIFIER T_PLUS T_IDENTIFIER T_SEMICOLON T_RIGHT_BRACE T_FOR T_LEFT_PAREN T_IDENTIFIER T_ASSIGN T_INTEGER_LITERAL T_SEMICOLON T_IDENTIFIER T_LESS T_INTEGER_LITERAL T_SEMICOLON T_IDENTIFIER T_INCREMENT T_RIGHT_PAREN T_LEFT_BRACE T_IDENTIFIER T_LEFT_SQUARE T_IDENTIFIER T_RIGHT_SQUARE T_ASSIGN T_IDENTIFIER T_SEMICOLON T_RIGHT_BRACE T_IDENTIFIER T_ASSIGN T_NOT T_IDENTIFIER T_SEMICOLON T_IDENTIFIER T_ASSIGN T_IDENTIFIER T_MOD T_INTEGER_LITERAL T_SEMICOLON T_IDENTIFIER T_ASSIGN T_IDENTIFIER T_BITAND T_INTEGER_LITERAL T_SEMICOLON T_IDENTIFIER T_ASSIGN T_IDENTIFIER T_BITOR T_INTEGER_LITERAL T_SEMICOLON T_IDENTIFIER T_ASSIGN T_IDENTIFIER T_BITXOR T_INTEGER_LITERAL T_SEMICOLON T_IDENTIFIER T_ASSIGN T_BITNOT T_IDENTIFIER T_SEMICOLON T_INT T_IDENTIFIER T_ASSIGN T_IDENTIFIER T_LEFT_PAREN T_IDENTIFIER T_COMMA T_IDENTIFIER T_RIGHT_PAREN T_SEMICOLON T_LEFT_BRACE T_INT T_IDENTIFIER T_ASSIGN T_INTEGER_LITERAL T_SEMICOLON T_IDENTIFIER T_ASSIGN T_IDENTIFIER T_PLUS T_INTEGER_LITERAL T_SEMICOLON T_RIGHT_BRACE T_RETURN T_INTEGER_LITERAL T_SEMICOLON T_RIGHT_BRACE T_EOF 

State Stack: 0 8 8 9 16 18 23 50 118 118 118 118 118 118 118 118 
Symbol Stack: declaration declaration type_specifier T_IDENTIFIER T_LEFT_PAREN T_RIGHT_PAREN T_LEFT_BRACE statement statement statement statement statement statement statement statement 
Input Stack: T_INCREMENT T_IDENTIFIER T_SEMICOLON T_IF T_LEFT_PAREN T_IDENTIFIER T_GREATER T_IDENTIFIER T_RIGHT_PAREN T_LEFT_BRACE T_IDENTIFIER T_ASSIGN T_IDENTIFIER T_SEMICOLON T_RIGHT_BRACE T_ELSE T_IF T_LEFT_PAREN T_IDENTIFIER T_LESS T_IDENTIFIER T_RIGHT_PAREN T_LEFT_BRACE T_IDENTIFIER T_ASSIGN T_IDENTIFIER T_PLUS T_INTEGER_LITERAL T_SEMICOLON T_RIGHT_BRACE T_ELSE T_LEFT_BRACE T_IDENTIFIER T_ASSIGN T_INTEGER_LITERAL T_SEMICOLON T_RIGHT_BRACE T_WHILE T_LEFT_PAREN T_IDENTIFIER T_GREATER T_INTEGER_LITERAL T_RIGHT_PAREN T_LEFT_BRACE T_IDENTIFIER T_DECREMENT T_SEMICOLON T_RIGHT_BRACE T_FOR T_LEFT_PAREN T_IDENTIFIER T_ASSIGN T_INTEGER_LITERAL T_SEMICOLON T_IDENTIFIER T_LESS T_INTEGER_LITERAL T_SEMICOLON T_IDENTIFIER T_INCREMENT T_RIGHT_PAREN T_LEFT_BRACE T_IDENTIFIER T_ASSIGN T_IDENTIFIER T_PLUS T_IDENTIFIER T_SEMICOLON T_RIGHT_BRACE T_FOR T_LEFT_PAREN T_IDENTIFIER T_ASSIGN T_INTEGER_LITERAL T_SEMICOLON T_IDENTIFIER T_LESS T_INTEGER_LITERAL T_SEMICOLON T_IDENTIFIER T_INCREMENT T_RIGHT_PAREN T_LEFT_BRACE T_IDENTIFIER T_LEFT_SQUARE T_IDENTIFIER T_RIGHT_SQUARE T_ASSIGN T_IDENTIFIER T_SEMICOLON T_RIGHT_BRACE T_IDENTIFIER T_ASSIGN T_NOT T_IDENTIFIER T_SEMICOLON T_IDENTIFIER T_ASSIGN T_IDENTIFIER T_MOD T_INTEGER_LITERAL T_SEMICOLON T_IDENTIFIER T_ASSIGN T_IDENTIFIER T_BITAND T_INTEGER_LITERAL T_SEMICOLON T_IDENTIFIER T_ASSIGN T_IDENTIFIER T_BITOR T_INTEGER_LITERAL T_SEMICOLON T_IDENTIFIER T_ASSIGN T_IDENTIFIER T_BITXOR T_INTEGER_LITERAL T_SEMICOLON T_IDENTIFIER T_ASSIGN T_BITNOT T_IDENTIFIER T_SEMICOLON T_INT T_IDENTIFIER T_ASSIGN T_IDENTIFIER T_LEFT_PAREN T_IDENTIFIER T_COMMA T_IDENTIFIER T_RIGHT_PAREN T_SEMICOLON T_LEFT_BRACE T_INT T_IDENTIFIER T_ASSIGN T_INTEGER_LITERAL T_SEMICOLON T_IDENTIFIER T_ASSIGN T_IDENTIFIER T_PLUS T_INTEGER_LITERAL T_SEMICOLON T_RIGHT_BRACE T_RETURN T_INTEGER_LITERAL T_SEMICOLON T_RIGHT_BRACE T_EOF 

State Stack: 0 8 8 9 16 18 23 50 118 118 118 118 118 118 118 118 38 
Symbol Stack: declaration declaration type_specifier T_IDENTIFIER T_LEFT_PAREN T_RIGHT_PAREN T_LEFT_BRACE statement statement statement statement statement statement statement statement T_INCREMENT 
Input Stack: T_IDENTIFIER T_SEMICOLON T_IF T_LEFT_PAREN T_IDENTIFIER T_GREATER T_IDENTIFIER T_RIGHT_PAREN T_LEFT_BRACE T_IDENTIFIER T_ASSIGN T_IDENTIFIER T_SEMICOLON T_RIGHT_BRACE T_ELSE T_IF T_LEFT_PAREN T_IDENTIFIER T_LESS T_IDENTIFIER T_RIGHT_PAREN T_LEFT_BRACE T_IDENTIFIER T_ASSIGN T_IDENTIFIER T_PLUS T_INTEGER_LITERAL T_SEMICOLON T_RIGHT_BRACE T_ELSE T_LEFT_BRACE T_IDENTIFIER T_ASSIGN T_INTEGER_LITERAL T_SEMICOLON T_RIGHT_BRACE T_WHILE T_LEFT_PAREN T_IDENTIFIER T_GREATER T_INTEGER_LITERAL T_RIGHT_PAREN T_LEFT_BRACE T_IDENTIFIER T_DECREMENT T_SEMICOLON T_RIGHT_BRACE T_FOR T_LEFT_PAREN T_IDENTIFIER T_ASSIGN T_INTEGER_LITERAL T_SEMICOLON T_IDENTIFIER T_LESS T_INTEGER_LITERAL T_SEMICOLON T_IDENTIFIER T_INCREMENT T_RIGHT_PAREN T_LEFT_BRACE T_IDENTIFIER T_ASSIGN T_IDENTIFIER T_PLUS T_IDENTIFIER T_SEMICOLON T_RIGHT_BRACE T_FOR T_LEFT_PAREN T_IDENTIFIER T_ASSIGN T_INTEGER_LITERAL T_SEMICOLON T_IDENTIFIER T_LESS T_INTEGER_LITERAL T_SEMICOLON T_IDENTIFIER T_INCREMENT T_RIGHT_PAREN T_LEFT_BRACE T_IDENTIFIER T_LEFT_SQUARE T_IDENTIFIER T_RIGHT_SQUARE T_ASSIGN T_IDENTIFIER T_SEMICOLON T_RIGHT_BRACE T_IDENTIFIER T_ASSIGN T_NOT T_IDENTIFIER T_SEMICOLON T_IDENTIFIER T_ASSIGN T_IDENTIFIER T_MOD T_INTEGER_LITERAL T_SEMICOLON T_IDENTIFIER T_ASSIGN T_IDENTIFIER T_BITAND T_INTEGER_LITERAL T_SEMICOLON T_IDENTIFIER T_ASSIGN T_IDENTIFIER T_BITOR T_INTEGER_LITERAL T_SEMICOLON T_IDENTIFIER T_ASSIGN T_IDENTIFIER T_BITXOR T_INTEGER_LITERAL T_SEMICOLON T_IDENTIFIER T_ASSIGN T_BITNOT T_IDENTIFIER T_SEMICOLON T_INT T_IDENTIFIER T_ASSIGN T_IDENTIFIER T_LEFT_PAREN T_IDENTIFIER T_COMMA T_IDENTIFIER T_RIGHT_PAREN T_SEMICOLON T_LEFT_BRACE T_INT T_IDENTIFIER T_ASSIGN T_INTEGER_LITERAL T_SEMICOLON T_IDENTIFIER T_ASSIGN T_IDENTIFIER T_PLUS T_INTEGER_LITERAL T_SEMICOLON T_RIGHT_BRACE T_RETURN T_INTEGER_LITERAL T_SEMICOLON T_RIGHT_BRACE T_EOF 

State Stack: 0 8 8 9 16 18 23 50 118 118 118 118 118 118 118 118 45 
Symbol Stack: declaration declaration type_specifier T_IDENTIFIER T_LEFT_PAREN T_RIGHT_PAREN T_LEFT_BRACE statement statement statement statement statement statement statement statement inc_dec_operator 
Input Stack: T_IDENTIFIER T_SEMICOLON T_IF T_LEFT_PAREN T_IDENTIFIER T_GREATER T_IDENTIFIER T_RIGHT_PAREN T_LEFT_BRACE T_IDENTIFIER T_ASSIGN T_IDENTIFIER T_SEMICOLON T_RIGHT_BRACE T_ELSE T_IF T_LEFT_PAREN T_IDENTIFIER T_LESS T_IDENTIFIER T_RIGHT_PAREN T_LEFT_BRACE T_IDENTIFIER T_ASSIGN T_IDENTIFIER T_PLUS T_INTEGER_LITERAL T_SEMICOLON T_RIGHT_BRACE T_ELSE T_LEFT_BRACE T_IDENTIFIER T_ASSIGN T_INTEGER_LITERAL T_SEMICOLON T_RIGHT_BRACE T_WHILE T_LEFT_PAREN T_IDENTIFIER T_GREATER T_INTEGER_LITERAL T_RIGHT_PAREN T_LEFT_BRACE T_IDENTIFIER T_DECREMENT T_SEMICOLON T_RIGHT_BRACE T_FOR T_LEFT_PAREN T_IDENTIFIER T_ASSIGN T_INTEGER_LITERAL T_SEMICOLON T_IDENTIFIER T_LESS T_INTEGER_LITERAL T_SEMICOLON T_IDENTIFIER T_INCREMENT T_RIGHT_PAREN T_LEFT_BRACE T_IDENTIFIER T_ASSIGN T_IDENTIFIER T_PLUS T_IDENTIFIER T_SEMICOLON T_RIGHT_BRACE T_FOR T_LEFT_PAREN T_IDENTIFIER T_ASSIGN T_INTEGER_LITERAL T_SEMICOLON T_IDENTIFIER T_LESS T_INTEGER_LITERAL T_SEMICOLON T_IDENTIFIER T_INCREMENT T_RIGHT_PAREN T_LEFT_BRACE T_IDENTIFIER T_LEFT_SQUARE T_IDENTIFIER T_RIGHT_SQUARE T_ASSIGN T_IDENTIFIER T_SEMICOLON T_RIGHT_BRACE T_IDENTIFIER T_ASSIGN T_NOT T_IDENTIFIER T_SEMICOLON T_IDENTIFIER T_ASSIGN T_IDENTIFIER T_MOD T_INTEGER_LITERAL T_SEMICOLON T_IDENTIFIER T_ASSIGN T_IDENTIFIER T_BITAND T_INTEGER_LITERAL T_SEMICOLON T_IDENTIFIER T_ASSIGN T_IDENTIFIER T_BITOR T_INTEGER_LITERAL T_SEMICOLON T_IDENTIFIER T_ASSIGN T_IDENTIFIER T_BITXOR T_INTEGER_LITERAL T_SEMICOLON T_IDENTIFIER T_ASSIGN T_BITNOT T_IDENTIFIER T_SEMICOLON T_INT T_IDENTIFIER T_ASSIGN T_IDENTIFIER T_LEFT_PAREN T_IDENTIFIER T_COMMA T_IDENTIFIER T_RIGHT_PAREN T_SEMICOLON T_LEFT_BRACE T_INT T_IDENTIFIER T_ASSIGN T_INTEGER_LITERAL T_SEMICOLON T_IDENTIFIER T_ASSIGN T_IDENTIFIER T_PLUS T_INTEGER_LITERAL T_SEMICOLON T_RIGHT_BRACE T_RETURN T_INTEGER_LITERAL T_SEMICOLON T_RIGHT_BRACE T_EOF 

State Stack: 0 8 8 9 16 18 23 50 118 118 118 118 118 118 118 118 45 100 
Symbol Stack: declaration declaration type_specifier T_IDENTIFIER T_LEFT_PAREN T_RIGHT_PAREN T_LEFT_BRACE statement statement statement statement statement statement statement statement inc_dec_operator T_IDENTIFIER 
Input Stack: T_SEMICOLON T_IF T_LEFT_PAREN T_IDENTIFIER T_GREATER T_IDENTIFIER T_RIGHT_PAREN T_LEFT_BRACE T_IDENTIFIER T_ASSIGN T_IDENTIFIER T_SEMICOLON T_RIGHT_BRACE T_ELSE T_IF T_LEFT_PAREN T_IDENTIFIER T_LESS T_IDENTIFIER T_RIGHT_PAREN T_LEFT_BRACE T_IDENTIFIER T_ASSIGN T_IDENTIFIER T_PLUS T_INTEGER_LITERAL T_SEMICOLON T_RIGHT_BRACE T_ELSE T_LEFT_BRACE T_IDENTIFIER T_ASSIGN T_INTEGER_LITERAL T_SEMICOLON T_RIGHT_BRACE T_WHILE T_LEFT_PAREN T_IDENTIFIER T_GREATER T_INTEGER_LITERAL T_RIGHT_PAREN T_LEFT_BRACE T_IDENTIFIER T_DECREMENT T_SEMICOLON T_RIGHT_BRACE T_FOR T_LEFT_PAREN T_IDENTIFIER T_ASSIGN T_INTEGER_LITERAL T_SEMICOLON T_IDENTIFIER T_LESS T_INTEGER_LITERAL T_SEMICOLON T_IDENTIFIER T_INCREMENT T_RIGHT_PAREN T_LEFT_BRACE T_IDENTIFIER T_ASSIGN T_IDENTIFIER T_PLUS T_IDENTIFIER T_SEMICOLON T_RIGHT_BRACE T_FOR T_LEFT_PAREN T_IDENTIFIER T_ASSIGN T_INTEGER_LITERAL T_SEMICOLON T_IDENTIFIER T_LESS T_INTEGER_LITERAL T_SEMICOLON T_IDENTIFIER T_INCREMENT T_RIGHT_PAREN T_LEFT_BRACE T_IDENTIFIER T_LEFT_SQUARE T_IDENTIFIER T_RIGHT_SQUARE T_ASSIGN T_IDENTIFIER T_SEMICOLON T_RIGHT_BRACE T_IDENTIFIER T_ASSIGN T_NOT T_IDENTIFIER T_SEMICOLON T_IDENTIFIER T_ASSIGN T_IDENTIFIER T_MOD T_INTEGER_LITERAL T_SEMICOLON T_IDENTIFIER T_ASSIGN T_IDENTIFIER T_BITAND T_INTEGER_LITERAL T_SEMICOLON T_IDENTIFIER T_ASSIGN T_IDENTIFIER T_BITOR T_INTEGER_LITERAL T_SEMICOLON T_IDENTIFIER T_ASSIGN T_IDENTIFIER T_BITXOR T_INTEGER_LITERAL T_SEMICOLON T_IDENTIFIER T_ASSIGN T_BITNOT T_IDENTIFIER T_SEMICOLON T_INT T_IDENTIFIER T_ASSIGN T_IDENTIFIER T_LEFT_PAREN T_IDENTIFIER T_COMMA T_IDENTIFIER T_RIGHT_PAREN T_SEMICOLON T_LEFT_BRACE T_INT T_IDENTIFIER T_ASSIGN T_INTEGER_LITERAL T_SEMICOLON T_IDENTIFIER T_ASSIGN T_IDENTIFIER T_PLUS T_INTEGER_LITERAL T_SEMICOLON T_RIGHT_BRACE T_RETURN T_INTEGER_LITERAL T_SEMICOLON T_RIGHT_BRACE T_EOF 

State Stack: 0 8 8 9 16 18 23 50 118 118 118 118 118 118 118 118 45 101 
Symbol Stack: declaration declaration type_specifier T_IDENTIFIER T_LEFT_PAREN T_RIGHT_PAREN T_LEFT_BRACE statement statement statement statement statement statement statement statement inc_dec_operator var 
Input Stack: T_SEMICOLON T_IF T_LEFT_PAREN T_IDENTIFIER T_GREATER T_IDENTIFIER T_RIGHT_PAREN T_LEFT_BRACE T_IDENTIFIER T_ASSIGN T_IDENTIFIER T_SEMICOLON T_RIGHT_BRACE T_ELSE T_IF T_LEFT_PAREN T_IDENTIFIER T_LESS T_IDENTIFIER T_RIGHT_PAREN T_LEFT_BRACE T_IDENTIFIER T_ASSIGN T_IDENTIFIER T_PLUS T_INTEGER_LITERAL T_SEMICOLON T_RIGHT_BRACE T_ELSE T_LEFT_BRACE T_IDENTIFIER T_ASSIGN T_INTEGER_LITERAL T_SEMICOLON T_RIGHT_BRACE T_WHILE T_LEFT_PAREN T_IDENTIFIER T_GREATER T_INTEGER_LITERAL T_RIGHT_PAREN T_LEFT_BRACE T_IDENTIFIER T_DECREMENT T_SEMICOLON T_RIGHT_BRACE T_FOR T_LEFT_PAREN T_IDENTIFIER T_ASSIGN T_INTEGER_LITERAL T_SEMICOLON T_IDENTIFIER T_LESS T_INTEGER_LITERAL T_SEMICOLON T_IDENTIFIER T_INCREMENT T_RIGHT_PAREN T_LEFT_BRACE T_IDENTIFIER T_ASSIGN T_IDENTIFIER T_PLUS T_IDENTIFIER T_SEMICOLON T_RIGHT_BRACE T_FOR T_LEFT_PAREN T_IDENTIFIER T_ASSIGN T_INTEGER_LITERAL T_SEMICOLON T_IDENTIFIER T_LESS T_INTEGER_LITERAL T_SEMICOLON T_IDENTIFIER T_INCREMENT T_RIGHT_PAREN T_LEFT_BRACE T_IDENTIFIER T_LEFT_SQUARE T_IDENTIFIER T_RIGHT_SQUARE T_ASSIGN T_IDENTIFIER T_SEMICOLON T_RIGHT_BRACE T_IDENTIFIER T_ASSIGN T_NOT T_IDENTIFIER T_SEMICOLON T_IDENTIFIER T_ASSIGN T_IDENTIFIER T_MOD T_INTEGER_LITERAL T_SEMICOLON T_IDENTIFIER T_ASSIGN T_IDENTIFIER T_BITAND T_INTEGER_LITERAL T_SEMICOLON T_IDENTIFIER T_ASSIGN T_IDENTIFIER T_BITOR T_INTEGER_LITERAL T_SEMICOLON T_IDENTIFIER T_ASSIGN T_IDENTIFIER T_BITXOR T_INTEGER_LITERAL T_SEMICOLON T_IDENTIFIER T_ASSIGN T_BITNOT T_IDENTIFIER T_SEMICOLON T_INT T_IDENTIFIER T_ASSIGN T_IDENTIFIER T_LEFT_PAREN T_IDENTIFIER T_COMMA T_IDENTIFIER T_RIGHT_PAREN T_SEMICOLON T_LEFT_BRACE T_INT T_IDENTIFIER T_ASSIGN T_INTEGER_LITERAL T_SEMICOLON T_IDENTIFIER T_ASSIGN T_IDENTIFIER T_PLUS T_INTEGER_LITERAL T_SEMICOLON T_RIGHT_BRACE T_RETURN T_INTEGER_LITERAL T_SEMICOLON T_RIGHT_BRACE T_EOF 

State Stack: 0 8 8 9 16 18 23 50 118 118 118 118 118 118 118 118 47 
Symbol Stack: declaration declaration type_specifier T_IDENTIFIER T_LEFT_PAREN T_RIGHT_PAREN T_LEFT_BRACE statement statement statement statement statement statement statement statement factor 
Input Stack: T_SEMICOLON T_IF T_LEFT_PAREN T_IDENTIFIER T_GREATER T_IDENTIFIER T_RIGHT_PAREN T_LEFT_BRACE T_IDENTIFIER T_ASSIGN T_IDENTIFIER T_SEMICOLON T_RIGHT_BRACE T_ELSE T_IF T_LEFT_PAREN T_IDENTIFIER T_LESS T_IDENTIFIER T_RIGHT_PAREN T_LEFT_BRACE T_IDENTIFIER T_ASSIGN T_IDENTIFIER T_PLUS T_INTEGER_LITERAL T_SEMICOLON T_RIGHT_BRACE T_ELSE T_LEFT_BRACE T_IDENTIFIER T_ASSIGN T_INTEGER_LITERAL T_SEMICOLON T_RIGHT_BRACE T_WHILE T_LEFT_PAREN T_IDENTIFIER T_GREATER T_INTEGER_LITERAL T_RIGHT_PAREN T_LEFT_BRACE T_IDENTIFIER T_DECREMENT T_SEMICOLON T_RIGHT_BRACE T_FOR T_LEFT_PAREN T_IDENTIFIER T_ASSIGN T_INTEGER_LITERAL T_SEMICOLON T_IDENTIFIER T_LESS T_INTEGER_LITERAL T_SEMICOLON T_IDENTIFIER T_INCREMENT T_RIGHT_PAREN T_LEFT_BRACE T_IDENTIFIER T_ASSIGN T_IDENTIFIER T_PLUS T_IDENTIFIER T_SEMICOLON T_RIGHT_BRACE T_FOR T_LEFT_PAREN T_IDENTIFIER T_ASSIGN T_INTEGER_LITERAL T_SEMICOLON T_IDENTIFIER T_LESS T_INTEGER_LITERAL T_SEMICOLON T_IDENTIFIER T_INCREMENT T_RIGHT_PAREN T_LEFT_BRACE T_IDENTIFIER T_LEFT_SQUARE T_IDENTIFIER T_RIGHT_SQUARE T_ASSIGN T_IDENTIFIER T_SEMICOLON T_RIGHT_BRACE T_IDENTIFIER T_ASSIGN T_NOT T_IDENTIFIER T_SEMICOLON T_IDENTIFIER T_ASSIGN T_IDENTIFIER T_MOD T_INTEGER_LITERAL T_SEMICOLON T_IDENTIFIER T_ASSIGN T_IDENTIFIER T_BITAND T_INTEGER_LITERAL T_SEMICOLON T_IDENTIFIER T_ASSIGN T_IDENTIFIER T_BITOR T_INTEGER_LITERAL T_SEMICOLON T_IDENTIFIER T_ASSIGN T_IDENTIFIER T_BITXOR T_INTEGER_LITERAL T_SEMICOLON T_IDENTIFIER T_ASSIGN T_BITNOT T_IDENTIFIER T_SEMICOLON T_INT T_IDENTIFIER T_ASSIGN T_IDENTIFIER T_LEFT_PAREN T_IDENTIFIER T_COMMA T_IDENTIFIER T_RIGHT_PAREN T_SEMICOLON T_LEFT_BRACE T_INT T_IDENTIFIER T_ASSIGN T_INTEGER_LITERAL T_SEMICOLON T_IDENTIFIER T_ASSIGN T_IDENTIFIER T_PLUS T_INTEGER_LITERAL T_SEMICOLON T_RIGHT_BRACE T_RETURN T_INTEGER_LITERAL T_SEMICOLON T_RIGHT_BRACE T_EOF 

State Stack: 0 8 8 9 16 18 23 50 118 118 118 118 118 118 118 118 40 
Symbol Stack: declaration declaration type_specifier T_IDENTIFIER T_LEFT_PAREN T_RIGHT_PAREN T_LEFT_BRACE statement statement statement statement statement statement statement statement term 
Input Stack: T_SEMICOLON T_IF T_LEFT_PAREN T_IDENTIFIER T_GREATER T_IDENTIFIER T_RIGHT_PAREN T_LEFT_BRACE T_IDENTIFIER T_ASSIGN T_IDENTIFIER T_SEMICOLON T_RIGHT_BRACE T_ELSE T_IF T_LEFT_PAREN T_IDENTIFIER T_LESS T_IDENTIFIER T_RIGHT_PAREN T_LEFT_BRACE T_IDENTIFIER T_ASSIGN T_IDENTIFIER T_PLUS T_INTEGER_LITERAL T_SEMICOLON T_RIGHT_BRACE T_ELSE T_LEFT_BRACE T_IDENTIFIER T_ASSIGN T_INTEGER_LITERAL T_SEMICOLON T_RIGHT_BRACE T_WHILE T_LEFT_PAREN T_IDENTIFIER T_GREATER T_INTEGER_LITERAL T_RIGHT_PAREN T_LEFT_BRACE T_IDENTIFIER T_DECREMENT T_SEMICOLON T_RIGHT_BRACE T_FOR T_LEFT_PAREN T_IDENTIFIER T_ASSIGN T_INTEGER_LITERAL T_SEMICOLON T_IDENTIFIER T_LESS T_INTEGER_LITERAL T_SEMICOLON T_IDENTIFIER T_INCREMENT T_RIGHT_PAREN T_LEFT_BRACE T_IDENTIFIER T_ASSIGN T_IDENTIFIER T_PLUS T_IDENTIFIER T_SEMICOLON T_RIGHT_BRACE T_FOR T_LEFT_PAREN T_IDENTIFIER T_ASSIGN T_INTEGER_LITERAL T_SEMICOLON T_IDENTIFIER T_LESS T_INTEGER_LITERAL T_SEMICOLON T_IDENTIFIER T_INCREMENT T_RIGHT_PAREN T_LEFT_BRACE T_IDENTIFIER T_LEFT_SQUARE T_IDENTIFIER T_RIGHT_SQUARE T_ASSIGN T_IDENTIFIER T_SEMICOLON T_RIGHT_BRACE T_IDENTIFIER T_ASSIGN T_NOT T_IDENTIFIER T_SEMICOLON T_IDENTIFIER T_ASSIGN T_IDENTIFIER T_MOD T_INTEGER_LITERAL T_SEMICOLON T_IDENTIFIER T_ASSIGN T_IDENTIFIER T_BITAND T_INTEGER_LITERAL T_SEMICOLON T_IDENTIFIER T_ASSIGN T_IDENTIFIER T_BITOR T_INTEGER_LITERAL T_SEMICOLON T_IDENTIFIER T_ASSIGN T_IDENTIFIER T_BITXOR T_INTEGER_LITERAL T_SEMICOLON T_IDENTIFIER T_ASSIGN T_BITNOT T_IDENTIFIER T_SEMICOLON T_INT T_IDENTIFIER T_ASSIGN T_IDENTIFIER T_LEFT_PAREN T_IDENTIFIER T_COMMA T_IDENTIFIER T_RIGHT_PAREN T_SEMICOLON T_LEFT_BRACE T_INT T_IDENTIFIER T_ASSIGN T_INTEGER_LITERAL T_SEMICOLON T_IDENTIFIER T_ASSIGN T_IDENTIFIER T_PLUS T_INTEGER_LITERAL T_SEMICOLON T_RIGHT_BRACE T_RETURN T_INTEGER_LITERAL T_SEMICOLON T_RIGHT_BRACE T_EOF 

State Stack: 0 8 8 9 16 18 23 50 118 118 118 118 118 118 118 118 39 
Symbol Stack: declaration declaration type_specifier T_IDENTIFIER T_LEFT_PAREN T_RIGHT_PAREN T_LEFT_BRACE statement statement statement statement statement statement statement statement additive_expression 
Input Stack: T_SEMICOLON T_IF T_LEFT_PAREN T_IDENTIFIER T_GREATER T_IDENTIFIER T_RIGHT_PAREN T_LEFT_BRACE T_IDENTIFIER T_ASSIGN T_IDENTIFIER T_SEMICOLON T_RIGHT_BRACE T_ELSE T_IF T_LEFT_PAREN T_IDENTIFIER T_LESS T_IDENTIFIER T_RIGHT_PAREN T_LEFT_BRACE T_IDENTIFIER T_ASSIGN T_IDENTIFIER T_PLUS T_INTEGER_LITERAL T_SEMICOLON T_RIGHT_BRACE T_ELSE T_LEFT_BRACE T_IDENTIFIER T_ASSIGN T_INTEGER_LITERAL T_SEMICOLON T_RIGHT_BRACE T_WHILE T_LEFT_PAREN T_IDENTIFIER T_GREATER T_INTEGER_LITERAL T_RIGHT_PAREN T_LEFT_BRACE T_IDENTIFIER T_DECREMENT T_SEMICOLON T_RIGHT_BRACE T_FOR T_LEFT_PAREN T_IDENTIFIER T_ASSIGN T_INTEGER_LITERAL T_SEMICOLON T_IDENTIFIER T_LESS T_INTEGER_LITERAL T_SEMICOLON T_IDENTIFIER T_INCREMENT T_RIGHT_PAREN T_LEFT_BRACE T_IDENTIFIER T_ASSIGN T_IDENTIFIER T_PLUS T_IDENTIFIER T_SEMICOLON T_RIGHT_BRACE T_FOR T_LEFT_PAREN T_IDENTIFIER T_ASSIGN T_INTEGER_LITERAL T_SEMICOLON T_IDENTIFIER T_LESS T_INTEGER_LITERAL T_SEMICOLON T_IDENTIFIER T_INCREMENT T_RIGHT_PAREN T_LEFT_BRACE T_IDENTIFIER T_LEFT_SQUARE T_IDENTIFIER T_RIGHT_SQUARE T_ASSIGN T_IDENTIFIER T_SEMICOLON T_RIGHT_BRACE T_IDENTIFIER T_ASSIGN T_NOT T_IDENTIFIER T_SEMICOLON T_IDENTIFIER T_ASSIGN T_IDENTIFIER T_MOD T_INTEGER_LITERAL T_SEMICOLON T_IDENTIFIER T_ASSIGN T_IDENTIFIER T_BITAND T_INTEGER_LITERAL T_SEMICOLON T_IDENTIFIER T_ASSIGN T_IDENTIFIER T_BITOR T_INTEGER_LITERAL T_SEMICOLON T_IDENTIFIER T_ASSIGN T_IDENTIFIER T_BITXOR T_INTEGER_LITERAL T_SEMICOLON T_IDENTIFIER T_ASSIGN T_BITNOT T_IDENTIFIER T_SEMICOLON T_INT T_IDENTIFIER T_ASSIGN T_IDENTIFIER T_LEFT_PAREN T_IDENTIFIER T_COMMA T_IDENTIFIER T_RIGHT_PAREN T_SEMICOLON T_LEFT_BRACE T_INT T_IDENTIFIER T_ASSIGN T_INTEGER_LITERAL T_SEMICOLON T_IDENTIFIER T_ASSIGN T_IDENTIFIER T_PLUS T_INTEGER_LITERAL T_SEMICOLON T_RIGHT_BRACE T_RETURN T_INTEGER_LITERAL T_SEMICOLON T_RIGHT_BRACE T_EOF 

State Stack: 0 8 8 9 16 18 23 50 118 118 118 118 118 118 118 118 42 
Symbol Stack: declaration declaration type_specifier T_IDENTIFIER T_LEFT_PAREN T_RIGHT_PAREN T_LEFT_BRACE statement statement statement statement statement statement statement statement simple_expression 
Input Stack: T_SEMICOLON T_IF T_LEFT_PAREN T_IDENTIFIER T_GREATER T_IDENTIFIER T_RIGHT_PAREN T_LEFT_BRACE T_IDENTIFIER T_ASSIGN T_IDENTIFIER T_SEMICOLON T_RIGHT_BRACE T_ELSE T_IF T_LEFT_PAREN T_IDENTIFIER T_LESS T_IDENTIFIER T_RIGHT_PAREN T_LEFT_BRACE T_IDENTIFIER T_ASSIGN T_IDENTIFIER T_PLUS T_INTEGER_LITERAL T_SEMICOLON T_RIGHT_BRACE T_ELSE T_LEFT_BRACE T_IDENTIFIER T_ASSIGN T_INTEGER_LITERAL T_SEMICOLON T_RIGHT_BRACE T_WHILE T_LEFT_PAREN T_IDENTIFIER T_GREATER T_INTEGER_LITERAL T_RIGHT_PAREN T_LEFT_BRACE T_IDENTIFIER T_DECREMENT T_SEMICOLON T_RIGHT_BRACE T_FOR T_LEFT_PAREN T_IDENTIFIER T_ASSIGN T_INTEGER_LITERAL T_SEMICOLON T_IDENTIFIER T_LESS T_INTEGER_LITERAL T_SEMICOLON T_IDENTIFIER T_INCREMENT T_RIGHT_PAREN T_LEFT_BRACE T_IDENTIFIER T_ASSIGN T_IDENTIFIER T_PLUS T_IDENTIFIER T_SEMICOLON T_RIGHT_BRACE T_FOR T_LEFT_PAREN T_IDENTIFIER T_ASSIGN T_INTEGER_LITERAL T_SEMICOLON T_IDENTIFIER T_LESS T_INTEGER_LITERAL T_SEMICOLON T_IDENTIFIER T_INCREMENT T_RIGHT_PAREN T_LEFT_BRACE T_IDENTIFIER T_LEFT_SQUARE T_IDENTIFIER T_RIGHT_SQUARE T_ASSIGN T_IDENTIFIER T_SEMICOLON T_RIGHT_BRACE T_IDENTIFIER T_ASSIGN T_NOT T_IDENTIFIER T_SEMICOLON T_IDENTIFIER T_ASSIGN T_IDENTIFIER T_MOD T_INTEGER_LITERAL T_SEMICOLON T_IDENTIFIER T_ASSIGN T_IDENTIFIER T_BITAND T_INTEGER_LITERAL T_SEMICOLON T_IDENTIFIER T_ASSIGN T_IDENTIFIER T_BITOR T_INTEGER_LITERAL T_SEMICOLON T_IDENTIFIER T_ASSIGN T_IDENTIFIER T_BITXOR T_INTEGER_LITERAL T_SEMICOLON T_IDENTIFIER T_ASSIGN T_BITNOT T_IDENTIFIER T_SEMICOLON T_INT T_IDENTIFIER T_ASSIGN T_IDENTIFIER T_LEFT_PAREN T_IDENTIFIER T_COMMA T_IDENTIFIER T_RIGHT_PAREN T_SEMICOLON T_LEFT_BRACE T_INT T_IDENTIFIER T_ASSIGN T_INTEGER_LITERAL T_SEMICOLON T_IDENTIFIER T_ASSIGN T_IDENTIFIER T_PLUS T_INTEGER_LITERAL T_SEMICOLON T_RIGHT_BRACE T_RETURN T_INTEGER_LITERAL T_SEMICOLON T_RIGHT_BRACE T_EOF 

State Stack: 0 8 8 9 16 18 23 50 118 118 118 118 118 118 118 118 111 
Symbol Stack: declaration declaration type_specifier T_IDENTIFIER T_LEFT_PAREN T_RIGHT_PAREN T_LEFT_BRACE statement statement statement statement statement statement statement statement expression 
Input Stack: T_SEMICOLON T_IF T_LEFT_PAREN T_IDENTIFIER T_GREATER T_IDENTIFIER T_RIGHT_PAREN T_LEFT_BRACE T_IDENTIFIER T_ASSIGN T_IDENTIFIER T_SEMICOLON T_RIGHT_BRACE T_ELSE T_IF T_LEFT_PAREN T_IDENTIFIER T_LESS T_IDENTIFIER T_RIGHT_PAREN T_LEFT_BRACE T_IDENTIFIER T_ASSIGN T_IDENTIFIER T_PLUS T_INTEGER_LITERAL T_SEMICOLON T_RIGHT_BRACE T_ELSE T_LEFT_BRACE T_IDENTIFIER T_ASSIGN T_INTEGER_LITERAL T_SEMICOLON T_RIGHT_BRACE T_WHILE T_LEFT_PAREN T_IDENTIFIER T_GREATER T_INTEGER_LITERAL T_RIGHT_PAREN T_LEFT_BRACE T_IDENTIFIER T_DECREMENT T_SEMICOLON T_RIGHT_BRACE T_FOR T_LEFT_PAREN T_IDENTIFIER T_ASSIGN T_INTEGER_LITERAL T_SEMICOLON T_IDENTIFIER T_LESS T_INTEGER_LITERAL T_SEMICOLON T_IDENTIFIER T_INCREMENT T_RIGHT_PAREN T_LEFT_BRACE T_IDENTIFIER T_ASSIGN T_IDENTIFIER T_PLUS T_IDENTIFIER T_SEMICOLON T_RIGHT_BRACE T_FOR T_LEFT_PAREN T_IDENTIFIER T_ASSIGN T_INTEGER_LITERAL T_SEMICOLON T_IDENTIFIER T_LESS T_INTEGER_LITERAL T_SEMICOLON T_IDENTIFIER T_INCREMENT T_RIGHT_PAREN T_LEFT_BRACE T_IDENTIFIER T_LEFT_SQUARE T_IDENTIFIER T_RIGHT_SQUARE T_ASSIGN T_IDENTIFIER T_SEMICOLON T_RIGHT_BRACE T_IDENTIFIER T_ASSIGN T_NOT T_IDENTIFIER T_SEMICOLON T_IDENTIFIER T_ASSIGN T_IDENTIFIER T_MOD T_INTEGER_LITERAL T_SEMICOLON T_IDENTIFIER T_ASSIGN T_IDENTIFIER T_BITAND T_INTEGER_LITERAL T_SEMICOLON T_IDENTIFIER T_ASSIGN T_IDENTIFIER T_BITOR T_INTEGER_LITERAL T_SEMICOLON T_IDENTIFIER T_ASSIGN T_IDENTIFIER T_BITXOR T_INTEGER_LITERAL T_SEMICOLON T_IDENTIFIER T_ASSIGN T_BITNOT T_IDENTIFIER T_SEMICOLON T_INT T_IDENTIFIER T_ASSIGN T_IDENTIFIER T_LEFT_PAREN T_IDENTIFIER T_COMMA T_IDENTIFIER T_RIGHT_PAREN T_SEMICOLON T_LEFT_BRACE T_INT T_IDENTIFIER T_ASSIGN T_INTEGER_LITERAL T_SEMICOLON T_IDENTIFIER T_ASSIGN T_IDENTIFIER T_PLUS T_INTEGER_LITERAL T_SEMICOLON T_RIGHT_BRACE T_RETURN T_INTEGER_LITERAL T_SEMICOLON T_RIGHT_BRACE T_EOF 

State Stack: 0 8 8 9 16 18 23 50 118 118 118 118 118 118 118 118 111 208 
Symbol Stack: declaration declaration type_specifier T_IDENTIFIER T_LEFT_PAREN T_RIGHT_PAREN T_LEFT_BRACE statement statement statement statement statement statement statement statement expression T_SEMICOLON 
Input Stack: T_IF T_LEFT_PAREN T_IDENTIFIER T_GREATER T_IDENTIFIER T_RIGHT_PAREN T_LEFT_BRACE T_IDENTIFIER T_ASSIGN T_IDENTIFIER T_SEMICOLON T_RIGHT_BRACE T_ELSE T_IF T_LEFT_PAREN T_IDENTIFIER T_LESS T_IDENTIFIER T_RIGHT_PAREN T_LEFT_BRACE T_IDENTIFIER T_ASSIGN T_IDENTIFIER T_PLUS T_INTEGER_LITERAL T_SEMICOLON T_RIGHT_BRACE T_ELSE T_LEFT_BRACE T_IDENTIFIER T_ASSIGN T_INTEGER_LITERAL T_SEMICOLON T_RIGHT_BRACE T_WHILE T_LEFT_PAREN T_IDENTIFIER T_GREATER T_INTEGER_LITERAL T_RIGHT_PAREN T_LEFT_BRACE T_IDENTIFIER T_DECREMENT T_SEMICOLON T_RIGHT_BRACE T_FOR T_LEFT_PAREN T_IDENTIFIER T_ASSIGN T_INTEGER_LITERAL T_SEMICOLON T_IDENTIFIER T_LESS T_INTEGER_LITERAL T_SEMICOLON T_IDENTIFIER T_INCREMENT T_RIGHT_PAREN T_LEFT_BRACE T_IDENTIFIER T_ASSIGN T_IDENTIFIER T_PLUS T_IDENTIFIER T_SEMICOLON T_RIGHT_BRACE T_FOR T_LEFT_PAREN T_IDENTIFIER T_ASSIGN T_INTEGER_LITERAL T_SEMICOLON T_IDENTIFIER T_LESS T_INTEGER_LITERAL T_SEMICOLON T_IDENTIFIER T_INCREMENT T_RIGHT_PAREN T_LEFT_BRACE T_IDENTIFIER T_LEFT_SQUARE T_IDENTIFIER T_RIGHT_SQUARE T_ASSIGN T_IDENTIFIER T_SEMICOLON T_RIGHT_BRACE T_IDENTIFIER T_ASSIGN T_NOT T_IDENTIFIER T_SEMICOLON T_IDENTIFIER T_ASSIGN T_IDENTIFIER T_MOD T_INTEGER_LITERAL T_SEMICOLON T_IDENTIFIER T_ASSIGN T_IDENTIFIER T_BITAND T_INTEGER_LITERAL T_SEMICOLON T_IDENTIFIER T_ASSIGN T_IDENTIFIER T_BITOR T_INTEGER_LITERAL T_SEMICOLON T_IDENTIFIER T_ASSIGN T_IDENTIFIER T_BITXOR T_INTEGER_LITERAL T_SEMICOLON T_IDENTIFIER T_ASSIGN T_BITNOT T_IDENTIFIER T_SEMICOLON T_INT T_IDENTIFIER T_ASSIGN T_IDENTIFIER T_LEFT_PAREN T_IDENTIFIER T_COMMA T_IDENTIFIER T_RIGHT_PAREN T_SEMICOLON T_LEFT_BRACE T_INT T_IDENTIFIER T_ASSIGN T_INTEGER_LITERAL T_SEMICOLON T_IDENTIFIER T_ASSIGN T_IDENTIFIER T_PLUS T_INTEGER_LITERAL T_SEMICOLON T_RIGHT_BRACE T_RETURN T_INTEGER_LITERAL T_SEMICOLON T_RIGHT_BRACE T_EOF 

State Stack: 0 8 8 9 16 18 23 50 118 118 118 118 118 118 118 118 113 
Symbol Stack: declaration declaration type_specifier T_IDENTIFIER T_LEFT_PAREN T_RIGHT_PAREN T_LEFT_BRACE statement statement statement statement statement statement statement statement expression_stmt 
Input Stack: T_IF T_LEFT_PAREN T_IDENTIFIER T_GREATER T_IDENTIFIER T_RIGHT_PAREN T_LEFT_BRACE T_IDENTIFIER T_ASSIGN T_IDENTIFIER T_SEMICOLON T_RIGHT_BRACE T_ELSE T_IF T_LEFT_PAREN T_IDENTIFIER T_LESS T_IDENTIFIER T_RIGHT_PAREN T_LEFT_BRACE T_IDENTIFIER T_ASSIGN T_IDENTIFIER T_PLUS T_INTEGER_LITERAL T_SEMICOLON T_RIGHT_BRACE T_ELSE T_LEFT_BRACE T_IDENTIFIER T_ASSIGN T_INTEGER_LITERAL T_SEMICOLON T_RIGHT_BRACE T_WHILE T_LEFT_PAREN T_IDENTIFIER T_GREATER T_INTEGER_LITERAL T_RIGHT_PAREN T_LEFT_BRACE T_IDENTIFIER T_DECREMENT T_SEMICOLON T_RIGHT_BRACE T_FOR T_LEFT_PAREN T_IDENTIFIER T_ASSIGN T_INTEGER_LITERAL T_SEMICOLON T_IDENTIFIER T_LESS T_INTEGER_LITERAL T_SEMICOLON T_IDENTIFIER T_INCREMENT T_RIGHT_PAREN T_LEFT_BRACE T_IDENTIFIER T_ASSIGN T_IDENTIFIER T_PLUS T_IDENTIFIER T_SEMICOLON T_RIGHT_BRACE T_FOR T_LEFT_PAREN T_IDENTIFIER T_ASSIGN T_INTEGER_LITERAL T_SEMICOLON T_IDENTIFIER T_LESS T_INTEGER_LITERAL T_SEMICOLON T_IDENTIFIER T_INCREMENT T_RIGHT_PAREN T_LEFT_BRACE T_IDENTIFIER T_LEFT_SQUARE T_IDENTIFIER T_RIGHT_SQUARE T_ASSIGN T_IDENTIFIER T_SEMICOLON T_RIGHT_BRACE T_IDENTIFIER T_ASSIGN T_NOT T_IDENTIFIER T_SEMICOLON T_IDENTIFIER T_ASSIGN T_IDENTIFIER T_MOD T_INTEGER_LITERAL T_SEMICOLON T_IDENTIFIER T_ASSIGN T_IDENTIFIER T_BITAND T_INTEGER_LITERAL T_SEMICOLON T_IDENTIFIER T_ASSIGN T_IDENTIFIER T_BITOR T_INTEGER_LITERAL T_SEMICOLON T_IDENTIFIER T_ASSIGN T_IDENTIFIER T_BITXOR T_INTEGER_LITERAL T_SEMICOLON T_IDENTIFIER T_ASSIGN T_BITNOT T_IDENTIFIER T_SEMICOLON T_INT T_IDENTIFIER T_ASSIGN T_IDENTIFIER T_LEFT_PAREN T_IDENTIFIER T_COMMA T_IDENTIFIER T_RIGHT_PAREN T_SEMICOLON T_LEFT_BRACE T_INT T_IDENTIFIER T_ASSIGN T_INTEGER_LITERAL T_SEMICOLON T_IDENTIFIER T_ASSIGN T_IDENTIFIER T_PLUS T_INTEGER_LITERAL T_SEMICOLON T_RIGHT_BRACE T_RETURN T_INTEGER_LITERAL T_SEMICOLON T_RIGHT_BRACE T_EOF 

State Stack: 0 8 8 9 16 18 23 50 118 118 118 118 118 118 118 118 118 
Symbol Stack: declaration declaration type_specifier T_IDENTIFIER T_LEFT_PAREN T_RIGHT_PAREN T_LEFT_BRACE statement statement statement statement statement statement statement statement statement 
Input Stack: T_IF T_LEFT_PAREN T_IDENTIFIER T_GREATER T_IDENTIFIER T_RIGHT_PAREN T_LEFT_BRACE T_IDENTIFIER T_ASSIGN T_IDENTIFIER T_SEMICOLON T_RIGHT_BRACE T_ELSE T_IF T_LEFT_PAREN T_IDENTIFIER T_LESS T_IDENTIFIER T_RIGHT_PAREN T_LEFT_BRACE T_IDENTIFIER T_ASSIGN T_IDENTIFIER T_PLUS T_INTEGER_LITERAL T_SEMICOLON T_RIGHT_BRACE T_ELSE T_LEFT_BRACE T_IDENTIFIER T_ASSIGN T_INTEGER_LITERAL T_SEMICOLON T_RIGHT_BRACE T_WHILE T_LEFT_PAREN T_IDENTIFIER T_GREATER T_INTEGER_LITERAL T_RIGHT_PAREN T_LEFT_BRACE T_IDENTIFIER T_DECREMENT T_SEMICOLON T_RIGHT_BRACE T_FOR T_LEFT_PAREN T_IDENTIFIER T_ASSIGN T_INTEGER_LITERAL T_SEMICOLON T_IDENTIFIER T_LESS T_INTEGER_LITERAL T_SEMICOLON T_IDENTIFIER T_INCREMENT T_RIGHT_PAREN T_LEFT_BRACE T_IDENTIFIER T_ASSIGN T_IDENTIFIER T_PLUS T_IDENTIFIER T_SEMICOLON T_RIGHT_BRACE T_FOR T_LEFT_PAREN T_IDENTIFIER T_ASSIGN T_INTEGER_LITERAL T_SEMICOLON T_IDENTIFIER T_LESS T_INTEGER_LITERAL T_SEMICOLON T_IDENTIFIER T_INCREMENT T_RIGHT_PAREN T_LEFT_BRACE T_IDENTIFIER T_LEFT_SQUARE T_IDENTIFIER T_RIGHT_SQUARE T_ASSIGN T_IDENTIFIER T_SEMICOLON T_RIGHT_BRACE T_IDENTIFIER T_ASSIGN T_NOT T_IDENTIFIER T_SEMICOLON T_IDENTIFIER T_ASSIGN T_IDENTIFIER T_MOD T_INTEGER_LITERAL T_SEMICOLON T_IDENTIFIER T_ASSIGN T_IDENTIFIER T_BITAND T_INTEGER_LITERAL T_SEMICOLON T_IDENTIFIER T_ASSIGN T_IDENTIFIER T_BITOR T_INTEGER_LITERAL T_SEMICOLON T_IDENTIFIER T_ASSIGN T_IDENTIFIER T_BITXOR T_INTEGER_LITERAL T_SEMICOLON T_IDENTIFIER T_ASSIGN T_BITNOT T_IDENTIFIER T_SEMICOLON T_INT T_IDENTIFIER T_ASSIGN T_IDENTIFIER T_LEFT_PAREN T_IDENTIFIER T_COMMA T_IDENTIFIER T_RIGHT_PAREN T_SEMICOLON T_LEFT_BRACE T_INT T_IDENTIFIER T_ASSIGN T_INTEGER_LITERAL T_SEMICOLON T_IDENTIFIER T_ASSIGN T_IDENTIFIER T_PLUS T_INTEGER_LITERAL T_SEMICOLON T_RIGHT_BRACE T_RETURN T_INTEGER_LITERAL T_SEMICOLON T_RIGHT_BRACE T_EOF 

State Stack: 0 8 8 9 16 18 23 50 118 118 118 118 118 118 118 118 118 108 
Symbol Stack: declaration declaration type_specifier T_IDENTIFIER T_LEFT_PAREN T_RIGHT_PAREN T_LEFT_BRACE statement statement statement statement statement statement statement statement statement T_IF 
Input Stack: T_LEFT_PAREN T_IDENTIFIER T_GREATER T_IDENTIFIER T_RIGHT_PAREN T_LEFT_BRACE T_IDENTIFIER T_ASSIGN T_IDENTIFIER T_SEMICOLON T_RIGHT_BRACE T_ELSE T_IF T_LEFT_PAREN T_IDENTIFIER T_LESS T_IDENTIFIER T_RIGHT_PAREN T_LEFT_BRACE T_IDENTIFIER T_ASSIGN T_IDENTIFIER T_PLUS T_INTEGER_LITERAL T_SEMICOLON T_RIGHT_BRACE T_ELSE T_LEFT_BRACE T_IDENTIFIER T_ASSIGN T_INTEGER_LITERAL T_SEMICOLON T_RIGHT_BRACE T_WHILE T_LEFT_PAREN T_IDENTIFIER T_GREATER T_INTEGER_LITERAL T_RIGHT_PAREN T_LEFT_BRACE T_IDENTIFIER T_DECREMENT T_SEMICOLON T_RIGHT_BRACE T_FOR T_LEFT_PAREN T_IDENTIFIER T_ASSIGN T_INTEGER_LITERAL T_SEMICOLON T_IDENTIFIER T_LESS T_INTEGER_LITERAL T_SEMICOLON T_IDENTIFIER T_INCREMENT T_RIGHT_PAREN T_LEFT_BRACE T_IDENTIFIER T_ASSIGN T_IDENTIFIER T_PLUS T_IDENTIFIER T_SEMICOLON T_RIGHT_BRACE T_FOR T_LEFT_PAREN T_IDENTIFIER T_ASSIGN T_INTEGER_LITERAL T_SEMICOLON T_IDENTIFIER T_LESS T_INTEGER_LITERAL T_SEMICOLON T_IDENTIFIER T_INCREMENT T_RIGHT_PAREN T_LEFT_BRACE T_IDENTIFIER T_LEFT_SQUARE T_IDENTIFIER T_RIGHT_SQUARE T_ASSIGN T_IDENTIFIER T_SEMICOLON T_RIGHT_BRACE T_IDENTIFIER T_ASSIGN T_NOT T_IDENTIFIER T_SEMICOLON T_IDENTIFIER T_ASSIGN T_IDENTIFIER T_MOD T_INTEGER_LITERAL T_SEMICOLON T_IDENTIFIER T_ASSIGN T_IDENTIFIER T_BITAND T_INTEGER_LITERAL T_SEMICOLON T_IDENTIFIER T_ASSIGN T_IDENTIFIER T_BITOR T_INTEGER_LITERAL T_SEMICOLON T_IDENTIFIER T_ASSIGN T_IDENTIFIER T_BITXOR T_INTEGER_LITERAL T_SEMICOLON T_IDENTIFIER T_ASSIGN T_BITNOT T_IDENTIFIER T_SEMICOLON T_INT T_IDENTIFIER T_ASSIGN T_IDENTIFIER T_LEFT_PAREN T_IDENTIFIER T_COMMA T_IDENTIFIER T_RIGHT_PAREN T_SEMICOLON T_LEFT_BRACE T_INT T_IDENTIFIER T_ASSIGN T_INTEGER_LITERAL T_SEMICOLON T_IDENTIFIER T_ASSIGN T_IDENTIFIER T_PLUS T_INTEGER_LITERAL T_SEMICOLON T_RIGHT_BRACE T_RETURN T_INTEGER_LITERAL T_SEMICOLON T_RIGHT_BRACE T_EOF 

State Stack: 0 8 8 9 16 18 23 50 118 118 118 118 118 118 118 118 118 108 206 
Symbol Stack: declaration declaration type_specifier T_IDENTIFIER T_LEFT_PAREN T_RIGHT_PAREN T_LEFT_BRACE statement statement statement statement statement statement statement statement statement T_IF T_LEFT_PAREN 
Input Stack: T_IDENTIFIER T_GREATER T_IDENTIFIER T_RIGHT_PAREN T_LEFT_BRACE T_IDENTIFIER T_ASSIGN T_IDENTIFIER T_SEMICOLON T_RIGHT_BRACE T_ELSE T_IF T_LEFT_PAREN T_IDENTIFIER T_LESS T_IDENTIFIER T_RIGHT_PAREN T_LEFT_BRACE T_IDENTIFIER T_ASSIGN T_IDENTIFIER T_PLUS T_INTEGER_LITERAL T_SEMICOLON T_RIGHT_BRACE T_ELSE T_LEFT_BRACE T_IDENTIFIER T_ASSIGN T_INTEGER_LITERAL T_SEMICOLON T_RIGHT_BRACE T_WHILE T_LEFT_PAREN T_IDENTIFIER T_GREATER T_INTEGER_LITERAL T_RIGHT_PAREN T_LEFT_BRACE T_IDENTIFIER T_DECREMENT T_SEMICOLON T_RIGHT_BRACE T_FOR T_LEFT_PAREN T_IDENTIFIER T_ASSIGN T_INTEGER_LITERAL T_SEMICOLON T_IDENTIFIER T_LESS T_INTEGER_LITERAL T_SEMICOLON T_IDENTIFIER T_INCREMENT T_RIGHT_PAREN T_LEFT_BRACE T_IDENTIFIER T_ASSIGN T_IDENTIFIER T_PLUS T_IDENTIFIER T_SEMICOLON T_RIGHT_BRACE T_FOR T_LEFT_PAREN T_IDENTIFIER T_ASSIGN T_INTEGER_LITERAL T_SEMICOLON T_IDENTIFIER T_LESS T_INTEGER_LITERAL T_SEMICOLON T_IDENTIFIER T_INCREMENT T_RIGHT_PAREN T_LEFT_BRACE T_IDENTIFIER T_LEFT_SQUARE T_IDENTIFIER T_RIGHT_SQUARE T_ASSIGN T_IDENTIFIER T_SEMICOLON T_RIGHT_BRACE T_IDENTIFIER T_ASSIGN T_NOT T_IDENTIFIER T_SEMICOLON T_IDENTIFIER T_ASSIGN T_IDENTIFIER T_MOD T_INTEGER_LITERAL T_SEMICOLON T_IDENTIFIER T_ASSIGN T_IDENTIFIER T_BITAND T_INTEGER_LITERAL T_SEMICOLON T_IDENTIFIER T_ASSIGN T_IDENTIFIER T_BITOR T_INTEGER_LITERAL T_SEMICOLON T_IDENTIFIER T_ASSIGN T_IDENTIFIER T_BITXOR T_INTEGER_LITERAL T_SEMICOLON T_IDENTIFIER T_ASSIGN T_BITNOT T_IDENTIFIER T_SEMICOLON T_INT T_IDENTIFIER T_ASSIGN T_IDENTIFIER T_LEFT_PAREN T_IDENTIFIER T_COMMA T_IDENTIFIER T_RIGHT_PAREN T_SEMICOLON T_LEFT_BRACE T_INT T_IDENTIFIER T_ASSIGN T_INTEGER_LITERAL T_SEMICOLON T_IDENTIFIER T_ASSIGN T_IDENTIFIER T_PLUS T_INTEGER_LITERAL T_SEMICOLON T_RIGHT_BRACE T_RETURN T_INTEGER_LITERAL T_SEMICOLON T_RIGHT_BRACE T_EOF 

State Stack: 0 8 8 9 16 18 23 50 118 118 118 118 118 118 118 118 118 108 206 60 
Symbol Stack: declaration declaration type_specifier T_IDENTIFIER T_LEFT_PAREN T_RIGHT_PAREN T_LEFT_BRACE statement statement statement statement statement statement statement statement statement T_IF T_LEFT_PAREN T_IDENTIFIER 
Input Stack: T_GREATER T_IDENTIFIER T_RIGHT_PAREN T_LEFT_BRACE T_IDENTIFIER T_ASSIGN T_IDENTIFIER T_SEMICOLON T_RIGHT_BRACE T_ELSE T_IF T_LEFT_PAREN T_IDENTIFIER T_LESS T_IDENTIFIER T_RIGHT_PAREN T_LEFT_BRACE T_IDENTIFIER T_ASSIGN T_IDENTIFIER T_PLUS T_INTEGER_LITERAL T_SEMICOLON T_RIGHT_BRACE T_ELSE T_LEFT_BRACE T_IDENTIFIER T_ASSIGN T_INTEGER_LITERAL T_SEMICOLON T_RIGHT_BRACE T_WHILE T_LEFT_PAREN T_IDENTIFIER T_GREATER T_INTEGER_LITERAL T_RIGHT_PAREN T_LEFT_BRACE T_IDENTIFIER T_DECREMENT T_SEMICOLON T_RIGHT_BRACE T_FOR T_LEFT_PAREN T_IDENTIFIER T_ASSIGN T_INTEGER_LITERAL T_SEMICOLON T_IDENTIFIER T_LESS T_INTEGER_LITERAL T_SEMICOLON T_IDENTIFIER T_INCREMENT T_RIGHT_PAREN T_LEFT_BRACE T_IDENTIFIER T_ASSIGN T_IDENTIFIER T_PLUS T_IDENTIFIER T_SEMICOLON T_RIGHT_BRACE T_FOR T_LEFT_PAREN T_IDENTIFIER T_ASSIGN T_INTEGER_LITERAL T_SEMICOLON T_IDENTIFIER T_LESS T_INTEGER_LITERAL T_SEMICOLON T_IDENTIFIER T_INCREMENT T_RIGHT_PAREN T_LEFT_BRACE T_IDENTIFIER T_LEFT_SQUARE T_IDENTIFIER T_RIGHT_SQUARE T_ASSIGN T_IDENTIFIER T_SEMICOLON T_RIGHT_BRACE T_IDENTIFIER T_ASSIGN T_NOT T_IDENTIFIER T_SEMICOLON T_IDENTIFIER T_ASSIGN T_IDENTIFIER T_MOD T_INTEGER_LITERAL T_SEMICOLON T_IDENTIFIER T_ASSIGN T_IDENTIFIER T_BITAND T_INTEGER_LITERAL T_SEMICOLON T_IDENTIFIER T_ASSIGN T_IDENTIFIER T_BITOR T_INTEGER_LITERAL T_SEMICOLON T_IDENTIFIER T_ASSIGN T_IDENTIFIER T_BITXOR T_INTEGER_LITERAL T_SEMICOLON T_IDENTIFIER T_ASSIGN T_BITNOT T_IDENTIFIER T_SEMICOLON T_INT T_IDENTIFIER T_ASSIGN T_IDENTIFIER T_LEFT_PAREN T_IDENTIFIER T_COMMA T_IDENTIFIER T_RIGHT_PAREN T_SEMICOLON T_LEFT_BRACE T_INT T_IDENTIFIER T_ASSIGN T_INTEGER_LITERAL T_SEMICOLON T_IDENTIFIER T_ASSIGN T_IDENTIFIER T_PLUS T_INTEGER_LITERAL T_SEMICOLON T_RIGHT_BRACE T_RETURN T_INTEGER_LITERAL T_SEMICOLON T_RIGHT_BRACE T_EOF 

State Stack: 0 8 8 9 16 18 23 50 118 118 118 118 118 118 118 118 118 108 206 72 
Symbol Stack: declaration declaration type_specifier T_IDENTIFIER T_LEFT_PAREN T_RIGHT_PAREN T_LEFT_BRACE statement statement statement statement statement statement statement statement statement T_IF T_LEFT_PAREN var 
Input Stack: T_GREATER T_IDENTIFIER T_RIGHT_PAREN T_LEFT_BRACE T_IDENTIFIER T_ASSIGN T_IDENTIFIER T_SEMICOLON T_RIGHT_BRACE T_ELSE T_IF T_LEFT_PAREN T_IDENTIFIER T_LESS T_IDENTIFIER T_RIGHT_PAREN T_LEFT_BRACE T_IDENTIFIER T_ASSIGN T_IDENTIFIER T_PLUS T_INTEGER_LITERAL T_SEMICOLON T_RIGHT_BRACE T_ELSE T_LEFT_BRACE T_IDENTIFIER T_ASSIGN T_INTEGER_LITERAL T_SEMICOLON T_RIGHT_BRACE T_WHILE T_LEFT_PAREN T_IDENTIFIER T_GREATER T_INTEGER_LITERAL T_RIGHT_PAREN T_LEFT_BRACE T_IDENTIFIER T_DECREMENT T_SEMICOLON T_RIGHT_BRACE T_FOR T_LEFT_PAREN T_IDENTIFIER T_ASSIGN T_INTEGER_LITERAL T_SEMICOLON T_IDENTIFIER T_LESS T_INTEGER_LITERAL T_SEMICOLON T_IDENTIFIER T_INCREMENT T_RIGHT_PAREN T_LEFT_BRACE T_IDENTIFIER T_ASSIGN T_IDENTIFIER T_PLUS T_IDENTIFIER T_SEMICOLON T_RIGHT_BRACE T_FOR T_LEFT_PAREN T_IDENTIFIER T_ASSIGN T_INTEGER_LITERAL T_SEMICOLON T_IDENTIFIER T_LESS T_INTEGER_LITERAL T_SEMICOLON T_IDENTIFIER T_INCREMENT T_RIGHT_PAREN T_LEFT_BRACE T_IDENTIFIER T_LEFT_SQUARE T_IDENTIFIER T_RIGHT_SQUARE T_ASSIGN T_IDENTIFIER T_SEMICOLON T_RIGHT_BRACE T_IDENTIFIER T_ASSIGN T_NOT T_IDENTIFIER T_SEMICOLON T_IDENTIFIER T_ASSIGN T_IDENTIFIER T_MOD T_INTEGER_LITERAL T_SEMICOLON T_IDENTIFIER T_ASSIGN T_IDENTIFIER T_BITAND T_INTEGER_LITERAL T_SEMICOLON T_IDENTIFIER T_ASSIGN T_IDENTIFIER T_BITOR T_INTEGER_LITERAL T_SEMICOLON T_IDENTIFIER T_ASSIGN T_IDENTIFIER T_BITXOR T_INTEGER_LITERAL T_SEMICOLON T_IDENTIFIER T_ASSIGN T_BITNOT T_IDENTIFIER T_SEMICOLON T_INT T_IDENTIFIER T_ASSIGN T_IDENTIFIER T_LEFT_PAREN T_IDENTIFIER T_COMMA T_IDENTIFIER T_RIGHT_PAREN T_SEMICOLON T_LEFT_BRACE T_INT T_IDENTIFIER T_ASSIGN T_INTEGER_LITERAL T_SEMICOLON T_IDENTIFIER T_ASSIGN T_IDENTIFIER T_PLUS T_INTEGER_LITERAL T_SEMICOLON T_RIGHT_BRACE T_RETURN T_INTEGER_LITERAL T_SEMICOLON T_RIGHT_BRACE T_EOF 

State Stack: 0 8 8 9 16 18 23 50 118 118 118 118 118 118 118 118 118 108 206 76 
Symbol Stack: declaration declaration type_specifier T_IDENTIFIER T_LEFT_PAREN T_RIGHT_PAREN T_LEFT_BRACE statement statement statement statement statement statement statement statement statement T_IF T_LEFT_PAREN factor 
Input Stack: T_GREATER T_IDENTIFIER T_RIGHT_PAREN T_LEFT_BRACE T_IDENTIFIER T_ASSIGN T_IDENTIFIER T_SEMICOLON T_RIGHT_BRACE T_ELSE T_IF T_LEFT_PAREN T_IDENTIFIER T_LESS T_IDENTIFIER T_RIGHT_PAREN T_LEFT_BRACE T_IDENTIFIER T_ASSIGN T_IDENTIFIER T_PLUS T_INTEGER_LITERAL T_SEMICOLON T_RIGHT_BRACE T_ELSE T_LEFT_BRACE T_IDENTIFIER T_ASSIGN T_INTEGER_LITERAL T_SEMICOLON T_RIGHT_BRACE T_WHILE T_LEFT_PAREN T_IDENTIFIER T_GREATER T_INTEGER_LITERAL T_RIGHT_PAREN T_LEFT_BRACE T_IDENTIFIER T_DECREMENT T_SEMICOLON T_RIGHT_BRACE T_FOR T_LEFT_PAREN T_IDENTIFIER T_ASSIGN T_INTEGER_LITERAL T_SEMICOLON T_IDENTIFIER T_LESS T_INTEGER_LITERAL T_SEMICOLON T_IDENTIFIER T_INCREMENT T_RIGHT_PAREN T_LEFT_BRACE T_IDENTIFIER T_ASSIGN T_IDENTIFIER T_PLUS T_IDENTIFIER T_SEMICOLON T_RIGHT_BRACE T_FOR T_LEFT_PAREN T_IDENTIFIER T_ASSIGN T_INTEGER_LITERAL T_SEMICOLON T_IDENTIFIER T_LESS T_INTEGER_LITERAL T_SEMICOLON T_IDENTIFIER T_INCREMENT T_RIGHT_PAREN T_LEFT_BRACE T_IDENTIFIER T_LEFT_SQUARE T_IDENTIFIER T_RIGHT_SQUARE T_ASSIGN T_IDENTIFIER T_SEMICOLON T_RIGHT_BRACE T_IDENTIFIER T_ASSIGN T_NOT T_IDENTIFIER T_SEMICOLON T_IDENTIFIER T_ASSIGN T_IDENTIFIER T_MOD T_INTEGER_LITERAL T_SEMICOLON T_IDENTIFIER T_ASSIGN T_IDENTIFIER T_BITAND T_INTEGER_LITERAL T_SEMICOLON T_IDENTIFIER T_ASSIGN T_IDENTIFIER T_BITOR T_INTEGER_LITERAL T_SEMICOLON T_IDENTIFIER T_ASSIGN T_IDENTIFIER T_BITXOR T_INTEGER_LITERAL T_SEMICOLON T_IDENTIFIER T_ASSIGN T_BITNOT T_IDENTIFIER T_SEMICOLON T_INT T_IDENTIFIER T_ASSIGN T_IDENTIFIER T_LEFT_PAREN T_IDENTIFIER T_COMMA T_IDENTIFIER T_RIGHT_PAREN T_SEMICOLON T_LEFT_BRACE T_INT T_IDENTIFIER T_ASSIGN T_INTEGER_LITERAL T_SEMICOLON T_IDENTIFIER T_ASSIGN T_IDENTIFIER T_PLUS T_INTEGER_LITERAL T_SEMICOLON T_RIGHT_BRACE T_RETURN T_INTEGER_LITERAL T_SEMICOLON T_RIGHT_BRACE T_EOF 

State Stack: 0 8 8 9 16 18 23 50 118 118 118 118 118 118 118 118 118 108 206 69 
Symbol Stack: declaration declaration type_specifier T_IDENTIFIER T_LEFT_PAREN T_RIGHT_PAREN T_LEFT_BRACE statement statement statement statement statement statement statement statement statement T_IF T_LEFT_PAREN term 
Input Stack: T_GREATER T_IDENTIFIER T_RIGHT_PAREN T_LEFT_BRACE T_IDENTIFIER T_ASSIGN T_IDENTIFIER T_SEMICOLON T_RIGHT_BRACE T_ELSE T_IF T_LEFT_PAREN T_IDENTIFIER T_LESS T_IDENTIFIER T_RIGHT_PAREN T_LEFT_BRACE T_IDENTIFIER T_ASSIGN T_IDENTIFIER T_PLUS T_INTEGER_LITERAL T_SEMICOLON T_RIGHT_BRACE T_ELSE T_LEFT_BRACE T_IDENTIFIER T_ASSIGN T_INTEGER_LITERAL T_SEMICOLON T_RIGHT_BRACE T_WHILE T_LEFT_PAREN T_IDENTIFIER T_GREATER T_INTEGER_LITERAL T_RIGHT_PAREN T_LEFT_BRACE T_IDENTIFIER T_DECREMENT T_SEMICOLON T_RIGHT_BRACE T_FOR T_LEFT_PAREN T_IDENTIFIER T_ASSIGN T_INTEGER_LITERAL T_SEMICOLON T_IDENTIFIER T_LESS T_INTEGER_LITERAL T_SEMICOLON T_IDENTIFIER T_INCREMENT T_RIGHT_PAREN T_LEFT_BRACE T_IDENTIFIER T_ASSIGN T_IDENTIFIER T_PLUS T_IDENTIFIER T_SEMICOLON T_RIGHT_BRACE T_FOR T_LEFT_PAREN T_IDENTIFIER T_ASSIGN T_INTEGER_LITERAL T_SEMICOLON T_IDENTIFIER T_LESS T_INTEGER_LITERAL T_SEMICOLON T_IDENTIFIER T_INCREMENT T_RIGHT_PAREN T_LEFT_BRACE T_IDENTIFIER T_LEFT_SQUARE T_IDENTIFIER T_RIGHT_SQUARE T_ASSIGN T_IDENTIFIER T_SEMICOLON T_RIGHT_BRACE T_IDENTIFIER T_ASSIGN T_NOT T_IDENTIFIER T_SEMICOLON T_IDENTIFIER T_ASSIGN T_IDENTIFIER T_MOD T_INTEGER_LITERAL T_SEMICOLON T_IDENTIFIER T_ASSIGN T_IDENTIFIER T_BITAND T_INTEGER_LITERAL T_SEMICOLON T_IDENTIFIER T_ASSIGN T_IDENTIFIER T_BITOR T_INTEGER_LITERAL T_SEMICOLON T_IDENTIFIER T_ASSIGN T_IDENTIFIER T_BITXOR T_INTEGER_LITERAL T_SEMICOLON T_IDENTIFIER T_ASSIGN T_BITNOT T_IDENTIFIER T_SEMICOLON T_INT T_IDENTIFIER T_ASSIGN T_IDENTIFIER T_LEFT_PAREN T_IDENTIFIER T_COMMA T_IDENTIFIER T_RIGHT_PAREN T_SEMICOLON T_LEFT_BRACE T_INT T_IDENTIFIER T_ASSIGN T_INTEGER_LITERAL T_SEMICOLON T_IDENTIFIER T_ASSIGN T_IDENTIFIER T_PLUS T_INTEGER_LITERAL T_SEMICOLON T_RIGHT_BRACE T_RETURN T_INTEGER_LITERAL T_SEMICOLON T_RIGHT_BRACE T_EOF 

State Stack: 0 8 8 9 16 18 23 50 118 118 118 118 118 118 118 118 118 108 206 68 
Symbol Stack: declaration declaration type_specifier T_IDENTIFIER T_LEFT_PAREN T_RIGHT_PAREN T_LEFT_BRACE statement statement statement statement statement statement statement statement statement T_IF T_LEFT_PAREN additive_expression 
Input Stack: T_GREATER T_IDENTIFIER T_RIGHT_PAREN T_LEFT_BRACE T_IDENTIFIER T_ASSIGN T_IDENTIFIER T_SEMICOLON T_RIGHT_BRACE T_ELSE T_IF T_LEFT_PAREN T_IDENTIFIER T_LESS T_IDENTIFIER T_RIGHT_PAREN T_LEFT_BRACE T_IDENTIFIER T_ASSIGN T_IDENTIFIER T_PLUS T_INTEGER_LITERAL T_SEMICOLON T_RIGHT_BRACE T_ELSE T_LEFT_BRACE T_IDENTIFIER T_ASSIGN T_INTEGER_LITERAL T_SEMICOLON T_RIGHT_BRACE T_WHILE T_LEFT_PAREN T_IDENTIFIER T_GREATER T_INTEGER_LITERAL T_RIGHT_PAREN T_LEFT_BRACE T_IDENTIFIER T_DECREMENT T_SEMICOLON T_RIGHT_BRACE T_FOR T_LEFT_PAREN T_IDENTIFIER T_ASSIGN T_INTEGER_LITERAL T_SEMICOLON T_IDENTIFIER T_LESS T_INTEGER_LITERAL T_SEMICOLON T_IDENTIFIER T_INCREMENT T_RIGHT_PAREN T_LEFT_BRACE T_IDENTIFIER T_ASSIGN T_IDENTIFIER T_PLUS T_IDENTIFIER T_SEMICOLON T_RIGHT_BRACE T_FOR T_LEFT_PAREN T_IDENTIFIER T_ASSIGN T_INTEGER_LITERAL T_SEMICOLON T_IDENTIFIER T_LESS T_INTEGER_LITERAL T_SEMICOLON T_IDENTIFIER T_INCREMENT T_RIGHT_PAREN T_LEFT_BRACE T_IDENTIFIER T_LEFT_SQUARE T_IDENTIFIER T_RIGHT_SQUARE T_ASSIGN T_IDENTIFIER T_SEMICOLON T_RIGHT_BRACE T_IDENTIFIER T_ASSIGN T_NOT T_IDENTIFIER T_SEMICOLON T_IDENTIFIER T_ASSIGN T_IDENTIFIER T_MOD T_INTEGER_LITERAL T_SEMICOLON T_IDENTIFIER T_ASSIGN T_IDENTIFIER T_BITAND T_INTEGER_LITERAL T_SEMICOLON T_IDENTIFIER T_ASSIGN T_IDENTIFIER T_BITOR T_INTEGER_LITERAL T_SEMICOLON T_IDENTIFIER T_ASSIGN T_IDENTIFIER T_BITXOR T_INTEGER_LITERAL T_SEMICOLON T_IDENTIFIER T_ASSIGN T_BITNOT T_IDENTIFIER T_SEMICOLON T_INT T_IDENTIFIER T_ASSIGN T_IDENTIFIER T_LEFT_PAREN T_IDENTIFIER T_COMMA T_IDENTIFIER T_RIGHT_PAREN T_SEMICOLON T_LEFT_BRACE T_INT T_IDENTIFIER T_ASSIGN T_INTEGER_LITERAL T_SEMICOLON T_IDENTIFIER T_ASSIGN T_IDENTIFIER T_PLUS T_INTEGER_LITERAL T_SEMICOLON T_RIGHT_BRACE T_RETURN T_INTEGER_LITERAL T_SEMICOLON T_RIGHT_BRACE T_EOF 

State Stack: 0 8 8 9 16 18 23 50 118 118 118 118 118 118 118 118 118 108 206 68 81 
Symbol Stack: declaration declaration type_specifier T_IDENTIFIER T_LEFT_PAREN T_RIGHT_PAREN T_LEFT_BRACE statement statement statement statement statement statement statement statement statement T_IF T_LEFT_PAREN additive_expression T_GREATER 
Input Stack: T_IDENTIFIER T_RIGHT_PAREN T_LEFT_BRACE T_IDENTIFIER T_ASSIGN T_IDENTIFIER T_SEMICOLON T_RIGHT_BRACE T_ELSE T_IF T_LEFT_PAREN T_IDENTIFIER T_LESS T_IDENTIFIER T_RIGHT_PAREN T_LEFT_BRACE T_IDENTIFIER T_ASSIGN T_IDENTIFIER T_PLUS T_INTEGER_LITERAL T_SEMICOLON T_RIGHT_BRACE T_ELSE T_LEFT_BRACE T_IDENTIFIER T_ASSIGN T_INTEGER_LITERAL T_SEMICOLON T_RIGHT_BRACE T_WHILE T_LEFT_PAREN T_IDENTIFIER T_GREATER T_INTEGER_LITERAL T_RIGHT_PAREN T_LEFT_BRACE T_IDENTIFIER T_DECREMENT T_SEMICOLON T_RIGHT_BRACE T_FOR T_LEFT_PAREN T_IDENTIFIER T_ASSIGN T_INTEGER_LITERAL T_SEMICOLON T_IDENTIFIER T_LESS T_INTEGER_LITERAL T_SEMICOLON T_IDENTIFIER T_INCREMENT T_RIGHT_PAREN T_LEFT_BRACE T_IDENTIFIER T_ASSIGN T_IDENTIFIER T_PLUS T_IDENTIFIER T_SEMICOLON T_RIGHT_BRACE T_FOR T_LEFT_PAREN T_IDENTIFIER T_ASSIGN T_INTEGER_LITERAL T_SEMICOLON T_IDENTIFIER T_LESS T_INTEGER_LITERAL T_SEMICOLON T_IDENTIFIER T_INCREMENT T_RIGHT_PAREN T_LEFT_BRACE T_IDENTIFIER T_LEFT_SQUARE T_IDENTIFIER T_RIGHT_SQUARE T_ASSIGN T_IDENTIFIER T_SEMICOLON T_RIGHT_BRACE T_IDENTIFIER T_ASSIGN T_NOT T_IDENTIFIER T_SEMICOLON T_IDENTIFIER T_ASSIGN T_IDENTIFIER T_MOD T_INTEGER_LITERAL T_SEMICOLON T_IDENTIFIER T_ASSIGN T_IDENTIFIER T_BITAND T_INTEGER_LITERAL T_SEMICOLON T_IDENTIFIER T_ASSIGN T_IDENTIFIER T_BITOR T_INTEGER_LITERAL T_SEMICOLON T_IDENTIFIER T_ASSIGN T_IDENTIFIER T_BITXOR T_INTEGER_LITERAL T_SEMICOLON T_IDENTIFIER T_ASSIGN T_BITNOT T_IDENTIFIER T_SEMICOLON T_INT T_IDENTIFIER T_ASSIGN T_IDENTIFIER T_LEFT_PAREN T_IDENTIFIER T_COMMA T_IDENTIFIER T_RIGHT_PAREN T_SEMICOLON T_LEFT_BRACE T_INT T_IDENTIFIER T_ASSIGN T_INTEGER_LITERAL T_SEMICOLON T_IDENTIFIER T_ASSIGN T_IDENTIFIER T_PLUS T_INTEGER_LITERAL T_SEMICOLON T_RIGHT_BRACE T_RETURN T_INTEGER_LITERAL T_SEMICOLON T_RIGHT_BRACE T_EOF 

State Stack: 0 8 8 9 16 18 23 50 118 118 118 118 118 118 118 118 118 108 206 68 169 
Symbol Stack: declaration declaration type_specifier T_IDENTIFIER T_LEFT_PAREN T_RIGHT_PAREN T_LEFT_BRACE statement statement statement statement statement statement statement statement statement T_IF T_LEFT_PAREN additive_expression relop 
Input Stack: T_IDENTIFIER T_RIGHT_PAREN T_LEFT_BRACE T_IDENTIFIER T_ASSIGN T_IDENTIFIER T_SEMICOLON T_RIGHT_BRACE T_ELSE T_IF T_LEFT_PAREN T_IDENTIFIER T_LESS T_IDENTIFIER T_RIGHT_PAREN T_LEFT_BRACE T_IDENTIFIER T_ASSIGN T_IDENTIFIER T_PLUS T_INTEGER_LITERAL T_SEMICOLON T_RIGHT_BRACE T_ELSE T_LEFT_BRACE T_IDENTIFIER T_ASSIGN T_INTEGER_LITERAL T_SEMICOLON T_RIGHT_BRACE T_WHILE T_LEFT_PAREN T_IDENTIFIER T_GREATER T_INTEGER_LITERAL T_RIGHT_PAREN T_LEFT_BRACE T_IDENTIFIER T_DECREMENT T_SEMICOLON T_RIGHT_BRACE T_FOR T_LEFT_PAREN T_IDENTIFIER T_ASSIGN T_INTEGER_LITERAL T_SEMICOLON T_IDENTIFIER T_LESS T_INTEGER_LITERAL T_SEMICOLON T_IDENTIFIER T_INCREMENT T_RIGHT_PAREN T_LEFT_BRACE T_IDENTIFIER T_ASSIGN T_IDENTIFIER T_PLUS T_IDENTIFIER T_SEMICOLON T_RIGHT_BRACE T_FOR T_LEFT_PAREN T_IDENTIFIER T_ASSIGN T_INTEGER_LITERAL T_SEMICOLON T_IDENTIFIER T_LESS T_INTEGER_LITERAL T_SEMICOLON T_IDENTIFIER T_INCREMENT T_RIGHT_PAREN T_LEFT_BRACE T_IDENTIFIER T_LEFT_SQUARE T_IDENTIFIER T_RIGHT_SQUARE T_ASSIGN T_IDENTIFIER T_SEMICOLON T_RIGHT_BRACE T_IDENTIFIER T_ASSIGN T_NOT T_IDENTIFIER T_SEMICOLON T_IDENTIFIER T_ASSIGN T_IDENTIFIER T_MOD T_INTEGER_LITERAL T_SEMICOLON T_IDENTIFIER T_ASSIGN T_IDENTIFIER T_BITAND T_INTEGER_LITERAL T_SEMICOLON T_IDENTIFIER T_ASSIGN T_IDENTIFIER T_BITOR T_INTEGER_LITERAL T_SEMICOLON T_IDENTIFIER T_ASSIGN T_IDENTIFIER T_BITXOR T_INTEGER_LITERAL T_SEMICOLON T_IDENTIFIER T_ASSIGN T_BITNOT T_IDENTIFIER T_SEMICOLON T_INT T_IDENTIFIER T_ASSIGN T_IDENTIFIER T_LEFT_PAREN T_IDENTIFIER T_COMMA T_IDENTIFIER T_RIGHT_PAREN T_SEMICOLON T_LEFT_BRACE T_INT T_IDENTIFIER T_ASSIGN T_INTEGER_LITERAL T_SEMICOLON T_IDENTIFIER T_ASSIGN T_IDENTIFIER T_PLUS T_INTEGER_LITERAL T_SEMICOLON T_RIGHT_BRACE T_RETURN T_INTEGER_LITERAL T_SEMICOLON T_RIGHT_BRACE T_EOF 

State Stack: 0 8 8 9 16 18 23 50 118 118 118 118 118 118 118 118 118 108 206 68 169 257 
Symbol Stack: declaration declaration type_specifier T_IDENTIFIER T_LEFT_PAREN T_RIGHT_PAREN T_LEFT_BRACE statement statement statement statement statement statement statement statement statement T_IF T_LEFT_PAREN additive_expression relop T_IDENTIFIER 
Input Stack: T_RIGHT_PAREN T_LEFT_BRACE T_IDENTIFIER T_ASSIGN T_IDENTIFIER T_SEMICOLON T_RIGHT_BRACE T_ELSE T_IF T_LEFT_PAREN T_IDENTIFIER T_LESS T_IDENTIFIER T_RIGHT_PAREN T_LEFT_BRACE T_IDENTIFIER T_ASSIGN T_IDENTIFIER T_PLUS T_INTEGER_LITERAL T_SEMICOLON T_RIGHT_BRACE T_ELSE T_LEFT_BRACE T_IDENTIFIER T_ASSIGN T_INTEGER_LITERAL T_SEMICOLON T_RIGHT_BRACE T_WHILE T_LEFT_PAREN T_IDENTIFIER T_GREATER T_INTEGER_LITERAL T_RIGHT_PAREN T_LEFT_BRACE T_IDENTIFIER T_DECREMENT T_SEMICOLON T_RIGHT_BRACE T_FOR T_LEFT_PAREN T_IDENTIFIER T_ASSIGN T_INTEGER_LITERAL T_SEMICOLON T_IDENTIFIER T_LESS T_INTEGER_LITERAL T_SEMICOLON T_IDENTIFIER T_INCREMENT T_RIGHT_PAREN T_LEFT_BRACE T_IDENTIFIER T_ASSIGN T_IDENTIFIER T_PLUS T_IDENTIFIER T_SEMICOLON T_RIGHT_BRACE T_FOR T_LEFT_PAREN T_IDENTIFIER T_ASSIGN T_INTEGER_LITERAL T_SEMICOLON T_IDENTIFIER T_LESS T_INTEGER_LITERAL T_SEMICOLON T_IDENTIFIER T_INCREMENT T_RIGHT_PAREN T_LEFT_BRACE T_IDENTIFIER T_LEFT_SQUARE T_IDENTIFIER T_RIGHT_SQUARE T_ASSIGN T_IDENTIFIER T_SEMICOLON T_RIGHT_BRACE T_IDENTIFIER T_ASSIGN T_NOT T_IDENTIFIER T_SEMICOLON T_IDENTIFIER T_ASSIGN T_IDENTIFIER T_MOD T_INTEGER_LITERAL T_SEMICOLON T_IDENTIFIER T_ASSIGN T_IDENTIFIER T_BITAND T_INTEGER_LITERAL T_SEMICOLON T_IDENTIFIER T_ASSIGN T_IDENTIFIER T_BITOR T_INTEGER_LITERAL T_SEMICOLON T_IDENTIFIER T_ASSIGN T_IDENTIFIER T_BITXOR T_INTEGER_LITERAL T_SEMICOLON T_IDENTIFIER T_ASSIGN T_BITNOT T_IDENTIFIER T_SEMICOLON T_INT T_IDENTIFIER T_ASSIGN T_IDENTIFIER T_LEFT_PAREN T_IDENTIFIER T_COMMA T_IDENTIFIER T_RIGHT_PAREN T_SEMICOLON T_LEFT_BRACE T_INT T_IDENTIFIER T_ASSIGN T_INTEGER_LITERAL T_SEMICOLON T_IDENTIFIER T_ASSIGN T_IDENTIFIER T_PLUS T_INTEGER_LITERAL T_SEMICOLON T_RIGHT_BRACE T_RETURN T_INTEGER_LITERAL T_SEMICOLON T_RIGHT_BRACE T_EOF 

State Stack: 0 8 8 9 16 18 23 50 118 118 118 118 118 118 118 118 118 108 206 68 169 269 
Symbol Stack: declaration declaration type_specifier T_IDENTIFIER T_LEFT_PAREN T_RIGHT_PAREN T_LEFT_BRACE statement statement statement statement statement statement statement statement statement T_IF T_LEFT_PAREN additive_expression relop var 
Input Stack: T_RIGHT_PAREN T_LEFT_BRACE T_IDENTIFIER T_ASSIGN T_IDENTIFIER T_SEMICOLON T_RIGHT_BRACE T_ELSE T_IF T_LEFT_PAREN T_IDENTIFIER T_LESS T_IDENTIFIER T_RIGHT_PAREN T_LEFT_BRACE T_IDENTIFIER T_ASSIGN T_IDENTIFIER T_PLUS T_INTEGER_LITERAL T_SEMICOLON T_RIGHT_BRACE T_ELSE T_LEFT_BRACE T_IDENTIFIER T_ASSIGN T_INTEGER_LITERAL T_SEMICOLON T_RIGHT_BRACE T_WHILE T_LEFT_PAREN T_IDENTIFIER T_GREATER T_INTEGER_LITERAL T_RIGHT_PAREN T_LEFT_BRACE T_IDENTIFIER T_DECREMENT T_SEMICOLON T_RIGHT_BRACE T_FOR T_LEFT_PAREN T_IDENTIFIER T_ASSIGN T_INTEGER_LITERAL T_SEMICOLON T_IDENTIFIER T_LESS T_INTEGER_LITERAL T_SEMICOLON T_IDENTIFIER T_INCREMENT T_RIGHT_PAREN T_LEFT_BRACE T_IDENTIFIER T_ASSIGN T_IDENTIFIER T_PLUS T_IDENTIFIER T_SEMICOLON T_RIGHT_BRACE T_FOR T_LEFT_PAREN T_IDENTIFIER T_ASSIGN T_INTEGER_LITERAL T_SEMICOLON T_IDENTIFIER T_LESS T_INTEGER_LITERAL T_SEMICOLON T_IDENTIFIER T_INCREMENT T_RIGHT_PAREN T_LEFT_BRACE T_IDENTIFIER T_LEFT_SQUARE T_IDENTIFIER T_RIGHT_SQUARE T_ASSIGN T_IDENTIFIER T_SEMICOLON T_RIGHT_BRACE T_IDENTIFIER T_ASSIGN T_NOT T_IDENTIFIER T_SEMICOLON T_IDENTIFIER T_ASSIGN T_IDENTIFIER T_MOD T_INTEGER_LITERAL T_SEMICOLON T_IDENTIFIER T_ASSIGN T_IDENTIFIER T_BITAND T_INTEGER_LITERAL T_SEMICOLON T_IDENTIFIER T_ASSIGN T_IDENTIFIER T_BITOR T_INTEGER_LITERAL T_SEMICOLON T_IDENTIFIER T_ASSIGN T_IDENTIFIER T_BITXOR T_INTEGER_LITERAL T_SEMICOLON T_IDENTIFIER T_ASSIGN T_BITNOT T_IDENTIFIER T_SEMICOLON T_INT T_IDENTIFIER T_ASSIGN T_IDENTIFIER T_LEFT_PAREN T_IDENTIFIER T_COMMA T_IDENTIFIER T_RIGHT_PAREN T_SEMICOLON T_LEFT_BRACE T_INT T_IDENTIFIER T_ASSIGN T_INTEGER_LITERAL T_SEMICOLON T_IDENTIFIER T_ASSIGN T_IDENTIFIER T_PLUS T_INTEGER_LITERAL T_SEMICOLON T_RIGHT_BRACE T_RETURN T_INTEGER_LITERAL T_SEMICOLON T_RIGHT_BRACE T_EOF 

State Stack: 0 8 8 9 16 18 23 50 118 118 118 118 118 118 118 118 118 108 206 68 169 270 
Symbol Stack: declaration declaration type_specifier T_IDENTIFIER T_LEFT_PAREN T_RIGHT_PAREN T_LEFT_BRACE statement statement statement statement statement statement statement statement statement T_IF T_LEFT_PAREN additive_expression relop factor 
Input Stack: T_RIGHT_PAREN T_LEFT_BRACE T_IDENTIFIER T_ASSIGN T_IDENTIFIER T_SEMICOLON T_RIGHT_BRACE T_ELSE T_IF T_LEFT_PAREN T_IDENTIFIER T_LESS T_IDENTIFIER T_RIGHT_PAREN T_LEFT_BRACE T_IDENTIFIER T_ASSIGN T_IDENTIFIER T_PLUS T_INTEGER_LITERAL T_SEMICOLON T_RIGHT_BRACE T_ELSE T_LEFT_BRACE T_IDENTIFIER T_ASSIGN T_INTEGER_LITERAL T_SEMICOLON T_RIGHT_BRACE T_WHILE T_LEFT_PAREN T_IDENTIFIER T_GREATER T_INTEGER_LITERAL T_RIGHT_PAREN T_LEFT_BRACE T_IDENTIFIER T_DECREMENT T_SEMICOLON T_RIGHT_BRACE T_FOR T_LEFT_PAREN T_IDENTIFIER T_ASSIGN T_INTEGER_LITERAL T_SEMICOLON T_IDENTIFIER T_LESS T_INTEGER_LITERAL T_SEMICOLON T_IDENTIFIER T_INCREMENT T_RIGHT_PAREN T_LEFT_BRACE T_IDENTIFIER T_ASSIGN T_IDENTIFIER T_PLUS T_IDENTIFIER T_SEMICOLON T_RIGHT_BRACE T_FOR T_LEFT_PAREN T_IDENTIFIER T_ASSIGN T_INTEGER_LITERAL T_SEMICOLON T_IDENTIFIER T_LESS T_INTEGER_LITERAL T_SEMICOLON T_IDENTIFIER T_INCREMENT T_RIGHT_PAREN T_LEFT_BRACE T_IDENTIFIER T_LEFT_SQUARE T_IDENTIFIER T_RIGHT_SQUARE T_ASSIGN T_IDENTIFIER T_SEMICOLON T_RIGHT_BRACE T_IDENTIFIER T_ASSIGN T_NOT T_IDENTIFIER T_SEMICOLON T_IDENTIFIER T_ASSIGN T_IDENTIFIER T_MOD T_INTEGER_LITERAL T_SEMICOLON T_IDENTIFIER T_ASSIGN T_IDENTIFIER T_BITAND T_INTEGER_LITERAL T_SEMICOLON T_IDENTIFIER T_ASSIGN T_IDENTIFIER T_BITOR T_INTEGER_LITERAL T_SEMICOLON T_IDENTIFIER T_ASSIGN T_IDENTIFIER T_BITXOR T_INTEGER_LITERAL T_SEMICOLON T_IDENTIFIER T_ASSIGN T_BITNOT T_IDENTIFIER T_SEMICOLON T_INT T_IDENTIFIER T_ASSIGN T_IDENTIFIER T_LEFT_PAREN T_IDENTIFIER T_COMMA T_IDENTIFIER T_RIGHT_PAREN T_SEMICOLON T_LEFT_BRACE T_INT T_IDENTIFIER T_ASSIGN T_INTEGER_LITERAL T_SEMICOLON T_IDENTIFIER T_ASSIGN T_IDENTIFIER T_PLUS T_INTEGER_LITERAL T_SEMICOLON T_RIGHT_BRACE T_RETURN T_INTEGER_LITERAL T_SEMICOLON T_RIGHT_BRACE T_EOF 

State Stack: 0 8 8 9 16 18 23 50 118 118 118 118 118 118 118 118 118 108 206 68 169 266 
Symbol Stack: declaration declaration type_specifier T_IDENTIFIER T_LEFT_PAREN T_RIGHT_PAREN T_LEFT_BRACE statement statement statement statement statement statement statement statement statement T_IF T_LEFT_PAREN additive_expression relop term 
Input Stack: T_RIGHT_PAREN T_LEFT_BRACE T_IDENTIFIER T_ASSIGN T_IDENTIFIER T_SEMICOLON T_RIGHT_BRACE T_ELSE T_IF T_LEFT_PAREN T_IDENTIFIER T_LESS T_IDENTIFIER T_RIGHT_PAREN T_LEFT_BRACE T_IDENTIFIER T_ASSIGN T_IDENTIFIER T_PLUS T_INTEGER_LITERAL T_SEMICOLON T_RIGHT_BRACE T_ELSE T_LEFT_BRACE T_IDENTIFIER T_ASSIGN T_INTEGER_LITERAL T_SEMICOLON T_RIGHT_BRACE T_WHILE T_LEFT_PAREN T_IDENTIFIER T_GREATER T_INTEGER_LITERAL T_RIGHT_PAREN T_LEFT_BRACE T_IDENTIFIER T_DECREMENT T_SEMICOLON T_RIGHT_BRACE T_FOR T_LEFT_PAREN T_IDENTIFIER T_ASSIGN T_INTEGER_LITERAL T_SEMICOLON T_IDENTIFIER T_LESS T_INTEGER_LITERAL T_SEMICOLON T_IDENTIFIER T_INCREMENT T_RIGHT_PAREN T_LEFT_BRACE T_IDENTIFIER T_ASSIGN T_IDENTIFIER T_PLUS T_IDENTIFIER T_SEMICOLON T_RIGHT_BRACE T_FOR T_LEFT_PAREN T_IDENTIFIER T_ASSIGN T_INTEGER_LITERAL T_SEMICOLON T_IDENTIFIER T_LESS T_INTEGER_LITERAL T_SEMICOLON T_IDENTIFIER T_INCREMENT T_RIGHT_PAREN T_LEFT_BRACE T_IDENTIFIER T_LEFT_SQUARE T_IDENTIFIER T_RIGHT_SQUARE T_ASSIGN T_IDENTIFIER T_SEMICOLON T_RIGHT_BRACE T_IDENTIFIER T_ASSIGN T_NOT T_IDENTIFIER T_SEMICOLON T_IDENTIFIER T_ASSIGN T_IDENTIFIER T_MOD T_INTEGER_LITERAL T_SEMICOLON T_IDENTIFIER T_ASSIGN T_IDENTIFIER T_BITAND T_INTEGER_LITERAL T_SEMICOLON T_IDENTIFIER T_ASSIGN T_IDENTIFIER T_BITOR T_INTEGER_LITERAL T_SEMICOLON T_IDENTIFIER T_ASSIGN T_IDENTIFIER T_BITXOR T_INTEGER_LITERAL T_SEMICOLON T_IDENTIFIER T_ASSIGN T_BITNOT T_IDENTIFIER T_SEMICOLON T_INT T_IDENTIFIER T_ASSIGN T_IDENTIFIER T_LEFT_PAREN T_IDENTIFIER T_COMMA T_IDENTIFIER T_RIGHT_PAREN T_SEMICOLON T_LEFT_BRACE T_INT T_IDENTIFIER T_ASSIGN T_INTEGER_LITERAL T_SEMICOLON T_IDENTIFIER T_ASSIGN T_IDENTIFIER T_PLUS T_INTEGER_LITERAL T_SEMICOLON T_RIGHT_BRACE T_RETURN T_INTEGER_LITERAL T_SEMICOLON T_RIGHT_BRACE T_EOF 

State Stack: 0 8 8 9 16 18 23 50 118 118 118 118 118 118 118 118 118 108 206 68 169 265 
Symbol Stack: declaration declaration type_specifier T_IDENTIFIER T_LEFT_PAREN T_RIGHT_PAREN T_LEFT_BRACE statement statement statement statement statement statement statement statement statement T_IF T_LEFT_PAREN additive_expression relop additive_expression 
Input Stack: T_RIGHT_PAREN T_LEFT_BRACE T_IDENTIFIER T_ASSIGN T_IDENTIFIER T_SEMICOLON T_RIGHT_BRACE T_ELSE T_IF T_LEFT_PAREN T_IDENTIFIER T_LESS T_IDENTIFIER T_RIGHT_PAREN T_LEFT_BRACE T_IDENTIFIER T_ASSIGN T_IDENTIFIER T_PLUS T_INTEGER_LITERAL T_SEMICOLON T_RIGHT_BRACE T_ELSE T_LEFT_BRACE T_IDENTIFIER T_ASSIGN T_INTEGER_LITERAL T_SEMICOLON T_RIGHT_BRACE T_WHILE T_LEFT_PAREN T_IDENTIFIER T_GREATER T_INTEGER_LITERAL T_RIGHT_PAREN T_LEFT_BRACE T_IDENTIFIER T_DECREMENT T_SEMICOLON T_RIGHT_BRACE T_FOR T_LEFT_PAREN T_IDENTIFIER T_ASSIGN T_INTEGER_LITERAL T_SEMICOLON T_IDENTIFIER T_LESS T_INTEGER_LITERAL T_SEMICOLON T_IDENTIFIER T_INCREMENT T_RIGHT_PAREN T_LEFT_BRACE T_IDENTIFIER T_ASSIGN T_IDENTIFIER T_PLUS T_IDENTIFIER T_SEMICOLON T_RIGHT_BRACE T_FOR T_LEFT_PAREN T_IDENTIFIER T_ASSIGN T_INTEGER_LITERAL T_SEMICOLON T_IDENTIFIER T_LESS T_INTEGER_LITERAL T_SEMICOLON T_IDENTIFIER T_INCREMENT T_RIGHT_PAREN T_LEFT_BRACE T_IDENTIFIER T_LEFT_SQUARE T_IDENTIFIER T_RIGHT_SQUARE T_ASSIGN T_IDENTIFIER T_SEMICOLON T_RIGHT_BRACE T_IDENTIFIER T_ASSIGN T_NOT T_IDENTIFIER T_SEMICOLON T_IDENTIFIER T_ASSIGN T_IDENTIFIER T_MOD T_INTEGER_LITERAL T_SEMICOLON T_IDENTIFIER T_ASSIGN T_IDENTIFIER T_BITAND T_INTEGER_LITERAL T_SEMICOLON T_IDENTIFIER T_ASSIGN T_IDENTIFIER T_BITOR T_INTEGER_LITERAL T_SEMICOLON T_IDENTIFIER T_ASSIGN T_IDENTIFIER T_BITXOR T_INTEGER_LITERAL T_SEMICOLON T_IDENTIFIER T_ASSIGN T_BITNOT T_IDENTIFIER T_SEMICOLON T_INT T_IDENTIFIER T_ASSIGN T_IDENTIFIER T_LEFT_PAREN T_IDENTIFIER T_COMMA T_IDENTIFIER T_RIGHT_PAREN T_SEMICOLON T_LEFT_BRACE T_INT T_IDENTIFIER T_ASSIGN T_INTEGER_LITERAL T_SEMICOLON T_IDENTIFIER T_ASSIGN T_IDENTIFIER T_PLUS T_INTEGER_LITERAL T_SEMICOLON T_RIGHT_BRACE T_RETURN T_INTEGER_LITERAL T_SEMICOLON T_RIGHT_BRACE T_EOF 

State Stack: 0 8 8 9 16 18 23 50 118 118 118 118 118 118 118 118 118 108 206 71 
Symbol Stack: declaration declaration type_specifier T_IDENTIFIER T_LEFT_PAREN T_RIGHT_PAREN T_LEFT_BRACE statement statement statement statement statement statement statement statement statement T_IF T_LEFT_PAREN simple_expression 
Input Stack: T_RIGHT_PAREN T_LEFT_BRACE T_IDENTIFIER T_ASSIGN T_IDENTIFIER T_SEMICOLON T_RIGHT_BRACE T_ELSE T_IF T_LEFT_PAREN T_IDENTIFIER T_LESS T_IDENTIFIER T_RIGHT_PAREN T_LEFT_BRACE T_IDENTIFIER T_ASSIGN T_IDENTIFIER T_PLUS T_INTEGER_LITERAL T_SEMICOLON T_RIGHT_BRACE T_ELSE T_LEFT_BRACE T_IDENTIFIER T_ASSIGN T_INTEGER_LITERAL T_SEMICOLON T_RIGHT_BRACE T_WHILE T_LEFT_PAREN T_IDENTIFIER T_GREATER T_INTEGER_LITERAL T_RIGHT_PAREN T_LEFT_BRACE T_IDENTIFIER T_DECREMENT T_SEMICOLON T_RIGHT_BRACE T_FOR T_LEFT_PAREN T_IDENTIFIER T_ASSIGN T_INTEGER_LITERAL T_SEMICOLON T_IDENTIFIER T_LESS T_INTEGER_LITERAL T_SEMICOLON T_IDENTIFIER T_INCREMENT T_RIGHT_PAREN T_LEFT_BRACE T_IDENTIFIER T_ASSIGN T_IDENTIFIER T_PLUS T_IDENTIFIER T_SEMICOLON T_RIGHT_BRACE T_FOR T_LEFT_PAREN T_IDENTIFIER T_ASSIGN T_INTEGER_LITERAL T_SEMICOLON T_IDENTIFIER T_LESS T_INTEGER_LITERAL T_SEMICOLON T_IDENTIFIER T_INCREMENT T_RIGHT_PAREN T_LEFT_BRACE T_IDENTIFIER T_LEFT_SQUARE T_IDENTIFIER T_RIGHT_SQUARE T_ASSIGN T_IDENTIFIER T_SEMICOLON T_RIGHT_BRACE T_IDENTIFIER T_ASSIGN T_NOT T_IDENTIFIER T_SEMICOLON T_IDENTIFIER T_ASSIGN T_IDENTIFIER T_MOD T_INTEGER_LITERAL T_SEMICOLON T_IDENTIFIER T_ASSIGN T_IDENTIFIER T_BITAND T_INTEGER_LITERAL T_SEMICOLON T_IDENTIFIER T_ASSIGN T_IDENTIFIER T_BITOR T_INTEGER_LITERAL T_SEMICOLON T_IDENTIFIER T_ASSIGN T_IDENTIFIER T_BITXOR T_INTEGER_LITERAL T_SEMICOLON T_IDENTIFIER T_ASSIGN T_BITNOT T_IDENTIFIER T_SEMICOLON T_INT T_IDENTIFIER T_ASSIGN T_IDENTIFIER T_LEFT_PAREN T_IDENTIFIER T_COMMA T_IDENTIFIER T_RIGHT_PAREN T_SEMICOLON T_LEFT_BRACE T_INT T_IDENTIFIER T_ASSIGN T_INTEGER_LITERAL T_SEMICOLON T_IDENTIFIER T_ASSIGN T_IDENTIFIER T_PLUS T_INTEGER_LITERAL T_SEMICOLON T_RIGHT_BRACE T_RETURN T_INTEGER_LITERAL T_SEMICOLON T_RIGHT_BRACE T_EOF 

State Stack: 0 8 8 9 16 18 23 50 118 118 118 118 118 118 118 118 118 108 206 296 
Symbol Stack: declaration declaration type_specifier T_IDENTIFIER T_LEFT_PAREN T_RIGHT_PAREN T_LEFT_BRACE statement statement statement statement statement statement statement statement statement T_IF T_LEFT_PAREN expression 
Input Stack: T_RIGHT_PAREN T_LEFT_BRACE T_IDENTIFIER T_ASSIGN T_IDENTIFIER T_SEMICOLON T_RIGHT_BRACE T_ELSE T_IF T_LEFT_PAREN T_IDENTIFIER T_LESS T_IDENTIFIER T_RIGHT_PAREN T_LEFT_BRACE T_IDENTIFIER T_ASSIGN T_IDENTIFIER T_PLUS T_INTEGER_LITERAL T_SEMICOLON T_RIGHT_BRACE T_ELSE T_LEFT_BRACE T_IDENTIFIER T_ASSIGN T_INTEGER_LITERAL T_SEMICOLON T_RIGHT_BRACE T_WHILE T_LEFT_PAREN T_IDENTIFIER T_GREATER T_INTEGER_LITERAL T_RIGHT_PAREN T_LEFT_BRACE T_IDENTIFIER T_DECREMENT T_SEMICOLON T_RIGHT_BRACE T_FOR T_LEFT_PAREN T_IDENTIFIER T_ASSIGN T_INTEGER_LITERAL T_SEMICOLON T_IDENTIFIER T_LESS T_INTEGER_LITERAL T_SEMICOLON T_IDENTIFIER T_INCREMENT T_RIGHT_PAREN T_LEFT_BRACE T_IDENTIFIER T_ASSIGN T_IDENTIFIER T_PLUS T_IDENTIFIER T_SEMICOLON T_RIGHT_BRACE T_FOR T_LEFT_PAREN T_IDENTIFIER T_ASSIGN T_INTEGER_LITERAL T_SEMICOLON T_IDENTIFIER T_LESS T_INTEGER_LITERAL T_SEMICOLON T_IDENTIFIER T_INCREMENT T_RIGHT_PAREN T_LEFT_BRACE T_IDENTIFIER T_LEFT_SQUARE T_IDENTIFIER T_RIGHT_SQUARE T_ASSIGN T_IDENTIFIER T_SEMICOLON T_RIGHT_BRACE T_IDENTIFIER T_ASSIGN T_NOT T_IDENTIFIER T_SEMICOLON T_IDENTIFIER T_ASSIGN T_IDENTIFIER T_MOD T_INTEGER_LITERAL T_SEMICOLON T_IDENTIFIER T_ASSIGN T_IDENTIFIER T_BITAND T_INTEGER_LITERAL T_SEMICOLON T_IDENTIFIER T_ASSIGN T_IDENTIFIER T_BITOR T_INTEGER_LITERAL T_SEMICOLON T_IDENTIFIER T_ASSIGN T_IDENTIFIER T_BITXOR T_INTEGER_LITERAL T_SEMICOLON T_IDENTIFIER T_ASSIGN T_BITNOT T_IDENTIFIER T_SEMICOLON T_INT T_IDENTIFIER T_ASSIGN T_IDENTIFIER T_LEFT_PAREN T_IDENTIFIER T_COMMA T_IDENTIFIER T_RIGHT_PAREN T_SEMICOLON T_LEFT_BRACE T_INT T_IDENTIFIER T_ASSIGN T_INTEGER_LITERAL T_SEMICOLON T_IDENTIFIER T_ASSIGN T_IDENTIFIER T_PLUS T_INTEGER_LITERAL T_SEMICOLON T_RIGHT_BRACE T_RETURN T_INTEGER_LITERAL T_SEMICOLON T_RIGHT_BRACE T_EOF 

State Stack: 0 8 8 9 16 18 23 50 118 118 118 118 118 118 118 118 118 108 206 296 386 
Symbol Stack: declaration declaration type_specifier T_IDENTIFIER T_LEFT_PAREN T_RIGHT_PAREN T_LEFT_BRACE statement statement statement statement statement statement statement statement statement T_IF T_LEFT_PAREN expression T_RIGHT_PAREN 
Input Stack: T_LEFT_BRACE T_IDENTIFIER T_ASSIGN T_IDENTIFIER T_SEMICOLON T_RIGHT_BRACE T_ELSE T_IF T_LEFT_PAREN T_IDENTIFIER T_LESS T_IDENTIFIER T_RIGHT_PAREN T_LEFT_BRACE T_IDENTIFIER T_ASSIGN T_IDENTIFIER T_PLUS T_INTEGER_LITERAL T_SEMICOLON T_RIGHT_BRACE T_ELSE T_LEFT_BRACE T_IDENTIFIER T_ASSIGN T_INTEGER_LITERAL T_SEMICOLON T_RIGHT_BRACE T_WHILE T_LEFT_PAREN T_IDENTIFIER T_GREATER T_INTEGER_LITERAL T_RIGHT_PAREN T_LEFT_BRACE T_IDENTIFIER T_DECREMENT T_SEMICOLON T_RIGHT_BRACE T_FOR T_LEFT_PAREN T_IDENTIFIER T_ASSIGN T_INTEGER_LITERAL T_SEMICOLON T_IDENTIFIER T_LESS T_INTEGER_LITERAL T_SEMICOLON T_IDENTIFIER T_INCREMENT T_RIGHT_PAREN T_LEFT_BRACE T_IDENTIFIER T_ASSIGN T_IDENTIFIER T_PLUS T_IDENTIFIER T_SEMICOLON T_RIGHT_BRACE T_FOR T_LEFT_PAREN T_IDENTIFIER T_ASSIGN T_INTEGER_LITERAL T_SEMICOLON T_IDENTIFIER T_LESS T_INTEGER_LITERAL T_SEMICOLON T_IDENTIFIER T_INCREMENT T_RIGHT_PAREN T_LEFT_BRACE T_IDENTIFIER T_LEFT_SQUARE T_IDENTIFIER T_RIGHT_SQUARE T_ASSIGN T_IDENTIFIER T_SEMICOLON T_RIGHT_BRACE T_IDENTIFIER T_ASSIGN T_NOT T_IDENTIFIER T_SEMICOLON T_IDENTIFIER T_ASSIGN T_IDENTIFIER T_MOD T_INTEGER_LITERAL T_SEMICOLON T_IDENTIFIER T_ASSIGN T_IDENTIFIER T_BITAND T_INTEGER_LITERAL T_SEMICOLON T_IDENTIFIER T_ASSIGN T_IDENTIFIER T_BITOR T_INTEGER_LITERAL T_SEMICOLON T_IDENTIFIER T_ASSIGN T_IDENTIFIER T_BITXOR T_INTEGER_LITERAL T_SEMICOLON T_IDENTIFIER T_ASSIGN T_BITNOT T_IDENTIFIER T_SEMICOLON T_INT T_IDENTIFIER T_ASSIGN T_IDENTIFIER T_LEFT_PAREN T_IDENTIFIER T_COMMA T_IDENTIFIER T_RIGHT_PAREN T_SEMICOLON T_LEFT_BRACE T_INT T_IDENTIFIER T_ASSIGN T_INTEGER_LITERAL T_SEMICOLON T_IDENTIFIER T_ASSIGN T_IDENTIFIER T_PLUS T_INTEGER_LITERAL T_SEMICOLON T_RIGHT_BRACE T_RETURN T_INTEGER_LITERAL T_SEMICOLON T_RIGHT_BRACE T_EOF 

State Stack: 0 8 8 9 16 18 23 50 118 118 118 118 118 118 118 118 118 108 206 296 386 441 
Symbol Stack: declaration declaration type_specifier T_IDENTIFIER T_LEFT_PAREN T_RIGHT_PAREN T_LEFT_BRACE statement statement statement statement statement statement statement statement statement T_IF T_LEFT_PAREN expression T_RIGHT_PAREN T_LEFT_BRACE 
Input Stack: T_IDENTIFIER T_ASSIGN T_IDENTIFIER T_SEMICOLON T_RIGHT_BRACE T_ELSE T_IF T_LEFT_PAREN T_IDENTIFIER T_LESS T_IDENTIFIER T_RIGHT_PAREN T_LEFT_BRACE T_IDENTIFIER T_ASSIGN T_IDENTIFIER T_PLUS T_INTEGER_LITERAL T_SEMICOLON T_RIGHT_BRACE T_ELSE T_LEFT_BRACE T_IDENTIFIER T_ASSIGN T_INTEGER_LITERAL T_SEMICOLON T_RIGHT_BRACE T_WHILE T_LEFT_PAREN T_IDENTIFIER T_GREATER T_INTEGER_LITERAL T_RIGHT_PAREN T_LEFT_BRACE T_IDENTIFIER T_DECREMENT T_SEMICOLON T_RIGHT_BRACE T_FOR T_LEFT_PAREN T_IDENTIFIER T_ASSIGN T_INTEGER_LITERAL T_SEMICOLON T_IDENTIFIER T_LESS T_INTEGER_LITERAL T_SEMICOLON T_IDENTIFIER T_INCREMENT T_RIGHT_PAREN T_LEFT_BRACE T_IDENTIFIER T_ASSIGN T_IDENTIFIER T_PLUS T_IDENTIFIER T_SEMICOLON T_RIGHT_BRACE T_FOR T_LEFT_PAREN T_IDENTIFIER T_ASSIGN T_INTEGER_LITERAL T_SEMICOLON T_IDENTIFIER T_LESS T_INTEGER_LITERAL T_SEMICOLON T_IDENTIFIER T_INCREMENT T_RIGHT_PAREN T_LEFT_BRACE T_IDENTIFIER T_LEFT_SQUARE T_IDENTIFIER T_RIGHT_SQUARE T_ASSIGN T_IDENTIFIER T_SEMICOLON T_RIGHT_BRACE T_IDENTIFIER T_ASSIGN T_NOT T_IDENTIFIER T_SEMICOLON T_IDENTIFIER T_ASSIGN T_IDENTIFIER T_MOD T_INTEGER_LITERAL T_SEMICOLON T_IDENTIFIER T_ASSIGN T_IDENTIFIER T_BITAND T_INTEGER_LITERAL T_SEMICOLON T_IDENTIFIER T_ASSIGN T_IDENTIFIER T_BITOR T_INTEGER_LITERAL T_SEMICOLON T_IDENTIFIER T_ASSIGN T_IDENTIFIER T_BITXOR T_INTEGER_LITERAL T_SEMICOLON T_IDENTIFIER T_ASSIGN T_BITNOT T_IDENTIFIER T_SEMICOLON T_INT T_IDENTIFIER T_ASSIGN T_IDENTIFIER T_LEFT_PAREN T_IDENTIFIER T_COMMA T_IDENTIFIER T_RIGHT_PAREN T_SEMICOLON T_LEFT_BRACE T_INT T_IDENTIFIER T_ASSIGN T_INTEGER_LITERAL T_SEMICOLON T_IDENTIFIER T_ASSIGN T_IDENTIFIER T_PLUS T_INTEGER_LITERAL T_SEMICOLON T_RIGHT_BRACE T_RETURN T_INTEGER_LITERAL T_SEMICOLON T_RIGHT_BRACE T_EOF 

State Stack: 0 8 8 9 16 18 23 50 118 118 118 118 118 118 118 118 118 108 206 296 386 441 29 
Symbol Stack: declaration declaration type_specifier T_IDENTIFIER T_LEFT_PAREN T_RIGHT_PAREN T_LEFT_BRACE statement statement statement statement statement statement statement statement statement T_IF T_LEFT_PAREN expression T_RIGHT_PAREN T_LEFT_BRACE T_IDENTIFIER 
Input Stack: T_ASSIGN T_IDENTIFIER T_SEMICOLON T_RIGHT_BRACE T_ELSE T_IF T_LEFT_PAREN T_IDENTIFIER T_LESS T_IDENTIFIER T_RIGHT_PAREN T_LEFT_BRACE T_IDENTIFIER T_ASSIGN T_IDENTIFIER T_PLUS T_INTEGER_LITERAL T_SEMICOLON T_RIGHT_BRACE T_ELSE T_LEFT_BRACE T_IDENTIFIER T_ASSIGN T_INTEGER_LITERAL T_SEMICOLON T_RIGHT_BRACE T_WHILE T_LEFT_PAREN T_IDENTIFIER T_GREATER T_INTEGER_LITERAL T_RIGHT_PAREN T_LEFT_BRACE T_IDENTIFIER T_DECREMENT T_SEMICOLON T_RIGHT_BRACE T_FOR T_LEFT_PAREN T_IDENTIFIER T_ASSIGN T_INTEGER_LITERAL T_SEMICOLON T_IDENTIFIER T_LESS T_INTEGER_LITERAL T_SEMICOLON T_IDENTIFIER T_INCREMENT T_RIGHT_PAREN T_LEFT_BRACE T_IDENTIFIER T_ASSIGN T_IDENTIFIER T_PLUS T_IDENTIFIER T_SEMICOLON T_RIGHT_BRACE T_FOR T_LEFT_PAREN T_IDENTIFIER T_ASSIGN T_INTEGER_LITERAL T_SEMICOLON T_IDENTIFIER T_LESS T_INTEGER_LITERAL T_SEMICOLON T_IDENTIFIER T_INCREMENT T_RIGHT_PAREN T_LEFT_BRACE T_IDENTIFIER T_LEFT_SQUARE T_IDENTIFIER T_RIGHT_SQUARE T_ASSIGN T_IDENTIFIER T_SEMICOLON T_RIGHT_BRACE T_IDENTIFIER T_ASSIGN T_NOT T_IDENTIFIER T_SEMICOLON T_IDENTIFIER T_ASSIGN T_IDENTIFIER T_MOD T_INTEGER_LITERAL T_SEMICOLON T_IDENTIFIER T_ASSIGN T_IDENTIFIER T_BITAND T_INTEGER_LITERAL T_SEMICOLON T_IDENTIFIER T_ASSIGN T_IDENTIFIER T_BITOR T_INTEGER_LITERAL T_SEMICOLON T_IDENTIFIER T_ASSIGN T_IDENTIFIER T_BITXOR T_INTEGER_LITERAL T_SEMICOLON T_IDENTIFIER T_ASSIGN T_BITNOT T_IDENTIFIER T_SEMICOLON T_INT T_IDENTIFIER T_ASSIGN T_IDENTIFIER T_LEFT_PAREN T_IDENTIFIER T_COMMA T_IDENTIFIER T_RIGHT_PAREN T_SEMICOLON T_LEFT_BRACE T_INT T_IDENTIFIER T_ASSIGN T_INTEGER_LITERAL T_SEMICOLON T_IDENTIFIER T_ASSIGN T_IDENTIFIER T_PLUS T_INTEGER_LITERAL T_SEMICOLON T_RIGHT_BRACE T_RETURN T_INTEGER_LITERAL T_SEMICOLON T_RIGHT_BRACE T_EOF 

State Stack: 0 8 8 9 16 18 23 50 118 118 118 118 118 118 118 118 118 108 206 296 386 441 43 
Symbol Stack: declaration declaration type_specifier T_IDENTIFIER T_LEFT_PAREN T_RIGHT_PAREN T_LEFT_BRACE statement statement statement statement statement statement statement statement statement T_IF T_LEFT_PAREN expression T_RIGHT_PAREN T_LEFT_BRACE var 
Input Stack: T_ASSIGN T_IDENTIFIER T_SEMICOLON T_RIGHT_BRACE T_ELSE T_IF T_LEFT_PAREN T_IDENTIFIER T_LESS T_IDENTIFIER T_RIGHT_PAREN T_LEFT_BRACE T_IDENTIFIER T_ASSIGN T_IDENTIFIER T_PLUS T_INTEGER_LITERAL T_SEMICOLON T_RIGHT_BRACE T_ELSE T_LEFT_BRACE T_IDENTIFIER T_ASSIGN T_INTEGER_LITERAL T_SEMICOLON T_RIGHT_BRACE T_WHILE T_LEFT_PAREN T_IDENTIFIER T_GREATER T_INTEGER_LITERAL T_RIGHT_PAREN T_LEFT_BRACE T_IDENTIFIER T_DECREMENT T_SEMICOLON T_RIGHT_BRACE T_FOR T_LEFT_PAREN T_IDENTIFIER T_ASSIGN T_INTEGER_LITERAL T_SEMICOLON T_IDENTIFIER T_LESS T_INTEGER_LITERAL T_SEMICOLON T_IDENTIFIER T_INCREMENT T_RIGHT_PAREN T_LEFT_BRACE T_IDENTIFIER T_ASSIGN T_IDENTIFIER T_PLUS T_IDENTIFIER T_SEMICOLON T_RIGHT_BRACE T_FOR T_LEFT_PAREN T_IDENTIFIER T_ASSIGN T_INTEGER_LITERAL T_SEMICOLON T_IDENTIFIER T_LESS T_INTEGER_LITERAL T_SEMICOLON T_IDENTIFIER T_INCREMENT T_RIGHT_PAREN T_LEFT_BRACE T_IDENTIFIER T_LEFT_SQUARE T_IDENTIFIER T_RIGHT_SQUARE T_ASSIGN T_IDENTIFIER T_SEMICOLON T_RIGHT_BRACE T_IDENTIFIER T_ASSIGN T_NOT T_IDENTIFIER T_SEMICOLON T_IDENTIFIER T_ASSIGN T_IDENTIFIER T_MOD T_INTEGER_LITERAL T_SEMICOLON T_IDENTIFIER T_ASSIGN T_IDENTIFIER T_BITAND T_INTEGER_LITERAL T_SEMICOLON T_IDENTIFIER T_ASSIGN T_IDENTIFIER T_BITOR T_INTEGER_LITERAL T_SEMICOLON T_IDENTIFIER T_ASSIGN T_IDENTIFIER T_BITXOR T_INTEGER_LITERAL T_SEMICOLON T_IDENTIFIER T_ASSIGN T_BITNOT T_IDENTIFIER T_SEMICOLON T_INT T_IDENTIFIER T_ASSIGN T_IDENTIFIER T_LEFT_PAREN T_IDENTIFIER T_COMMA T_IDENTIFIER T_RIGHT_PAREN T_SEMICOLON T_LEFT_BRACE T_INT T_IDENTIFIER T_ASSIGN T_INTEGER_LITERAL T_SEMICOLON T_IDENTIFIER T_ASSIGN T_IDENTIFIER T_PLUS T_INTEGER_LITERAL T_SEMICOLON T_RIGHT_BRACE T_RETURN T_INTEGER_LITERAL T_SEMICOLON T_RIGHT_BRACE T_EOF 

State Stack: 0 8 8 9 16 18 23 50 118 118 118 118 118 118 118 118 118 108 206 296 386 441 43 96 
Symbol Stack: declaration declaration type_specifier T_IDENTIFIER T_LEFT_PAREN T_RIGHT_PAREN T_LEFT_BRACE statement statement statement statement statement statement statement statement statement T_IF T_LEFT_PAREN expression T_RIGHT_PAREN T_LEFT_BRACE var T_ASSIGN 
Input Stack: T_IDENTIFIER T_SEMICOLON T_RIGHT_BRACE T_ELSE T_IF T_LEFT_PAREN T_IDENTIFIER T_LESS T_IDENTIFIER T_RIGHT_PAREN T_LEFT_BRACE T_IDENTIFIER T_ASSIGN T_IDENTIFIER T_PLUS T_INTEGER_LITERAL T_SEMICOLON T_RIGHT_BRACE T_ELSE T_LEFT_BRACE T_IDENTIFIER T_ASSIGN T_INTEGER_LITERAL T_SEMICOLON T_RIGHT_BRACE T_WHILE T_LEFT_PAREN T_IDENTIFIER T_GREATER T_INTEGER_LITERAL T_RIGHT_PAREN T_LEFT_BRACE T_IDENTIFIER T_DECREMENT T_SEMICOLON T_RIGHT_BRACE T_FOR T_LEFT_PAREN T_IDENTIFIER T_ASSIGN T_INTEGER_LITERAL T_SEMICOLON T_IDENTIFIER T_LESS T_INTEGER_LITERAL T_SEMICOLON T_IDENTIFIER T_INCREMENT T_RIGHT_PAREN T_LEFT_BRACE T_IDENTIFIER T_ASSIGN T_IDENTIFIER T_PLUS T_IDENTIFIER T_SEMICOLON T_RIGHT_BRACE T_FOR T_LEFT_PAREN T_IDENTIFIER T_ASSIGN T_INTEGER_LITERAL T_SEMICOLON T_IDENTIFIER T_LESS T_INTEGER_LITERAL T_SEMICOLON T_IDENTIFIER T_INCREMENT T_RIGHT_PAREN T_LEFT_BRACE T_IDENTIFIER T_LEFT_SQUARE T_IDENTIFIER T_RIGHT_SQUARE T_ASSIGN T_IDENTIFIER T_SEMICOLON T_RIGHT_BRACE T_IDENTIFIER T_ASSIGN T_NOT T_IDENTIFIER T_SEMICOLON T_IDENTIFIER T_ASSIGN T_IDENTIFIER T_MOD T_INTEGER_LITERAL T_SEMICOLON T_IDENTIFIER T_ASSIGN T_IDENTIFIER T_BITAND T_INTEGER_LITERAL T_SEMICOLON T_IDENTIFIER T_ASSIGN T_IDENTIFIER T_BITOR T_INTEGER_LITERAL T_SEMICOLON T_IDENTIFIER T_ASSIGN T_IDENTIFIER T_BITXOR T_INTEGER_LITERAL T_SEMICOLON T_IDENTIFIER T_ASSIGN T_BITNOT T_IDENTIFIER T_SEMICOLON T_INT T_IDENTIFIER T_ASSIGN T_IDENTIFIER T_LEFT_PAREN T_IDENTIFIER T_COMMA T_IDENTIFIER T_RIGHT_PAREN T_SEMICOLON T_LEFT_BRACE T_INT T_IDENTIFIER T_ASSIGN T_INTEGER_LITERAL T_SEMICOLON T_IDENTIFIER T_ASSIGN T_IDENTIFIER T_PLUS T_INTEGER_LITERAL T_SEMICOLON T_RIGHT_BRACE T_RETURN T_INTEGER_LITERAL T_SEMICOLON T_RIGHT_BRACE T_EOF 

State Stack: 0 8 8 9 16 18 23 50 118 118 118 118 118 118 118 118 118 108 206 296 386 441 43 96 29 
Symbol Stack: declaration declaration type_specifier T_IDENTIFIER T_LEFT_PAREN T_RIGHT_PAREN T_LEFT_BRACE statement statement statement statement statement statement statement statement statement T_IF T_LEFT_PAREN expression T_RIGHT_PAREN T_LEFT_BRACE var T_ASSIGN T_IDENTIFIER 
Input Stack: T_SEMICOLON T_RIGHT_BRACE T_ELSE T_IF T_LEFT_PAREN T_IDENTIFIER T_LESS T_IDENTIFIER T_RIGHT_PAREN T_LEFT_BRACE T_IDENTIFIER T_ASSIGN T_IDENTIFIER T_PLUS T_INTEGER_LITERAL T_SEMICOLON T_RIGHT_BRACE T_ELSE T_LEFT_BRACE T_IDENTIFIER T_ASSIGN T_INTEGER_LITERAL T_SEMICOLON T_RIGHT_BRACE T_WHILE T_LEFT_PAREN T_IDENTIFIER T_GREATER T_INTEGER_LITERAL T_RIGHT_PAREN T_LEFT_BRACE T_IDENTIFIER T_DECREMENT T_SEMICOLON T_RIGHT_BRACE T_FOR T_LEFT_PAREN T_IDENTIFIER T_ASSIGN T_INTEGER_LITERAL T_SEMICOLON T_IDENTIFIER T_LESS T_INTEGER_LITERAL T_SEMICOLON T_IDENTIFIER T_INCREMENT T_RIGHT_PAREN T_LEFT_BRACE T_IDENTIFIER T_ASSIGN T_IDENTIFIER T_PLUS T_IDENTIFIER T_SEMICOLON T_RIGHT_BRACE T_FOR T_LEFT_PAREN T_IDENTIFIER T_ASSIGN T_INTEGER_LITERAL T_SEMICOLON T_IDENTIFIER T_LESS T_INTEGER_LITERAL T_SEMICOLON T_IDENTIFIER T_INCREMENT T_RIGHT_PAREN T_LEFT_BRACE T_IDENTIFIER T_LEFT_SQUARE T_IDENTIFIER T_RIGHT_SQUARE T_ASSIGN T_IDENTIFIER T_SEMICOLON T_RIGHT_BRACE T_IDENTIFIER T_ASSIGN T_NOT T_IDENTIFIER T_SEMICOLON T_IDENTIFIER T_ASSIGN T_IDENTIFIER T_MOD T_INTEGER_LITERAL T_SEMICOLON T_IDENTIFIER T_ASSIGN T_IDENTIFIER T_BITAND T_INTEGER_LITERAL T_SEMICOLON T_IDENTIFIER T_ASSIGN T_IDENTIFIER T_BITOR T_INTEGER_LITERAL T_SEMICOLON T_IDENTIFIER T_ASSIGN T_IDENTIFIER T_BITXOR T_INTEGER_LITERAL T_SEMICOLON T_IDENTIFIER T_ASSIGN T_BITNOT T_IDENTIFIER T_SEMICOLON T_INT T_IDENTIFIER T_ASSIGN T_IDENTIFIER T_LEFT_PAREN T_IDENTIFIER T_COMMA T_IDENTIFIER T_RIGHT_PAREN T_SEMICOLON T_LEFT_BRACE T_INT T_IDENTIFIER T_ASSIGN T_INTEGER_LITERAL T_SEMICOLON T_IDENTIFIER T_ASSIGN T_IDENTIFIER T_PLUS T_INTEGER_LITERAL T_SEMICOLON T_RIGHT_BRACE T_RETURN T_INTEGER_LITERAL T_SEMICOLON T_RIGHT_BRACE T_EOF 

State Stack: 0 8 8 9 16 18 23 50 118 118 118 118 118 118 118 118 118 108 206 296 386 441 43 96 43 
Symbol Stack: declaration declaration type_specifier T_IDENTIFIER T_LEFT_PAREN T_RIGHT_PAREN T_LEFT_BRACE statement statement statement statement statement statement statement statement statement T_IF T_LEFT_PAREN expression T_RIGHT_PAREN T_LEFT_BRACE var T_ASSIGN var 
Input Stack: T_SEMICOLON T_RIGHT_BRACE T_ELSE T_IF T_LEFT_PAREN T_IDENTIFIER T_LESS T_IDENTIFIER T_RIGHT_PAREN T_LEFT_BRACE T_IDENTIFIER T_ASSIGN T_IDENTIFIER T_PLUS T_INTEGER_LITERAL T_SEMICOLON T_RIGHT_BRACE T_ELSE T_LEFT_BRACE T_IDENTIFIER T_ASSIGN T_INTEGER_LITERAL T_SEMICOLON T_RIGHT_BRACE T_WHILE T_LEFT_PAREN T_IDENTIFIER T_GREATER T_INTEGER_LITERAL T_RIGHT_PAREN T_LEFT_BRACE T_IDENTIFIER T_DECREMENT T_SEMICOLON T_RIGHT_BRACE T_FOR T_LEFT_PAREN T_IDENTIFIER T_ASSIGN T_INTEGER_LITERAL T_SEMICOLON T_IDENTIFIER T_LESS T_INTEGER_LITERAL T_SEMICOLON T_IDENTIFIER T_INCREMENT T_RIGHT_PAREN T_LEFT_BRACE T_IDENTIFIER T_ASSIGN T_IDENTIFIER T_PLUS T_IDENTIFIER T_SEMICOLON T_RIGHT_BRACE T_FOR T_LEFT_PAREN T_IDENTIFIER T_ASSIGN T_INTEGER_LITERAL T_SEMICOLON T_IDENTIFIER T_LESS T_INTEGER_LITERAL T_SEMICOLON T_IDENTIFIER T_INCREMENT T_RIGHT_PAREN T_LEFT_BRACE T_IDENTIFIER T_LEFT_SQUARE T_IDENTIFIER T_RIGHT_SQUARE T_ASSIGN T_IDENTIFIER T_SEMICOLON T_RIGHT_BRACE T_IDENTIFIER T_ASSIGN T_NOT T_IDENTIFIER T_SEMICOLON T_IDENTIFIER T_ASSIGN T_IDENTIFIER T_MOD T_INTEGER_LITERAL T_SEMICOLON T_IDENTIFIER T_ASSIGN T_IDENTIFIER T_BITAND T_INTEGER_LITERAL T_SEMICOLON T_IDENTIFIER T_ASSIGN T_IDENTIFIER T_BITOR T_INTEGER_LITERAL T_SEMICOLON T_IDENTIFIER T_ASSIGN T_IDENTIFIER T_BITXOR T_INTEGER_LITERAL T_SEMICOLON T_IDENTIFIER T_ASSIGN T_BITNOT T_IDENTIFIER T_SEMICOLON T_INT T_IDENTIFIER T_ASSIGN T_IDENTIFIER T_LEFT_PAREN T_IDENTIFIER T_COMMA T_IDENTIFIER T_RIGHT_PAREN T_SEMICOLON T_LEFT_BRACE T_INT T_IDENTIFIER T_ASSIGN T_INTEGER_LITERAL T_SEMICOLON T_IDENTIFIER T_ASSIGN T_IDENTIFIER T_PLUS T_INTEGER_LITERAL T_SEMICOLON T_RIGHT_BRACE T_RETURN T_INTEGER_LITERAL T_SEMICOLON T_RIGHT_BRACE T_EOF 

State Stack: 0 8 8 9 16 18 23 50 118 118 118 118 118 118 118 118 118 108 206 296 386 441 43 96 47 
Symbol Stack: declaration declaration type_specifier T_IDENTIFIER T_LEFT_PAREN T_RIGHT_PAREN T_LEFT_BRACE statement statement statement statement statement statement statement statement statement T_IF T_LEFT_PAREN expression T_RIGHT_PAREN T_LEFT_BRACE var T_ASSIGN factor 
Input Stack: T_SEMICOLON T_RIGHT_BRACE T_ELSE T_IF T_LEFT_PAREN T_IDENTIFIER T_LESS T_IDENTIFIER T_RIGHT_PAREN T_LEFT_BRACE T_IDENTIFIER T_ASSIGN T_IDENTIFIER T_PLUS T_INTEGER_LITERAL T_SEMICOLON T_RIGHT_BRACE T_ELSE T_LEFT_BRACE T_IDENTIFIER T_ASSIGN T_INTEGER_LITERAL T_SEMICOLON T_RIGHT_BRACE T_WHILE T_LEFT_PAREN T_IDENTIFIER T_GREATER T_INTEGER_LITERAL T_RIGHT_PAREN T_LEFT_BRACE T_IDENTIFIER T_DECREMENT T_SEMICOLON T_RIGHT_BRACE T_FOR T_LEFT_PAREN T_IDENTIFIER T_ASSIGN T_INTEGER_LITERAL T_SEMICOLON T_IDENTIFIER T_LESS T_INTEGER_LITERAL T_SEMICOLON T_IDENTIFIER T_INCREMENT T_RIGHT_PAREN T_LEFT_BRACE T_IDENTIFIER T_ASSIGN T_IDENTIFIER T_PLUS T_IDENTIFIER T_SEMICOLON T_RIGHT_BRACE T_FOR T_LEFT_PAREN T_IDENTIFIER T_ASSIGN T_INTEGER_LITERAL T_SEMICOLON T_IDENTIFIER T_LESS T_INTEGER_LITERAL T_SEMICOLON T_IDENTIFIER T_INCREMENT T_RIGHT_PAREN T_LEFT_BRACE T_IDENTIFIER T_LEFT_SQUARE T_IDENTIFIER T_RIGHT_SQUARE T_ASSIGN T_IDENTIFIER T_SEMICOLON T_RIGHT_BRACE T_IDENTIFIER T_ASSIGN T_NOT T_IDENTIFIER T_SEMICOLON T_IDENTIFIER T_ASSIGN T_IDENTIFIER T_MOD T_INTEGER_LITERAL T_SEMICOLON T_IDENTIFIER T_ASSIGN T_IDENTIFIER T_BITAND T_INTEGER_LITERAL T_SEMICOLON T_IDENTIFIER T_ASSIGN T_IDENTIFIER T_BITOR T_INTEGER_LITERAL T_SEMICOLON T_IDENTIFIER T_ASSIGN T_IDENTIFIER T_BITXOR T_INTEGER_LITERAL T_SEMICOLON T_IDENTIFIER T_ASSIGN T_BITNOT T_IDENTIFIER T_SEMICOLON T_INT T_IDENTIFIER T_ASSIGN T_IDENTIFIER T_LEFT_PAREN T_IDENTIFIER T_COMMA T_IDENTIFIER T_RIGHT_PAREN T_SEMICOLON T_LEFT_BRACE T_INT T_IDENTIFIER T_ASSIGN T_INTEGER_LITERAL T_SEMICOLON T_IDENTIFIER T_ASSIGN T_IDENTIFIER T_PLUS T_INTEGER_LITERAL T_SEMICOLON T_RIGHT_BRACE T_RETURN T_INTEGER_LITERAL T_SEMICOLON T_RIGHT_BRACE T_EOF 

State Stack: 0 8 8 9 16 18 23 50 118 118 118 118 118 118 118 118 118 108 206 296 386 441 43 96 40 
Symbol Stack: declaration declaration type_specifier T_IDENTIFIER T_LEFT_PAREN T_RIGHT_PAREN T_LEFT_BRACE statement statement statement statement statement statement statement statement statement T_IF T_LEFT_PAREN expression T_RIGHT_PAREN T_LEFT_BRACE var T_ASSIGN term 
Input Stack: T_SEMICOLON T_RIGHT_BRACE T_ELSE T_IF T_LEFT_PAREN T_IDENTIFIER T_LESS T_IDENTIFIER T_RIGHT_PAREN T_LEFT_BRACE T_IDENTIFIER T_ASSIGN T_IDENTIFIER T_PLUS T_INTEGER_LITERAL T_SEMICOLON T_RIGHT_BRACE T_ELSE T_LEFT_BRACE T_IDENTIFIER T_ASSIGN T_INTEGER_LITERAL T_SEMICOLON T_RIGHT_BRACE T_WHILE T_LEFT_PAREN T_IDENTIFIER T_GREATER T_INTEGER_LITERAL T_RIGHT_PAREN T_LEFT_BRACE T_IDENTIFIER T_DECREMENT T_SEMICOLON T_RIGHT_BRACE T_FOR T_LEFT_PAREN T_IDENTIFIER T_ASSIGN T_INTEGER_LITERAL T_SEMICOLON T_IDENTIFIER T_LESS T_INTEGER_LITERAL T_SEMICOLON T_IDENTIFIER T_INCREMENT T_RIGHT_PAREN T_LEFT_BRACE T_IDENTIFIER T_ASSIGN T_IDENTIFIER T_PLUS T_IDENTIFIER T_SEMICOLON T_RIGHT_BRACE T_FOR T_LEFT_PAREN T_IDENTIFIER T_ASSIGN T_INTEGER_LITERAL T_SEMICOLON T_IDENTIFIER T_LESS T_INTEGER_LITERAL T_SEMICOLON T_IDENTIFIER T_INCREMENT T_RIGHT_PAREN T_LEFT_BRACE T_IDENTIFIER T_LEFT_SQUARE T_IDENTIFIER T_RIGHT_SQUARE T_ASSIGN T_IDENTIFIER T_SEMICOLON T_RIGHT_BRACE T_IDENTIFIER T_ASSIGN T_NOT T_IDENTIFIER T_SEMICOLON T_IDENTIFIER T_ASSIGN T_IDENTIFIER T_MOD T_INTEGER_LITERAL T_SEMICOLON T_IDENTIFIER T_ASSIGN T_IDENTIFIER T_BITAND T_INTEGER_LITERAL T_SEMICOLON T_IDENTIFIER T_ASSIGN T_IDENTIFIER T_BITOR T_INTEGER_LITERAL T_SEMICOLON T_IDENTIFIER T_ASSIGN T_IDENTIFIER T_BITXOR T_INTEGER_LITERAL T_SEMICOLON T_IDENTIFIER T_ASSIGN T_BITNOT T_IDENTIFIER T_SEMICOLON T_INT T_IDENTIFIER T_ASSIGN T_IDENTIFIER T_LEFT_PAREN T_IDENTIFIER T_COMMA T_IDENTIFIER T_RIGHT_PAREN T_SEMICOLON T_LEFT_BRACE T_INT T_IDENTIFIER T_ASSIGN T_INTEGER_LITERAL T_SEMICOLON T_IDENTIFIER T_ASSIGN T_IDENTIFIER T_PLUS T_INTEGER_LITERAL T_SEMICOLON T_RIGHT_BRACE T_RETURN T_INTEGER_LITERAL T_SEMICOLON T_RIGHT_BRACE T_EOF 

State Stack: 0 8 8 9 16 18 23 50 118 118 118 118 118 118 118 118 118 108 206 296 386 441 43 96 39 
Symbol Stack: declaration declaration type_specifier T_IDENTIFIER T_LEFT_PAREN T_RIGHT_PAREN T_LEFT_BRACE statement statement statement statement statement statement statement statement statement T_IF T_LEFT_PAREN expression T_RIGHT_PAREN T_LEFT_BRACE var T_ASSIGN additive_expression 
Input Stack: T_SEMICOLON T_RIGHT_BRACE T_ELSE T_IF T_LEFT_PAREN T_IDENTIFIER T_LESS T_IDENTIFIER T_RIGHT_PAREN T_LEFT_BRACE T_IDENTIFIER T_ASSIGN T_IDENTIFIER T_PLUS T_INTEGER_LITERAL T_SEMICOLON T_RIGHT_BRACE T_ELSE T_LEFT_BRACE T_IDENTIFIER T_ASSIGN T_INTEGER_LITERAL T_SEMICOLON T_RIGHT_BRACE T_WHILE T_LEFT_PAREN T_IDENTIFIER T_GREATER T_INTEGER_LITERAL T_RIGHT_PAREN T_LEFT_BRACE T_IDENTIFIER T_DECREMENT T_SEMICOLON T_RIGHT_BRACE T_FOR T_LEFT_PAREN T_IDENTIFIER T_ASSIGN T_INTEGER_LITERAL T_SEMICOLON T_IDENTIFIER T_LESS T_INTEGER_LITERAL T_SEMICOLON T_IDENTIFIER T_INCREMENT T_RIGHT_PAREN T_LEFT_BRACE T_IDENTIFIER T_ASSIGN T_IDENTIFIER T_PLUS T_IDENTIFIER T_SEMICOLON T_RIGHT_BRACE T_FOR T_LEFT_PAREN T_IDENTIFIER T_ASSIGN T_INTEGER_LITERAL T_SEMICOLON T_IDENTIFIER T_LESS T_INTEGER_LITERAL T_SEMICOLON T_IDENTIFIER T_INCREMENT T_RIGHT_PAREN T_LEFT_BRACE T_IDENTIFIER T_LEFT_SQUARE T_IDENTIFIER T_RIGHT_SQUARE T_ASSIGN T_IDENTIFIER T_SEMICOLON T_RIGHT_BRACE T_IDENTIFIER T_ASSIGN T_NOT T_IDENTIFIER T_SEMICOLON T_IDENTIFIER T_ASSIGN T_IDENTIFIER T_MOD T_INTEGER_LITERAL T_SEMICOLON T_IDENTIFIER T_ASSIGN T_IDENTIFIER T_BITAND T_INTEGER_LITERAL T_SEMICOLON T_IDENTIFIER T_ASSIGN T_IDENTIFIER T_BITOR T_INTEGER_LITERAL T_SEMICOLON T_IDENTIFIER T_ASSIGN T_IDENTIFIER T_BITXOR T_INTEGER_LITERAL T_SEMICOLON T_IDENTIFIER T_ASSIGN T_BITNOT T_IDENTIFIER T_SEMICOLON T_INT T_IDENTIFIER T_ASSIGN T_IDENTIFIER T_LEFT_PAREN T_IDENTIFIER T_COMMA T_IDENTIFIER T_RIGHT_PAREN T_SEMICOLON T_LEFT_BRACE T_INT T_IDENTIFIER T_ASSIGN T_INTEGER_LITERAL T_SEMICOLON T_IDENTIFIER T_ASSIGN T_IDENTIFIER T_PLUS T_INTEGER_LITERAL T_SEMICOLON T_RIGHT_BRACE T_RETURN T_INTEGER_LITERAL T_SEMICOLON T_RIGHT_BRACE T_EOF 

State Stack: 0 8 8 9 16 18 23 50 118 118 118 118 118 118 118 118 118 108 206 296 386 441 43 96 42 
Symbol Stack: declaration declaration type_specifier T_IDENTIFIER T_LEFT_PAREN T_RIGHT_PAREN T_LEFT_BRACE statement statement statement statement statement statement statement statement statement T_IF T_LEFT_PAREN expression T_RIGHT_PAREN T_LEFT_BRACE var T_ASSIGN simple_expression 
Input Stack: T_SEMICOLON T_RIGHT_BRACE T_ELSE T_IF T_LEFT_PAREN T_IDENTIFIER T_LESS T_IDENTIFIER T_RIGHT_PAREN T_LEFT_BRACE T_IDENTIFIER T_ASSIGN T_IDENTIFIER T_PLUS T_INTEGER_LITERAL T_SEMICOLON T_RIGHT_BRACE T_ELSE T_LEFT_BRACE T_IDENTIFIER T_ASSIGN T_INTEGER_LITERAL T_SEMICOLON T_RIGHT_BRACE T_WHILE T_LEFT_PAREN T_IDENTIFIER T_GREATER T_INTEGER_LITERAL T_RIGHT_PAREN T_LEFT_BRACE T_IDENTIFIER T_DECREMENT T_SEMICOLON T_RIGHT_BRACE T_FOR T_LEFT_PAREN T_IDENTIFIER T_ASSIGN T_INTEGER_LITERAL T_SEMICOLON T_IDENTIFIER T_LESS T_INTEGER_LITERAL T_SEMICOLON T_IDENTIFIER T_INCREMENT T_RIGHT_PAREN T_LEFT_BRACE T_IDENTIFIER T_ASSIGN T_IDENTIFIER T_PLUS T_IDENTIFIER T_SEMICOLON T_RIGHT_BRACE T_FOR T_LEFT_PAREN T_IDENTIFIER T_ASSIGN T_INTEGER_LITERAL T_SEMICOLON T_IDENTIFIER T_LESS T_INTEGER_LITERAL T_SEMICOLON T_IDENTIFIER T_INCREMENT T_RIGHT_PAREN T_LEFT_BRACE T_IDENTIFIER T_LEFT_SQUARE T_IDENTIFIER T_RIGHT_SQUARE T_ASSIGN T_IDENTIFIER T_SEMICOLON T_RIGHT_BRACE T_IDENTIFIER T_ASSIGN T_NOT T_IDENTIFIER T_SEMICOLON T_IDENTIFIER T_ASSIGN T_IDENTIFIER T_MOD T_INTEGER_LITERAL T_SEMICOLON T_IDENTIFIER T_ASSIGN T_IDENTIFIER T_BITAND T_INTEGER_LITERAL T_SEMICOLON T_IDENTIFIER T_ASSIGN T_IDENTIFIER T_BITOR T_INTEGER_LITERAL T_SEMICOLON T_IDENTIFIER T_ASSIGN T_IDENTIFIER T_BITXOR T_INTEGER_LITERAL T_SEMICOLON T_IDENTIFIER T_ASSIGN T_BITNOT T_IDENTIFIER T_SEMICOLON T_INT T_IDENTIFIER T_ASSIGN T_IDENTIFIER T_LEFT_PAREN T_IDENTIFIER T_COMMA T_IDENTIFIER T_RIGHT_PAREN T_SEMICOLON T_LEFT_BRACE T_INT T_IDENTIFIER T_ASSIGN T_INTEGER_LITERAL T_SEMICOLON T_IDENTIFIER T_ASSIGN T_IDENTIFIER T_PLUS T_INTEGER_LITERAL T_SEMICOLON T_RIGHT_BRACE T_RETURN T_INTEGER_LITERAL T_SEMICOLON T_RIGHT_BRACE T_EOF 

State Stack: 0 8 8 9 16 18 23 50 118 118 118 118 118 118 118 118 118 108 206 296 386 441 43 96 198 
Symbol Stack: declaration declaration type_specifier T_IDENTIFIER T_LEFT_PAREN T_RIGHT_PAREN T_LEFT_BRACE statement statement statement statement statement statement statement statement statement T_IF T_LEFT_PAREN expression T_RIGHT_PAREN T_LEFT_BRACE var T_ASSIGN expression 
Input Stack: T_SEMICOLON T_RIGHT_BRACE T_ELSE T_IF T_LEFT_PAREN T_IDENTIFIER T_LESS T_IDENTIFIER T_RIGHT_PAREN T_LEFT_BRACE T_IDENTIFIER T_ASSIGN T_IDENTIFIER T_PLUS T_INTEGER_LITERAL T_SEMICOLON T_RIGHT_BRACE T_ELSE T_LEFT_BRACE T_IDENTIFIER T_ASSIGN T_INTEGER_LITERAL T_SEMICOLON T_RIGHT_BRACE T_WHILE T_LEFT_PAREN T_IDENTIFIER T_GREATER T_INTEGER_LITERAL T_RIGHT_PAREN T_LEFT_BRACE T_IDENTIFIER T_DECREMENT T_SEMICOLON T_RIGHT_BRACE T_FOR T_LEFT_PAREN T_IDENTIFIER T_ASSIGN T_INTEGER_LITERAL T_SEMICOLON T_IDENTIFIER T_LESS T_INTEGER_LITERAL T_SEMICOLON T_IDENTIFIER T_INCREMENT T_RIGHT_PAREN T_LEFT_BRACE T_IDENTIFIER T_ASSIGN T_IDENTIFIER T_PLUS T_IDENTIFIER T_SEMICOLON T_RIGHT_BRACE T_FOR T_LEFT_PAREN T_IDENTIFIER T_ASSIGN T_INTEGER_LITERAL T_SEMICOLON T_IDENTIFIER T_LESS T_INTEGER_LITERAL T_SEMICOLON T_IDENTIFIER T_INCREMENT T_RIGHT_PAREN T_LEFT_BRACE T_IDENTIFIER T_LEFT_SQUARE T_IDENTIFIER T_RIGHT_SQUARE T_ASSIGN T_IDENTIFIER T_SEMICOLON T_RIGHT_BRACE T_IDENTIFIER T_ASSIGN T_NOT T_IDENTIFIER T_SEMICOLON T_IDENTIFIER T_ASSIGN T_IDENTIFIER T_MOD T_INTEGER_LITERAL T_SEMICOLON T_IDENTIFIER T_ASSIGN T_IDENTIFIER T_BITAND T_INTEGER_LITERAL T_SEMICOLON T_IDENTIFIER T_ASSIGN T_IDENTIFIER T_BITOR T_INTEGER_LITERAL T_SEMICOLON T_IDENTIFIER T_ASSIGN T_IDENTIFIER T_BITXOR T_INTEGER_LITERAL T_SEMICOLON T_IDENTIFIER T_ASSIGN T_BITNOT T_IDENTIFIER T_SEMICOLON T_INT T_IDENTIFIER T_ASSIGN T_IDENTIFIER T_LEFT_PAREN T_IDENTIFIER T_COMMA T_IDENTIFIER T_RIGHT_PAREN T_SEMICOLON T_LEFT_BRACE T_INT T_IDENTIFIER T_ASSIGN T_INTEGER_LITERAL T_SEMICOLON T_IDENTIFIER T_ASSIGN T_IDENTIFIER T_PLUS T_INTEGER_LITERAL T_SEMICOLON T_RIGHT_BRACE T_RETURN T_INTEGER_LITERAL T_SEMICOLON T_RIGHT_BRACE T_EOF 

State Stack: 0 8 8 9 16 18 23 50 118 118 118 118 118 118 118 118 118 108 206 296 386 441 111 
Symbol Stack: declaration declaration type_specifier T_IDENTIFIER T_LEFT_PAREN T_RIGHT_PAREN T_LEFT_BRACE statement statement statement statement statement statement statement statement statement T_IF T_LEFT_PAREN expression T_RIGHT_PAREN T_LEFT_BRACE expression 
Input Stack: T_SEMICOLON T_RIGHT_BRACE T_ELSE T_IF T_LEFT_PAREN T_IDENTIFIER T_LESS T_IDENTIFIER T_RIGHT_PAREN T_LEFT_BRACE T_IDENTIFIER T_ASSIGN T_IDENTIFIER T_PLUS T_INTEGER_LITERAL T_SEMICOLON T_RIGHT_BRACE T_ELSE T_LEFT_BRACE T_IDENTIFIER T_ASSIGN T_INTEGER_LITERAL T_SEMICOLON T_RIGHT_BRACE T_WHILE T_LEFT_PAREN T_IDENTIFIER T_GREATER T_INTEGER_LITERAL T_RIGHT_PAREN T_LEFT_BRACE T_IDENTIFIER T_DECREMENT T_SEMICOLON T_RIGHT_BRACE T_FOR T_LEFT_PAREN T_IDENTIFIER T_ASSIGN T_INTEGER_LITERAL T_SEMICOLON T_IDENTIFIER T_LESS T_INTEGER_LITERAL T_SEMICOLON T_IDENTIFIER T_INCREMENT T_RIGHT_PAREN T_LEFT_BRACE T_IDENTIFIER T_ASSIGN T_IDENTIFIER T_PLUS T_IDENTIFIER T_SEMICOLON T_RIGHT_BRACE T_FOR T_LEFT_PAREN T_IDENTIFIER T_ASSIGN T_INTEGER_LITERAL T_SEMICOLON T_IDENTIFIER T_LESS T_INTEGER_LITERAL T_SEMICOLON T_IDENTIFIER T_INCREMENT T_RIGHT_PAREN T_LEFT_BRACE T_IDENTIFIER T_LEFT_SQUARE T_IDENTIFIER T_RIGHT_SQUARE T_ASSIGN T_IDENTIFIER T_SEMICOLON T_RIGHT_BRACE T_IDENTIFIER T_ASSIGN T_NOT T_IDENTIFIER T_SEMICOLON T_IDENTIFIER T_ASSIGN T_IDENTIFIER T_MOD T_INTEGER_LITERAL T_SEMICOLON T_IDENTIFIER T_ASSIGN T_IDENTIFIER T_BITAND T_INTEGER_LITERAL T_SEMICOLON T_IDENTIFIER T_ASSIGN T_IDENTIFIER T_BITOR T_INTEGER_LITERAL T_SEMICOLON T_IDENTIFIER T_ASSIGN T_IDENTIFIER T_BITXOR T_INTEGER_LITERAL T_SEMICOLON T_IDENTIFIER T_ASSIGN T_BITNOT T_IDENTIFIER T_SEMICOLON T_INT T_IDENTIFIER T_ASSIGN T_IDENTIFIER T_LEFT_PAREN T_IDENTIFIER T_COMMA T_IDENTIFIER T_RIGHT_PAREN T_SEMICOLON T_LEFT_BRACE T_INT T_IDENTIFIER T_ASSIGN T_INTEGER_LITERAL T_SEMICOLON T_IDENTIFIER T_ASSIGN T_IDENTIFIER T_PLUS T_INTEGER_LITERAL T_SEMICOLON T_RIGHT_BRACE T_RETURN T_INTEGER_LITERAL T_SEMICOLON T_RIGHT_BRACE T_EOF 

State Stack: 0 8 8 9 16 18 23 50 118 118 118 118 118 118 118 118 118 108 206 296 386 441 111 208 
Symbol Stack: declaration declaration type_specifier T_IDENTIFIER T_LEFT_PAREN T_RIGHT_PAREN T_LEFT_BRACE statement statement statement statement statement statement statement statement statement T_IF T_LEFT_PAREN expression T_RIGHT_PAREN T_LEFT_BRACE expression T_SEMICOLON 
Input Stack: T_RIGHT_BRACE T_ELSE T_IF T_LEFT_PAREN T_IDENTIFIER T_LESS T_IDENTIFIER T_RIGHT_PAREN T_LEFT_BRACE T_IDENTIFIER T_ASSIGN T_IDENTIFIER T_PLUS T_INTEGER_LITERAL T_SEMICOLON T_RIGHT_BRACE T_ELSE T_LEFT_BRACE T_IDENTIFIER T_ASSIGN T_INTEGER_LITERAL T_SEMICOLON T_RIGHT_BRACE T_WHILE T_LEFT_PAREN T_IDENTIFIER T_GREATER T_INTEGER_LITERAL T_RIGHT_PAREN T_LEFT_BRACE T_IDENTIFIER T_DECREMENT T_SEMICOLON T_RIGHT_BRACE T_FOR T_LEFT_PAREN T_IDENTIFIER T_ASSIGN T_INTEGER_LITERAL T_SEMICOLON T_IDENTIFIER T_LESS T_INTEGER_LITERAL T_SEMICOLON T_IDENTIFIER T_INCREMENT T_RIGHT_PAREN T_LEFT_BRACE T_IDENTIFIER T_ASSIGN T_IDENTIFIER T_PLUS T_IDENTIFIER T_SEMICOLON T_RIGHT_BRACE T_FOR T_LEFT_PAREN T_IDENTIFIER T_ASSIGN T_INTEGER_LITERAL T_SEMICOLON T_IDENTIFIER T_LESS T_INTEGER_LITERAL T_SEMICOLON T_IDENTIFIER T_INCREMENT T_RIGHT_PAREN T_LEFT_BRACE T_IDENTIFIER T_LEFT_SQUARE T_IDENTIFIER T_RIGHT_SQUARE T_ASSIGN T_IDENTIFIER T_SEMICOLON T_RIGHT_BRACE T_IDENTIFIER T_ASSIGN T_NOT T_IDENTIFIER T_SEMICOLON T_IDENTIFIER T_ASSIGN T_IDENTIFIER T_MOD T_INTEGER_LITERAL T_SEMICOLON T_IDENTIFIER T_ASSIGN T_IDENTIFIER T_BITAND T_INTEGER_LITERAL T_SEMICOLON T_IDENTIFIER T_ASSIGN T_IDENTIFIER T_BITOR T_INTEGER_LITERAL T_SEMICOLON T_IDENTIFIER T_ASSIGN T_IDENTIFIER T_BITXOR T_INTEGER_LITERAL T_SEMICOLON T_IDENTIFIER T_ASSIGN T_BITNOT T_IDENTIFIER T_SEMICOLON T_INT T_IDENTIFIER T_ASSIGN T_IDENTIFIER T_LEFT_PAREN T_IDENTIFIER T_COMMA T_IDENTIFIER T_RIGHT_PAREN T_SEMICOLON T_LEFT_BRACE T_INT T_IDENTIFIER T_ASSIGN T_INTEGER_LITERAL T_SEMICOLON T_IDENTIFIER T_ASSIGN T_IDENTIFIER T_PLUS T_INTEGER_LITERAL T_SEMICOLON T_RIGHT_BRACE T_RETURN T_INTEGER_LITERAL T_SEMICOLON T_RIGHT_BRACE T_EOF 

State Stack: 0 8 8 9 16 18 23 50 118 118 118 118 118 118 118 118 118 108 206 296 386 441 113 
Symbol Stack: declaration declaration type_specifier T_IDENTIFIER T_LEFT_PAREN T_RIGHT_PAREN T_LEFT_BRACE statement statement statement statement statement statement statement statement statement T_IF T_LEFT_PAREN expression T_RIGHT_PAREN T_LEFT_BRACE expression_stmt 
Input Stack: T_RIGHT_BRACE T_ELSE T_IF T_LEFT_PAREN T_IDENTIFIER T_LESS T_IDENTIFIER T_RIGHT_PAREN T_LEFT_BRACE T_IDENTIFIER T_ASSIGN T_IDENTIFIER T_PLUS T_INTEGER_LITERAL T_SEMICOLON T_RIGHT_BRACE T_ELSE T_LEFT_BRACE T_IDENTIFIER T_ASSIGN T_INTEGER_LITERAL T_SEMICOLON T_RIGHT_BRACE T_WHILE T_LEFT_PAREN T_IDENTIFIER T_GREATER T_INTEGER_LITERAL T_RIGHT_PAREN T_LEFT_BRACE T_IDENTIFIER T_DECREMENT T_SEMICOLON T_RIGHT_BRACE T_FOR T_LEFT_PAREN T_IDENTIFIER T_ASSIGN T_INTEGER_LITERAL T_SEMICOLON T_IDENTIFIER T_LESS T_INTEGER_LITERAL T_SEMICOLON T_IDENTIFIER T_INCREMENT T_RIGHT_PAREN T_LEFT_BRACE T_IDENTIFIER T_ASSIGN T_IDENTIFIER T_PLUS T_IDENTIFIER T_SEMICOLON T_RIGHT_BRACE T_FOR T_LEFT_PAREN T_IDENTIFIER T_ASSIGN T_INTEGER_LITERAL T_SEMICOLON T_IDENTIFIER T_LESS T_INTEGER_LITERAL T_SEMICOLON T_IDENTIFIER T_INCREMENT T_RIGHT_PAREN T_LEFT_BRACE T_IDENTIFIER T_LEFT_SQUARE T_IDENTIFIER T_RIGHT_SQUARE T_ASSIGN T_IDENTIFIER T_SEMICOLON T_RIGHT_BRACE T_IDENTIFIER T_ASSIGN T_NOT T_IDENTIFIER T_SEMICOLON T_IDENTIFIER T_ASSIGN T_IDENTIFIER T_MOD T_INTEGER_LITERAL T_SEMICOLON T_IDENTIFIER T_ASSIGN T_IDENTIFIER T_BITAND T_INTEGER_LITERAL T_SEMICOLON T_IDENTIFIER T_ASSIGN T_IDENTIFIER T_BITOR T_INTEGER_LITERAL T_SEMICOLON T_IDENTIFIER T_ASSIGN T_IDENTIFIER T_BITXOR T_INTEGER_LITERAL T_SEMICOLON T_IDENTIFIER T_ASSIGN T_BITNOT T_IDENTIFIER T_SEMICOLON T_INT T_IDENTIFIER T_ASSIGN T_IDENTIFIER T_LEFT_PAREN T_IDENTIFIER T_COMMA T_IDENTIFIER T_RIGHT_PAREN T_SEMICOLON T_LEFT_BRACE T_INT T_IDENTIFIER T_ASSIGN T_INTEGER_LITERAL T_SEMICOLON T_IDENTIFIER T_ASSIGN T_IDENTIFIER T_PLUS T_INTEGER_LITERAL T_SEMICOLON T_RIGHT_BRACE T_RETURN T_INTEGER_LITERAL T_SEMICOLON T_RIGHT_BRACE T_EOF 

State Stack: 0 8 8 9 16 18 23 50 118 118 118 118 118 118 118 118 118 108 206 296 386 441 118 
Symbol Stack: declaration declaration type_specifier T_IDENTIFIER T_LEFT_PAREN T_RIGHT_PAREN T_LEFT_BRACE statement statement statement statement statement statement statement statement statement T_IF T_LEFT_PAREN expression T_RIGHT_PAREN T_LEFT_BRACE statement 
Input Stack: T_RIGHT_BRACE T_ELSE T_IF T_LEFT_PAREN T_IDENTIFIER T_LESS T_IDENTIFIER T_RIGHT_PAREN T_LEFT_BRACE T_IDENTIFIER T_ASSIGN T_IDENTIFIER T_PLUS T_INTEGER_LITERAL T_SEMICOLON T_RIGHT_BRACE T_ELSE T_LEFT_BRACE T_IDENTIFIER T_ASSIGN T_INTEGER_LITERAL T_SEMICOLON T_RIGHT_BRACE T_WHILE T_LEFT_PAREN T_IDENTIFIER T_GREATER T_INTEGER_LITERAL T_RIGHT_PAREN T_LEFT_BRACE T_IDENTIFIER T_DECREMENT T_SEMICOLON T_RIGHT_BRACE T_FOR T_LEFT_PAREN T_IDENTIFIER T_ASSIGN T_INTEGER_LITERAL T_SEMICOLON T_IDENTIFIER T_LESS T_INTEGER_LITERAL T_SEMICOLON T_IDENTIFIER T_INCREMENT T_RIGHT_PAREN T_LEFT_BRACE T_IDENTIFIER T_ASSIGN T_IDENTIFIER T_PLUS T_IDENTIFIER T_SEMICOLON T_RIGHT_BRACE T_FOR T_LEFT_PAREN T_IDENTIFIER T_ASSIGN T_INTEGER_LITERAL T_SEMICOLON T_IDENTIFIER T_LESS T_INTEGER_LITERAL T_SEMICOLON T_IDENTIFIER T_INCREMENT T_RIGHT_PAREN T_LEFT_BRACE T_IDENTIFIER T_LEFT_SQUARE T_IDENTIFIER T_RIGHT_SQUARE T_ASSIGN T_IDENTIFIER T_SEMICOLON T_RIGHT_BRACE T_IDENTIFIER T_ASSIGN T_NOT T_IDENTIFIER T_SEMICOLON T_IDENTIFIER T_ASSIGN T_IDENTIFIER T_MOD T_INTEGER_LITERAL T_SEMICOLON T_IDENTIFIER T_ASSIGN T_IDENTIFIER T_BITAND T_INTEGER_LITERAL T_SEMICOLON T_IDENTIFIER T_ASSIGN T_IDENTIFIER T_BITOR T_INTEGER_LITERAL T_SEMICOLON T_IDENTIFIER T_ASSIGN T_IDENTIFIER T_BITXOR T_INTEGER_LITERAL T_SEMICOLON T_IDENTIFIER T_ASSIGN T_BITNOT T_IDENTIFIER T_SEMICOLON T_INT T_IDENTIFIER T_ASSIGN T_IDENTIFIER T_LEFT_PAREN T_IDENTIFIER T_COMMA T_IDENTIFIER T_RIGHT_PAREN T_SEMICOLON T_LEFT_BRACE T_INT T_IDENTIFIER T_ASSIGN T_INTEGER_LITERAL T_SEMICOLON T_IDENTIFIER T_ASSIGN T_IDENTIFIER T_PLUS T_INTEGER_LITERAL T_SEMICOLON T_RIGHT_BRACE T_RETURN T_INTEGER_LITERAL T_SEMICOLON T_RIGHT_BRACE T_EOF 

State Stack: 0 8 8 9 16 18 23 50 118 118 118 118 118 118 118 118 118 108 206 296 386 441 109 
Symbol Stack: declaration declaration type_specifier T_IDENTIFIER T_LEFT_PAREN T_RIGHT_PAREN T_LEFT_BRACE statement statement statement statement statement statement statement statement statement T_IF T_LEFT_PAREN expression T_RIGHT_PAREN T_LEFT_BRACE statement_list 
Input Stack: T_RIGHT_BRACE T_ELSE T_IF T_LEFT_PAREN T_IDENTIFIER T_LESS T_IDENTIFIER T_RIGHT_PAREN T_LEFT_BRACE T_IDENTIFIER T_ASSIGN T_IDENTIFIER T_PLUS T_INTEGER_LITERAL T_SEMICOLON T_RIGHT_BRACE T_ELSE T_LEFT_BRACE T_IDENTIFIER T_ASSIGN T_INTEGER_LITERAL T_SEMICOLON T_RIGHT_BRACE T_WHILE T_LEFT_PAREN T_IDENTIFIER T_GREATER T_INTEGER_LITERAL T_RIGHT_PAREN T_LEFT_BRACE T_IDENTIFIER T_DECREMENT T_SEMICOLON T_RIGHT_BRACE T_FOR T_LEFT_PAREN T_IDENTIFIER T_ASSIGN T_INTEGER_LITERAL T_SEMICOLON T_IDENTIFIER T_LESS T_INTEGER_LITERAL T_SEMICOLON T_IDENTIFIER T_INCREMENT T_RIGHT_PAREN T_LEFT_BRACE T_IDENTIFIER T_ASSIGN T_IDENTIFIER T_PLUS T_IDENTIFIER T_SEMICOLON T_RIGHT_BRACE T_FOR T_LEFT_PAREN T_IDENTIFIER T_ASSIGN T_INTEGER_LITERAL T_SEMICOLON T_IDENTIFIER T_LESS T_INTEGER_LITERAL T_SEMICOLON T_IDENTIFIER T_INCREMENT T_RIGHT_PAREN T_LEFT_BRACE T_IDENTIFIER T_LEFT_SQUARE T_IDENTIFIER T_RIGHT_SQUARE T_ASSIGN T_IDENTIFIER T_SEMICOLON T_RIGHT_BRACE T_IDENTIFIER T_ASSIGN T_NOT T_IDENTIFIER T_SEMICOLON T_IDENTIFIER T_ASSIGN T_IDENTIFIER T_MOD T_INTEGER_LITERAL T_SEMICOLON T_IDENTIFIER T_ASSIGN T_IDENTIFIER T_BITAND T_INTEGER_LITERAL T_SEMICOLON T_IDENTIFIER T_ASSIGN T_IDENTIFIER T_BITOR T_INTEGER_LITERAL T_SEMICOLON T_IDENTIFIER T_ASSIGN T_IDENTIFIER T_BITXOR T_INTEGER_LITERAL T_SEMICOLON T_IDENTIFIER T_ASSIGN T_BITNOT T_IDENTIFIER T_SEMICOLON T_INT T_IDENTIFIER T_ASSIGN T_IDENTIFIER T_LEFT_PAREN T_IDENTIFIER T_COMMA T_IDENTIFIER T_RIGHT_PAREN T_SEMICOLON T_LEFT_BRACE T_INT T_IDENTIFIER T_ASSIGN T_INTEGER_LITERAL T_SEMICOLON T_IDENTIFIER T_ASSIGN T_IDENTIFIER T_PLUS T_INTEGER_LITERAL T_SEMICOLON T_RIGHT_BRACE T_RETURN T_INTEGER_LITERAL T_SEMICOLON T_RIGHT_BRACE T_EOF 

State Stack: 0 8 8 9 16 18 23 50 118 118 118 118 118 118 118 118 118 108 206 296 386 441 481 
Symbol Stack: declaration declaration type_specifier T_IDENTIFIER T_LEFT_PAREN T_RIGHT_PAREN T_LEFT_BRACE statement statement statement statement statement statement statement statement statement T_IF T_LEFT_PAREN expression T_RIGHT_PAREN T_LEFT_BRACE block_items 
Input Stack: T_RIGHT_BRACE T_ELSE T_IF T_LEFT_PAREN T_IDENTIFIER T_LESS T_IDENTIFIER T_RIGHT_PAREN T_LEFT_BRACE T_IDENTIFIER T_ASSIGN T_IDENTIFIER T_PLUS T_INTEGER_LITERAL T_SEMICOLON T_RIGHT_BRACE T_ELSE T_LEFT_BRACE T_IDENTIFIER T_ASSIGN T_INTEGER_LITERAL T_SEMICOLON T_RIGHT_BRACE T_WHILE T_LEFT_PAREN T_IDENTIFIER T_GREATER T_INTEGER_LITERAL T_RIGHT_PAREN T_LEFT_BRACE T_IDENTIFIER T_DECREMENT T_SEMICOLON T_RIGHT_BRACE T_FOR T_LEFT_PAREN T_IDENTIFIER T_ASSIGN T_INTEGER_LITERAL T_SEMICOLON T_IDENTIFIER T_LESS T_INTEGER_LITERAL T_SEMICOLON T_IDENTIFIER T_INCREMENT T_RIGHT_PAREN T_LEFT_BRACE T_IDENTIFIER T_ASSIGN T_IDENTIFIER T_PLUS T_IDENTIFIER T_SEMICOLON T_RIGHT_BRACE T_FOR T_LEFT_PAREN T_IDENTIFIER T_ASSIGN T_INTEGER_LITERAL T_SEMICOLON T_IDENTIFIER T_LESS T_INTEGER_LITERAL T_SEMICOLON T_IDENTIFIER T_INCREMENT T_RIGHT_PAREN T_LEFT_BRACE T_IDENTIFIER T_LEFT_SQUARE T_IDENTIFIER T_RIGHT_SQUARE T_ASSIGN T_IDENTIFIER T_SEMICOLON T_RIGHT_BRACE T_IDENTIFIER T_ASSIGN T_NOT T_IDENTIFIER T_SEMICOLON T_IDENTIFIER T_ASSIGN T_IDENTIFIER T_MOD T_INTEGER_LITERAL T_SEMICOLON T_IDENTIFIER T_ASSIGN T_IDENTIFIER T_BITAND T_INTEGER_LITERAL T_SEMICOLON T_IDENTIFIER T_ASSIGN T_IDENTIFIER T_BITOR T_INTEGER_LITERAL T_SEMICOLON T_IDENTIFIER T_ASSIGN T_IDENTIFIER T_BITXOR T_INTEGER_LITERAL T_SEMICOLON T_IDENTIFIER T_ASSIGN T_BITNOT T_IDENTIFIER T_SEMICOLON T_INT T_IDENTIFIER T_ASSIGN T_IDENTIFIER T_LEFT_PAREN T_IDENTIFIER T_COMMA T_IDENTIFIER T_RIGHT_PAREN T_SEMICOLON T_LEFT_BRACE T_INT T_IDENTIFIER T_ASSIGN T_INTEGER_LITERAL T_SEMICOLON T_IDENTIFIER T_ASSIGN T_IDENTIFIER T_PLUS T_INTEGER_LITERAL T_SEMICOLON T_RIGHT_BRACE T_RETURN T_INTEGER_LITERAL T_SEMICOLON T_RIGHT_BRACE T_EOF 

State Stack: 0 8 8 9 16 18 23 50 118 118 118 118 118 118 118 118 118 108 206 296 386 441 481 501 
Symbol Stack: declaration declaration type_specifier T_IDENTIFIER T_LEFT_PAREN T_RIGHT_PAREN T_LEFT_BRACE statement statement statement statement statement statement statement statement statement T_IF T_LEFT_PAREN expression T_RIGHT_PAREN T_LEFT_BRACE block_items T_RIGHT_BRACE 
Input Stack: T_ELSE T_IF T_LEFT_PAREN T_IDENTIFIER T_LESS T_IDENTIFIER T_RIGHT_PAREN T_LEFT_BRACE T_IDENTIFIER T_ASSIGN T_IDENTIFIER T_PLUS T_INTEGER_LITERAL T_SEMICOLON T_RIGHT_BRACE T_ELSE T_LEFT_BRACE T_IDENTIFIER T_ASSIGN T_INTEGER_LITERAL T_SEMICOLON T_RIGHT_BRACE T_WHILE T_LEFT_PAREN T_IDENTIFIER T_GREATER T_INTEGER_LITERAL T_RIGHT_PAREN T_LEFT_BRACE T_IDENTIFIER T_DECREMENT T_SEMICOLON T_RIGHT_BRACE T_FOR T_LEFT_PAREN T_IDENTIFIER T_ASSIGN T_INTEGER_LITERAL T_SEMICOLON T_IDENTIFIER T_LESS T_INTEGER_LITERAL T_SEMICOLON T_IDENTIFIER T_INCREMENT T_RIGHT_PAREN T_LEFT_BRACE T_IDENTIFIER T_ASSIGN T_IDENTIFIER T_PLUS T_IDENTIFIER T_SEMICOLON T_RIGHT_BRACE T_FOR T_LEFT_PAREN T_IDENTIFIER T_ASSIGN T_INTEGER_LITERAL T_SEMICOLON T_IDENTIFIER T_LESS T_INTEGER_LITERAL T_SEMICOLON T_IDENTIFIER T_INCREMENT T_RIGHT_PAREN T_LEFT_BRACE T_IDENTIFIER T_LEFT_SQUARE T_IDENTIFIER T_RIGHT_SQUARE T_ASSIGN T_IDENTIFIER T_SEMICOLON T_RIGHT_BRACE T_IDENTIFIER T_ASSIGN T_NOT T_IDENTIFIER T_SEMICOLON T_IDENTIFIER T_ASSIGN T_IDENTIFIER T_MOD T_INTEGER_LITERAL T_SEMICOLON T_IDENTIFIER T_ASSIGN T_IDENTIFIER T_BITAND T_INTEGER_LITERAL T_SEMICOLON T_IDENTIFIER T_ASSIGN T_IDENTIFIER T_BITOR T_INTEGER_LITERAL T_SEMICOLON T_IDENTIFIER T_ASSIGN T_IDENTIFIER T_BITXOR T_INTEGER_LITERAL T_SEMICOLON T_IDENTIFIER T_ASSIGN T_BITNOT T_IDENTIFIER T_SEMICOLON T_INT T_IDENTIFIER T_ASSIGN T_IDENTIFIER T_LEFT_PAREN T_IDENTIFIER T_COMMA T_IDENTIFIER T_RIGHT_PAREN T_SEMICOLON T_LEFT_BRACE T_INT T_IDENTIFIER T_ASSIGN T_INTEGER_LITERAL T_SEMICOLON T_IDENTIFIER T_ASSIGN T_IDENTIFIER T_PLUS T_INTEGER_LITERAL T_SEMICOLON T_RIGHT_BRACE T_RETURN T_INTEGER_LITERAL T_SEMICOLON T_RIGHT_BRACE T_EOF 

State Stack: 0 8 8 9 16 18 23 50 118 118 118 118 118 118 118 118 118 108 206 296 386 448 
Symbol Stack: declaration declaration type_specifier T_IDENTIFIER T_LEFT_PAREN T_RIGHT_PAREN T_LEFT_BRACE statement statement statement statement statement statement statement statement statement T_IF T_LEFT_PAREN expression T_RIGHT_PAREN compound_stmt 
Input Stack: T_ELSE T_IF T_LEFT_PAREN T_IDENTIFIER T_LESS T_IDENTIFIER T_RIGHT_PAREN T_LEFT_BRACE T_IDENTIFIER T_ASSIGN T_IDENTIFIER T_PLUS T_INTEGER_LITERAL T_SEMICOLON T_RIGHT_BRACE T_ELSE T_LEFT_BRACE T_IDENTIFIER T_ASSIGN T_INTEGER_LITERAL T_SEMICOLON T_RIGHT_BRACE T_WHILE T_LEFT_PAREN T_IDENTIFIER T_GREATER T_INTEGER_LITERAL T_RIGHT_PAREN T_LEFT_BRACE T_IDENTIFIER T_DECREMENT T_SEMICOLON T_RIGHT_BRACE T_FOR T_LEFT_PAREN T_IDENTIFIER T_ASSIGN T_INTEGER_LITERAL T_SEMICOLON T_IDENTIFIER T_LESS T_INTEGER_LITERAL T_SEMICOLON T_IDENTIFIER T_INCREMENT T_RIGHT_PAREN T_LEFT_BRACE T_IDENTIFIER T_ASSIGN T_IDENTIFIER T_PLUS T_IDENTIFIER T_SEMICOLON T_RIGHT_BRACE T_FOR T_LEFT_PAREN T_IDENTIFIER T_ASSIGN T_INTEGER_LITERAL T_SEMICOLON T_IDENTIFIER T_LESS T_INTEGER_LITERAL T_SEMICOLON T_IDENTIFIER T_INCREMENT T_RIGHT_PAREN T_LEFT_BRACE T_IDENTIFIER T_LEFT_SQUARE T_IDENTIFIER T_RIGHT_SQUARE T_ASSIGN T_IDENTIFIER T_SEMICOLON T_RIGHT_BRACE T_IDENTIFIER T_ASSIGN T_NOT T_IDENTIFIER T_SEMICOLON T_IDENTIFIER T_ASSIGN T_IDENTIFIER T_MOD T_INTEGER_LITERAL T_SEMICOLON T_IDENTIFIER T_ASSIGN T_IDENTIFIER T_BITAND T_INTEGER_LITERAL T_SEMICOLON T_IDENTIFIER T_ASSIGN T_IDENTIFIER T_BITOR T_INTEGER_LITERAL T_SEMICOLON T_IDENTIFIER T_ASSIGN T_IDENTIFIER T_BITXOR T_INTEGER_LITERAL T_SEMICOLON T_IDENTIFIER T_ASSIGN T_BITNOT T_IDENTIFIER T_SEMICOLON T_INT T_IDENTIFIER T_ASSIGN T_IDENTIFIER T_LEFT_PAREN T_IDENTIFIER T_COMMA T_IDENTIFIER T_RIGHT_PAREN T_SEMICOLON T_LEFT_BRACE T_INT T_IDENTIFIER T_ASSIGN T_INTEGER_LITERAL T_SEMICOLON T_IDENTIFIER T_ASSIGN T_IDENTIFIER T_PLUS T_INTEGER_LITERAL T_SEMICOLON T_RIGHT_BRACE T_RETURN T_INTEGER_LITERAL T_SEMICOLON T_RIGHT_BRACE T_EOF 

State Stack: 0 8 8 9 16 18 23 50 118 118 118 118 118 118 118 118 118 108 206 296 386 447 
Symbol Stack: declaration declaration type_specifier T_IDENTIFIER T_LEFT_PAREN T_RIGHT_PAREN T_LEFT_BRACE statement statement statement statement statement statement statement statement statement T_IF T_LEFT_PAREN expression T_RIGHT_PAREN statement 
Input Stack: T_ELSE T_IF T_LEFT_PAREN T_IDENTIFIER T_LESS T_IDENTIFIER T_RIGHT_PAREN T_LEFT_BRACE T_IDENTIFIER T_ASSIGN T_IDENTIFIER T_PLUS T_INTEGER_LITERAL T_SEMICOLON T_RIGHT_BRACE T_ELSE T_LEFT_BRACE T_IDENTIFIER T_ASSIGN T_INTEGER_LITERAL T_SEMICOLON T_RIGHT_BRACE T_WHILE T_LEFT_PAREN T_IDENTIFIER T_GREATER T_INTEGER_LITERAL T_RIGHT_PAREN T_LEFT_BRACE T_IDENTIFIER T_DECREMENT T_SEMICOLON T_RIGHT_BRACE T_FOR T_LEFT_PAREN T_IDENTIFIER T_ASSIGN T_INTEGER_LITERAL T_SEMICOLON T_IDENTIFIER T_LESS T_INTEGER_LITERAL T_SEMICOLON T_IDENTIFIER T_INCREMENT T_RIGHT_PAREN T_LEFT_BRACE T_IDENTIFIER T_ASSIGN T_IDENTIFIER T_PLUS T_IDENTIFIER T_SEMICOLON T_RIGHT_BRACE T_FOR T_LEFT_PAREN T_IDENTIFIER T_ASSIGN T_INTEGER_LITERAL T_SEMICOLON T_IDENTIFIER T_LESS T_INTEGER_LITERAL T_SEMICOLON T_IDENTIFIER T_INCREMENT T_RIGHT_PAREN T_LEFT_BRACE T_IDENTIFIER T_LEFT_SQUARE T_IDENTIFIER T_RIGHT_SQUARE T_ASSIGN T_IDENTIFIER T_SEMICOLON T_RIGHT_BRACE T_IDENTIFIER T_ASSIGN T_NOT T_IDENTIFIER T_SEMICOLON T_IDENTIFIER T_ASSIGN T_IDENTIFIER T_MOD T_INTEGER_LITERAL T_SEMICOLON T_IDENTIFIER T_ASSIGN T_IDENTIFIER T_BITAND T_INTEGER_LITERAL T_SEMICOLON T_IDENTIFIER T_ASSIGN T_IDENTIFIER T_BITOR T_INTEGER_LITERAL T_SEMICOLON T_IDENTIFIER T_ASSIGN T_IDENTIFIER T_BITXOR T_INTEGER_LITERAL T_SEMICOLON T_IDENTIFIER T_ASSIGN T_BITNOT T_IDENTIFIER T_SEMICOLON T_INT T_IDENTIFIER T_ASSIGN T_IDENTIFIER T_LEFT_PAREN T_IDENTIFIER T_COMMA T_IDENTIFIER T_RIGHT_PAREN T_SEMICOLON T_LEFT_BRACE T_INT T_IDENTIFIER T_ASSIGN T_INTEGER_LITERAL T_SEMICOLON T_IDENTIFIER T_ASSIGN T_IDENTIFIER T_PLUS T_INTEGER_LITERAL T_SEMICOLON T_RIGHT_BRACE T_RETURN T_INTEGER_LITERAL T_SEMICOLON T_RIGHT_BRACE T_EOF 

State Stack: 0 8 8 9 16 18 23 50 118 118 118 118 118 118 118 118 118 108 206 296 386 447 488 
Symbol Stack: declaration declaration type_specifier T_IDENTIFIER T_LEFT_PAREN T_RIGHT_PAREN T_LEFT_BRACE statement statement statement statement statement statement statement statement statement T_IF T_LEFT_PAREN expression T_RIGHT_PAREN statement T_ELSE 
Input Stack: T_IF T_LEFT_PAREN T_IDENTIFIER T_LESS T_IDENTIFIER T_RIGHT_PAREN T_LEFT_BRACE T_IDENTIFIER T_ASSIGN T_IDENTIFIER T_PLUS T_INTEGER_LITERAL T_SEMICOLON T_RIGHT_BRACE T_ELSE T_LEFT_BRACE T_IDENTIFIER T_ASSIGN T_INTEGER_LITERAL T_SEMICOLON T_RIGHT_BRACE T_WHILE T_LEFT_PAREN T_IDENTIFIER T_GREATER T_INTEGER_LITERAL T_RIGHT_PAREN T_LEFT_BRACE T_IDENTIFIER T_DECREMENT T_SEMICOLON T_RIGHT_BRACE T_FOR T_LEFT_PAREN T_IDENTIFIER T_ASSIGN T_INTEGER_LITERAL T_SEMICOLON T_IDENTIFIER T_LESS T_INTEGER_LITERAL T_SEMICOLON T_IDENTIFIER T_INCREMENT T_RIGHT_PAREN T_LEFT_BRACE T_IDENTIFIER T_ASSIGN T_IDENTIFIER T_PLUS T_IDENTIFIER T_SEMICOLON T_RIGHT_BRACE T_FOR T_LEFT_PAREN T_IDENTIFIER T_ASSIGN T_INTEGER_LITERAL T_SEMICOLON T_IDENTIFIER T_LESS T_INTEGER_LITERAL T_SEMICOLON T_IDENTIFIER T_INCREMENT T_RIGHT_PAREN T_LEFT_BRACE T_IDENTIFIER T_LEFT_SQUARE T_IDENTIFIER T_RIGHT_SQUARE T_ASSIGN T_IDENTIFIER T_SEMICOLON T_RIGHT_BRACE T_IDENTIFIER T_ASSIGN T_NOT T_IDENTIFIER T_SEMICOLON T_IDENTIFIER T_ASSIGN T_IDENTIFIER T_MOD T_INTEGER_LITERAL T_SEMICOLON T_IDENTIFIER T_ASSIGN T_IDENTIFIER T_BITAND T_INTEGER_LITERAL T_SEMICOLON T_IDENTIFIER T_ASSIGN T_IDENTIFIER T_BITOR T_INTEGER_LITERAL T_SEMICOLON T_IDENTIFIER T_ASSIGN T_IDENTIFIER T_BITXOR T_INTEGER_LITERAL T_SEMICOLON T_IDENTIFIER T_ASSIGN T_BITNOT T_IDENTIFIER T_SEMICOLON T_INT T_IDENTIFIER T_ASSIGN T_IDENTIFIER T_LEFT_PAREN T_IDENTIFIER T_COMMA T_IDENTIFIER T_RIGHT_PAREN T_SEMICOLON T_LEFT_BRACE T_INT T_IDENTIFIER T_ASSIGN T_INTEGER_LITERAL T_SEMICOLON T_IDENTIFIER T_ASSIGN T_IDENTIFIER T_PLUS T_INTEGER_LITERAL T_SEMICOLON T_RIGHT_BRACE T_RETURN T_INTEGER_LITERAL T_SEMICOLON T_RIGHT_BRACE T_EOF 

State Stack: 0 8 8 9 16 18 23 50 118 118 118 118 118 118 118 118 118 108 206 296 386 447 488 108 
Symbol Stack: declaration declaration type_specifier T_IDENTIFIER T_LEFT_PAREN T_RIGHT_PAREN T_LEFT_BRACE statement statement statement statement statement statement statement statement statement T_IF T_LEFT_PAREN expression T_RIGHT_PAREN statement T_ELSE T_IF 
Input Stack: T_LEFT_PAREN T_IDENTIFIER T_LESS T_IDENTIFIER T_RIGHT_PAREN T_LEFT_BRACE T_IDENTIFIER T_ASSIGN T_IDENTIFIER T_PLUS T_INTEGER_LITERAL T_SEMICOLON T_RIGHT_BRACE T_ELSE T_LEFT_BRACE T_IDENTIFIER T_ASSIGN T_INTEGER_LITERAL T_SEMICOLON T_RIGHT_BRACE T_WHILE T_LEFT_PAREN T_IDENTIFIER T_GREATER T_INTEGER_LITERAL T_RIGHT_PAREN T_LEFT_BRACE T_IDENTIFIER T_DECREMENT T_SEMICOLON T_RIGHT_BRACE T_FOR T_LEFT_PAREN T_IDENTIFIER T_ASSIGN T_INTEGER_LITERAL T_SEMICOLON T_IDENTIFIER T_LESS T_INTEGER_LITERAL T_SEMICOLON T_IDENTIFIER T_INCREMENT T_RIGHT_PAREN T_LEFT_BRACE T_IDENTIFIER T_ASSIGN T_IDENTIFIER T_PLUS T_IDENTIFIER T_SEMICOLON T_RIGHT_BRACE T_FOR T_LEFT_PAREN T_IDENTIFIER T_ASSIGN T_INTEGER_LITERAL T_SEMICOLON T_IDENTIFIER T_LESS T_INTEGER_LITERAL T_SEMICOLON T_IDENTIFIER T_INCREMENT T_RIGHT_PAREN T_LEFT_BRACE T_IDENTIFIER T_LEFT_SQUARE T_IDENTIFIER T_RIGHT_SQUARE T_ASSIGN T_IDENTIFIER T_SEMICOLON T_RIGHT_BRACE T_IDENTIFIER T_ASSIGN T_NOT T_IDENTIFIER T_SEMICOLON T_IDENTIFIER T_ASSIGN T_IDENTIFIER T_MOD T_INTEGER_LITERAL T_SEMICOLON T_IDENTIFIER T_ASSIGN T_IDENTIFIER T_BITAND T_INTEGER_LITERAL T_SEMICOLON T_IDENTIFIER T_ASSIGN T_IDENTIFIER T_BITOR T_INTEGER_LITERAL T_SEMICOLON T_IDENTIFIER T_ASSIGN T_IDENTIFIER T_BITXOR T_INTEGER_LITERAL T_SEMICOLON T_IDENTIFIER T_ASSIGN T_BITNOT T_IDENTIFIER T_SEMICOLON T_INT T_IDENTIFIER T_ASSIGN T_IDENTIFIER T_LEFT_PAREN T_IDENTIFIER T_COMMA T_IDENTIFIER T_RIGHT_PAREN T_SEMICOLON T_LEFT_BRACE T_INT T_IDENTIFIER T_ASSIGN T_INTEGER_LITERAL T_SEMICOLON T_IDENTIFIER T_ASSIGN T_IDENTIFIER T_PLUS T_INTEGER_LITERAL T_SEMICOLON T_RIGHT_BRACE T_RETURN T_INTEGER_LITERAL T_SEMICOLON T_RIGHT_BRACE T_EOF 

State Stack: 0 8 8 9 16 18 23 50 118 118 118 118 118 118 118 118 118 108 206 296 386 447 488 108 206 
Symbol Stack: declaration declaration type_specifier T_IDENTIFIER T_LEFT_PAREN T_RIGHT_PAREN T_LEFT_BRACE statement statement statement statement statement statement statement statement statement T_IF T_LEFT_PAREN expression T_RIGHT_PAREN statement T_ELSE T_IF T_LEFT_PAREN 
Input Stack: T_IDENTIFIER T_LESS T_IDENTIFIER T_RIGHT_PAREN T_LEFT_BRACE T_IDENTIFIER T_ASSIGN T_IDENTIFIER T_PLUS T_INTEGER_LITERAL T_SEMICOLON T_RIGHT_BRACE T_ELSE T_LEFT_BRACE T_IDENTIFIER T_ASSIGN T_INTEGER_LITERAL T_SEMICOLON T_RIGHT_BRACE T_WHILE T_LEFT_PAREN T_IDENTIFIER T_GREATER T_INTEGER_LITERAL T_RIGHT_PAREN T_LEFT_BRACE T_IDENTIFIER T_DECREMENT T_SEMICOLON T_RIGHT_BRACE T_FOR T_LEFT_PAREN T_IDENTIFIER T_ASSIGN T_INTEGER_LITERAL T_SEMICOLON T_IDENTIFIER T_LESS T_INTEGER_LITERAL T_SEMICOLON T_IDENTIFIER T_INCREMENT T_RIGHT_PAREN T_LEFT_BRACE T_IDENTIFIER T_ASSIGN T_IDENTIFIER T_PLUS T_IDENTIFIER T_SEMICOLON T_RIGHT_BRACE T_FOR T_LEFT_PAREN T_IDENTIFIER T_ASSIGN T_INTEGER_LITERAL T_SEMICOLON T_IDENTIFIER T_LESS T_INTEGER_LITERAL T_SEMICOLON T_IDENTIFIER T_INCREMENT T_RIGHT_PAREN T_LEFT_BRACE T_IDENTIFIER T_LEFT_SQUARE T_IDENTIFIER T_RIGHT_SQUARE T_ASSIGN T_IDENTIFIER T_SEMICOLON T_RIGHT_BRACE T_IDENTIFIER T_ASSIGN T_NOT T_IDENTIFIER T_SEMICOLON T_IDENTIFIER T_ASSIGN T_IDENTIFIER T_MOD T_INTEGER_LITERAL T_SEMICOLON T_IDENTIFIER T_ASSIGN T_IDENTIFIER T_BITAND T_INTEGER_LITERAL T_SEMICOLON T_IDENTIFIER T_ASSIGN T_IDENTIFIER T_BITOR T_INTEGER_LITERAL T_SEMICOLON T_IDENTIFIER T_ASSIGN T_IDENTIFIER T_BITXOR T_INTEGER_LITERAL T_SEMICOLON T_IDENTIFIER T_ASSIGN T_BITNOT T_IDENTIFIER T_SEMICOLON T_INT T_IDENTIFIER T_ASSIGN T_IDENTIFIER T_LEFT_PAREN T_IDENTIFIER T_COMMA T_IDENTIFIER T_RIGHT_PAREN T_SEMICOLON T_LEFT_BRACE T_INT T_IDENTIFIER T_ASSIGN T_INTEGER_LITERAL T_SEMICOLON T_IDENTIFIER T_ASSIGN T_IDENTIFIER T_PLUS T_INTEGER_LITERAL T_SEMICOLON T_RIGHT_BRACE T_RETURN T_INTEGER_LITERAL T_SEMICOLON T_RIGHT_BRACE T_EOF 

State Stack: 0 8 8 9 16 18 23 50 118 118 118 118 118 118 118 118 118 108 206 296 386 447 488 108 206 60 
Symbol Stack: declaration declaration type_specifier T_IDENTIFIER T_LEFT_PAREN T_RIGHT_PAREN T_LEFT_BRACE statement statement statement statement statement statement statement statement statement T_IF T_LEFT_PAREN expression T_RIGHT_PAREN statement T_ELSE T_IF T_LEFT_PAREN T_IDENTIFIER 
Input Stack: T_LESS T_IDENTIFIER T_RIGHT_PAREN T_LEFT_BRACE T_IDENTIFIER T_ASSIGN T_IDENTIFIER T_PLUS T_INTEGER_LITERAL T_SEMICOLON T_RIGHT_BRACE T_ELSE T_LEFT_BRACE T_IDENTIFIER T_ASSIGN T_INTEGER_LITERAL T_SEMICOLON T_RIGHT_BRACE T_WHILE T_LEFT_PAREN T_IDENTIFIER T_GREATER T_INTEGER_LITERAL T_RIGHT_PAREN T_LEFT_BRACE T_IDENTIFIER T_DECREMENT T_SEMICOLON T_RIGHT_BRACE T_FOR T_LEFT_PAREN T_IDENTIFIER T_ASSIGN T_INTEGER_LITERAL T_SEMICOLON T_IDENTIFIER T_LESS T_INTEGER_LITERAL T_SEMICOLON T_IDENTIFIER T_INCREMENT T_RIGHT_PAREN T_LEFT_BRACE T_IDENTIFIER T_ASSIGN T_IDENTIFIER T_PLUS T_IDENTIFIER T_SEMICOLON T_RIGHT_BRACE T_FOR T_LEFT_PAREN T_IDENTIFIER T_ASSIGN T_INTEGER_LITERAL T_SEMICOLON T_IDENTIFIER T_LESS T_INTEGER_LITERAL T_SEMICOLON T_IDENTIFIER T_INCREMENT T_RIGHT_PAREN T_LEFT_BRACE T_IDENTIFIER T_LEFT_SQUARE T_IDENTIFIER T_RIGHT_SQUARE T_ASSIGN T_IDENTIFIER T_SEMICOLON T_RIGHT_BRACE T_IDENTIFIER T_ASSIGN T_NOT T_IDENTIFIER T_SEMICOLON T_IDENTIFIER T_ASSIGN T_IDENTIFIER T_MOD T_INTEGER_LITERAL T_SEMICOLON T_IDENTIFIER T_ASSIGN T_IDENTIFIER T_BITAND T_INTEGER_LITERAL T_SEMICOLON T_IDENTIFIER T_ASSIGN T_IDENTIFIER T_BITOR T_INTEGER_LITERAL T_SEMICOLON T_IDENTIFIER T_ASSIGN T_IDENTIFIER T_BITXOR T_INTEGER_LITERAL T_SEMICOLON T_IDENTIFIER T_ASSIGN T_BITNOT T_IDENTIFIER T_SEMICOLON T_INT T_IDENTIFIER T_ASSIGN T_IDENTIFIER T_LEFT_PAREN T_IDENTIFIER T_COMMA T_IDENTIFIER T_RIGHT_PAREN T_SEMICOLON T_LEFT_BRACE T_INT T_IDENTIFIER T_ASSIGN T_INTEGER_LITERAL T_SEMICOLON T_IDENTIFIER T_ASSIGN T_IDENTIFIER T_PLUS T_INTEGER_LITERAL T_SEMICOLON T_RIGHT_BRACE T_RETURN T_INTEGER_LITERAL T_SEMICOLON T_RIGHT_BRACE T_EOF 

State Stack: 0 8 8 9 16 18 23 50 118 118 118 118 118 118 118 118 118 108 206 296 386 447 488 108 206 72 
Symbol Stack: declaration declaration type_specifier T_IDENTIFIER T_LEFT_PAREN T_RIGHT_PAREN T_LEFT_BRACE statement statement statement statement statement statement statement statement statement T_IF T_LEFT_PAREN expression T_RIGHT_PAREN statement T_ELSE T_IF T_LEFT_PAREN var 
Input Stack: T_LESS T_IDENTIFIER T_RIGHT_PAREN T_LEFT_BRACE T_IDENTIFIER T_ASSIGN T_IDENTIFIER T_PLUS T_INTEGER_LITERAL T_SEMICOLON T_RIGHT_BRACE T_ELSE T_LEFT_BRACE T_IDENTIFIER T_ASSIGN T_INTEGER_LITERAL T_SEMICOLON T_RIGHT_BRACE T_WHILE T_LEFT_PAREN T_IDENTIFIER T_GREATER T_INTEGER_LITERAL T_RIGHT_PAREN T_LEFT_BRACE T_IDENTIFIER T_DECREMENT T_SEMICOLON T_RIGHT_BRACE T_FOR T_LEFT_PAREN T_IDENTIFIER T_ASSIGN T_INTEGER_LITERAL T_SEMICOLON T_IDENTIFIER T_LESS T_INTEGER_LITERAL T_SEMICOLON T_IDENTIFIER T_INCREMENT T_RIGHT_PAREN T_LEFT_BRACE T_IDENTIFIER T_ASSIGN T_IDENTIFIER T_PLUS T_IDENTIFIER T_SEMICOLON T_RIGHT_BRACE T_FOR T_LEFT_PAREN T_IDENTIFIER T_ASSIGN T_INTEGER_LITERAL T_SEMICOLON T_IDENTIFIER T_LESS T_INTEGER_LITERAL T_SEMICOLON T_IDENTIFIER T_INCREMENT T_RIGHT_PAREN T_LEFT_BRACE T_IDENTIFIER T_LEFT_SQUARE T_IDENTIFIER T_RIGHT_SQUARE T_ASSIGN T_IDENTIFIER T_SEMICOLON T_RIGHT_BRACE T_IDENTIFIER T_ASSIGN T_NOT T_IDENTIFIER T_SEMICOLON T_IDENTIFIER T_ASSIGN T_IDENTIFIER T_MOD T_INTEGER_LITERAL T_SEMICOLON T_IDENTIFIER T_ASSIGN T_IDENTIFIER T_BITAND T_INTEGER_LITERAL T_SEMICOLON T_IDENTIFIER T_ASSIGN T_IDENTIFIER T_BITOR T_INTEGER_LITERAL T_SEMICOLON T_IDENTIFIER T_ASSIGN T_IDENTIFIER T_BITXOR T_INTEGER_LITERAL T_SEMICOLON T_IDENTIFIER T_ASSIGN T_BITNOT T_IDENTIFIER T_SEMICOLON T_INT T_IDENTIFIER T_ASSIGN T_IDENTIFIER T_LEFT_PAREN T_IDENTIFIER T_COMMA T_IDENTIFIER T_RIGHT_PAREN T_SEMICOLON T_LEFT_BRACE T_INT T_IDENTIFIER T_ASSIGN T_INTEGER_LITERAL T_SEMICOLON T_IDENTIFIER T_ASSIGN T_IDENTIFIER T_PLUS T_INTEGER_LITERAL T_SEMICOLON T_RIGHT_BRACE T_RETURN T_INTEGER_LITERAL T_SEMICOLON T_RIGHT_BRACE T_EOF 

State Stack: 0 8 8 9 16 18 23 50 118 118 118 118 118 118 118 118 118 108 206 296 386 447 488 108 206 76 
Symbol Stack: declaration declaration type_specifier T_IDENTIFIER T_LEFT_PAREN T_RIGHT_PAREN T_LEFT_BRACE statement statement statement statement statement statement statement statement statement T_IF T_LEFT_PAREN expression T_RIGHT_PAREN statement T_ELSE T_IF T_LEFT_PAREN factor 
Input Stack: T_LESS T_IDENTIFIER T_RIGHT_PAREN T_LEFT_BRACE T_IDENTIFIER T_ASSIGN T_IDENTIFIER T_PLUS T_INTEGER_LITERAL T_SEMICOLON T_RIGHT_BRACE T_ELSE T_LEFT_BRACE T_IDENTIFIER T_ASSIGN T_INTEGER_LITERAL T_SEMICOLON T_RIGHT_BRACE T_WHILE T_LEFT_PAREN T_IDENTIFIER T_GREATER T_INTEGER_LITERAL T_RIGHT_PAREN T_LEFT_BRACE T_IDENTIFIER T_DECREMENT T_SEMICOLON T_RIGHT_BRACE T_FOR T_LEFT_PAREN T_IDENTIFIER T_ASSIGN T_INTEGER_LITERAL T_SEMICOLON T_IDENTIFIER T_LESS T_INTEGER_LITERAL T_SEMICOLON T_IDENTIFIER T_INCREMENT T_RIGHT_PAREN T_LEFT_BRACE T_IDENTIFIER T_ASSIGN T_IDENTIFIER T_PLUS T_IDENTIFIER T_SEMICOLON T_RIGHT_BRACE T_FOR T_LEFT_PAREN T_IDENTIFIER T_ASSIGN T_INTEGER_LITERAL T_SEMICOLON T_IDENTIFIER T_LESS T_INTEGER_LITERAL T_SEMICOLON T_IDENTIFIER T_INCREMENT T_RIGHT_PAREN T_LEFT_BRACE T_IDENTIFIER T_LEFT_SQUARE T_IDENTIFIER T_RIGHT_SQUARE T_ASSIGN T_IDENTIFIER T_SEMICOLON T_RIGHT_BRACE T_IDENTIFIER T_ASSIGN T_NOT T_IDENTIFIER T_SEMICOLON T_IDENTIFIER T_ASSIGN T_IDENTIFIER T_MOD T_INTEGER_LITERAL T_SEMICOLON T_IDENTIFIER T_ASSIGN T_IDENTIFIER T_BITAND T_INTEGER_LITERAL T_SEMICOLON T_IDENTIFIER T_ASSIGN T_IDENTIFIER T_BITOR T_INTEGER_LITERAL T_SEMICOLON T_IDENTIFIER T_ASSIGN T_IDENTIFIER T_BITXOR T_INTEGER_LITERAL T_SEMICOLON T_IDENTIFIER T_ASSIGN T_BITNOT T_IDENTIFIER T_SEMICOLON T_INT T_IDENTIFIER T_ASSIGN T_IDENTIFIER T_LEFT_PAREN T_IDENTIFIER T_COMMA T_IDENTIFIER T_RIGHT_PAREN T_SEMICOLON T_LEFT_BRACE T_INT T_IDENTIFIER T_ASSIGN T_INTEGER_LITERAL T_SEMICOLON T_IDENTIFIER T_ASSIGN T_IDENTIFIER T_PLUS T_INTEGER_LITERAL T_SEMICOLON T_RIGHT_BRACE T_RETURN T_INTEGER_LITERAL T_SEMICOLON T_RIGHT_BRACE T_EOF 

State Stack: 0 8 8 9 16 18 23 50 118 118 118 118 118 118 118 118 118 108 206 296 386 447 488 108 206 69 
Symbol Stack: declaration declaration type_specifier T_IDENTIFIER T_LEFT_PAREN T_RIGHT_PAREN T_LEFT_BRACE statement statement statement statement statement statement statement statement statement T_IF T_LEFT_PAREN expression T_RIGHT_PAREN statement T_ELSE T_IF T_LEFT_PAREN term 
Input Stack: T_LESS T_IDENTIFIER T_RIGHT_PAREN T_LEFT_BRACE T_IDENTIFIER T_ASSIGN T_IDENTIFIER T_PLUS T_INTEGER_LITERAL T_SEMICOLON T_RIGHT_BRACE T_ELSE T_LEFT_BRACE T_IDENTIFIER T_ASSIGN T_INTEGER_LITERAL T_SEMICOLON T_RIGHT_BRACE T_WHILE T_LEFT_PAREN T_IDENTIFIER T_GREATER T_INTEGER_LITERAL T_RIGHT_PAREN T_LEFT_BRACE T_IDENTIFIER T_DECREMENT T_SEMICOLON T_RIGHT_BRACE T_FOR T_LEFT_PAREN T_IDENTIFIER T_ASSIGN T_INTEGER_LITERAL T_SEMICOLON T_IDENTIFIER T_LESS T_INTEGER_LITERAL T_SEMICOLON T_IDENTIFIER T_INCREMENT T_RIGHT_PAREN T_LEFT_BRACE T_IDENTIFIER T_ASSIGN T_IDENTIFIER T_PLUS T_IDENTIFIER T_SEMICOLON T_RIGHT_BRACE T_FOR T_LEFT_PAREN T_IDENTIFIER T_ASSIGN T_INTEGER_LITERAL T_SEMICOLON T_IDENTIFIER T_LESS T_INTEGER_LITERAL T_SEMICOLON T_IDENTIFIER T_INCREMENT T_RIGHT_PAREN T_LEFT_BRACE T_IDENTIFIER T_LEFT_SQUARE T_IDENTIFIER T_RIGHT_SQUARE T_ASSIGN T_IDENTIFIER T_SEMICOLON T_RIGHT_BRACE T_IDENTIFIER T_ASSIGN T_NOT T_IDENTIFIER T_SEMICOLON T_IDENTIFIER T_ASSIGN T_IDENTIFIER T_MOD T_INTEGER_LITERAL T_SEMICOLON T_IDENTIFIER T_ASSIGN T_IDENTIFIER T_BITAND T_INTEGER_LITERAL T_SEMICOLON T_IDENTIFIER T_ASSIGN T_IDENTIFIER T_BITOR T_INTEGER_LITERAL T_SEMICOLON T_IDENTIFIER T_ASSIGN T_IDENTIFIER T_BITXOR T_INTEGER_LITERAL T_SEMICOLON T_IDENTIFIER T_ASSIGN T_BITNOT T_IDENTIFIER T_SEMICOLON T_INT T_IDENTIFIER T_ASSIGN T_IDENTIFIER T_LEFT_PAREN T_IDENTIFIER T_COMMA T_IDENTIFIER T_RIGHT_PAREN T_SEMICOLON T_LEFT_BRACE T_INT T_IDENTIFIER T_ASSIGN T_INTEGER_LITERAL T_SEMICOLON T_IDENTIFIER T_ASSIGN T_IDENTIFIER T_PLUS T_INTEGER_LITERAL T_SEMICOLON T_RIGHT_BRACE T_RETURN T_INTEGER_LITERAL T_SEMICOLON T_RIGHT_BRACE T_EOF 

State Stack: 0 8 8 9 16 18 23 50 118 118 118 118 118 118 118 118 118 108 206 296 386 447 488 108 206 68 
Symbol Stack: declaration declaration type_specifier T_IDENTIFIER T_LEFT_PAREN T_RIGHT_PAREN T_LEFT_BRACE statement statement statement statement statement statement statement statement statement T_IF T_LEFT_PAREN expression T_RIGHT_PAREN statement T_ELSE T_IF T_LEFT_PAREN additive_expression 
Input Stack: T_LESS T_IDENTIFIER T_RIGHT_PAREN T_LEFT_BRACE T_IDENTIFIER T_ASSIGN T_IDENTIFIER T_PLUS T_INTEGER_LITERAL T_SEMICOLON T_RIGHT_BRACE T_ELSE T_LEFT_BRACE T_IDENTIFIER T_ASSIGN T_INTEGER_LITERAL T_SEMICOLON T_RIGHT_BRACE T_WHILE T_LEFT_PAREN T_IDENTIFIER T_GREATER T_INTEGER_LITERAL T_RIGHT_PAREN T_LEFT_BRACE T_IDENTIFIER T_DECREMENT T_SEMICOLON T_RIGHT_BRACE T_FOR T_LEFT_PAREN T_IDENTIFIER T_ASSIGN T_INTEGER_LITERAL T_SEMICOLON T_IDENTIFIER T_LESS T_INTEGER_LITERAL T_SEMICOLON T_IDENTIFIER T_INCREMENT T_RIGHT_PAREN T_LEFT_BRACE T_IDENTIFIER T_ASSIGN T_IDENTIFIER T_PLUS T_IDENTIFIER T_SEMICOLON T_RIGHT_BRACE T_FOR T_LEFT_PAREN T_IDENTIFIER T_ASSIGN T_INTEGER_LITERAL T_SEMICOLON T_IDENTIFIER T_LESS T_INTEGER_LITERAL T_SEMICOLON T_IDENTIFIER T_INCREMENT T_RIGHT_PAREN T_LEFT_BRACE T_IDENTIFIER T_LEFT_SQUARE T_IDENTIFIER T_RIGHT_SQUARE T_ASSIGN T_IDENTIFIER T_SEMICOLON T_RIGHT_BRACE T_IDENTIFIER T_ASSIGN T_NOT T_IDENTIFIER T_SEMICOLON T_IDENTIFIER T_ASSIGN T_IDENTIFIER T_MOD T_INTEGER_LITERAL T_SEMICOLON T_IDENTIFIER T_ASSIGN T_IDENTIFIER T_BITAND T_INTEGER_LITERAL T_SEMICOLON T_IDENTIFIER T_ASSIGN T_IDENTIFIER T_BITOR T_INTEGER_LITERAL T_SEMICOLON T_IDENTIFIER T_ASSIGN T_IDENTIFIER T_BITXOR T_INTEGER_LITERAL T_SEMICOLON T_IDENTIFIER T_ASSIGN T_BITNOT T_IDENTIFIER T_SEMICOLON T_INT T_IDENTIFIER T_ASSIGN T_IDENTIFIER T_LEFT_PAREN T_IDENTIFIER T_COMMA T_IDENTIFIER T_RIGHT_PAREN T_SEMICOLON T_LEFT_BRACE T_INT T_IDENTIFIER T_ASSIGN T_INTEGER_LITERAL T_SEMICOLON T_IDENTIFIER T_ASSIGN T_IDENTIFIER T_PLUS T_INTEGER_LITERAL T_SEMICOLON T_RIGHT_BRACE T_RETURN T_INTEGER_LITERAL T_SEMICOLON T_RIGHT_BRACE T_EOF 

State Stack: 0 8 8 9 16 18 23 50 118 118 118 118 118 118 118 118 118 108 206 296 386 447 488 108 206 68 83 
Symbol Stack: declaration declaration type_specifier T_IDENTIFIER T_LEFT_PAREN T_RIGHT_PAREN T_LEFT_BRACE statement statement statement statement statement statement statement statement statement T_IF T_LEFT_PAREN expression T_RIGHT_PAREN statement T_ELSE T_IF T_LEFT_PAREN additive_expression T_LESS 
Input Stack: T_IDENTIFIER T_RIGHT_PAREN T_LEFT_BRACE T_IDENTIFIER T_ASSIGN T_IDENTIFIER T_PLUS T_INTEGER_LITERAL T_SEMICOLON T_RIGHT_BRACE T_ELSE T_LEFT_BRACE T_IDENTIFIER T_ASSIGN T_INTEGER_LITERAL T_SEMICOLON T_RIGHT_BRACE T_WHILE T_LEFT_PAREN T_IDENTIFIER T_GREATER T_INTEGER_LITERAL T_RIGHT_PAREN T_LEFT_BRACE T_IDENTIFIER T_DECREMENT T_SEMICOLON T_RIGHT_BRACE T_FOR T_LEFT_PAREN T_IDENTIFIER T_ASSIGN T_INTEGER_LITERAL T_SEMICOLON T_IDENTIFIER T_LESS T_INTEGER_LITERAL T_SEMICOLON T_IDENTIFIER T_INCREMENT T_RIGHT_PAREN T_LEFT_BRACE T_IDENTIFIER T_ASSIGN T_IDENTIFIER T_PLUS T_IDENTIFIER T_SEMICOLON T_RIGHT_BRACE T_FOR T_LEFT_PAREN T_IDENTIFIER T_ASSIGN T_INTEGER_LITERAL T_SEMICOLON T_IDENTIFIER T_LESS T_INTEGER_LITERAL T_SEMICOLON T_IDENTIFIER T_INCREMENT T_RIGHT_PAREN T_LEFT_BRACE T_IDENTIFIER T_LEFT_SQUARE T_IDENTIFIER T_RIGHT_SQUARE T_ASSIGN T_IDENTIFIER T_SEMICOLON T_RIGHT_BRACE T_IDENTIFIER T_ASSIGN T_NOT T_IDENTIFIER T_SEMICOLON T_IDENTIFIER T_ASSIGN T_IDENTIFIER T_MOD T_INTEGER_LITERAL T_SEMICOLON T_IDENTIFIER T_ASSIGN T_IDENTIFIER T_BITAND T_INTEGER_LITERAL T_SEMICOLON T_IDENTIFIER T_ASSIGN T_IDENTIFIER T_BITOR T_INTEGER_LITERAL T_SEMICOLON T_IDENTIFIER T_ASSIGN T_IDENTIFIER T_BITXOR T_INTEGER_LITERAL T_SEMICOLON T_IDENTIFIER T_ASSIGN T_BITNOT T_IDENTIFIER T_SEMICOLON T_INT T_IDENTIFIER T_ASSIGN T_IDENTIFIER T_LEFT_PAREN T_IDENTIFIER T_COMMA T_IDENTIFIER T_RIGHT_PAREN T_SEMICOLON T_LEFT_BRACE T_INT T_IDENTIFIER T_ASSIGN T_INTEGER_LITERAL T_SEMICOLON T_IDENTIFIER T_ASSIGN T_IDENTIFIER T_PLUS T_INTEGER_LITERAL T_SEMICOLON T_RIGHT_BRACE T_RETURN T_INTEGER_LITERAL T_SEMICOLON T_RIGHT_BRACE T_EOF 

State Stack: 0 8 8 9 16 18 23 50 118 118 118 118 118 118 118 118 118 108 206 296 386 447 488 108 206 68 169 
Symbol Stack: declaration declaration type_specifier T_IDENTIFIER T_LEFT_PAREN T_RIGHT_PAREN T_LEFT_BRACE statement statement statement statement statement statement statement statement statement T_IF T_LEFT_PAREN expression T_RIGHT_PAREN statement T_ELSE T_IF T_LEFT_PAREN additive_expression relop 
Input Stack: T_IDENTIFIER T_RIGHT_PAREN T_LEFT_BRACE T_IDENTIFIER T_ASSIGN T_IDENTIFIER T_PLUS T_INTEGER_LITERAL T_SEMICOLON T_RIGHT_BRACE T_ELSE T_LEFT_BRACE T_IDENTIFIER T_ASSIGN T_INTEGER_LITERAL T_SEMICOLON T_RIGHT_BRACE T_WHILE T_LEFT_PAREN T_IDENTIFIER T_GREATER T_INTEGER_LITERAL T_RIGHT_PAREN T_LEFT_BRACE T_IDENTIFIER T_DECREMENT T_SEMICOLON T_RIGHT_BRACE T_FOR T_LEFT_PAREN T_IDENTIFIER T_ASSIGN T_INTEGER_LITERAL T_SEMICOLON T_IDENTIFIER T_LESS T_INTEGER_LITERAL T_SEMICOLON T_IDENTIFIER T_INCREMENT T_RIGHT_PAREN T_LEFT_BRACE T_IDENTIFIER T_ASSIGN T_IDENTIFIER T_PLUS T_IDENTIFIER T_SEMICOLON T_RIGHT_BRACE T_FOR T_LEFT_PAREN T_IDENTIFIER T_ASSIGN T_INTEGER_LITERAL T_SEMICOLON T_IDENTIFIER T_LESS T_INTEGER_LITERAL T_SEMICOLON T_IDENTIFIER T_INCREMENT T_RIGHT_PAREN T_LEFT_BRACE T_IDENTIFIER T_LEFT_SQUARE T_IDENTIFIER T_RIGHT_SQUARE T_ASSIGN T_IDENTIFIER T_SEMICOLON T_RIGHT_BRACE T_IDENTIFIER T_ASSIGN T_NOT T_IDENTIFIER T_SEMICOLON T_IDENTIFIER T_ASSIGN T_IDENTIFIER T_MOD T_INTEGER_LITERAL T_SEMICOLON T_IDENTIFIER T_ASSIGN T_IDENTIFIER T_BITAND T_INTEGER_LITERAL T_SEMICOLON T_IDENTIFIER T_ASSIGN T_IDENTIFIER T_BITOR T_INTEGER_LITERAL T_SEMICOLON T_IDENTIFIER T_ASSIGN T_IDENTIFIER T_BITXOR T_INTEGER_LITERAL T_SEMICOLON T_IDENTIFIER T_ASSIGN T_BITNOT T_IDENTIFIER T_SEMICOLON T_INT T_IDENTIFIER T_ASSIGN T_IDENTIFIER T_LEFT_PAREN T_IDENTIFIER T_COMMA T_IDENTIFIER T_RIGHT_PAREN T_SEMICOLON T_LEFT_BRACE T_INT T_IDENTIFIER T_ASSIGN T_INTEGER_LITERAL T_SEMICOLON T_IDENTIFIER T_ASSIGN T_IDENTIFIER T_PLUS T_INTEGER_LITERAL T_SEMICOLON T_RIGHT_BRACE T_RETURN T_INTEGER_LITERAL T_SEMICOLON T_RIGHT_BRACE T_EOF 

State Stack: 0 8 8 9 16 18 23 50 118 118 118 118 118 118 118 118 118 108 206 296 386 447 488 108 206 68 169 257 
Symbol Stack: declaration declaration type_specifier T_IDENTIFIER T_LEFT_PAREN T_RIGHT_PAREN T_LEFT_BRACE statement statement statement statement statement statement statement statement statement T_IF T_LEFT_PAREN expression T_RIGHT_PAREN statement T_ELSE T_IF T_LEFT_PAREN additive_expression relop T_IDENTIFIER 
Input Stack: T_RIGHT_PAREN T_LEFT_BRACE T_IDENTIFIER T_ASSIGN T_IDENTIFIER T_PLUS T_INTEGER_LITERAL T_SEMICOLON T_RIGHT_BRACE T_ELSE T_LEFT_BRACE T_IDENTIFIER T_ASSIGN T_INTEGER_LITERAL T_SEMICOLON T_RIGHT_BRACE T_WHILE T_LEFT_PAREN T_IDENTIFIER T_GREATER T_INTEGER_LITERAL T_RIGHT_PAREN T_LEFT_BRACE T_IDENTIFIER T_DECREMENT T_SEMICOLON T_RIGHT_BRACE T_FOR T_LEFT_PAREN T_IDENTIFIER T_ASSIGN T_INTEGER_LITERAL T_SEMICOLON T_IDENTIFIER T_LESS T_INTEGER_LITERAL T_SEMICOLON T_IDENTIFIER T_INCREMENT T_RIGHT_PAREN T_LEFT_BRACE T_IDENTIFIER T_ASSIGN T_IDENTIFIER T_PLUS T_IDENTIFIER T_SEMICOLON T_RIGHT_BRACE T_FOR T_LEFT_PAREN T_IDENTIFIER T_ASSIGN T_INTEGER_LITERAL T_SEMICOLON T_IDENTIFIER T_LESS T_INTEGER_LITERAL T_SEMICOLON T_IDENTIFIER T_INCREMENT T_RIGHT_PAREN T_LEFT_BRACE T_IDENTIFIER T_LEFT_SQUARE T_IDENTIFIER T_RIGHT_SQUARE T_ASSIGN T_IDENTIFIER T_SEMICOLON T_RIGHT_BRACE T_IDENTIFIER T_ASSIGN T_NOT T_IDENTIFIER T_SEMICOLON T_IDENTIFIER T_ASSIGN T_IDENTIFIER T_MOD T_INTEGER_LITERAL T_SEMICOLON T_IDENTIFIER T_ASSIGN T_IDENTIFIER T_BITAND T_INTEGER_LITERAL T_SEMICOLON T_IDENTIFIER T_ASSIGN T_IDENTIFIER T_BITOR T_INTEGER_LITERAL T_SEMICOLON T_IDENTIFIER T_ASSIGN T_IDENTIFIER T_BITXOR T_INTEGER_LITERAL T_SEMICOLON T_IDENTIFIER T_ASSIGN T_BITNOT T_IDENTIFIER T_SEMICOLON T_INT T_IDENTIFIER T_ASSIGN T_IDENTIFIER T_LEFT_PAREN T_IDENTIFIER T_COMMA T_IDENTIFIER T_RIGHT_PAREN T_SEMICOLON T_LEFT_BRACE T_INT T_IDENTIFIER T_ASSIGN T_INTEGER_LITERAL T_SEMICOLON T_IDENTIFIER T_ASSIGN T_IDENTIFIER T_PLUS T_INTEGER_LITERAL T_SEMICOLON T_RIGHT_BRACE T_RETURN T_INTEGER_LITERAL T_SEMICOLON T_RIGHT_BRACE T_EOF 

State Stack: 0 8 8 9 16 18 23 50 118 118 118 118 118 118 118 118 118 108 206 296 386 447 488 108 206 68 169 269 
Symbol Stack: declaration declaration type_specifier T_IDENTIFIER T_LEFT_PAREN T_RIGHT_PAREN T_LEFT_BRACE statement statement statement statement statement statement statement statement statement T_IF T_LEFT_PAREN expression T_RIGHT_PAREN statement T_ELSE T_IF T_LEFT_PAREN additive_expression relop var 
Input Stack: T_RIGHT_PAREN T_LEFT_BRACE T_IDENTIFIER T_ASSIGN T_IDENTIFIER T_PLUS T_INTEGER_LITERAL T_SEMICOLON T_RIGHT_BRACE T_ELSE T_LEFT_BRACE T_IDENTIFIER T_ASSIGN T_INTEGER_LITERAL T_SEMICOLON T_RIGHT_BRACE T_WHILE T_LEFT_PAREN T_IDENTIFIER T_GREATER T_INTEGER_LITERAL T_RIGHT_PAREN T_LEFT_BRACE T_IDENTIFIER T_DECREMENT T_SEMICOLON T_RIGHT_BRACE T_FOR T_LEFT_PAREN T_IDENTIFIER T_ASSIGN T_INTEGER_LITERAL T_SEMICOLON T_IDENTIFIER T_LESS T_INTEGER_LITERAL T_SEMICOLON T_IDENTIFIER T_INCREMENT T_RIGHT_PAREN T_LEFT_BRACE T_IDENTIFIER T_ASSIGN T_IDENTIFIER T_PLUS T_IDENTIFIER T_SEMICOLON T_RIGHT_BRACE T_FOR T_LEFT_PAREN T_IDENTIFIER T_ASSIGN T_INTEGER_LITERAL T_SEMICOLON T_IDENTIFIER T_LESS T_INTEGER_LITERAL T_SEMICOLON T_IDENTIFIER T_INCREMENT T_RIGHT_PAREN T_LEFT_BRACE T_IDENTIFIER T_LEFT_SQUARE T_IDENTIFIER T_RIGHT_SQUARE T_ASSIGN T_IDENTIFIER T_SEMICOLON T_RIGHT_BRACE T_IDENTIFIER T_ASSIGN T_NOT T_IDENTIFIER T_SEMICOLON T_IDENTIFIER T_ASSIGN T_IDENTIFIER T_MOD T_INTEGER_LITERAL T_SEMICOLON T_IDENTIFIER T_ASSIGN T_IDENTIFIER T_BITAND T_INTEGER_LITERAL T_SEMICOLON T_IDENTIFIER T_ASSIGN T_IDENTIFIER T_BITOR T_INTEGER_LITERAL T_SEMICOLON T_IDENTIFIER T_ASSIGN T_IDENTIFIER T_BITXOR T_INTEGER_LITERAL T_SEMICOLON T_IDENTIFIER T_ASSIGN T_BITNOT T_IDENTIFIER T_SEMICOLON T_INT T_IDENTIFIER T_ASSIGN T_IDENTIFIER T_LEFT_PAREN T_IDENTIFIER T_COMMA T_IDENTIFIER T_RIGHT_PAREN T_SEMICOLON T_LEFT_BRACE T_INT T_IDENTIFIER T_ASSIGN T_INTEGER_LITERAL T_SEMICOLON T_IDENTIFIER T_ASSIGN T_IDENTIFIER T_PLUS T_INTEGER_LITERAL T_SEMICOLON T_RIGHT_BRACE T_RETURN T_INTEGER_LITERAL T_SEMICOLON T_RIGHT_BRACE T_EOF 

State Stack: 0 8 8 9 16 18 23 50 118 118 118 118 118 118 118 118 118 108 206 296 386 447 488 108 206 68 169 270 
Symbol Stack: declaration declaration type_specifier T_IDENTIFIER T_LEFT_PAREN T_RIGHT_PAREN T_LEFT_BRACE statement statement statement statement statement statement statement statement statement T_IF T_LEFT_PAREN expression T_RIGHT_PAREN statement T_ELSE T_IF T_LEFT_PAREN additive_expression relop factor 
Input Stack: T_RIGHT_PAREN T_LEFT_BRACE T_IDENTIFIER T_ASSIGN T_IDENTIFIER T_PLUS T_INTEGER_LITERAL T_SEMICOLON T_RIGHT_BRACE T_ELSE T_LEFT_BRACE T_IDENTIFIER T_ASSIGN T_INTEGER_LITERAL T_SEMICOLON T_RIGHT_BRACE T_WHILE T_LEFT_PAREN T_IDENTIFIER T_GREATER T_INTEGER_LITERAL T_RIGHT_PAREN T_LEFT_BRACE T_IDENTIFIER T_DECREMENT T_SEMICOLON T_RIGHT_BRACE T_FOR T_LEFT_PAREN T_IDENTIFIER T_ASSIGN T_INTEGER_LITERAL T_SEMICOLON T_IDENTIFIER T_LESS T_INTEGER_LITERAL T_SEMICOLON T_IDENTIFIER T_INCREMENT T_RIGHT_PAREN T_LEFT_BRACE T_IDENTIFIER T_ASSIGN T_IDENTIFIER T_PLUS T_IDENTIFIER T_SEMICOLON T_RIGHT_BRACE T_FOR T_LEFT_PAREN T_IDENTIFIER T_ASSIGN T_INTEGER_LITERAL T_SEMICOLON T_IDENTIFIER T_LESS T_INTEGER_LITERAL T_SEMICOLON T_IDENTIFIER T_INCREMENT T_RIGHT_PAREN T_LEFT_BRACE T_IDENTIFIER T_LEFT_SQUARE T_IDENTIFIER T_RIGHT_SQUARE T_ASSIGN T_IDENTIFIER T_SEMICOLON T_RIGHT_BRACE T_IDENTIFIER T_ASSIGN T_NOT T_IDENTIFIER T_SEMICOLON T_IDENTIFIER T_ASSIGN T_IDENTIFIER T_MOD T_INTEGER_LITERAL T_SEMICOLON T_IDENTIFIER T_ASSIGN T_IDENTIFIER T_BITAND T_INTEGER_LITERAL T_SEMICOLON T_IDENTIFIER T_ASSIGN T_IDENTIFIER T_BITOR T_INTEGER_LITERAL T_SEMICOLON T_IDENTIFIER T_ASSIGN T_IDENTIFIER T_BITXOR T_INTEGER_LITERAL T_SEMICOLON T_IDENTIFIER T_ASSIGN T_BITNOT T_IDENTIFIER T_SEMICOLON T_INT T_IDENTIFIER T_ASSIGN T_IDENTIFIER T_LEFT_PAREN T_IDENTIFIER T_COMMA T_IDENTIFIER T_RIGHT_PAREN T_SEMICOLON T_LEFT_BRACE T_INT T_IDENTIFIER T_ASSIGN T_INTEGER_LITERAL T_SEMICOLON T_IDENTIFIER T_ASSIGN T_IDENTIFIER T_PLUS T_INTEGER_LITERAL T_SEMICOLON T_RIGHT_BRACE T_RETURN T_INTEGER_LITERAL T_SEMICOLON T_RIGHT_BRACE T_EOF 

State Stack: 0 8 8 9 16 18 23 50 118 118 118 118 118 118 118 118 118 108 206 296 386 447 488 108 206 68 169 266 
Symbol Stack: declaration declaration type_specifier T_IDENTIFIER T_LEFT_PAREN T_RIGHT_PAREN T_LEFT_BRACE statement statement statement statement statement statement statement statement statement T_IF T_LEFT_PAREN expression T_RIGHT_PAREN statement T_ELSE T_IF T_LEFT_PAREN additive_expression relop term 
Input Stack: T_RIGHT_PAREN T_LEFT_BRACE T_IDENTIFIER T_ASSIGN T_IDENTIFIER T_PLUS T_INTEGER_LITERAL T_SEMICOLON T_RIGHT_BRACE T_ELSE T_LEFT_BRACE T_IDENTIFIER T_ASSIGN T_INTEGER_LITERAL T_SEMICOLON T_RIGHT_BRACE T_WHILE T_LEFT_PAREN T_IDENTIFIER T_GREATER T_INTEGER_LITERAL T_RIGHT_PAREN T_LEFT_BRACE T_IDENTIFIER T_DECREMENT T_SEMICOLON T_RIGHT_BRACE T_FOR T_LEFT_PAREN T_IDENTIFIER T_ASSIGN T_INTEGER_LITERAL T_SEMICOLON T_IDENTIFIER T_LESS T_INTEGER_LITERAL T_SEMICOLON T_IDENTIFIER T_INCREMENT T_RIGHT_PAREN T_LEFT_BRACE T_IDENTIFIER T_ASSIGN T_IDENTIFIER T_PLUS T_IDENTIFIER T_SEMICOLON T_RIGHT_BRACE T_FOR T_LEFT_PAREN T_IDENTIFIER T_ASSIGN T_INTEGER_LITERAL T_SEMICOLON T_IDENTIFIER T_LESS T_INTEGER_LITERAL T_SEMICOLON T_IDENTIFIER T_INCREMENT T_RIGHT_PAREN T_LEFT_BRACE T_IDENTIFIER T_LEFT_SQUARE T_IDENTIFIER T_RIGHT_SQUARE T_ASSIGN T_IDENTIFIER T_SEMICOLON T_RIGHT_BRACE T_IDENTIFIER T_ASSIGN T_NOT T_IDENTIFIER T_SEMICOLON T_IDENTIFIER T_ASSIGN T_IDENTIFIER T_MOD T_INTEGER_LITERAL T_SEMICOLON T_IDENTIFIER T_ASSIGN T_IDENTIFIER T_BITAND T_INTEGER_LITERAL T_SEMICOLON T_IDENTIFIER T_ASSIGN T_IDENTIFIER T_BITOR T_INTEGER_LITERAL T_SEMICOLON T_IDENTIFIER T_ASSIGN T_IDENTIFIER T_BITXOR T_INTEGER_LITERAL T_SEMICOLON T_IDENTIFIER T_ASSIGN T_BITNOT T_IDENTIFIER T_SEMICOLON T_INT T_IDENTIFIER T_ASSIGN T_IDENTIFIER T_LEFT_PAREN T_IDENTIFIER T_COMMA T_IDENTIFIER T_RIGHT_PAREN T_SEMICOLON T_LEFT_BRACE T_INT T_IDENTIFIER T_ASSIGN T_INTEGER_LITERAL T_SEMICOLON T_IDENTIFIER T_ASSIGN T_IDENTIFIER T_PLUS T_INTEGER_LITERAL T_SEMICOLON T_RIGHT_BRACE T_RETURN T_INTEGER_LITERAL T_SEMICOLON T_RIGHT_BRACE T_EOF 

State Stack: 0 8 8 9 16 18 23 50 118 118 118 118 118 118 118 118 118 108 206 296 386 447 488 108 206 68 169 265 
Symbol Stack: declaration declaration type_specifier T_IDENTIFIER T_LEFT_PAREN T_RIGHT_PAREN T_LEFT_BRACE statement statement statement statement statement statement statement statement statement T_IF T_LEFT_PAREN expression T_RIGHT_PAREN statement T_ELSE T_IF T_LEFT_PAREN additive_expression relop additive_expression 
Input Stack: T_RIGHT_PAREN T_LEFT_BRACE T_IDENTIFIER T_ASSIGN T_IDENTIFIER T_PLUS T_INTEGER_LITERAL T_SEMICOLON T_RIGHT_BRACE T_ELSE T_LEFT_BRACE T_IDENTIFIER T_ASSIGN T_INTEGER_LITERAL T_SEMICOLON T_RIGHT_BRACE T_WHILE T_LEFT_PAREN T_IDENTIFIER T_GREATER T_INTEGER_LITERAL T_RIGHT_PAREN T_LEFT_BRACE T_IDENTIFIER T_DECREMENT T_SEMICOLON T_RIGHT_BRACE T_FOR T_LEFT_PAREN T_IDENTIFIER T_ASSIGN T_INTEGER_LITERAL T_SEMICOLON T_IDENTIFIER T_LESS T_INTEGER_LITERAL T_SEMICOLON T_IDENTIFIER T_INCREMENT T_RIGHT_PAREN T_LEFT_BRACE T_IDENTIFIER T_ASSIGN T_IDENTIFIER T_PLUS T_IDENTIFIER T_SEMICOLON T_RIGHT_BRACE T_FOR T_LEFT_PAREN T_IDENTIFIER T_ASSIGN T_INTEGER_LITERAL T_SEMICOLON T_IDENTIFIER T_LESS T_INTEGER_LITERAL T_SEMICOLON T_IDENTIFIER T_INCREMENT T_RIGHT_PAREN T_LEFT_BRACE T_IDENTIFIER T_LEFT_SQUARE T_IDENTIFIER T_RIGHT_SQUARE T_ASSIGN T_IDENTIFIER T_SEMICOLON T_RIGHT_BRACE T_IDENTIFIER T_ASSIGN T_NOT T_IDENTIFIER T_SEMICOLON T_IDENTIFIER T_ASSIGN T_IDENTIFIER T_MOD T_INTEGER_LITERAL T_SEMICOLON T_IDENTIFIER T_ASSIGN T_IDENTIFIER T_BITAND T_INTEGER_LITERAL T_SEMICOLON T_IDENTIFIER T_ASSIGN T_IDENTIFIER T_BITOR T_INTEGER_LITERAL T_SEMICOLON T_IDENTIFIER T_ASSIGN T_IDENTIFIER T_BITXOR T_INTEGER_LITERAL T_SEMICOLON T_IDENTIFIER T_ASSIGN T_BITNOT T_IDENTIFIER T_SEMICOLON T_INT T_IDENTIFIER T_ASSIGN T_IDENTIFIER T_LEFT_PAREN T_IDENTIFIER T_COMMA T_IDENTIFIER T_RIGHT_PAREN T_SEMICOLON T_LEFT_BRACE T_INT T_IDENTIFIER T_ASSIGN T_INTEGER_LITERAL T_SEMICOLON T_IDENTIFIER T_ASSIGN T_IDENTIFIER T_PLUS T_INTEGER_LITERAL T_SEMICOLON T_RIGHT_BRACE T_RETURN T_INTEGER_LITERAL T_SEMICOLON T_RIGHT_BRACE T_EOF 

State Stack: 0 8 8 9 16 18 23 50 118 118 118 118 118 118 118 118 118 108 206 296 386 447 488 108 206 71 
Symbol Stack: declaration declaration type_specifier T_IDENTIFIER T_LEFT_PAREN T_RIGHT_PAREN T_LEFT_BRACE statement statement statement statement statement statement statement statement statement T_IF T_LEFT_PAREN expression T_RIGHT_PAREN statement T_ELSE T_IF T_LEFT_PAREN simple_expression 
Input Stack: T_RIGHT_PAREN T_LEFT_BRACE T_IDENTIFIER T_ASSIGN T_IDENTIFIER T_PLUS T_INTEGER_LITERAL T_SEMICOLON T_RIGHT_BRACE T_ELSE T_LEFT_BRACE T_IDENTIFIER T_ASSIGN T_INTEGER_LITERAL T_SEMICOLON T_RIGHT_BRACE T_WHILE T_LEFT_PAREN T_IDENTIFIER T_GREATER T_INTEGER_LITERAL T_RIGHT_PAREN T_LEFT_BRACE T_IDENTIFIER T_DECREMENT T_SEMICOLON T_RIGHT_BRACE T_FOR T_LEFT_PAREN T_IDENTIFIER T_ASSIGN T_INTEGER_LITERAL T_SEMICOLON T_IDENTIFIER T_LESS T_INTEGER_LITERAL T_SEMICOLON T_IDENTIFIER T_INCREMENT T_RIGHT_PAREN T_LEFT_BRACE T_IDENTIFIER T_ASSIGN T_IDENTIFIER T_PLUS T_IDENTIFIER T_SEMICOLON T_RIGHT_BRACE T_FOR T_LEFT_PAREN T_IDENTIFIER T_ASSIGN T_INTEGER_LITERAL T_SEMICOLON T_IDENTIFIER T_LESS T_INTEGER_LITERAL T_SEMICOLON T_IDENTIFIER T_INCREMENT T_RIGHT_PAREN T_LEFT_BRACE T_IDENTIFIER T_LEFT_SQUARE T_IDENTIFIER T_RIGHT_SQUARE T_ASSIGN T_IDENTIFIER T_SEMICOLON T_RIGHT_BRACE T_IDENTIFIER T_ASSIGN T_NOT T_IDENTIFIER T_SEMICOLON T_IDENTIFIER T_ASSIGN T_IDENTIFIER T_MOD T_INTEGER_LITERAL T_SEMICOLON T_IDENTIFIER T_ASSIGN T_IDENTIFIER T_BITAND T_INTEGER_LITERAL T_SEMICOLON T_IDENTIFIER T_ASSIGN T_IDENTIFIER T_BITOR T_INTEGER_LITERAL T_SEMICOLON T_IDENTIFIER T_ASSIGN T_IDENTIFIER T_BITXOR T_INTEGER_LITERAL T_SEMICOLON T_IDENTIFIER T_ASSIGN T_BITNOT T_IDENTIFIER T_SEMICOLON T_INT T_IDENTIFIER T_ASSIGN T_IDENTIFIER T_LEFT_PAREN T_IDENTIFIER T_COMMA T_IDENTIFIER T_RIGHT_PAREN T_SEMICOLON T_LEFT_BRACE T_INT T_IDENTIFIER T_ASSIGN T_INTEGER_LITERAL T_SEMICOLON T_IDENTIFIER T_ASSIGN T_IDENTIFIER T_PLUS T_INTEGER_LITERAL T_SEMICOLON T_RIGHT_BRACE T_RETURN T_INTEGER_LITERAL T_SEMICOLON T_RIGHT_BRACE T_EOF 

State Stack: 0 8 8 9 16 18 23 50 118 118 118 118 118 118 118 118 118 108 206 296 386 447 488 108 206 296 
Symbol Stack: declaration declaration type_specifier T_IDENTIFIER T_LEFT_PAREN T_RIGHT_PAREN T_LEFT_BRACE statement statement statement statement statement statement statement statement statement T_IF T_LEFT_PAREN expression T_RIGHT_PAREN statement T_ELSE T_IF T_LEFT_PAREN expression 
Input Stack: T_RIGHT_PAREN T_LEFT_BRACE T_IDENTIFIER T_ASSIGN T_IDENTIFIER T_PLUS T_INTEGER_LITERAL T_SEMICOLON T_RIGHT_BRACE T_ELSE T_LEFT_BRACE T_IDENTIFIER T_ASSIGN T_INTEGER_LITERAL T_SEMICOLON T_RIGHT_BRACE T_WHILE T_LEFT_PAREN T_IDENTIFIER T_GREATER T_INTEGER_LITERAL T_RIGHT_PAREN T_LEFT_BRACE T_IDENTIFIER T_DECREMENT T_SEMICOLON T_RIGHT_BRACE T_FOR T_LEFT_PAREN T_IDENTIFIER T_ASSIGN T_INTEGER_LITERAL T_SEMICOLON T_IDENTIFIER T_LESS T_INTEGER_LITERAL T_SEMICOLON T_IDENTIFIER T_INCREMENT T_RIGHT_PAREN T_LEFT_BRACE T_IDENTIFIER T_ASSIGN T_IDENTIFIER T_PLUS T_IDENTIFIER T_SEMICOLON T_RIGHT_BRACE T_FOR T_LEFT_PAREN T_IDENTIFIER T_ASSIGN T_INTEGER_LITERAL T_SEMICOLON T_IDENTIFIER T_LESS T_INTEGER_LITERAL T_SEMICOLON T_IDENTIFIER T_INCREMENT T_RIGHT_PAREN T_LEFT_BRACE T_IDENTIFIER T_LEFT_SQUARE T_IDENTIFIER T_RIGHT_SQUARE T_ASSIGN T_IDENTIFIER T_SEMICOLON T_RIGHT_BRACE T_IDENTIFIER T_ASSIGN T_NOT T_IDENTIFIER T_SEMICOLON T_IDENTIFIER T_ASSIGN T_IDENTIFIER T_MOD T_INTEGER_LITERAL T_SEMICOLON T_IDENTIFIER T_ASSIGN T_IDENTIFIER T_BITAND T_INTEGER_LITERAL T_SEMICOLON T_IDENTIFIER T_ASSIGN T_IDENTIFIER T_BITOR T_INTEGER_LITERAL T_SEMICOLON T_IDENTIFIER T_ASSIGN T_IDENTIFIER T_BITXOR T_INTEGER_LITERAL T_SEMICOLON T_IDENTIFIER T_ASSIGN T_BITNOT T_IDENTIFIER T_SEMICOLON T_INT T_IDENTIFIER T_ASSIGN T_IDENTIFIER T_LEFT_PAREN T_IDENTIFIER T_COMMA T_IDENTIFIER T_RIGHT_PAREN T_SEMICOLON T_LEFT_BRACE T_INT T_IDENTIFIER T_ASSIGN T_INTEGER_LITERAL T_SEMICOLON T_IDENTIFIER T_ASSIGN T_IDENTIFIER T_PLUS T_INTEGER_LITERAL T_SEMICOLON T_RIGHT_BRACE T_RETURN T_INTEGER_LITERAL T_SEMICOLON T_RIGHT_BRACE T_EOF 

State Stack: 0 8 8 9 16 18 23 50 118 118 118 118 118 118 118 118 118 108 206 296 386 447 488 108 206 296 386 
Symbol Stack: declaration declaration type_specifier T_IDENTIFIER T_LEFT_PAREN T_RIGHT_PAREN T_LEFT_BRACE statement statement statement statement statement statement statement statement statement T_IF T_LEFT_PAREN expression T_RIGHT_PAREN statement T_ELSE T_IF T_LEFT_PAREN expression T_RIGHT_PAREN 
Input Stack: T_LEFT_BRACE T_IDENTIFIER T_ASSIGN T_IDENTIFIER T_PLUS T_INTEGER_LITERAL T_SEMICOLON T_RIGHT_BRACE T_ELSE T_LEFT_BRACE T_IDENTIFIER T_ASSIGN T_INTEGER_LITERAL T_SEMICOLON T_RIGHT_BRACE T_WHILE T_LEFT_PAREN T_IDENTIFIER T_GREATER T_INTEGER_LITERAL T_RIGHT_PAREN T_LEFT_BRACE T_IDENTIFIER T_DECREMENT T_SEMICOLON T_RIGHT_BRACE T_FOR T_LEFT_PAREN T_IDENTIFIER T_ASSIGN T_INTEGER_LITERAL T_SEMICOLON T_IDENTIFIER T_LESS T_INTEGER_LITERAL T_SEMICOLON T_IDENTIFIER T_INCREMENT T_RIGHT_PAREN T_LEFT_BRACE T_IDENTIFIER T_ASSIGN T_IDENTIFIER T_PLUS T_IDENTIFIER T_SEMICOLON T_RIGHT_BRACE T_FOR T_LEFT_PAREN T_IDENTIFIER T_ASSIGN T_INTEGER_LITERAL T_SEMICOLON T_IDENTIFIER T_LESS T_INTEGER_LITERAL T_SEMICOLON T_IDENTIFIER T_INCREMENT T_RIGHT_PAREN T_LEFT_BRACE T_IDENTIFIER T_LEFT_SQUARE T_IDENTIFIER T_RIGHT_SQUARE T_ASSIGN T_IDENTIFIER T_SEMICOLON T_RIGHT_BRACE T_IDENTIFIER T_ASSIGN T_NOT T_IDENTIFIER T_SEMICOLON T_IDENTIFIER T_ASSIGN T_IDENTIFIER T_MOD T_INTEGER_LITERAL T_SEMICOLON T_IDENTIFIER T_ASSIGN T_IDENTIFIER T_BITAND T_INTEGER_LITERAL T_SEMICOLON T_IDENTIFIER T_ASSIGN T_IDENTIFIER T_BITOR T_INTEGER_LITERAL T_SEMICOLON T_IDENTIFIER T_ASSIGN T_IDENTIFIER T_BITXOR T_INTEGER_LITERAL T_SEMICOLON T_IDENTIFIER T_ASSIGN T_BITNOT T_IDENTIFIER T_SEMICOLON T_INT T_IDENTIFIER T_ASSIGN T_IDENTIFIER T_LEFT_PAREN T_IDENTIFIER T_COMMA T_IDENTIFIER T_RIGHT_PAREN T_SEMICOLON T_LEFT_BRACE T_INT T_IDENTIFIER T_ASSIGN T_INTEGER_LITERAL T_SEMICOLON T_IDENTIFIER T_ASSIGN T_IDENTIFIER T_PLUS T_INTEGER_LITERAL T_SEMICOLON T_RIGHT_BRACE T_RETURN T_INTEGER_LITERAL T_SEMICOLON T_RIGHT_BRACE T_EOF 

State Stack: 0 8 8 9 16 18 23 50 118 118 118 118 118 118 118 118 118 108 206 296 386 447 488 108 206 296 386 441 
Symbol Stack: declaration declaration type_specifier T_IDENTIFIER T_LEFT_PAREN T_RIGHT_PAREN T_LEFT_BRACE statement statement statement statement statement statement statement statement statement T_IF T_LEFT_PAREN expression T_RIGHT_PAREN statement T_ELSE T_IF T_LEFT_PAREN expression T_RIGHT_PAREN T_LEFT_BRACE 
Input Stack: T_IDENTIFIER T_ASSIGN T_IDENTIFIER T_PLUS T_INTEGER_LITERAL T_SEMICOLON T_RIGHT_BRACE T_ELSE T_LEFT_BRACE T_IDENTIFIER T_ASSIGN T_INTEGER_LITERAL T_SEMICOLON T_RIGHT_BRACE T_WHILE T_LEFT_PAREN T_IDENTIFIER T_GREATER T_INTEGER_LITERAL T_RIGHT_PAREN T_LEFT_BRACE T_IDENTIFIER T_DECREMENT T_SEMICOLON T_RIGHT_BRACE T_FOR T_LEFT_PAREN T_IDENTIFIER T_ASSIGN T_INTEGER_LITERAL T_SEMICOLON T_IDENTIFIER T_LESS T_INTEGER_LITERAL T_SEMICOLON T_IDENTIFIER T_INCREMENT T_RIGHT_PAREN T_LEFT_BRACE T_IDENTIFIER T_ASSIGN T_IDENTIFIER T_PLUS T_IDENTIFIER T_SEMICOLON T_RIGHT_BRACE T_FOR T_LEFT_PAREN T_IDENTIFIER T_ASSIGN T_INTEGER_LITERAL T_SEMICOLON T_IDENTIFIER T_LESS T_INTEGER_LITERAL T_SEMICOLON T_IDENTIFIER T_INCREMENT T_RIGHT_PAREN T_LEFT_BRACE T_IDENTIFIER T_LEFT_SQUARE T_IDENTIFIER T_RIGHT_SQUARE T_ASSIGN T_IDENTIFIER T_SEMICOLON T_RIGHT_BRACE T_IDENTIFIER T_ASSIGN T_NOT T_IDENTIFIER T_SEMICOLON T_IDENTIFIER T_ASSIGN T_IDENTIFIER T_MOD T_INTEGER_LITERAL T_SEMICOLON T_IDENTIFIER T_ASSIGN T_IDENTIFIER T_BITAND T_INTEGER_LITERAL T_SEMICOLON T_IDENTIFIER T_ASSIGN T_IDENTIFIER T_BITOR T_INTEGER_LITERAL T_SEMICOLON T_IDENTIFIER T_ASSIGN T_IDENTIFIER T_BITXOR T_INTEGER_LITERAL T_SEMICOLON T_IDENTIFIER T_ASSIGN T_BITNOT T_IDENTIFIER T_SEMICOLON T_INT T_IDENTIFIER T_ASSIGN T_IDENTIFIER T_LEFT_PAREN T_IDENTIFIER T_COMMA T_IDENTIFIER T_RIGHT_PAREN T_SEMICOLON T_LEFT_BRACE T_INT T_IDENTIFIER T_ASSIGN T_INTEGER_LITERAL T_SEMICOLON T_IDENTIFIER T_ASSIGN T_IDENTIFIER T_PLUS T_INTEGER_LITERAL T_SEMICOLON T_RIGHT_BRACE T_RETURN T_INTEGER_LITERAL T_SEMICOLON T_RIGHT_BRACE T_EOF 

State Stack: 0 8 8 9 16 18 23 50 118 118 118 118 118 118 118 118 118 108 206 296 386 447 488 108 206 296 386 441 29 
Symbol Stack: declaration declaration type_specifier T_IDENTIFIER T_LEFT_PAREN T_RIGHT_PAREN T_LEFT_BRACE statement statement statement statement statement statement statement statement statement T_IF T_LEFT_PAREN expression T_RIGHT_PAREN statement T_ELSE T_IF T_LEFT_PAREN expression T_RIGHT_PAREN T_LEFT_BRACE T_IDENTIFIER 
Input Stack: T_ASSIGN T_IDENTIFIER T_PLUS T_INTEGER_LITERAL T_SEMICOLON T_RIGHT_BRACE T_ELSE T_LEFT_BRACE T_IDENTIFIER T_ASSIGN T_INTEGER_LITERAL T_SEMICOLON T_RIGHT_BRACE T_WHILE T_LEFT_PAREN T_IDENTIFIER T_GREATER T_INTEGER_LITERAL T_RIGHT_PAREN T_LEFT_BRACE T_IDENTIFIER T_DECREMENT T_SEMICOLON T_RIGHT_BRACE T_FOR T_LEFT_PAREN T_IDENTIFIER T_ASSIGN T_INTEGER_LITERAL T_SEMICOLON T_IDENTIFIER T_LESS T_INTEGER_LITERAL T_SEMICOLON T_IDENTIFIER T_INCREMENT T_RIGHT_PAREN T_LEFT_BRACE T_IDENTIFIER T_ASSIGN T_IDENTIFIER T_PLUS T_IDENTIFIER T_SEMICOLON T_RIGHT_BRACE T_FOR T_LEFT_PAREN T_IDENTIFIER T_ASSIGN T_INTEGER_LITERAL T_SEMICOLON T_IDENTIFIER T_LESS T_INTEGER_LITERAL T_SEMICOLON T_IDENTIFIER T_INCREMENT T_RIGHT_PAREN T_LEFT_BRACE T_IDENTIFIER T_LEFT_SQUARE T_IDENTIFIER T_RIGHT_SQUARE T_ASSIGN T_IDENTIFIER T_SEMICOLON T_RIGHT_BRACE T_IDENTIFIER T_ASSIGN T_NOT T_IDENTIFIER T_SEMICOLON T_IDENTIFIER T_ASSIGN T_IDENTIFIER T_MOD T_INTEGER_LITERAL T_SEMICOLON T_IDENTIFIER T_ASSIGN T_IDENTIFIER T_BITAND T_INTEGER_LITERAL T_SEMICOLON T_IDENTIFIER T_ASSIGN T_IDENTIFIER T_BITOR T_INTEGER_LITERAL T_SEMICOLON T_IDENTIFIER T_ASSIGN T_IDENTIFIER T_BITXOR T_INTEGER_LITERAL T_SEMICOLON T_IDENTIFIER T_ASSIGN T_BITNOT T_IDENTIFIER T_SEMICOLON T_INT T_IDENTIFIER T_ASSIGN T_IDENTIFIER T_LEFT_PAREN T_IDENTIFIER T_COMMA T_IDENTIFIER T_RIGHT_PAREN T_SEMICOLON T_LEFT_BRACE T_INT T_IDENTIFIER T_ASSIGN T_INTEGER_LITERAL T_SEMICOLON T_IDENTIFIER T_ASSIGN T_IDENTIFIER T_PLUS T_INTEGER_LITERAL T_SEMICOLON T_RIGHT_BRACE T_RETURN T_INTEGER_LITERAL T_SEMICOLON T_RIGHT_BRACE T_EOF 

State Stack: 0 8 8 9 16 18 23 50 118 118 118 118 118 118 118 118 118 108 206 296 386 447 488 108 206 296 386 441 43 
Symbol Stack: declaration declaration type_specifier T_IDENTIFIER T_LEFT_PAREN T_RIGHT_PAREN T_LEFT_BRACE statement statement statement statement statement statement statement statement statement T_IF T_LEFT_PAREN expression T_RIGHT_PAREN statement T_ELSE T_IF T_LEFT_PAREN expression T_RIGHT_PAREN T_LEFT_BRACE var 
Input Stack: T_ASSIGN T_IDENTIFIER T_PLUS T_INTEGER_LITERAL T_SEMICOLON T_RIGHT_BRACE T_ELSE T_LEFT_BRACE T_IDENTIFIER T_ASSIGN T_INTEGER_LITERAL T_SEMICOLON T_RIGHT_BRACE T_WHILE T_LEFT_PAREN T_IDENTIFIER T_GREATER T_INTEGER_LITERAL T_RIGHT_PAREN T_LEFT_BRACE T_IDENTIFIER T_DECREMENT T_SEMICOLON T_RIGHT_BRACE T_FOR T_LEFT_PAREN T_IDENTIFIER T_ASSIGN T_INTEGER_LITERAL T_SEMICOLON T_IDENTIFIER T_LESS T_INTEGER_LITERAL T_SEMICOLON T_IDENTIFIER T_INCREMENT T_RIGHT_PAREN T_LEFT_BRACE T_IDENTIFIER T_ASSIGN T_IDENTIFIER T_PLUS T_IDENTIFIER T_SEMICOLON T_RIGHT_BRACE T_FOR T_LEFT_PAREN T_IDENTIFIER T_ASSIGN T_INTEGER_LITERAL T_SEMICOLON T_IDENTIFIER T_LESS T_INTEGER_LITERAL T_SEMICOLON T_IDENTIFIER T_INCREMENT T_RIGHT_PAREN T_LEFT_BRACE T_IDENTIFIER T_LEFT_SQUARE T_IDENTIFIER T_RIGHT_SQUARE T_ASSIGN T_IDENTIFIER T_SEMICOLON T_RIGHT_BRACE T_IDENTIFIER T_ASSIGN T_NOT T_IDENTIFIER T_SEMICOLON T_IDENTIFIER T_ASSIGN T_IDENTIFIER T_MOD T_INTEGER_LITERAL T_SEMICOLON T_IDENTIFIER T_ASSIGN T_IDENTIFIER T_BITAND T_INTEGER_LITERAL T_SEMICOLON T_IDENTIFIER T_ASSIGN T_IDENTIFIER T_BITOR T_INTEGER_LITERAL T_SEMICOLON T_IDENTIFIER T_ASSIGN T_IDENTIFIER T_BITXOR T_INTEGER_LITERAL T_SEMICOLON T_IDENTIFIER T_ASSIGN T_BITNOT T_IDENTIFIER T_SEMICOLON T_INT T_IDENTIFIER T_ASSIGN T_IDENTIFIER T_LEFT_PAREN T_IDENTIFIER T_COMMA T_IDENTIFIER T_RIGHT_PAREN T_SEMICOLON T_LEFT_BRACE T_INT T_IDENTIFIER T_ASSIGN T_INTEGER_LITERAL T_SEMICOLON T_IDENTIFIER T_ASSIGN T_IDENTIFIER T_PLUS T_INTEGER_LITERAL T_SEMICOLON T_RIGHT_BRACE T_RETURN T_INTEGER_LITERAL T_SEMICOLON T_RIGHT_BRACE T_EOF 

State Stack: 0 8 8 9 16 18 23 50 118 118 118 118 118 118 118 118 118 108 206 296 386 447 488 108 206 296 386 441 43 96 
Symbol Stack: declaration declaration type_specifier T_IDENTIFIER T_LEFT_PAREN T_RIGHT_PAREN T_LEFT_BRACE statement statement statement statement statement statement statement statement statement T_IF T_LEFT_PAREN expression T_RIGHT_PAREN statement T_ELSE T_IF T_LEFT_PAREN expression T_RIGHT_PAREN T_LEFT_BRACE var T_ASSIGN 
Input Stack: T_IDENTIFIER T_PLUS T_INTEGER_LITERAL T_SEMICOLON T_RIGHT_BRACE T_ELSE T_LEFT_BRACE T_IDENTIFIER T_ASSIGN T_INTEGER_LITERAL T_SEMICOLON T_RIGHT_BRACE T_WHILE T_LEFT_PAREN T_IDENTIFIER T_GREATER T_INTEGER_LITERAL T_RIGHT_PAREN T_LEFT_BRACE T_IDENTIFIER T_DECREMENT T_SEMICOLON T_RIGHT_BRACE T_FOR T_LEFT_PAREN T_IDENTIFIER T_ASSIGN T_INTEGER_LITERAL T_SEMICOLON T_IDENTIFIER T_LESS T_INTEGER_LITERAL T_SEMICOLON T_IDENTIFIER T_INCREMENT T_RIGHT_PAREN T_LEFT_BRACE T_IDENTIFIER T_ASSIGN T_IDENTIFIER T_PLUS T_IDENTIFIER T_SEMICOLON T_RIGHT_BRACE T_FOR T_LEFT_PAREN T_IDENTIFIER T_ASSIGN T_INTEGER_LITERAL T_SEMICOLON T_IDENTIFIER T_LESS T_INTEGER_LITERAL T_SEMICOLON T_IDENTIFIER T_INCREMENT T_RIGHT_PAREN T_LEFT_BRACE T_IDENTIFIER T_LEFT_SQUARE T_IDENTIFIER T_RIGHT_SQUARE T_ASSIGN T_IDENTIFIER T_SEMICOLON T_RIGHT_BRACE T_IDENTIFIER T_ASSIGN T_NOT T_IDENTIFIER T_SEMICOLON T_IDENTIFIER T_ASSIGN T_IDENTIFIER T_MOD T_INTEGER_LITERAL T_SEMICOLON T_IDENTIFIER T_ASSIGN T_IDENTIFIER T_BITAND T_INTEGER_LITERAL T_SEMICOLON T_IDENTIFIER T_ASSIGN T_IDENTIFIER T_BITOR T_INTEGER_LITERAL T_SEMICOLON T_IDENTIFIER T_ASSIGN T_IDENTIFIER T_BITXOR T_INTEGER_LITERAL T_SEMICOLON T_IDENTIFIER T_ASSIGN T_BITNOT T_IDENTIFIER T_SEMICOLON T_INT T_IDENTIFIER T_ASSIGN T_IDENTIFIER T_LEFT_PAREN T_IDENTIFIER T_COMMA T_IDENTIFIER T_RIGHT_PAREN T_SEMICOLON T_LEFT_BRACE T_INT T_IDENTIFIER T_ASSIGN T_INTEGER_LITERAL T_SEMICOLON T_IDENTIFIER T_ASSIGN T_IDENTIFIER T_PLUS T_INTEGER_LITERAL T_SEMICOLON T_RIGHT_BRACE T_RETURN T_INTEGER_LITERAL T_SEMICOLON T_RIGHT_BRACE T_EOF 

State Stack: 0 8 8 9 16 18 23 50 118 118 118 118 118 118 118 118 118 108 206 296 386 447 488 108 206 296 386 441 43 96 29 
Symbol Stack: declaration declaration type_specifier T_IDENTIFIER T_LEFT_PAREN T_RIGHT_PAREN T_LEFT_BRACE statement statement statement statement statement statement statement statement statement T_IF T_LEFT_PAREN expression T_RIGHT_PAREN statement T_ELSE T_IF T_LEFT_PAREN expression T_RIGHT_PAREN T_LEFT_BRACE var T_ASSIGN T_IDENTIFIER 
Input Stack: T_PLUS T_INTEGER_LITERAL T_SEMICOLON T_RIGHT_BRACE T_ELSE T_LEFT_BRACE T_IDENTIFIER T_ASSIGN T_INTEGER_LITERAL T_SEMICOLON T_RIGHT_BRACE T_WHILE T_LEFT_PAREN T_IDENTIFIER T_GREATER T_INTEGER_LITERAL T_RIGHT_PAREN T_LEFT_BRACE T_IDENTIFIER T_DECREMENT T_SEMICOLON T_RIGHT_BRACE T_FOR T_LEFT_PAREN T_IDENTIFIER T_ASSIGN T_INTEGER_LITERAL T_SEMICOLON T_IDENTIFIER T_LESS T_INTEGER_LITERAL T_SEMICOLON T_IDENTIFIER T_INCREMENT T_RIGHT_PAREN T_LEFT_BRACE T_IDENTIFIER T_ASSIGN T_IDENTIFIER T_PLUS T_IDENTIFIER T_SEMICOLON T_RIGHT_BRACE T_FOR T_LEFT_PAREN T_IDENTIFIER T_ASSIGN T_INTEGER_LITERAL T_SEMICOLON T_IDENTIFIER T_LESS T_INTEGER_LITERAL T_SEMICOLON T_IDENTIFIER T_INCREMENT T_RIGHT_PAREN T_LEFT_BRACE T_IDENTIFIER T_LEFT_SQUARE T_IDENTIFIER T_RIGHT_SQUARE T_ASSIGN T_IDENTIFIER T_SEMICOLON T_RIGHT_BRACE T_IDENTIFIER T_ASSIGN T_NOT T_IDENTIFIER T_SEMICOLON T_IDENTIFIER T_ASSIGN T_IDENTIFIER T_MOD T_INTEGER_LITERAL T_SEMICOLON T_IDENTIFIER T_ASSIGN T_IDENTIFIER T_BITAND T_INTEGER_LITERAL T_SEMICOLON T_IDENTIFIER T_ASSIGN T_IDENTIFIER T_BITOR T_INTEGER_LITERAL T_SEMICOLON T_IDENTIFIER T_ASSIGN T_IDENTIFIER T_BITXOR T_INTEGER_LITERAL T_SEMICOLON T_IDENTIFIER T_ASSIGN T_BITNOT T_IDENTIFIER T_SEMICOLON T_INT T_IDENTIFIER T_ASSIGN T_IDENTIFIER T_LEFT_PAREN T_IDENTIFIER T_COMMA T_IDENTIFIER T_RIGHT_PAREN T_SEMICOLON T_LEFT_BRACE T_INT T_IDENTIFIER T_ASSIGN T_INTEGER_LITERAL T_SEMICOLON T_IDENTIFIER T_ASSIGN T_IDENTIFIER T_PLUS T_INTEGER_LITERAL T_SEMICOLON T_RIGHT_BRACE T_RETURN T_INTEGER_LITERAL T_SEMICOLON T_RIGHT_BRACE T_EOF 

State Stack: 0 8 8 9 16 18 23 50 118 118 118 118 118 118 118 118 118 108 206 296 386 447 488 108 206 296 386 441 43 96 43 
Symbol Stack: declaration declaration type_specifier T_IDENTIFIER T_LEFT_PAREN T_RIGHT_PAREN T_LEFT_BRACE statement statement statement statement statement statement statement statement statement T_IF T_LEFT_PAREN expression T_RIGHT_PAREN statement T_ELSE T_IF T_LEFT_PAREN expression T_RIGHT_PAREN T_LEFT_BRACE var T_ASSIGN var 
Input Stack: T_PLUS T_INTEGER_LITERAL T_SEMICOLON T_RIGHT_BRACE T_ELSE T_LEFT_BRACE T_IDENTIFIER T_ASSIGN T_INTEGER_LITERAL T_SEMICOLON T_RIGHT_BRACE T_WHILE T_LEFT_PAREN T_IDENTIFIER T_GREATER T_INTEGER_LITERAL T_RIGHT_PAREN T_LEFT_BRACE T_IDENTIFIER T_DECREMENT T_SEMICOLON T_RIGHT_BRACE T_FOR T_LEFT_PAREN T_IDENTIFIER T_ASSIGN T_INTEGER_LITERAL T_SEMICOLON T_IDENTIFIER T_LESS T_INTEGER_LITERAL T_SEMICOLON T_IDENTIFIER T_INCREMENT T_RIGHT_PAREN T_LEFT_BRACE T_IDENTIFIER T_ASSIGN T_IDENTIFIER T_PLUS T_IDENTIFIER T_SEMICOLON T_RIGHT_BRACE T_FOR T_LEFT_PAREN T_IDENTIFIER T_ASSIGN T_INTEGER_LITERAL T_SEMICOLON T_IDENTIFIER T_LESS T_INTEGER_LITERAL T_SEMICOLON T_IDENTIFIER T_INCREMENT T_RIGHT_PAREN T_LEFT_BRACE T_IDENTIFIER T_LEFT_SQUARE T_IDENTIFIER T_RIGHT_SQUARE T_ASSIGN T_IDENTIFIER T_SEMICOLON T_RIGHT_BRACE T_IDENTIFIER T_ASSIGN T_NOT T_IDENTIFIER T_SEMICOLON T_IDENTIFIER T_ASSIGN T_IDENTIFIER T_MOD T_INTEGER_LITERAL T_SEMICOLON T_IDENTIFIER T_ASSIGN T_IDENTIFIER T_BITAND T_INTEGER_LITERAL T_SEMICOLON T_IDENTIFIER T_ASSIGN T_IDENTIFIER T_BITOR T_INTEGER_LITERAL T_SEMICOLON T_IDENTIFIER T_ASSIGN T_IDENTIFIER T_BITXOR T_INTEGER_LITERAL T_SEMICOLON T_IDENTIFIER T_ASSIGN T_BITNOT T_IDENTIFIER T_SEMICOLON T_INT T_IDENTIFIER T_ASSIGN T_IDENTIFIER T_LEFT_PAREN T_IDENTIFIER T_COMMA T_IDENTIFIER T_RIGHT_PAREN T_SEMICOLON T_LEFT_BRACE T_INT T_IDENTIFIER T_ASSIGN T_INTEGER_LITERAL T_SEMICOLON T_IDENTIFIER T_ASSIGN T_IDENTIFIER T_PLUS T_INTEGER_LITERAL T_SEMICOLON T_RIGHT_BRACE T_RETURN T_INTEGER_LITERAL T_SEMICOLON T_RIGHT_BRACE T_EOF 

State Stack: 0 8 8 9 16 18 23 50 118 118 118 118 118 118 118 118 118 108 206 296 386 447 488 108 206 296 386 441 43 96 47 
Symbol Stack: declaration declaration type_specifier T_IDENTIFIER T_LEFT_PAREN T_RIGHT_PAREN T_LEFT_BRACE statement statement statement statement statement statement statement statement statement T_IF T_LEFT_PAREN expression T_RIGHT_PAREN statement T_ELSE T_IF T_LEFT_PAREN expression T_RIGHT_PAREN T_LEFT_BRACE var T_ASSIGN factor 
Input Stack: T_PLUS T_INTEGER_LITERAL T_SEMICOLON T_RIGHT_BRACE T_ELSE T_LEFT_BRACE T_IDENTIFIER T_ASSIGN T_INTEGER_LITERAL T_SEMICOLON T_RIGHT_BRACE T_WHILE T_LEFT_PAREN T_IDENTIFIER T_GREATER T_INTEGER_LITERAL T_RIGHT_PAREN T_LEFT_BRACE T_IDENTIFIER T_DECREMENT T_SEMICOLON T_RIGHT_BRACE T_FOR T_LEFT_PAREN T_IDENTIFIER T_ASSIGN T_INTEGER_LITERAL T_SEMICOLON T_IDENTIFIER T_LESS T_INTEGER_LITERAL T_SEMICOLON T_IDENTIFIER T_INCREMENT T_RIGHT_PAREN T_LEFT_BRACE T_IDENTIFIER T_ASSIGN T_IDENTIFIER T_PLUS T_IDENTIFIER T_SEMICOLON T_RIGHT_BRACE T_FOR T_LEFT_PAREN T_IDENTIFIER T_ASSIGN T_INTEGER_LITERAL T_SEMICOLON T_IDENTIFIER T_LESS T_INTEGER_LITERAL T_SEMICOLON T_IDENTIFIER T_INCREMENT T_RIGHT_PAREN T_LEFT_BRACE T_IDENTIFIER T_LEFT_SQUARE T_IDENTIFIER T_RIGHT_SQUARE T_ASSIGN T_IDENTIFIER T_SEMICOLON T_RIGHT_BRACE T_IDENTIFIER T_ASSIGN T_NOT T_IDENTIFIER T_SEMICOLON T_IDENTIFIER T_ASSIGN T_IDENTIFIER T_MOD T_INTEGER_LITERAL T_SEMICOLON T_IDENTIFIER T_ASSIGN T_IDENTIFIER T_BITAND T_INTEGER_LITERAL T_SEMICOLON T_IDENTIFIER T_ASSIGN T_IDENTIFIER T_BITOR T_INTEGER_LITERAL T_SEMICOLON T_IDENTIFIER T_ASSIGN T_IDENTIFIER T_BITXOR T_INTEGER_LITERAL T_SEMICOLON T_IDENTIFIER T_ASSIGN T_BITNOT T_IDENTIFIER T_SEMICOLON T_INT T_IDENTIFIER T_ASSIGN T_IDENTIFIER T_LEFT_PAREN T_IDENTIFIER T_COMMA T_IDENTIFIER T_RIGHT_PAREN T_SEMICOLON T_LEFT_BRACE T_INT T_IDENTIFIER T_ASSIGN T_INTEGER_LITERAL T_SEMICOLON T_IDENTIFIER T_ASSIGN T_IDENTIFIER T_PLUS T_INTEGER_LITERAL T_SEMICOLON T_RIGHT_BRACE T_RETURN T_INTEGER_LITERAL T_SEMICOLON T_RIGHT_BRACE T_EOF 

State Stack: 0 8 8 9 16 18 23 50 118 118 118 118 118 118 118 118 118 108 206 296 386 447 488 108 206 296 386 441 43 96 40 
Symbol Stack: declaration declaration type_specifier T_IDENTIFIER T_LEFT_PAREN T_RIGHT_PAREN T_LEFT_BRACE statement statement statement statement statement statement statement statement statement T_IF T_LEFT_PAREN expression T_RIGHT_PAREN statement T_ELSE T_IF T_LEFT_PAREN expression T_RIGHT_PAREN T_LEFT_BRACE var T_ASSIGN term 
Input Stack: T_PLUS T_INTEGER_LITERAL T_SEMICOLON T_RIGHT_BRACE T_ELSE T_LEFT_BRACE T_IDENTIFIER T_ASSIGN T_INTEGER_LITERAL T_SEMICOLON T_RIGHT_BRACE T_WHILE T_LEFT_PAREN T_IDENTIFIER T_GREATER T_INTEGER_LITERAL T_RIGHT_PAREN T_LEFT_BRACE T_IDENTIFIER T_DECREMENT T_SEMICOLON T_RIGHT_BRACE T_FOR T_LEFT_PAREN T_IDENTIFIER T_ASSIGN T_INTEGER_LITERAL T_SEMICOLON T_IDENTIFIER T_LESS T_INTEGER_LITERAL T_SEMICOLON T_IDENTIFIER T_INCREMENT T_RIGHT_PAREN T_LEFT_BRACE T_IDENTIFIER T_ASSIGN T_IDENTIFIER T_PLUS T_IDENTIFIER T_SEMICOLON T_RIGHT_BRACE T_FOR T_LEFT_PAREN T_IDENTIFIER T_ASSIGN T_INTEGER_LITERAL T_SEMICOLON T_IDENTIFIER T_LESS T_INTEGER_LITERAL T_SEMICOLON T_IDENTIFIER T_INCREMENT T_RIGHT_PAREN T_LEFT_BRACE T_IDENTIFIER T_LEFT_SQUARE T_IDENTIFIER T_RIGHT_SQUARE T_ASSIGN T_IDENTIFIER T_SEMICOLON T_RIGHT_BRACE T_IDENTIFIER T_ASSIGN T_NOT T_IDENTIFIER T_SEMICOLON T_IDENTIFIER T_ASSIGN T_IDENTIFIER T_MOD T_INTEGER_LITERAL T_SEMICOLON T_IDENTIFIER T_ASSIGN T_IDENTIFIER T_BITAND T_INTEGER_LITERAL T_SEMICOLON T_IDENTIFIER T_ASSIGN T_IDENTIFIER T_BITOR T_INTEGER_LITERAL T_SEMICOLON T_IDENTIFIER T_ASSIGN T_IDENTIFIER T_BITXOR T_INTEGER_LITERAL T_SEMICOLON T_IDENTIFIER T_ASSIGN T_BITNOT T_IDENTIFIER T_SEMICOLON T_INT T_IDENTIFIER T_ASSIGN T_IDENTIFIER T_LEFT_PAREN T_IDENTIFIER T_COMMA T_IDENTIFIER T_RIGHT_PAREN T_SEMICOLON T_LEFT_BRACE T_INT T_IDENTIFIER T_ASSIGN T_INTEGER_LITERAL T_SEMICOLON T_IDENTIFIER T_ASSIGN T_IDENTIFIER T_PLUS T_INTEGER_LITERAL T_SEMICOLON T_RIGHT_BRACE T_RETURN T_INTEGER_LITERAL T_SEMICOLON T_RIGHT_BRACE T_EOF 

State Stack: 0 8 8 9 16 18 23 50 118 118 118 118 118 118 118 118 118 108 206 296 386 447 488 108 206 296 386 441 43 96 39 
Symbol Stack: declaration declaration type_specifier T_IDENTIFIER T_LEFT_PAREN T_RIGHT_PAREN T_LEFT_BRACE statement statement statement statement statement statement statement statement statement T_IF T_LEFT_PAREN expression T_RIGHT_PAREN statement T_ELSE T_IF T_LEFT_PAREN expression T_RIGHT_PAREN T_LEFT_BRACE var T_ASSIGN additive_expression 
Input Stack: T_PLUS T_INTEGER_LITERAL T_SEMICOLON T_RIGHT_BRACE T_ELSE T_LEFT_BRACE T_IDENTIFIER T_ASSIGN T_INTEGER_LITERAL T_SEMICOLON T_RIGHT_BRACE T_WHILE T_LEFT_PAREN T_IDENTIFIER T_GREATER T_INTEGER_LITERAL T_RIGHT_PAREN T_LEFT_BRACE T_IDENTIFIER T_DECREMENT T_SEMICOLON T_RIGHT_BRACE T_FOR T_LEFT_PAREN T_IDENTIFIER T_ASSIGN T_INTEGER_LITERAL T_SEMICOLON T_IDENTIFIER T_LESS T_INTEGER_LITERAL T_SEMICOLON T_IDENTIFIER T_INCREMENT T_RIGHT_PAREN T_LEFT_BRACE T_IDENTIFIER T_ASSIGN T_IDENTIFIER T_PLUS T_IDENTIFIER T_SEMICOLON T_RIGHT_BRACE T_FOR T_LEFT_PAREN T_IDENTIFIER T_ASSIGN T_INTEGER_LITERAL T_SEMICOLON T_IDENTIFIER T_LESS T_INTEGER_LITERAL T_SEMICOLON T_IDENTIFIER T_INCREMENT T_RIGHT_PAREN T_LEFT_BRACE T_IDENTIFIER T_LEFT_SQUARE T_IDENTIFIER T_RIGHT_SQUARE T_ASSIGN T_IDENTIFIER T_SEMICOLON T_RIGHT_BRACE T_IDENTIFIER T_ASSIGN T_NOT T_IDENTIFIER T_SEMICOLON T_IDENTIFIER T_ASSIGN T_IDENTIFIER T_MOD T_INTEGER_LITERAL T_SEMICOLON T_IDENTIFIER T_ASSIGN T_IDENTIFIER T_BITAND T_INTEGER_LITERAL T_SEMICOLON T_IDENTIFIER T_ASSIGN T_IDENTIFIER T_BITOR T_INTEGER_LITERAL T_SEMICOLON T_IDENTIFIER T_ASSIGN T_IDENTIFIER T_BITXOR T_INTEGER_LITERAL T_SEMICOLON T_IDENTIFIER T_ASSIGN T_BITNOT T_IDENTIFIER T_SEMICOLON T_INT T_IDENTIFIER T_ASSIGN T_IDENTIFIER T_LEFT_PAREN T_IDENTIFIER T_COMMA T_IDENTIFIER T_RIGHT_PAREN T_SEMICOLON T_LEFT_BRACE T_INT T_IDENTIFIER T_ASSIGN T_INTEGER_LITERAL T_SEMICOLON T_IDENTIFIER T_ASSIGN T_IDENTIFIER T_PLUS T_INTEGER_LITERAL T_SEMICOLON T_RIGHT_BRACE T_RETURN T_INTEGER_LITERAL T_SEMICOLON T_RIGHT_BRACE T_EOF 

State Stack: 0 8 8 9 16 18 23 50 118 118 118 118 118 118 118 118 118 108 206 296 386 447 488 108 206 296 386 441 43 96 39 79 
Symbol Stack: declaration declaration type_specifier T_IDENTIFIER T_LEFT_PAREN T_RIGHT_PAREN T_LEFT_BRACE statement statement statement statement statement statement statement statement statement T_IF T_LEFT_PAREN expression T_RIGHT_PAREN statement T_ELSE T_IF T_LEFT_PAREN expression T_RIGHT_PAREN T_LEFT_BRACE var T_ASSIGN additive_expression T_PLUS 
Input Stack: T_INTEGER_LITERAL T_SEMICOLON T_RIGHT_BRACE T_ELSE T_LEFT_BRACE T_IDENTIFIER T_ASSIGN T_INTEGER_LITERAL T_SEMICOLON T_RIGHT_BRACE T_WHILE T_LEFT_PAREN T_IDENTIFIER T_GREATER T_INTEGER_LITERAL T_RIGHT_PAREN T_LEFT_BRACE T_IDENTIFIER T_DECREMENT T_SEMICOLON T_RIGHT_BRACE T_FOR T_LEFT_PAREN T_IDENTIFIER T_ASSIGN T_INTEGER_LITERAL T_SEMICOLON T_IDENTIFIER T_LESS T_INTEGER_LITERAL T_SEMICOLON T_IDENTIFIER T_INCREMENT T_RIGHT_PAREN T_LEFT_BRACE T_IDENTIFIER T_ASSIGN T_IDENTIFIER T_PLUS T_IDENTIFIER T_SEMICOLON T_RIGHT_BRACE T_FOR T_LEFT_PAREN T_IDENTIFIER T_ASSIGN T_INTEGER_LITERAL T_SEMICOLON T_IDENTIFIER T_LESS T_INTEGER_LITERAL T_SEMICOLON T_IDENTIFIER T_INCREMENT T_RIGHT_PAREN T_LEFT_BRACE T_IDENTIFIER T_LEFT_SQUARE T_IDENTIFIER T_RIGHT_SQUARE T_ASSIGN T_IDENTIFIER T_SEMICOLON T_RIGHT_BRACE T_IDENTIFIER T_ASSIGN T_NOT T_IDENTIFIER T_SEMICOLON T_IDENTIFIER T_ASSIGN T_IDENTIFIER T_MOD T_INTEGER_LITERAL T_SEMICOLON T_IDENTIFIER T_ASSIGN T_IDENTIFIER T_BITAND T_INTEGER_LITERAL T_SEMICOLON T_IDENTIFIER T_ASSIGN T_IDENTIFIER T_BITOR T_INTEGER_LITERAL T_SEMICOLON T_IDENTIFIER T_ASSIGN T_IDENTIFIER T_BITXOR T_INTEGER_LITERAL T_SEMICOLON T_IDENTIFIER T_ASSIGN T_BITNOT T_IDENTIFIER T_SEMICOLON T_INT T_IDENTIFIER T_ASSIGN T_IDENTIFIER T_LEFT_PAREN T_IDENTIFIER T_COMMA T_IDENTIFIER T_RIGHT_PAREN T_SEMICOLON T_LEFT_BRACE T_INT T_IDENTIFIER T_ASSIGN T_INTEGER_LITERAL T_SEMICOLON T_IDENTIFIER T_ASSIGN T_IDENTIFIER T_PLUS T_INTEGER_LITERAL T_SEMICOLON T_RIGHT_BRACE T_RETURN T_INTEGER_LITERAL T_SEMICOLON T_RIGHT_BRACE T_EOF 

State Stack: 0 8 8 9 16 18 23 50 118 118 118 118 118 118 118 118 118 108 206 296 386 447 488 108 206 296 386 441 43 96 39 85 
Symbol Stack: declaration declaration type_specifier T_IDENTIFIER T_LEFT_PAREN T_RIGHT_PAREN T_LEFT_BRACE statement statement statement statement statement statement statement statement statement T_IF T_LEFT_PAREN expression T_RIGHT_PAREN statement T_ELSE T_IF T_LEFT_PAREN expression T_RIGHT_PAREN T_LEFT_BRACE var T_ASSIGN additive_expression addop 
Input Stack: T_INTEGER_LITERAL T_SEMICOLON T_RIGHT_BRACE T_ELSE T_LEFT_BRACE T_IDENTIFIER T_ASSIGN T_INTEGER_LITERAL T_SEMICOLON T_RIGHT_BRACE T_WHILE T_LEFT_PAREN T_IDENTIFIER T_GREATER T_INTEGER_LITERAL T_RIGHT_PAREN T_LEFT_BRACE T_IDENTIFIER T_DECREMENT T_SEMICOLON T_RIGHT_BRACE T_FOR T_LEFT_PAREN T_IDENTIFIER T_ASSIGN T_INTEGER_LITERAL T_SEMICOLON T_IDENTIFIER T_LESS T_INTEGER_LITERAL T_SEMICOLON T_IDENTIFIER T_INCREMENT T_RIGHT_PAREN T_LEFT_BRACE T_IDENTIFIER T_ASSIGN T_IDENTIFIER T_PLUS T_IDENTIFIER T_SEMICOLON T_RIGHT_BRACE T_FOR T_LEFT_PAREN T_IDENTIFIER T_ASSIGN T_INTEGER_LITERAL T_SEMICOLON T_IDENTIFIER T_LESS T_INTEGER_LITERAL T_SEMICOLON T_IDENTIFIER T_INCREMENT T_RIGHT_PAREN T_LEFT_BRACE T_IDENTIFIER T_LEFT_SQUARE T_IDENTIFIER T_RIGHT_SQUARE T_ASSIGN T_IDENTIFIER T_SEMICOLON T_RIGHT_BRACE T_IDENTIFIER T_ASSIGN T_NOT T_IDENTIFIER T_SEMICOLON T_IDENTIFIER T_ASSIGN T_IDENTIFIER T_MOD T_INTEGER_LITERAL T_SEMICOLON T_IDENTIFIER T_ASSIGN T_IDENTIFIER T_BITAND T_INTEGER_LITERAL T_SEMICOLON T_IDENTIFIER T_ASSIGN T_IDENTIFIER T_BITOR T_INTEGER_LITERAL T_SEMICOLON T_IDENTIFIER T_ASSIGN T_IDENTIFIER T_BITXOR T_INTEGER_LITERAL T_SEMICOLON T_IDENTIFIER T_ASSIGN T_BITNOT T_IDENTIFIER T_SEMICOLON T_INT T_IDENTIFIER T_ASSIGN T_IDENTIFIER T_LEFT_PAREN T_IDENTIFIER T_COMMA T_IDENTIFIER T_RIGHT_PAREN T_SEMICOLON T_LEFT_BRACE T_INT T_IDENTIFIER T_ASSIGN T_INTEGER_LITERAL T_SEMICOLON T_IDENTIFIER T_ASSIGN T_IDENTIFIER T_PLUS T_INTEGER_LITERAL T_SEMICOLON T_RIGHT_BRACE T_RETURN T_INTEGER_LITERAL T_SEMICOLON T_RIGHT_BRACE T_EOF 

State Stack: 0 8 8 9 16 18 23 50 118 118 118 118 118 118 118 118 118 108 206 296 386 447 488 108 206 296 386 441 43 96 39 85 33 
Symbol Stack: declaration declaration type_specifier T_IDENTIFIER T_LEFT_PAREN T_RIGHT_PAREN T_LEFT_BRACE statement statement statement statement statement statement statement statement statement T_IF T_LEFT_PAREN expression T_RIGHT_PAREN statement T_ELSE T_IF T_LEFT_PAREN expression T_RIGHT_PAREN T_LEFT_BRACE var T_ASSIGN additive_expression addop T_INTEGER_LITERAL 
Input Stack: T_SEMICOLON T_RIGHT_BRACE T_ELSE T_LEFT_BRACE T_IDENTIFIER T_ASSIGN T_INTEGER_LITERAL T_SEMICOLON T_RIGHT_BRACE T_WHILE T_LEFT_PAREN T_IDENTIFIER T_GREATER T_INTEGER_LITERAL T_RIGHT_PAREN T_LEFT_BRACE T_IDENTIFIER T_DECREMENT T_SEMICOLON T_RIGHT_BRACE T_FOR T_LEFT_PAREN T_IDENTIFIER T_ASSIGN T_INTEGER_LITERAL T_SEMICOLON T_IDENTIFIER T_LESS T_INTEGER_LITERAL T_SEMICOLON T_IDENTIFIER T_INCREMENT T_RIGHT_PAREN T_LEFT_BRACE T_IDENTIFIER T_ASSIGN T_IDENTIFIER T_PLUS T_IDENTIFIER T_SEMICOLON T_RIGHT_BRACE T_FOR T_LEFT_PAREN T_IDENTIFIER T_ASSIGN T_INTEGER_LITERAL T_SEMICOLON T_IDENTIFIER T_LESS T_INTEGER_LITERAL T_SEMICOLON T_IDENTIFIER T_INCREMENT T_RIGHT_PAREN T_LEFT_BRACE T_IDENTIFIER T_LEFT_SQUARE T_IDENTIFIER T_RIGHT_SQUARE T_ASSIGN T_IDENTIFIER T_SEMICOLON T_RIGHT_BRACE T_IDENTIFIER T_ASSIGN T_NOT T_IDENTIFIER T_SEMICOLON T_IDENTIFIER T_ASSIGN T_IDENTIFIER T_MOD T_INTEGER_LITERAL T_SEMICOLON T_IDENTIFIER T_ASSIGN T_IDENTIFIER T_BITAND T_INTEGER_LITERAL T_SEMICOLON T_IDENTIFIER T_ASSIGN T_IDENTIFIER T_BITOR T_INTEGER_LITERAL T_SEMICOLON T_IDENTIFIER T_ASSIGN T_IDENTIFIER T_BITXOR T_INTEGER_LITERAL T_SEMICOLON T_IDENTIFIER T_ASSIGN T_BITNOT T_IDENTIFIER T_SEMICOLON T_INT T_IDENTIFIER T_ASSIGN T_IDENTIFIER T_LEFT_PAREN T_IDENTIFIER T_COMMA T_IDENTIFIER T_RIGHT_PAREN T_SEMICOLON T_LEFT_BRACE T_INT T_IDENTIFIER T_ASSIGN T_INTEGER_LITERAL T_SEMICOLON T_IDENTIFIER T_ASSIGN T_IDENTIFIER T_PLUS T_INTEGER_LITERAL T_SEMICOLON T_RIGHT_BRACE T_RETURN T_INTEGER_LITERAL T_SEMICOLON T_RIGHT_BRACE T_EOF 

State Stack: 0 8 8 9 16 18 23 50 118 118 118 118 118 118 118 118 118 108 206 296 386 447 488 108 206 296 386 441 43 96 39 85 47 
Symbol Stack: declaration declaration type_specifier T_IDENTIFIER T_LEFT_PAREN T_RIGHT_PAREN T_LEFT_BRACE statement statement statement statement statement statement statement statement statement T_IF T_LEFT_PAREN expression T_RIGHT_PAREN statement T_ELSE T_IF T_LEFT_PAREN expression T_RIGHT_PAREN T_LEFT_BRACE var T_ASSIGN additive_expression addop factor 
Input Stack: T_SEMICOLON T_RIGHT_BRACE T_ELSE T_LEFT_BRACE T_IDENTIFIER T_ASSIGN T_INTEGER_LITERAL T_SEMICOLON T_RIGHT_BRACE T_WHILE T_LEFT_PAREN T_IDENTIFIER T_GREATER T_INTEGER_LITERAL T_RIGHT_PAREN T_LEFT_BRACE T_IDENTIFIER T_DECREMENT T_SEMICOLON T_RIGHT_BRACE T_FOR T_LEFT_PAREN T_IDENTIFIER T_ASSIGN T_INTEGER_LITERAL T_SEMICOLON T_IDENTIFIER T_LESS T_INTEGER_LITERAL T_SEMICOLON T_IDENTIFIER T_INCREMENT T_RIGHT_PAREN T_LEFT_BRACE T_IDENTIFIER T_ASSIGN T_IDENTIFIER T_PLUS T_IDENTIFIER T_SEMICOLON T_RIGHT_BRACE T_FOR T_LEFT_PAREN T_IDENTIFIER T_ASSIGN T_INTEGER_LITERAL T_SEMICOLON T_IDENTIFIER T_LESS T_INTEGER_LITERAL T_SEMICOLON T_IDENTIFIER T_INCREMENT T_RIGHT_PAREN T_LEFT_BRACE T_IDENTIFIER T_LEFT_SQUARE T_IDENTIFIER T_RIGHT_SQUARE T_ASSIGN T_IDENTIFIER T_SEMICOLON T_RIGHT_BRACE T_IDENTIFIER T_ASSIGN T_NOT T_IDENTIFIER T_SEMICOLON T_IDENTIFIER T_ASSIGN T_IDENTIFIER T_MOD T_INTEGER_LITERAL T_SEMICOLON T_IDENTIFIER T_ASSIGN T_IDENTIFIER T_BITAND T_INTEGER_LITERAL T_SEMICOLON T_IDENTIFIER T_ASSIGN T_IDENTIFIER T_BITOR T_INTEGER_LITERAL T_SEMICOLON T_IDENTIFIER T_ASSIGN T_IDENTIFIER T_BITXOR T_INTEGER_LITERAL T_SEMICOLON T_IDENTIFIER T_ASSIGN T_BITNOT T_IDENTIFIER T_SEMICOLON T_INT T_IDENTIFIER T_ASSIGN T_IDENTIFIER T_LEFT_PAREN T_IDENTIFIER T_COMMA T_IDENTIFIER T_RIGHT_PAREN T_SEMICOLON T_LEFT_BRACE T_INT T_IDENTIFIER T_ASSIGN T_INTEGER_LITERAL T_SEMICOLON T_IDENTIFIER T_ASSIGN T_IDENTIFIER T_PLUS T_INTEGER_LITERAL T_SEMICOLON T_RIGHT_BRACE T_RETURN T_INTEGER_LITERAL T_SEMICOLON T_RIGHT_BRACE T_EOF 

State Stack: 0 8 8 9 16 18 23 50 118 118 118 118 118 118 118 118 118 108 206 296 386 447 488 108 206 296 386 441 43 96 39 85 179 
Symbol Stack: declaration declaration type_specifier T_IDENTIFIER T_LEFT_PAREN T_RIGHT_PAREN T_LEFT_BRACE statement statement statement statement statement statement statement statement statement T_IF T_LEFT_PAREN expression T_RIGHT_PAREN statement T_ELSE T_IF T_LEFT_PAREN expression T_RIGHT_PAREN T_LEFT_BRACE var T_ASSIGN additive_expression addop term 
Input Stack: T_SEMICOLON T_RIGHT_BRACE T_ELSE T_LEFT_BRACE T_IDENTIFIER T_ASSIGN T_INTEGER_LITERAL T_SEMICOLON T_RIGHT_BRACE T_WHILE T_LEFT_PAREN T_IDENTIFIER T_GREATER T_INTEGER_LITERAL T_RIGHT_PAREN T_LEFT_BRACE T_IDENTIFIER T_DECREMENT T_SEMICOLON T_RIGHT_BRACE T_FOR T_LEFT_PAREN T_IDENTIFIER T_ASSIGN T_INTEGER_LITERAL T_SEMICOLON T_IDENTIFIER T_LESS T_INTEGER_LITERAL T_SEMICOLON T_IDENTIFIER T_INCREMENT T_RIGHT_PAREN T_LEFT_BRACE T_IDENTIFIER T_ASSIGN T_IDENTIFIER T_PLUS T_IDENTIFIER T_SEMICOLON T_RIGHT_BRACE T_FOR T_LEFT_PAREN T_IDENTIFIER T_ASSIGN T_INTEGER_LITERAL T_SEMICOLON T_IDENTIFIER T_LESS T_INTEGER_LITERAL T_SEMICOLON T_IDENTIFIER T_INCREMENT T_RIGHT_PAREN T_LEFT_BRACE T_IDENTIFIER T_LEFT_SQUARE T_IDENTIFIER T_RIGHT_SQUARE T_ASSIGN T_IDENTIFIER T_SEMICOLON T_RIGHT_BRACE T_IDENTIFIER T_ASSIGN T_NOT T_IDENTIFIER T_SEMICOLON T_IDENTIFIER T_ASSIGN T_IDENTIFIER T_MOD T_INTEGER_LITERAL T_SEMICOLON T_IDENTIFIER T_ASSIGN T_IDENTIFIER T_BITAND T_INTEGER_LITERAL T_SEMICOLON T_IDENTIFIER T_ASSIGN T_IDENTIFIER T_BITOR T_INTEGER_LITERAL T_SEMICOLON T_IDENTIFIER T_ASSIGN T_IDENTIFIER T_BITXOR T_INTEGER_LITERAL T_SEMICOLON T_IDENTIFIER T_ASSIGN T_BITNOT T_IDENTIFIER T_SEMICOLON T_INT T_IDENTIFIER T_ASSIGN T_IDENTIFIER T_LEFT_PAREN T_IDENTIFIER T_COMMA T_IDENTIFIER T_RIGHT_PAREN T_SEMICOLON T_LEFT_BRACE T_INT T_IDENTIFIER T_ASSIGN T_INTEGER_LITERAL T_SEMICOLON T_IDENTIFIER T_ASSIGN T_IDENTIFIER T_PLUS T_INTEGER_LITERAL T_SEMICOLON T_RIGHT_BRACE T_RETURN T_INTEGER_LITERAL T_SEMICOLON T_RIGHT_BRACE T_EOF 

State Stack: 0 8 8 9 16 18 23 50 118 118 118 118 118 118 118 118 118 108 206 296 386 447 488 108 206 296 386 441 43 96 39 
Symbol Stack: declaration declaration type_specifier T_IDENTIFIER T_LEFT_PAREN T_RIGHT_PAREN T_LEFT_BRACE statement statement statement statement statement statement statement statement statement T_IF T_LEFT_PAREN expression T_RIGHT_PAREN statement T_ELSE T_IF T_LEFT_PAREN expression T_RIGHT_PAREN T_LEFT_BRACE var T_ASSIGN additive_expression 
Input Stack: T_SEMICOLON T_RIGHT_BRACE T_ELSE T_LEFT_BRACE T_IDENTIFIER T_ASSIGN T_INTEGER_LITERAL T_SEMICOLON T_RIGHT_BRACE T_WHILE T_LEFT_PAREN T_IDENTIFIER T_GREATER T_INTEGER_LITERAL T_RIGHT_PAREN T_LEFT_BRACE T_IDENTIFIER T_DECREMENT T_SEMICOLON T_RIGHT_BRACE T_FOR T_LEFT_PAREN T_IDENTIFIER T_ASSIGN T_INTEGER_LITERAL T_SEMICOLON T_IDENTIFIER T_LESS T_INTEGER_LITERAL T_SEMICOLON T_IDENTIFIER T_INCREMENT T_RIGHT_PAREN T_LEFT_BRACE T_IDENTIFIER T_ASSIGN T_IDENTIFIER T_PLUS T_IDENTIFIER T_SEMICOLON T_RIGHT_BRACE T_FOR T_LEFT_PAREN T_IDENTIFIER T_ASSIGN T_INTEGER_LITERAL T_SEMICOLON T_IDENTIFIER T_LESS T_INTEGER_LITERAL T_SEMICOLON T_IDENTIFIER T_INCREMENT T_RIGHT_PAREN T_LEFT_BRACE T_IDENTIFIER T_LEFT_SQUARE T_IDENTIFIER T_RIGHT_SQUARE T_ASSIGN T_IDENTIFIER T_SEMICOLON T_RIGHT_BRACE T_IDENTIFIER T_ASSIGN T_NOT T_IDENTIFIER T_SEMICOLON T_IDENTIFIER T_ASSIGN T_IDENTIFIER T_MOD T_INTEGER_LITERAL T_SEMICOLON T_IDENTIFIER T_ASSIGN T_IDENTIFIER T_BITAND T_INTEGER_LITERAL T_SEMICOLON T_IDENTIFIER T_ASSIGN T_IDENTIFIER T_BITOR T_INTEGER_LITERAL T_SEMICOLON T_IDENTIFIER T_ASSIGN T_IDENTIFIER T_BITXOR T_INTEGER_LITERAL T_SEMICOLON T_IDENTIFIER T_ASSIGN T_BITNOT T_IDENTIFIER T_SEMICOLON T_INT T_IDENTIFIER T_ASSIGN T_IDENTIFIER T_LEFT_PAREN T_IDENTIFIER T_COMMA T_IDENTIFIER T_RIGHT_PAREN T_SEMICOLON T_LEFT_BRACE T_INT T_IDENTIFIER T_ASSIGN T_INTEGER_LITERAL T_SEMICOLON T_IDENTIFIER T_ASSIGN T_IDENTIFIER T_PLUS T_INTEGER_LITERAL T_SEMICOLON T_RIGHT_BRACE T_RETURN T_INTEGER_LITERAL T_SEMICOLON T_RIGHT_BRACE T_EOF 

State Stack: 0 8 8 9 16 18 23 50 118 118 118 118 118 118 118 118 118 108 206 296 386 447 488 108 206 296 386 441 43 96 42 
Symbol Stack: declaration declaration type_specifier T_IDENTIFIER T_LEFT_PAREN T_RIGHT_PAREN T_LEFT_BRACE statement statement statement statement statement statement statement statement statement T_IF T_LEFT_PAREN expression T_RIGHT_PAREN statement T_ELSE T_IF T_LEFT_PAREN expression T_RIGHT_PAREN T_LEFT_BRACE var T_ASSIGN simple_expression 
Input Stack: T_SEMICOLON T_RIGHT_BRACE T_ELSE T_LEFT_BRACE T_IDENTIFIER T_ASSIGN T_INTEGER_LITERAL T_SEMICOLON T_RIGHT_BRACE T_WHILE T_LEFT_PAREN T_IDENTIFIER T_GREATER T_INTEGER_LITERAL T_RIGHT_PAREN T_LEFT_BRACE T_IDENTIFIER T_DECREMENT T_SEMICOLON T_RIGHT_BRACE T_FOR T_LEFT_PAREN T_IDENTIFIER T_ASSIGN T_INTEGER_LITERAL T_SEMICOLON T_IDENTIFIER T_LESS T_INTEGER_LITERAL T_SEMICOLON T_IDENTIFIER T_INCREMENT T_RIGHT_PAREN T_LEFT_BRACE T_IDENTIFIER T_ASSIGN T_IDENTIFIER T_PLUS T_IDENTIFIER T_SEMICOLON T_RIGHT_BRACE T_FOR T_LEFT_PAREN T_IDENTIFIER T_ASSIGN T_INTEGER_LITERAL T_SEMICOLON T_IDENTIFIER T_LESS T_INTEGER_LITERAL T_SEMICOLON T_IDENTIFIER T_INCREMENT T_RIGHT_PAREN T_LEFT_BRACE T_IDENTIFIER T_LEFT_SQUARE T_IDENTIFIER T_RIGHT_SQUARE T_ASSIGN T_IDENTIFIER T_SEMICOLON T_RIGHT_BRACE T_IDENTIFIER T_ASSIGN T_NOT T_IDENTIFIER T_SEMICOLON T_IDENTIFIER T_ASSIGN T_IDENTIFIER T_MOD T_INTEGER_LITERAL T_SEMICOLON T_IDENTIFIER T_ASSIGN T_IDENTIFIER T_BITAND T_INTEGER_LITERAL T_SEMICOLON T_IDENTIFIER T_ASSIGN T_IDENTIFIER T_BITOR T_INTEGER_LITERAL T_SEMICOLON T_IDENTIFIER T_ASSIGN T_IDENTIFIER T_BITXOR T_INTEGER_LITERAL T_SEMICOLON T_IDENTIFIER T_ASSIGN T_BITNOT T_IDENTIFIER T_SEMICOLON T_INT T_IDENTIFIER T_ASSIGN T_IDENTIFIER T_LEFT_PAREN T_IDENTIFIER T_COMMA T_IDENTIFIER T_RIGHT_PAREN T_SEMICOLON T_LEFT_BRACE T_INT T_IDENTIFIER T_ASSIGN T_INTEGER_LITERAL T_SEMICOLON T_IDENTIFIER T_ASSIGN T_IDENTIFIER T_PLUS T_INTEGER_LITERAL T_SEMICOLON T_RIGHT_BRACE T_RETURN T_INTEGER_LITERAL T_SEMICOLON T_RIGHT_BRACE T_EOF 

State Stack: 0 8 8 9 16 18 23 50 118 118 118 118 118 118 118 118 118 108 206 296 386 447 488 108 206 296 386 441 43 96 198 
Symbol Stack: declaration declaration type_specifier T_IDENTIFIER T_LEFT_PAREN T_RIGHT_PAREN T_LEFT_BRACE statement statement statement statement statement statement statement statement statement T_IF T_LEFT_PAREN expression T_RIGHT_PAREN statement T_ELSE T_IF T_LEFT_PAREN expression T_RIGHT_PAREN T_LEFT_BRACE var T_ASSIGN expression 
Input Stack: T_SEMICOLON T_RIGHT_BRACE T_ELSE T_LEFT_BRACE T_IDENTIFIER T_ASSIGN T_INTEGER_LITERAL T_SEMICOLON T_RIGHT_BRACE T_WHILE T_LEFT_PAREN T_IDENTIFIER T_GREATER T_INTEGER_LITERAL T_RIGHT_PAREN T_LEFT_BRACE T_IDENTIFIER T_DECREMENT T_SEMICOLON T_RIGHT_BRACE T_FOR T_LEFT_PAREN T_IDENTIFIER T_ASSIGN T_INTEGER_LITERAL T_SEMICOLON T_IDENTIFIER T_LESS T_INTEGER_LITERAL T_SEMICOLON T_IDENTIFIER T_INCREMENT T_RIGHT_PAREN T_LEFT_BRACE T_IDENTIFIER T_ASSIGN T_IDENTIFIER T_PLUS T_IDENTIFIER T_SEMICOLON T_RIGHT_BRACE T_FOR T_LEFT_PAREN T_IDENTIFIER T_ASSIGN T_INTEGER_LITERAL T_SEMICOLON T_IDENTIFIER T_LESS T_INTEGER_LITERAL T_SEMICOLON T_IDENTIFIER T_INCREMENT T_RIGHT_PAREN T_LEFT_BRACE T_IDENTIFIER T_LEFT_SQUARE T_IDENTIFIER T_RIGHT_SQUARE T_ASSIGN T_IDENTIFIER T_SEMICOLON T_RIGHT_BRACE T_IDENTIFIER T_ASSIGN T_NOT T_IDENTIFIER T_SEMICOLON T_IDENTIFIER T_ASSIGN T_IDENTIFIER T_MOD T_INTEGER_LITERAL T_SEMICOLON T_IDENTIFIER T_ASSIGN T_IDENTIFIER T_BITAND T_INTEGER_LITERAL T_SEMICOLON T_IDENTIFIER T_ASSIGN T_IDENTIFIER T_BITOR T_INTEGER_LITERAL T_SEMICOLON T_IDENTIFIER T_ASSIGN T_IDENTIFIER T_BITXOR T_INTEGER_LITERAL T_SEMICOLON T_IDENTIFIER T_ASSIGN T_BITNOT T_IDENTIFIER T_SEMICOLON T_INT T_IDENTIFIER T_ASSIGN T_IDENTIFIER T_LEFT_PAREN T_IDENTIFIER T_COMMA T_IDENTIFIER T_RIGHT_PAREN T_SEMICOLON T_LEFT_BRACE T_INT T_IDENTIFIER T_ASSIGN T_INTEGER_LITERAL T_SEMICOLON T_IDENTIFIER T_ASSIGN T_IDENTIFIER T_PLUS T_INTEGER_LITERAL T_SEMICOLON T_RIGHT_BRACE T_RETURN T_INTEGER_LITERAL T_SEMICOLON T_RIGHT_BRACE T_EOF 

State Stack: 0 8 8 9 16 18 23 50 118 118 118 118 118 118 118 118 118 108 206 296 386 447 488 108 206 296 386 441 111 
Symbol Stack: declaration declaration type_specifier T_IDENTIFIER T_LEFT_PAREN T_RIGHT_PAREN T_LEFT_BRACE statement statement statement statement statement statement statement statement statement T_IF T_LEFT_PAREN expression T_RIGHT_PAREN statement T_ELSE T_IF T_LEFT_PAREN expression T_RIGHT_PAREN T_LEFT_BRACE expression 
Input Stack: T_SEMICOLON T_RIGHT_BRACE T_ELSE T_LEFT_BRACE T_IDENTIFIER T_ASSIGN T_INTEGER_LITERAL T_SEMICOLON T_RIGHT_BRACE T_WHILE T_LEFT_PAREN T_IDENTIFIER T_GREATER T_INTEGER_LITERAL T_RIGHT_PAREN T_LEFT_BRACE T_IDENTIFIER T_DECREMENT T_SEMICOLON T_RIGHT_BRACE T_FOR T_LEFT_PAREN T_IDENTIFIER T_ASSIGN T_INTEGER_LITERAL T_SEMICOLON T_IDENTIFIER T_LESS T_INTEGER_LITERAL T_SEMICOLON T_IDENTIFIER T_INCREMENT T_RIGHT_PAREN T_LEFT_BRACE T_IDENTIFIER T_ASSIGN T_IDENTIFIER T_PLUS T_IDENTIFIER T_SEMICOLON T_RIGHT_BRACE T_FOR T_LEFT_PAREN T_IDENTIFIER T_ASSIGN T_INTEGER_LITERAL T_SEMICOLON T_IDENTIFIER T_LESS T_INTEGER_LITERAL T_SEMICOLON T_IDENTIFIER T_INCREMENT T_RIGHT_PAREN T_LEFT_BRACE T_IDENTIFIER T_LEFT_SQUARE T_IDENTIFIER T_RIGHT_SQUARE T_ASSIGN T_IDENTIFIER T_SEMICOLON T_RIGHT_BRACE T_IDENTIFIER T_ASSIGN T_NOT T_IDENTIFIER T_SEMICOLON T_IDENTIFIER T_ASSIGN T_IDENTIFIER T_MOD T_INTEGER_LITERAL T_SEMICOLON T_IDENTIFIER T_ASSIGN T_IDENTIFIER T_BITAND T_INTEGER_LITERAL T_SEMICOLON T_IDENTIFIER T_ASSIGN T_IDENTIFIER T_BITOR T_INTEGER_LITERAL T_SEMICOLON T_IDENTIFIER T_ASSIGN T_IDENTIFIER T_BITXOR T_INTEGER_LITERAL T_SEMICOLON T_IDENTIFIER T_ASSIGN T_BITNOT T_IDENTIFIER T_SEMICOLON T_INT T_IDENTIFIER T_ASSIGN T_IDENTIFIER T_LEFT_PAREN T_IDENTIFIER T_COMMA T_IDENTIFIER T_RIGHT_PAREN T_SEMICOLON T_LEFT_BRACE T_INT T_IDENTIFIER T_ASSIGN T_INTEGER_LITERAL T_SEMICOLON T_IDENTIFIER T_ASSIGN T_IDENTIFIER T_PLUS T_INTEGER_LITERAL T_SEMICOLON T_RIGHT_BRACE T_RETURN T_INTEGER_LITERAL T_SEMICOLON T_RIGHT_BRACE T_EOF 

State Stack: 0 8 8 9 16 18 23 50 118 118 118 118 118 118 118 118 118 108 206 296 386 447 488 108 206 296 386 441 111 208 
Symbol Stack: declaration declaration type_specifier T_IDENTIFIER T_LEFT_PAREN T_RIGHT_PAREN T_LEFT_BRACE statement statement statement statement statement statement statement statement statement T_IF T_LEFT_PAREN expression T_RIGHT_PAREN statement T_ELSE T_IF T_LEFT_PAREN expression T_RIGHT_PAREN T_LEFT_BRACE expression T_SEMICOLON 
Input Stack: T_RIGHT_BRACE T_ELSE T_LEFT_BRACE T_IDENTIFIER T_ASSIGN T_INTEGER_LITERAL T_SEMICOLON T_RIGHT_BRACE T_WHILE T_LEFT_PAREN T_IDENTIFIER T_GREATER T_INTEGER_LITERAL T_RIGHT_PAREN T_LEFT_BRACE T_IDENTIFIER T_DECREMENT T_SEMICOLON T_RIGHT_BRACE T_FOR T_LEFT_PAREN T_IDENTIFIER T_ASSIGN T_INTEGER_LITERAL T_SEMICOLON T_IDENTIFIER T_LESS T_INTEGER_LITERAL T_SEMICOLON T_IDENTIFIER T_INCREMENT T_RIGHT_PAREN T_LEFT_BRACE T_IDENTIFIER T_ASSIGN T_IDENTIFIER T_PLUS T_IDENTIFIER T_SEMICOLON T_RIGHT_BRACE T_FOR T_LEFT_PAREN T_IDENTIFIER T_ASSIGN T_INTEGER_LITERAL T_SEMICOLON T_IDENTIFIER T_LESS T_INTEGER_LITERAL T_SEMICOLON T_IDENTIFIER T_INCREMENT T_RIGHT_PAREN T_LEFT_BRACE T_IDENTIFIER T_LEFT_SQUARE T_IDENTIFIER T_RIGHT_SQUARE T_ASSIGN T_IDENTIFIER T_SEMICOLON T_RIGHT_BRACE T_IDENTIFIER T_ASSIGN T_NOT T_IDENTIFIER T_SEMICOLON T_IDENTIFIER T_ASSIGN T_IDENTIFIER T_MOD T_INTEGER_LITERAL T_SEMICOLON T_IDENTIFIER T_ASSIGN T_IDENTIFIER T_BITAND T_INTEGER_LITERAL T_SEMICOLON T_IDENTIFIER T_ASSIGN T_IDENTIFIER T_BITOR T_INTEGER_LITERAL T_SEMICOLON T_IDENTIFIER T_ASSIGN T_IDENTIFIER T_BITXOR T_INTEGER_LITERAL T_SEMICOLON T_IDENTIFIER T_ASSIGN T_BITNOT T_IDENTIFIER T_SEMICOLON T_INT T_IDENTIFIER T_ASSIGN T_IDENTIFIER T_LEFT_PAREN T_IDENTIFIER T_COMMA T_IDENTIFIER T_RIGHT_PAREN T_SEMICOLON T_LEFT_BRACE T_INT T_IDENTIFIER T_ASSIGN T_INTEGER_LITERAL T_SEMICOLON T_IDENTIFIER T_ASSIGN T_IDENTIFIER T_PLUS T_INTEGER_LITERAL T_SEMICOLON T_RIGHT_BRACE T_RETURN T_INTEGER_LITERAL T_SEMICOLON T_RIGHT_BRACE T_EOF 

State Stack: 0 8 8 9 16 18 23 50 118 118 118 118 118 118 118 118 118 108 206 296 386 447 488 108 206 296 386 441 113 
Symbol Stack: declaration declaration type_specifier T_IDENTIFIER T_LEFT_PAREN T_RIGHT_PAREN T_LEFT_BRACE statement statement statement statement statement statement statement statement statement T_IF T_LEFT_PAREN expression T_RIGHT_PAREN statement T_ELSE T_IF T_LEFT_PAREN expression T_RIGHT_PAREN T_LEFT_BRACE expression_stmt 
Input Stack: T_RIGHT_BRACE T_ELSE T_LEFT_BRACE T_IDENTIFIER T_ASSIGN T_INTEGER_LITERAL T_SEMICOLON T_RIGHT_BRACE T_WHILE T_LEFT_PAREN T_IDENTIFIER T_GREATER T_INTEGER_LITERAL T_RIGHT_PAREN T_LEFT_BRACE T_IDENTIFIER T_DECREMENT T_SEMICOLON T_RIGHT_BRACE T_FOR T_LEFT_PAREN T_IDENTIFIER T_ASSIGN T_INTEGER_LITERAL T_SEMICOLON T_IDENTIFIER T_LESS T_INTEGER_LITERAL T_SEMICOLON T_IDENTIFIER T_INCREMENT T_RIGHT_PAREN T_LEFT_BRACE T_IDENTIFIER T_ASSIGN T_IDENTIFIER T_PLUS T_IDENTIFIER T_SEMICOLON T_RIGHT_BRACE T_FOR T_LEFT_PAREN T_IDENTIFIER T_ASSIGN T_INTEGER_LITERAL T_SEMICOLON T_IDENTIFIER T_LESS T_INTEGER_LITERAL T_SEMICOLON T_IDENTIFIER T_INCREMENT T_RIGHT_PAREN T_LEFT_BRACE T_IDENTIFIER T_LEFT_SQUARE T_IDENTIFIER T_RIGHT_SQUARE T_ASSIGN T_IDENTIFIER T_SEMICOLON T_RIGHT_BRACE T_IDENTIFIER T_ASSIGN T_NOT T_IDENTIFIER T_SEMICOLON T_IDENTIFIER T_ASSIGN T_IDENTIFIER T_MOD T_INTEGER_LITERAL T_SEMICOLON T_IDENTIFIER T_ASSIGN T_IDENTIFIER T_BITAND T_INTEGER_LITERAL T_SEMICOLON T_IDENTIFIER T_ASSIGN T_IDENTIFIER T_BITOR T_INTEGER_LITERAL T_SEMICOLON T_IDENTIFIER T_ASSIGN T_IDENTIFIER T_BITXOR T_INTEGER_LITERAL T_SEMICOLON T_IDENTIFIER T_ASSIGN T_BITNOT T_IDENTIFIER T_SEMICOLON T_INT T_IDENTIFIER T_ASSIGN T_IDENTIFIER T_LEFT_PAREN T_IDENTIFIER T_COMMA T_IDENTIFIER T_RIGHT_PAREN T_SEMICOLON T_LEFT_BRACE T_INT T_IDENTIFIER T_ASSIGN T_INTEGER_LITERAL T_SEMICOLON T_IDENTIFIER T_ASSIGN T_IDENTIFIER T_PLUS T_INTEGER_LITERAL T_SEMICOLON T_RIGHT_BRACE T_RETURN T_INTEGER_LITERAL T_SEMICOLON T_RIGHT_BRACE T_EOF 

State Stack: 0 8 8 9 16 18 23 50 118 118 118 118 118 118 118 118 118 108 206 296 386 447 488 108 206 296 386 441 118 
Symbol Stack: declaration declaration type_specifier T_IDENTIFIER T_LEFT_PAREN T_RIGHT_PAREN T_LEFT_BRACE statement statement statement statement statement statement statement statement statement T_IF T_LEFT_PAREN expression T_RIGHT_PAREN statement T_ELSE T_IF T_LEFT_PAREN expression T_RIGHT_PAREN T_LEFT_BRACE statement 
Input Stack: T_RIGHT_BRACE T_ELSE T_LEFT_BRACE T_IDENTIFIER T_ASSIGN T_INTEGER_LITERAL T_SEMICOLON T_RIGHT_BRACE T_WHILE T_LEFT_PAREN T_IDENTIFIER T_GREATER T_INTEGER_LITERAL T_RIGHT_PAREN T_LEFT_BRACE T_IDENTIFIER T_DECREMENT T_SEMICOLON T_RIGHT_BRACE T_FOR T_LEFT_PAREN T_IDENTIFIER T_ASSIGN T_INTEGER_LITERAL T_SEMICOLON T_IDENTIFIER T_LESS T_INTEGER_LITERAL T_SEMICOLON T_IDENTIFIER T_INCREMENT T_RIGHT_PAREN T_LEFT_BRACE T_IDENTIFIER T_ASSIGN T_IDENTIFIER T_PLUS T_IDENTIFIER T_SEMICOLON T_RIGHT_BRACE T_FOR T_LEFT_PAREN T_IDENTIFIER T_ASSIGN T_INTEGER_LITERAL T_SEMICOLON T_IDENTIFIER T_LESS T_INTEGER_LITERAL T_SEMICOLON T_IDENTIFIER T_INCREMENT T_RIGHT_PAREN T_LEFT_BRACE T_IDENTIFIER T_LEFT_SQUARE T_IDENTIFIER T_RIGHT_SQUARE T_ASSIGN T_IDENTIFIER T_SEMICOLON T_RIGHT_BRACE T_IDENTIFIER T_ASSIGN T_NOT T_IDENTIFIER T_SEMICOLON T_IDENTIFIER T_ASSIGN T_IDENTIFIER T_MOD T_INTEGER_LITERAL T_SEMICOLON T_IDENTIFIER T_ASSIGN T_IDENTIFIER T_BITAND T_INTEGER_LITERAL T_SEMICOLON T_IDENTIFIER T_ASSIGN T_IDENTIFIER T_BITOR T_INTEGER_LITERAL T_SEMICOLON T_IDENTIFIER T_ASSIGN T_IDENTIFIER T_BITXOR T_INTEGER_LITERAL T_SEMICOLON T_IDENTIFIER T_ASSIGN T_BITNOT T_IDENTIFIER T_SEMICOLON T_INT T_IDENTIFIER T_ASSIGN T_IDENTIFIER T_LEFT_PAREN T_IDENTIFIER T_COMMA T_IDENTIFIER T_RIGHT_PAREN T_SEMICOLON T_LEFT_BRACE T_INT T_IDENTIFIER T_ASSIGN T_INTEGER_LITERAL T_SEMICOLON T_IDENTIFIER T_ASSIGN T_IDENTIFIER T_PLUS T_INTEGER_LITERAL T_SEMICOLON T_RIGHT_BRACE T_RETURN T_INTEGER_LITERAL T_SEMICOLON T_RIGHT_BRACE T_EOF 

State Stack: 0 8 8 9 16 18 23 50 118 118 118 118 118 118 118 118 118 108 206 296 386 447 488 108 206 296 386 441 109 
Symbol Stack: declaration declaration type_specifier T_IDENTIFIER T_LEFT_PAREN T_RIGHT_PAREN T_LEFT_BRACE statement statement statement statement statement statement statement statement statement T_IF T_LEFT_PAREN expression T_RIGHT_PAREN statement T_ELSE T_IF T_LEFT_PAREN expression T_RIGHT_PAREN T_LEFT_BRACE statement_list 
Input Stack: T_RIGHT_BRACE T_ELSE T_LEFT_BRACE T_IDENTIFIER T_ASSIGN T_INTEGER_LITERAL T_SEMICOLON T_RIGHT_BRACE T_WHILE T_LEFT_PAREN T_IDENTIFIER T_GREATER T_INTEGER_LITERAL T_RIGHT_PAREN T_LEFT_BRACE T_IDENTIFIER T_DECREMENT T_SEMICOLON T_RIGHT_BRACE T_FOR T_LEFT_PAREN T_IDENTIFIER T_ASSIGN T_INTEGER_LITERAL T_SEMICOLON T_IDENTIFIER T_LESS T_INTEGER_LITERAL T_SEMICOLON T_IDENTIFIER T_INCREMENT T_RIGHT_PAREN T_LEFT_BRACE T_IDENTIFIER T_ASSIGN T_IDENTIFIER T_PLUS T_IDENTIFIER T_SEMICOLON T_RIGHT_BRACE T_FOR T_LEFT_PAREN T_IDENTIFIER T_ASSIGN T_INTEGER_LITERAL T_SEMICOLON T_IDENTIFIER T_LESS T_INTEGER_LITERAL T_SEMICOLON T_IDENTIFIER T_INCREMENT T_RIGHT_PAREN T_LEFT_BRACE T_IDENTIFIER T_LEFT_SQUARE T_IDENTIFIER T_RIGHT_SQUARE T_ASSIGN T_IDENTIFIER T_SEMICOLON T_RIGHT_BRACE T_IDENTIFIER T_ASSIGN T_NOT T_IDENTIFIER T_SEMICOLON T_IDENTIFIER T_ASSIGN T_IDENTIFIER T_MOD T_INTEGER_LITERAL T_SEMICOLON T_IDENTIFIER T_ASSIGN T_IDENTIFIER T_BITAND T_INTEGER_LITERAL T_SEMICOLON T_IDENTIFIER T_ASSIGN T_IDENTIFIER T_BITOR T_INTEGER_LITERAL T_SEMICOLON T_IDENTIFIER T_ASSIGN T_IDENTIFIER T_BITXOR T_INTEGER_LITERAL T_SEMICOLON T_IDENTIFIER T_ASSIGN T_BITNOT T_IDENTIFIER T_SEMICOLON T_INT T_IDENTIFIER T_ASSIGN T_IDENTIFIER T_LEFT_PAREN T_IDENTIFIER T_COMMA T_IDENTIFIER T_RIGHT_PAREN T_SEMICOLON T_LEFT_BRACE T_INT T_IDENTIFIER T_ASSIGN T_INTEGER_LITERAL T_SEMICOLON T_IDENTIFIER T_ASSIGN T_IDENTIFIER T_PLUS T_INTEGER_LITERAL T_SEMICOLON T_RIGHT_BRACE T_RETURN T_INTEGER_LITERAL T_SEMICOLON T_RIGHT_BRACE T_EOF 

State Stack: 0 8 8 9 16 18 23 50 118 118 118 118 118 118 118 118 118 108 206 296 386 447 488 108 206 296 386 441 481 
Symbol Stack: declaration declaration type_specifier T_IDENTIFIER T_LEFT_PAREN T_RIGHT_PAREN T_LEFT_BRACE statement statement statement statement statement statement statement statement statement T_IF T_LEFT_PAREN expression T_RIGHT_PAREN statement T_ELSE T_IF T_LEFT_PAREN expression T_RIGHT_PAREN T_LEFT_BRACE block_items 
Input Stack: T_RIGHT_BRACE T_ELSE T_LEFT_BRACE T_IDENTIFIER T_ASSIGN T_INTEGER_LITERAL T_SEMICOLON T_RIGHT_BRACE T_WHILE T_LEFT_PAREN T_IDENTIFIER T_GREATER T_INTEGER_LITERAL T_RIGHT_PAREN T_LEFT_BRACE T_IDENTIFIER T_DECREMENT T_SEMICOLON T_RIGHT_BRACE T_FOR T_LEFT_PAREN T_IDENTIFIER T_ASSIGN T_INTEGER_LITERAL T_SEMICOLON T_IDENTIFIER T_LESS T_INTEGER_LITERAL T_SEMICOLON T_IDENTIFIER T_INCREMENT T_RIGHT_PAREN T_LEFT_BRACE T_IDENTIFIER T_ASSIGN T_IDENTIFIER T_PLUS T_IDENTIFIER T_SEMICOLON T_RIGHT_BRACE T_FOR T_LEFT_PAREN T_IDENTIFIER T_ASSIGN T_INTEGER_LITERAL T_SEMICOLON T_IDENTIFIER T_LESS T_INTEGER_LITERAL T_SEMICOLON T_IDENTIFIER T_INCREMENT T_RIGHT_PAREN T_LEFT_BRACE T_IDENTIFIER T_LEFT_SQUARE T_IDENTIFIER T_RIGHT_SQUARE T_ASSIGN T_IDENTIFIER T_SEMICOLON T_RIGHT_BRACE T_IDENTIFIER T_ASSIGN T_NOT T_IDENTIFIER T_SEMICOLON T_IDENTIFIER T_ASSIGN T_IDENTIFIER T_MOD T_INTEGER_LITERAL T_SEMICOLON T_IDENTIFIER T_ASSIGN T_IDENTIFIER T_BITAND T_INTEGER_LITERAL T_SEMICOLON T_IDENTIFIER T_ASSIGN T_IDENTIFIER T_BITOR T_INTEGER_LITERAL T_SEMICOLON T_IDENTIFIER T_ASSIGN T_IDENTIFIER T_BITXOR T_INTEGER_LITERAL T_SEMICOLON T_IDENTIFIER T_ASSIGN T_BITNOT T_IDENTIFIER T_SEMICOLON T_INT T_IDENTIFIER T_ASSIGN T_IDENTIFIER T_LEFT_PAREN T_IDENTIFIER T_COMMA T_IDENTIFIER T_RIGHT_PAREN T_SEMICOLON T_LEFT_BRACE T_INT T_IDENTIFIER T_ASSIGN T_INTEGER_LITERAL T_SEMICOLON T_IDENTIFIER T_ASSIGN T_IDENTIFIER T_PLUS T_INTEGER_LITERAL T_SEMICOLON T_RIGHT_BRACE T_RETURN T_INTEGER_LITERAL T_SEMICOLON T_RIGHT_BRACE T_EOF 

State Stack: 0 8 8 9 16 18 23 50 118 118 118 118 118 118 118 118 118 108 206 296 386 447 488 108 206 296 386 441 481 501 
Symbol Stack: declaration declaration type_specifier T_IDENTIFIER T_LEFT_PAREN T_RIGHT_PAREN T_LEFT_BRACE statement statement statement statement statement statement statement statement statement T_IF T_LEFT_PAREN expression T_RIGHT_PAREN statement T_ELSE T_IF T_LEFT_PAREN expression T_RIGHT_PAREN T_LEFT_BRACE block_items T_RIGHT_BRACE 
Input Stack: T_ELSE T_LEFT_BRACE T_IDENTIFIER T_ASSIGN T_INTEGER_LITERAL T_SEMICOLON T_RIGHT_BRACE T_WHILE T_LEFT_PAREN T_IDENTIFIER T_GREATER T_INTEGER_LITERAL T_RIGHT_PAREN T_LEFT_BRACE T_IDENTIFIER T_DECREMENT T_SEMICOLON T_RIGHT_BRACE T_FOR T_LEFT_PAREN T_IDENTIFIER T_ASSIGN T_INTEGER_LITERAL T_SEMICOLON T_IDENTIFIER T_LESS T_INTEGER_LITERAL T_SEMICOLON T_IDENTIFIER T_INCREMENT T_RIGHT_PAREN T_LEFT_BRACE T_IDENTIFIER T_ASSIGN T_IDENTIFIER T_PLUS T_IDENTIFIER T_SEMICOLON T_RIGHT_BRACE T_FOR T_LEFT_PAREN T_IDENTIFIER T_ASSIGN T_INTEGER_LITERAL T_SEMICOLON T_IDENTIFIER T_LESS T_INTEGER_LITERAL T_SEMICOLON T_IDENTIFIER T_INCREMENT T_RIGHT_PAREN T_LEFT_BRACE T_IDENTIFIER T_LEFT_SQUARE T_IDENTIFIER T_RIGHT_SQUARE T_ASSIGN T_IDENTIFIER T_SEMICOLON T_RIGHT_BRACE T_IDENTIFIER T_ASSIGN T_NOT T_IDENTIFIER T_SEMICOLON T_IDENTIFIER T_ASSIGN T_IDENTIFIER T_MOD T_INTEGER_LITERAL T_SEMICOLON T_IDENTIFIER T_ASSIGN T_IDENTIFIER T_BITAND T_INTEGER_LITERAL T_SEMICOLON T_IDENTIFIER T_ASSIGN T_IDENTIFIER T_BITOR T_INTEGER_LITERAL T_SEMICOLON T_IDENTIFIER T_ASSIGN T_IDENTIFIER T_BITXOR T_INTEGER_LITERAL T_SEMICOLON T_IDENTIFIER T_ASSIGN T_BITNOT T_IDENTIFIER T_SEMICOLON T_INT T_IDENTIFIER T_ASSIGN T_IDENTIFIER T_LEFT_PAREN T_IDENTIFIER T_COMMA T_IDENTIFIER T_RIGHT_PAREN T_SEMICOLON T_LEFT_BRACE T_INT T_IDENTIFIER T_ASSIGN T_INTEGER_LITERAL T_SEMICOLON T_IDENTIFIER T_ASSIGN T_IDENTIFIER T_PLUS T_INTEGER_LITERAL T_SEMICOLON T_RIGHT_BRACE T_RETURN T_INTEGER_LITERAL T_SEMICOLON T_RIGHT_BRACE T_EOF 

State Stack: 0 8 8 9 16 18 23 50 118 118 118 118 118 118 118 118 118 108 206 296 386 447 488 108 206 296 386 448 
Symbol Stack: declaration declaration type_specifier T_IDENTIFIER T_LEFT_PAREN T_RIGHT_PAREN T_LEFT_BRACE statement statement statement statement statement statement statement statement statement T_IF T_LEFT_PAREN expression T_RIGHT_PAREN statement T_ELSE T_IF T_LEFT_PAREN expression T_RIGHT_PAREN compound_stmt 
Input Stack: T_ELSE T_LEFT_BRACE T_IDENTIFIER T_ASSIGN T_INTEGER_LITERAL T_SEMICOLON T_RIGHT_BRACE T_WHILE T_LEFT_PAREN T_IDENTIFIER T_GREATER T_INTEGER_LITERAL T_RIGHT_PAREN T_LEFT_BRACE T_IDENTIFIER T_DECREMENT T_SEMICOLON T_RIGHT_BRACE T_FOR T_LEFT_PAREN T_IDENTIFIER T_ASSIGN T_INTEGER_LITERAL T_SEMICOLON T_IDENTIFIER T_LESS T_INTEGER_LITERAL T_SEMICOLON T_IDENTIFIER T_INCREMENT T_RIGHT_PAREN T_LEFT_BRACE T_IDENTIFIER T_ASSIGN T_IDENTIFIER T_PLUS T_IDENTIFIER T_SEMICOLON T_RIGHT_BRACE T_FOR T_LEFT_PAREN T_IDENTIFIER T_ASSIGN T_INTEGER_LITERAL T_SEMICOLON T_IDENTIFIER T_LESS T_INTEGER_LITERAL T_SEMICOLON T_IDENTIFIER T_INCREMENT T_RIGHT_PAREN T_LEFT_BRACE T_IDENTIFIER T_LEFT_SQUARE T_IDENTIFIER T_RIGHT_SQUARE T_ASSIGN T_IDENTIFIER T_SEMICOLON T_RIGHT_BRACE T_IDENTIFIER T_ASSIGN T_NOT T_IDENTIFIER T_SEMICOLON T_IDENTIFIER T_ASSIGN T_IDENTIFIER T_MOD T_INTEGER_LITERAL T_SEMICOLON T_IDENTIFIER T_ASSIGN T_IDENTIFIER T_BITAND T_INTEGER_LITERAL T_SEMICOLON T_IDENTIFIER T_ASSIGN T_IDENTIFIER T_BITOR T_INTEGER_LITERAL T_SEMICOLON T_IDENTIFIER T_ASSIGN T_IDENTIFIER T_BITXOR T_INTEGER_LITERAL T_SEMICOLON T_IDENTIFIER T_ASSIGN T_BITNOT T_IDENTIFIER T_SEMICOLON T_INT T_IDENTIFIER T_ASSIGN T_IDENTIFIER T_LEFT_PAREN T_IDENTIFIER T_COMMA T_IDENTIFIER T_RIGHT_PAREN T_SEMICOLON T_LEFT_BRACE T_INT T_IDENTIFIER T_ASSIGN T_INTEGER_LITERAL T_SEMICOLON T_IDENTIFIER T_ASSIGN T_IDENTIFIER T_PLUS T_INTEGER_LITERAL T_SEMICOLON T_RIGHT_BRACE T_RETURN T_INTEGER_LITERAL T_SEMICOLON T_RIGHT_BRACE T_EOF 

State Stack: 0 8 8 9 16 18 23 50 118 118 118 118 118 118 118 118 118 108 206 296 386 447 488 108 206 296 386 447 
Symbol Stack: declaration declaration type_specifier T_IDENTIFIER T_LEFT_PAREN T_RIGHT_PAREN T_LEFT_BRACE statement statement statement statement statement statement statement statement statement T_IF T_LEFT_PAREN expression T_RIGHT_PAREN statement T_ELSE T_IF T_LEFT_PAREN expression T_RIGHT_PAREN statement 
Input Stack: T_ELSE T_LEFT_BRACE T_IDENTIFIER T_ASSIGN T_INTEGER_LITERAL T_SEMICOLON T_RIGHT_BRACE T_WHILE T_LEFT_PAREN T_IDENTIFIER T_GREATER T_INTEGER_LITERAL T_RIGHT_PAREN T_LEFT_BRACE T_IDENTIFIER T_DECREMENT T_SEMICOLON T_RIGHT_BRACE T_FOR T_LEFT_PAREN T_IDENTIFIER T_ASSIGN T_INTEGER_LITERAL T_SEMICOLON T_IDENTIFIER T_LESS T_INTEGER_LITERAL T_SEMICOLON T_IDENTIFIER T_INCREMENT T_RIGHT_PAREN T_LEFT_BRACE T_IDENTIFIER T_ASSIGN T_IDENTIFIER T_PLUS T_IDENTIFIER T_SEMICOLON T_RIGHT_BRACE T_FOR T_LEFT_PAREN T_IDENTIFIER T_ASSIGN T_INTEGER_LITERAL T_SEMICOLON T_IDENTIFIER T_LESS T_INTEGER_LITERAL T_SEMICOLON T_IDENTIFIER T_INCREMENT T_RIGHT_PAREN T_LEFT_BRACE T_IDENTIFIER T_LEFT_SQUARE T_IDENTIFIER T_RIGHT_SQUARE T_ASSIGN T_IDENTIFIER T_SEMICOLON T_RIGHT_BRACE T_IDENTIFIER T_ASSIGN T_NOT T_IDENTIFIER T_SEMICOLON T_IDENTIFIER T_ASSIGN T_IDENTIFIER T_MOD T_INTEGER_LITERAL T_SEMICOLON T_IDENTIFIER T_ASSIGN T_IDENTIFIER T_BITAND T_INTEGER_LITERAL T_SEMICOLON T_IDENTIFIER T_ASSIGN T_IDENTIFIER T_BITOR T_INTEGER_LITERAL T_SEMICOLON T_IDENTIFIER T_ASSIGN T_IDENTIFIER T_BITXOR T_INTEGER_LITERAL T_SEMICOLON T_IDENTIFIER T_ASSIGN T_BITNOT T_IDENTIFIER T_SEMICOLON T_INT T_IDENTIFIER T_ASSIGN T_IDENTIFIER T_LEFT_PAREN T_IDENTIFIER T_COMMA T_IDENTIFIER T_RIGHT_PAREN T_SEMICOLON T_LEFT_BRACE T_INT T_IDENTIFIER T_ASSIGN T_INTEGER_LITERAL T_SEMICOLON T_IDENTIFIER T_ASSIGN T_IDENTIFIER T_PLUS T_INTEGER_LITERAL T_SEMICOLON T_RIGHT_BRACE T_RETURN T_INTEGER_LITERAL T_SEMICOLON T_RIGHT_BRACE T_EOF 

State Stack: 0 8 8 9 16 18 23 50 118 118 118 118 118 118 118 118 118 108 206 296 386 447 488 108 206 296 386 447 488 
Symbol Stack: declaration declaration type_specifier T_IDENTIFIER T_LEFT_PAREN T_RIGHT_PAREN T_LEFT_BRACE statement statement statement statement statement statement statement statement statement T_IF T_LEFT_PAREN expression T_RIGHT_PAREN statement T_ELSE T_IF T_LEFT_PAREN expression T_RIGHT_PAREN statement T_ELSE 
Input Stack: T_LEFT_BRACE T_IDENTIFIER T_ASSIGN T_INTEGER_LITERAL T_SEMICOLON T_RIGHT_BRACE T_WHILE T_LEFT_PAREN T_IDENTIFIER T_GREATER T_INTEGER_LITERAL T_RIGHT_PAREN T_LEFT_BRACE T_IDENTIFIER T_DECREMENT T_SEMICOLON T_RIGHT_BRACE T_FOR T_LEFT_PAREN T_IDENTIFIER T_ASSIGN T_INTEGER_LITERAL T_SEMICOLON T_IDENTIFIER T_LESS T_INTEGER_LITERAL T_SEMICOLON T_IDENTIFIER T_INCREMENT T_RIGHT_PAREN T_LEFT_BRACE T_IDENTIFIER T_ASSIGN T_IDENTIFIER T_PLUS T_IDENTIFIER T_SEMICOLON T_RIGHT_BRACE T_FOR T_LEFT_PAREN T_IDENTIFIER T_ASSIGN T_INTEGER_LITERAL T_SEMICOLON T_IDENTIFIER T_LESS T_INTEGER_LITERAL T_SEMICOLON T_IDENTIFIER T_INCREMENT T_RIGHT_PAREN T_LEFT_BRACE T_IDENTIFIER T_LEFT_SQUARE T_IDENTIFIER T_RIGHT_SQUARE T_ASSIGN T_IDENTIFIER T_SEMICOLON T_RIGHT_BRACE T_IDENTIFIER T_ASSIGN T_NOT T_IDENTIFIER T_SEMICOLON T_IDENTIFIER T_ASSIGN T_IDENTIFIER T_MOD T_INTEGER_LITERAL T_SEMICOLON T_IDENTIFIER T_ASSIGN T_IDENTIFIER T_BITAND T_INTEGER_LITERAL T_SEMICOLON T_IDENTIFIER T_ASSIGN T_IDENTIFIER T_BITOR T_INTEGER_LITERAL T_SEMICOLON T_IDENTIFIER T_ASSIGN T_IDENTIFIER T_BITXOR T_INTEGER_LITERAL T_SEMICOLON T_IDENTIFIER T_ASSIGN T_BITNOT T_IDENTIFIER T_SEMICOLON T_INT T_IDENTIFIER T_ASSIGN T_IDENTIFIER T_LEFT_PAREN T_IDENTIFIER T_COMMA T_IDENTIFIER T_RIGHT_PAREN T_SEMICOLON T_LEFT_BRACE T_INT T_IDENTIFIER T_ASSIGN T_INTEGER_LITERAL T_SEMICOLON T_IDENTIFIER T_ASSIGN T_IDENTIFIER T_PLUS T_INTEGER_LITERAL T_SEMICOLON T_RIGHT_BRACE T_RETURN T_INTEGER_LITERAL T_SEMICOLON T_RIGHT_BRACE T_EOF 

State Stack: 0 8 8 9 16 18 23 50 118 118 118 118 118 118 118 118 118 108 206 296 386 447 488 108 206 296 386 447 488 103 
Symbol Stack: declaration declaration type_specifier T_IDENTIFIER T_LEFT_PAREN T_RIGHT_PAREN T_LEFT_BRACE statement statement statement statement statement statement statement statement statement T_IF T_LEFT_PAREN expression T_RIGHT_PAREN statement T_ELSE T_IF T_LEFT_PAREN expression T_RIGHT_PAREN statement T_ELSE T_LEFT_BRACE 
Input Stack: T_IDENTIFIER T_ASSIGN T_INTEGER_LITERAL T_SEMICOLON T_RIGHT_BRACE T_WHILE T_LEFT_PAREN T_IDENTIFIER T_GREATER T_INTEGER_LITERAL T_RIGHT_PAREN T_LEFT_BRACE T_IDENTIFIER T_DECREMENT T_SEMICOLON T_RIGHT_BRACE T_FOR T_LEFT_PAREN T_IDENTIFIER T_ASSIGN T_INTEGER_LITERAL T_SEMICOLON T_IDENTIFIER T_LESS T_INTEGER_LITERAL T_SEMICOLON T_IDENTIFIER T_INCREMENT T_RIGHT_PAREN T_LEFT_BRACE T_IDENTIFIER T_ASSIGN T_IDENTIFIER T_PLUS T_IDENTIFIER T_SEMICOLON T_RIGHT_BRACE T_FOR T_LEFT_PAREN T_IDENTIFIER T_ASSIGN T_INTEGER_LITERAL T_SEMICOLON T_IDENTIFIER T_LESS T_INTEGER_LITERAL T_SEMICOLON T_IDENTIFIER T_INCREMENT T_RIGHT_PAREN T_LEFT_BRACE T_IDENTIFIER T_LEFT_SQUARE T_IDENTIFIER T_RIGHT_SQUARE T_ASSIGN T_IDENTIFIER T_SEMICOLON T_RIGHT_BRACE T_IDENTIFIER T_ASSIGN T_NOT T_IDENTIFIER T_SEMICOLON T_IDENTIFIER T_ASSIGN T_IDENTIFIER T_MOD T_INTEGER_LITERAL T_SEMICOLON T_IDENTIFIER T_ASSIGN T_IDENTIFIER T_BITAND T_INTEGER_LITERAL T_SEMICOLON T_IDENTIFIER T_ASSIGN T_IDENTIFIER T_BITOR T_INTEGER_LITERAL T_SEMICOLON T_IDENTIFIER T_ASSIGN T_IDENTIFIER T_BITXOR T_INTEGER_LITERAL T_SEMICOLON T_IDENTIFIER T_ASSIGN T_BITNOT T_IDENTIFIER T_SEMICOLON T_INT T_IDENTIFIER T_ASSIGN T_IDENTIFIER T_LEFT_PAREN T_IDENTIFIER T_COMMA T_IDENTIFIER T_RIGHT_PAREN T_SEMICOLON T_LEFT_BRACE T_INT T_IDENTIFIER T_ASSIGN T_INTEGER_LITERAL T_SEMICOLON T_IDENTIFIER T_ASSIGN T_IDENTIFIER T_PLUS T_INTEGER_LITERAL T_SEMICOLON T_RIGHT_BRACE T_RETURN T_INTEGER_LITERAL T_SEMICOLON T_RIGHT_BRACE T_EOF 

State Stack: 0 8 8 9 16 18 23 50 118 118 118 118 118 118 118 118 118 108 206 296 386 447 488 108 206 296 386 447 488 103 29 
Symbol Stack: declaration declaration type_specifier T_IDENTIFIER T_LEFT_PAREN T_RIGHT_PAREN T_LEFT_BRACE statement statement statement statement statement statement statement statement statement T_IF T_LEFT_PAREN expression T_RIGHT_PAREN statement T_ELSE T_IF T_LEFT_PAREN expression T_RIGHT_PAREN statement T_ELSE T_LEFT_BRACE T_IDENTIFIER 
Input Stack: T_ASSIGN T_INTEGER_LITERAL T_SEMICOLON T_RIGHT_BRACE T_WHILE T_LEFT_PAREN T_IDENTIFIER T_GREATER T_INTEGER_LITERAL T_RIGHT_PAREN T_LEFT_BRACE T_IDENTIFIER T_DECREMENT T_SEMICOLON T_RIGHT_BRACE T_FOR T_LEFT_PAREN T_IDENTIFIER T_ASSIGN T_INTEGER_LITERAL T_SEMICOLON T_IDENTIFIER T_LESS T_INTEGER_LITERAL T_SEMICOLON T_IDENTIFIER T_INCREMENT T_RIGHT_PAREN T_LEFT_BRACE T_IDENTIFIER T_ASSIGN T_IDENTIFIER T_PLUS T_IDENTIFIER T_SEMICOLON T_RIGHT_BRACE T_FOR T_LEFT_PAREN T_IDENTIFIER T_ASSIGN T_INTEGER_LITERAL T_SEMICOLON T_IDENTIFIER T_LESS T_INTEGER_LITERAL T_SEMICOLON T_IDENTIFIER T_INCREMENT T_RIGHT_PAREN T_LEFT_BRACE T_IDENTIFIER T_LEFT_SQUARE T_IDENTIFIER T_RIGHT_SQUARE T_ASSIGN T_IDENTIFIER T_SEMICOLON T_RIGHT_BRACE T_IDENTIFIER T_ASSIGN T_NOT T_IDENTIFIER T_SEMICOLON T_IDENTIFIER T_ASSIGN T_IDENTIFIER T_MOD T_INTEGER_LITERAL T_SEMICOLON T_IDENTIFIER T_ASSIGN T_IDENTIFIER T_BITAND T_INTEGER_LITERAL T_SEMICOLON T_IDENTIFIER T_ASSIGN T_IDENTIFIER T_BITOR T_INTEGER_LITERAL T_SEMICOLON T_IDENTIFIER T_ASSIGN T_IDENTIFIER T_BITXOR T_INTEGER_LITERAL T_SEMICOLON T_IDENTIFIER T_ASSIGN T_BITNOT T_IDENTIFIER T_SEMICOLON T_INT T_IDENTIFIER T_ASSIGN T_IDENTIFIER T_LEFT_PAREN T_IDENTIFIER T_COMMA T_IDENTIFIER T_RIGHT_PAREN T_SEMICOLON T_LEFT_BRACE T_INT T_IDENTIFIER T_ASSIGN T_INTEGER_LITERAL T_SEMICOLON T_IDENTIFIER T_ASSIGN T_IDENTIFIER T_PLUS T_INTEGER_LITERAL T_SEMICOLON T_RIGHT_BRACE T_RETURN T_INTEGER_LITERAL T_SEMICOLON T_RIGHT_BRACE T_EOF 

State Stack: 0 8 8 9 16 18 23 50 118 118 118 118 118 118 118 118 118 108 206 296 386 447 488 108 206 296 386 447 488 103 43 
Symbol Stack: declaration declaration type_specifier T_IDENTIFIER T_LEFT_PAREN T_RIGHT_PAREN T_LEFT_BRACE statement statement statement statement statement statement statement statement statement T_IF T_LEFT_PAREN expression T_RIGHT_PAREN statement T_ELSE T_IF T_LEFT_PAREN expression T_RIGHT_PAREN statement T_ELSE T_LEFT_BRACE var 
Input Stack: T_ASSIGN T_INTEGER_LITERAL T_SEMICOLON T_RIGHT_BRACE T_WHILE T_LEFT_PAREN T_IDENTIFIER T_GREATER T_INTEGER_LITERAL T_RIGHT_PAREN T_LEFT_BRACE T_IDENTIFIER T_DECREMENT T_SEMICOLON T_RIGHT_BRACE T_FOR T_LEFT_PAREN T_IDENTIFIER T_ASSIGN T_INTEGER_LITERAL T_SEMICOLON T_IDENTIFIER T_LESS T_INTEGER_LITERAL T_SEMICOLON T_IDENTIFIER T_INCREMENT T_RIGHT_PAREN T_LEFT_BRACE T_IDENTIFIER T_ASSIGN T_IDENTIFIER T_PLUS T_IDENTIFIER T_SEMICOLON T_RIGHT_BRACE T_FOR T_LEFT_PAREN T_IDENTIFIER T_ASSIGN T_INTEGER_LITERAL T_SEMICOLON T_IDENTIFIER T_LESS T_INTEGER_LITERAL T_SEMICOLON T_IDENTIFIER T_INCREMENT T_RIGHT_PAREN T_LEFT_BRACE T_IDENTIFIER T_LEFT_SQUARE T_IDENTIFIER T_RIGHT_SQUARE T_ASSIGN T_IDENTIFIER T_SEMICOLON T_RIGHT_BRACE T_IDENTIFIER T_ASSIGN T_NOT T_IDENTIFIER T_SEMICOLON T_IDENTIFIER T_ASSIGN T_IDENTIFIER T_MOD T_INTEGER_LITERAL T_SEMICOLON T_IDENTIFIER T_ASSIGN T_IDENTIFIER T_BITAND T_INTEGER_LITERAL T_SEMICOLON T_IDENTIFIER T_ASSIGN T_IDENTIFIER T_BITOR T_INTEGER_LITERAL T_SEMICOLON T_IDENTIFIER T_ASSIGN T_IDENTIFIER T_BITXOR T_INTEGER_LITERAL T_SEMICOLON T_IDENTIFIER T_ASSIGN T_BITNOT T_IDENTIFIER T_SEMICOLON T_INT T_IDENTIFIER T_ASSIGN T_IDENTIFIER T_LEFT_PAREN T_IDENTIFIER T_COMMA T_IDENTIFIER T_RIGHT_PAREN T_SEMICOLON T_LEFT_BRACE T_INT T_IDENTIFIER T_ASSIGN T_INTEGER_LITERAL T_SEMICOLON T_IDENTIFIER T_ASSIGN T_IDENTIFIER T_PLUS T_INTEGER_LITERAL T_SEMICOLON T_RIGHT_BRACE T_RETURN T_INTEGER_LITERAL T_SEMICOLON T_RIGHT_BRACE T_EOF 

State Stack: 0 8 8 9 16 18 23 50 118 118 118 118 118 118 118 118 118 108 206 296 386 447 488 108 206 296 386 447 488 103 43 96 
Symbol Stack: declaration declaration type_specifier T_IDENTIFIER T_LEFT_PAREN T_RIGHT_PAREN T_LEFT_BRACE statement statement statement statement statement statement statement statement statement T_IF T_LEFT_PAREN expression T_RIGHT_PAREN statement T_ELSE T_IF T_LEFT_PAREN expression T_RIGHT_PAREN statement T_ELSE T_LEFT_BRACE var T_ASSIGN 
Input Stack: T_INTEGER_LITERAL T_SEMICOLON T_RIGHT_BRACE T_WHILE T_LEFT_PAREN T_IDENTIFIER T_GREATER T_INTEGER_LITERAL T_RIGHT_PAREN T_LEFT_BRACE T_IDENTIFIER T_DECREMENT T_SEMICOLON T_RIGHT_BRACE T_FOR T_LEFT_PAREN T_IDENTIFIER T_ASSIGN T_INTEGER_LITERAL T_SEMICOLON T_IDENTIFIER T_LESS T_INTEGER_LITERAL T_SEMICOLON T_IDENTIFIER T_INCREMENT T_RIGHT_PAREN T_LEFT_BRACE T_IDENTIFIER T_ASSIGN T_IDENTIFIER T_PLUS T_IDENTIFIER T_SEMICOLON T_RIGHT_BRACE T_FOR T_LEFT_PAREN T_IDENTIFIER T_ASSIGN T_INTEGER_LITERAL T_SEMICOLON T_IDENTIFIER T_LESS T_INTEGER_LITERAL T_SEMICOLON T_IDENTIFIER T_INCREMENT T_RIGHT_PAREN T_LEFT_BRACE T_IDENTIFIER T_LEFT_SQUARE T_IDENTIFIER T_RIGHT_SQUARE T_ASSIGN T_IDENTIFIER T_SEMICOLON T_RIGHT_BRACE T_IDENTIFIER T_ASSIGN T_NOT T_IDENTIFIER T_SEMICOLON T_IDENTIFIER T_ASSIGN T_IDENTIFIER T_MOD T_INTEGER_LITERAL T_SEMICOLON T_IDENTIFIER T_ASSIGN T_IDENTIFIER T_BITAND T_INTEGER_LITERAL T_SEMICOLON T_IDENTIFIER T_ASSIGN T_IDENTIFIER T_BITOR T_INTEGER_LITERAL T_SEMICOLON T_IDENTIFIER T_ASSIGN T_IDENTIFIER T_BITXOR T_INTEGER_LITERAL T_SEMICOLON T_IDENTIFIER T_ASSIGN T_BITNOT T_IDENTIFIER T_SEMICOLON T_INT T_IDENTIFIER T_ASSIGN T_IDENTIFIER T_LEFT_PAREN T_IDENTIFIER T_COMMA T_IDENTIFIER T_RIGHT_PAREN T_SEMICOLON T_LEFT_BRACE T_INT T_IDENTIFIER T_ASSIGN T_INTEGER_LITERAL T_SEMICOLON T_IDENTIFIER T_ASSIGN T_IDENTIFIER T_PLUS T_INTEGER_LITERAL T_SEMICOLON T_RIGHT_BRACE T_RETURN T_INTEGER_LITERAL T_SEMICOLON T_RIGHT_BRACE T_EOF 

State Stack: 0 8 8 9 16 18 23 50 118 118 118 118 118 118 118 118 118 108 206 296 386 447 488 108 206 296 386 447 488 103 43 96 33 
Symbol Stack: declaration declaration type_specifier T_IDENTIFIER T_LEFT_PAREN T_RIGHT_PAREN T_LEFT_BRACE statement statement statement statement statement statement statement statement statement T_IF T_LEFT_PAREN expression T_RIGHT_PAREN statement T_ELSE T_IF T_LEFT_PAREN expression T_RIGHT_PAREN statement T_ELSE T_LEFT_BRACE var T_ASSIGN T_INTEGER_LITERAL 
Input Stack: T_SEMICOLON T_RIGHT_BRACE T_WHILE T_LEFT_PAREN T_IDENTIFIER T_GREATER T_INTEGER_LITERAL T_RIGHT_PAREN T_LEFT_BRACE T_IDENTIFIER T_DECREMENT T_SEMICOLON T_RIGHT_BRACE T_FOR T_LEFT_PAREN T_IDENTIFIER T_ASSIGN T_INTEGER_LITERAL T_SEMICOLON T_IDENTIFIER T_LESS T_INTEGER_LITERAL T_SEMICOLON T_IDENTIFIER T_INCREMENT T_RIGHT_PAREN T_LEFT_BRACE T_IDENTIFIER T_ASSIGN T_IDENTIFIER T_PLUS T_IDENTIFIER T_SEMICOLON T_RIGHT_BRACE T_FOR T_LEFT_PAREN T_IDENTIFIER T_ASSIGN T_INTEGER_LITERAL T_SEMICOLON T_IDENTIFIER T_LESS T_INTEGER_LITERAL T_SEMICOLON T_IDENTIFIER T_INCREMENT T_RIGHT_PAREN T_LEFT_BRACE T_IDENTIFIER T_LEFT_SQUARE T_IDENTIFIER T_RIGHT_SQUARE T_ASSIGN T_IDENTIFIER T_SEMICOLON T_RIGHT_BRACE T_IDENTIFIER T_ASSIGN T_NOT T_IDENTIFIER T_SEMICOLON T_IDENTIFIER T_ASSIGN T_IDENTIFIER T_MOD T_INTEGER_LITERAL T_SEMICOLON T_IDENTIFIER T_ASSIGN T_IDENTIFIER T_BITAND T_INTEGER_LITERAL T_SEMICOLON T_IDENTIFIER T_ASSIGN T_IDENTIFIER T_BITOR T_INTEGER_LITERAL T_SEMICOLON T_IDENTIFIER T_ASSIGN T_IDENTIFIER T_BITXOR T_INTEGER_LITERAL T_SEMICOLON T_IDENTIFIER T_ASSIGN T_BITNOT T_IDENTIFIER T_SEMICOLON T_INT T_IDENTIFIER T_ASSIGN T_IDENTIFIER T_LEFT_PAREN T_IDENTIFIER T_COMMA T_IDENTIFIER T_RIGHT_PAREN T_SEMICOLON T_LEFT_BRACE T_INT T_IDENTIFIER T_ASSIGN T_INTEGER_LITERAL T_SEMICOLON T_IDENTIFIER T_ASSIGN T_IDENTIFIER T_PLUS T_INTEGER_LITERAL T_SEMICOLON T_RIGHT_BRACE T_RETURN T_INTEGER_LITERAL T_SEMICOLON T_RIGHT_BRACE T_EOF 

State Stack: 0 8 8 9 16 18 23 50 118 118 118 118 118 118 118 118 118 108 206 296 386 447 488 108 206 296 386 447 488 103 43 96 47 
Symbol Stack: declaration declaration type_specifier T_IDENTIFIER T_LEFT_PAREN T_RIGHT_PAREN T_LEFT_BRACE statement statement statement statement statement statement statement statement statement T_IF T_LEFT_PAREN expression T_RIGHT_PAREN statement T_ELSE T_IF T_LEFT_PAREN expression T_RIGHT_PAREN statement T_ELSE T_LEFT_BRACE var T_ASSIGN factor 
Input Stack: T_SEMICOLON T_RIGHT_BRACE T_WHILE T_LEFT_PAREN T_IDENTIFIER T_GREATER T_INTEGER_LITERAL T_RIGHT_PAREN T_LEFT_BRACE T_IDENTIFIER T_DECREMENT T_SEMICOLON T_RIGHT_BRACE T_FOR T_LEFT_PAREN T_IDENTIFIER T_ASSIGN T_INTEGER_LITERAL T_SEMICOLON T_IDENTIFIER T_LESS T_INTEGER_LITERAL T_SEMICOLON T_IDENTIFIER T_INCREMENT T_RIGHT_PAREN T_LEFT_BRACE T_IDENTIFIER T_ASSIGN T_IDENTIFIER T_PLUS T_IDENTIFIER T_SEMICOLON T_RIGHT_BRACE T_FOR T_LEFT_PAREN T_IDENTIFIER T_ASSIGN T_INTEGER_LITERAL T_SEMICOLON T_IDENTIFIER T_LESS T_INTEGER_LITERAL T_SEMICOLON T_IDENTIFIER T_INCREMENT T_RIGHT_PAREN T_LEFT_BRACE T_IDENTIFIER T_LEFT_SQUARE T_IDENTIFIER T_RIGHT_SQUARE T_ASSIGN T_IDENTIFIER T_SEMICOLON T_RIGHT_BRACE T_IDENTIFIER T_ASSIGN T_NOT T_IDENTIFIER T_SEMICOLON T_IDENTIFIER T_ASSIGN T_IDENTIFIER T_MOD T_INTEGER_LITERAL T_SEMICOLON T_IDENTIFIER T_ASSIGN T_IDENTIFIER T_BITAND T_INTEGER_LITERAL T_SEMICOLON T_IDENTIFIER T_ASSIGN T_IDENTIFIER T_BITOR T_INTEGER_LITERAL T_SEMICOLON T_IDENTIFIER T_ASSIGN T_IDENTIFIER T_BITXOR T_INTEGER_LITERAL T_SEMICOLON T_IDENTIFIER T_ASSIGN T_BITNOT T_IDENTIFIER T_SEMICOLON T_INT T_IDENTIFIER T_ASSIGN T_IDENTIFIER T_LEFT_PAREN T_IDENTIFIER T_COMMA T_IDENTIFIER T_RIGHT_PAREN T_SEMICOLON T_LEFT_BRACE T_INT T_IDENTIFIER T_ASSIGN T_INTEGER_LITERAL T_SEMICOLON T_IDENTIFIER T_ASSIGN T_IDENTIFIER T_PLUS T_INTEGER_LITERAL T_SEMICOLON T_RIGHT_BRACE T_RETURN T_INTEGER_LITERAL T_SEMICOLON T_RIGHT_BRACE T_EOF 

State Stack: 0 8 8 9 16 18 23 50 118 118 118 118 118 118 118 118 118 108 206 296 386 447 488 108 206 296 386 447 488 103 43 96 40 
Symbol Stack: declaration declaration type_specifier T_IDENTIFIER T_LEFT_PAREN T_RIGHT_PAREN T_LEFT_BRACE statement statement statement statement statement statement statement statement statement T_IF T_LEFT_PAREN expression T_RIGHT_PAREN statement T_ELSE T_IF T_LEFT_PAREN expression T_RIGHT_PAREN statement T_ELSE T_LEFT_BRACE var T_ASSIGN term 
Input Stack: T_SEMICOLON T_RIGHT_BRACE T_WHILE T_LEFT_PAREN T_IDENTIFIER T_GREATER T_INTEGER_LITERAL T_RIGHT_PAREN T_LEFT_BRACE T_IDENTIFIER T_DECREMENT T_SEMICOLON T_RIGHT_BRACE T_FOR T_LEFT_PAREN T_IDENTIFIER T_ASSIGN T_INTEGER_LITERAL T_SEMICOLON T_IDENTIFIER T_LESS T_INTEGER_LITERAL T_SEMICOLON T_IDENTIFIER T_INCREMENT T_RIGHT_PAREN T_LEFT_BRACE T_IDENTIFIER T_ASSIGN T_IDENTIFIER T_PLUS T_IDENTIFIER T_SEMICOLON T_RIGHT_BRACE T_FOR T_LEFT_PAREN T_IDENTIFIER T_ASSIGN T_INTEGER_LITERAL T_SEMICOLON T_IDENTIFIER T_LESS T_INTEGER_LITERAL T_SEMICOLON T_IDENTIFIER T_INCREMENT T_RIGHT_PAREN T_LEFT_BRACE T_IDENTIFIER T_LEFT_SQUARE T_IDENTIFIER T_RIGHT_SQUARE T_ASSIGN T_IDENTIFIER T_SEMICOLON T_RIGHT_BRACE T_IDENTIFIER T_ASSIGN T_NOT T_IDENTIFIER T_SEMICOLON T_IDENTIFIER T_ASSIGN T_IDENTIFIER T_MOD T_INTEGER_LITERAL T_SEMICOLON T_IDENTIFIER T_ASSIGN T_IDENTIFIER T_BITAND T_INTEGER_LITERAL T_SEMICOLON T_IDENTIFIER T_ASSIGN T_IDENTIFIER T_BITOR T_INTEGER_LITERAL T_SEMICOLON T_IDENTIFIER T_ASSIGN T_IDENTIFIER T_BITXOR T_INTEGER_LITERAL T_SEMICOLON T_IDENTIFIER T_ASSIGN T_BITNOT T_IDENTIFIER T_SEMICOLON T_INT T_IDENTIFIER T_ASSIGN T_IDENTIFIER T_LEFT_PAREN T_IDENTIFIER T_COMMA T_IDENTIFIER T_RIGHT_PAREN T_SEMICOLON T_LEFT_BRACE T_INT T_IDENTIFIER T_ASSIGN T_INTEGER_LITERAL T_SEMICOLON T_IDENTIFIER T_ASSIGN T_IDENTIFIER T_PLUS T_INTEGER_LITERAL T_SEMICOLON T_RIGHT_BRACE T_RETURN T_INTEGER_LITERAL T_SEMICOLON T_RIGHT_BRACE T_EOF 

State Stack: 0 8 8 9 16 18 23 50 118 118 118 118 118 118 118 118 118 108 206 296 386 447 488 108 206 296 386 447 488 103 43 96 39 
Symbol Stack: declaration declaration type_specifier T_IDENTIFIER T_LEFT_PAREN T_RIGHT_PAREN T_LEFT_BRACE statement statement statement statement statement statement statement statement statement T_IF T_LEFT_PAREN expression T_RIGHT_PAREN statement T_ELSE T_IF T_LEFT_PAREN expression T_RIGHT_PAREN statement T_ELSE T_LEFT_BRACE var T_ASSIGN additive_expression 
Input Stack: T_SEMICOLON T_RIGHT_BRACE T_WHILE T_LEFT_PAREN T_IDENTIFIER T_GREATER T_INTEGER_LITERAL T_RIGHT_PAREN T_LEFT_BRACE T_IDENTIFIER T_DECREMENT T_SEMICOLON T_RIGHT_BRACE T_FOR T_LEFT_PAREN T_IDENTIFIER T_ASSIGN T_INTEGER_LITERAL T_SEMICOLON T_IDENTIFIER T_LESS T_INTEGER_LITERAL T_SEMICOLON T_IDENTIFIER T_INCREMENT T_RIGHT_PAREN T_LEFT_BRACE T_IDENTIFIER T_ASSIGN T_IDENTIFIER T_PLUS T_IDENTIFIER T_SEMICOLON T_RIGHT_BRACE T_FOR T_LEFT_PAREN T_IDENTIFIER T_ASSIGN T_INTEGER_LITERAL T_SEMICOLON T_IDENTIFIER T_LESS T_INTEGER_LITERAL T_SEMICOLON T_IDENTIFIER T_INCREMENT T_RIGHT_PAREN T_LEFT_BRACE T_IDENTIFIER T_LEFT_SQUARE T_IDENTIFIER T_RIGHT_SQUARE T_ASSIGN T_IDENTIFIER T_SEMICOLON T_RIGHT_BRACE T_IDENTIFIER T_ASSIGN T_NOT T_IDENTIFIER T_SEMICOLON T_IDENTIFIER T_ASSIGN T_IDENTIFIER T_MOD T_INTEGER_LITERAL T_SEMICOLON T_IDENTIFIER T_ASSIGN T_IDENTIFIER T_BITAND T_INTEGER_LITERAL T_SEMICOLON T_IDENTIFIER T_ASSIGN T_IDENTIFIER T_BITOR T_INTEGER_LITERAL T_SEMICOLON T_IDENTIFIER T_ASSIGN T_IDENTIFIER T_BITXOR T_INTEGER_LITERAL T_SEMICOLON T_IDENTIFIER T_ASSIGN T_BITNOT T_IDENTIFIER T_SEMICOLON T_INT T_IDENTIFIER T_ASSIGN T_IDENTIFIER T_LEFT_PAREN T_IDENTIFIER T_COMMA T_IDENTIFIER T_RIGHT_PAREN T_SEMICOLON T_LEFT_BRACE T_INT T_IDENTIFIER T_ASSIGN T_INTEGER_LITERAL T_SEMICOLON T_IDENTIFIER T_ASSIGN T_IDENTIFIER T_PLUS T_INTEGER_LITERAL T_SEMICOLON T_RIGHT_BRACE T_RETURN T_INTEGER_LITERAL T_SEMICOLON T_RIGHT_BRACE T_EOF 

State Stack: 0 8 8 9 16 18 23 50 118 118 118 118 118 118 118 118 118 108 206 296 386 447 488 108 206 296 386 447 488 103 43 96 42 
Symbol Stack: declaration declaration type_specifier T_IDENTIFIER T_LEFT_PAREN T_RIGHT_PAREN T_LEFT_BRACE statement statement statement statement statement statement statement statement statement T_IF T_LEFT_PAREN expression T_RIGHT_PAREN statement T_ELSE T_IF T_LEFT_PAREN expression T_RIGHT_PAREN statement T_ELSE T_LEFT_BRACE var T_ASSIGN simple_expression 
Input Stack: T_SEMICOLON T_RIGHT_BRACE T_WHILE T_LEFT_PAREN T_IDENTIFIER T_GREATER T_INTEGER_LITERAL T_RIGHT_PAREN T_LEFT_BRACE T_IDENTIFIER T_DECREMENT T_SEMICOLON T_RIGHT_BRACE T_FOR T_LEFT_PAREN T_IDENTIFIER T_ASSIGN T_INTEGER_LITERAL T_SEMICOLON T_IDENTIFIER T_LESS T_INTEGER_LITERAL T_SEMICOLON T_IDENTIFIER T_INCREMENT T_RIGHT_PAREN T_LEFT_BRACE T_IDENTIFIER T_ASSIGN T_IDENTIFIER T_PLUS T_IDENTIFIER T_SEMICOLON T_RIGHT_BRACE T_FOR T_LEFT_PAREN T_IDENTIFIER T_ASSIGN T_INTEGER_LITERAL T_SEMICOLON T_IDENTIFIER T_LESS T_INTEGER_LITERAL T_SEMICOLON T_IDENTIFIER T_INCREMENT T_RIGHT_PAREN T_LEFT_BRACE T_IDENTIFIER T_LEFT_SQUARE T_IDENTIFIER T_RIGHT_SQUARE T_ASSIGN T_IDENTIFIER T_SEMICOLON T_RIGHT_BRACE T_IDENTIFIER T_ASSIGN T_NOT T_IDENTIFIER T_SEMICOLON T_IDENTIFIER T_ASSIGN T_IDENTIFIER T_MOD T_INTEGER_LITERAL T_SEMICOLON T_IDENTIFIER T_ASSIGN T_IDENTIFIER T_BITAND T_INTEGER_LITERAL T_SEMICOLON T_IDENTIFIER T_ASSIGN T_IDENTIFIER T_BITOR T_INTEGER_LITERAL T_SEMICOLON T_IDENTIFIER T_ASSIGN T_IDENTIFIER T_BITXOR T_INTEGER_LITERAL T_SEMICOLON T_IDENTIFIER T_ASSIGN T_BITNOT T_IDENTIFIER T_SEMICOLON T_INT T_IDENTIFIER T_ASSIGN T_IDENTIFIER T_LEFT_PAREN T_IDENTIFIER T_COMMA T_IDENTIFIER T_RIGHT_PAREN T_SEMICOLON T_LEFT_BRACE T_INT T_IDENTIFIER T_ASSIGN T_INTEGER_LITERAL T_SEMICOLON T_IDENTIFIER T_ASSIGN T_IDENTIFIER T_PLUS T_INTEGER_LITERAL T_SEMICOLON T_RIGHT_BRACE T_RETURN T_INTEGER_LITERAL T_SEMICOLON T_RIGHT_BRACE T_EOF 

State Stack: 0 8 8 9 16 18 23 50 118 118 118 118 118 118 118 118 118 108 206 296 386 447 488 108 206 296 386 447 488 103 43 96 198 
Symbol Stack: declaration declaration type_specifier T_IDENTIFIER T_LEFT_PAREN T_RIGHT_PAREN T_LEFT_BRACE statement statement statement statement statement statement statement statement statement T_IF T_LEFT_PAREN expression T_RIGHT_PAREN statement T_ELSE T_IF T_LEFT_PAREN expression T_RIGHT_PAREN statement T_ELSE T_LEFT_BRACE var T_ASSIGN expression 
Input Stack: T_SEMICOLON T_RIGHT_BRACE T_WHILE T_LEFT_PAREN T_IDENTIFIER T_GREATER T_INTEGER_LITERAL T_RIGHT_PAREN T_LEFT_BRACE T_IDENTIFIER T_DECREMENT T_SEMICOLON T_RIGHT_BRACE T_FOR T_LEFT_PAREN T_IDENTIFIER T_ASSIGN T_INTEGER_LITERAL T_SEMICOLON T_IDENTIFIER T_LESS T_INTEGER_LITERAL T_SEMICOLON T_IDENTIFIER T_INCREMENT T_RIGHT_PAREN T_LEFT_BRACE T_IDENTIFIER T_ASSIGN T_IDENTIFIER T_PLUS T_IDENTIFIER T_SEMICOLON T_RIGHT_BRACE T_FOR T_LEFT_PAREN T_IDENTIFIER T_ASSIGN T_INTEGER_LITERAL T_SEMICOLON T_IDENTIFIER T_LESS T_INTEGER_LITERAL T_SEMICOLON T_IDENTIFIER T_INCREMENT T_RIGHT_PAREN T_LEFT_BRACE T_IDENTIFIER T_LEFT_SQUARE T_IDENTIFIER T_RIGHT_SQUARE T_ASSIGN T_IDENTIFIER T_SEMICOLON T_RIGHT_BRACE T_IDENTIFIER T_ASSIGN T_NOT T_IDENTIFIER T_SEMICOLON T_IDENTIFIER T_ASSIGN T_IDENTIFIER T_MOD T_INTEGER_LITERAL T_SEMICOLON T_IDENTIFIER T_ASSIGN T_IDENTIFIER T_BITAND T_INTEGER_LITERAL T_SEMICOLON T_IDENTIFIER T_ASSIGN T_IDENTIFIER T_BITOR T_INTEGER_LITERAL T_SEMICOLON T_IDENTIFIER T_ASSIGN T_IDENTIFIER T_BITXOR T_INTEGER_LITERAL T_SEMICOLON T_IDENTIFIER T_ASSIGN T_BITNOT T_IDENTIFIER T_SEMICOLON T_INT T_IDENTIFIER T_ASSIGN T_IDENTIFIER T_LEFT_PAREN T_IDENTIFIER T_COMMA T_IDENTIFIER T_RIGHT_PAREN T_SEMICOLON T_LEFT_BRACE T_INT T_IDENTIFIER T_ASSIGN T_INTEGER_LITERAL T_SEMICOLON T_IDENTIFIER T_ASSIGN T_IDENTIFIER T_PLUS T_INTEGER_LITERAL T_SEMICOLON T_RIGHT_BRACE T_RETURN T_INTEGER_LITERAL T_SEMICOLON T_RIGHT_BRACE T_EOF 

State Stack: 0 8 8 9 16 18 23 50 118 118 118 118 118 118 118 118 118 108 206 296 386 447 488 108 206 296 386 447 488 103 111 
Symbol Stack: declaration declaration type_specifier T_IDENTIFIER T_LEFT_PAREN T_RIGHT_PAREN T_LEFT_BRACE statement statement statement statement statement statement statement statement statement T_IF T_LEFT_PAREN expression T_RIGHT_PAREN statement T_ELSE T_IF T_LEFT_PAREN expression T_RIGHT_PAREN statement T_ELSE T_LEFT_BRACE expression 
Input Stack: T_SEMICOLON T_RIGHT_BRACE T_WHILE T_LEFT_PAREN T_IDENTIFIER T_GREATER T_INTEGER_LITERAL T_RIGHT_PAREN T_LEFT_BRACE T_IDENTIFIER T_DECREMENT T_SEMICOLON T_RIGHT_BRACE T_FOR T_LEFT_PAREN T_IDENTIFIER T_ASSIGN T_INTEGER_LITERAL T_SEMICOLON T_IDENTIFIER T_LESS T_INTEGER_LITERAL T_SEMICOLON T_IDENTIFIER T_INCREMENT T_RIGHT_PAREN T_LEFT_BRACE T_IDENTIFIER T_ASSIGN T_IDENTIFIER T_PLUS T_IDENTIFIER T_SEMICOLON T_RIGHT_BRACE T_FOR T_LEFT_PAREN T_IDENTIFIER T_ASSIGN T_INTEGER_LITERAL T_SEMICOLON T_IDENTIFIER T_LESS T_INTEGER_LITERAL T_SEMICOLON T_IDENTIFIER T_INCREMENT T_RIGHT_PAREN T_LEFT_BRACE T_IDENTIFIER T_LEFT_SQUARE T_IDENTIFIER T_RIGHT_SQUARE T_ASSIGN T_IDENTIFIER T_SEMICOLON T_RIGHT_BRACE T_IDENTIFIER T_ASSIGN T_NOT T_IDENTIFIER T_SEMICOLON T_IDENTIFIER T_ASSIGN T_IDENTIFIER T_MOD T_INTEGER_LITERAL T_SEMICOLON T_IDENTIFIER T_ASSIGN T_IDENTIFIER T_BITAND T_INTEGER_LITERAL T_SEMICOLON T_IDENTIFIER T_ASSIGN T_IDENTIFIER T_BITOR T_INTEGER_LITERAL T_SEMICOLON T_IDENTIFIER T_ASSIGN T_IDENTIFIER T_BITXOR T_INTEGER_LITERAL T_SEMICOLON T_IDENTIFIER T_ASSIGN T_BITNOT T_IDENTIFIER T_SEMICOLON T_INT T_IDENTIFIER T_ASSIGN T_IDENTIFIER T_LEFT_PAREN T_IDENTIFIER T_COMMA T_IDENTIFIER T_RIGHT_PAREN T_SEMICOLON T_LEFT_BRACE T_INT T_IDENTIFIER T_ASSIGN T_INTEGER_LITERAL T_SEMICOLON T_IDENTIFIER T_ASSIGN T_IDENTIFIER T_PLUS T_INTEGER_LITERAL T_SEMICOLON T_RIGHT_BRACE T_RETURN T_INTEGER_LITERAL T_SEMICOLON T_RIGHT_BRACE T_EOF 

State Stack: 0 8 8 9 16 18 23 50 118 118 118 118 118 118 118 118 118 108 206 296 386 447 488 108 206 296 386 447 488 103 111 208 
Symbol Stack: declaration declaration type_specifier T_IDENTIFIER T_LEFT_PAREN T_RIGHT_PAREN T_LEFT_BRACE statement statement statement statement statement statement statement statement statement T_IF T_LEFT_PAREN expression T_RIGHT_PAREN statement T_ELSE T_IF T_LEFT_PAREN expression T_RIGHT_PAREN statement T_ELSE T_LEFT_BRACE expression T_SEMICOLON 
Input Stack: T_RIGHT_BRACE T_WHILE T_LEFT_PAREN T_IDENTIFIER T_GREATER T_INTEGER_LITERAL T_RIGHT_PAREN T_LEFT_BRACE T_IDENTIFIER T_DECREMENT T_SEMICOLON T_RIGHT_BRACE T_FOR T_LEFT_PAREN T_IDENTIFIER T_ASSIGN T_INTEGER_LITERAL T_SEMICOLON T_IDENTIFIER T_LESS T_INTEGER_LITERAL T_SEMICOLON T_IDENTIFIER T_INCREMENT T_RIGHT_PAREN T_LEFT_BRACE T_IDENTIFIER T_ASSIGN T_IDENTIFIER T_PLUS T_IDENTIFIER T_SEMICOLON T_RIGHT_BRACE T_FOR T_LEFT_PAREN T_IDENTIFIER T_ASSIGN T_INTEGER_LITERAL T_SEMICOLON T_IDENTIFIER T_LESS T_INTEGER_LITERAL T_SEMICOLON T_IDENTIFIER T_INCREMENT T_RIGHT_PAREN T_LEFT_BRACE T_IDENTIFIER T_LEFT_SQUARE T_IDENTIFIER T_RIGHT_SQUARE T_ASSIGN T_IDENTIFIER T_SEMICOLON T_RIGHT_BRACE T_IDENTIFIER T_ASSIGN T_NOT T_IDENTIFIER T_SEMICOLON T_IDENTIFIER T_ASSIGN T_IDENTIFIER T_MOD T_INTEGER_LITERAL T_SEMICOLON T_IDENTIFIER T_ASSIGN T_IDENTIFIER T_BITAND T_INTEGER_LITERAL T_SEMICOLON T_IDENTIFIER T_ASSIGN T_IDENTIFIER T_BITOR T_INTEGER_LITERAL T_SEMICOLON T_IDENTIFIER T_ASSIGN T_IDENTIFIER T_BITXOR T_INTEGER_LITERAL T_SEMICOLON T_IDENTIFIER T_ASSIGN T_BITNOT T_IDENTIFIER T_SEMICOLON T_INT T_IDENTIFIER T_ASSIGN T_IDENTIFIER T_LEFT_PAREN T_IDENTIFIER T_COMMA T_IDENTIFIER T_RIGHT_PAREN T_SEMICOLON T_LEFT_BRACE T_INT T_IDENTIFIER T_ASSIGN T_INTEGER_LITERAL T_SEMICOLON T_IDENTIFIER T_ASSIGN T_IDENTIFIER T_PLUS T_INTEGER_LITERAL T_SEMICOLON T_RIGHT_BRACE T_RETURN T_INTEGER_LITERAL T_SEMICOLON T_RIGHT_BRACE T_EOF 

State Stack: 0 8 8 9 16 18 23 50 118 118 118 118 118 118 118 118 118 108 206 296 386 447 488 108 206 296 386 447 488 103 113 
Symbol Stack: declaration declaration type_specifier T_IDENTIFIER T_LEFT_PAREN T_RIGHT_PAREN T_LEFT_BRACE statement statement statement statement statement statement statement statement statement T_IF T_LEFT_PAREN expression T_RIGHT_PAREN statement T_ELSE T_IF T_LEFT_PAREN expression T_RIGHT_PAREN statement T_ELSE T_LEFT_BRACE expression_stmt 
Input Stack: T_RIGHT_BRACE T_WHILE T_LEFT_PAREN T_IDENTIFIER T_GREATER T_INTEGER_LITERAL T_RIGHT_PAREN T_LEFT_BRACE T_IDENTIFIER T_DECREMENT T_SEMICOLON T_RIGHT_BRACE T_FOR T_LEFT_PAREN T_IDENTIFIER T_ASSIGN T_INTEGER_LITERAL T_SEMICOLON T_IDENTIFIER T_LESS T_INTEGER_LITERAL T_SEMICOLON T_IDENTIFIER T_INCREMENT T_RIGHT_PAREN T_LEFT_BRACE T_IDENTIFIER T_ASSIGN T_IDENTIFIER T_PLUS T_IDENTIFIER T_SEMICOLON T_RIGHT_BRACE T_FOR T_LEFT_PAREN T_IDENTIFIER T_ASSIGN T_INTEGER_LITERAL T_SEMICOLON T_IDENTIFIER T_LESS T_INTEGER_LITERAL T_SEMICOLON T_IDENTIFIER T_INCREMENT T_RIGHT_PAREN T_LEFT_BRACE T_IDENTIFIER T_LEFT_SQUARE T_IDENTIFIER T_RIGHT_SQUARE T_ASSIGN T_IDENTIFIER T_SEMICOLON T_RIGHT_BRACE T_IDENTIFIER T_ASSIGN T_NOT T_IDENTIFIER T_SEMICOLON T_IDENTIFIER T_ASSIGN T_IDENTIFIER T_MOD T_INTEGER_LITERAL T_SEMICOLON T_IDENTIFIER T_ASSIGN T_IDENTIFIER T_BITAND T_INTEGER_LITERAL T_SEMICOLON T_IDENTIFIER T_ASSIGN T_IDENTIFIER T_BITOR T_INTEGER_LITERAL T_SEMICOLON T_IDENTIFIER T_ASSIGN T_IDENTIFIER T_BITXOR T_INTEGER_LITERAL T_SEMICOLON T_IDENTIFIER T_ASSIGN T_BITNOT T_IDENTIFIER T_SEMICOLON T_INT T_IDENTIFIER T_ASSIGN T_IDENTIFIER T_LEFT_PAREN T_IDENTIFIER T_COMMA T_IDENTIFIER T_RIGHT_PAREN T_SEMICOLON T_LEFT_BRACE T_INT T_IDENTIFIER T_ASSIGN T_INTEGER_LITERAL T_SEMICOLON T_IDENTIFIER T_ASSIGN T_IDENTIFIER T_PLUS T_INTEGER_LITERAL T_SEMICOLON T_RIGHT_BRACE T_RETURN T_INTEGER_LITERAL T_SEMICOLON T_RIGHT_BRACE T_EOF 

State Stack: 0 8 8 9 16 18 23 50 118 118 118 118 118 118 118 118 118 108 206 296 386 447 488 108 206 296 386 447 488 103 118 
Symbol Stack: declaration declaration type_specifier T_IDENTIFIER T_LEFT_PAREN T_RIGHT_PAREN T_LEFT_BRACE statement statement statement statement statement statement statement statement statement T_IF T_LEFT_PAREN expression T_RIGHT_PAREN statement T_ELSE T_IF T_LEFT_PAREN expression T_RIGHT_PAREN statement T_ELSE T_LEFT_BRACE statement 
Input Stack: T_RIGHT_BRACE T_WHILE T_LEFT_PAREN T_IDENTIFIER T_GREATER T_INTEGER_LITERAL T_RIGHT_PAREN T_LEFT_BRACE T_IDENTIFIER T_DECREMENT T_SEMICOLON T_RIGHT_BRACE T_FOR T_LEFT_PAREN T_IDENTIFIER T_ASSIGN T_INTEGER_LITERAL T_SEMICOLON T_IDENTIFIER T_LESS T_INTEGER_LITERAL T_SEMICOLON T_IDENTIFIER T_INCREMENT T_RIGHT_PAREN T_LEFT_BRACE T_IDENTIFIER T_ASSIGN T_IDENTIFIER T_PLUS T_IDENTIFIER T_SEMICOLON T_RIGHT_BRACE T_FOR T_LEFT_PAREN T_IDENTIFIER T_ASSIGN T_INTEGER_LITERAL T_SEMICOLON T_IDENTIFIER T_LESS T_INTEGER_LITERAL T_SEMICOLON T_IDENTIFIER T_INCREMENT T_RIGHT_PAREN T_LEFT_BRACE T_IDENTIFIER T_LEFT_SQUARE T_IDENTIFIER T_RIGHT_SQUARE T_ASSIGN T_IDENTIFIER T_SEMICOLON T_RIGHT_BRACE T_IDENTIFIER T_ASSIGN T_NOT T_IDENTIFIER T_SEMICOLON T_IDENTIFIER T_ASSIGN T_IDENTIFIER T_MOD T_INTEGER_LITERAL T_SEMICOLON T_IDENTIFIER T_ASSIGN T_IDENTIFIER T_BITAND T_INTEGER_LITERAL T_SEMICOLON T_IDENTIFIER T_ASSIGN T_IDENTIFIER T_BITOR T_INTEGER_LITERAL T_SEMICOLON T_IDENTIFIER T_ASSIGN T_IDENTIFIER T_BITXOR T_INTEGER_LITERAL T_SEMICOLON T_IDENTIFIER T_ASSIGN T_BITNOT T_IDENTIFIER T_SEMICOLON T_INT T_IDENTIFIER T_ASSIGN T_IDENTIFIER T_LEFT_PAREN T_IDENTIFIER T_COMMA T_IDENTIFIER T_RIGHT_PAREN T_SEMICOLON T_LEFT_BRACE T_INT T_IDENTIFIER T_ASSIGN T_INTEGER_LITERAL T_SEMICOLON T_IDENTIFIER T_ASSIGN T_IDENTIFIER T_PLUS T_INTEGER_LITERAL T_SEMICOLON T_RIGHT_BRACE T_RETURN T_INTEGER_LITERAL T_SEMICOLON T_RIGHT_BRACE T_EOF 

State Stack: 0 8 8 9 16 18 23 50 118 118 118 118 118 118 118 118 118 108 206 296 386 447 488 108 206 296 386 447 488 103 109 
Symbol Stack: declaration declaration type_specifier T_IDENTIFIER T_LEFT_PAREN T_RIGHT_PAREN T_LEFT_BRACE statement statement statement statement statement statement statement statement statement T_IF T_LEFT_PAREN expression T_RIGHT_PAREN statement T_ELSE T_IF T_LEFT_PAREN expression T_RIGHT_PAREN statement T_ELSE T_LEFT_BRACE statement_list 
Input Stack: T_RIGHT_BRACE T_WHILE T_LEFT_PAREN T_IDENTIFIER T_GREATER T_INTEGER_LITERAL T_RIGHT_PAREN T_LEFT_BRACE T_IDENTIFIER T_DECREMENT T_SEMICOLON T_RIGHT_BRACE T_FOR T_LEFT_PAREN T_IDENTIFIER T_ASSIGN T_INTEGER_LITERAL T_SEMICOLON T_IDENTIFIER T_LESS T_INTEGER_LITERAL T_SEMICOLON T_IDENTIFIER T_INCREMENT T_RIGHT_PAREN T_LEFT_BRACE T_IDENTIFIER T_ASSIGN T_IDENTIFIER T_PLUS T_IDENTIFIER T_SEMICOLON T_RIGHT_BRACE T_FOR T_LEFT_PAREN T_IDENTIFIER T_ASSIGN T_INTEGER_LITERAL T_SEMICOLON T_IDENTIFIER T_LESS T_INTEGER_LITERAL T_SEMICOLON T_IDENTIFIER T_INCREMENT T_RIGHT_PAREN T_LEFT_BRACE T_IDENTIFIER T_LEFT_SQUARE T_IDENTIFIER T_RIGHT_SQUARE T_ASSIGN T_IDENTIFIER T_SEMICOLON T_RIGHT_BRACE T_IDENTIFIER T_ASSIGN T_NOT T_IDENTIFIER T_SEMICOLON T_IDENTIFIER T_ASSIGN T_IDENTIFIER T_MOD T_INTEGER_LITERAL T_SEMICOLON T_IDENTIFIER T_ASSIGN T_IDENTIFIER T_BITAND T_INTEGER_LITERAL T_SEMICOLON T_IDENTIFIER T_ASSIGN T_IDENTIFIER T_BITOR T_INTEGER_LITERAL T_SEMICOLON T_IDENTIFIER T_ASSIGN T_IDENTIFIER T_BITXOR T_INTEGER_LITERAL T_SEMICOLON T_IDENTIFIER T_ASSIGN T_BITNOT T_IDENTIFIER T_SEMICOLON T_INT T_IDENTIFIER T_ASSIGN T_IDENTIFIER T_LEFT_PAREN T_IDENTIFIER T_COMMA T_IDENTIFIER T_RIGHT_PAREN T_SEMICOLON T_LEFT_BRACE T_INT T_IDENTIFIER T_ASSIGN T_INTEGER_LITERAL T_SEMICOLON T_IDENTIFIER T_ASSIGN T_IDENTIFIER T_PLUS T_INTEGER_LITERAL T_SEMICOLON T_RIGHT_BRACE T_RETURN T_INTEGER_LITERAL T_SEMICOLON T_RIGHT_BRACE T_EOF 

State Stack: 0 8 8 9 16 18 23 50 118 118 118 118 118 118 118 118 118 108 206 296 386 447 488 108 206 296 386 447 488 103 201 
Symbol Stack: declaration declaration type_specifier T_IDENTIFIER T_LEFT_PAREN T_RIGHT_PAREN T_LEFT_BRACE statement statement statement statement statement statement statement statement statement T_IF T_LEFT_PAREN expression T_RIGHT_PAREN statement T_ELSE T_IF T_LEFT_PAREN expression T_RIGHT_PAREN statement T_ELSE T_LEFT_BRACE block_items 
Input Stack: T_RIGHT_BRACE T_WHILE T_LEFT_PAREN T_IDENTIFIER T_GREATER T_INTEGER_LITERAL T_RIGHT_PAREN T_LEFT_BRACE T_IDENTIFIER T_DECREMENT T_SEMICOLON T_RIGHT_BRACE T_FOR T_LEFT_PAREN T_IDENTIFIER T_ASSIGN T_INTEGER_LITERAL T_SEMICOLON T_IDENTIFIER T_LESS T_INTEGER_LITERAL T_SEMICOLON T_IDENTIFIER T_INCREMENT T_RIGHT_PAREN T_LEFT_BRACE T_IDENTIFIER T_ASSIGN T_IDENTIFIER T_PLUS T_IDENTIFIER T_SEMICOLON T_RIGHT_BRACE T_FOR T_LEFT_PAREN T_IDENTIFIER T_ASSIGN T_INTEGER_LITERAL T_SEMICOLON T_IDENTIFIER T_LESS T_INTEGER_LITERAL T_SEMICOLON T_IDENTIFIER T_INCREMENT T_RIGHT_PAREN T_LEFT_BRACE T_IDENTIFIER T_LEFT_SQUARE T_IDENTIFIER T_RIGHT_SQUARE T_ASSIGN T_IDENTIFIER T_SEMICOLON T_RIGHT_BRACE T_IDENTIFIER T_ASSIGN T_NOT T_IDENTIFIER T_SEMICOLON T_IDENTIFIER T_ASSIGN T_IDENTIFIER T_MOD T_INTEGER_LITERAL T_SEMICOLON T_IDENTIFIER T_ASSIGN T_IDENTIFIER T_BITAND T_INTEGER_LITERAL T_SEMICOLON T_IDENTIFIER T_ASSIGN T_IDENTIFIER T_BITOR T_INTEGER_LITERAL T_SEMICOLON T_IDENTIFIER T_ASSIGN T_IDENTIFIER T_BITXOR T_INTEGER_LITERAL T_SEMICOLON T_IDENTIFIER T_ASSIGN T_BITNOT T_IDENTIFIER T_SEMICOLON T_INT T_IDENTIFIER T_ASSIGN T_IDENTIFIER T_LEFT_PAREN T_IDENTIFIER T_COMMA T_IDENTIFIER T_RIGHT_PAREN T_SEMICOLON T_LEFT_BRACE T_INT T_IDENTIFIER T_ASSIGN T_INTEGER_LITERAL T_SEMICOLON T_IDENTIFIER T_ASSIGN T_IDENTIFIER T_PLUS T_INTEGER_LITERAL T_SEMICOLON T_RIGHT_BRACE T_RETURN T_INTEGER_LITERAL T_SEMICOLON T_RIGHT_BRACE T_EOF 

State Stack: 0 8 8 9 16 18 23 50 118 118 118 118 118 118 118 118 118 108 206 296 386 447 488 108 206 296 386 447 488 103 201 289 
Symbol Stack: declaration declaration type_specifier T_IDENTIFIER T_LEFT_PAREN T_RIGHT_PAREN T_LEFT_BRACE statement statement statement statement statement statement statement statement statement T_IF T_LEFT_PAREN expression T_RIGHT_PAREN statement T_ELSE T_IF T_LEFT_PAREN expression T_RIGHT_PAREN statement T_ELSE T_LEFT_BRACE block_items T_RIGHT_BRACE 
Input Stack: T_WHILE T_LEFT_PAREN T_IDENTIFIER T_GREATER T_INTEGER_LITERAL T_RIGHT_PAREN T_LEFT_BRACE T_IDENTIFIER T_DECREMENT T_SEMICOLON T_RIGHT_BRACE T_FOR T_LEFT_PAREN T_IDENTIFIER T_ASSIGN T_INTEGER_LITERAL T_SEMICOLON T_IDENTIFIER T_LESS T_INTEGER_LITERAL T_SEMICOLON T_IDENTIFIER T_INCREMENT T_RIGHT_PAREN T_LEFT_BRACE T_IDENTIFIER T_ASSIGN T_IDENTIFIER T_PLUS T_IDENTIFIER T_SEMICOLON T_RIGHT_BRACE T_FOR T_LEFT_PAREN T_IDENTIFIER T_ASSIGN T_INTEGER_LITERAL T_SEMICOLON T_IDENTIFIER T_LESS T_INTEGER_LITERAL T_SEMICOLON T_IDENTIFIER T_INCREMENT T_RIGHT_PAREN T_LEFT_BRACE T_IDENTIFIER T_LEFT_SQUARE T_IDENTIFIER T_RIGHT_SQUARE T_ASSIGN T_IDENTIFIER T_SEMICOLON T_RIGHT_BRACE T_IDENTIFIER T_ASSIGN T_NOT T_IDENTIFIER T_SEMICOLON T_IDENTIFIER T_ASSIGN T_IDENTIFIER T_MOD T_INTEGER_LITERAL T_SEMICOLON T_IDENTIFIER T_ASSIGN T_IDENTIFIER T_BITAND T_INTEGER_LITERAL T_SEMICOLON T_IDENTIFIER T_ASSIGN T_IDENTIFIER T_BITOR T_INTEGER_LITERAL T_SEMICOLON T_IDENTIFIER T_ASSIGN T_IDENTIFIER T_BITXOR T_INTEGER_LITERAL T_SEMICOLON T_IDENTIFIER T_ASSIGN T_BITNOT T_IDENTIFIER T_SEMICOLON T_INT T_IDENTIFIER T_ASSIGN T_IDENTIFIER T_LEFT_PAREN T_IDENTIFIER T_COMMA T_IDENTIFIER T_RIGHT_PAREN T_SEMICOLON T_LEFT_BRACE T_INT T_IDENTIFIER T_ASSIGN T_INTEGER_LITERAL T_SEMICOLON T_IDENTIFIER T_ASSIGN T_IDENTIFIER T_PLUS T_INTEGER_LITERAL T_SEMICOLON T_RIGHT_BRACE T_RETURN T_INTEGER_LITERAL T_SEMICOLON T_RIGHT_BRACE T_EOF 

State Stack: 0 8 8 9 16 18 23 50 118 118 118 118 118 118 118 118 118 108 206 296 386 447 488 108 206 296 386 447 488 112 
Symbol Stack: declaration declaration type_specifier T_IDENTIFIER T_LEFT_PAREN T_RIGHT_PAREN T_LEFT_BRACE statement statement statement statement statement statement statement statement statement T_IF T_LEFT_PAREN expression T_RIGHT_PAREN statement T_ELSE T_IF T_LEFT_PAREN expression T_RIGHT_PAREN statement T_ELSE compound_stmt 
Input Stack: T_WHILE T_LEFT_PAREN T_IDENTIFIER T_GREATER T_INTEGER_LITERAL T_RIGHT_PAREN T_LEFT_BRACE T_IDENTIFIER T_DECREMENT T_SEMICOLON T_RIGHT_BRACE T_FOR T_LEFT_PAREN T_IDENTIFIER T_ASSIGN T_INTEGER_LITERAL T_SEMICOLON T_IDENTIFIER T_LESS T_INTEGER_LITERAL T_SEMICOLON T_IDENTIFIER T_INCREMENT T_RIGHT_PAREN T_LEFT_BRACE T_IDENTIFIER T_ASSIGN T_IDENTIFIER T_PLUS T_IDENTIFIER T_SEMICOLON T_RIGHT_BRACE T_FOR T_LEFT_PAREN T_IDENTIFIER T_ASSIGN T_INTEGER_LITERAL T_SEMICOLON T_IDENTIFIER T_LESS T_INTEGER_LITERAL T_SEMICOLON T_IDENTIFIER T_INCREMENT T_RIGHT_PAREN T_LEFT_BRACE T_IDENTIFIER T_LEFT_SQUARE T_IDENTIFIER T_RIGHT_SQUARE T_ASSIGN T_IDENTIFIER T_SEMICOLON T_RIGHT_BRACE T_IDENTIFIER T_ASSIGN T_NOT T_IDENTIFIER T_SEMICOLON T_IDENTIFIER T_ASSIGN T_IDENTIFIER T_MOD T_INTEGER_LITERAL T_SEMICOLON T_IDENTIFIER T_ASSIGN T_IDENTIFIER T_BITAND T_INTEGER_LITERAL T_SEMICOLON T_IDENTIFIER T_ASSIGN T_IDENTIFIER T_BITOR T_INTEGER_LITERAL T_SEMICOLON T_IDENTIFIER T_ASSIGN T_IDENTIFIER T_BITXOR T_INTEGER_LITERAL T_SEMICOLON T_IDENTIFIER T_ASSIGN T_BITNOT T_IDENTIFIER T_SEMICOLON T_INT T_IDENTIFIER T_ASSIGN T_IDENTIFIER T_LEFT_PAREN T_IDENTIFIER T_COMMA T_IDENTIFIER T_RIGHT_PAREN T_SEMICOLON T_LEFT_BRACE T_INT T_IDENTIFIER T_ASSIGN T_INTEGER_LITERAL T_SEMICOLON T_IDENTIFIER T_ASSIGN T_IDENTIFIER T_PLUS T_INTEGER_LITERAL T_SEMICOLON T_RIGHT_BRACE T_RETURN T_INTEGER_LITERAL T_SEMICOLON T_RIGHT_BRACE T_EOF 

State Stack: 0 8 8 9 16 18 23 50 118 118 118 118 118 118 118 118 118 108 206 296 386 447 488 108 206 296 386 447 488 506 
Symbol Stack: declaration declaration type_specifier T_IDENTIFIER T_LEFT_PAREN T_RIGHT_PAREN T_LEFT_BRACE statement statement statement statement statement statement statement statement statement T_IF T_LEFT_PAREN expression T_RIGHT_PAREN statement T_ELSE T_IF T_LEFT_PAREN expression T_RIGHT_PAREN statement T_ELSE statement 
Input Stack: T_WHILE T_LEFT_PAREN T_IDENTIFIER T_GREATER T_INTEGER_LITERAL T_RIGHT_PAREN T_LEFT_BRACE T_IDENTIFIER T_DECREMENT T_SEMICOLON T_RIGHT_BRACE T_FOR T_LEFT_PAREN T_IDENTIFIER T_ASSIGN T_INTEGER_LITERAL T_SEMICOLON T_IDENTIFIER T_LESS T_INTEGER_LITERAL T_SEMICOLON T_IDENTIFIER T_INCREMENT T_RIGHT_PAREN T_LEFT_BRACE T_IDENTIFIER T_ASSIGN T_IDENTIFIER T_PLUS T_IDENTIFIER T_SEMICOLON T_RIGHT_BRACE T_FOR T_LEFT_PAREN T_IDENTIFIER T_ASSIGN T_INTEGER_LITERAL T_SEMICOLON T_IDENTIFIER T_LESS T_INTEGER_LITERAL T_SEMICOLON T_IDENTIFIER T_INCREMENT T_RIGHT_PAREN T_LEFT_BRACE T_IDENTIFIER T_LEFT_SQUARE T_IDENTIFIER T_RIGHT_SQUARE T_ASSIGN T_IDENTIFIER T_SEMICOLON T_RIGHT_BRACE T_IDENTIFIER T_ASSIGN T_NOT T_IDENTIFIER T_SEMICOLON T_IDENTIFIER T_ASSIGN T_IDENTIFIER T_MOD T_INTEGER_LITERAL T_SEMICOLON T_IDENTIFIER T_ASSIGN T_IDENTIFIER T_BITAND T_INTEGER_LITERAL T_SEMICOLON T_IDENTIFIER T_ASSIGN T_IDENTIFIER T_BITOR T_INTEGER_LITERAL T_SEMICOLON T_IDENTIFIER T_ASSIGN T_IDENTIFIER T_BITXOR T_INTEGER_LITERAL T_SEMICOLON T_IDENTIFIER T_ASSIGN T_BITNOT T_IDENTIFIER T_SEMICOLON T_INT T_IDENTIFIER T_ASSIGN T_IDENTIFIER T_LEFT_PAREN T_IDENTIFIER T_COMMA T_IDENTIFIER T_RIGHT_PAREN T_SEMICOLON T_LEFT_BRACE T_INT T_IDENTIFIER T_ASSIGN T_INTEGER_LITERAL T_SEMICOLON T_IDENTIFIER T_ASSIGN T_IDENTIFIER T_PLUS T_INTEGER_LITERAL T_SEMICOLON T_RIGHT_BRACE T_RETURN T_INTEGER_LITERAL T_SEMICOLON T_RIGHT_BRACE T_EOF 

State Stack: 0 8 8 9 16 18 23 50 118 118 118 118 118 118 118 118 118 108 206 296 386 447 488 116 
Symbol Stack: declaration declaration type_specifier T_IDENTIFIER T_LEFT_PAREN T_RIGHT_PAREN T_LEFT_BRACE statement statement statement statement statement statement statement statement statement T_IF T_LEFT_PAREN expression T_RIGHT_PAREN statement T_ELSE selection_stmt 
Input Stack: T_WHILE T_LEFT_PAREN T_IDENTIFIER T_GREATER T_INTEGER_LITERAL T_RIGHT_PAREN T_LEFT_BRACE T_IDENTIFIER T_DECREMENT T_SEMICOLON T_RIGHT_BRACE T_FOR T_LEFT_PAREN T_IDENTIFIER T_ASSIGN T_INTEGER_LITERAL T_SEMICOLON T_IDENTIFIER T_LESS T_INTEGER_LITERAL T_SEMICOLON T_IDENTIFIER T_INCREMENT T_RIGHT_PAREN T_LEFT_BRACE T_IDENTIFIER T_ASSIGN T_IDENTIFIER T_PLUS T_IDENTIFIER T_SEMICOLON T_RIGHT_BRACE T_FOR T_LEFT_PAREN T_IDENTIFIER T_ASSIGN T_INTEGER_LITERAL T_SEMICOLON T_IDENTIFIER T_LESS T_INTEGER_LITERAL T_SEMICOLON T_IDENTIFIER T_INCREMENT T_RIGHT_PAREN T_LEFT_BRACE T_IDENTIFIER T_LEFT_SQUARE T_IDENTIFIER T_RIGHT_SQUARE T_ASSIGN T_IDENTIFIER T_SEMICOLON T_RIGHT_BRACE T_IDENTIFIER T_ASSIGN T_NOT T_IDENTIFIER T_SEMICOLON T_IDENTIFIER T_ASSIGN T_IDENTIFIER T_MOD T_INTEGER_LITERAL T_SEMICOLON T_IDENTIFIER T_ASSIGN T_IDENTIFIER T_BITAND T_INTEGER_LITERAL T_SEMICOLON T_IDENTIFIER T_ASSIGN T_IDENTIFIER T_BITOR T_INTEGER_LITERAL T_SEMICOLON T_IDENTIFIER T_ASSIGN T_IDENTIFIER T_BITXOR T_INTEGER_LITERAL T_SEMICOLON T_IDENTIFIER T_ASSIGN T_BITNOT T_IDENTIFIER T_SEMICOLON T_INT T_IDENTIFIER T_ASSIGN T_IDENTIFIER T_LEFT_PAREN T_IDENTIFIER T_COMMA T_IDENTIFIER T_RIGHT_PAREN T_SEMICOLON T_LEFT_BRACE T_INT T_IDENTIFIER T_ASSIGN T_INTEGER_LITERAL T_SEMICOLON T_IDENTIFIER T_ASSIGN T_IDENTIFIER T_PLUS T_INTEGER_LITERAL T_SEMICOLON T_RIGHT_BRACE T_RETURN T_INTEGER_LITERAL T_SEMICOLON T_RIGHT_BRACE T_EOF 

State Stack: 0 8 8 9 16 18 23 50 118 118 118 118 118 118 118 118 118 108 206 296 386 447 488 506 
Symbol Stack: declaration declaration type_specifier T_IDENTIFIER T_LEFT_PAREN T_RIGHT_PAREN T_LEFT_BRACE statement statement statement statement statement statement statement statement statement T_IF T_LEFT_PAREN expression T_RIGHT_PAREN statement T_ELSE statement 
Input Stack: T_WHILE T_LEFT_PAREN T_IDENTIFIER T_GREATER T_INTEGER_LITERAL T_RIGHT_PAREN T_LEFT_BRACE T_IDENTIFIER T_DECREMENT T_SEMICOLON T_RIGHT_BRACE T_FOR T_LEFT_PAREN T_IDENTIFIER T_ASSIGN T_INTEGER_LITERAL T_SEMICOLON T_IDENTIFIER T_LESS T_INTEGER_LITERAL T_SEMICOLON T_IDENTIFIER T_INCREMENT T_RIGHT_PAREN T_LEFT_BRACE T_IDENTIFIER T_ASSIGN T_IDENTIFIER T_PLUS T_IDENTIFIER T_SEMICOLON T_RIGHT_BRACE T_FOR T_LEFT_PAREN T_IDENTIFIER T_ASSIGN T_INTEGER_LITERAL T_SEMICOLON T_IDENTIFIER T_LESS T_INTEGER_LITERAL T_SEMICOLON T_IDENTIFIER T_INCREMENT T_RIGHT_PAREN T_LEFT_BRACE T_IDENTIFIER T_LEFT_SQUARE T_IDENTIFIER T_RIGHT_SQUARE T_ASSIGN T_IDENTIFIER T_SEMICOLON T_RIGHT_BRACE T_IDENTIFIER T_ASSIGN T_NOT T_IDENTIFIER T_SEMICOLON T_IDENTIFIER T_ASSIGN T_IDENTIFIER T_MOD T_INTEGER_LITERAL T_SEMICOLON T_IDENTIFIER T_ASSIGN T_IDENTIFIER T_BITAND T_INTEGER_LITERAL T_SEMICOLON T_IDENTIFIER T_ASSIGN T_IDENTIFIER T_BITOR T_INTEGER_LITERAL T_SEMICOLON T_IDENTIFIER T_ASSIGN T_IDENTIFIER T_BITXOR T_INTEGER_LITERAL T_SEMICOLON T_IDENTIFIER T_ASSIGN T_BITNOT T_IDENTIFIER T_SEMICOLON T_INT T_IDENTIFIER T_ASSIGN T_IDENTIFIER T_LEFT_PAREN T_IDENTIFIER T_COMMA T_IDENTIFIER T_RIGHT_PAREN T_SEMICOLON T_LEFT_BRACE T_INT T_IDENTIFIER T_ASSIGN T_INTEGER_LITERAL T_SEMICOLON T_IDENTIFIER T_ASSIGN T_IDENTIFIER T_PLUS T_INTEGER_LITERAL T_SEMICOLON T_RIGHT_BRACE T_RETURN T_INTEGER_LITERAL T_SEMICOLON T_RIGHT_BRACE T_EOF 

State Stack: 0 8 8 9 16 18 23 50 118 118 118 118 118 118 118 118 118 116 
Symbol Stack: declaration declaration type_specifier T_IDENTIFIER T_LEFT_PAREN T_RIGHT_PAREN T_LEFT_BRACE statement statement statement statement statement statement statement statement statement selection_stmt 
Input Stack: T_WHILE T_LEFT_PAREN T_IDENTIFIER T_GREATER T_INTEGER_LITERAL T_RIGHT_PAREN T_LEFT_BRACE T_IDENTIFIER T_DECREMENT T_SEMICOLON T_RIGHT_BRACE T_FOR T_LEFT_PAREN T_IDENTIFIER T_ASSIGN T_INTEGER_LITERAL T_SEMICOLON T_IDENTIFIER T_LESS T_INTEGER_LITERAL T_SEMICOLON T_IDENTIFIER T_INCREMENT T_RIGHT_PAREN T_LEFT_BRACE T_IDENTIFIER T_ASSIGN T_IDENTIFIER T_PLUS T_IDENTIFIER T_SEMICOLON T_RIGHT_BRACE T_FOR T_LEFT_PAREN T_IDENTIFIER T_ASSIGN T_INTEGER_LITERAL T_SEMICOLON T_IDENTIFIER T_LESS T_INTEGER_LITERAL T_SEMICOLON T_IDENTIFIER T_INCREMENT T_RIGHT_PAREN T_LEFT_BRACE T_IDENTIFIER T_LEFT_SQUARE T_IDENTIFIER T_RIGHT_SQUARE T_ASSIGN T_IDENTIFIER T_SEMICOLON T_RIGHT_BRACE T_IDENTIFIER T_ASSIGN T_NOT T_IDENTIFIER T_SEMICOLON T_IDENTIFIER T_ASSIGN T_IDENTIFIER T_MOD T_INTEGER_LITERAL T_SEMICOLON T_IDENTIFIER T_ASSIGN T_IDENTIFIER T_BITAND T_INTEGER_LITERAL T_SEMICOLON T_IDENTIFIER T_ASSIGN T_IDENTIFIER T_BITOR T_INTEGER_LITERAL T_SEMICOLON T_IDENTIFIER T_ASSIGN T_IDENTIFIER T_BITXOR T_INTEGER_LITERAL T_SEMICOLON T_IDENTIFIER T_ASSIGN T_BITNOT T_IDENTIFIER T_SEMICOLON T_INT T_IDENTIFIER T_ASSIGN T_IDENTIFIER T_LEFT_PAREN T_IDENTIFIER T_COMMA T_IDENTIFIER T_RIGHT_PAREN T_SEMICOLON T_LEFT_BRACE T_INT T_IDENTIFIER T_ASSIGN T_INTEGER_LITERAL T_SEMICOLON T_IDENTIFIER T_ASSIGN T_IDENTIFIER T_PLUS T_INTEGER_LITERAL T_SEMICOLON T_RIGHT_BRACE T_RETURN T_INTEGER_LITERAL T_SEMICOLON T_RIGHT_BRACE T_EOF 

State Stack: 0 8 8 9 16 18 23 50 118 118 118 118 118 118 118 118 118 118 
Symbol Stack: declaration declaration type_specifier T_IDENTIFIER T_LEFT_PAREN T_RIGHT_PAREN T_LEFT_BRACE statement statement statement statement statement statement statement statement statement statement 
Input Stack: T_WHILE T_LEFT_PAREN T_IDENTIFIER T_GREATER T_INTEGER_LITERAL T_RIGHT_PAREN T_LEFT_BRACE T_IDENTIFIER T_DECREMENT T_SEMICOLON T_RIGHT_BRACE T_FOR T_LEFT_PAREN T_IDENTIFIER T_ASSIGN T_INTEGER_LITERAL T_SEMICOLON T_IDENTIFIER T_LESS T_INTEGER_LITERAL T_SEMICOLON T_IDENTIFIER T_INCREMENT T_RIGHT_PAREN T_LEFT_BRACE T_IDENTIFIER T_ASSIGN T_IDENTIFIER T_PLUS T_IDENTIFIER T_SEMICOLON T_RIGHT_BRACE T_FOR T_LEFT_PAREN T_IDENTIFIER T_ASSIGN T_INTEGER_LITERAL T_SEMICOLON T_IDENTIFIER T_LESS T_INTEGER_LITERAL T_SEMICOLON T_IDENTIFIER T_INCREMENT T_RIGHT_PAREN T_LEFT_BRACE T_IDENTIFIER T_LEFT_SQUARE T_IDENTIFIER T_RIGHT_SQUARE T_ASSIGN T_IDENTIFIER T_SEMICOLON T_RIGHT_BRACE T_IDENTIFIER T_ASSIGN T_NOT T_IDENTIFIER T_SEMICOLON T_IDENTIFIER T_ASSIGN T_IDENTIFIER T_MOD T_INTEGER_LITERAL T_SEMICOLON T_IDENTIFIER T_ASSIGN T_IDENTIFIER T_BITAND T_INTEGER_LITERAL T_SEMICOLON T_IDENTIFIER T_ASSIGN T_IDENTIFIER T_BITOR T_INTEGER_LITERAL T_SEMICOLON T_IDENTIFIER T_ASSIGN T_IDENTIFIER T_BITXOR T_INTEGER_LITERAL T_SEMICOLON T_IDENTIFIER T_ASSIGN T_BITNOT T_IDENTIFIER T_SEMICOLON T_INT T_IDENTIFIER T_ASSIGN T_IDENTIFIER T_LEFT_PAREN T_IDENTIFIER T_COMMA T_IDENTIFIER T_RIGHT_PAREN T_SEMICOLON T_LEFT_BRACE T_INT T_IDENTIFIER T_ASSIGN T_INTEGER_LITERAL T_SEMICOLON T_IDENTIFIER T_ASSIGN T_IDENTIFIER T_PLUS T_INTEGER_LITERAL T_SEMICOLON T_RIGHT_BRACE T_RETURN T_INTEGER_LITERAL T_SEMICOLON T_RIGHT_BRACE T_EOF 

State Stack: 0 8 8 9 16 18 23 50 118 118 118 118 118 118 118 118 118 118 106 
Symbol Stack: declaration declaration type_specifier T_IDENTIFIER T_LEFT_PAREN T_RIGHT_PAREN T_LEFT_BRACE statement statement statement statement statement statement statement statement statement statement T_WHILE 
Input Stack: T_LEFT_PAREN T_IDENTIFIER T_GREATER T_INTEGER_LITERAL T_RIGHT_PAREN T_LEFT_BRACE T_IDENTIFIER T_DECREMENT T_SEMICOLON T_RIGHT_BRACE T_FOR T_LEFT_PAREN T_IDENTIFIER T_ASSIGN T_INTEGER_LITERAL T_SEMICOLON T_IDENTIFIER T_LESS T_INTEGER_LITERAL T_SEMICOLON T_IDENTIFIER T_INCREMENT T_RIGHT_PAREN T_LEFT_BRACE T_IDENTIFIER T_ASSIGN T_IDENTIFIER T_PLUS T_IDENTIFIER T_SEMICOLON T_RIGHT_BRACE T_FOR T_LEFT_PAREN T_IDENTIFIER T_ASSIGN T_INTEGER_LITERAL T_SEMICOLON T_IDENTIFIER T_LESS T_INTEGER_LITERAL T_SEMICOLON T_IDENTIFIER T_INCREMENT T_RIGHT_PAREN T_LEFT_BRACE T_IDENTIFIER T_LEFT_SQUARE T_IDENTIFIER T_RIGHT_SQUARE T_ASSIGN T_IDENTIFIER T_SEMICOLON T_RIGHT_BRACE T_IDENTIFIER T_ASSIGN T_NOT T_IDENTIFIER T_SEMICOLON T_IDENTIFIER T_ASSIGN T_IDENTIFIER T_MOD T_INTEGER_LITERAL T_SEMICOLON T_IDENTIFIER T_ASSIGN T_IDENTIFIER T_BITAND T_INTEGER_LITERAL T_SEMICOLON T_IDENTIFIER T_ASSIGN T_IDENTIFIER T_BITOR T_INTEGER_LITERAL T_SEMICOLON T_IDENTIFIER T_ASSIGN T_IDENTIFIER T_BITXOR T_INTEGER_LITERAL T_SEMICOLON T_IDENTIFIER T_ASSIGN T_BITNOT T_IDENTIFIER T_SEMICOLON T_INT T_IDENTIFIER T_ASSIGN T_IDENTIFIER T_LEFT_PAREN T_IDENTIFIER T_COMMA T_IDENTIFIER T_RIGHT_PAREN T_SEMICOLON T_LEFT_BRACE T_INT T_IDENTIFIER T_ASSIGN T_INTEGER_LITERAL T_SEMICOLON T_IDENTIFIER T_ASSIGN T_IDENTIFIER T_PLUS T_INTEGER_LITERAL T_SEMICOLON T_RIGHT_BRACE T_RETURN T_INTEGER_LITERAL T_SEMICOLON T_RIGHT_BRACE T_EOF 

State Stack: 0 8 8 9 16 18 23 50 118 118 118 118 118 118 118 118 118 118 106 203 
Symbol Stack: declaration declaration type_specifier T_IDENTIFIER T_LEFT_PAREN T_RIGHT_PAREN T_LEFT_BRACE statement statement statement statement statement statement statement statement statement statement T_WHILE T_LEFT_PAREN 
Input Stack: T_IDENTIFIER T_GREATER T_INTEGER_LITERAL T_RIGHT_PAREN T_LEFT_BRACE T_IDENTIFIER T_DECREMENT T_SEMICOLON T_RIGHT_BRACE T_FOR T_LEFT_PAREN T_IDENTIFIER T_ASSIGN T_INTEGER_LITERAL T_SEMICOLON T_IDENTIFIER T_LESS T_INTEGER_LITERAL T_SEMICOLON T_IDENTIFIER T_INCREMENT T_RIGHT_PAREN T_LEFT_BRACE T_IDENTIFIER T_ASSIGN T_IDENTIFIER T_PLUS T_IDENTIFIER T_SEMICOLON T_RIGHT_BRACE T_FOR T_LEFT_PAREN T_IDENTIFIER T_ASSIGN T_INTEGER_LITERAL T_SEMICOLON T_IDENTIFIER T_LESS T_INTEGER_LITERAL T_SEMICOLON T_IDENTIFIER T_INCREMENT T_RIGHT_PAREN T_LEFT_BRACE T_IDENTIFIER T_LEFT_SQUARE T_IDENTIFIER T_RIGHT_SQUARE T_ASSIGN T_IDENTIFIER T_SEMICOLON T_RIGHT_BRACE T_IDENTIFIER T_ASSIGN T_NOT T_IDENTIFIER T_SEMICOLON T_IDENTIFIER T_ASSIGN T_IDENTIFIER T_MOD T_INTEGER_LITERAL T_SEMICOLON T_IDENTIFIER T_ASSIGN T_IDENTIFIER T_BITAND T_INTEGER_LITERAL T_SEMICOLON T_IDENTIFIER T_ASSIGN T_IDENTIFIER T_BITOR T_INTEGER_LITERAL T_SEMICOLON T_IDENTIFIER T_ASSIGN T_IDENTIFIER T_BITXOR T_INTEGER_LITERAL T_SEMICOLON T_IDENTIFIER T_ASSIGN T_BITNOT T_IDENTIFIER T_SEMICOLON T_INT T_IDENTIFIER T_ASSIGN T_IDENTIFIER T_LEFT_PAREN T_IDENTIFIER T_COMMA T_IDENTIFIER T_RIGHT_PAREN T_SEMICOLON T_LEFT_BRACE T_INT T_IDENTIFIER T_ASSIGN T_INTEGER_LITERAL T_SEMICOLON T_IDENTIFIER T_ASSIGN T_IDENTIFIER T_PLUS T_INTEGER_LITERAL T_SEMICOLON T_RIGHT_BRACE T_RETURN T_INTEGER_LITERAL T_SEMICOLON T_RIGHT_BRACE T_EOF 

State Stack: 0 8 8 9 16 18 23 50 118 118 118 118 118 118 118 118 118 118 106 203 60 
Symbol Stack: declaration declaration type_specifier T_IDENTIFIER T_LEFT_PAREN T_RIGHT_PAREN T_LEFT_BRACE statement statement statement statement statement statement statement statement statement statement T_WHILE T_LEFT_PAREN T_IDENTIFIER 
Input Stack: T_GREATER T_INTEGER_LITERAL T_RIGHT_PAREN T_LEFT_BRACE T_IDENTIFIER T_DECREMENT T_SEMICOLON T_RIGHT_BRACE T_FOR T_LEFT_PAREN T_IDENTIFIER T_ASSIGN T_INTEGER_LITERAL T_SEMICOLON T_IDENTIFIER T_LESS T_INTEGER_LITERAL T_SEMICOLON T_IDENTIFIER T_INCREMENT T_RIGHT_PAREN T_LEFT_BRACE T_IDENTIFIER T_ASSIGN T_IDENTIFIER T_PLUS T_IDENTIFIER T_SEMICOLON T_RIGHT_BRACE T_FOR T_LEFT_PAREN T_IDENTIFIER T_ASSIGN T_INTEGER_LITERAL T_SEMICOLON T_IDENTIFIER T_LESS T_INTEGER_LITERAL T_SEMICOLON T_IDENTIFIER T_INCREMENT T_RIGHT_PAREN T_LEFT_BRACE T_IDENTIFIER T_LEFT_SQUARE T_IDENTIFIER T_RIGHT_SQUARE T_ASSIGN T_IDENTIFIER T_SEMICOLON T_RIGHT_BRACE T_IDENTIFIER T_ASSIGN T_NOT T_IDENTIFIER T_SEMICOLON T_IDENTIFIER T_ASSIGN T_IDENTIFIER T_MOD T_INTEGER_LITERAL T_SEMICOLON T_IDENTIFIER T_ASSIGN T_IDENTIFIER T_BITAND T_INTEGER_LITERAL T_SEMICOLON T_IDENTIFIER T_ASSIGN T_IDENTIFIER T_BITOR T_INTEGER_LITERAL T_SEMICOLON T_IDENTIFIER T_ASSIGN T_IDENTIFIER T_BITXOR T_INTEGER_LITERAL T_SEMICOLON T_IDENTIFIER T_ASSIGN T_BITNOT T_IDENTIFIER T_SEMICOLON T_INT T_IDENTIFIER T_ASSIGN T_IDENTIFIER T_LEFT_PAREN T_IDENTIFIER T_COMMA T_IDENTIFIER T_RIGHT_PAREN T_SEMICOLON T_LEFT_BRACE T_INT T_IDENTIFIER T_ASSIGN T_INTEGER_LITERAL T_SEMICOLON T_IDENTIFIER T_ASSIGN T_IDENTIFIER T_PLUS T_INTEGER_LITERAL T_SEMICOLON T_RIGHT_BRACE T_RETURN T_INTEGER_LITERAL T_SEMICOLON T_RIGHT_BRACE T_EOF 

State Stack: 0 8 8 9 16 18 23 50 118 118 118 118 118 118 118 118 118 118 106 203 72 
Symbol Stack: declaration declaration type_specifier T_IDENTIFIER T_LEFT_PAREN T_RIGHT_PAREN T_LEFT_BRACE statement statement statement statement statement statement statement statement statement statement T_WHILE T_LEFT_PAREN var 
Input Stack: T_GREATER T_INTEGER_LITERAL T_RIGHT_PAREN T_LEFT_BRACE T_IDENTIFIER T_DECREMENT T_SEMICOLON T_RIGHT_BRACE T_FOR T_LEFT_PAREN T_IDENTIFIER T_ASSIGN T_INTEGER_LITERAL T_SEMICOLON T_IDENTIFIER T_LESS T_INTEGER_LITERAL T_SEMICOLON T_IDENTIFIER T_INCREMENT T_RIGHT_PAREN T_LEFT_BRACE T_IDENTIFIER T_ASSIGN T_IDENTIFIER T_PLUS T_IDENTIFIER T_SEMICOLON T_RIGHT_BRACE T_FOR T_LEFT_PAREN T_IDENTIFIER T_ASSIGN T_INTEGER_LITERAL T_SEMICOLON T_IDENTIFIER T_LESS T_INTEGER_LITERAL T_SEMICOLON T_IDENTIFIER T_INCREMENT T_RIGHT_PAREN T_LEFT_BRACE T_IDENTIFIER T_LEFT_SQUARE T_IDENTIFIER T_RIGHT_SQUARE T_ASSIGN T_IDENTIFIER T_SEMICOLON T_RIGHT_BRACE T_IDENTIFIER T_ASSIGN T_NOT T_IDENTIFIER T_SEMICOLON T_IDENTIFIER T_ASSIGN T_IDENTIFIER T_MOD T_INTEGER_LITERAL T_SEMICOLON T_IDENTIFIER T_ASSIGN T_IDENTIFIER T_BITAND T_INTEGER_LITERAL T_SEMICOLON T_IDENTIFIER T_ASSIGN T_IDENTIFIER T_BITOR T_INTEGER_LITERAL T_SEMICOLON T_IDENTIFIER T_ASSIGN T_IDENTIFIER T_BITXOR T_INTEGER_LITERAL T_SEMICOLON T_IDENTIFIER T_ASSIGN T_BITNOT T_IDENTIFIER T_SEMICOLON T_INT T_IDENTIFIER T_ASSIGN T_IDENTIFIER T_LEFT_PAREN T_IDENTIFIER T_COMMA T_IDENTIFIER T_RIGHT_PAREN T_SEMICOLON T_LEFT_BRACE T_INT T_IDENTIFIER T_ASSIGN T_INTEGER_LITERAL T_SEMICOLON T_IDENTIFIER T_ASSIGN T_IDENTIFIER T_PLUS T_INTEGER_LITERAL T_SEMICOLON T_RIGHT_BRACE T_RETURN T_INTEGER_LITERAL T_SEMICOLON T_RIGHT_BRACE T_EOF 

State Stack: 0 8 8 9 16 18 23 50 118 118 118 118 118 118 118 118 118 118 106 203 76 
Symbol Stack: declaration declaration type_specifier T_IDENTIFIER T_LEFT_PAREN T_RIGHT_PAREN T_LEFT_BRACE statement statement statement statement statement statement statement statement statement statement T_WHILE T_LEFT_PAREN factor 
Input Stack: T_GREATER T_INTEGER_LITERAL T_RIGHT_PAREN T_LEFT_BRACE T_IDENTIFIER T_DECREMENT T_SEMICOLON T_RIGHT_BRACE T_FOR T_LEFT_PAREN T_IDENTIFIER T_ASSIGN T_INTEGER_LITERAL T_SEMICOLON T_IDENTIFIER T_LESS T_INTEGER_LITERAL T_SEMICOLON T_IDENTIFIER T_INCREMENT T_RIGHT_PAREN T_LEFT_BRACE T_IDENTIFIER T_ASSIGN T_IDENTIFIER T_PLUS T_IDENTIFIER T_SEMICOLON T_RIGHT_BRACE T_FOR T_LEFT_PAREN T_IDENTIFIER T_ASSIGN T_INTEGER_LITERAL T_SEMICOLON T_IDENTIFIER T_LESS T_INTEGER_LITERAL T_SEMICOLON T_IDENTIFIER T_INCREMENT T_RIGHT_PAREN T_LEFT_BRACE T_IDENTIFIER T_LEFT_SQUARE T_IDENTIFIER T_RIGHT_SQUARE T_ASSIGN T_IDENTIFIER T_SEMICOLON T_RIGHT_BRACE T_IDENTIFIER T_ASSIGN T_NOT T_IDENTIFIER T_SEMICOLON T_IDENTIFIER T_ASSIGN T_IDENTIFIER T_MOD T_INTEGER_LITERAL T_SEMICOLON T_IDENTIFIER T_ASSIGN T_IDENTIFIER T_BITAND T_INTEGER_LITERAL T_SEMICOLON T_IDENTIFIER T_ASSIGN T_IDENTIFIER T_BITOR T_INTEGER_LITERAL T_SEMICOLON T_IDENTIFIER T_ASSIGN T_IDENTIFIER T_BITXOR T_INTEGER_LITERAL T_SEMICOLON T_IDENTIFIER T_ASSIGN T_BITNOT T_IDENTIFIER T_SEMICOLON T_INT T_IDENTIFIER T_ASSIGN T_IDENTIFIER T_LEFT_PAREN T_IDENTIFIER T_COMMA T_IDENTIFIER T_RIGHT_PAREN T_SEMICOLON T_LEFT_BRACE T_INT T_IDENTIFIER T_ASSIGN T_INTEGER_LITERAL T_SEMICOLON T_IDENTIFIER T_ASSIGN T_IDENTIFIER T_PLUS T_INTEGER_LITERAL T_SEMICOLON T_RIGHT_BRACE T_RETURN T_INTEGER_LITERAL T_SEMICOLON T_RIGHT_BRACE T_EOF 

State Stack: 0 8 8 9 16 18 23 50 118 118 118 118 118 118 118 118 118 118 106 203 69 
Symbol Stack: declaration declaration type_specifier T_IDENTIFIER T_LEFT_PAREN T_RIGHT_PAREN T_LEFT_BRACE statement statement statement statement statement statement statement statement statement statement T_WHILE T_LEFT_PAREN term 
Input Stack: T_GREATER T_INTEGER_LITERAL T_RIGHT_PAREN T_LEFT_BRACE T_IDENTIFIER T_DECREMENT T_SEMICOLON T_RIGHT_BRACE T_FOR T_LEFT_PAREN T_IDENTIFIER T_ASSIGN T_INTEGER_LITERAL T_SEMICOLON T_IDENTIFIER T_LESS T_INTEGER_LITERAL T_SEMICOLON T_IDENTIFIER T_INCREMENT T_RIGHT_PAREN T_LEFT_BRACE T_IDENTIFIER T_ASSIGN T_IDENTIFIER T_PLUS T_IDENTIFIER T_SEMICOLON T_RIGHT_BRACE T_FOR T_LEFT_PAREN T_IDENTIFIER T_ASSIGN T_INTEGER_LITERAL T_SEMICOLON T_IDENTIFIER T_LESS T_INTEGER_LITERAL T_SEMICOLON T_IDENTIFIER T_INCREMENT T_RIGHT_PAREN T_LEFT_BRACE T_IDENTIFIER T_LEFT_SQUARE T_IDENTIFIER T_RIGHT_SQUARE T_ASSIGN T_IDENTIFIER T_SEMICOLON T_RIGHT_BRACE T_IDENTIFIER T_ASSIGN T_NOT T_IDENTIFIER T_SEMICOLON T_IDENTIFIER T_ASSIGN T_IDENTIFIER T_MOD T_INTEGER_LITERAL T_SEMICOLON T_IDENTIFIER T_ASSIGN T_IDENTIFIER T_BITAND T_INTEGER_LITERAL T_SEMICOLON T_IDENTIFIER T_ASSIGN T_IDENTIFIER T_BITOR T_INTEGER_LITERAL T_SEMICOLON T_IDENTIFIER T_ASSIGN T_IDENTIFIER T_BITXOR T_INTEGER_LITERAL T_SEMICOLON T_IDENTIFIER T_ASSIGN T_BITNOT T_IDENTIFIER T_SEMICOLON T_INT T_IDENTIFIER T_ASSIGN T_IDENTIFIER T_LEFT_PAREN T_IDENTIFIER T_COMMA T_IDENTIFIER T_RIGHT_PAREN T_SEMICOLON T_LEFT_BRACE T_INT T_IDENTIFIER T_ASSIGN T_INTEGER_LITERAL T_SEMICOLON T_IDENTIFIER T_ASSIGN T_IDENTIFIER T_PLUS T_INTEGER_LITERAL T_SEMICOLON T_RIGHT_BRACE T_RETURN T_INTEGER_LITERAL T_SEMICOLON T_RIGHT_BRACE T_EOF 

State Stack: 0 8 8 9 16 18 23 50 118 118 118 118 118 118 118 118 118 118 106 203 68 
Symbol Stack: declaration declaration type_specifier T_IDENTIFIER T_LEFT_PAREN T_RIGHT_PAREN T_LEFT_BRACE statement statement statement statement statement statement statement statement statement statement T_WHILE T_LEFT_PAREN additive_expression 
Input Stack: T_GREATER T_INTEGER_LITERAL T_RIGHT_PAREN T_LEFT_BRACE T_IDENTIFIER T_DECREMENT T_SEMICOLON T_RIGHT_BRACE T_FOR T_LEFT_PAREN T_IDENTIFIER T_ASSIGN T_INTEGER_LITERAL T_SEMICOLON T_IDENTIFIER T_LESS T_INTEGER_LITERAL T_SEMICOLON T_IDENTIFIER T_INCREMENT T_RIGHT_PAREN T_LEFT_BRACE T_IDENTIFIER T_ASSIGN T_IDENTIFIER T_PLUS T_IDENTIFIER T_SEMICOLON T_RIGHT_BRACE T_FOR T_LEFT_PAREN T_IDENTIFIER T_ASSIGN T_INTEGER_LITERAL T_SEMICOLON T_IDENTIFIER T_LESS T_INTEGER_LITERAL T_SEMICOLON T_IDENTIFIER T_INCREMENT T_RIGHT_PAREN T_LEFT_BRACE T_IDENTIFIER T_LEFT_SQUARE T_IDENTIFIER T_RIGHT_SQUARE T_ASSIGN T_IDENTIFIER T_SEMICOLON T_RIGHT_BRACE T_IDENTIFIER T_ASSIGN T_NOT T_IDENTIFIER T_SEMICOLON T_IDENTIFIER T_ASSIGN T_IDENTIFIER T_MOD T_INTEGER_LITERAL T_SEMICOLON T_IDENTIFIER T_ASSIGN T_IDENTIFIER T_BITAND T_INTEGER_LITERAL T_SEMICOLON T_IDENTIFIER T_ASSIGN T_IDENTIFIER T_BITOR T_INTEGER_LITERAL T_SEMICOLON T_IDENTIFIER T_ASSIGN T_IDENTIFIER T_BITXOR T_INTEGER_LITERAL T_SEMICOLON T_IDENTIFIER T_ASSIGN T_BITNOT T_IDENTIFIER T_SEMICOLON T_INT T_IDENTIFIER T_ASSIGN T_IDENTIFIER T_LEFT_PAREN T_IDENTIFIER T_COMMA T_IDENTIFIER T_RIGHT_PAREN T_SEMICOLON T_LEFT_BRACE T_INT T_IDENTIFIER T_ASSIGN T_INTEGER_LITERAL T_SEMICOLON T_IDENTIFIER T_ASSIGN T_IDENTIFIER T_PLUS T_INTEGER_LITERAL T_SEMICOLON T_RIGHT_BRACE T_RETURN T_INTEGER_LITERAL T_SEMICOLON T_RIGHT_BRACE T_EOF 

State Stack: 0 8 8 9 16 18 23 50 118 118 118 118 118 118 118 118 118 118 106 203 68 81 
Symbol Stack: declaration declaration type_specifier T_IDENTIFIER T_LEFT_PAREN T_RIGHT_PAREN T_LEFT_BRACE statement statement statement statement statement statement statement statement statement statement T_WHILE T_LEFT_PAREN additive_expression T_GREATER 
Input Stack: T_INTEGER_LITERAL T_RIGHT_PAREN T_LEFT_BRACE T_IDENTIFIER T_DECREMENT T_SEMICOLON T_RIGHT_BRACE T_FOR T_LEFT_PAREN T_IDENTIFIER T_ASSIGN T_INTEGER_LITERAL T_SEMICOLON T_IDENTIFIER T_LESS T_INTEGER_LITERAL T_SEMICOLON T_IDENTIFIER T_INCREMENT T_RIGHT_PAREN T_LEFT_BRACE T_IDENTIFIER T_ASSIGN T_IDENTIFIER T_PLUS T_IDENTIFIER T_SEMICOLON T_RIGHT_BRACE T_FOR T_LEFT_PAREN T_IDENTIFIER T_ASSIGN T_INTEGER_LITERAL T_SEMICOLON T_IDENTIFIER T_LESS T_INTEGER_LITERAL T_SEMICOLON T_IDENTIFIER T_INCREMENT T_RIGHT_PAREN T_LEFT_BRACE T_IDENTIFIER T_LEFT_SQUARE T_IDENTIFIER T_RIGHT_SQUARE T_ASSIGN T_IDENTIFIER T_SEMICOLON T_RIGHT_BRACE T_IDENTIFIER T_ASSIGN T_NOT T_IDENTIFIER T_SEMICOLON T_IDENTIFIER T_ASSIGN T_IDENTIFIER T_MOD T_INTEGER_LITERAL T_SEMICOLON T_IDENTIFIER T_ASSIGN T_IDENTIFIER T_BITAND T_INTEGER_LITERAL T_SEMICOLON T_IDENTIFIER T_ASSIGN T_IDENTIFIER T_BITOR T_INTEGER_LITERAL T_SEMICOLON T_IDENTIFIER T_ASSIGN T_IDENTIFIER T_BITXOR T_INTEGER_LITERAL T_SEMICOLON T_IDENTIFIER T_ASSIGN T_BITNOT T_IDENTIFIER T_SEMICOLON T_INT T_IDENTIFIER T_ASSIGN T_IDENTIFIER T_LEFT_PAREN T_IDENTIFIER T_COMMA T_IDENTIFIER T_RIGHT_PAREN T_SEMICOLON T_LEFT_BRACE T_INT T_IDENTIFIER T_ASSIGN T_INTEGER_LITERAL T_SEMICOLON T_IDENTIFIER T_ASSIGN T_IDENTIFIER T_PLUS T_INTEGER_LITERAL T_SEMICOLON T_RIGHT_BRACE T_RETURN T_INTEGER_LITERAL T_SEMICOLON T_RIGHT_BRACE T_EOF 

State Stack: 0 8 8 9 16 18 23 50 118 118 118 118 118 118 118 118 118 118 106 203 68 169 
Symbol Stack: declaration declaration type_specifier T_IDENTIFIER T_LEFT_PAREN T_RIGHT_PAREN T_LEFT_BRACE statement statement statement statement statement statement statement statement statement statement T_WHILE T_LEFT_PAREN additive_expression relop 
Input Stack: T_INTEGER_LITERAL T_RIGHT_PAREN T_LEFT_BRACE T_IDENTIFIER T_DECREMENT T_SEMICOLON T_RIGHT_BRACE T_FOR T_LEFT_PAREN T_IDENTIFIER T_ASSIGN T_INTEGER_LITERAL T_SEMICOLON T_IDENTIFIER T_LESS T_INTEGER_LITERAL T_SEMICOLON T_IDENTIFIER T_INCREMENT T_RIGHT_PAREN T_LEFT_BRACE T_IDENTIFIER T_ASSIGN T_IDENTIFIER T_PLUS T_IDENTIFIER T_SEMICOLON T_RIGHT_BRACE T_FOR T_LEFT_PAREN T_IDENTIFIER T_ASSIGN T_INTEGER_LITERAL T_SEMICOLON T_IDENTIFIER T_LESS T_INTEGER_LITERAL T_SEMICOLON T_IDENTIFIER T_INCREMENT T_RIGHT_PAREN T_LEFT_BRACE T_IDENTIFIER T_LEFT_SQUARE T_IDENTIFIER T_RIGHT_SQUARE T_ASSIGN T_IDENTIFIER T_SEMICOLON T_RIGHT_BRACE T_IDENTIFIER T_ASSIGN T_NOT T_IDENTIFIER T_SEMICOLON T_IDENTIFIER T_ASSIGN T_IDENTIFIER T_MOD T_INTEGER_LITERAL T_SEMICOLON T_IDENTIFIER T_ASSIGN T_IDENTIFIER T_BITAND T_INTEGER_LITERAL T_SEMICOLON T_IDENTIFIER T_ASSIGN T_IDENTIFIER T_BITOR T_INTEGER_LITERAL T_SEMICOLON T_IDENTIFIER T_ASSIGN T_IDENTIFIER T_BITXOR T_INTEGER_LITERAL T_SEMICOLON T_IDENTIFIER T_ASSIGN T_BITNOT T_IDENTIFIER T_SEMICOLON T_INT T_IDENTIFIER T_ASSIGN T_IDENTIFIER T_LEFT_PAREN T_IDENTIFIER T_COMMA T_IDENTIFIER T_RIGHT_PAREN T_SEMICOLON T_LEFT_BRACE T_INT T_IDENTIFIER T_ASSIGN T_INTEGER_LITERAL T_SEMICOLON T_IDENTIFIER T_ASSIGN T_IDENTIFIER T_PLUS T_INTEGER_LITERAL T_SEMICOLON T_RIGHT_BRACE T_RETURN T_INTEGER_LITERAL T_SEMICOLON T_RIGHT_BRACE T_EOF 

State Stack: 0 8 8 9 16 18 23 50 118 118 118 118 118 118 118 118 118 118 106 203 68 169 261 
Symbol Stack: declaration declaration type_specifier T_IDENTIFIER T_LEFT_PAREN T_RIGHT_PAREN T_LEFT_BRACE statement statement statement statement statement statement statement statement statement statement T_WHILE T_LEFT_PAREN additive_expression relop T_INTEGER_LITERAL 
Input Stack: T_RIGHT_PAREN T_LEFT_BRACE T_IDENTIFIER T_DECREMENT T_SEMICOLON T_RIGHT_BRACE T_FOR T_LEFT_PAREN T_IDENTIFIER T_ASSIGN T_INTEGER_LITERAL T_SEMICOLON T_IDENTIFIER T_LESS T_INTEGER_LITERAL T_SEMICOLON T_IDENTIFIER T_INCREMENT T_RIGHT_PAREN T_LEFT_BRACE T_IDENTIFIER T_ASSIGN T_IDENTIFIER T_PLUS T_IDENTIFIER T_SEMICOLON T_RIGHT_BRACE T_FOR T_LEFT_PAREN T_IDENTIFIER T_ASSIGN T_INTEGER_LITERAL T_SEMICOLON T_IDENTIFIER T_LESS T_INTEGER_LITERAL T_SEMICOLON T_IDENTIFIER T_INCREMENT T_RIGHT_PAREN T_LEFT_BRACE T_IDENTIFIER T_LEFT_SQUARE T_IDENTIFIER T_RIGHT_SQUARE T_ASSIGN T_IDENTIFIER T_SEMICOLON T_RIGHT_BRACE T_IDENTIFIER T_ASSIGN T_NOT T_IDENTIFIER T_SEMICOLON T_IDENTIFIER T_ASSIGN T_IDENTIFIER T_MOD T_INTEGER_LITERAL T_SEMICOLON T_IDENTIFIER T_ASSIGN T_IDENTIFIER T_BITAND T_INTEGER_LITERAL T_SEMICOLON T_IDENTIFIER T_ASSIGN T_IDENTIFIER T_BITOR T_INTEGER_LITERAL T_SEMICOLON T_IDENTIFIER T_ASSIGN T_IDENTIFIER T_BITXOR T_INTEGER_LITERAL T_SEMICOLON T_IDENTIFIER T_ASSIGN T_BITNOT T_IDENTIFIER T_SEMICOLON T_INT T_IDENTIFIER T_ASSIGN T_IDENTIFIER T_LEFT_PAREN T_IDENTIFIER T_COMMA T_IDENTIFIER T_RIGHT_PAREN T_SEMICOLON T_LEFT_BRACE T_INT T_IDENTIFIER T_ASSIGN T_INTEGER_LITERAL T_SEMICOLON T_IDENTIFIER T_ASSIGN T_IDENTIFIER T_PLUS T_INTEGER_LITERAL T_SEMICOLON T_RIGHT_BRACE T_RETURN T_INTEGER_LITERAL T_SEMICOLON T_RIGHT_BRACE T_EOF 

State Stack: 0 8 8 9 16 18 23 50 118 118 118 118 118 118 118 118 118 118 106 203 68 169 270 
Symbol Stack: declaration declaration type_specifier T_IDENTIFIER T_LEFT_PAREN T_RIGHT_PAREN T_LEFT_BRACE statement statement statement statement statement statement statement statement statement statement T_WHILE T_LEFT_PAREN additive_expression relop factor 
Input Stack: T_RIGHT_PAREN T_LEFT_BRACE T_IDENTIFIER T_DECREMENT T_SEMICOLON T_RIGHT_BRACE T_FOR T_LEFT_PAREN T_IDENTIFIER T_ASSIGN T_INTEGER_LITERAL T_SEMICOLON T_IDENTIFIER T_LESS T_INTEGER_LITERAL T_SEMICOLON T_IDENTIFIER T_INCREMENT T_RIGHT_PAREN T_LEFT_BRACE T_IDENTIFIER T_ASSIGN T_IDENTIFIER T_PLUS T_IDENTIFIER T_SEMICOLON T_RIGHT_BRACE T_FOR T_LEFT_PAREN T_IDENTIFIER T_ASSIGN T_INTEGER_LITERAL T_SEMICOLON T_IDENTIFIER T_LESS T_INTEGER_LITERAL T_SEMICOLON T_IDENTIFIER T_INCREMENT T_RIGHT_PAREN T_LEFT_BRACE T_IDENTIFIER T_LEFT_SQUARE T_IDENTIFIER T_RIGHT_SQUARE T_ASSIGN T_IDENTIFIER T_SEMICOLON T_RIGHT_BRACE T_IDENTIFIER T_ASSIGN T_NOT T_IDENTIFIER T_SEMICOLON T_IDENTIFIER T_ASSIGN T_IDENTIFIER T_MOD T_INTEGER_LITERAL T_SEMICOLON T_IDENTIFIER T_ASSIGN T_IDENTIFIER T_BITAND T_INTEGER_LITERAL T_SEMICOLON T_IDENTIFIER T_ASSIGN T_IDENTIFIER T_BITOR T_INTEGER_LITERAL T_SEMICOLON T_IDENTIFIER T_ASSIGN T_IDENTIFIER T_BITXOR T_INTEGER_LITERAL T_SEMICOLON T_IDENTIFIER T_ASSIGN T_BITNOT T_IDENTIFIER T_SEMICOLON T_INT T_IDENTIFIER T_ASSIGN T_IDENTIFIER T_LEFT_PAREN T_IDENTIFIER T_COMMA T_IDENTIFIER T_RIGHT_PAREN T_SEMICOLON T_LEFT_BRACE T_INT T_IDENTIFIER T_ASSIGN T_INTEGER_LITERAL T_SEMICOLON T_IDENTIFIER T_ASSIGN T_IDENTIFIER T_PLUS T_INTEGER_LITERAL T_SEMICOLON T_RIGHT_BRACE T_RETURN T_INTEGER_LITERAL T_SEMICOLON T_RIGHT_BRACE T_EOF 

State Stack: 0 8 8 9 16 18 23 50 118 118 118 118 118 118 118 118 118 118 106 203 68 169 266 
Symbol Stack: declaration declaration type_specifier T_IDENTIFIER T_LEFT_PAREN T_RIGHT_PAREN T_LEFT_BRACE statement statement statement statement statement statement statement statement statement statement T_WHILE T_LEFT_PAREN additive_expression relop term 
Input Stack: T_RIGHT_PAREN T_LEFT_BRACE T_IDENTIFIER T_DECREMENT T_SEMICOLON T_RIGHT_BRACE T_FOR T_LEFT_PAREN T_IDENTIFIER T_ASSIGN T_INTEGER_LITERAL T_SEMICOLON T_IDENTIFIER T_LESS T_INTEGER_LITERAL T_SEMICOLON T_IDENTIFIER T_INCREMENT T_RIGHT_PAREN T_LEFT_BRACE T_IDENTIFIER T_ASSIGN T_IDENTIFIER T_PLUS T_IDENTIFIER T_SEMICOLON T_RIGHT_BRACE T_FOR T_LEFT_PAREN T_IDENTIFIER T_ASSIGN T_INTEGER_LITERAL T_SEMICOLON T_IDENTIFIER T_LESS T_INTEGER_LITERAL T_SEMICOLON T_IDENTIFIER T_INCREMENT T_RIGHT_PAREN T_LEFT_BRACE T_IDENTIFIER T_LEFT_SQUARE T_IDENTIFIER T_RIGHT_SQUARE T_ASSIGN T_IDENTIFIER T_SEMICOLON T_RIGHT_BRACE T_IDENTIFIER T_ASSIGN T_NOT T_IDENTIFIER T_SEMICOLON T_IDENTIFIER T_ASSIGN T_IDENTIFIER T_MOD T_INTEGER_LITERAL T_SEMICOLON T_IDENTIFIER T_ASSIGN T_IDENTIFIER T_BITAND T_INTEGER_LITERAL T_SEMICOLON T_IDENTIFIER T_ASSIGN T_IDENTIFIER T_BITOR T_INTEGER_LITERAL T_SEMICOLON T_IDENTIFIER T_ASSIGN T_IDENTIFIER T_BITXOR T_INTEGER_LITERAL T_SEMICOLON T_IDENTIFIER T_ASSIGN T_BITNOT T_IDENTIFIER T_SEMICOLON T_INT T_IDENTIFIER T_ASSIGN T_IDENTIFIER T_LEFT_PAREN T_IDENTIFIER T_COMMA T_IDENTIFIER T_RIGHT_PAREN T_SEMICOLON T_LEFT_BRACE T_INT T_IDENTIFIER T_ASSIGN T_INTEGER_LITERAL T_SEMICOLON T_IDENTIFIER T_ASSIGN T_IDENTIFIER T_PLUS T_INTEGER_LITERAL T_SEMICOLON T_RIGHT_BRACE T_RETURN T_INTEGER_LITERAL T_SEMICOLON T_RIGHT_BRACE T_EOF 

State Stack: 0 8 8 9 16 18 23 50 118 118 118 118 118 118 118 118 118 118 106 203 68 169 265 
Symbol Stack: declaration declaration type_specifier T_IDENTIFIER T_LEFT_PAREN T_RIGHT_PAREN T_LEFT_BRACE statement statement statement statement statement statement statement statement statement statement T_WHILE T_LEFT_PAREN additive_expression relop additive_expression 
Input Stack: T_RIGHT_PAREN T_LEFT_BRACE T_IDENTIFIER T_DECREMENT T_SEMICOLON T_RIGHT_BRACE T_FOR T_LEFT_PAREN T_IDENTIFIER T_ASSIGN T_INTEGER_LITERAL T_SEMICOLON T_IDENTIFIER T_LESS T_INTEGER_LITERAL T_SEMICOLON T_IDENTIFIER T_INCREMENT T_RIGHT_PAREN T_LEFT_BRACE T_IDENTIFIER T_ASSIGN T_IDENTIFIER T_PLUS T_IDENTIFIER T_SEMICOLON T_RIGHT_BRACE T_FOR T_LEFT_PAREN T_IDENTIFIER T_ASSIGN T_INTEGER_LITERAL T_SEMICOLON T_IDENTIFIER T_LESS T_INTEGER_LITERAL T_SEMICOLON T_IDENTIFIER T_INCREMENT T_RIGHT_PAREN T_LEFT_BRACE T_IDENTIFIER T_LEFT_SQUARE T_IDENTIFIER T_RIGHT_SQUARE T_ASSIGN T_IDENTIFIER T_SEMICOLON T_RIGHT_BRACE T_IDENTIFIER T_ASSIGN T_NOT T_IDENTIFIER T_SEMICOLON T_IDENTIFIER T_ASSIGN T_IDENTIFIER T_MOD T_INTEGER_LITERAL T_SEMICOLON T_IDENTIFIER T_ASSIGN T_IDENTIFIER T_BITAND T_INTEGER_LITERAL T_SEMICOLON T_IDENTIFIER T_ASSIGN T_IDENTIFIER T_BITOR T_INTEGER_LITERAL T_SEMICOLON T_IDENTIFIER T_ASSIGN T_IDENTIFIER T_BITXOR T_INTEGER_LITERAL T_SEMICOLON T_IDENTIFIER T_ASSIGN T_BITNOT T_IDENTIFIER T_SEMICOLON T_INT T_IDENTIFIER T_ASSIGN T_IDENTIFIER T_LEFT_PAREN T_IDENTIFIER T_COMMA T_IDENTIFIER T_RIGHT_PAREN T_SEMICOLON T_LEFT_BRACE T_INT T_IDENTIFIER T_ASSIGN T_INTEGER_LITERAL T_SEMICOLON T_IDENTIFIER T_ASSIGN T_IDENTIFIER T_PLUS T_INTEGER_LITERAL T_SEMICOLON T_RIGHT_BRACE T_RETURN T_INTEGER_LITERAL T_SEMICOLON T_RIGHT_BRACE T_EOF 

State Stack: 0 8 8 9 16 18 23 50 118 118 118 118 118 118 118 118 118 118 106 203 71 
Symbol Stack: declaration declaration type_specifier T_IDENTIFIER T_LEFT_PAREN T_RIGHT_PAREN T_LEFT_BRACE statement statement statement statement statement statement statement statement statement statement T_WHILE T_LEFT_PAREN simple_expression 
Input Stack: T_RIGHT_PAREN T_LEFT_BRACE T_IDENTIFIER T_DECREMENT T_SEMICOLON T_RIGHT_BRACE T_FOR T_LEFT_PAREN T_IDENTIFIER T_ASSIGN T_INTEGER_LITERAL T_SEMICOLON T_IDENTIFIER T_LESS T_INTEGER_LITERAL T_SEMICOLON T_IDENTIFIER T_INCREMENT T_RIGHT_PAREN T_LEFT_BRACE T_IDENTIFIER T_ASSIGN T_IDENTIFIER T_PLUS T_IDENTIFIER T_SEMICOLON T_RIGHT_BRACE T_FOR T_LEFT_PAREN T_IDENTIFIER T_ASSIGN T_INTEGER_LITERAL T_SEMICOLON T_IDENTIFIER T_LESS T_INTEGER_LITERAL T_SEMICOLON T_IDENTIFIER T_INCREMENT T_RIGHT_PAREN T_LEFT_BRACE T_IDENTIFIER T_LEFT_SQUARE T_IDENTIFIER T_RIGHT_SQUARE T_ASSIGN T_IDENTIFIER T_SEMICOLON T_RIGHT_BRACE T_IDENTIFIER T_ASSIGN T_NOT T_IDENTIFIER T_SEMICOLON T_IDENTIFIER T_ASSIGN T_IDENTIFIER T_MOD T_INTEGER_LITERAL T_SEMICOLON T_IDENTIFIER T_ASSIGN T_IDENTIFIER T_BITAND T_INTEGER_LITERAL T_SEMICOLON T_IDENTIFIER T_ASSIGN T_IDENTIFIER T_BITOR T_INTEGER_LITERAL T_SEMICOLON T_IDENTIFIER T_ASSIGN T_IDENTIFIER T_BITXOR T_INTEGER_LITERAL T_SEMICOLON T_IDENTIFIER T_ASSIGN T_BITNOT T_IDENTIFIER T_SEMICOLON T_INT T_IDENTIFIER T_ASSIGN T_IDENTIFIER T_LEFT_PAREN T_IDENTIFIER T_COMMA T_IDENTIFIER T_RIGHT_PAREN T_SEMICOLON T_LEFT_BRACE T_INT T_IDENTIFIER T_ASSIGN T_INTEGER_LITERAL T_SEMICOLON T_IDENTIFIER T_ASSIGN T_IDENTIFIER T_PLUS T_INTEGER_LITERAL T_SEMICOLON T_RIGHT_BRACE T_RETURN T_INTEGER_LITERAL T_SEMICOLON T_RIGHT_BRACE T_EOF 

State Stack: 0 8 8 9 16 18 23 50 118 118 118 118 118 118 118 118 118 118 106 203 294 
Symbol Stack: declaration declaration type_specifier T_IDENTIFIER T_LEFT_PAREN T_RIGHT_PAREN T_LEFT_BRACE statement statement statement statement statement statement statement statement statement statement T_WHILE T_LEFT_PAREN expression 
Input Stack: T_RIGHT_PAREN T_LEFT_BRACE T_IDENTIFIER T_DECREMENT T_SEMICOLON T_RIGHT_BRACE T_FOR T_LEFT_PAREN T_IDENTIFIER T_ASSIGN T_INTEGER_LITERAL T_SEMICOLON T_IDENTIFIER T_LESS T_INTEGER_LITERAL T_SEMICOLON T_IDENTIFIER T_INCREMENT T_RIGHT_PAREN T_LEFT_BRACE T_IDENTIFIER T_ASSIGN T_IDENTIFIER T_PLUS T_IDENTIFIER T_SEMICOLON T_RIGHT_BRACE T_FOR T_LEFT_PAREN T_IDENTIFIER T_ASSIGN T_INTEGER_LITERAL T_SEMICOLON T_IDENTIFIER T_LESS T_INTEGER_LITERAL T_SEMICOLON T_IDENTIFIER T_INCREMENT T_RIGHT_PAREN T_LEFT_BRACE T_IDENTIFIER T_LEFT_SQUARE T_IDENTIFIER T_RIGHT_SQUARE T_ASSIGN T_IDENTIFIER T_SEMICOLON T_RIGHT_BRACE T_IDENTIFIER T_ASSIGN T_NOT T_IDENTIFIER T_SEMICOLON T_IDENTIFIER T_ASSIGN T_IDENTIFIER T_MOD T_INTEGER_LITERAL T_SEMICOLON T_IDENTIFIER T_ASSIGN T_IDENTIFIER T_BITAND T_INTEGER_LITERAL T_SEMICOLON T_IDENTIFIER T_ASSIGN T_IDENTIFIER T_BITOR T_INTEGER_LITERAL T_SEMICOLON T_IDENTIFIER T_ASSIGN T_IDENTIFIER T_BITXOR T_INTEGER_LITERAL T_SEMICOLON T_IDENTIFIER T_ASSIGN T_BITNOT T_IDENTIFIER T_SEMICOLON T_INT T_IDENTIFIER T_ASSIGN T_IDENTIFIER T_LEFT_PAREN T_IDENTIFIER T_COMMA T_IDENTIFIER T_RIGHT_PAREN T_SEMICOLON T_LEFT_BRACE T_INT T_IDENTIFIER T_ASSIGN T_INTEGER_LITERAL T_SEMICOLON T_IDENTIFIER T_ASSIGN T_IDENTIFIER T_PLUS T_INTEGER_LITERAL T_SEMICOLON T_RIGHT_BRACE T_RETURN T_INTEGER_LITERAL T_SEMICOLON T_RIGHT_BRACE T_EOF 

State Stack: 0 8 8 9 16 18 23 50 118 118 118 118 118 118 118 118 118 118 106 203 294 385 
Symbol Stack: declaration declaration type_specifier T_IDENTIFIER T_LEFT_PAREN T_RIGHT_PAREN T_LEFT_BRACE statement statement statement statement statement statement statement statement statement statement T_WHILE T_LEFT_PAREN expression T_RIGHT_PAREN 
Input Stack: T_LEFT_BRACE T_IDENTIFIER T_DECREMENT T_SEMICOLON T_RIGHT_BRACE T_FOR T_LEFT_PAREN T_IDENTIFIER T_ASSIGN T_INTEGER_LITERAL T_SEMICOLON T_IDENTIFIER T_LESS T_INTEGER_LITERAL T_SEMICOLON T_IDENTIFIER T_INCREMENT T_RIGHT_PAREN T_LEFT_BRACE T_IDENTIFIER T_ASSIGN T_IDENTIFIER T_PLUS T_IDENTIFIER T_SEMICOLON T_RIGHT_BRACE T_FOR T_LEFT_PAREN T_IDENTIFIER T_ASSIGN T_INTEGER_LITERAL T_SEMICOLON T_IDENTIFIER T_LESS T_INTEGER_LITERAL T_SEMICOLON T_IDENTIFIER T_INCREMENT T_RIGHT_PAREN T_LEFT_BRACE T_IDENTIFIER T_LEFT_SQUARE T_IDENTIFIER T_RIGHT_SQUARE T_ASSIGN T_IDENTIFIER T_SEMICOLON T_RIGHT_BRACE T_IDENTIFIER T_ASSIGN T_NOT T_IDENTIFIER T_SEMICOLON T_IDENTIFIER T_ASSIGN T_IDENTIFIER T_MOD T_INTEGER_LITERAL T_SEMICOLON T_IDENTIFIER T_ASSIGN T_IDENTIFIER T_BITAND T_INTEGER_LITERAL T_SEMICOLON T_IDENTIFIER T_ASSIGN T_IDENTIFIER T_BITOR T_INTEGER_LITERAL T_SEMICOLON T_IDENTIFIER T_ASSIGN T_IDENTIFIER T_BITXOR T_INTEGER_LITERAL T_SEMICOLON T_IDENTIFIER T_ASSIGN T_BITNOT T_IDENTIFIER T_SEMICOLON T_INT T_IDENTIFIER T_ASSIGN T_IDENTIFIER T_LEFT_PAREN T_IDENTIFIER T_COMMA T_IDENTIFIER T_RIGHT_PAREN T_SEMICOLON T_LEFT_BRACE T_INT T_IDENTIFIER T_ASSIGN T_INTEGER_LITERAL T_SEMICOLON T_IDENTIFIER T_ASSIGN T_IDENTIFIER T_PLUS T_INTEGER_LITERAL T_SEMICOLON T_RIGHT_BRACE T_RETURN T_INTEGER_LITERAL T_SEMICOLON T_RIGHT_BRACE T_EOF 

State Stack: 0 8 8 9 16 18 23 50 118 118 118 118 118 118 118 118 118 118 106 203 294 385 103 
Symbol Stack: declaration declaration type_specifier T_IDENTIFIER T_LEFT_PAREN T_RIGHT_PAREN T_LEFT_BRACE statement statement statement statement statement statement statement statement statement statement T_WHILE T_LEFT_PAREN expression T_RIGHT_PAREN T_LEFT_BRACE 
Input Stack: T_IDENTIFIER T_DECREMENT T_SEMICOLON T_RIGHT_BRACE T_FOR T_LEFT_PAREN T_IDENTIFIER T_ASSIGN T_INTEGER_LITERAL T_SEMICOLON T_IDENTIFIER T_LESS T_INTEGER_LITERAL T_SEMICOLON T_IDENTIFIER T_INCREMENT T_RIGHT_PAREN T_LEFT_BRACE T_IDENTIFIER T_ASSIGN T_IDENTIFIER T_PLUS T_IDENTIFIER T_SEMICOLON T_RIGHT_BRACE T_FOR T_LEFT_PAREN T_IDENTIFIER T_ASSIGN T_INTEGER_LITERAL T_SEMICOLON T_IDENTIFIER T_LESS T_INTEGER_LITERAL T_SEMICOLON T_IDENTIFIER T_INCREMENT T_RIGHT_PAREN T_LEFT_BRACE T_IDENTIFIER T_LEFT_SQUARE T_IDENTIFIER T_RIGHT_SQUARE T_ASSIGN T_IDENTIFIER T_SEMICOLON T_RIGHT_BRACE T_IDENTIFIER T_ASSIGN T_NOT T_IDENTIFIER T_SEMICOLON T_IDENTIFIER T_ASSIGN T_IDENTIFIER T_MOD T_INTEGER_LITERAL T_SEMICOLON T_IDENTIFIER T_ASSIGN T_IDENTIFIER T_BITAND T_INTEGER_LITERAL T_SEMICOLON T_IDENTIFIER T_ASSIGN T_IDENTIFIER T_BITOR T_INTEGER_LITERAL T_SEMICOLON T_IDENTIFIER T_ASSIGN T_IDENTIFIER T_BITXOR T_INTEGER_LITERAL T_SEMICOLON T_IDENTIFIER T_ASSIGN T_BITNOT T_IDENTIFIER T_SEMICOLON T_INT T_IDENTIFIER T_ASSIGN T_IDENTIFIER T_LEFT_PAREN T_IDENTIFIER T_COMMA T_IDENTIFIER T_RIGHT_PAREN T_SEMICOLON T_LEFT_BRACE T_INT T_IDENTIFIER T_ASSIGN T_INTEGER_LITERAL T_SEMICOLON T_IDENTIFIER T_ASSIGN T_IDENTIFIER T_PLUS T_INTEGER_LITERAL T_SEMICOLON T_RIGHT_BRACE T_RETURN T_INTEGER_LITERAL T_SEMICOLON T_RIGHT_BRACE T_EOF 

State Stack: 0 8 8 9 16 18 23 50 118 118 118 118 118 118 118 118 118 118 106 203 294 385 103 29 
Symbol Stack: declaration declaration type_specifier T_IDENTIFIER T_LEFT_PAREN T_RIGHT_PAREN T_LEFT_BRACE statement statement statement statement statement statement statement statement statement statement T_WHILE T_LEFT_PAREN expression T_RIGHT_PAREN T_LEFT_BRACE T_IDENTIFIER 
Input Stack: T_DECREMENT T_SEMICOLON T_RIGHT_BRACE T_FOR T_LEFT_PAREN T_IDENTIFIER T_ASSIGN T_INTEGER_LITERAL T_SEMICOLON T_IDENTIFIER T_LESS T_INTEGER_LITERAL T_SEMICOLON T_IDENTIFIER T_INCREMENT T_RIGHT_PAREN T_LEFT_BRACE T_IDENTIFIER T_ASSIGN T_IDENTIFIER T_PLUS T_IDENTIFIER T_SEMICOLON T_RIGHT_BRACE T_FOR T_LEFT_PAREN T_IDENTIFIER T_ASSIGN T_INTEGER_LITERAL T_SEMICOLON T_IDENTIFIER T_LESS T_INTEGER_LITERAL T_SEMICOLON T_IDENTIFIER T_INCREMENT T_RIGHT_PAREN T_LEFT_BRACE T_IDENTIFIER T_LEFT_SQUARE T_IDENTIFIER T_RIGHT_SQUARE T_ASSIGN T_IDENTIFIER T_SEMICOLON T_RIGHT_BRACE T_IDENTIFIER T_ASSIGN T_NOT T_IDENTIFIER T_SEMICOLON T_IDENTIFIER T_ASSIGN T_IDENTIFIER T_MOD T_INTEGER_LITERAL T_SEMICOLON T_IDENTIFIER T_ASSIGN T_IDENTIFIER T_BITAND T_INTEGER_LITERAL T_SEMICOLON T_IDENTIFIER T_ASSIGN T_IDENTIFIER T_BITOR T_INTEGER_LITERAL T_SEMICOLON T_IDENTIFIER T_ASSIGN T_IDENTIFIER T_BITXOR T_INTEGER_LITERAL T_SEMICOLON T_IDENTIFIER T_ASSIGN T_BITNOT T_IDENTIFIER T_SEMICOLON T_INT T_IDENTIFIER T_ASSIGN T_IDENTIFIER T_LEFT_PAREN T_IDENTIFIER T_COMMA T_IDENTIFIER T_RIGHT_PAREN T_SEMICOLON T_LEFT_BRACE T_INT T_IDENTIFIER T_ASSIGN T_INTEGER_LITERAL T_SEMICOLON T_IDENTIFIER T_ASSIGN T_IDENTIFIER T_PLUS T_INTEGER_LITERAL T_SEMICOLON T_RIGHT_BRACE T_RETURN T_INTEGER_LITERAL T_SEMICOLON T_RIGHT_BRACE T_EOF 

State Stack: 0 8 8 9 16 18 23 50 118 118 118 118 118 118 118 118 118 118 106 203 294 385 103 43 
Symbol Stack: declaration declaration type_specifier T_IDENTIFIER T_LEFT_PAREN T_RIGHT_PAREN T_LEFT_BRACE statement statement statement statement statement statement statement statement statement statement T_WHILE T_LEFT_PAREN expression T_RIGHT_PAREN T_LEFT_BRACE var 
Input Stack: T_DECREMENT T_SEMICOLON T_RIGHT_BRACE T_FOR T_LEFT_PAREN T_IDENTIFIER T_ASSIGN T_INTEGER_LITERAL T_SEMICOLON T_IDENTIFIER T_LESS T_INTEGER_LITERAL T_SEMICOLON T_IDENTIFIER T_INCREMENT T_RIGHT_PAREN T_LEFT_BRACE T_IDENTIFIER T_ASSIGN T_IDENTIFIER T_PLUS T_IDENTIFIER T_SEMICOLON T_RIGHT_BRACE T_FOR T_LEFT_PAREN T_IDENTIFIER T_ASSIGN T_INTEGER_LITERAL T_SEMICOLON T_IDENTIFIER T_LESS T_INTEGER_LITERAL T_SEMICOLON T_IDENTIFIER T_INCREMENT T_RIGHT_PAREN T_LEFT_BRACE T_IDENTIFIER T_LEFT_SQUARE T_IDENTIFIER T_RIGHT_SQUARE T_ASSIGN T_IDENTIFIER T_SEMICOLON T_RIGHT_BRACE T_IDENTIFIER T_ASSIGN T_NOT T_IDENTIFIER T_SEMICOLON T_IDENTIFIER T_ASSIGN T_IDENTIFIER T_MOD T_INTEGER_LITERAL T_SEMICOLON T_IDENTIFIER T_ASSIGN T_IDENTIFIER T_BITAND T_INTEGER_LITERAL T_SEMICOLON T_IDENTIFIER T_ASSIGN T_IDENTIFIER T_BITOR T_INTEGER_LITERAL T_SEMICOLON T_IDENTIFIER T_ASSIGN T_IDENTIFIER T_BITXOR T_INTEGER_LITERAL T_SEMICOLON T_IDENTIFIER T_ASSIGN T_BITNOT T_IDENTIFIER T_SEMICOLON T_INT T_IDENTIFIER T_ASSIGN T_IDENTIFIER T_LEFT_PAREN T_IDENTIFIER T_COMMA T_IDENTIFIER T_RIGHT_PAREN T_SEMICOLON T_LEFT_BRACE T_INT T_IDENTIFIER T_ASSIGN T_INTEGER_LITERAL T_SEMICOLON T_IDENTIFIER T_ASSIGN T_IDENTIFIER T_PLUS T_INTEGER_LITERAL T_SEMICOLON T_RIGHT_BRACE T_RETURN T_INTEGER_LITERAL T_SEMICOLON T_RIGHT_BRACE T_EOF 

State Stack: 0 8 8 9 16 18 23 50 118 118 118 118 118 118 118 118 118 118 106 203 294 385 103 43 97 
Symbol Stack: declaration declaration type_specifier T_IDENTIFIER T_LEFT_PAREN T_RIGHT_PAREN T_LEFT_BRACE statement statement statement statement statement statement statement statement statement statement T_WHILE T_LEFT_PAREN expression T_RIGHT_PAREN T_LEFT_BRACE var T_DECREMENT 
Input Stack: T_SEMICOLON T_RIGHT_BRACE T_FOR T_LEFT_PAREN T_IDENTIFIER T_ASSIGN T_INTEGER_LITERAL T_SEMICOLON T_IDENTIFIER T_LESS T_INTEGER_LITERAL T_SEMICOLON T_IDENTIFIER T_INCREMENT T_RIGHT_PAREN T_LEFT_BRACE T_IDENTIFIER T_ASSIGN T_IDENTIFIER T_PLUS T_IDENTIFIER T_SEMICOLON T_RIGHT_BRACE T_FOR T_LEFT_PAREN T_IDENTIFIER T_ASSIGN T_INTEGER_LITERAL T_SEMICOLON T_IDENTIFIER T_LESS T_INTEGER_LITERAL T_SEMICOLON T_IDENTIFIER T_INCREMENT T_RIGHT_PAREN T_LEFT_BRACE T_IDENTIFIER T_LEFT_SQUARE T_IDENTIFIER T_RIGHT_SQUARE T_ASSIGN T_IDENTIFIER T_SEMICOLON T_RIGHT_BRACE T_IDENTIFIER T_ASSIGN T_NOT T_IDENTIFIER T_SEMICOLON T_IDENTIFIER T_ASSIGN T_IDENTIFIER T_MOD T_INTEGER_LITERAL T_SEMICOLON T_IDENTIFIER T_ASSIGN T_IDENTIFIER T_BITAND T_INTEGER_LITERAL T_SEMICOLON T_IDENTIFIER T_ASSIGN T_IDENTIFIER T_BITOR T_INTEGER_LITERAL T_SEMICOLON T_IDENTIFIER T_ASSIGN T_IDENTIFIER T_BITXOR T_INTEGER_LITERAL T_SEMICOLON T_IDENTIFIER T_ASSIGN T_BITNOT T_IDENTIFIER T_SEMICOLON T_INT T_IDENTIFIER T_ASSIGN T_IDENTIFIER T_LEFT_PAREN T_IDENTIFIER T_COMMA T_IDENTIFIER T_RIGHT_PAREN T_SEMICOLON T_LEFT_BRACE T_INT T_IDENTIFIER T_ASSIGN T_INTEGER_LITERAL T_SEMICOLON T_IDENTIFIER T_ASSIGN T_IDENTIFIER T_PLUS T_INTEGER_LITERAL T_SEMICOLON T_RIGHT_BRACE T_RETURN T_INTEGER_LITERAL T_SEMICOLON T_RIGHT_BRACE T_EOF 

State Stack: 0 8 8 9 16 18 23 50 118 118 118 118 118 118 118 118 118 118 106 203 294 385 103 43 99 
Symbol Stack: declaration declaration type_specifier T_IDENTIFIER T_LEFT_PAREN T_RIGHT_PAREN T_LEFT_BRACE statement statement statement statement statement statement statement statement statement statement T_WHILE T_LEFT_PAREN expression T_RIGHT_PAREN T_LEFT_BRACE var inc_dec_operator 
Input Stack: T_SEMICOLON T_RIGHT_BRACE T_FOR T_LEFT_PAREN T_IDENTIFIER T_ASSIGN T_INTEGER_LITERAL T_SEMICOLON T_IDENTIFIER T_LESS T_INTEGER_LITERAL T_SEMICOLON T_IDENTIFIER T_INCREMENT T_RIGHT_PAREN T_LEFT_BRACE T_IDENTIFIER T_ASSIGN T_IDENTIFIER T_PLUS T_IDENTIFIER T_SEMICOLON T_RIGHT_BRACE T_FOR T_LEFT_PAREN T_IDENTIFIER T_ASSIGN T_INTEGER_LITERAL T_SEMICOLON T_IDENTIFIER T_LESS T_INTEGER_LITERAL T_SEMICOLON T_IDENTIFIER T_INCREMENT T_RIGHT_PAREN T_LEFT_BRACE T_IDENTIFIER T_LEFT_SQUARE T_IDENTIFIER T_RIGHT_SQUARE T_ASSIGN T_IDENTIFIER T_SEMICOLON T_RIGHT_BRACE T_IDENTIFIER T_ASSIGN T_NOT T_IDENTIFIER T_SEMICOLON T_IDENTIFIER T_ASSIGN T_IDENTIFIER T_MOD T_INTEGER_LITERAL T_SEMICOLON T_IDENTIFIER T_ASSIGN T_IDENTIFIER T_BITAND T_INTEGER_LITERAL T_SEMICOLON T_IDENTIFIER T_ASSIGN T_IDENTIFIER T_BITOR T_INTEGER_LITERAL T_SEMICOLON T_IDENTIFIER T_ASSIGN T_IDENTIFIER T_BITXOR T_INTEGER_LITERAL T_SEMICOLON T_IDENTIFIER T_ASSIGN T_BITNOT T_IDENTIFIER T_SEMICOLON T_INT T_IDENTIFIER T_ASSIGN T_IDENTIFIER T_LEFT_PAREN T_IDENTIFIER T_COMMA T_IDENTIFIER T_RIGHT_PAREN T_SEMICOLON T_LEFT_BRACE T_INT T_IDENTIFIER T_ASSIGN T_INTEGER_LITERAL T_SEMICOLON T_IDENTIFIER T_ASSIGN T_IDENTIFIER T_PLUS T_INTEGER_LITERAL T_SEMICOLON T_RIGHT_BRACE T_RETURN T_INTEGER_LITERAL T_SEMICOLON T_RIGHT_BRACE T_EOF 

State Stack: 0 8 8 9 16 18 23 50 118 118 118 118 118 118 118 118 118 118 106 203 294 385 103 41 
Symbol Stack: declaration declaration type_specifier T_IDENTIFIER T_LEFT_PAREN T_RIGHT_PAREN T_LEFT_BRACE statement statement statement statement statement statement statement statement statement statement T_WHILE T_LEFT_PAREN expression T_RIGHT_PAREN T_LEFT_BRACE postfix_expression 
Input Stack: T_SEMICOLON T_RIGHT_BRACE T_FOR T_LEFT_PAREN T_IDENTIFIER T_ASSIGN T_INTEGER_LITERAL T_SEMICOLON T_IDENTIFIER T_LESS T_INTEGER_LITERAL T_SEMICOLON T_IDENTIFIER T_INCREMENT T_RIGHT_PAREN T_LEFT_BRACE T_IDENTIFIER T_ASSIGN T_IDENTIFIER T_PLUS T_IDENTIFIER T_SEMICOLON T_RIGHT_BRACE T_FOR T_LEFT_PAREN T_IDENTIFIER T_ASSIGN T_INTEGER_LITERAL T_SEMICOLON T_IDENTIFIER T_LESS T_INTEGER_LITERAL T_SEMICOLON T_IDENTIFIER T_INCREMENT T_RIGHT_PAREN T_LEFT_BRACE T_IDENTIFIER T_LEFT_SQUARE T_IDENTIFIER T_RIGHT_SQUARE T_ASSIGN T_IDENTIFIER T_SEMICOLON T_RIGHT_BRACE T_IDENTIFIER T_ASSIGN T_NOT T_IDENTIFIER T_SEMICOLON T_IDENTIFIER T_ASSIGN T_IDENTIFIER T_MOD T_INTEGER_LITERAL T_SEMICOLON T_IDENTIFIER T_ASSIGN T_IDENTIFIER T_BITAND T_INTEGER_LITERAL T_SEMICOLON T_IDENTIFIER T_ASSIGN T_IDENTIFIER T_BITOR T_INTEGER_LITERAL T_SEMICOLON T_IDENTIFIER T_ASSIGN T_IDENTIFIER T_BITXOR T_INTEGER_LITERAL T_SEMICOLON T_IDENTIFIER T_ASSIGN T_BITNOT T_IDENTIFIER T_SEMICOLON T_INT T_IDENTIFIER T_ASSIGN T_IDENTIFIER T_LEFT_PAREN T_IDENTIFIER T_COMMA T_IDENTIFIER T_RIGHT_PAREN T_SEMICOLON T_LEFT_BRACE T_INT T_IDENTIFIER T_ASSIGN T_INTEGER_LITERAL T_SEMICOLON T_IDENTIFIER T_ASSIGN T_IDENTIFIER T_PLUS T_INTEGER_LITERAL T_SEMICOLON T_RIGHT_BRACE T_RETURN T_INTEGER_LITERAL T_SEMICOLON T_RIGHT_BRACE T_EOF 

State Stack: 0 8 8 9 16 18 23 50 118 118 118 118 118 118 118 118 118 118 106 203 294 385 103 40 
Symbol Stack: declaration declaration type_specifier T_IDENTIFIER T_LEFT_PAREN T_RIGHT_PAREN T_LEFT_BRACE statement statement statement statement statement statement statement statement statement statement T_WHILE T_LEFT_PAREN expression T_RIGHT_PAREN T_LEFT_BRACE term 
Input Stack: T_SEMICOLON T_RIGHT_BRACE T_FOR T_LEFT_PAREN T_IDENTIFIER T_ASSIGN T_INTEGER_LITERAL T_SEMICOLON T_IDENTIFIER T_LESS T_INTEGER_LITERAL T_SEMICOLON T_IDENTIFIER T_INCREMENT T_RIGHT_PAREN T_LEFT_BRACE T_IDENTIFIER T_ASSIGN T_IDENTIFIER T_PLUS T_IDENTIFIER T_SEMICOLON T_RIGHT_BRACE T_FOR T_LEFT_PAREN T_IDENTIFIER T_ASSIGN T_INTEGER_LITERAL T_SEMICOLON T_IDENTIFIER T_LESS T_INTEGER_LITERAL T_SEMICOLON T_IDENTIFIER T_INCREMENT T_RIGHT_PAREN T_LEFT_BRACE T_IDENTIFIER T_LEFT_SQUARE T_IDENTIFIER T_RIGHT_SQUARE T_ASSIGN T_IDENTIFIER T_SEMICOLON T_RIGHT_BRACE T_IDENTIFIER T_ASSIGN T_NOT T_IDENTIFIER T_SEMICOLON T_IDENTIFIER T_ASSIGN T_IDENTIFIER T_MOD T_INTEGER_LITERAL T_SEMICOLON T_IDENTIFIER T_ASSIGN T_IDENTIFIER T_BITAND T_INTEGER_LITERAL T_SEMICOLON T_IDENTIFIER T_ASSIGN T_IDENTIFIER T_BITOR T_INTEGER_LITERAL T_SEMICOLON T_IDENTIFIER T_ASSIGN T_IDENTIFIER T_BITXOR T_INTEGER_LITERAL T_SEMICOLON T_IDENTIFIER T_ASSIGN T_BITNOT T_IDENTIFIER T_SEMICOLON T_INT T_IDENTIFIER T_ASSIGN T_IDENTIFIER T_LEFT_PAREN T_IDENTIFIER T_COMMA T_IDENTIFIER T_RIGHT_PAREN T_SEMICOLON T_LEFT_BRACE T_INT T_IDENTIFIER T_ASSIGN T_INTEGER_LITERAL T_SEMICOLON T_IDENTIFIER T_ASSIGN T_IDENTIFIER T_PLUS T_INTEGER_LITERAL T_SEMICOLON T_RIGHT_BRACE T_RETURN T_INTEGER_LITERAL T_SEMICOLON T_RIGHT_BRACE T_EOF 

State Stack: 0 8 8 9 16 18 23 50 118 118 118 118 118 118 118 118 118 118 106 203 294 385 103 39 
Symbol Stack: declaration declaration type_specifier T_IDENTIFIER T_LEFT_PAREN T_RIGHT_PAREN T_LEFT_BRACE statement statement statement statement statement statement statement statement statement statement T_WHILE T_LEFT_PAREN expression T_RIGHT_PAREN T_LEFT_BRACE additive_expression 
Input Stack: T_SEMICOLON T_RIGHT_BRACE T_FOR T_LEFT_PAREN T_IDENTIFIER T_ASSIGN T_INTEGER_LITERAL T_SEMICOLON T_IDENTIFIER T_LESS T_INTEGER_LITERAL T_SEMICOLON T_IDENTIFIER T_INCREMENT T_RIGHT_PAREN T_LEFT_BRACE T_IDENTIFIER T_ASSIGN T_IDENTIFIER T_PLUS T_IDENTIFIER T_SEMICOLON T_RIGHT_BRACE T_FOR T_LEFT_PAREN T_IDENTIFIER T_ASSIGN T_INTEGER_LITERAL T_SEMICOLON T_IDENTIFIER T_LESS T_INTEGER_LITERAL T_SEMICOLON T_IDENTIFIER T_INCREMENT T_RIGHT_PAREN T_LEFT_BRACE T_IDENTIFIER T_LEFT_SQUARE T_IDENTIFIER T_RIGHT_SQUARE T_ASSIGN T_IDENTIFIER T_SEMICOLON T_RIGHT_BRACE T_IDENTIFIER T_ASSIGN T_NOT T_IDENTIFIER T_SEMICOLON T_IDENTIFIER T_ASSIGN T_IDENTIFIER T_MOD T_INTEGER_LITERAL T_SEMICOLON T_IDENTIFIER T_ASSIGN T_IDENTIFIER T_BITAND T_INTEGER_LITERAL T_SEMICOLON T_IDENTIFIER T_ASSIGN T_IDENTIFIER T_BITOR T_INTEGER_LITERAL T_SEMICOLON T_IDENTIFIER T_ASSIGN T_IDENTIFIER T_BITXOR T_INTEGER_LITERAL T_SEMICOLON T_IDENTIFIER T_ASSIGN T_BITNOT T_IDENTIFIER T_SEMICOLON T_INT T_IDENTIFIER T_ASSIGN T_IDENTIFIER T_LEFT_PAREN T_IDENTIFIER T_COMMA T_IDENTIFIER T_RIGHT_PAREN T_SEMICOLON T_LEFT_BRACE T_INT T_IDENTIFIER T_ASSIGN T_INTEGER_LITERAL T_SEMICOLON T_IDENTIFIER T_ASSIGN T_IDENTIFIER T_PLUS T_INTEGER_LITERAL T_SEMICOLON T_RIGHT_BRACE T_RETURN T_INTEGER_LITERAL T_SEMICOLON T_RIGHT_BRACE T_EOF 

State Stack: 0 8 8 9 16 18 23 50 118 118 118 118 118 118 118 118 118 118 106 203 294 385 103 42 
Symbol Stack: declaration declaration type_specifier T_IDENTIFIER T_LEFT_PAREN T_RIGHT_PAREN T_LEFT_BRACE statement statement statement statement statement statement statement statement statement statement T_WHILE T_LEFT_PAREN expression T_RIGHT_PAREN T_LEFT_BRACE simple_expression 
Input Stack: T_SEMICOLON T_RIGHT_BRACE T_FOR T_LEFT_PAREN T_IDENTIFIER T_ASSIGN T_INTEGER_LITERAL T_SEMICOLON T_IDENTIFIER T_LESS T_INTEGER_LITERAL T_SEMICOLON T_IDENTIFIER T_INCREMENT T_RIGHT_PAREN T_LEFT_BRACE T_IDENTIFIER T_ASSIGN T_IDENTIFIER T_PLUS T_IDENTIFIER T_SEMICOLON T_RIGHT_BRACE T_FOR T_LEFT_PAREN T_IDENTIFIER T_ASSIGN T_INTEGER_LITERAL T_SEMICOLON T_IDENTIFIER T_LESS T_INTEGER_LITERAL T_SEMICOLON T_IDENTIFIER T_INCREMENT T_RIGHT_PAREN T_LEFT_BRACE T_IDENTIFIER T_LEFT_SQUARE T_IDENTIFIER T_RIGHT_SQUARE T_ASSIGN T_IDENTIFIER T_SEMICOLON T_RIGHT_BRACE T_IDENTIFIER T_ASSIGN T_NOT T_IDENTIFIER T_SEMICOLON T_IDENTIFIER T_ASSIGN T_IDENTIFIER T_MOD T_INTEGER_LITERAL T_SEMICOLON T_IDENTIFIER T_ASSIGN T_IDENTIFIER T_BITAND T_INTEGER_LITERAL T_SEMICOLON T_IDENTIFIER T_ASSIGN T_IDENTIFIER T_BITOR T_INTEGER_LITERAL T_SEMICOLON T_IDENTIFIER T_ASSIGN T_IDENTIFIER T_BITXOR T_INTEGER_LITERAL T_SEMICOLON T_IDENTIFIER T_ASSIGN T_BITNOT T_IDENTIFIER T_SEMICOLON T_INT T_IDENTIFIER T_ASSIGN T_IDENTIFIER T_LEFT_PAREN T_IDENTIFIER T_COMMA T_IDENTIFIER T_RIGHT_PAREN T_SEMICOLON T_LEFT_BRACE T_INT T_IDENTIFIER T_ASSIGN T_INTEGER_LITERAL T_SEMICOLON T_IDENTIFIER T_ASSIGN T_IDENTIFIER T_PLUS T_INTEGER_LITERAL T_SEMICOLON T_RIGHT_BRACE T_RETURN T_INTEGER_LITERAL T_SEMICOLON T_RIGHT_BRACE T_EOF 

State Stack: 0 8 8 9 16 18 23 50 118 118 118 118 118 118 118 118 118 118 106 203 294 385 103 111 
Symbol Stack: declaration declaration type_specifier T_IDENTIFIER T_LEFT_PAREN T_RIGHT_PAREN T_LEFT_BRACE statement statement statement statement statement statement statement statement statement statement T_WHILE T_LEFT_PAREN expression T_RIGHT_PAREN T_LEFT_BRACE expression 
Input Stack: T_SEMICOLON T_RIGHT_BRACE T_FOR T_LEFT_PAREN T_IDENTIFIER T_ASSIGN T_INTEGER_LITERAL T_SEMICOLON T_IDENTIFIER T_LESS T_INTEGER_LITERAL T_SEMICOLON T_IDENTIFIER T_INCREMENT T_RIGHT_PAREN T_LEFT_BRACE T_IDENTIFIER T_ASSIGN T_IDENTIFIER T_PLUS T_IDENTIFIER T_SEMICOLON T_RIGHT_BRACE T_FOR T_LEFT_PAREN T_IDENTIFIER T_ASSIGN T_INTEGER_LITERAL T_SEMICOLON T_IDENTIFIER T_LESS T_INTEGER_LITERAL T_SEMICOLON T_IDENTIFIER T_INCREMENT T_RIGHT_PAREN T_LEFT_BRACE T_IDENTIFIER T_LEFT_SQUARE T_IDENTIFIER T_RIGHT_SQUARE T_ASSIGN T_IDENTIFIER T_SEMICOLON T_RIGHT_BRACE T_IDENTIFIER T_ASSIGN T_NOT T_IDENTIFIER T_SEMICOLON T_IDENTIFIER T_ASSIGN T_IDENTIFIER T_MOD T_INTEGER_LITERAL T_SEMICOLON T_IDENTIFIER T_ASSIGN T_IDENTIFIER T_BITAND T_INTEGER_LITERAL T_SEMICOLON T_IDENTIFIER T_ASSIGN T_IDENTIFIER T_BITOR T_INTEGER_LITERAL T_SEMICOLON T_IDENTIFIER T_ASSIGN T_IDENTIFIER T_BITXOR T_INTEGER_LITERAL T_SEMICOLON T_IDENTIFIER T_ASSIGN T_BITNOT T_IDENTIFIER T_SEMICOLON T_INT T_IDENTIFIER T_ASSIGN T_IDENTIFIER T_LEFT_PAREN T_IDENTIFIER T_COMMA T_IDENTIFIER T_RIGHT_PAREN T_SEMICOLON T_LEFT_BRACE T_INT T_IDENTIFIER T_ASSIGN T_INTEGER_LITERAL T_SEMICOLON T_IDENTIFIER T_ASSIGN T_IDENTIFIER T_PLUS T_INTEGER_LITERAL T_SEMICOLON T_RIGHT_BRACE T_RETURN T_INTEGER_LITERAL T_SEMICOLON T_RIGHT_BRACE T_EOF 

State Stack: 0 8 8 9 16 18 23 50 118 118 118 118 118 118 118 118 118 118 106 203 294 385 103 111 208 
Symbol Stack: declaration declaration type_specifier T_IDENTIFIER T_LEFT_PAREN T_RIGHT_PAREN T_LEFT_BRACE statement statement statement statement statement statement statement statement statement statement T_WHILE T_LEFT_PAREN expression T_RIGHT_PAREN T_LEFT_BRACE expression T_SEMICOLON 
Input Stack: T_RIGHT_BRACE T_FOR T_LEFT_PAREN T_IDENTIFIER T_ASSIGN T_INTEGER_LITERAL T_SEMICOLON T_IDENTIFIER T_LESS T_INTEGER_LITERAL T_SEMICOLON T_IDENTIFIER T_INCREMENT T_RIGHT_PAREN T_LEFT_BRACE T_IDENTIFIER T_ASSIGN T_IDENTIFIER T_PLUS T_IDENTIFIER T_SEMICOLON T_RIGHT_BRACE T_FOR T_LEFT_PAREN T_IDENTIFIER T_ASSIGN T_INTEGER_LITERAL T_SEMICOLON T_IDENTIFIER T_LESS T_INTEGER_LITERAL T_SEMICOLON T_IDENTIFIER T_INCREMENT T_RIGHT_PAREN T_LEFT_BRACE T_IDENTIFIER T_LEFT_SQUARE T_IDENTIFIER T_RIGHT_SQUARE T_ASSIGN T_IDENTIFIER T_SEMICOLON T_RIGHT_BRACE T_IDENTIFIER T_ASSIGN T_NOT T_IDENTIFIER T_SEMICOLON T_IDENTIFIER T_ASSIGN T_IDENTIFIER T_MOD T_INTEGER_LITERAL T_SEMICOLON T_IDENTIFIER T_ASSIGN T_IDENTIFIER T_BITAND T_INTEGER_LITERAL T_SEMICOLON T_IDENTIFIER T_ASSIGN T_IDENTIFIER T_BITOR T_INTEGER_LITERAL T_SEMICOLON T_IDENTIFIER T_ASSIGN T_IDENTIFIER T_BITXOR T_INTEGER_LITERAL T_SEMICOLON T_IDENTIFIER T_ASSIGN T_BITNOT T_IDENTIFIER T_SEMICOLON T_INT T_IDENTIFIER T_ASSIGN T_IDENTIFIER T_LEFT_PAREN T_IDENTIFIER T_COMMA T_IDENTIFIER T_RIGHT_PAREN T_SEMICOLON T_LEFT_BRACE T_INT T_IDENTIFIER T_ASSIGN T_INTEGER_LITERAL T_SEMICOLON T_IDENTIFIER T_ASSIGN T_IDENTIFIER T_PLUS T_INTEGER_LITERAL T_SEMICOLON T_RIGHT_BRACE T_RETURN T_INTEGER_LITERAL T_SEMICOLON T_RIGHT_BRACE T_EOF 

State Stack: 0 8 8 9 16 18 23 50 118 118 118 118 118 118 118 118 118 118 106 203 294 385 103 113 
Symbol Stack: declaration declaration type_specifier T_IDENTIFIER T_LEFT_PAREN T_RIGHT_PAREN T_LEFT_BRACE statement statement statement statement statement statement statement statement statement statement T_WHILE T_LEFT_PAREN expression T_RIGHT_PAREN T_LEFT_BRACE expression_stmt 
Input Stack: T_RIGHT_BRACE T_FOR T_LEFT_PAREN T_IDENTIFIER T_ASSIGN T_INTEGER_LITERAL T_SEMICOLON T_IDENTIFIER T_LESS T_INTEGER_LITERAL T_SEMICOLON T_IDENTIFIER T_INCREMENT T_RIGHT_PAREN T_LEFT_BRACE T_IDENTIFIER T_ASSIGN T_IDENTIFIER T_PLUS T_IDENTIFIER T_SEMICOLON T_RIGHT_BRACE T_FOR T_LEFT_PAREN T_IDENTIFIER T_ASSIGN T_INTEGER_LITERAL T_SEMICOLON T_IDENTIFIER T_LESS T_INTEGER_LITERAL T_SEMICOLON T_IDENTIFIER T_INCREMENT T_RIGHT_PAREN T_LEFT_BRACE T_IDENTIFIER T_LEFT_SQUARE T_IDENTIFIER T_RIGHT_SQUARE T_ASSIGN T_IDENTIFIER T_SEMICOLON T_RIGHT_BRACE T_IDENTIFIER T_ASSIGN T_NOT T_IDENTIFIER T_SEMICOLON T_IDENTIFIER T_ASSIGN T_IDENTIFIER T_MOD T_INTEGER_LITERAL T_SEMICOLON T_IDENTIFIER T_ASSIGN T_IDENTIFIER T_BITAND T_INTEGER_LITERAL T_SEMICOLON T_IDENTIFIER T_ASSIGN T_IDENTIFIER T_BITOR T_INTEGER_LITERAL T_SEMICOLON T_IDENTIFIER T_ASSIGN T_IDENTIFIER T_BITXOR T_INTEGER_LITERAL T_SEMICOLON T_IDENTIFIER T_ASSIGN T_BITNOT T_IDENTIFIER T_SEMICOLON T_INT T_IDENTIFIER T_ASSIGN T_IDENTIFIER T_LEFT_PAREN T_IDENTIFIER T_COMMA T_IDENTIFIER T_RIGHT_PAREN T_SEMICOLON T_LEFT_BRACE T_INT T_IDENTIFIER T_ASSIGN T_INTEGER_LITERAL T_SEMICOLON T_IDENTIFIER T_ASSIGN T_IDENTIFIER T_PLUS T_INTEGER_LITERAL T_SEMICOLON T_RIGHT_BRACE T_RETURN T_INTEGER_LITERAL T_SEMICOLON T_RIGHT_BRACE T_EOF 

State Stack: 0 8 8 9 16 18 23 50 118 118 118 118 118 118 118 118 118 118 106 203 294 385 103 118 
Symbol Stack: declaration declaration type_specifier T_IDENTIFIER T_LEFT_PAREN T_RIGHT_PAREN T_LEFT_BRACE statement statement statement statement statement statement statement statement statement statement T_WHILE T_LEFT_PAREN expression T_RIGHT_PAREN T_LEFT_BRACE statement 
Input Stack: T_RIGHT_BRACE T_FOR T_LEFT_PAREN T_IDENTIFIER T_ASSIGN T_INTEGER_LITERAL T_SEMICOLON T_IDENTIFIER T_LESS T_INTEGER_LITERAL T_SEMICOLON T_IDENTIFIER T_INCREMENT T_RIGHT_PAREN T_LEFT_BRACE T_IDENTIFIER T_ASSIGN T_IDENTIFIER T_PLUS T_IDENTIFIER T_SEMICOLON T_RIGHT_BRACE T_FOR T_LEFT_PAREN T_IDENTIFIER T_ASSIGN T_INTEGER_LITERAL T_SEMICOLON T_IDENTIFIER T_LESS T_INTEGER_LITERAL T_SEMICOLON T_IDENTIFIER T_INCREMENT T_RIGHT_PAREN T_LEFT_BRACE T_IDENTIFIER T_LEFT_SQUARE T_IDENTIFIER T_RIGHT_SQUARE T_ASSIGN T_IDENTIFIER T_SEMICOLON T_RIGHT_BRACE T_IDENTIFIER T_ASSIGN T_NOT T_IDENTIFIER T_SEMICOLON T_IDENTIFIER T_ASSIGN T_IDENTIFIER T_MOD T_INTEGER_LITERAL T_SEMICOLON T_IDENTIFIER T_ASSIGN T_IDENTIFIER T_BITAND T_INTEGER_LITERAL T_SEMICOLON T_IDENTIFIER T_ASSIGN T_IDENTIFIER T_BITOR T_INTEGER_LITERAL T_SEMICOLON T_IDENTIFIER T_ASSIGN T_IDENTIFIER T_BITXOR T_INTEGER_LITERAL T_SEMICOLON T_IDENTIFIER T_ASSIGN T_BITNOT T_IDENTIFIER T_SEMICOLON T_INT T_IDENTIFIER T_ASSIGN T_IDENTIFIER T_LEFT_PAREN T_IDENTIFIER T_COMMA T_IDENTIFIER T_RIGHT_PAREN T_SEMICOLON T_LEFT_BRACE T_INT T_IDENTIFIER T_ASSIGN T_INTEGER_LITERAL T_SEMICOLON T_IDENTIFIER T_ASSIGN T_IDENTIFIER T_PLUS T_INTEGER_LITERAL T_SEMICOLON T_RIGHT_BRACE T_RETURN T_INTEGER_LITERAL T_SEMICOLON T_RIGHT_BRACE T_EOF 

State Stack: 0 8 8 9 16 18 23 50 118 118 118 118 118 118 118 118 118 118 106 203 294 385 103 109 
Symbol Stack: declaration declaration type_specifier T_IDENTIFIER T_LEFT_PAREN T_RIGHT_PAREN T_LEFT_BRACE statement statement statement statement statement statement statement statement statement statement T_WHILE T_LEFT_PAREN expression T_RIGHT_PAREN T_LEFT_BRACE statement_list 
Input Stack: T_RIGHT_BRACE T_FOR T_LEFT_PAREN T_IDENTIFIER T_ASSIGN T_INTEGER_LITERAL T_SEMICOLON T_IDENTIFIER T_LESS T_INTEGER_LITERAL T_SEMICOLON T_IDENTIFIER T_INCREMENT T_RIGHT_PAREN T_LEFT_BRACE T_IDENTIFIER T_ASSIGN T_IDENTIFIER T_PLUS T_IDENTIFIER T_SEMICOLON T_RIGHT_BRACE T_FOR T_LEFT_PAREN T_IDENTIFIER T_ASSIGN T_INTEGER_LITERAL T_SEMICOLON T_IDENTIFIER T_LESS T_INTEGER_LITERAL T_SEMICOLON T_IDENTIFIER T_INCREMENT T_RIGHT_PAREN T_LEFT_BRACE T_IDENTIFIER T_LEFT_SQUARE T_IDENTIFIER T_RIGHT_SQUARE T_ASSIGN T_IDENTIFIER T_SEMICOLON T_RIGHT_BRACE T_IDENTIFIER T_ASSIGN T_NOT T_IDENTIFIER T_SEMICOLON T_IDENTIFIER T_ASSIGN T_IDENTIFIER T_MOD T_INTEGER_LITERAL T_SEMICOLON T_IDENTIFIER T_ASSIGN T_IDENTIFIER T_BITAND T_INTEGER_LITERAL T_SEMICOLON T_IDENTIFIER T_ASSIGN T_IDENTIFIER T_BITOR T_INTEGER_LITERAL T_SEMICOLON T_IDENTIFIER T_ASSIGN T_IDENTIFIER T_BITXOR T_INTEGER_LITERAL T_SEMICOLON T_IDENTIFIER T_ASSIGN T_BITNOT T_IDENTIFIER T_SEMICOLON T_INT T_IDENTIFIER T_ASSIGN T_IDENTIFIER T_LEFT_PAREN T_IDENTIFIER T_COMMA T_IDENTIFIER T_RIGHT_PAREN T_SEMICOLON T_LEFT_BRACE T_INT T_IDENTIFIER T_ASSIGN T_INTEGER_LITERAL T_SEMICOLON T_IDENTIFIER T_ASSIGN T_IDENTIFIER T_PLUS T_INTEGER_LITERAL T_SEMICOLON T_RIGHT_BRACE T_RETURN T_INTEGER_LITERAL T_SEMICOLON T_RIGHT_BRACE T_EOF 

State Stack: 0 8 8 9 16 18 23 50 118 118 118 118 118 118 118 118 118 118 106 203 294 385 103 201 
Symbol Stack: declaration declaration type_specifier T_IDENTIFIER T_LEFT_PAREN T_RIGHT_PAREN T_LEFT_BRACE statement statement statement statement statement statement statement statement statement statement T_WHILE T_LEFT_PAREN expression T_RIGHT_PAREN T_LEFT_BRACE block_items 
Input Stack: T_RIGHT_BRACE T_FOR T_LEFT_PAREN T_IDENTIFIER T_ASSIGN T_INTEGER_LITERAL T_SEMICOLON T_IDENTIFIER T_LESS T_INTEGER_LITERAL T_SEMICOLON T_IDENTIFIER T_INCREMENT T_RIGHT_PAREN T_LEFT_BRACE T_IDENTIFIER T_ASSIGN T_IDENTIFIER T_PLUS T_IDENTIFIER T_SEMICOLON T_RIGHT_BRACE T_FOR T_LEFT_PAREN T_IDENTIFIER T_ASSIGN T_INTEGER_LITERAL T_SEMICOLON T_IDENTIFIER T_LESS T_INTEGER_LITERAL T_SEMICOLON T_IDENTIFIER T_INCREMENT T_RIGHT_PAREN T_LEFT_BRACE T_IDENTIFIER T_LEFT_SQUARE T_IDENTIFIER T_RIGHT_SQUARE T_ASSIGN T_IDENTIFIER T_SEMICOLON T_RIGHT_BRACE T_IDENTIFIER T_ASSIGN T_NOT T_IDENTIFIER T_SEMICOLON T_IDENTIFIER T_ASSIGN T_IDENTIFIER T_MOD T_INTEGER_LITERAL T_SEMICOLON T_IDENTIFIER T_ASSIGN T_IDENTIFIER T_BITAND T_INTEGER_LITERAL T_SEMICOLON T_IDENTIFIER T_ASSIGN T_IDENTIFIER T_BITOR T_INTEGER_LITERAL T_SEMICOLON T_IDENTIFIER T_ASSIGN T_IDENTIFIER T_BITXOR T_INTEGER_LITERAL T_SEMICOLON T_IDENTIFIER T_ASSIGN T_BITNOT T_IDENTIFIER T_SEMICOLON T_INT T_IDENTIFIER T_ASSIGN T_IDENTIFIER T_LEFT_PAREN T_IDENTIFIER T_COMMA T_IDENTIFIER T_RIGHT_PAREN T_SEMICOLON T_LEFT_BRACE T_INT T_IDENTIFIER T_ASSIGN T_INTEGER_LITERAL T_SEMICOLON T_IDENTIFIER T_ASSIGN T_IDENTIFIER T_PLUS T_INTEGER_LITERAL T_SEMICOLON T_RIGHT_BRACE T_RETURN T_INTEGER_LITERAL T_SEMICOLON T_RIGHT_BRACE T_EOF 

State Stack: 0 8 8 9 16 18 23 50 118 118 118 118 118 118 118 118 118 118 106 203 294 385 103 201 289 
Symbol Stack: declaration declaration type_specifier T_IDENTIFIER T_LEFT_PAREN T_RIGHT_PAREN T_LEFT_BRACE statement statement statement statement statement statement statement statement statement statement T_WHILE T_LEFT_PAREN expression T_RIGHT_PAREN T_LEFT_BRACE block_items T_RIGHT_BRACE 
Input Stack: T_FOR T_LEFT_PAREN T_IDENTIFIER T_ASSIGN T_INTEGER_LITERAL T_SEMICOLON T_IDENTIFIER T_LESS T_INTEGER_LITERAL T_SEMICOLON T_IDENTIFIER T_INCREMENT T_RIGHT_PAREN T_LEFT_BRACE T_IDENTIFIER T_ASSIGN T_IDENTIFIER T_PLUS T_IDENTIFIER T_SEMICOLON T_RIGHT_BRACE T_FOR T_LEFT_PAREN T_IDENTIFIER T_ASSIGN T_INTEGER_LITERAL T_SEMICOLON T_IDENTIFIER T_LESS T_INTEGER_LITERAL T_SEMICOLON T_IDENTIFIER T_INCREMENT T_RIGHT_PAREN T_LEFT_BRACE T_IDENTIFIER T_LEFT_SQUARE T_IDENTIFIER T_RIGHT_SQUARE T_ASSIGN T_IDENTIFIER T_SEMICOLON T_RIGHT_BRACE T_IDENTIFIER T_ASSIGN T_NOT T_IDENTIFIER T_SEMICOLON T_IDENTIFIER T_ASSIGN T_IDENTIFIER T_MOD T_INTEGER_LITERAL T_SEMICOLON T_IDENTIFIER T_ASSIGN T_IDENTIFIER T_BITAND T_INTEGER_LITERAL T_SEMICOLON T_IDENTIFIER T_ASSIGN T_IDENTIFIER T_BITOR T_INTEGER_LITERAL T_SEMICOLON T_IDENTIFIER T_ASSIGN T_IDENTIFIER T_BITXOR T_INTEGER_LITERAL T_SEMICOLON T_IDENTIFIER T_ASSIGN T_BITNOT T_IDENTIFIER T_SEMICOLON T_INT T_IDENTIFIER T_ASSIGN T_IDENTIFIER T_LEFT_PAREN T_IDENTIFIER T_COMMA T_IDENTIFIER T_RIGHT_PAREN T_SEMICOLON T_LEFT_BRACE T_INT T_IDENTIFIER T_ASSIGN T_INTEGER_LITERAL T_SEMICOLON T_IDENTIFIER T_ASSIGN T_IDENTIFIER T_PLUS T_INTEGER_LITERAL T_SEMICOLON T_RIGHT_BRACE T_RETURN T_INTEGER_LITERAL T_SEMICOLON T_RIGHT_BRACE T_EOF 

State Stack: 0 8 8 9 16 18 23 50 118 118 118 118 118 118 118 118 118 118 106 203 294 385 112 
Symbol Stack: declaration declaration type_specifier T_IDENTIFIER T_LEFT_PAREN T_RIGHT_PAREN T_LEFT_BRACE statement statement statement statement statement statement statement statement statement statement T_WHILE T_LEFT_PAREN expression T_RIGHT_PAREN compound_stmt 
Input Stack: T_FOR T_LEFT_PAREN T_IDENTIFIER T_ASSIGN T_INTEGER_LITERAL T_SEMICOLON T_IDENTIFIER T_LESS T_INTEGER_LITERAL T_SEMICOLON T_IDENTIFIER T_INCREMENT T_RIGHT_PAREN T_LEFT_BRACE T_IDENTIFIER T_ASSIGN T_IDENTIFIER T_PLUS T_IDENTIFIER T_SEMICOLON T_RIGHT_BRACE T_FOR T_LEFT_PAREN T_IDENTIFIER T_ASSIGN T_INTEGER_LITERAL T_SEMICOLON T_IDENTIFIER T_LESS T_INTEGER_LITERAL T_SEMICOLON T_IDENTIFIER T_INCREMENT T_RIGHT_PAREN T_LEFT_BRACE T_IDENTIFIER T_LEFT_SQUARE T_IDENTIFIER T_RIGHT_SQUARE T_ASSIGN T_IDENTIFIER T_SEMICOLON T_RIGHT_BRACE T_IDENTIFIER T_ASSIGN T_NOT T_IDENTIFIER T_SEMICOLON T_IDENTIFIER T_ASSIGN T_IDENTIFIER T_MOD T_INTEGER_LITERAL T_SEMICOLON T_IDENTIFIER T_ASSIGN T_IDENTIFIER T_BITAND T_INTEGER_LITERAL T_SEMICOLON T_IDENTIFIER T_ASSIGN T_IDENTIFIER T_BITOR T_INTEGER_LITERAL T_SEMICOLON T_IDENTIFIER T_ASSIGN T_IDENTIFIER T_BITXOR T_INTEGER_LITERAL T_SEMICOLON T_IDENTIFIER T_ASSIGN T_BITNOT T_IDENTIFIER T_SEMICOLON T_INT T_IDENTIFIER T_ASSIGN T_IDENTIFIER T_LEFT_PAREN T_IDENTIFIER T_COMMA T_IDENTIFIER T_RIGHT_PAREN T_SEMICOLON T_LEFT_BRACE T_INT T_IDENTIFIER T_ASSIGN T_INTEGER_LITERAL T_SEMICOLON T_IDENTIFIER T_ASSIGN T_IDENTIFIER T_PLUS T_INTEGER_LITERAL T_SEMICOLON T_RIGHT_BRACE T_RETURN T_INTEGER_LITERAL T_SEMICOLON T_RIGHT_BRACE T_EOF 

State Stack: 0 8 8 9 16 18 23 50 118 118 118 118 118 118 118 118 118 118 106 203 294 385 440 
Symbol Stack: declaration declaration type_specifier T_IDENTIFIER T_LEFT_PAREN T_RIGHT_PAREN T_LEFT_BRACE statement statement statement statement statement statement statement statement statement statement T_WHILE T_LEFT_PAREN expression T_RIGHT_PAREN statement 
Input Stack: T_FOR T_LEFT_PAREN T_IDENTIFIER T_ASSIGN T_INTEGER_LITERAL T_SEMICOLON T_IDENTIFIER T_LESS T_INTEGER_LITERAL T_SEMICOLON T_IDENTIFIER T_INCREMENT T_RIGHT_PAREN T_LEFT_BRACE T_IDENTIFIER T_ASSIGN T_IDENTIFIER T_PLUS T_IDENTIFIER T_SEMICOLON T_RIGHT_BRACE T_FOR T_LEFT_PAREN T_IDENTIFIER T_ASSIGN T_INTEGER_LITERAL T_SEMICOLON T_IDENTIFIER T_LESS T_INTEGER_LITERAL T_SEMICOLON T_IDENTIFIER T_INCREMENT T_RIGHT_PAREN T_LEFT_BRACE T_IDENTIFIER T_LEFT_SQUARE T_IDENTIFIER T_RIGHT_SQUARE T_ASSIGN T_IDENTIFIER T_SEMICOLON T_RIGHT_BRACE T_IDENTIFIER T_ASSIGN T_NOT T_IDENTIFIER T_SEMICOLON T_IDENTIFIER T_ASSIGN T_IDENTIFIER T_MOD T_INTEGER_LITERAL T_SEMICOLON T_IDENTIFIER T_ASSIGN T_IDENTIFIER T_BITAND T_INTEGER_LITERAL T_SEMICOLON T_IDENTIFIER T_ASSIGN T_IDENTIFIER T_BITOR T_INTEGER_LITERAL T_SEMICOLON T_IDENTIFIER T_ASSIGN T_IDENTIFIER T_BITXOR T_INTEGER_LITERAL T_SEMICOLON T_IDENTIFIER T_ASSIGN T_BITNOT T_IDENTIFIER T_SEMICOLON T_INT T_IDENTIFIER T_ASSIGN T_IDENTIFIER T_LEFT_PAREN T_IDENTIFIER T_COMMA T_IDENTIFIER T_RIGHT_PAREN T_SEMICOLON T_LEFT_BRACE T_INT T_IDENTIFIER T_ASSIGN T_INTEGER_LITERAL T_SEMICOLON T_IDENTIFIER T_ASSIGN T_IDENTIFIER T_PLUS T_INTEGER_LITERAL T_SEMICOLON T_RIGHT_BRACE T_RETURN T_INTEGER_LITERAL T_SEMICOLON T_RIGHT_BRACE T_EOF 

State Stack: 0 8 8 9 16 18 23 50 118 118 118 118 118 118 118 118 118 118 114 
Symbol Stack: declaration declaration type_specifier T_IDENTIFIER T_LEFT_PAREN T_RIGHT_PAREN T_LEFT_BRACE statement statement statement statement statement statement statement statement statement statement iteration_stmt 
Input Stack: T_FOR T_LEFT_PAREN T_IDENTIFIER T_ASSIGN T_INTEGER_LITERAL T_SEMICOLON T_IDENTIFIER T_LESS T_INTEGER_LITERAL T_SEMICOLON T_IDENTIFIER T_INCREMENT T_RIGHT_PAREN T_LEFT_BRACE T_IDENTIFIER T_ASSIGN T_IDENTIFIER T_PLUS T_IDENTIFIER T_SEMICOLON T_RIGHT_BRACE T_FOR T_LEFT_PAREN T_IDENTIFIER T_ASSIGN T_INTEGER_LITERAL T_SEMICOLON T_IDENTIFIER T_LESS T_INTEGER_LITERAL T_SEMICOLON T_IDENTIFIER T_INCREMENT T_RIGHT_PAREN T_LEFT_BRACE T_IDENTIFIER T_LEFT_SQUARE T_IDENTIFIER T_RIGHT_SQUARE T_ASSIGN T_IDENTIFIER T_SEMICOLON T_RIGHT_BRACE T_IDENTIFIER T_ASSIGN T_NOT T_IDENTIFIER T_SEMICOLON T_IDENTIFIER T_ASSIGN T_IDENTIFIER T_MOD T_INTEGER_LITERAL T_SEMICOLON T_IDENTIFIER T_ASSIGN T_IDENTIFIER T_BITAND T_INTEGER_LITERAL T_SEMICOLON T_IDENTIFIER T_ASSIGN T_IDENTIFIER T_BITOR T_INTEGER_LITERAL T_SEMICOLON T_IDENTIFIER T_ASSIGN T_IDENTIFIER T_BITXOR T_INTEGER_LITERAL T_SEMICOLON T_IDENTIFIER T_ASSIGN T_BITNOT T_IDENTIFIER T_SEMICOLON T_INT T_IDENTIFIER T_ASSIGN T_IDENTIFIER T_LEFT_PAREN T_IDENTIFIER T_COMMA T_IDENTIFIER T_RIGHT_PAREN T_SEMICOLON T_LEFT_BRACE T_INT T_IDENTIFIER T_ASSIGN T_INTEGER_LITERAL T_SEMICOLON T_IDENTIFIER T_ASSIGN T_IDENTIFIER T_PLUS T_INTEGER_LITERAL T_SEMICOLON T_RIGHT_BRACE T_RETURN T_INTEGER_LITERAL T_SEMICOLON T_RIGHT_BRACE T_EOF 

State Stack: 0 8 8 9 16 18 23 50 118 118 118 118 118 118 118 118 118 118 118 
Symbol Stack: declaration declaration type_specifier T_IDENTIFIER T_LEFT_PAREN T_RIGHT_PAREN T_LEFT_BRACE statement statement statement statement statement statement statement statement statement statement statement 
Input Stack: T_FOR T_LEFT_PAREN T_IDENTIFIER T_ASSIGN T_INTEGER_LITERAL T_SEMICOLON T_IDENTIFIER T_LESS T_INTEGER_LITERAL T_SEMICOLON T_IDENTIFIER T_INCREMENT T_RIGHT_PAREN T_LEFT_BRACE T_IDENTIFIER T_ASSIGN T_IDENTIFIER T_PLUS T_IDENTIFIER T_SEMICOLON T_RIGHT_BRACE T_FOR T_LEFT_PAREN T_IDENTIFIER T_ASSIGN T_INTEGER_LITERAL T_SEMICOLON T_IDENTIFIER T_LESS T_INTEGER_LITERAL T_SEMICOLON T_IDENTIFIER T_INCREMENT T_RIGHT_PAREN T_LEFT_BRACE T_IDENTIFIER T_LEFT_SQUARE T_IDENTIFIER T_RIGHT_SQUARE T_ASSIGN T_IDENTIFIER T_SEMICOLON T_RIGHT_BRACE T_IDENTIFIER T_ASSIGN T_NOT T_IDENTIFIER T_SEMICOLON T_IDENTIFIER T_ASSIGN T_IDENTIFIER T_MOD T_INTEGER_LITERAL T_SEMICOLON T_IDENTIFIER T_ASSIGN T_IDENTIFIER T_BITAND T_INTEGER_LITERAL T_SEMICOLON T_IDENTIFIER T_ASSIGN T_IDENTIFIER T_BITOR T_INTEGER_LITERAL T_SEMICOLON T_IDENTIFIER T_ASSIGN T_IDENTIFIER T_BITXOR T_INTEGER_LITERAL T_SEMICOLON T_IDENTIFIER T_ASSIGN T_BITNOT T_IDENTIFIER T_SEMICOLON T_INT T_IDENTIFIER T_ASSIGN T_IDENTIFIER T_LEFT_PAREN T_IDENTIFIER T_COMMA T_IDENTIFIER T_RIGHT_PAREN T_SEMICOLON T_LEFT_BRACE T_INT T_IDENTIFIER T_ASSIGN T_INTEGER_LITERAL T_SEMICOLON T_IDENTIFIER T_ASSIGN T_IDENTIFIER T_PLUS T_INTEGER_LITERAL T_SEMICOLON T_RIGHT_BRACE T_RETURN T_INTEGER_LITERAL T_SEMICOLON T_RIGHT_BRACE T_EOF 

State Stack: 0 8 8 9 16 18 23 50 118 118 118 118 118 118 118 118 118 118 118 105 
Symbol Stack: declaration declaration type_specifier T_IDENTIFIER T_LEFT_PAREN T_RIGHT_PAREN T_LEFT_BRACE statement statement statement statement statement statement statement statement statement statement statement T_FOR 
Input Stack: T_LEFT_PAREN T_IDENTIFIER T_ASSIGN T_INTEGER_LITERAL T_SEMICOLON T_IDENTIFIER T_LESS T_INTEGER_LITERAL T_SEMICOLON T_IDENTIFIER T_INCREMENT T_RIGHT_PAREN T_LEFT_BRACE T_IDENTIFIER T_ASSIGN T_IDENTIFIER T_PLUS T_IDENTIFIER T_SEMICOLON T_RIGHT_BRACE T_FOR T_LEFT_PAREN T_IDENTIFIER T_ASSIGN T_INTEGER_LITERAL T_SEMICOLON T_IDENTIFIER T_LESS T_INTEGER_LITERAL T_SEMICOLON T_IDENTIFIER T_INCREMENT T_RIGHT_PAREN T_LEFT_BRACE T_IDENTIFIER T_LEFT_SQUARE T_IDENTIFIER T_RIGHT_SQUARE T_ASSIGN T_IDENTIFIER T_SEMICOLON T_RIGHT_BRACE T_IDENTIFIER T_ASSIGN T_NOT T_IDENTIFIER T_SEMICOLON T_IDENTIFIER T_ASSIGN T_IDENTIFIER T_MOD T_INTEGER_LITERAL T_SEMICOLON T_IDENTIFIER T_ASSIGN T_IDENTIFIER T_BITAND T_INTEGER_LITERAL T_SEMICOLON T_IDENTIFIER T_ASSIGN T_IDENTIFIER T_BITOR T_INTEGER_LITERAL T_SEMICOLON T_IDENTIFIER T_ASSIGN T_IDENTIFIER T_BITXOR T_INTEGER_LITERAL T_SEMICOLON T_IDENTIFIER T_ASSIGN T_BITNOT T_IDENTIFIER T_SEMICOLON T_INT T_IDENTIFIER T_ASSIGN T_IDENTIFIER T_LEFT_PAREN T_IDENTIFIER T_COMMA T_IDENTIFIER T_RIGHT_PAREN T_SEMICOLON T_LEFT_BRACE T_INT T_IDENTIFIER T_ASSIGN T_INTEGER_LITERAL T_SEMICOLON T_IDENTIFIER T_ASSIGN T_IDENTIFIER T_PLUS T_INTEGER_LITERAL T_SEMICOLON T_RIGHT_BRACE T_RETURN T_INTEGER_LITERAL T_SEMICOLON T_RIGHT_BRACE T_EOF 

State Stack: 0 8 8 9 16 18 23 50 118 118 118 118 118 118 118 118 118 118 118 105 202 
Symbol Stack: declaration declaration type_specifier T_IDENTIFIER T_LEFT_PAREN T_RIGHT_PAREN T_LEFT_BRACE statement statement statement statement statement statement statement statement statement statement statement T_FOR T_LEFT_PAREN 
Input Stack: T_IDENTIFIER T_ASSIGN T_INTEGER_LITERAL T_SEMICOLON T_IDENTIFIER T_LESS T_INTEGER_LITERAL T_SEMICOLON T_IDENTIFIER T_INCREMENT T_RIGHT_PAREN T_LEFT_BRACE T_IDENTIFIER T_ASSIGN T_IDENTIFIER T_PLUS T_IDENTIFIER T_SEMICOLON T_RIGHT_BRACE T_FOR T_LEFT_PAREN T_IDENTIFIER T_ASSIGN T_INTEGER_LITERAL T_SEMICOLON T_IDENTIFIER T_LESS T_INTEGER_LITERAL T_SEMICOLON T_IDENTIFIER T_INCREMENT T_RIGHT_PAREN T_LEFT_BRACE T_IDENTIFIER T_LEFT_SQUARE T_IDENTIFIER T_RIGHT_SQUARE T_ASSIGN T_IDENTIFIER T_SEMICOLON T_RIGHT_BRACE T_IDENTIFIER T_ASSIGN T_NOT T_IDENTIFIER T_SEMICOLON T_IDENTIFIER T_ASSIGN T_IDENTIFIER T_MOD T_INTEGER_LITERAL T_SEMICOLON T_IDENTIFIER T_ASSIGN T_IDENTIFIER T_BITAND T_INTEGER_LITERAL T_SEMICOLON T_IDENTIFIER T_ASSIGN T_IDENTIFIER T_BITOR T_INTEGER_LITERAL T_SEMICOLON T_IDENTIFIER T_ASSIGN T_IDENTIFIER T_BITXOR T_INTEGER_LITERAL T_SEMICOLON T_IDENTIFIER T_ASSIGN T_BITNOT T_IDENTIFIER T_SEMICOLON T_INT T_IDENTIFIER T_ASSIGN T_IDENTIFIER T_LEFT_PAREN T_IDENTIFIER T_COMMA T_IDENTIFIER T_RIGHT_PAREN T_SEMICOLON T_LEFT_BRACE T_INT T_IDENTIFIER T_ASSIGN T_INTEGER_LITERAL T_SEMICOLON T_IDENTIFIER T_ASSIGN T_IDENTIFIER T_PLUS T_INTEGER_LITERAL T_SEMICOLON T_RIGHT_BRACE T_RETURN T_INTEGER_LITERAL T_SEMICOLON T_RIGHT_BRACE T_EOF 

State Stack: 0 8 8 9 16 18 23 50 118 118 118 118 118 118 118 118 118 118 118 105 202 29 
Symbol Stack: declaration declaration type_specifier T_IDENTIFIER T_LEFT_PAREN T_RIGHT_PAREN T_LEFT_BRACE statement statement statement statement statement statement statement statement statement statement statement T_FOR T_LEFT_PAREN T_IDENTIFIER 
Input Stack: T_ASSIGN T_INTEGER_LITERAL T_SEMICOLON T_IDENTIFIER T_LESS T_INTEGER_LITERAL T_SEMICOLON T_IDENTIFIER T_INCREMENT T_RIGHT_PAREN T_LEFT_BRACE T_IDENTIFIER T_ASSIGN T_IDENTIFIER T_PLUS T_IDENTIFIER T_SEMICOLON T_RIGHT_BRACE T_FOR T_LEFT_PAREN T_IDENTIFIER T_ASSIGN T_INTEGER_LITERAL T_SEMICOLON T_IDENTIFIER T_LESS T_INTEGER_LITERAL T_SEMICOLON T_IDENTIFIER T_INCREMENT T_RIGHT_PAREN T_LEFT_BRACE T_IDENTIFIER T_LEFT_SQUARE T_IDENTIFIER T_RIGHT_SQUARE T_ASSIGN T_IDENTIFIER T_SEMICOLON T_RIGHT_BRACE T_IDENTIFIER T_ASSIGN T_NOT T_IDENTIFIER T_SEMICOLON T_IDENTIFIER T_ASSIGN T_IDENTIFIER T_MOD T_INTEGER_LITERAL T_SEMICOLON T_IDENTIFIER T_ASSIGN T_IDENTIFIER T_BITAND T_INTEGER_LITERAL T_SEMICOLON T_IDENTIFIER T_ASSIGN T_IDENTIFIER T_BITOR T_INTEGER_LITERAL T_SEMICOLON T_IDENTIFIER T_ASSIGN T_IDENTIFIER T_BITXOR T_INTEGER_LITERAL T_SEMICOLON T_IDENTIFIER T_ASSIGN T_BITNOT T_IDENTIFIER T_SEMICOLON T_INT T_IDENTIFIER T_ASSIGN T_IDENTIFIER T_LEFT_PAREN T_IDENTIFIER T_COMMA T_IDENTIFIER T_RIGHT_PAREN T_SEMICOLON T_LEFT_BRACE T_INT T_IDENTIFIER T_ASSIGN T_INTEGER_LITERAL T_SEMICOLON T_IDENTIFIER T_ASSIGN T_IDENTIFIER T_PLUS T_INTEGER_LITERAL T_SEMICOLON T_RIGHT_BRACE T_RETURN T_INTEGER_LITERAL T_SEMICOLON T_RIGHT_BRACE T_EOF 

State Stack: 0 8 8 9 16 18 23 50 118 118 118 118 118 118 118 118 118 118 118 105 202 43 
Symbol Stack: declaration declaration type_specifier T_IDENTIFIER T_LEFT_PAREN T_RIGHT_PAREN T_LEFT_BRACE statement statement statement statement statement statement statement statement statement statement statement T_FOR T_LEFT_PAREN var 
Input Stack: T_ASSIGN T_INTEGER_LITERAL T_SEMICOLON T_IDENTIFIER T_LESS T_INTEGER_LITERAL T_SEMICOLON T_IDENTIFIER T_INCREMENT T_RIGHT_PAREN T_LEFT_BRACE T_IDENTIFIER T_ASSIGN T_IDENTIFIER T_PLUS T_IDENTIFIER T_SEMICOLON T_RIGHT_BRACE T_FOR T_LEFT_PAREN T_IDENTIFIER T_ASSIGN T_INTEGER_LITERAL T_SEMICOLON T_IDENTIFIER T_LESS T_INTEGER_LITERAL T_SEMICOLON T_IDENTIFIER T_INCREMENT T_RIGHT_PAREN T_LEFT_BRACE T_IDENTIFIER T_LEFT_SQUARE T_IDENTIFIER T_RIGHT_SQUARE T_ASSIGN T_IDENTIFIER T_SEMICOLON T_RIGHT_BRACE T_IDENTIFIER T_ASSIGN T_NOT T_IDENTIFIER T_SEMICOLON T_IDENTIFIER T_ASSIGN T_IDENTIFIER T_MOD T_INTEGER_LITERAL T_SEMICOLON T_IDENTIFIER T_ASSIGN T_IDENTIFIER T_BITAND T_INTEGER_LITERAL T_SEMICOLON T_IDENTIFIER T_ASSIGN T_IDENTIFIER T_BITOR T_INTEGER_LITERAL T_SEMICOLON T_IDENTIFIER T_ASSIGN T_IDENTIFIER T_BITXOR T_INTEGER_LITERAL T_SEMICOLON T_IDENTIFIER T_ASSIGN T_BITNOT T_IDENTIFIER T_SEMICOLON T_INT T_IDENTIFIER T_ASSIGN T_IDENTIFIER T_LEFT_PAREN T_IDENTIFIER T_COMMA T_IDENTIFIER T_RIGHT_PAREN T_SEMICOLON T_LEFT_BRACE T_INT T_IDENTIFIER T_ASSIGN T_INTEGER_LITERAL T_SEMICOLON T_IDENTIFIER T_ASSIGN T_IDENTIFIER T_PLUS T_INTEGER_LITERAL T_SEMICOLON T_RIGHT_BRACE T_RETURN T_INTEGER_LITERAL T_SEMICOLON T_RIGHT_BRACE T_EOF 

State Stack: 0 8 8 9 16 18 23 50 118 118 118 118 118 118 118 118 118 118 118 105 202 43 96 
Symbol Stack: declaration declaration type_specifier T_IDENTIFIER T_LEFT_PAREN T_RIGHT_PAREN T_LEFT_BRACE statement statement statement statement statement statement statement statement statement statement statement T_FOR T_LEFT_PAREN var T_ASSIGN 
Input Stack: T_INTEGER_LITERAL T_SEMICOLON T_IDENTIFIER T_LESS T_INTEGER_LITERAL T_SEMICOLON T_IDENTIFIER T_INCREMENT T_RIGHT_PAREN T_LEFT_BRACE T_IDENTIFIER T_ASSIGN T_IDENTIFIER T_PLUS T_IDENTIFIER T_SEMICOLON T_RIGHT_BRACE T_FOR T_LEFT_PAREN T_IDENTIFIER T_ASSIGN T_INTEGER_LITERAL T_SEMICOLON T_IDENTIFIER T_LESS T_INTEGER_LITERAL T_SEMICOLON T_IDENTIFIER T_INCREMENT T_RIGHT_PAREN T_LEFT_BRACE T_IDENTIFIER T_LEFT_SQUARE T_IDENTIFIER T_RIGHT_SQUARE T_ASSIGN T_IDENTIFIER T_SEMICOLON T_RIGHT_BRACE T_IDENTIFIER T_ASSIGN T_NOT T_IDENTIFIER T_SEMICOLON T_IDENTIFIER T_ASSIGN T_IDENTIFIER T_MOD T_INTEGER_LITERAL T_SEMICOLON T_IDENTIFIER T_ASSIGN T_IDENTIFIER T_BITAND T_INTEGER_LITERAL T_SEMICOLON T_IDENTIFIER T_ASSIGN T_IDENTIFIER T_BITOR T_INTEGER_LITERAL T_SEMICOLON T_IDENTIFIER T_ASSIGN T_IDENTIFIER T_BITXOR T_INTEGER_LITERAL T_SEMICOLON T_IDENTIFIER T_ASSIGN T_BITNOT T_IDENTIFIER T_SEMICOLON T_INT T_IDENTIFIER T_ASSIGN T_IDENTIFIER T_LEFT_PAREN T_IDENTIFIER T_COMMA T_IDENTIFIER T_RIGHT_PAREN T_SEMICOLON T_LEFT_BRACE T_INT T_IDENTIFIER T_ASSIGN T_INTEGER_LITERAL T_SEMICOLON T_IDENTIFIER T_ASSIGN T_IDENTIFIER T_PLUS T_INTEGER_LITERAL T_SEMICOLON T_RIGHT_BRACE T_RETURN T_INTEGER_LITERAL T_SEMICOLON T_RIGHT_BRACE T_EOF 

State Stack: 0 8 8 9 16 18 23 50 118 118 118 118 118 118 118 118 118 118 118 105 202 43 96 33 
Symbol Stack: declaration declaration type_specifier T_IDENTIFIER T_LEFT_PAREN T_RIGHT_PAREN T_LEFT_BRACE statement statement statement statement statement statement statement statement statement statement statement T_FOR T_LEFT_PAREN var T_ASSIGN T_INTEGER_LITERAL 
Input Stack: T_SEMICOLON T_IDENTIFIER T_LESS T_INTEGER_LITERAL T_SEMICOLON T_IDENTIFIER T_INCREMENT T_RIGHT_PAREN T_LEFT_BRACE T_IDENTIFIER T_ASSIGN T_IDENTIFIER T_PLUS T_IDENTIFIER T_SEMICOLON T_RIGHT_BRACE T_FOR T_LEFT_PAREN T_IDENTIFIER T_ASSIGN T_INTEGER_LITERAL T_SEMICOLON T_IDENTIFIER T_LESS T_INTEGER_LITERAL T_SEMICOLON T_IDENTIFIER T_INCREMENT T_RIGHT_PAREN T_LEFT_BRACE T_IDENTIFIER T_LEFT_SQUARE T_IDENTIFIER T_RIGHT_SQUARE T_ASSIGN T_IDENTIFIER T_SEMICOLON T_RIGHT_BRACE T_IDENTIFIER T_ASSIGN T_NOT T_IDENTIFIER T_SEMICOLON T_IDENTIFIER T_ASSIGN T_IDENTIFIER T_MOD T_INTEGER_LITERAL T_SEMICOLON T_IDENTIFIER T_ASSIGN T_IDENTIFIER T_BITAND T_INTEGER_LITERAL T_SEMICOLON T_IDENTIFIER T_ASSIGN T_IDENTIFIER T_BITOR T_INTEGER_LITERAL T_SEMICOLON T_IDENTIFIER T_ASSIGN T_IDENTIFIER T_BITXOR T_INTEGER_LITERAL T_SEMICOLON T_IDENTIFIER T_ASSIGN T_BITNOT T_IDENTIFIER T_SEMICOLON T_INT T_IDENTIFIER T_ASSIGN T_IDENTIFIER T_LEFT_PAREN T_IDENTIFIER T_COMMA T_IDENTIFIER T_RIGHT_PAREN T_SEMICOLON T_LEFT_BRACE T_INT T_IDENTIFIER T_ASSIGN T_INTEGER_LITERAL T_SEMICOLON T_IDENTIFIER T_ASSIGN T_IDENTIFIER T_PLUS T_INTEGER_LITERAL T_SEMICOLON T_RIGHT_BRACE T_RETURN T_INTEGER_LITERAL T_SEMICOLON T_RIGHT_BRACE T_EOF 

State Stack: 0 8 8 9 16 18 23 50 118 118 118 118 118 118 118 118 118 118 118 105 202 43 96 47 
Symbol Stack: declaration declaration type_specifier T_IDENTIFIER T_LEFT_PAREN T_RIGHT_PAREN T_LEFT_BRACE statement statement statement statement statement statement statement statement statement statement statement T_FOR T_LEFT_PAREN var T_ASSIGN factor 
Input Stack: T_SEMICOLON T_IDENTIFIER T_LESS T_INTEGER_LITERAL T_SEMICOLON T_IDENTIFIER T_INCREMENT T_RIGHT_PAREN T_LEFT_BRACE T_IDENTIFIER T_ASSIGN T_IDENTIFIER T_PLUS T_IDENTIFIER T_SEMICOLON T_RIGHT_BRACE T_FOR T_LEFT_PAREN T_IDENTIFIER T_ASSIGN T_INTEGER_LITERAL T_SEMICOLON T_IDENTIFIER T_LESS T_INTEGER_LITERAL T_SEMICOLON T_IDENTIFIER T_INCREMENT T_RIGHT_PAREN T_LEFT_BRACE T_IDENTIFIER T_LEFT_SQUARE T_IDENTIFIER T_RIGHT_SQUARE T_ASSIGN T_IDENTIFIER T_SEMICOLON T_RIGHT_BRACE T_IDENTIFIER T_ASSIGN T_NOT T_IDENTIFIER T_SEMICOLON T_IDENTIFIER T_ASSIGN T_IDENTIFIER T_MOD T_INTEGER_LITERAL T_SEMICOLON T_IDENTIFIER T_ASSIGN T_IDENTIFIER T_BITAND T_INTEGER_LITERAL T_SEMICOLON T_IDENTIFIER T_ASSIGN T_IDENTIFIER T_BITOR T_INTEGER_LITERAL T_SEMICOLON T_IDENTIFIER T_ASSIGN T_IDENTIFIER T_BITXOR T_INTEGER_LITERAL T_SEMICOLON T_IDENTIFIER T_ASSIGN T_BITNOT T_IDENTIFIER T_SEMICOLON T_INT T_IDENTIFIER T_ASSIGN T_IDENTIFIER T_LEFT_PAREN T_IDENTIFIER T_COMMA T_IDENTIFIER T_RIGHT_PAREN T_SEMICOLON T_LEFT_BRACE T_INT T_IDENTIFIER T_ASSIGN T_INTEGER_LITERAL T_SEMICOLON T_IDENTIFIER T_ASSIGN T_IDENTIFIER T_PLUS T_INTEGER_LITERAL T_SEMICOLON T_RIGHT_BRACE T_RETURN T_INTEGER_LITERAL T_SEMICOLON T_RIGHT_BRACE T_EOF 

State Stack: 0 8 8 9 16 18 23 50 118 118 118 118 118 118 118 118 118 118 118 105 202 43 96 40 
Symbol Stack: declaration declaration type_specifier T_IDENTIFIER T_LEFT_PAREN T_RIGHT_PAREN T_LEFT_BRACE statement statement statement statement statement statement statement statement statement statement statement T_FOR T_LEFT_PAREN var T_ASSIGN term 
Input Stack: T_SEMICOLON T_IDENTIFIER T_LESS T_INTEGER_LITERAL T_SEMICOLON T_IDENTIFIER T_INCREMENT T_RIGHT_PAREN T_LEFT_BRACE T_IDENTIFIER T_ASSIGN T_IDENTIFIER T_PLUS T_IDENTIFIER T_SEMICOLON T_RIGHT_BRACE T_FOR T_LEFT_PAREN T_IDENTIFIER T_ASSIGN T_INTEGER_LITERAL T_SEMICOLON T_IDENTIFIER T_LESS T_INTEGER_LITERAL T_SEMICOLON T_IDENTIFIER T_INCREMENT T_RIGHT_PAREN T_LEFT_BRACE T_IDENTIFIER T_LEFT_SQUARE T_IDENTIFIER T_RIGHT_SQUARE T_ASSIGN T_IDENTIFIER T_SEMICOLON T_RIGHT_BRACE T_IDENTIFIER T_ASSIGN T_NOT T_IDENTIFIER T_SEMICOLON T_IDENTIFIER T_ASSIGN T_IDENTIFIER T_MOD T_INTEGER_LITERAL T_SEMICOLON T_IDENTIFIER T_ASSIGN T_IDENTIFIER T_BITAND T_INTEGER_LITERAL T_SEMICOLON T_IDENTIFIER T_ASSIGN T_IDENTIFIER T_BITOR T_INTEGER_LITERAL T_SEMICOLON T_IDENTIFIER T_ASSIGN T_IDENTIFIER T_BITXOR T_INTEGER_LITERAL T_SEMICOLON T_IDENTIFIER T_ASSIGN T_BITNOT T_IDENTIFIER T_SEMICOLON T_INT T_IDENTIFIER T_ASSIGN T_IDENTIFIER T_LEFT_PAREN T_IDENTIFIER T_COMMA T_IDENTIFIER T_RIGHT_PAREN T_SEMICOLON T_LEFT_BRACE T_INT T_IDENTIFIER T_ASSIGN T_INTEGER_LITERAL T_SEMICOLON T_IDENTIFIER T_ASSIGN T_IDENTIFIER T_PLUS T_INTEGER_LITERAL T_SEMICOLON T_RIGHT_BRACE T_RETURN T_INTEGER_LITERAL T_SEMICOLON T_RIGHT_BRACE T_EOF 

State Stack: 0 8 8 9 16 18 23 50 118 118 118 118 118 118 118 118 118 118 118 105 202 43 96 39 
Symbol Stack: declaration declaration type_specifier T_IDENTIFIER T_LEFT_PAREN T_RIGHT_PAREN T_LEFT_BRACE statement statement statement statement statement statement statement statement statement statement statement T_FOR T_LEFT_PAREN var T_ASSIGN additive_expression 
Input Stack: T_SEMICOLON T_IDENTIFIER T_LESS T_INTEGER_LITERAL T_SEMICOLON T_IDENTIFIER T_INCREMENT T_RIGHT_PAREN T_LEFT_BRACE T_IDENTIFIER T_ASSIGN T_IDENTIFIER T_PLUS T_IDENTIFIER T_SEMICOLON T_RIGHT_BRACE T_FOR T_LEFT_PAREN T_IDENTIFIER T_ASSIGN T_INTEGER_LITERAL T_SEMICOLON T_IDENTIFIER T_LESS T_INTEGER_LITERAL T_SEMICOLON T_IDENTIFIER T_INCREMENT T_RIGHT_PAREN T_LEFT_BRACE T_IDENTIFIER T_LEFT_SQUARE T_IDENTIFIER T_RIGHT_SQUARE T_ASSIGN T_IDENTIFIER T_SEMICOLON T_RIGHT_BRACE T_IDENTIFIER T_ASSIGN T_NOT T_IDENTIFIER T_SEMICOLON T_IDENTIFIER T_ASSIGN T_IDENTIFIER T_MOD T_INTEGER_LITERAL T_SEMICOLON T_IDENTIFIER T_ASSIGN T_IDENTIFIER T_BITAND T_INTEGER_LITERAL T_SEMICOLON T_IDENTIFIER T_ASSIGN T_IDENTIFIER T_BITOR T_INTEGER_LITERAL T_SEMICOLON T_IDENTIFIER T_ASSIGN T_IDENTIFIER T_BITXOR T_INTEGER_LITERAL T_SEMICOLON T_IDENTIFIER T_ASSIGN T_BITNOT T_IDENTIFIER T_SEMICOLON T_INT T_IDENTIFIER T_ASSIGN T_IDENTIFIER T_LEFT_PAREN T_IDENTIFIER T_COMMA T_IDENTIFIER T_RIGHT_PAREN T_SEMICOLON T_LEFT_BRACE T_INT T_IDENTIFIER T_ASSIGN T_INTEGER_LITERAL T_SEMICOLON T_IDENTIFIER T_ASSIGN T_IDENTIFIER T_PLUS T_INTEGER_LITERAL T_SEMICOLON T_RIGHT_BRACE T_RETURN T_INTEGER_LITERAL T_SEMICOLON T_RIGHT_BRACE T_EOF 

State Stack: 0 8 8 9 16 18 23 50 118 118 118 118 118 118 118 118 118 118 118 105 202 43 96 42 
Symbol Stack: declaration declaration type_specifier T_IDENTIFIER T_LEFT_PAREN T_RIGHT_PAREN T_LEFT_BRACE statement statement statement statement statement statement statement statement statement statement statement T_FOR T_LEFT_PAREN var T_ASSIGN simple_expression 
Input Stack: T_SEMICOLON T_IDENTIFIER T_LESS T_INTEGER_LITERAL T_SEMICOLON T_IDENTIFIER T_INCREMENT T_RIGHT_PAREN T_LEFT_BRACE T_IDENTIFIER T_ASSIGN T_IDENTIFIER T_PLUS T_IDENTIFIER T_SEMICOLON T_RIGHT_BRACE T_FOR T_LEFT_PAREN T_IDENTIFIER T_ASSIGN T_INTEGER_LITERAL T_SEMICOLON T_IDENTIFIER T_LESS T_INTEGER_LITERAL T_SEMICOLON T_IDENTIFIER T_INCREMENT T_RIGHT_PAREN T_LEFT_BRACE T_IDENTIFIER T_LEFT_SQUARE T_IDENTIFIER T_RIGHT_SQUARE T_ASSIGN T_IDENTIFIER T_SEMICOLON T_RIGHT_BRACE T_IDENTIFIER T_ASSIGN T_NOT T_IDENTIFIER T_SEMICOLON T_IDENTIFIER T_ASSIGN T_IDENTIFIER T_MOD T_INTEGER_LITERAL T_SEMICOLON T_IDENTIFIER T_ASSIGN T_IDENTIFIER T_BITAND T_INTEGER_LITERAL T_SEMICOLON T_IDENTIFIER T_ASSIGN T_IDENTIFIER T_BITOR T_INTEGER_LITERAL T_SEMICOLON T_IDENTIFIER T_ASSIGN T_IDENTIFIER T_BITXOR T_INTEGER_LITERAL T_SEMICOLON T_IDENTIFIER T_ASSIGN T_BITNOT T_IDENTIFIER T_SEMICOLON T_INT T_IDENTIFIER T_ASSIGN T_IDENTIFIER T_LEFT_PAREN T_IDENTIFIER T_COMMA T_IDENTIFIER T_RIGHT_PAREN T_SEMICOLON T_LEFT_BRACE T_INT T_IDENTIFIER T_ASSIGN T_INTEGER_LITERAL T_SEMICOLON T_IDENTIFIER T_ASSIGN T_IDENTIFIER T_PLUS T_INTEGER_LITERAL T_SEMICOLON T_RIGHT_BRACE T_RETURN T_INTEGER_LITERAL T_SEMICOLON T_RIGHT_BRACE T_EOF 

State Stack: 0 8 8 9 16 18 23 50 118 118 118 118 118 118 118 118 118 118 118 105 202 43 96 198 
Symbol Stack: declaration declaration type_specifier T_IDENTIFIER T_LEFT_PAREN T_RIGHT_PAREN T_LEFT_BRACE statement statement statement statement statement statement statement statement statement statement statement T_FOR T_LEFT_PAREN var T_ASSIGN expression 
Input Stack: T_SEMICOLON T_IDENTIFIER T_LESS T_INTEGER_LITERAL T_SEMICOLON T_IDENTIFIER T_INCREMENT T_RIGHT_PAREN T_LEFT_BRACE T_IDENTIFIER T_ASSIGN T_IDENTIFIER T_PLUS T_IDENTIFIER T_SEMICOLON T_RIGHT_BRACE T_FOR T_LEFT_PAREN T_IDENTIFIER T_ASSIGN T_INTEGER_LITERAL T_SEMICOLON T_IDENTIFIER T_LESS T_INTEGER_LITERAL T_SEMICOLON T_IDENTIFIER T_INCREMENT T_RIGHT_PAREN T_LEFT_BRACE T_IDENTIFIER T_LEFT_SQUARE T_IDENTIFIER T_RIGHT_SQUARE T_ASSIGN T_IDENTIFIER T_SEMICOLON T_RIGHT_BRACE T_IDENTIFIER T_ASSIGN T_NOT T_IDENTIFIER T_SEMICOLON T_IDENTIFIER T_ASSIGN T_IDENTIFIER T_MOD T_INTEGER_LITERAL T_SEMICOLON T_IDENTIFIER T_ASSIGN T_IDENTIFIER T_BITAND T_INTEGER_LITERAL T_SEMICOLON T_IDENTIFIER T_ASSIGN T_IDENTIFIER T_BITOR T_INTEGER_LITERAL T_SEMICOLON T_IDENTIFIER T_ASSIGN T_IDENTIFIER T_BITXOR T_INTEGER_LITERAL T_SEMICOLON T_IDENTIFIER T_ASSIGN T_BITNOT T_IDENTIFIER T_SEMICOLON T_INT T_IDENTIFIER T_ASSIGN T_IDENTIFIER T_LEFT_PAREN T_IDENTIFIER T_COMMA T_IDENTIFIER T_RIGHT_PAREN T_SEMICOLON T_LEFT_BRACE T_INT T_IDENTIFIER T_ASSIGN T_INTEGER_LITERAL T_SEMICOLON T_IDENTIFIER T_ASSIGN T_IDENTIFIER T_PLUS T_INTEGER_LITERAL T_SEMICOLON T_RIGHT_BRACE T_RETURN T_INTEGER_LITERAL T_SEMICOLON T_RIGHT_BRACE T_EOF 

State Stack: 0 8 8 9 16 18 23 50 118 118 118 118 118 118 118 118 118 118 118 105 202 291 
Symbol Stack: declaration declaration type_specifier T_IDENTIFIER T_LEFT_PAREN T_RIGHT_PAREN T_LEFT_BRACE statement statement statement statement statement statement statement statement statement statement statement T_FOR T_LEFT_PAREN expression 
Input Stack: T_SEMICOLON T_IDENTIFIER T_LESS T_INTEGER_LITERAL T_SEMICOLON T_IDENTIFIER T_INCREMENT T_RIGHT_PAREN T_LEFT_BRACE T_IDENTIFIER T_ASSIGN T_IDENTIFIER T_PLUS T_IDENTIFIER T_SEMICOLON T_RIGHT_BRACE T_FOR T_LEFT_PAREN T_IDENTIFIER T_ASSIGN T_INTEGER_LITERAL T_SEMICOLON T_IDENTIFIER T_LESS T_INTEGER_LITERAL T_SEMICOLON T_IDENTIFIER T_INCREMENT T_RIGHT_PAREN T_LEFT_BRACE T_IDENTIFIER T_LEFT_SQUARE T_IDENTIFIER T_RIGHT_SQUARE T_ASSIGN T_IDENTIFIER T_SEMICOLON T_RIGHT_BRACE T_IDENTIFIER T_ASSIGN T_NOT T_IDENTIFIER T_SEMICOLON T_IDENTIFIER T_ASSIGN T_IDENTIFIER T_MOD T_INTEGER_LITERAL T_SEMICOLON T_IDENTIFIER T_ASSIGN T_IDENTIFIER T_BITAND T_INTEGER_LITERAL T_SEMICOLON T_IDENTIFIER T_ASSIGN T_IDENTIFIER T_BITOR T_INTEGER_LITERAL T_SEMICOLON T_IDENTIFIER T_ASSIGN T_IDENTIFIER T_BITXOR T_INTEGER_LITERAL T_SEMICOLON T_IDENTIFIER T_ASSIGN T_BITNOT T_IDENTIFIER T_SEMICOLON T_INT T_IDENTIFIER T_ASSIGN T_IDENTIFIER T_LEFT_PAREN T_IDENTIFIER T_COMMA T_IDENTIFIER T_RIGHT_PAREN T_SEMICOLON T_LEFT_BRACE T_INT T_IDENTIFIER T_ASSIGN T_INTEGER_LITERAL T_SEMICOLON T_IDENTIFIER T_ASSIGN T_IDENTIFIER T_PLUS T_INTEGER_LITERAL T_SEMICOLON T_RIGHT_BRACE T_RETURN T_INTEGER_LITERAL T_SEMICOLON T_RIGHT_BRACE T_EOF 

State Stack: 0 8 8 9 16 18 23 50 118 118 118 118 118 118 118 118 118 118 118 105 202 291 380 
Symbol Stack: declaration declaration type_specifier T_IDENTIFIER T_LEFT_PAREN T_RIGHT_PAREN T_LEFT_BRACE statement statement statement statement statement statement statement statement statement statement statement T_FOR T_LEFT_PAREN expression T_SEMICOLON 
Input Stack: T_IDENTIFIER T_LESS T_INTEGER_LITERAL T_SEMICOLON T_IDENTIFIER T_INCREMENT T_RIGHT_PAREN T_LEFT_BRACE T_IDENTIFIER T_ASSIGN T_IDENTIFIER T_PLUS T_IDENTIFIER T_SEMICOLON T_RIGHT_BRACE T_FOR T_LEFT_PAREN T_IDENTIFIER T_ASSIGN T_INTEGER_LITERAL T_SEMICOLON T_IDENTIFIER T_LESS T_INTEGER_LITERAL T_SEMICOLON T_IDENTIFIER T_INCREMENT T_RIGHT_PAREN T_LEFT_BRACE T_IDENTIFIER T_LEFT_SQUARE T_IDENTIFIER T_RIGHT_SQUARE T_ASSIGN T_IDENTIFIER T_SEMICOLON T_RIGHT_BRACE T_IDENTIFIER T_ASSIGN T_NOT T_IDENTIFIER T_SEMICOLON T_IDENTIFIER T_ASSIGN T_IDENTIFIER T_MOD T_INTEGER_LITERAL T_SEMICOLON T_IDENTIFIER T_ASSIGN T_IDENTIFIER T_BITAND T_INTEGER_LITERAL T_SEMICOLON T_IDENTIFIER T_ASSIGN T_IDENTIFIER T_BITOR T_INTEGER_LITERAL T_SEMICOLON T_IDENTIFIER T_ASSIGN T_IDENTIFIER T_BITXOR T_INTEGER_LITERAL T_SEMICOLON T_IDENTIFIER T_ASSIGN T_BITNOT T_IDENTIFIER T_SEMICOLON T_INT T_IDENTIFIER T_ASSIGN T_IDENTIFIER T_LEFT_PAREN T_IDENTIFIER T_COMMA T_IDENTIFIER T_RIGHT_PAREN T_SEMICOLON T_LEFT_BRACE T_INT T_IDENTIFIER T_ASSIGN T_INTEGER_LITERAL T_SEMICOLON T_IDENTIFIER T_ASSIGN T_IDENTIFIER T_PLUS T_INTEGER_LITERAL T_SEMICOLON T_RIGHT_BRACE T_RETURN T_INTEGER_LITERAL T_SEMICOLON T_RIGHT_BRACE T_EOF 

State Stack: 0 8 8 9 16 18 23 50 118 118 118 118 118 118 118 118 118 118 118 105 202 293 
Symbol Stack: declaration declaration type_specifier T_IDENTIFIER T_LEFT_PAREN T_RIGHT_PAREN T_LEFT_BRACE statement statement statement statement statement statement statement statement statement statement statement T_FOR T_LEFT_PAREN expression_stmt 
Input Stack: T_IDENTIFIER T_LESS T_INTEGER_LITERAL T_SEMICOLON T_IDENTIFIER T_INCREMENT T_RIGHT_PAREN T_LEFT_BRACE T_IDENTIFIER T_ASSIGN T_IDENTIFIER T_PLUS T_IDENTIFIER T_SEMICOLON T_RIGHT_BRACE T_FOR T_LEFT_PAREN T_IDENTIFIER T_ASSIGN T_INTEGER_LITERAL T_SEMICOLON T_IDENTIFIER T_LESS T_INTEGER_LITERAL T_SEMICOLON T_IDENTIFIER T_INCREMENT T_RIGHT_PAREN T_LEFT_BRACE T_IDENTIFIER T_LEFT_SQUARE T_IDENTIFIER T_RIGHT_SQUARE T_ASSIGN T_IDENTIFIER T_SEMICOLON T_RIGHT_BRACE T_IDENTIFIER T_ASSIGN T_NOT T_IDENTIFIER T_SEMICOLON T_IDENTIFIER T_ASSIGN T_IDENTIFIER T_MOD T_INTEGER_LITERAL T_SEMICOLON T_IDENTIFIER T_ASSIGN T_IDENTIFIER T_BITAND T_INTEGER_LITERAL T_SEMICOLON T_IDENTIFIER T_ASSIGN T_IDENTIFIER T_BITOR T_INTEGER_LITERAL T_SEMICOLON T_IDENTIFIER T_ASSIGN T_IDENTIFIER T_BITXOR T_INTEGER_LITERAL T_SEMICOLON T_IDENTIFIER T_ASSIGN T_BITNOT T_IDENTIFIER T_SEMICOLON T_INT T_IDENTIFIER T_ASSIGN T_IDENTIFIER T_LEFT_PAREN T_IDENTIFIER T_COMMA T_IDENTIFIER T_RIGHT_PAREN T_SEMICOLON T_LEFT_BRACE T_INT T_IDENTIFIER T_ASSIGN T_INTEGER_LITERAL T_SEMICOLON T_IDENTIFIER T_ASSIGN T_IDENTIFIER T_PLUS T_INTEGER_LITERAL T_SEMICOLON T_RIGHT_BRACE T_RETURN T_INTEGER_LITERAL T_SEMICOLON T_RIGHT_BRACE T_EOF 

State Stack: 0 8 8 9 16 18 23 50 118 118 118 118 118 118 118 118 118 118 118 105 202 292 
Symbol Stack: declaration declaration type_specifier T_IDENTIFIER T_LEFT_PAREN T_RIGHT_PAREN T_LEFT_BRACE statement statement statement statement statement statement statement statement statement statement statement T_FOR T_LEFT_PAREN opt_expression_stmt 
Input Stack: T_IDENTIFIER T_LESS T_INTEGER_LITERAL T_SEMICOLON T_IDENTIFIER T_INCREMENT T_RIGHT_PAREN T_LEFT_BRACE T_IDENTIFIER T_ASSIGN T_IDENTIFIER T_PLUS T_IDENTIFIER T_SEMICOLON T_RIGHT_BRACE T_FOR T_LEFT_PAREN T_IDENTIFIER T_ASSIGN T_INTEGER_LITERAL T_SEMICOLON T_IDENTIFIER T_LESS T_INTEGER_LITERAL T_SEMICOLON T_IDENTIFIER T_INCREMENT T_RIGHT_PAREN T_LEFT_BRACE T_IDENTIFIER T_LEFT_SQUARE T_IDENTIFIER T_RIGHT_SQUARE T_ASSIGN T_IDENTIFIER T_SEMICOLON T_RIGHT_BRACE T_IDENTIFIER T_ASSIGN T_NOT T_IDENTIFIER T_SEMICOLON T_IDENTIFIER T_ASSIGN T_IDENTIFIER T_MOD T_INTEGER_LITERAL T_SEMICOLON T_IDENTIFIER T_ASSIGN T_IDENTIFIER T_BITAND T_INTEGER_LITERAL T_SEMICOLON T_IDENTIFIER T_ASSIGN T_IDENTIFIER T_BITOR T_INTEGER_LITERAL T_SEMICOLON T_IDENTIFIER T_ASSIGN T_IDENTIFIER T_BITXOR T_INTEGER_LITERAL T_SEMICOLON T_IDENTIFIER T_ASSIGN T_BITNOT T_IDENTIFIER T_SEMICOLON T_INT T_IDENTIFIER T_ASSIGN T_IDENTIFIER T_LEFT_PAREN T_IDENTIFIER T_COMMA T_IDENTIFIER T_RIGHT_PAREN T_SEMICOLON T_LEFT_BRACE T_INT T_IDENTIFIER T_ASSIGN T_INTEGER_LITERAL T_SEMICOLON T_IDENTIFIER T_ASSIGN T_IDENTIFIER T_PLUS T_INTEGER_LITERAL T_SEMICOLON T_RIGHT_BRACE T_RETURN T_INTEGER_LITERAL T_SEMICOLON T_RIGHT_BRACE T_EOF 

State Stack: 0 8 8 9 16 18 23 50 118 118 118 118 118 118 118 118 118 118 118 105 202 292 29 
Symbol Stack: declaration declaration type_specifier T_IDENTIFIER T_LEFT_PAREN T_RIGHT_PAREN T_LEFT_BRACE statement statement statement statement statement statement statement statement statement statement statement T_FOR T_LEFT_PAREN opt_expression_stmt T_IDENTIFIER 
Input Stack: T_LESS T_INTEGER_LITERAL T_SEMICOLON T_IDENTIFIER T_INCREMENT T_RIGHT_PAREN T_LEFT_BRACE T_IDENTIFIER T_ASSIGN T_IDENTIFIER T_PLUS T_IDENTIFIER T_SEMICOLON T_RIGHT_BRACE T_FOR T_LEFT_PAREN T_IDENTIFIER T_ASSIGN T_INTEGER_LITERAL T_SEMICOLON T_IDENTIFIER T_LESS T_INTEGER_LITERAL T_SEMICOLON T_IDENTIFIER T_INCREMENT T_RIGHT_PAREN T_LEFT_BRACE T_IDENTIFIER T_LEFT_SQUARE T_IDENTIFIER T_RIGHT_SQUARE T_ASSIGN T_IDENTIFIER T_SEMICOLON T_RIGHT_BRACE T_IDENTIFIER T_ASSIGN T_NOT T_IDENTIFIER T_SEMICOLON T_IDENTIFIER T_ASSIGN T_IDENTIFIER T_MOD T_INTEGER_LITERAL T_SEMICOLON T_IDENTIFIER T_ASSIGN T_IDENTIFIER T_BITAND T_INTEGER_LITERAL T_SEMICOLON T_IDENTIFIER T_ASSIGN T_IDENTIFIER T_BITOR T_INTEGER_LITERAL T_SEMICOLON T_IDENTIFIER T_ASSIGN T_IDENTIFIER T_BITXOR T_INTEGER_LITERAL T_SEMICOLON T_IDENTIFIER T_ASSIGN T_BITNOT T_IDENTIFIER T_SEMICOLON T_INT T_IDENTIFIER T_ASSIGN T_IDENTIFIER T_LEFT_PAREN T_IDENTIFIER T_COMMA T_IDENTIFIER T_RIGHT_PAREN T_SEMICOLON T_LEFT_BRACE T_INT T_IDENTIFIER T_ASSIGN T_INTEGER_LITERAL T_SEMICOLON T_IDENTIFIER T_ASSIGN T_IDENTIFIER T_PLUS T_INTEGER_LITERAL T_SEMICOLON T_RIGHT_BRACE T_RETURN T_INTEGER_LITERAL T_SEMICOLON T_RIGHT_BRACE T_EOF 

State Stack: 0 8 8 9 16 18 23 50 118 118 118 118 118 118 118 118 118 118 118 105 202 292 43 
Symbol Stack: declaration declaration type_specifier T_IDENTIFIER T_LEFT_PAREN T_RIGHT_PAREN T_LEFT_BRACE statement statement statement statement statement statement statement statement statement statement statement T_FOR T_LEFT_PAREN opt_expression_stmt var 
Input Stack: T_LESS T_INTEGER_LITERAL T_SEMICOLON T_IDENTIFIER T_INCREMENT T_RIGHT_PAREN T_LEFT_BRACE T_IDENTIFIER T_ASSIGN T_IDENTIFIER T_PLUS T_IDENTIFIER T_SEMICOLON T_RIGHT_BRACE T_FOR T_LEFT_PAREN T_IDENTIFIER T_ASSIGN T_INTEGER_LITERAL T_SEMICOLON T_IDENTIFIER T_LESS T_INTEGER_LITERAL T_SEMICOLON T_IDENTIFIER T_INCREMENT T_RIGHT_PAREN T_LEFT_BRACE T_IDENTIFIER T_LEFT_SQUARE T_IDENTIFIER T_RIGHT_SQUARE T_ASSIGN T_IDENTIFIER T_SEMICOLON T_RIGHT_BRACE T_IDENTIFIER T_ASSIGN T_NOT T_IDENTIFIER T_SEMICOLON T_IDENTIFIER T_ASSIGN T_IDENTIFIER T_MOD T_INTEGER_LITERAL T_SEMICOLON T_IDENTIFIER T_ASSIGN T_IDENTIFIER T_BITAND T_INTEGER_LITERAL T_SEMICOLON T_IDENTIFIER T_ASSIGN T_IDENTIFIER T_BITOR T_INTEGER_LITERAL T_SEMICOLON T_IDENTIFIER T_ASSIGN T_IDENTIFIER T_BITXOR T_INTEGER_LITERAL T_SEMICOLON T_IDENTIFIER T_ASSIGN T_BITNOT T_IDENTIFIER T_SEMICOLON T_INT T_IDENTIFIER T_ASSIGN T_IDENTIFIER T_LEFT_PAREN T_IDENTIFIER T_COMMA T_IDENTIFIER T_RIGHT_PAREN T_SEMICOLON T_LEFT_BRACE T_INT T_IDENTIFIER T_ASSIGN T_INTEGER_LITERAL T_SEMICOLON T_IDENTIFIER T_ASSIGN T_IDENTIFIER T_PLUS T_INTEGER_LITERAL T_SEMICOLON T_RIGHT_BRACE T_RETURN T_INTEGER_LITERAL T_SEMICOLON T_RIGHT_BRACE T_EOF 

State Stack: 0 8 8 9 16 18 23 50 118 118 118 118 118 118 118 118 118 118 118 105 202 292 47 
Symbol Stack: declaration declaration type_specifier T_IDENTIFIER T_LEFT_PAREN T_RIGHT_PAREN T_LEFT_BRACE statement statement statement statement statement statement statement statement statement statement statement T_FOR T_LEFT_PAREN opt_expression_stmt factor 
Input Stack: T_LESS T_INTEGER_LITERAL T_SEMICOLON T_IDENTIFIER T_INCREMENT T_RIGHT_PAREN T_LEFT_BRACE T_IDENTIFIER T_ASSIGN T_IDENTIFIER T_PLUS T_IDENTIFIER T_SEMICOLON T_RIGHT_BRACE T_FOR T_LEFT_PAREN T_IDENTIFIER T_ASSIGN T_INTEGER_LITERAL T_SEMICOLON T_IDENTIFIER T_LESS T_INTEGER_LITERAL T_SEMICOLON T_IDENTIFIER T_INCREMENT T_RIGHT_PAREN T_LEFT_BRACE T_IDENTIFIER T_LEFT_SQUARE T_IDENTIFIER T_RIGHT_SQUARE T_ASSIGN T_IDENTIFIER T_SEMICOLON T_RIGHT_BRACE T_IDENTIFIER T_ASSIGN T_NOT T_IDENTIFIER T_SEMICOLON T_IDENTIFIER T_ASSIGN T_IDENTIFIER T_MOD T_INTEGER_LITERAL T_SEMICOLON T_IDENTIFIER T_ASSIGN T_IDENTIFIER T_BITAND T_INTEGER_LITERAL T_SEMICOLON T_IDENTIFIER T_ASSIGN T_IDENTIFIER T_BITOR T_INTEGER_LITERAL T_SEMICOLON T_IDENTIFIER T_ASSIGN T_IDENTIFIER T_BITXOR T_INTEGER_LITERAL T_SEMICOLON T_IDENTIFIER T_ASSIGN T_BITNOT T_IDENTIFIER T_SEMICOLON T_INT T_IDENTIFIER T_ASSIGN T_IDENTIFIER T_LEFT_PAREN T_IDENTIFIER T_COMMA T_IDENTIFIER T_RIGHT_PAREN T_SEMICOLON T_LEFT_BRACE T_INT T_IDENTIFIER T_ASSIGN T_INTEGER_LITERAL T_SEMICOLON T_IDENTIFIER T_ASSIGN T_IDENTIFIER T_PLUS T_INTEGER_LITERAL T_SEMICOLON T_RIGHT_BRACE T_RETURN T_INTEGER_LITERAL T_SEMICOLON T_RIGHT_BRACE T_EOF 

State Stack: 0 8 8 9 16 18 23 50 118 118 118 118 118 118 118 118 118 118 118 105 202 292 40 
Symbol Stack: declaration declaration type_specifier T_IDENTIFIER T_LEFT_PAREN T_RIGHT_PAREN T_LEFT_BRACE statement statement statement statement statement statement statement statement statement statement statement T_FOR T_LEFT_PAREN opt_expression_stmt term 
Input Stack: T_LESS T_INTEGER_LITERAL T_SEMICOLON T_IDENTIFIER T_INCREMENT T_RIGHT_PAREN T_LEFT_BRACE T_IDENTIFIER T_ASSIGN T_IDENTIFIER T_PLUS T_IDENTIFIER T_SEMICOLON T_RIGHT_BRACE T_FOR T_LEFT_PAREN T_IDENTIFIER T_ASSIGN T_INTEGER_LITERAL T_SEMICOLON T_IDENTIFIER T_LESS T_INTEGER_LITERAL T_SEMICOLON T_IDENTIFIER T_INCREMENT T_RIGHT_PAREN T_LEFT_BRACE T_IDENTIFIER T_LEFT_SQUARE T_IDENTIFIER T_RIGHT_SQUARE T_ASSIGN T_IDENTIFIER T_SEMICOLON T_RIGHT_BRACE T_IDENTIFIER T_ASSIGN T_NOT T_IDENTIFIER T_SEMICOLON T_IDENTIFIER T_ASSIGN T_IDENTIFIER T_MOD T_INTEGER_LITERAL T_SEMICOLON T_IDENTIFIER T_ASSIGN T_IDENTIFIER T_BITAND T_INTEGER_LITERAL T_SEMICOLON T_IDENTIFIER T_ASSIGN T_IDENTIFIER T_BITOR T_INTEGER_LITERAL T_SEMICOLON T_IDENTIFIER T_ASSIGN T_IDENTIFIER T_BITXOR T_INTEGER_LITERAL T_SEMICOLON T_IDENTIFIER T_ASSIGN T_BITNOT T_IDENTIFIER T_SEMICOLON T_INT T_IDENTIFIER T_ASSIGN T_IDENTIFIER T_LEFT_PAREN T_IDENTIFIER T_COMMA T_IDENTIFIER T_RIGHT_PAREN T_SEMICOLON T_LEFT_BRACE T_INT T_IDENTIFIER T_ASSIGN T_INTEGER_LITERAL T_SEMICOLON T_IDENTIFIER T_ASSIGN T_IDENTIFIER T_PLUS T_INTEGER_LITERAL T_SEMICOLON T_RIGHT_BRACE T_RETURN T_INTEGER_LITERAL T_SEMICOLON T_RIGHT_BRACE T_EOF 

State Stack: 0 8 8 9 16 18 23 50 118 118 118 118 118 118 118 118 118 118 118 105 202 292 39 
Symbol Stack: declaration declaration type_specifier T_IDENTIFIER T_LEFT_PAREN T_RIGHT_PAREN T_LEFT_BRACE statement statement statement statement statement statement statement statement statement statement statement T_FOR T_LEFT_PAREN opt_expression_stmt additive_expression 
Input Stack: T_LESS T_INTEGER_LITERAL T_SEMICOLON T_IDENTIFIER T_INCREMENT T_RIGHT_PAREN T_LEFT_BRACE T_IDENTIFIER T_ASSIGN T_IDENTIFIER T_PLUS T_IDENTIFIER T_SEMICOLON T_RIGHT_BRACE T_FOR T_LEFT_PAREN T_IDENTIFIER T_ASSIGN T_INTEGER_LITERAL T_SEMICOLON T_IDENTIFIER T_LESS T_INTEGER_LITERAL T_SEMICOLON T_IDENTIFIER T_INCREMENT T_RIGHT_PAREN T_LEFT_BRACE T_IDENTIFIER T_LEFT_SQUARE T_IDENTIFIER T_RIGHT_SQUARE T_ASSIGN T_IDENTIFIER T_SEMICOLON T_RIGHT_BRACE T_IDENTIFIER T_ASSIGN T_NOT T_IDENTIFIER T_SEMICOLON T_IDENTIFIER T_ASSIGN T_IDENTIFIER T_MOD T_INTEGER_LITERAL T_SEMICOLON T_IDENTIFIER T_ASSIGN T_IDENTIFIER T_BITAND T_INTEGER_LITERAL T_SEMICOLON T_IDENTIFIER T_ASSIGN T_IDENTIFIER T_BITOR T_INTEGER_LITERAL T_SEMICOLON T_IDENTIFIER T_ASSIGN T_IDENTIFIER T_BITXOR T_INTEGER_LITERAL T_SEMICOLON T_IDENTIFIER T_ASSIGN T_BITNOT T_IDENTIFIER T_SEMICOLON T_INT T_IDENTIFIER T_ASSIGN T_IDENTIFIER T_LEFT_PAREN T_IDENTIFIER T_COMMA T_IDENTIFIER T_RIGHT_PAREN T_SEMICOLON T_LEFT_BRACE T_INT T_IDENTIFIER T_ASSIGN T_INTEGER_LITERAL T_SEMICOLON T_IDENTIFIER T_ASSIGN T_IDENTIFIER T_PLUS T_INTEGER_LITERAL T_SEMICOLON T_RIGHT_BRACE T_RETURN T_INTEGER_LITERAL T_SEMICOLON T_RIGHT_BRACE T_EOF 

State Stack: 0 8 8 9 16 18 23 50 118 118 118 118 118 118 118 118 118 118 118 105 202 292 39 83 
Symbol Stack: declaration declaration type_specifier T_IDENTIFIER T_LEFT_PAREN T_RIGHT_PAREN T_LEFT_BRACE statement statement statement statement statement statement statement statement statement statement statement T_FOR T_LEFT_PAREN opt_expression_stmt additive_expression T_LESS 
Input Stack: T_INTEGER_LITERAL T_SEMICOLON T_IDENTIFIER T_INCREMENT T_RIGHT_PAREN T_LEFT_BRACE T_IDENTIFIER T_ASSIGN T_IDENTIFIER T_PLUS T_IDENTIFIER T_SEMICOLON T_RIGHT_BRACE T_FOR T_LEFT_PAREN T_IDENTIFIER T_ASSIGN T_INTEGER_LITERAL T_SEMICOLON T_IDENTIFIER T_LESS T_INTEGER_LITERAL T_SEMICOLON T_IDENTIFIER T_INCREMENT T_RIGHT_PAREN T_LEFT_BRACE T_IDENTIFIER T_LEFT_SQUARE T_IDENTIFIER T_RIGHT_SQUARE T_ASSIGN T_IDENTIFIER T_SEMICOLON T_RIGHT_BRACE T_IDENTIFIER T_ASSIGN T_NOT T_IDENTIFIER T_SEMICOLON T_IDENTIFIER T_ASSIGN T_IDENTIFIER T_MOD T_INTEGER_LITERAL T_SEMICOLON T_IDENTIFIER T_ASSIGN T_IDENTIFIER T_BITAND T_INTEGER_LITERAL T_SEMICOLON T_IDENTIFIER T_ASSIGN T_IDENTIFIER T_BITOR T_INTEGER_LITERAL T_SEMICOLON T_IDENTIFIER T_ASSIGN T_IDENTIFIER T_BITXOR T_INTEGER_LITERAL T_SEMICOLON T_IDENTIFIER T_ASSIGN T_BITNOT T_IDENTIFIER T_SEMICOLON T_INT T_IDENTIFIER T_ASSIGN T_IDENTIFIER T_LEFT_PAREN T_IDENTIFIER T_COMMA T_IDENTIFIER T_RIGHT_PAREN T_SEMICOLON T_LEFT_BRACE T_INT T_IDENTIFIER T_ASSIGN T_INTEGER_LITERAL T_SEMICOLON T_IDENTIFIER T_ASSIGN T_IDENTIFIER T_PLUS T_INTEGER_LITERAL T_SEMICOLON T_RIGHT_BRACE T_RETURN T_INTEGER_LITERAL T_SEMICOLON T_RIGHT_BRACE T_EOF 

State Stack: 0 8 8 9 16 18 23 50 118 118 118 118 118 118 118 118 118 118 118 105 202 292 39 86 
Symbol Stack: declaration declaration type_specifier T_IDENTIFIER T_LEFT_PAREN T_RIGHT_PAREN T_LEFT_BRACE statement statement statement statement statement statement statement statement statement statement statement T_FOR T_LEFT_PAREN opt_expression_stmt additive_expression relop 
Input Stack: T_INTEGER_LITERAL T_SEMICOLON T_IDENTIFIER T_INCREMENT T_RIGHT_PAREN T_LEFT_BRACE T_IDENTIFIER T_ASSIGN T_IDENTIFIER T_PLUS T_IDENTIFIER T_SEMICOLON T_RIGHT_BRACE T_FOR T_LEFT_PAREN T_IDENTIFIER T_ASSIGN T_INTEGER_LITERAL T_SEMICOLON T_IDENTIFIER T_LESS T_INTEGER_LITERAL T_SEMICOLON T_IDENTIFIER T_INCREMENT T_RIGHT_PAREN T_LEFT_BRACE T_IDENTIFIER T_LEFT_SQUARE T_IDENTIFIER T_RIGHT_SQUARE T_ASSIGN T_IDENTIFIER T_SEMICOLON T_RIGHT_BRACE T_IDENTIFIER T_ASSIGN T_NOT T_IDENTIFIER T_SEMICOLON T_IDENTIFIER T_ASSIGN T_IDENTIFIER T_MOD T_INTEGER_LITERAL T_SEMICOLON T_IDENTIFIER T_ASSIGN T_IDENTIFIER T_BITAND T_INTEGER_LITERAL T_SEMICOLON T_IDENTIFIER T_ASSIGN T_IDENTIFIER T_BITOR T_INTEGER_LITERAL T_SEMICOLON T_IDENTIFIER T_ASSIGN T_IDENTIFIER T_BITXOR T_INTEGER_LITERAL T_SEMICOLON T_IDENTIFIER T_ASSIGN T_BITNOT T_IDENTIFIER T_SEMICOLON T_INT T_IDENTIFIER T_ASSIGN T_IDENTIFIER T_LEFT_PAREN T_IDENTIFIER T_COMMA T_IDENTIFIER T_RIGHT_PAREN T_SEMICOLON T_LEFT_BRACE T_INT T_IDENTIFIER T_ASSIGN T_INTEGER_LITERAL T_SEMICOLON T_IDENTIFIER T_ASSIGN T_IDENTIFIER T_PLUS T_INTEGER_LITERAL T_SEMICOLON T_RIGHT_BRACE T_RETURN T_INTEGER_LITERAL T_SEMICOLON T_RIGHT_BRACE T_EOF 

State Stack: 0 8 8 9 16 18 23 50 118 118 118 118 118 118 118 118 118 118 118 105 202 292 39 86 186 
Symbol Stack: declaration declaration type_specifier T_IDENTIFIER T_LEFT_PAREN T_RIGHT_PAREN T_LEFT_BRACE statement statement statement statement statement statement statement statement statement statement statement T_FOR T_LEFT_PAREN opt_expression_stmt additive_expression relop T_INTEGER_LITERAL 
Input Stack: T_SEMICOLON T_IDENTIFIER T_INCREMENT T_RIGHT_PAREN T_LEFT_BRACE T_IDENTIFIER T_ASSIGN T_IDENTIFIER T_PLUS T_IDENTIFIER T_SEMICOLON T_RIGHT_BRACE T_FOR T_LEFT_PAREN T_IDENTIFIER T_ASSIGN T_INTEGER_LITERAL T_SEMICOLON T_IDENTIFIER T_LESS T_INTEGER_LITERAL T_SEMICOLON T_IDENTIFIER T_INCREMENT T_RIGHT_PAREN T_LEFT_BRACE T_IDENTIFIER T_LEFT_SQUARE T_IDENTIFIER T_RIGHT_SQUARE T_ASSIGN T_IDENTIFIER T_SEMICOLON T_RIGHT_BRACE T_IDENTIFIER T_ASSIGN T_NOT T_IDENTIFIER T_SEMICOLON T_IDENTIFIER T_ASSIGN T_IDENTIFIER T_MOD T_INTEGER_LITERAL T_SEMICOLON T_IDENTIFIER T_ASSIGN T_IDENTIFIER T_BITAND T_INTEGER_LITERAL T_SEMICOLON T_IDENTIFIER T_ASSIGN T_IDENTIFIER T_BITOR T_INTEGER_LITERAL T_SEMICOLON T_IDENTIFIER T_ASSIGN T_IDENTIFIER T_BITXOR T_INTEGER_LITERAL T_SEMICOLON T_IDENTIFIER T_ASSIGN T_BITNOT T_IDENTIFIER T_SEMICOLON T_INT T_IDENTIFIER T_ASSIGN T_IDENTIFIER T_LEFT_PAREN T_IDENTIFIER T_COMMA T_IDENTIFIER T_RIGHT_PAREN T_SEMICOLON T_LEFT_BRACE T_INT T_IDENTIFIER T_ASSIGN T_INTEGER_LITERAL T_SEMICOLON T_IDENTIFIER T_ASSIGN T_IDENTIFIER T_PLUS T_INTEGER_LITERAL T_SEMICOLON T_RIGHT_BRACE T_RETURN T_INTEGER_LITERAL T_SEMICOLON T_RIGHT_BRACE T_EOF 

State Stack: 0 8 8 9 16 18 23 50 118 118 118 118 118 118 118 118 118 118 118 105 202 292 39 86 195 
Symbol Stack: declaration declaration type_specifier T_IDENTIFIER T_LEFT_PAREN T_RIGHT_PAREN T_LEFT_BRACE statement statement statement statement statement statement statement statement statement statement statement T_FOR T_LEFT_PAREN opt_expression_stmt additive_expression relop factor 
Input Stack: T_SEMICOLON T_IDENTIFIER T_INCREMENT T_RIGHT_PAREN T_LEFT_BRACE T_IDENTIFIER T_ASSIGN T_IDENTIFIER T_PLUS T_IDENTIFIER T_SEMICOLON T_RIGHT_BRACE T_FOR T_LEFT_PAREN T_IDENTIFIER T_ASSIGN T_INTEGER_LITERAL T_SEMICOLON T_IDENTIFIER T_LESS T_INTEGER_LITERAL T_SEMICOLON T_IDENTIFIER T_INCREMENT T_RIGHT_PAREN T_LEFT_BRACE T_IDENTIFIER T_LEFT_SQUARE T_IDENTIFIER T_RIGHT_SQUARE T_ASSIGN T_IDENTIFIER T_SEMICOLON T_RIGHT_BRACE T_IDENTIFIER T_ASSIGN T_NOT T_IDENTIFIER T_SEMICOLON T_IDENTIFIER T_ASSIGN T_IDENTIFIER T_MOD T_INTEGER_LITERAL T_SEMICOLON T_IDENTIFIER T_ASSIGN T_IDENTIFIER T_BITAND T_INTEGER_LITERAL T_SEMICOLON T_IDENTIFIER T_ASSIGN T_IDENTIFIER T_BITOR T_INTEGER_LITERAL T_SEMICOLON T_IDENTIFIER T_ASSIGN T_IDENTIFIER T_BITXOR T_INTEGER_LITERAL T_SEMICOLON T_IDENTIFIER T_ASSIGN T_BITNOT T_IDENTIFIER T_SEMICOLON T_INT T_IDENTIFIER T_ASSIGN T_IDENTIFIER T_LEFT_PAREN T_IDENTIFIER T_COMMA T_IDENTIFIER T_RIGHT_PAREN T_SEMICOLON T_LEFT_BRACE T_INT T_IDENTIFIER T_ASSIGN T_INTEGER_LITERAL T_SEMICOLON T_IDENTIFIER T_ASSIGN T_IDENTIFIER T_PLUS T_INTEGER_LITERAL T_SEMICOLON T_RIGHT_BRACE T_RETURN T_INTEGER_LITERAL T_SEMICOLON T_RIGHT_BRACE T_EOF 

State Stack: 0 8 8 9 16 18 23 50 118 118 118 118 118 118 118 118 118 118 118 105 202 292 39 86 191 
Symbol Stack: declaration declaration type_specifier T_IDENTIFIER T_LEFT_PAREN T_RIGHT_PAREN T_LEFT_BRACE statement statement statement statement statement statement statement statement statement statement statement T_FOR T_LEFT_PAREN opt_expression_stmt additive_expression relop term 
Input Stack: T_SEMICOLON T_IDENTIFIER T_INCREMENT T_RIGHT_PAREN T_LEFT_BRACE T_IDENTIFIER T_ASSIGN T_IDENTIFIER T_PLUS T_IDENTIFIER T_SEMICOLON T_RIGHT_BRACE T_FOR T_LEFT_PAREN T_IDENTIFIER T_ASSIGN T_INTEGER_LITERAL T_SEMICOLON T_IDENTIFIER T_LESS T_INTEGER_LITERAL T_SEMICOLON T_IDENTIFIER T_INCREMENT T_RIGHT_PAREN T_LEFT_BRACE T_IDENTIFIER T_LEFT_SQUARE T_IDENTIFIER T_RIGHT_SQUARE T_ASSIGN T_IDENTIFIER T_SEMICOLON T_RIGHT_BRACE T_IDENTIFIER T_ASSIGN T_NOT T_IDENTIFIER T_SEMICOLON T_IDENTIFIER T_ASSIGN T_IDENTIFIER T_MOD T_INTEGER_LITERAL T_SEMICOLON T_IDENTIFIER T_ASSIGN T_IDENTIFIER T_BITAND T_INTEGER_LITERAL T_SEMICOLON T_IDENTIFIER T_ASSIGN T_IDENTIFIER T_BITOR T_INTEGER_LITERAL T_SEMICOLON T_IDENTIFIER T_ASSIGN T_IDENTIFIER T_BITXOR T_INTEGER_LITERAL T_SEMICOLON T_IDENTIFIER T_ASSIGN T_BITNOT T_IDENTIFIER T_SEMICOLON T_INT T_IDENTIFIER T_ASSIGN T_IDENTIFIER T_LEFT_PAREN T_IDENTIFIER T_COMMA T_IDENTIFIER T_RIGHT_PAREN T_SEMICOLON T_LEFT_BRACE T_INT T_IDENTIFIER T_ASSIGN T_INTEGER_LITERAL T_SEMICOLON T_IDENTIFIER T_ASSIGN T_IDENTIFIER T_PLUS T_INTEGER_LITERAL T_SEMICOLON T_RIGHT_BRACE T_RETURN T_INTEGER_LITERAL T_SEMICOLON T_RIGHT_BRACE T_EOF 

State Stack: 0 8 8 9 16 18 23 50 118 118 118 118 118 118 118 118 118 118 118 105 202 292 39 86 190 
Symbol Stack: declaration declaration type_specifier T_IDENTIFIER T_LEFT_PAREN T_RIGHT_PAREN T_LEFT_BRACE statement statement statement statement statement statement statement statement statement statement statement T_FOR T_LEFT_PAREN opt_expression_stmt additive_expression relop additive_expression 
Input Stack: T_SEMICOLON T_IDENTIFIER T_INCREMENT T_RIGHT_PAREN T_LEFT_BRACE T_IDENTIFIER T_ASSIGN T_IDENTIFIER T_PLUS T_IDENTIFIER T_SEMICOLON T_RIGHT_BRACE T_FOR T_LEFT_PAREN T_IDENTIFIER T_ASSIGN T_INTEGER_LITERAL T_SEMICOLON T_IDENTIFIER T_LESS T_INTEGER_LITERAL T_SEMICOLON T_IDENTIFIER T_INCREMENT T_RIGHT_PAREN T_LEFT_BRACE T_IDENTIFIER T_LEFT_SQUARE T_IDENTIFIER T_RIGHT_SQUARE T_ASSIGN T_IDENTIFIER T_SEMICOLON T_RIGHT_BRACE T_IDENTIFIER T_ASSIGN T_NOT T_IDENTIFIER T_SEMICOLON T_IDENTIFIER T_ASSIGN T_IDENTIFIER T_MOD T_INTEGER_LITERAL T_SEMICOLON T_IDENTIFIER T_ASSIGN T_IDENTIFIER T_BITAND T_INTEGER_LITERAL T_SEMICOLON T_IDENTIFIER T_ASSIGN T_IDENTIFIER T_BITOR T_INTEGER_LITERAL T_SEMICOLON T_IDENTIFIER T_ASSIGN T_IDENTIFIER T_BITXOR T_INTEGER_LITERAL T_SEMICOLON T_IDENTIFIER T_ASSIGN T_BITNOT T_IDENTIFIER T_SEMICOLON T_INT T_IDENTIFIER T_ASSIGN T_IDENTIFIER T_LEFT_PAREN T_IDENTIFIER T_COMMA T_IDENTIFIER T_RIGHT_PAREN T_SEMICOLON T_LEFT_BRACE T_INT T_IDENTIFIER T_ASSIGN T_INTEGER_LITERAL T_SEMICOLON T_IDENTIFIER T_ASSIGN T_IDENTIFIER T_PLUS T_INTEGER_LITERAL T_SEMICOLON T_RIGHT_BRACE T_RETURN T_INTEGER_LITERAL T_SEMICOLON T_RIGHT_BRACE T_EOF 

State Stack: 0 8 8 9 16 18 23 50 118 118 118 118 118 118 118 118 118 118 118 105 202 292 42 
Symbol Stack: declaration declaration type_specifier T_IDENTIFIER T_LEFT_PAREN T_RIGHT_PAREN T_LEFT_BRACE statement statement statement statement statement statement statement statement statement statement statement T_FOR T_LEFT_PAREN opt_expression_stmt simple_expression 
Input Stack: T_SEMICOLON T_IDENTIFIER T_INCREMENT T_RIGHT_PAREN T_LEFT_BRACE T_IDENTIFIER T_ASSIGN T_IDENTIFIER T_PLUS T_IDENTIFIER T_SEMICOLON T_RIGHT_BRACE T_FOR T_LEFT_PAREN T_IDENTIFIER T_ASSIGN T_INTEGER_LITERAL T_SEMICOLON T_IDENTIFIER T_LESS T_INTEGER_LITERAL T_SEMICOLON T_IDENTIFIER T_INCREMENT T_RIGHT_PAREN T_LEFT_BRACE T_IDENTIFIER T_LEFT_SQUARE T_IDENTIFIER T_RIGHT_SQUARE T_ASSIGN T_IDENTIFIER T_SEMICOLON T_RIGHT_BRACE T_IDENTIFIER T_ASSIGN T_NOT T_IDENTIFIER T_SEMICOLON T_IDENTIFIER T_ASSIGN T_IDENTIFIER T_MOD T_INTEGER_LITERAL T_SEMICOLON T_IDENTIFIER T_ASSIGN T_IDENTIFIER T_BITAND T_INTEGER_LITERAL T_SEMICOLON T_IDENTIFIER T_ASSIGN T_IDENTIFIER T_BITOR T_INTEGER_LITERAL T_SEMICOLON T_IDENTIFIER T_ASSIGN T_IDENTIFIER T_BITXOR T_INTEGER_LITERAL T_SEMICOLON T_IDENTIFIER T_ASSIGN T_BITNOT T_IDENTIFIER T_SEMICOLON T_INT T_IDENTIFIER T_ASSIGN T_IDENTIFIER T_LEFT_PAREN T_IDENTIFIER T_COMMA T_IDENTIFIER T_RIGHT_PAREN T_SEMICOLON T_LEFT_BRACE T_INT T_IDENTIFIER T_ASSIGN T_INTEGER_LITERAL T_SEMICOLON T_IDENTIFIER T_ASSIGN T_IDENTIFIER T_PLUS T_INTEGER_LITERAL T_SEMICOLON T_RIGHT_BRACE T_RETURN T_INTEGER_LITERAL T_SEMICOLON T_RIGHT_BRACE T_EOF 

State Stack: 0 8 8 9 16 18 23 50 118 118 118 118 118 118 118 118 118 118 118 105 202 292 382 
Symbol Stack: declaration declaration type_specifier T_IDENTIFIER T_LEFT_PAREN T_RIGHT_PAREN T_LEFT_BRACE statement statement statement statement statement statement statement statement statement statement statement T_FOR T_LEFT_PAREN opt_expression_stmt expression 
Input Stack: T_SEMICOLON T_IDENTIFIER T_INCREMENT T_RIGHT_PAREN T_LEFT_BRACE T_IDENTIFIER T_ASSIGN T_IDENTIFIER T_PLUS T_IDENTIFIER T_SEMICOLON T_RIGHT_BRACE T_FOR T_LEFT_PAREN T_IDENTIFIER T_ASSIGN T_INTEGER_LITERAL T_SEMICOLON T_IDENTIFIER T_LESS T_INTEGER_LITERAL T_SEMICOLON T_IDENTIFIER T_INCREMENT T_RIGHT_PAREN T_LEFT_BRACE T_IDENTIFIER T_LEFT_SQUARE T_IDENTIFIER T_RIGHT_SQUARE T_ASSIGN T_IDENTIFIER T_SEMICOLON T_RIGHT_BRACE T_IDENTIFIER T_ASSIGN T_NOT T_IDENTIFIER T_SEMICOLON T_IDENTIFIER T_ASSIGN T_IDENTIFIER T_MOD T_INTEGER_LITERAL T_SEMICOLON T_IDENTIFIER T_ASSIGN T_IDENTIFIER T_BITAND T_INTEGER_LITERAL T_SEMICOLON T_IDENTIFIER T_ASSIGN T_IDENTIFIER T_BITOR T_INTEGER_LITERAL T_SEMICOLON T_IDENTIFIER T_ASSIGN T_IDENTIFIER T_BITXOR T_INTEGER_LITERAL T_SEMICOLON T_IDENTIFIER T_ASSIGN T_BITNOT T_IDENTIFIER T_SEMICOLON T_INT T_IDENTIFIER T_ASSIGN T_IDENTIFIER T_LEFT_PAREN T_IDENTIFIER T_COMMA T_IDENTIFIER T_RIGHT_PAREN T_SEMICOLON T_LEFT_BRACE T_INT T_IDENTIFIER T_ASSIGN T_INTEGER_LITERAL T_SEMICOLON T_IDENTIFIER T_ASSIGN T_IDENTIFIER T_PLUS T_INTEGER_LITERAL T_SEMICOLON T_RIGHT_BRACE T_RETURN T_INTEGER_LITERAL T_SEMICOLON T_RIGHT_BRACE T_EOF 

State Stack: 0 8 8 9 16 18 23 50 118 118 118 118 118 118 118 118 118 118 118 105 202 292 382 438 
Symbol Stack: declaration declaration type_specifier T_IDENTIFIER T_LEFT_PAREN T_RIGHT_PAREN T_LEFT_BRACE statement statement statement statement statement statement statement statement statement statement statement T_FOR T_LEFT_PAREN opt_expression_stmt expression T_SEMICOLON 
Input Stack: T_IDENTIFIER T_INCREMENT T_RIGHT_PAREN T_LEFT_BRACE T_IDENTIFIER T_ASSIGN T_IDENTIFIER T_PLUS T_IDENTIFIER T_SEMICOLON T_RIGHT_BRACE T_FOR T_LEFT_PAREN T_IDENTIFIER T_ASSIGN T_INTEGER_LITERAL T_SEMICOLON T_IDENTIFIER T_LESS T_INTEGER_LITERAL T_SEMICOLON T_IDENTIFIER T_INCREMENT T_RIGHT_PAREN T_LEFT_BRACE T_IDENTIFIER T_LEFT_SQUARE T_IDENTIFIER T_RIGHT_SQUARE T_ASSIGN T_IDENTIFIER T_SEMICOLON T_RIGHT_BRACE T_IDENTIFIER T_ASSIGN T_NOT T_IDENTIFIER T_SEMICOLON T_IDENTIFIER T_ASSIGN T_IDENTIFIER T_MOD T_INTEGER_LITERAL T_SEMICOLON T_IDENTIFIER T_ASSIGN T_IDENTIFIER T_BITAND T_INTEGER_LITERAL T_SEMICOLON T_IDENTIFIER T_ASSIGN T_IDENTIFIER T_BITOR T_INTEGER_LITERAL T_SEMICOLON T_IDENTIFIER T_ASSIGN T_IDENTIFIER T_BITXOR T_INTEGER_LITERAL T_SEMICOLON T_IDENTIFIER T_ASSIGN T_BITNOT T_IDENTIFIER T_SEMICOLON T_INT T_IDENTIFIER T_ASSIGN T_IDENTIFIER T_LEFT_PAREN T_IDENTIFIER T_COMMA T_IDENTIFIER T_RIGHT_PAREN T_SEMICOLON T_LEFT_BRACE T_INT T_IDENTIFIER T_ASSIGN T_INTEGER_LITERAL T_SEMICOLON T_IDENTIFIER T_ASSIGN T_IDENTIFIER T_PLUS T_INTEGER_LITERAL T_SEMICOLON T_RIGHT_BRACE T_RETURN T_INTEGER_LITERAL T_SEMICOLON T_RIGHT_BRACE T_EOF 

State Stack: 0 8 8 9 16 18 23 50 118 118 118 118 118 118 118 118 118 118 118 105 202 292 384 
Symbol Stack: declaration declaration type_specifier T_IDENTIFIER T_LEFT_PAREN T_RIGHT_PAREN T_LEFT_BRACE statement statement statement statement statement statement statement statement statement statement statement T_FOR T_LEFT_PAREN opt_expression_stmt expression_stmt 
Input Stack: T_IDENTIFIER T_INCREMENT T_RIGHT_PAREN T_LEFT_BRACE T_IDENTIFIER T_ASSIGN T_IDENTIFIER T_PLUS T_IDENTIFIER T_SEMICOLON T_RIGHT_BRACE T_FOR T_LEFT_PAREN T_IDENTIFIER T_ASSIGN T_INTEGER_LITERAL T_SEMICOLON T_IDENTIFIER T_LESS T_INTEGER_LITERAL T_SEMICOLON T_IDENTIFIER T_INCREMENT T_RIGHT_PAREN T_LEFT_BRACE T_IDENTIFIER T_LEFT_SQUARE T_IDENTIFIER T_RIGHT_SQUARE T_ASSIGN T_IDENTIFIER T_SEMICOLON T_RIGHT_BRACE T_IDENTIFIER T_ASSIGN T_NOT T_IDENTIFIER T_SEMICOLON T_IDENTIFIER T_ASSIGN T_IDENTIFIER T_MOD T_INTEGER_LITERAL T_SEMICOLON T_IDENTIFIER T_ASSIGN T_IDENTIFIER T_BITAND T_INTEGER_LITERAL T_SEMICOLON T_IDENTIFIER T_ASSIGN T_IDENTIFIER T_BITOR T_INTEGER_LITERAL T_SEMICOLON T_IDENTIFIER T_ASSIGN T_IDENTIFIER T_BITXOR T_INTEGER_LITERAL T_SEMICOLON T_IDENTIFIER T_ASSIGN T_BITNOT T_IDENTIFIER T_SEMICOLON T_INT T_IDENTIFIER T_ASSIGN T_IDENTIFIER T_LEFT_PAREN T_IDENTIFIER T_COMMA T_IDENTIFIER T_RIGHT_PAREN T_SEMICOLON T_LEFT_BRACE T_INT T_IDENTIFIER T_ASSIGN T_INTEGER_LITERAL T_SEMICOLON T_IDENTIFIER T_ASSIGN T_IDENTIFIER T_PLUS T_INTEGER_LITERAL T_SEMICOLON T_RIGHT_BRACE T_RETURN T_INTEGER_LITERAL T_SEMICOLON T_RIGHT_BRACE T_EOF 

State Stack: 0 8 8 9 16 18 23 50 118 118 118 118 118 118 118 118 118 118 118 105 202 292 383 
Symbol Stack: declaration declaration type_specifier T_IDENTIFIER T_LEFT_PAREN T_RIGHT_PAREN T_LEFT_BRACE statement statement statement statement statement statement statement statement statement statement statement T_FOR T_LEFT_PAREN opt_expression_stmt opt_expression_stmt 
Input Stack: T_IDENTIFIER T_INCREMENT T_RIGHT_PAREN T_LEFT_BRACE T_IDENTIFIER T_ASSIGN T_IDENTIFIER T_PLUS T_IDENTIFIER T_SEMICOLON T_RIGHT_BRACE T_FOR T_LEFT_PAREN T_IDENTIFIER T_ASSIGN T_INTEGER_LITERAL T_SEMICOLON T_IDENTIFIER T_LESS T_INTEGER_LITERAL T_SEMICOLON T_IDENTIFIER T_INCREMENT T_RIGHT_PAREN T_LEFT_BRACE T_IDENTIFIER T_LEFT_SQUARE T_IDENTIFIER T_RIGHT_SQUARE T_ASSIGN T_IDENTIFIER T_SEMICOLON T_RIGHT_BRACE T_IDENTIFIER T_ASSIGN T_NOT T_IDENTIFIER T_SEMICOLON T_IDENTIFIER T_ASSIGN T_IDENTIFIER T_MOD T_INTEGER_LITERAL T_SEMICOLON T_IDENTIFIER T_ASSIGN T_IDENTIFIER T_BITAND T_INTEGER_LITERAL T_SEMICOLON T_IDENTIFIER T_ASSIGN T_IDENTIFIER T_BITOR T_INTEGER_LITERAL T_SEMICOLON T_IDENTIFIER T_ASSIGN T_IDENTIFIER T_BITXOR T_INTEGER_LITERAL T_SEMICOLON T_IDENTIFIER T_ASSIGN T_BITNOT T_IDENTIFIER T_SEMICOLON T_INT T_IDENTIFIER T_ASSIGN T_IDENTIFIER T_LEFT_PAREN T_IDENTIFIER T_COMMA T_IDENTIFIER T_RIGHT_PAREN T_SEMICOLON T_LEFT_BRACE T_INT T_IDENTIFIER T_ASSIGN T_INTEGER_LITERAL T_SEMICOLON T_IDENTIFIER T_ASSIGN T_IDENTIFIER T_PLUS T_INTEGER_LITERAL T_SEMICOLON T_RIGHT_BRACE T_RETURN T_INTEGER_LITERAL T_SEMICOLON T_RIGHT_BRACE T_EOF 

State Stack: 0 8 8 9 16 18 23 50 118 118 118 118 118 118 118 118 118 118 118 105 202 292 383 60 
Symbol Stack: declaration declaration type_specifier T_IDENTIFIER T_LEFT_PAREN T_RIGHT_PAREN T_LEFT_BRACE statement statement statement statement statement statement statement statement statement statement statement T_FOR T_LEFT_PAREN opt_expression_stmt opt_expression_stmt T_IDENTIFIER 
Input Stack: T_INCREMENT T_RIGHT_PAREN T_LEFT_BRACE T_IDENTIFIER T_ASSIGN T_IDENTIFIER T_PLUS T_IDENTIFIER T_SEMICOLON T_RIGHT_BRACE T_FOR T_LEFT_PAREN T_IDENTIFIER T_ASSIGN T_INTEGER_LITERAL T_SEMICOLON T_IDENTIFIER T_LESS T_INTEGER_LITERAL T_SEMICOLON T_IDENTIFIER T_INCREMENT T_RIGHT_PAREN T_LEFT_BRACE T_IDENTIFIER T_LEFT_SQUARE T_IDENTIFIER T_RIGHT_SQUARE T_ASSIGN T_IDENTIFIER T_SEMICOLON T_RIGHT_BRACE T_IDENTIFIER T_ASSIGN T_NOT T_IDENTIFIER T_SEMICOLON T_IDENTIFIER T_ASSIGN T_IDENTIFIER T_MOD T_INTEGER_LITERAL T_SEMICOLON T_IDENTIFIER T_ASSIGN T_IDENTIFIER T_BITAND T_INTEGER_LITERAL T_SEMICOLON T_IDENTIFIER T_ASSIGN T_IDENTIFIER T_BITOR T_INTEGER_LITERAL T_SEMICOLON T_IDENTIFIER T_ASSIGN T_IDENTIFIER T_BITXOR T_INTEGER_LITERAL T_SEMICOLON T_IDENTIFIER T_ASSIGN T_BITNOT T_IDENTIFIER T_SEMICOLON T_INT T_IDENTIFIER T_ASSIGN T_IDENTIFIER T_LEFT_PAREN T_IDENTIFIER T_COMMA T_IDENTIFIER T_RIGHT_PAREN T_SEMICOLON T_LEFT_BRACE T_INT T_IDENTIFIER T_ASSIGN T_INTEGER_LITERAL T_SEMICOLON T_IDENTIFIER T_ASSIGN T_IDENTIFIER T_PLUS T_INTEGER_LITERAL T_SEMICOLON T_RIGHT_BRACE T_RETURN T_INTEGER_LITERAL T_SEMICOLON T_RIGHT_BRACE T_EOF 

State Stack: 0 8 8 9 16 18 23 50 118 118 118 118 118 118 118 118 118 118 118 105 202 292 383 72 
Symbol Stack: declaration declaration type_specifier T_IDENTIFIER T_LEFT_PAREN T_RIGHT_PAREN T_LEFT_BRACE statement statement statement statement statement statement statement statement statement statement statement T_FOR T_LEFT_PAREN opt_expression_stmt opt_expression_stmt var 
Input Stack: T_INCREMENT T_RIGHT_PAREN T_LEFT_BRACE T_IDENTIFIER T_ASSIGN T_IDENTIFIER T_PLUS T_IDENTIFIER T_SEMICOLON T_RIGHT_BRACE T_FOR T_LEFT_PAREN T_IDENTIFIER T_ASSIGN T_INTEGER_LITERAL T_SEMICOLON T_IDENTIFIER T_LESS T_INTEGER_LITERAL T_SEMICOLON T_IDENTIFIER T_INCREMENT T_RIGHT_PAREN T_LEFT_BRACE T_IDENTIFIER T_LEFT_SQUARE T_IDENTIFIER T_RIGHT_SQUARE T_ASSIGN T_IDENTIFIER T_SEMICOLON T_RIGHT_BRACE T_IDENTIFIER T_ASSIGN T_NOT T_IDENTIFIER T_SEMICOLON T_IDENTIFIER T_ASSIGN T_IDENTIFIER T_MOD T_INTEGER_LITERAL T_SEMICOLON T_IDENTIFIER T_ASSIGN T_IDENTIFIER T_BITAND T_INTEGER_LITERAL T_SEMICOLON T_IDENTIFIER T_ASSIGN T_IDENTIFIER T_BITOR T_INTEGER_LITERAL T_SEMICOLON T_IDENTIFIER T_ASSIGN T_IDENTIFIER T_BITXOR T_INTEGER_LITERAL T_SEMICOLON T_IDENTIFIER T_ASSIGN T_BITNOT T_IDENTIFIER T_SEMICOLON T_INT T_IDENTIFIER T_ASSIGN T_IDENTIFIER T_LEFT_PAREN T_IDENTIFIER T_COMMA T_IDENTIFIER T_RIGHT_PAREN T_SEMICOLON T_LEFT_BRACE T_INT T_IDENTIFIER T_ASSIGN T_INTEGER_LITERAL T_SEMICOLON T_IDENTIFIER T_ASSIGN T_IDENTIFIER T_PLUS T_INTEGER_LITERAL T_SEMICOLON T_RIGHT_BRACE T_RETURN T_INTEGER_LITERAL T_SEMICOLON T_RIGHT_BRACE T_EOF 

State Stack: 0 8 8 9 16 18 23 50 118 118 118 118 118 118 118 118 118 118 118 105 202 292 383 72 173 
Symbol Stack: declaration declaration type_specifier T_IDENTIFIER T_LEFT_PAREN T_RIGHT_PAREN T_LEFT_BRACE statement statement statement statement statement statement statement statement statement statement statement T_FOR T_LEFT_PAREN opt_expression_stmt opt_expression_stmt var T_INCREMENT 
Input Stack: T_RIGHT_PAREN T_LEFT_BRACE T_IDENTIFIER T_ASSIGN T_IDENTIFIER T_PLUS T_IDENTIFIER T_SEMICOLON T_RIGHT_BRACE T_FOR T_LEFT_PAREN T_IDENTIFIER T_ASSIGN T_INTEGER_LITERAL T_SEMICOLON T_IDENTIFIER T_LESS T_INTEGER_LITERAL T_SEMICOLON T_IDENTIFIER T_INCREMENT T_RIGHT_PAREN T_LEFT_BRACE T_IDENTIFIER T_LEFT_SQUARE T_IDENTIFIER T_RIGHT_SQUARE T_ASSIGN T_IDENTIFIER T_SEMICOLON T_RIGHT_BRACE T_IDENTIFIER T_ASSIGN T_NOT T_IDENTIFIER T_SEMICOLON T_IDENTIFIER T_ASSIGN T_IDENTIFIER T_MOD T_INTEGER_LITERAL T_SEMICOLON T_IDENTIFIER T_ASSIGN T_IDENTIFIER T_BITAND T_INTEGER_LITERAL T_SEMICOLON T_IDENTIFIER T_ASSIGN T_IDENTIFIER T_BITOR T_INTEGER_LITERAL T_SEMICOLON T_IDENTIFIER T_ASSIGN T_IDENTIFIER T_BITXOR T_INTEGER_LITERAL T_SEMICOLON T_IDENTIFIER T_ASSIGN T_BITNOT T_IDENTIFIER T_SEMICOLON T_INT T_IDENTIFIER T_ASSIGN T_IDENTIFIER T_LEFT_PAREN T_IDENTIFIER T_COMMA T_IDENTIFIER T_RIGHT_PAREN T_SEMICOLON T_LEFT_BRACE T_INT T_IDENTIFIER T_ASSIGN T_INTEGER_LITERAL T_SEMICOLON T_IDENTIFIER T_ASSIGN T_IDENTIFIER T_PLUS T_INTEGER_LITERAL T_SEMICOLON T_RIGHT_BRACE T_RETURN T_INTEGER_LITERAL T_SEMICOLON T_RIGHT_BRACE T_EOF 

State Stack: 0 8 8 9 16 18 23 50 118 118 118 118 118 118 118 118 118 118 118 105 202 292 383 72 174 
Symbol Stack: declaration declaration type_specifier T_IDENTIFIER T_LEFT_PAREN T_RIGHT_PAREN T_LEFT_BRACE statement statement statement statement statement statement statement statement statement statement statement T_FOR T_LEFT_PAREN opt_expression_stmt opt_expression_stmt var inc_dec_operator 
Input Stack: T_RIGHT_PAREN T_LEFT_BRACE T_IDENTIFIER T_ASSIGN T_IDENTIFIER T_PLUS T_IDENTIFIER T_SEMICOLON T_RIGHT_BRACE T_FOR T_LEFT_PAREN T_IDENTIFIER T_ASSIGN T_INTEGER_LITERAL T_SEMICOLON T_IDENTIFIER T_LESS T_INTEGER_LITERAL T_SEMICOLON T_IDENTIFIER T_INCREMENT T_RIGHT_PAREN T_LEFT_BRACE T_IDENTIFIER T_LEFT_SQUARE T_IDENTIFIER T_RIGHT_SQUARE T_ASSIGN T_IDENTIFIER T_SEMICOLON T_RIGHT_BRACE T_IDENTIFIER T_ASSIGN T_NOT T_IDENTIFIER T_SEMICOLON T_IDENTIFIER T_ASSIGN T_IDENTIFIER T_MOD T_INTEGER_LITERAL T_SEMICOLON T_IDENTIFIER T_ASSIGN T_IDENTIFIER T_BITAND T_INTEGER_LITERAL T_SEMICOLON T_IDENTIFIER T_ASSIGN T_IDENTIFIER T_BITOR T_INTEGER_LITERAL T_SEMICOLON T_IDENTIFIER T_ASSIGN T_IDENTIFIER T_BITXOR T_INTEGER_LITERAL T_SEMICOLON T_IDENTIFIER T_ASSIGN T_BITNOT T_IDENTIFIER T_SEMICOLON T_INT T_IDENTIFIER T_ASSIGN T_IDENTIFIER T_LEFT_PAREN T_IDENTIFIER T_COMMA T_IDENTIFIER T_RIGHT_PAREN T_SEMICOLON T_LEFT_BRACE T_INT T_IDENTIFIER T_ASSIGN T_INTEGER_LITERAL T_SEMICOLON T_IDENTIFIER T_ASSIGN T_IDENTIFIER T_PLUS T_INTEGER_LITERAL T_SEMICOLON T_RIGHT_BRACE T_RETURN T_INTEGER_LITERAL T_SEMICOLON T_RIGHT_BRACE T_EOF 

State Stack: 0 8 8 9 16 18 23 50 118 118 118 118 118 118 118 118 118 118 118 105 202 292 383 70 
Symbol Stack: declaration declaration type_specifier T_IDENTIFIER T_LEFT_PAREN T_RIGHT_PAREN T_LEFT_BRACE statement statement statement statement statement statement statement statement statement statement statement T_FOR T_LEFT_PAREN opt_expression_stmt opt_expression_stmt postfix_expression 
Input Stack: T_RIGHT_PAREN T_LEFT_BRACE T_IDENTIFIER T_ASSIGN T_IDENTIFIER T_PLUS T_IDENTIFIER T_SEMICOLON T_RIGHT_BRACE T_FOR T_LEFT_PAREN T_IDENTIFIER T_ASSIGN T_INTEGER_LITERAL T_SEMICOLON T_IDENTIFIER T_LESS T_INTEGER_LITERAL T_SEMICOLON T_IDENTIFIER T_INCREMENT T_RIGHT_PAREN T_LEFT_BRACE T_IDENTIFIER T_LEFT_SQUARE T_IDENTIFIER T_RIGHT_SQUARE T_ASSIGN T_IDENTIFIER T_SEMICOLON T_RIGHT_BRACE T_IDENTIFIER T_ASSIGN T_NOT T_IDENTIFIER T_SEMICOLON T_IDENTIFIER T_ASSIGN T_IDENTIFIER T_MOD T_INTEGER_LITERAL T_SEMICOLON T_IDENTIFIER T_ASSIGN T_IDENTIFIER T_BITAND T_INTEGER_LITERAL T_SEMICOLON T_IDENTIFIER T_ASSIGN T_IDENTIFIER T_BITOR T_INTEGER_LITERAL T_SEMICOLON T_IDENTIFIER T_ASSIGN T_IDENTIFIER T_BITXOR T_INTEGER_LITERAL T_SEMICOLON T_IDENTIFIER T_ASSIGN T_BITNOT T_IDENTIFIER T_SEMICOLON T_INT T_IDENTIFIER T_ASSIGN T_IDENTIFIER T_LEFT_PAREN T_IDENTIFIER T_COMMA T_IDENTIFIER T_RIGHT_PAREN T_SEMICOLON T_LEFT_BRACE T_INT T_IDENTIFIER T_ASSIGN T_INTEGER_LITERAL T_SEMICOLON T_IDENTIFIER T_ASSIGN T_IDENTIFIER T_PLUS T_INTEGER_LITERAL T_SEMICOLON T_RIGHT_BRACE T_RETURN T_INTEGER_LITERAL T_SEMICOLON T_RIGHT_BRACE T_EOF 

State Stack: 0 8 8 9 16 18 23 50 118 118 118 118 118 118 118 118 118 118 118 105 202 292 383 69 
Symbol Stack: declaration declaration type_specifier T_IDENTIFIER T_LEFT_PAREN T_RIGHT_PAREN T_LEFT_BRACE statement statement statement statement statement statement statement statement statement statement statement T_FOR T_LEFT_PAREN opt_expression_stmt opt_expression_stmt term 
Input Stack: T_RIGHT_PAREN T_LEFT_BRACE T_IDENTIFIER T_ASSIGN T_IDENTIFIER T_PLUS T_IDENTIFIER T_SEMICOLON T_RIGHT_BRACE T_FOR T_LEFT_PAREN T_IDENTIFIER T_ASSIGN T_INTEGER_LITERAL T_SEMICOLON T_IDENTIFIER T_LESS T_INTEGER_LITERAL T_SEMICOLON T_IDENTIFIER T_INCREMENT T_RIGHT_PAREN T_LEFT_BRACE T_IDENTIFIER T_LEFT_SQUARE T_IDENTIFIER T_RIGHT_SQUARE T_ASSIGN T_IDENTIFIER T_SEMICOLON T_RIGHT_BRACE T_IDENTIFIER T_ASSIGN T_NOT T_IDENTIFIER T_SEMICOLON T_IDENTIFIER T_ASSIGN T_IDENTIFIER T_MOD T_INTEGER_LITERAL T_SEMICOLON T_IDENTIFIER T_ASSIGN T_IDENTIFIER T_BITAND T_INTEGER_LITERAL T_SEMICOLON T_IDENTIFIER T_ASSIGN T_IDENTIFIER T_BITOR T_INTEGER_LITERAL T_SEMICOLON T_IDENTIFIER T_ASSIGN T_IDENTIFIER T_BITXOR T_INTEGER_LITERAL T_SEMICOLON T_IDENTIFIER T_ASSIGN T_BITNOT T_IDENTIFIER T_SEMICOLON T_INT T_IDENTIFIER T_ASSIGN T_IDENTIFIER T_LEFT_PAREN T_IDENTIFIER T_COMMA T_IDENTIFIER T_RIGHT_PAREN T_SEMICOLON T_LEFT_BRACE T_INT T_IDENTIFIER T_ASSIGN T_INTEGER_LITERAL T_SEMICOLON T_IDENTIFIER T_ASSIGN T_IDENTIFIER T_PLUS T_INTEGER_LITERAL T_SEMICOLON T_RIGHT_BRACE T_RETURN T_INTEGER_LITERAL T_SEMICOLON T_RIGHT_BRACE T_EOF 

State Stack: 0 8 8 9 16 18 23 50 118 118 118 118 118 118 118 118 118 118 118 105 202 292 383 68 
Symbol Stack: declaration declaration type_specifier T_IDENTIFIER T_LEFT_PAREN T_RIGHT_PAREN T_LEFT_BRACE statement statement statement statement statement statement statement statement statement statement statement T_FOR T_LEFT_PAREN opt_expression_stmt opt_expression_stmt additive_expression 
Input Stack: T_RIGHT_PAREN T_LEFT_BRACE T_IDENTIFIER T_ASSIGN T_IDENTIFIER T_PLUS T_IDENTIFIER T_SEMICOLON T_RIGHT_BRACE T_FOR T_LEFT_PAREN T_IDENTIFIER T_ASSIGN T_INTEGER_LITERAL T_SEMICOLON T_IDENTIFIER T_LESS T_INTEGER_LITERAL T_SEMICOLON T_IDENTIFIER T_INCREMENT T_RIGHT_PAREN T_LEFT_BRACE T_IDENTIFIER T_LEFT_SQUARE T_IDENTIFIER T_RIGHT_SQUARE T_ASSIGN T_IDENTIFIER T_SEMICOLON T_RIGHT_BRACE T_IDENTIFIER T_ASSIGN T_NOT T_IDENTIFIER T_SEMICOLON T_IDENTIFIER T_ASSIGN T_IDENTIFIER T_MOD T_INTEGER_LITERAL T_SEMICOLON T_IDENTIFIER T_ASSIGN T_IDENTIFIER T_BITAND T_INTEGER_LITERAL T_SEMICOLON T_IDENTIFIER T_ASSIGN T_IDENTIFIER T_BITOR T_INTEGER_LITERAL T_SEMICOLON T_IDENTIFIER T_ASSIGN T_IDENTIFIER T_BITXOR T_INTEGER_LITERAL T_SEMICOLON T_IDENTIFIER T_ASSIGN T_BITNOT T_IDENTIFIER T_SEMICOLON T_INT T_IDENTIFIER T_ASSIGN T_IDENTIFIER T_LEFT_PAREN T_IDENTIFIER T_COMMA T_IDENTIFIER T_RIGHT_PAREN T_SEMICOLON T_LEFT_BRACE T_INT T_IDENTIFIER T_ASSIGN T_INTEGER_LITERAL T_SEMICOLON T_IDENTIFIER T_ASSIGN T_IDENTIFIER T_PLUS T_INTEGER_LITERAL T_SEMICOLON T_RIGHT_BRACE T_RETURN T_INTEGER_LITERAL T_SEMICOLON T_RIGHT_BRACE T_EOF 

State Stack: 0 8 8 9 16 18 23 50 118 118 118 118 118 118 118 118 118 118 118 105 202 292 383 71 
Symbol Stack: declaration declaration type_specifier T_IDENTIFIER T_LEFT_PAREN T_RIGHT_PAREN T_LEFT_BRACE statement statement statement statement statement statement statement statement statement statement statement T_FOR T_LEFT_PAREN opt_expression_stmt opt_expression_stmt simple_expression 
Input Stack: T_RIGHT_PAREN T_LEFT_BRACE T_IDENTIFIER T_ASSIGN T_IDENTIFIER T_PLUS T_IDENTIFIER T_SEMICOLON T_RIGHT_BRACE T_FOR T_LEFT_PAREN T_IDENTIFIER T_ASSIGN T_INTEGER_LITERAL T_SEMICOLON T_IDENTIFIER T_LESS T_INTEGER_LITERAL T_SEMICOLON T_IDENTIFIER T_INCREMENT T_RIGHT_PAREN T_LEFT_BRACE T_IDENTIFIER T_LEFT_SQUARE T_IDENTIFIER T_RIGHT_SQUARE T_ASSIGN T_IDENTIFIER T_SEMICOLON T_RIGHT_BRACE T_IDENTIFIER T_ASSIGN T_NOT T_IDENTIFIER T_SEMICOLON T_IDENTIFIER T_ASSIGN T_IDENTIFIER T_MOD T_INTEGER_LITERAL T_SEMICOLON T_IDENTIFIER T_ASSIGN T_IDENTIFIER T_BITAND T_INTEGER_LITERAL T_SEMICOLON T_IDENTIFIER T_ASSIGN T_IDENTIFIER T_BITOR T_INTEGER_LITERAL T_SEMICOLON T_IDENTIFIER T_ASSIGN T_IDENTIFIER T_BITXOR T_INTEGER_LITERAL T_SEMICOLON T_IDENTIFIER T_ASSIGN T_BITNOT T_IDENTIFIER T_SEMICOLON T_INT T_IDENTIFIER T_ASSIGN T_IDENTIFIER T_LEFT_PAREN T_IDENTIFIER T_COMMA T_IDENTIFIER T_RIGHT_PAREN T_SEMICOLON T_LEFT_BRACE T_INT T_IDENTIFIER T_ASSIGN T_INTEGER_LITERAL T_SEMICOLON T_IDENTIFIER T_ASSIGN T_IDENTIFIER T_PLUS T_INTEGER_LITERAL T_SEMICOLON T_RIGHT_BRACE T_RETURN T_INTEGER_LITERAL T_SEMICOLON T_RIGHT_BRACE T_EOF 

State Stack: 0 8 8 9 16 18 23 50 118 118 118 118 118 118 118 118 118 118 118 105 202 292 383 439 
Symbol Stack: declaration declaration type_specifier T_IDENTIFIER T_LEFT_PAREN T_RIGHT_PAREN T_LEFT_BRACE statement statement statement statement statement statement statement statement statement statement statement T_FOR T_LEFT_PAREN opt_expression_stmt opt_expression_stmt expression 
Input Stack: T_RIGHT_PAREN T_LEFT_BRACE T_IDENTIFIER T_ASSIGN T_IDENTIFIER T_PLUS T_IDENTIFIER T_SEMICOLON T_RIGHT_BRACE T_FOR T_LEFT_PAREN T_IDENTIFIER T_ASSIGN T_INTEGER_LITERAL T_SEMICOLON T_IDENTIFIER T_LESS T_INTEGER_LITERAL T_SEMICOLON T_IDENTIFIER T_INCREMENT T_RIGHT_PAREN T_LEFT_BRACE T_IDENTIFIER T_LEFT_SQUARE T_IDENTIFIER T_RIGHT_SQUARE T_ASSIGN T_IDENTIFIER T_SEMICOLON T_RIGHT_BRACE T_IDENTIFIER T_ASSIGN T_NOT T_IDENTIFIER T_SEMICOLON T_IDENTIFIER T_ASSIGN T_IDENTIFIER T_MOD T_INTEGER_LITERAL T_SEMICOLON T_IDENTIFIER T_ASSIGN T_IDENTIFIER T_BITAND T_INTEGER_LITERAL T_SEMICOLON T_IDENTIFIER T_ASSIGN T_IDENTIFIER T_BITOR T_INTEGER_LITERAL T_SEMICOLON T_IDENTIFIER T_ASSIGN T_IDENTIFIER T_BITXOR T_INTEGER_LITERAL T_SEMICOLON T_IDENTIFIER T_ASSIGN T_BITNOT T_IDENTIFIER T_SEMICOLON T_INT T_IDENTIFIER T_ASSIGN T_IDENTIFIER T_LEFT_PAREN T_IDENTIFIER T_COMMA T_IDENTIFIER T_RIGHT_PAREN T_SEMICOLON T_LEFT_BRACE T_INT T_IDENTIFIER T_ASSIGN T_INTEGER_LITERAL T_SEMICOLON T_IDENTIFIER T_ASSIGN T_IDENTIFIER T_PLUS T_INTEGER_LITERAL T_SEMICOLON T_RIGHT_BRACE T_RETURN T_INTEGER_LITERAL T_SEMICOLON T_RIGHT_BRACE T_EOF 

State Stack: 0 8 8 9 16 18 23 50 118 118 118 118 118 118 118 118 118 118 118 105 202 292 383 439 479 
Symbol Stack: declaration declaration type_specifier T_IDENTIFIER T_LEFT_PAREN T_RIGHT_PAREN T_LEFT_BRACE statement statement statement statement statement statement statement statement statement statement statement T_FOR T_LEFT_PAREN opt_expression_stmt opt_expression_stmt expression T_RIGHT_PAREN 
Input Stack: T_LEFT_BRACE T_IDENTIFIER T_ASSIGN T_IDENTIFIER T_PLUS T_IDENTIFIER T_SEMICOLON T_RIGHT_BRACE T_FOR T_LEFT_PAREN T_IDENTIFIER T_ASSIGN T_INTEGER_LITERAL T_SEMICOLON T_IDENTIFIER T_LESS T_INTEGER_LITERAL T_SEMICOLON T_IDENTIFIER T_INCREMENT T_RIGHT_PAREN T_LEFT_BRACE T_IDENTIFIER T_LEFT_SQUARE T_IDENTIFIER T_RIGHT_SQUARE T_ASSIGN T_IDENTIFIER T_SEMICOLON T_RIGHT_BRACE T_IDENTIFIER T_ASSIGN T_NOT T_IDENTIFIER T_SEMICOLON T_IDENTIFIER T_ASSIGN T_IDENTIFIER T_MOD T_INTEGER_LITERAL T_SEMICOLON T_IDENTIFIER T_ASSIGN T_IDENTIFIER T_BITAND T_INTEGER_LITERAL T_SEMICOLON T_IDENTIFIER T_ASSIGN T_IDENTIFIER T_BITOR T_INTEGER_LITERAL T_SEMICOLON T_IDENTIFIER T_ASSIGN T_IDENTIFIER T_BITXOR T_INTEGER_LITERAL T_SEMICOLON T_IDENTIFIER T_ASSIGN T_BITNOT T_IDENTIFIER T_SEMICOLON T_INT T_IDENTIFIER T_ASSIGN T_IDENTIFIER T_LEFT_PAREN T_IDENTIFIER T_COMMA T_IDENTIFIER T_RIGHT_PAREN T_SEMICOLON T_LEFT_BRACE T_INT T_IDENTIFIER T_ASSIGN T_INTEGER_LITERAL T_SEMICOLON T_IDENTIFIER T_ASSIGN T_IDENTIFIER T_PLUS T_INTEGER_LITERAL T_SEMICOLON T_RIGHT_BRACE T_RETURN T_INTEGER_LITERAL T_SEMICOLON T_RIGHT_BRACE T_EOF 

State Stack: 0 8 8 9 16 18 23 50 118 118 118 118 118 118 118 118 118 118 118 105 202 292 383 439 479 103 
Symbol Stack: declaration declaration type_specifier T_IDENTIFIER T_LEFT_PAREN T_RIGHT_PAREN T_LEFT_BRACE statement statement statement statement statement statement statement statement statement statement statement T_FOR T_LEFT_PAREN opt_expression_stmt opt_expression_stmt expression T_RIGHT_PAREN T_LEFT_BRACE 
Input Stack: T_IDENTIFIER T_ASSIGN T_IDENTIFIER T_PLUS T_IDENTIFIER T_SEMICOLON T_RIGHT_BRACE T_FOR T_LEFT_PAREN T_IDENTIFIER T_ASSIGN T_INTEGER_LITERAL T_SEMICOLON T_IDENTIFIER T_LESS T_INTEGER_LITERAL T_SEMICOLON T_IDENTIFIER T_INCREMENT T_RIGHT_PAREN T_LEFT_BRACE T_IDENTIFIER T_LEFT_SQUARE T_IDENTIFIER T_RIGHT_SQUARE T_ASSIGN T_IDENTIFIER T_SEMICOLON T_RIGHT_BRACE T_IDENTIFIER T_ASSIGN T_NOT T_IDENTIFIER T_SEMICOLON T_IDENTIFIER T_ASSIGN T_IDENTIFIER T_MOD T_INTEGER_LITERAL T_SEMICOLON T_IDENTIFIER T_ASSIGN T_IDENTIFIER T_BITAND T_INTEGER_LITERAL T_SEMICOLON T_IDENTIFIER T_ASSIGN T_IDENTIFIER T_BITOR T_INTEGER_LITERAL T_SEMICOLON T_IDENTIFIER T_ASSIGN T_IDENTIFIER T_BITXOR T_INTEGER_LITERAL T_SEMICOLON T_IDENTIFIER T_ASSIGN T_BITNOT T_IDENTIFIER T_SEMICOLON T_INT T_IDENTIFIER T_ASSIGN T_IDENTIFIER T_LEFT_PAREN T_IDENTIFIER T_COMMA T_IDENTIFIER T_RIGHT_PAREN T_SEMICOLON T_LEFT_BRACE T_INT T_IDENTIFIER T_ASSIGN T_INTEGER_LITERAL T_SEMICOLON T_IDENTIFIER T_ASSIGN T_IDENTIFIER T_PLUS T_INTEGER_LITERAL T_SEMICOLON T_RIGHT_BRACE T_RETURN T_INTEGER_LITERAL T_SEMICOLON T_RIGHT_BRACE T_EOF 

State Stack: 0 8 8 9 16 18 23 50 118 118 118 118 118 118 118 118 118 118 118 105 202 292 383 439 479 103 29 
Symbol Stack: declaration declaration type_specifier T_IDENTIFIER T_LEFT_PAREN T_RIGHT_PAREN T_LEFT_BRACE statement statement statement statement statement statement statement statement statement statement statement T_FOR T_LEFT_PAREN opt_expression_stmt opt_expression_stmt expression T_RIGHT_PAREN T_LEFT_BRACE T_IDENTIFIER 
Input Stack: T_ASSIGN T_IDENTIFIER T_PLUS T_IDENTIFIER T_SEMICOLON T_RIGHT_BRACE T_FOR T_LEFT_PAREN T_IDENTIFIER T_ASSIGN T_INTEGER_LITERAL T_SEMICOLON T_IDENTIFIER T_LESS T_INTEGER_LITERAL T_SEMICOLON T_IDENTIFIER T_INCREMENT T_RIGHT_PAREN T_LEFT_BRACE T_IDENTIFIER T_LEFT_SQUARE T_IDENTIFIER T_RIGHT_SQUARE T_ASSIGN T_IDENTIFIER T_SEMICOLON T_RIGHT_BRACE T_IDENTIFIER T_ASSIGN T_NOT T_IDENTIFIER T_SEMICOLON T_IDENTIFIER T_ASSIGN T_IDENTIFIER T_MOD T_INTEGER_LITERAL T_SEMICOLON T_IDENTIFIER T_ASSIGN T_IDENTIFIER T_BITAND T_INTEGER_LITERAL T_SEMICOLON T_IDENTIFIER T_ASSIGN T_IDENTIFIER T_BITOR T_INTEGER_LITERAL T_SEMICOLON T_IDENTIFIER T_ASSIGN T_IDENTIFIER T_BITXOR T_INTEGER_LITERAL T_SEMICOLON T_IDENTIFIER T_ASSIGN T_BITNOT T_IDENTIFIER T_SEMICOLON T_INT T_IDENTIFIER T_ASSIGN T_IDENTIFIER T_LEFT_PAREN T_IDENTIFIER T_COMMA T_IDENTIFIER T_RIGHT_PAREN T_SEMICOLON T_LEFT_BRACE T_INT T_IDENTIFIER T_ASSIGN T_INTEGER_LITERAL T_SEMICOLON T_IDENTIFIER T_ASSIGN T_IDENTIFIER T_PLUS T_INTEGER_LITERAL T_SEMICOLON T_RIGHT_BRACE T_RETURN T_INTEGER_LITERAL T_SEMICOLON T_RIGHT_BRACE T_EOF 

State Stack: 0 8 8 9 16 18 23 50 118 118 118 118 118 118 118 118 118 118 118 105 202 292 383 439 479 103 43 
Symbol Stack: declaration declaration type_specifier T_IDENTIFIER T_LEFT_PAREN T_RIGHT_PAREN T_LEFT_BRACE statement statement statement statement statement statement statement statement statement statement statement T_FOR T_LEFT_PAREN opt_expression_stmt opt_expression_stmt expression T_RIGHT_PAREN T_LEFT_BRACE var 
Input Stack: T_ASSIGN T_IDENTIFIER T_PLUS T_IDENTIFIER T_SEMICOLON T_RIGHT_BRACE T_FOR T_LEFT_PAREN T_IDENTIFIER T_ASSIGN T_INTEGER_LITERAL T_SEMICOLON T_IDENTIFIER T_LESS T_INTEGER_LITERAL T_SEMICOLON T_IDENTIFIER T_INCREMENT T_RIGHT_PAREN T_LEFT_BRACE T_IDENTIFIER T_LEFT_SQUARE T_IDENTIFIER T_RIGHT_SQUARE T_ASSIGN T_IDENTIFIER T_SEMICOLON T_RIGHT_BRACE T_IDENTIFIER T_ASSIGN T_NOT T_IDENTIFIER T_SEMICOLON T_IDENTIFIER T_ASSIGN T_IDENTIFIER T_MOD T_INTEGER_LITERAL T_SEMICOLON T_IDENTIFIER T_ASSIGN T_IDENTIFIER T_BITAND T_INTEGER_LITERAL T_SEMICOLON T_IDENTIFIER T_ASSIGN T_IDENTIFIER T_BITOR T_INTEGER_LITERAL T_SEMICOLON T_IDENTIFIER T_ASSIGN T_IDENTIFIER T_BITXOR T_INTEGER_LITERAL T_SEMICOLON T_IDENTIFIER T_ASSIGN T_BITNOT T_IDENTIFIER T_SEMICOLON T_INT T_IDENTIFIER T_ASSIGN T_IDENTIFIER T_LEFT_PAREN T_IDENTIFIER T_COMMA T_IDENTIFIER T_RIGHT_PAREN T_SEMICOLON T_LEFT_BRACE T_INT T_IDENTIFIER T_ASSIGN T_INTEGER_LITERAL T_SEMICOLON T_IDENTIFIER T_ASSIGN T_IDENTIFIER T_PLUS T_INTEGER_LITERAL T_SEMICOLON T_RIGHT_BRACE T_RETURN T_INTEGER_LITERAL T_SEMICOLON T_RIGHT_BRACE T_EOF 

State Stack: 0 8 8 9 16 18 23 50 118 118 118 118 118 118 118 118 118 118 118 105 202 292 383 439 479 103 43 96 
Symbol Stack: declaration declaration type_specifier T_IDENTIFIER T_LEFT_PAREN T_RIGHT_PAREN T_LEFT_BRACE statement statement statement statement statement statement statement statement statement statement statement T_FOR T_LEFT_PAREN opt_expression_stmt opt_expression_stmt expression T_RIGHT_PAREN T_LEFT_BRACE var T_ASSIGN 
Input Stack: T_IDENTIFIER T_PLUS T_IDENTIFIER T_SEMICOLON T_RIGHT_BRACE T_FOR T_LEFT_PAREN T_IDENTIFIER T_ASSIGN T_INTEGER_LITERAL T_SEMICOLON T_IDENTIFIER T_LESS T_INTEGER_LITERAL T_SEMICOLON T_IDENTIFIER T_INCREMENT T_RIGHT_PAREN T_LEFT_BRACE T_IDENTIFIER T_LEFT_SQUARE T_IDENTIFIER T_RIGHT_SQUARE T_ASSIGN T_IDENTIFIER T_SEMICOLON T_RIGHT_BRACE T_IDENTIFIER T_ASSIGN T_NOT T_IDENTIFIER T_SEMICOLON T_IDENTIFIER T_ASSIGN T_IDENTIFIER T_MOD T_INTEGER_LITERAL T_SEMICOLON T_IDENTIFIER T_ASSIGN T_IDENTIFIER T_BITAND T_INTEGER_LITERAL T_SEMICOLON T_IDENTIFIER T_ASSIGN T_IDENTIFIER T_BITOR T_INTEGER_LITERAL T_SEMICOLON T_IDENTIFIER T_ASSIGN T_IDENTIFIER T_BITXOR T_INTEGER_LITERAL T_SEMICOLON T_IDENTIFIER T_ASSIGN T_BITNOT T_IDENTIFIER T_SEMICOLON T_INT T_IDENTIFIER T_ASSIGN T_IDENTIFIER T_LEFT_PAREN T_IDENTIFIER T_COMMA T_IDENTIFIER T_RIGHT_PAREN T_SEMICOLON T_LEFT_BRACE T_INT T_IDENTIFIER T_ASSIGN T_INTEGER_LITERAL T_SEMICOLON T_IDENTIFIER T_ASSIGN T_IDENTIFIER T_PLUS T_INTEGER_LITERAL T_SEMICOLON T_RIGHT_BRACE T_RETURN T_INTEGER_LITERAL T_SEMICOLON T_RIGHT_BRACE T_EOF 

State Stack: 0 8 8 9 16 18 23 50 118 118 118 118 118 118 118 118 118 118 118 105 202 292 383 439 479 103 43 96 29 
Symbol Stack: declaration declaration type_specifier T_IDENTIFIER T_LEFT_PAREN T_RIGHT_PAREN T_LEFT_BRACE statement statement statement statement statement statement statement statement statement statement statement T_FOR T_LEFT_PAREN opt_expression_stmt opt_expression_stmt expression T_RIGHT_PAREN T_LEFT_BRACE var T_ASSIGN T_IDENTIFIER 
Input Stack: T_PLUS T_IDENTIFIER T_SEMICOLON T_RIGHT_BRACE T_FOR T_LEFT_PAREN T_IDENTIFIER T_ASSIGN T_INTEGER_LITERAL T_SEMICOLON T_IDENTIFIER T_LESS T_INTEGER_LITERAL T_SEMICOLON T_IDENTIFIER T_INCREMENT T_RIGHT_PAREN T_LEFT_BRACE T_IDENTIFIER T_LEFT_SQUARE T_IDENTIFIER T_RIGHT_SQUARE T_ASSIGN T_IDENTIFIER T_SEMICOLON T_RIGHT_BRACE T_IDENTIFIER T_ASSIGN T_NOT T_IDENTIFIER T_SEMICOLON T_IDENTIFIER T_ASSIGN T_IDENTIFIER T_MOD T_INTEGER_LITERAL T_SEMICOLON T_IDENTIFIER T_ASSIGN T_IDENTIFIER T_BITAND T_INTEGER_LITERAL T_SEMICOLON T_IDENTIFIER T_ASSIGN T_IDENTIFIER T_BITOR T_INTEGER_LITERAL T_SEMICOLON T_IDENTIFIER T_ASSIGN T_IDENTIFIER T_BITXOR T_INTEGER_LITERAL T_SEMICOLON T_IDENTIFIER T_ASSIGN T_BITNOT T_IDENTIFIER T_SEMICOLON T_INT T_IDENTIFIER T_ASSIGN T_IDENTIFIER T_LEFT_PAREN T_IDENTIFIER T_COMMA T_IDENTIFIER T_RIGHT_PAREN T_SEMICOLON T_LEFT_BRACE T_INT T_IDENTIFIER T_ASSIGN T_INTEGER_LITERAL T_SEMICOLON T_IDENTIFIER T_ASSIGN T_IDENTIFIER T_PLUS T_INTEGER_LITERAL T_SEMICOLON T_RIGHT_BRACE T_RETURN T_INTEGER_LITERAL T_SEMICOLON T_RIGHT_BRACE T_EOF 

State Stack: 0 8 8 9 16 18 23 50 118 118 118 118 118 118 118 118 118 118 118 105 202 292 383 439 479 103 43 96 43 
Symbol Stack: declaration declaration type_specifier T_IDENTIFIER T_LEFT_PAREN T_RIGHT_PAREN T_LEFT_BRACE statement statement statement statement statement statement statement statement statement statement statement T_FOR T_LEFT_PAREN opt_expression_stmt opt_expression_stmt expression T_RIGHT_PAREN T_LEFT_BRACE var T_ASSIGN var 
Input Stack: T_PLUS T_IDENTIFIER T_SEMICOLON T_RIGHT_BRACE T_FOR T_LEFT_PAREN T_IDENTIFIER T_ASSIGN T_INTEGER_LITERAL T_SEMICOLON T_IDENTIFIER T_LESS T_INTEGER_LITERAL T_SEMICOLON T_IDENTIFIER T_INCREMENT T_RIGHT_PAREN T_LEFT_BRACE T_IDENTIFIER T_LEFT_SQUARE T_IDENTIFIER T_RIGHT_SQUARE T_ASSIGN T_IDENTIFIER T_SEMICOLON T_RIGHT_BRACE T_IDENTIFIER T_ASSIGN T_NOT T_IDENTIFIER T_SEMICOLON T_IDENTIFIER T_ASSIGN T_IDENTIFIER T_MOD T_INTEGER_LITERAL T_SEMICOLON T_IDENTIFIER T_ASSIGN T_IDENTIFIER T_BITAND T_INTEGER_LITERAL T_SEMICOLON T_IDENTIFIER T_ASSIGN T_IDENTIFIER T_BITOR T_INTEGER_LITERAL T_SEMICOLON T_IDENTIFIER T_ASSIGN T_IDENTIFIER T_BITXOR T_INTEGER_LITERAL T_SEMICOLON T_IDENTIFIER T_ASSIGN T_BITNOT T_IDENTIFIER T_SEMICOLON T_INT T_IDENTIFIER T_ASSIGN T_IDENTIFIER T_LEFT_PAREN T_IDENTIFIER T_COMMA T_IDENTIFIER T_RIGHT_PAREN T_SEMICOLON T_LEFT_BRACE T_INT T_IDENTIFIER T_ASSIGN T_INTEGER_LITERAL T_SEMICOLON T_IDENTIFIER T_ASSIGN T_IDENTIFIER T_PLUS T_INTEGER_LITERAL T_SEMICOLON T_RIGHT_BRACE T_RETURN T_INTEGER_LITERAL T_SEMICOLON T_RIGHT_BRACE T_EOF 

State Stack: 0 8 8 9 16 18 23 50 118 118 118 118 118 118 118 118 118 118 118 105 202 292 383 439 479 103 43 96 47 
Symbol Stack: declaration declaration type_specifier T_IDENTIFIER T_LEFT_PAREN T_RIGHT_PAREN T_LEFT_BRACE statement statement statement statement statement statement statement statement statement statement statement T_FOR T_LEFT_PAREN opt_expression_stmt opt_expression_stmt expression T_RIGHT_PAREN T_LEFT_BRACE var T_ASSIGN factor 
Input Stack: T_PLUS T_IDENTIFIER T_SEMICOLON T_RIGHT_BRACE T_FOR T_LEFT_PAREN T_IDENTIFIER T_ASSIGN T_INTEGER_LITERAL T_SEMICOLON T_IDENTIFIER T_LESS T_INTEGER_LITERAL T_SEMICOLON T_IDENTIFIER T_INCREMENT T_RIGHT_PAREN T_LEFT_BRACE T_IDENTIFIER T_LEFT_SQUARE T_IDENTIFIER T_RIGHT_SQUARE T_ASSIGN T_IDENTIFIER T_SEMICOLON T_RIGHT_BRACE T_IDENTIFIER T_ASSIGN T_NOT T_IDENTIFIER T_SEMICOLON T_IDENTIFIER T_ASSIGN T_IDENTIFIER T_MOD T_INTEGER_LITERAL T_SEMICOLON T_IDENTIFIER T_ASSIGN T_IDENTIFIER T_BITAND T_INTEGER_LITERAL T_SEMICOLON T_IDENTIFIER T_ASSIGN T_IDENTIFIER T_BITOR T_INTEGER_LITERAL T_SEMICOLON T_IDENTIFIER T_ASSIGN T_IDENTIFIER T_BITXOR T_INTEGER_LITERAL T_SEMICOLON T_IDENTIFIER T_ASSIGN T_BITNOT T_IDENTIFIER T_SEMICOLON T_INT T_IDENTIFIER T_ASSIGN T_IDENTIFIER T_LEFT_PAREN T_IDENTIFIER T_COMMA T_IDENTIFIER T_RIGHT_PAREN T_SEMICOLON T_LEFT_BRACE T_INT T_IDENTIFIER T_ASSIGN T_INTEGER_LITERAL T_SEMICOLON T_IDENTIFIER T_ASSIGN T_IDENTIFIER T_PLUS T_INTEGER_LITERAL T_SEMICOLON T_RIGHT_BRACE T_RETURN T_INTEGER_LITERAL T_SEMICOLON T_RIGHT_BRACE T_EOF 

State Stack: 0 8 8 9 16 18 23 50 118 118 118 118 118 118 118 118 118 118 118 105 202 292 383 439 479 103 43 96 40 
Symbol Stack: declaration declaration type_specifier T_IDENTIFIER T_LEFT_PAREN T_RIGHT_PAREN T_LEFT_BRACE statement statement statement statement statement statement statement statement statement statement statement T_FOR T_LEFT_PAREN opt_expression_stmt opt_expression_stmt expression T_RIGHT_PAREN T_LEFT_BRACE var T_ASSIGN term 
Input Stack: T_PLUS T_IDENTIFIER T_SEMICOLON T_RIGHT_BRACE T_FOR T_LEFT_PAREN T_IDENTIFIER T_ASSIGN T_INTEGER_LITERAL T_SEMICOLON T_IDENTIFIER T_LESS T_INTEGER_LITERAL T_SEMICOLON T_IDENTIFIER T_INCREMENT T_RIGHT_PAREN T_LEFT_BRACE T_IDENTIFIER T_LEFT_SQUARE T_IDENTIFIER T_RIGHT_SQUARE T_ASSIGN T_IDENTIFIER T_SEMICOLON T_RIGHT_BRACE T_IDENTIFIER T_ASSIGN T_NOT T_IDENTIFIER T_SEMICOLON T_IDENTIFIER T_ASSIGN T_IDENTIFIER T_MOD T_INTEGER_LITERAL T_SEMICOLON T_IDENTIFIER T_ASSIGN T_IDENTIFIER T_BITAND T_INTEGER_LITERAL T_SEMICOLON T_IDENTIFIER T_ASSIGN T_IDENTIFIER T_BITOR T_INTEGER_LITERAL T_SEMICOLON T_IDENTIFIER T_ASSIGN T_IDENTIFIER T_BITXOR T_INTEGER_LITERAL T_SEMICOLON T_IDENTIFIER T_ASSIGN T_BITNOT T_IDENTIFIER T_SEMICOLON T_INT T_IDENTIFIER T_ASSIGN T_IDENTIFIER T_LEFT_PAREN T_IDENTIFIER T_COMMA T_IDENTIFIER T_RIGHT_PAREN T_SEMICOLON T_LEFT_BRACE T_INT T_IDENTIFIER T_ASSIGN T_INTEGER_LITERAL T_SEMICOLON T_IDENTIFIER T_ASSIGN T_IDENTIFIER T_PLUS T_INTEGER_LITERAL T_SEMICOLON T_RIGHT_BRACE T_RETURN T_INTEGER_LITERAL T_SEMICOLON T_RIGHT_BRACE T_EOF 

State Stack: 0 8 8 9 16 18 23 50 118 118 118 118 118 118 118 118 118 118 118 105 202 292 383 439 479 103 43 96 39 
Symbol Stack: declaration declaration type_specifier T_IDENTIFIER T_LEFT_PAREN T_RIGHT_PAREN T_LEFT_BRACE statement statement statement statement statement statement statement statement statement statement statement T_FOR T_LEFT_PAREN opt_expression_stmt opt_expression_stmt expression T_RIGHT_PAREN T_LEFT_BRACE var T_ASSIGN additive_expression 
Input Stack: T_PLUS T_IDENTIFIER T_SEMICOLON T_RIGHT_BRACE T_FOR T_LEFT_PAREN T_IDENTIFIER T_ASSIGN T_INTEGER_LITERAL T_SEMICOLON T_IDENTIFIER T_LESS T_INTEGER_LITERAL T_SEMICOLON T_IDENTIFIER T_INCREMENT T_RIGHT_PAREN T_LEFT_BRACE T_IDENTIFIER T_LEFT_SQUARE T_IDENTIFIER T_RIGHT_SQUARE T_ASSIGN T_IDENTIFIER T_SEMICOLON T_RIGHT_BRACE T_IDENTIFIER T_ASSIGN T_NOT T_IDENTIFIER T_SEMICOLON T_IDENTIFIER T_ASSIGN T_IDENTIFIER T_MOD T_INTEGER_LITERAL T_SEMICOLON T_IDENTIFIER T_ASSIGN T_IDENTIFIER T_BITAND T_INTEGER_LITERAL T_SEMICOLON T_IDENTIFIER T_ASSIGN T_IDENTIFIER T_BITOR T_INTEGER_LITERAL T_SEMICOLON T_IDENTIFIER T_ASSIGN T_IDENTIFIER T_BITXOR T_INTEGER_LITERAL T_SEMICOLON T_IDENTIFIER T_ASSIGN T_BITNOT T_IDENTIFIER T_SEMICOLON T_INT T_IDENTIFIER T_ASSIGN T_IDENTIFIER T_LEFT_PAREN T_IDENTIFIER T_COMMA T_IDENTIFIER T_RIGHT_PAREN T_SEMICOLON T_LEFT_BRACE T_INT T_IDENTIFIER T_ASSIGN T_INTEGER_LITERAL T_SEMICOLON T_IDENTIFIER T_ASSIGN T_IDENTIFIER T_PLUS T_INTEGER_LITERAL T_SEMICOLON T_RIGHT_BRACE T_RETURN T_INTEGER_LITERAL T_SEMICOLON T_RIGHT_BRACE T_EOF 

State Stack: 0 8 8 9 16 18 23 50 118 118 118 118 118 118 118 118 118 118 118 105 202 292 383 439 479 103 43 96 39 79 
Symbol Stack: declaration declaration type_specifier T_IDENTIFIER T_LEFT_PAREN T_RIGHT_PAREN T_LEFT_BRACE statement statement statement statement statement statement statement statement statement statement statement T_FOR T_LEFT_PAREN opt_expression_stmt opt_expression_stmt expression T_RIGHT_PAREN T_LEFT_BRACE var T_ASSIGN additive_expression T_PLUS 
Input Stack: T_IDENTIFIER T_SEMICOLON T_RIGHT_BRACE T_FOR T_LEFT_PAREN T_IDENTIFIER T_ASSIGN T_INTEGER_LITERAL T_SEMICOLON T_IDENTIFIER T_LESS T_INTEGER_LITERAL T_SEMICOLON T_IDENTIFIER T_INCREMENT T_RIGHT_PAREN T_LEFT_BRACE T_IDENTIFIER T_LEFT_SQUARE T_IDENTIFIER T_RIGHT_SQUARE T_ASSIGN T_IDENTIFIER T_SEMICOLON T_RIGHT_BRACE T_IDENTIFIER T_ASSIGN T_NOT T_IDENTIFIER T_SEMICOLON T_IDENTIFIER T_ASSIGN T_IDENTIFIER T_MOD T_INTEGER_LITERAL T_SEMICOLON T_IDENTIFIER T_ASSIGN T_IDENTIFIER T_BITAND T_INTEGER_LITERAL T_SEMICOLON T_IDENTIFIER T_ASSIGN T_IDENTIFIER T_BITOR T_INTEGER_LITERAL T_SEMICOLON T_IDENTIFIER T_ASSIGN T_IDENTIFIER T_BITXOR T_INTEGER_LITERAL T_SEMICOLON T_IDENTIFIER T_ASSIGN T_BITNOT T_IDENTIFIER T_SEMICOLON T_INT T_IDENTIFIER T_ASSIGN T_IDENTIFIER T_LEFT_PAREN T_IDENTIFIER T_COMMA T_IDENTIFIER T_RIGHT_PAREN T_SEMICOLON T_LEFT_BRACE T_INT T_IDENTIFIER T_ASSIGN T_INTEGER_LITERAL T_SEMICOLON T_IDENTIFIER T_ASSIGN T_IDENTIFIER T_PLUS T_INTEGER_LITERAL T_SEMICOLON T_RIGHT_BRACE T_RETURN T_INTEGER_LITERAL T_SEMICOLON T_RIGHT_BRACE T_EOF 

State Stack: 0 8 8 9 16 18 23 50 118 118 118 118 118 118 118 118 118 118 118 105 202 292 383 439 479 103 43 96 39 85 
Symbol Stack: declaration declaration type_specifier T_IDENTIFIER T_LEFT_PAREN T_RIGHT_PAREN T_LEFT_BRACE statement statement statement statement statement statement statement statement statement statement statement T_FOR T_LEFT_PAREN opt_expression_stmt opt_expression_stmt expression T_RIGHT_PAREN T_LEFT_BRACE var T_ASSIGN additive_expression addop 
Input Stack: T_IDENTIFIER T_SEMICOLON T_RIGHT_BRACE T_FOR T_LEFT_PAREN T_IDENTIFIER T_ASSIGN T_INTEGER_LITERAL T_SEMICOLON T_IDENTIFIER T_LESS T_INTEGER_LITERAL T_SEMICOLON T_IDENTIFIER T_INCREMENT T_RIGHT_PAREN T_LEFT_BRACE T_IDENTIFIER T_LEFT_SQUARE T_IDENTIFIER T_RIGHT_SQUARE T_ASSIGN T_IDENTIFIER T_SEMICOLON T_RIGHT_BRACE T_IDENTIFIER T_ASSIGN T_NOT T_IDENTIFIER T_SEMICOLON T_IDENTIFIER T_ASSIGN T_IDENTIFIER T_MOD T_INTEGER_LITERAL T_SEMICOLON T_IDENTIFIER T_ASSIGN T_IDENTIFIER T_BITAND T_INTEGER_LITERAL T_SEMICOLON T_IDENTIFIER T_ASSIGN T_IDENTIFIER T_BITOR T_INTEGER_LITERAL T_SEMICOLON T_IDENTIFIER T_ASSIGN T_IDENTIFIER T_BITXOR T_INTEGER_LITERAL T_SEMICOLON T_IDENTIFIER T_ASSIGN T_BITNOT T_IDENTIFIER T_SEMICOLON T_INT T_IDENTIFIER T_ASSIGN T_IDENTIFIER T_LEFT_PAREN T_IDENTIFIER T_COMMA T_IDENTIFIER T_RIGHT_PAREN T_SEMICOLON T_LEFT_BRACE T_INT T_IDENTIFIER T_ASSIGN T_INTEGER_LITERAL T_SEMICOLON T_IDENTIFIER T_ASSIGN T_IDENTIFIER T_PLUS T_INTEGER_LITERAL T_SEMICOLON T_RIGHT_BRACE T_RETURN T_INTEGER_LITERAL T_SEMICOLON T_RIGHT_BRACE T_EOF 

State Stack: 0 8 8 9 16 18 23 50 118 118 118 118 118 118 118 118 118 118 118 105 202 292 383 439 479 103 43 96 39 85 178 
Symbol Stack: declaration declaration type_specifier T_IDENTIFIER T_LEFT_PAREN T_RIGHT_PAREN T_LEFT_BRACE statement statement statement statement statement statement statement statement statement statement statement T_FOR T_LEFT_PAREN opt_expression_stmt opt_expression_stmt expression T_RIGHT_PAREN T_LEFT_BRACE var T_ASSIGN additive_expression addop T_IDENTIFIER 
Input Stack: T_SEMICOLON T_RIGHT_BRACE T_FOR T_LEFT_PAREN T_IDENTIFIER T_ASSIGN T_INTEGER_LITERAL T_SEMICOLON T_IDENTIFIER T_LESS T_INTEGER_LITERAL T_SEMICOLON T_IDENTIFIER T_INCREMENT T_RIGHT_PAREN T_LEFT_BRACE T_IDENTIFIER T_LEFT_SQUARE T_IDENTIFIER T_RIGHT_SQUARE T_ASSIGN T_IDENTIFIER T_SEMICOLON T_RIGHT_BRACE T_IDENTIFIER T_ASSIGN T_NOT T_IDENTIFIER T_SEMICOLON T_IDENTIFIER T_ASSIGN T_IDENTIFIER T_MOD T_INTEGER_LITERAL T_SEMICOLON T_IDENTIFIER T_ASSIGN T_IDENTIFIER T_BITAND T_INTEGER_LITERAL T_SEMICOLON T_IDENTIFIER T_ASSIGN T_IDENTIFIER T_BITOR T_INTEGER_LITERAL T_SEMICOLON T_IDENTIFIER T_ASSIGN T_IDENTIFIER T_BITXOR T_INTEGER_LITERAL T_SEMICOLON T_IDENTIFIER T_ASSIGN T_BITNOT T_IDENTIFIER T_SEMICOLON T_INT T_IDENTIFIER T_ASSIGN T_IDENTIFIER T_LEFT_PAREN T_IDENTIFIER T_COMMA T_IDENTIFIER T_RIGHT_PAREN T_SEMICOLON T_LEFT_BRACE T_INT T_IDENTIFIER T_ASSIGN T_INTEGER_LITERAL T_SEMICOLON T_IDENTIFIER T_ASSIGN T_IDENTIFIER T_PLUS T_INTEGER_LITERAL T_SEMICOLON T_RIGHT_BRACE T_RETURN T_INTEGER_LITERAL T_SEMICOLON T_RIGHT_BRACE T_EOF 

State Stack: 0 8 8 9 16 18 23 50 118 118 118 118 118 118 118 118 118 118 118 105 202 292 383 439 479 103 43 96 39 85 180 
Symbol Stack: declaration declaration type_specifier T_IDENTIFIER T_LEFT_PAREN T_RIGHT_PAREN T_LEFT_BRACE statement statement statement statement statement statement statement statement statement statement statement T_FOR T_LEFT_PAREN opt_expression_stmt opt_expression_stmt expression T_RIGHT_PAREN T_LEFT_BRACE var T_ASSIGN additive_expression addop var 
Input Stack: T_SEMICOLON T_RIGHT_BRACE T_FOR T_LEFT_PAREN T_IDENTIFIER T_ASSIGN T_INTEGER_LITERAL T_SEMICOLON T_IDENTIFIER T_LESS T_INTEGER_LITERAL T_SEMICOLON T_IDENTIFIER T_INCREMENT T_RIGHT_PAREN T_LEFT_BRACE T_IDENTIFIER T_LEFT_SQUARE T_IDENTIFIER T_RIGHT_SQUARE T_ASSIGN T_IDENTIFIER T_SEMICOLON T_RIGHT_BRACE T_IDENTIFIER T_ASSIGN T_NOT T_IDENTIFIER T_SEMICOLON T_IDENTIFIER T_ASSIGN T_IDENTIFIER T_MOD T_INTEGER_LITERAL T_SEMICOLON T_IDENTIFIER T_ASSIGN T_IDENTIFIER T_BITAND T_INTEGER_LITERAL T_SEMICOLON T_IDENTIFIER T_ASSIGN T_IDENTIFIER T_BITOR T_INTEGER_LITERAL T_SEMICOLON T_IDENTIFIER T_ASSIGN T_IDENTIFIER T_BITXOR T_INTEGER_LITERAL T_SEMICOLON T_IDENTIFIER T_ASSIGN T_BITNOT T_IDENTIFIER T_SEMICOLON T_INT T_IDENTIFIER T_ASSIGN T_IDENTIFIER T_LEFT_PAREN T_IDENTIFIER T_COMMA T_IDENTIFIER T_RIGHT_PAREN T_SEMICOLON T_LEFT_BRACE T_INT T_IDENTIFIER T_ASSIGN T_INTEGER_LITERAL T_SEMICOLON T_IDENTIFIER T_ASSIGN T_IDENTIFIER T_PLUS T_INTEGER_LITERAL T_SEMICOLON T_RIGHT_BRACE T_RETURN T_INTEGER_LITERAL T_SEMICOLON T_RIGHT_BRACE T_EOF 

State Stack: 0 8 8 9 16 18 23 50 118 118 118 118 118 118 118 118 118 118 118 105 202 292 383 439 479 103 43 96 39 85 47 
Symbol Stack: declaration declaration type_specifier T_IDENTIFIER T_LEFT_PAREN T_RIGHT_PAREN T_LEFT_BRACE statement statement statement statement statement statement statement statement statement statement statement T_FOR T_LEFT_PAREN opt_expression_stmt opt_expression_stmt expression T_RIGHT_PAREN T_LEFT_BRACE var T_ASSIGN additive_expression addop factor 
Input Stack: T_SEMICOLON T_RIGHT_BRACE T_FOR T_LEFT_PAREN T_IDENTIFIER T_ASSIGN T_INTEGER_LITERAL T_SEMICOLON T_IDENTIFIER T_LESS T_INTEGER_LITERAL T_SEMICOLON T_IDENTIFIER T_INCREMENT T_RIGHT_PAREN T_LEFT_BRACE T_IDENTIFIER T_LEFT_SQUARE T_IDENTIFIER T_RIGHT_SQUARE T_ASSIGN T_IDENTIFIER T_SEMICOLON T_RIGHT_BRACE T_IDENTIFIER T_ASSIGN T_NOT T_IDENTIFIER T_SEMICOLON T_IDENTIFIER T_ASSIGN T_IDENTIFIER T_MOD T_INTEGER_LITERAL T_SEMICOLON T_IDENTIFIER T_ASSIGN T_IDENTIFIER T_BITAND T_INTEGER_LITERAL T_SEMICOLON T_IDENTIFIER T_ASSIGN T_IDENTIFIER T_BITOR T_INTEGER_LITERAL T_SEMICOLON T_IDENTIFIER T_ASSIGN T_IDENTIFIER T_BITXOR T_INTEGER_LITERAL T_SEMICOLON T_IDENTIFIER T_ASSIGN T_BITNOT T_IDENTIFIER T_SEMICOLON T_INT T_IDENTIFIER T_ASSIGN T_IDENTIFIER T_LEFT_PAREN T_IDENTIFIER T_COMMA T_IDENTIFIER T_RIGHT_PAREN T_SEMICOLON T_LEFT_BRACE T_INT T_IDENTIFIER T_ASSIGN T_INTEGER_LITERAL T_SEMICOLON T_IDENTIFIER T_ASSIGN T_IDENTIFIER T_PLUS T_INTEGER_LITERAL T_SEMICOLON T_RIGHT_BRACE T_RETURN T_INTEGER_LITERAL T_SEMICOLON T_RIGHT_BRACE T_EOF 

State Stack: 0 8 8 9 16 18 23 50 118 118 118 118 118 118 118 118 118 118 118 105 202 292 383 439 479 103 43 96 39 85 179 
Symbol Stack: declaration declaration type_specifier T_IDENTIFIER T_LEFT_PAREN T_RIGHT_PAREN T_LEFT_BRACE statement statement statement statement statement statement statement statement statement statement statement T_FOR T_LEFT_PAREN opt_expression_stmt opt_expression_stmt expression T_RIGHT_PAREN T_LEFT_BRACE var T_ASSIGN additive_expression addop term 
Input Stack: T_SEMICOLON T_RIGHT_BRACE T_FOR T_LEFT_PAREN T_IDENTIFIER T_ASSIGN T_INTEGER_LITERAL T_SEMICOLON T_IDENTIFIER T_LESS T_INTEGER_LITERAL T_SEMICOLON T_IDENTIFIER T_INCREMENT T_RIGHT_PAREN T_LEFT_BRACE T_IDENTIFIER T_LEFT_SQUARE T_IDENTIFIER T_RIGHT_SQUARE T_ASSIGN T_IDENTIFIER T_SEMICOLON T_RIGHT_BRACE T_IDENTIFIER T_ASSIGN T_NOT T_IDENTIFIER T_SEMICOLON T_IDENTIFIER T_ASSIGN T_IDENTIFIER T_MOD T_INTEGER_LITERAL T_SEMICOLON T_IDENTIFIER T_ASSIGN T_IDENTIFIER T_BITAND T_INTEGER_LITERAL T_SEMICOLON T_IDENTIFIER T_ASSIGN T_IDENTIFIER T_BITOR T_INTEGER_LITERAL T_SEMICOLON T_IDENTIFIER T_ASSIGN T_IDENTIFIER T_BITXOR T_INTEGER_LITERAL T_SEMICOLON T_IDENTIFIER T_ASSIGN T_BITNOT T_IDENTIFIER T_SEMICOLON T_INT T_IDENTIFIER T_ASSIGN T_IDENTIFIER T_LEFT_PAREN T_IDENTIFIER T_COMMA T_IDENTIFIER T_RIGHT_PAREN T_SEMICOLON T_LEFT_BRACE T_INT T_IDENTIFIER T_ASSIGN T_INTEGER_LITERAL T_SEMICOLON T_IDENTIFIER T_ASSIGN T_IDENTIFIER T_PLUS T_INTEGER_LITERAL T_SEMICOLON T_RIGHT_BRACE T_RETURN T_INTEGER_LITERAL T_SEMICOLON T_RIGHT_BRACE T_EOF 

State Stack: 0 8 8 9 16 18 23 50 118 118 118 118 118 118 118 118 118 118 118 105 202 292 383 439 479 103 43 96 39 
Symbol Stack: declaration declaration type_specifier T_IDENTIFIER T_LEFT_PAREN T_RIGHT_PAREN T_LEFT_BRACE statement statement statement statement statement statement statement statement statement statement statement T_FOR T_LEFT_PAREN opt_expression_stmt opt_expression_stmt expression T_RIGHT_PAREN T_LEFT_BRACE var T_ASSIGN additive_expression 
Input Stack: T_SEMICOLON T_RIGHT_BRACE T_FOR T_LEFT_PAREN T_IDENTIFIER T_ASSIGN T_INTEGER_LITERAL T_SEMICOLON T_IDENTIFIER T_LESS T_INTEGER_LITERAL T_SEMICOLON T_IDENTIFIER T_INCREMENT T_RIGHT_PAREN T_LEFT_BRACE T_IDENTIFIER T_LEFT_SQUARE T_IDENTIFIER T_RIGHT_SQUARE T_ASSIGN T_IDENTIFIER T_SEMICOLON T_RIGHT_BRACE T_IDENTIFIER T_ASSIGN T_NOT T_IDENTIFIER T_SEMICOLON T_IDENTIFIER T_ASSIGN T_IDENTIFIER T_MOD T_INTEGER_LITERAL T_SEMICOLON T_IDENTIFIER T_ASSIGN T_IDENTIFIER T_BITAND T_INTEGER_LITERAL T_SEMICOLON T_IDENTIFIER T_ASSIGN T_IDENTIFIER T_BITOR T_INTEGER_LITERAL T_SEMICOLON T_IDENTIFIER T_ASSIGN T_IDENTIFIER T_BITXOR T_INTEGER_LITERAL T_SEMICOLON T_IDENTIFIER T_ASSIGN T_BITNOT T_IDENTIFIER T_SEMICOLON T_INT T_IDENTIFIER T_ASSIGN T_IDENTIFIER T_LEFT_PAREN T_IDENTIFIER T_COMMA T_IDENTIFIER T_RIGHT_PAREN T_SEMICOLON T_LEFT_BRACE T_INT T_IDENTIFIER T_ASSIGN T_INTEGER_LITERAL T_SEMICOLON T_IDENTIFIER T_ASSIGN T_IDENTIFIER T_PLUS T_INTEGER_LITERAL T_SEMICOLON T_RIGHT_BRACE T_RETURN T_INTEGER_LITERAL T_SEMICOLON T_RIGHT_BRACE T_EOF 

State Stack: 0 8 8 9 16 18 23 50 118 118 118 118 118 118 118 118 118 118 118 105 202 292 383 439 479 103 43 96 42 
Symbol Stack: declaration declaration type_specifier T_IDENTIFIER T_LEFT_PAREN T_RIGHT_PAREN T_LEFT_BRACE statement statement statement statement statement statement statement statement statement statement statement T_FOR T_LEFT_PAREN opt_expression_stmt opt_expression_stmt expression T_RIGHT_PAREN T_LEFT_BRACE var T_ASSIGN simple_expression 
Input Stack: T_SEMICOLON T_RIGHT_BRACE T_FOR T_LEFT_PAREN T_IDENTIFIER T_ASSIGN T_INTEGER_LITERAL T_SEMICOLON T_IDENTIFIER T_LESS T_INTEGER_LITERAL T_SEMICOLON T_IDENTIFIER T_INCREMENT T_RIGHT_PAREN T_LEFT_BRACE T_IDENTIFIER T_LEFT_SQUARE T_IDENTIFIER T_RIGHT_SQUARE T_ASSIGN T_IDENTIFIER T_SEMICOLON T_RIGHT_BRACE T_IDENTIFIER T_ASSIGN T_NOT T_IDENTIFIER T_SEMICOLON T_IDENTIFIER T_ASSIGN T_IDENTIFIER T_MOD T_INTEGER_LITERAL T_SEMICOLON T_IDENTIFIER T_ASSIGN T_IDENTIFIER T_BITAND T_INTEGER_LITERAL T_SEMICOLON T_IDENTIFIER T_ASSIGN T_IDENTIFIER T_BITOR T_INTEGER_LITERAL T_SEMICOLON T_IDENTIFIER T_ASSIGN T_IDENTIFIER T_BITXOR T_INTEGER_LITERAL T_SEMICOLON T_IDENTIFIER T_ASSIGN T_BITNOT T_IDENTIFIER T_SEMICOLON T_INT T_IDENTIFIER T_ASSIGN T_IDENTIFIER T_LEFT_PAREN T_IDENTIFIER T_COMMA T_IDENTIFIER T_RIGHT_PAREN T_SEMICOLON T_LEFT_BRACE T_INT T_IDENTIFIER T_ASSIGN T_INTEGER_LITERAL T_SEMICOLON T_IDENTIFIER T_ASSIGN T_IDENTIFIER T_PLUS T_INTEGER_LITERAL T_SEMICOLON T_RIGHT_BRACE T_RETURN T_INTEGER_LITERAL T_SEMICOLON T_RIGHT_BRACE T_EOF 

State Stack: 0 8 8 9 16 18 23 50 118 118 118 118 118 118 118 118 118 118 118 105 202 292 383 439 479 103 43 96 198 
Symbol Stack: declaration declaration type_specifier T_IDENTIFIER T_LEFT_PAREN T_RIGHT_PAREN T_LEFT_BRACE statement statement statement statement statement statement statement statement statement statement statement T_FOR T_LEFT_PAREN opt_expression_stmt opt_expression_stmt expression T_RIGHT_PAREN T_LEFT_BRACE var T_ASSIGN expression 
Input Stack: T_SEMICOLON T_RIGHT_BRACE T_FOR T_LEFT_PAREN T_IDENTIFIER T_ASSIGN T_INTEGER_LITERAL T_SEMICOLON T_IDENTIFIER T_LESS T_INTEGER_LITERAL T_SEMICOLON T_IDENTIFIER T_INCREMENT T_RIGHT_PAREN T_LEFT_BRACE T_IDENTIFIER T_LEFT_SQUARE T_IDENTIFIER T_RIGHT_SQUARE T_ASSIGN T_IDENTIFIER T_SEMICOLON T_RIGHT_BRACE T_IDENTIFIER T_ASSIGN T_NOT T_IDENTIFIER T_SEMICOLON T_IDENTIFIER T_ASSIGN T_IDENTIFIER T_MOD T_INTEGER_LITERAL T_SEMICOLON T_IDENTIFIER T_ASSIGN T_IDENTIFIER T_BITAND T_INTEGER_LITERAL T_SEMICOLON T_IDENTIFIER T_ASSIGN T_IDENTIFIER T_BITOR T_INTEGER_LITERAL T_SEMICOLON T_IDENTIFIER T_ASSIGN T_IDENTIFIER T_BITXOR T_INTEGER_LITERAL T_SEMICOLON T_IDENTIFIER T_ASSIGN T_BITNOT T_IDENTIFIER T_SEMICOLON T_INT T_IDENTIFIER T_ASSIGN T_IDENTIFIER T_LEFT_PAREN T_IDENTIFIER T_COMMA T_IDENTIFIER T_RIGHT_PAREN T_SEMICOLON T_LEFT_BRACE T_INT T_IDENTIFIER T_ASSIGN T_INTEGER_LITERAL T_SEMICOLON T_IDENTIFIER T_ASSIGN T_IDENTIFIER T_PLUS T_INTEGER_LITERAL T_SEMICOLON T_RIGHT_BRACE T_RETURN T_INTEGER_LITERAL T_SEMICOLON T_RIGHT_BRACE T_EOF 

State Stack: 0 8 8 9 16 18 23 50 118 118 118 118 118 118 118 118 118 118 118 105 202 292 383 439 479 103 111 
Symbol Stack: declaration declaration type_specifier T_IDENTIFIER T_LEFT_PAREN T_RIGHT_PAREN T_LEFT_BRACE statement statement statement statement statement statement statement statement statement statement statement T_FOR T_LEFT_PAREN opt_expression_stmt opt_expression_stmt expression T_RIGHT_PAREN T_LEFT_BRACE expression 
Input Stack: T_SEMICOLON T_RIGHT_BRACE T_FOR T_LEFT_PAREN T_IDENTIFIER T_ASSIGN T_INTEGER_LITERAL T_SEMICOLON T_IDENTIFIER T_LESS T_INTEGER_LITERAL T_SEMICOLON T_IDENTIFIER T_INCREMENT T_RIGHT_PAREN T_LEFT_BRACE T_IDENTIFIER T_LEFT_SQUARE T_IDENTIFIER T_RIGHT_SQUARE T_ASSIGN T_IDENTIFIER T_SEMICOLON T_RIGHT_BRACE T_IDENTIFIER T_ASSIGN T_NOT T_IDENTIFIER T_SEMICOLON T_IDENTIFIER T_ASSIGN T_IDENTIFIER T_MOD T_INTEGER_LITERAL T_SEMICOLON T_IDENTIFIER T_ASSIGN T_IDENTIFIER T_BITAND T_INTEGER_LITERAL T_SEMICOLON T_IDENTIFIER T_ASSIGN T_IDENTIFIER T_BITOR T_INTEGER_LITERAL T_SEMICOLON T_IDENTIFIER T_ASSIGN T_IDENTIFIER T_BITXOR T_INTEGER_LITERAL T_SEMICOLON T_IDENTIFIER T_ASSIGN T_BITNOT T_IDENTIFIER T_SEMICOLON T_INT T_IDENTIFIER T_ASSIGN T_IDENTIFIER T_LEFT_PAREN T_IDENTIFIER T_COMMA T_IDENTIFIER T_RIGHT_PAREN T_SEMICOLON T_LEFT_BRACE T_INT T_IDENTIFIER T_ASSIGN T_INTEGER_LITERAL T_SEMICOLON T_IDENTIFIER T_ASSIGN T_IDENTIFIER T_PLUS T_INTEGER_LITERAL T_SEMICOLON T_RIGHT_BRACE T_RETURN T_INTEGER_LITERAL T_SEMICOLON T_RIGHT_BRACE T_EOF 

State Stack: 0 8 8 9 16 18 23 50 118 118 118 118 118 118 118 118 118 118 118 105 202 292 383 439 479 103 111 208 
Symbol Stack: declaration declaration type_specifier T_IDENTIFIER T_LEFT_PAREN T_RIGHT_PAREN T_LEFT_BRACE statement statement statement statement statement statement statement statement statement statement statement T_FOR T_LEFT_PAREN opt_expression_stmt opt_expression_stmt expression T_RIGHT_PAREN T_LEFT_BRACE expression T_SEMICOLON 
Input Stack: T_RIGHT_BRACE T_FOR T_LEFT_PAREN T_IDENTIFIER T_ASSIGN T_INTEGER_LITERAL T_SEMICOLON T_IDENTIFIER T_LESS T_INTEGER_LITERAL T_SEMICOLON T_IDENTIFIER T_INCREMENT T_RIGHT_PAREN T_LEFT_BRACE T_IDENTIFIER T_LEFT_SQUARE T_IDENTIFIER T_RIGHT_SQUARE T_ASSIGN T_IDENTIFIER T_SEMICOLON T_RIGHT_BRACE T_IDENTIFIER T_ASSIGN T_NOT T_IDENTIFIER T_SEMICOLON T_IDENTIFIER T_ASSIGN T_IDENTIFIER T_MOD T_INTEGER_LITERAL T_SEMICOLON T_IDENTIFIER T_ASSIGN T_IDENTIFIER T_BITAND T_INTEGER_LITERAL T_SEMICOLON T_IDENTIFIER T_ASSIGN T_IDENTIFIER T_BITOR T_INTEGER_LITERAL T_SEMICOLON T_IDENTIFIER T_ASSIGN T_IDENTIFIER T_BITXOR T_INTEGER_LITERAL T_SEMICOLON T_IDENTIFIER T_ASSIGN T_BITNOT T_IDENTIFIER T_SEMICOLON T_INT T_IDENTIFIER T_ASSIGN T_IDENTIFIER T_LEFT_PAREN T_IDENTIFIER T_COMMA T_IDENTIFIER T_RIGHT_PAREN T_SEMICOLON T_LEFT_BRACE T_INT T_IDENTIFIER T_ASSIGN T_INTEGER_LITERAL T_SEMICOLON T_IDENTIFIER T_ASSIGN T_IDENTIFIER T_PLUS T_INTEGER_LITERAL T_SEMICOLON T_RIGHT_BRACE T_RETURN T_INTEGER_LITERAL T_SEMICOLON T_RIGHT_BRACE T_EOF 

State Stack: 0 8 8 9 16 18 23 50 118 118 118 118 118 118 118 118 118 118 118 105 202 292 383 439 479 103 113 
Symbol Stack: declaration declaration type_specifier T_IDENTIFIER T_LEFT_PAREN T_RIGHT_PAREN T_LEFT_BRACE statement statement statement statement statement statement statement statement statement statement statement T_FOR T_LEFT_PAREN opt_expression_stmt opt_expression_stmt expression T_RIGHT_PAREN T_LEFT_BRACE expression_stmt 
Input Stack: T_RIGHT_BRACE T_FOR T_LEFT_PAREN T_IDENTIFIER T_ASSIGN T_INTEGER_LITERAL T_SEMICOLON T_IDENTIFIER T_LESS T_INTEGER_LITERAL T_SEMICOLON T_IDENTIFIER T_INCREMENT T_RIGHT_PAREN T_LEFT_BRACE T_IDENTIFIER T_LEFT_SQUARE T_IDENTIFIER T_RIGHT_SQUARE T_ASSIGN T_IDENTIFIER T_SEMICOLON T_RIGHT_BRACE T_IDENTIFIER T_ASSIGN T_NOT T_IDENTIFIER T_SEMICOLON T_IDENTIFIER T_ASSIGN T_IDENTIFIER T_MOD T_INTEGER_LITERAL T_SEMICOLON T_IDENTIFIER T_ASSIGN T_IDENTIFIER T_BITAND T_INTEGER_LITERAL T_SEMICOLON T_IDENTIFIER T_ASSIGN T_IDENTIFIER T_BITOR T_INTEGER_LITERAL T_SEMICOLON T_IDENTIFIER T_ASSIGN T_IDENTIFIER T_BITXOR T_INTEGER_LITERAL T_SEMICOLON T_IDENTIFIER T_ASSIGN T_BITNOT T_IDENTIFIER T_SEMICOLON T_INT T_IDENTIFIER T_ASSIGN T_IDENTIFIER T_LEFT_PAREN T_IDENTIFIER T_COMMA T_IDENTIFIER T_RIGHT_PAREN T_SEMICOLON T_LEFT_BRACE T_INT T_IDENTIFIER T_ASSIGN T_INTEGER_LITERAL T_SEMICOLON T_IDENTIFIER T_ASSIGN T_IDENTIFIER T_PLUS T_INTEGER_LITERAL T_SEMICOLON T_RIGHT_BRACE T_RETURN T_INTEGER_LITERAL T_SEMICOLON T_RIGHT_BRACE T_EOF 

State Stack: 0 8 8 9 16 18 23 50 118 118 118 118 118 118 118 118 118 118 118 105 202 292 383 439 479 103 118 
Symbol Stack: declaration declaration type_specifier T_IDENTIFIER T_LEFT_PAREN T_RIGHT_PAREN T_LEFT_BRACE statement statement statement statement statement statement statement statement statement statement statement T_FOR T_LEFT_PAREN opt_expression_stmt opt_expression_stmt expression T_RIGHT_PAREN T_LEFT_BRACE statement 
Input Stack: T_RIGHT_BRACE T_FOR T_LEFT_PAREN T_IDENTIFIER T_ASSIGN T_INTEGER_LITERAL T_SEMICOLON T_IDENTIFIER T_LESS T_INTEGER_LITERAL T_SEMICOLON T_IDENTIFIER T_INCREMENT T_RIGHT_PAREN T_LEFT_BRACE T_IDENTIFIER T_LEFT_SQUARE T_IDENTIFIER T_RIGHT_SQUARE T_ASSIGN T_IDENTIFIER T_SEMICOLON T_RIGHT_BRACE T_IDENTIFIER T_ASSIGN T_NOT T_IDENTIFIER T_SEMICOLON T_IDENTIFIER T_ASSIGN T_IDENTIFIER T_MOD T_INTEGER_LITERAL T_SEMICOLON T_IDENTIFIER T_ASSIGN T_IDENTIFIER T_BITAND T_INTEGER_LITERAL T_SEMICOLON T_IDENTIFIER T_ASSIGN T_IDENTIFIER T_BITOR T_INTEGER_LITERAL T_SEMICOLON T_IDENTIFIER T_ASSIGN T_IDENTIFIER T_BITXOR T_INTEGER_LITERAL T_SEMICOLON T_IDENTIFIER T_ASSIGN T_BITNOT T_IDENTIFIER T_SEMICOLON T_INT T_IDENTIFIER T_ASSIGN T_IDENTIFIER T_LEFT_PAREN T_IDENTIFIER T_COMMA T_IDENTIFIER T_RIGHT_PAREN T_SEMICOLON T_LEFT_BRACE T_INT T_IDENTIFIER T_ASSIGN T_INTEGER_LITERAL T_SEMICOLON T_IDENTIFIER T_ASSIGN T_IDENTIFIER T_PLUS T_INTEGER_LITERAL T_SEMICOLON T_RIGHT_BRACE T_RETURN T_INTEGER_LITERAL T_SEMICOLON T_RIGHT_BRACE T_EOF 

State Stack: 0 8 8 9 16 18 23 50 118 118 118 118 118 118 118 118 118 118 118 105 202 292 383 439 479 103 109 
Symbol Stack: declaration declaration type_specifier T_IDENTIFIER T_LEFT_PAREN T_RIGHT_PAREN T_LEFT_BRACE statement statement statement statement statement statement statement statement statement statement statement T_FOR T_LEFT_PAREN opt_expression_stmt opt_expression_stmt expression T_RIGHT_PAREN T_LEFT_BRACE statement_list 
Input Stack: T_RIGHT_BRACE T_FOR T_LEFT_PAREN T_IDENTIFIER T_ASSIGN T_INTEGER_LITERAL T_SEMICOLON T_IDENTIFIER T_LESS T_INTEGER_LITERAL T_SEMICOLON T_IDENTIFIER T_INCREMENT T_RIGHT_PAREN T_LEFT_BRACE T_IDENTIFIER T_LEFT_SQUARE T_IDENTIFIER T_RIGHT_SQUARE T_ASSIGN T_IDENTIFIER T_SEMICOLON T_RIGHT_BRACE T_IDENTIFIER T_ASSIGN T_NOT T_IDENTIFIER T_SEMICOLON T_IDENTIFIER T_ASSIGN T_IDENTIFIER T_MOD T_INTEGER_LITERAL T_SEMICOLON T_IDENTIFIER T_ASSIGN T_IDENTIFIER T_BITAND T_INTEGER_LITERAL T_SEMICOLON T_IDENTIFIER T_ASSIGN T_IDENTIFIER T_BITOR T_INTEGER_LITERAL T_SEMICOLON T_IDENTIFIER T_ASSIGN T_IDENTIFIER T_BITXOR T_INTEGER_LITERAL T_SEMICOLON T_IDENTIFIER T_ASSIGN T_BITNOT T_IDENTIFIER T_SEMICOLON T_INT T_IDENTIFIER T_ASSIGN T_IDENTIFIER T_LEFT_PAREN T_IDENTIFIER T_COMMA T_IDENTIFIER T_RIGHT_PAREN T_SEMICOLON T_LEFT_BRACE T_INT T_IDENTIFIER T_ASSIGN T_INTEGER_LITERAL T_SEMICOLON T_IDENTIFIER T_ASSIGN T_IDENTIFIER T_PLUS T_INTEGER_LITERAL T_SEMICOLON T_RIGHT_BRACE T_RETURN T_INTEGER_LITERAL T_SEMICOLON T_RIGHT_BRACE T_EOF 

State Stack: 0 8 8 9 16 18 23 50 118 118 118 118 118 118 118 118 118 118 118 105 202 292 383 439 479 103 201 
Symbol Stack: declaration declaration type_specifier T_IDENTIFIER T_LEFT_PAREN T_RIGHT_PAREN T_LEFT_BRACE statement statement statement statement statement statement statement statement statement statement statement T_FOR T_LEFT_PAREN opt_expression_stmt opt_expression_stmt expression T_RIGHT_PAREN T_LEFT_BRACE block_items 
Input Stack: T_RIGHT_BRACE T_FOR T_LEFT_PAREN T_IDENTIFIER T_ASSIGN T_INTEGER_LITERAL T_SEMICOLON T_IDENTIFIER T_LESS T_INTEGER_LITERAL T_SEMICOLON T_IDENTIFIER T_INCREMENT T_RIGHT_PAREN T_LEFT_BRACE T_IDENTIFIER T_LEFT_SQUARE T_IDENTIFIER T_RIGHT_SQUARE T_ASSIGN T_IDENTIFIER T_SEMICOLON T_RIGHT_BRACE T_IDENTIFIER T_ASSIGN T_NOT T_IDENTIFIER T_SEMICOLON T_IDENTIFIER T_ASSIGN T_IDENTIFIER T_MOD T_INTEGER_LITERAL T_SEMICOLON T_IDENTIFIER T_ASSIGN T_IDENTIFIER T_BITAND T_INTEGER_LITERAL T_SEMICOLON T_IDENTIFIER T_ASSIGN T_IDENTIFIER T_BITOR T_INTEGER_LITERAL T_SEMICOLON T_IDENTIFIER T_ASSIGN T_IDENTIFIER T_BITXOR T_INTEGER_LITERAL T_SEMICOLON T_IDENTIFIER T_ASSIGN T_BITNOT T_IDENTIFIER T_SEMICOLON T_INT T_IDENTIFIER T_ASSIGN T_IDENTIFIER T_LEFT_PAREN T_IDENTIFIER T_COMMA T_IDENTIFIER T_RIGHT_PAREN T_SEMICOLON T_LEFT_BRACE T_INT T_IDENTIFIER T_ASSIGN T_INTEGER_LITERAL T_SEMICOLON T_IDENTIFIER T_ASSIGN T_IDENTIFIER T_PLUS T_INTEGER_LITERAL T_SEMICOLON T_RIGHT_BRACE T_RETURN T_INTEGER_LITERAL T_SEMICOLON T_RIGHT_BRACE T_EOF 

State Stack: 0 8 8 9 16 18 23 50 118 118 118 118 118 118 118 118 118 118 118 105 202 292 383 439 479 103 201 289 
Symbol Stack: declaration declaration type_specifier T_IDENTIFIER T_LEFT_PAREN T_RIGHT_PAREN T_LEFT_BRACE statement statement statement statement statement statement statement statement statement statement statement T_FOR T_LEFT_PAREN opt_expression_stmt opt_expression_stmt expression T_RIGHT_PAREN T_LEFT_BRACE block_items T_RIGHT_BRACE 
Input Stack: T_FOR T_LEFT_PAREN T_IDENTIFIER T_ASSIGN T_INTEGER_LITERAL T_SEMICOLON T_IDENTIFIER T_LESS T_INTEGER_LITERAL T_SEMICOLON T_IDENTIFIER T_INCREMENT T_RIGHT_PAREN T_LEFT_BRACE T_IDENTIFIER T_LEFT_SQUARE T_IDENTIFIER T_RIGHT_SQUARE T_ASSIGN T_IDENTIFIER T_SEMICOLON T_RIGHT_BRACE T_IDENTIFIER T_ASSIGN T_NOT T_IDENTIFIER T_SEMICOLON T_IDENTIFIER T_ASSIGN T_IDENTIFIER T_MOD T_INTEGER_LITERAL T_SEMICOLON T_IDENTIFIER T_ASSIGN T_IDENTIFIER T_BITAND T_INTEGER_LITERAL T_SEMICOLON T_IDENTIFIER T_ASSIGN T_IDENTIFIER T_BITOR T_INTEGER_LITERAL T_SEMICOLON T_IDENTIFIER T_ASSIGN T_IDENTIFIER T_BITXOR T_INTEGER_LITERAL T_SEMICOLON T_IDENTIFIER T_ASSIGN T_BITNOT T_IDENTIFIER T_SEMICOLON T_INT T_IDENTIFIER T_ASSIGN T_IDENTIFIER T_LEFT_PAREN T_IDENTIFIER T_COMMA T_IDENTIFIER T_RIGHT_PAREN T_SEMICOLON T_LEFT_BRACE T_INT T_IDENTIFIER T_ASSIGN T_INTEGER_LITERAL T_SEMICOLON T_IDENTIFIER T_ASSIGN T_IDENTIFIER T_PLUS T_INTEGER_LITERAL T_SEMICOLON T_RIGHT_BRACE T_RETURN T_INTEGER_LITERAL T_SEMICOLON T_RIGHT_BRACE T_EOF 

State Stack: 0 8 8 9 16 18 23 50 118 118 118 118 118 118 118 118 118 118 118 105 202 292 383 439 479 112 
Symbol Stack: declaration declaration type_specifier T_IDENTIFIER T_LEFT_PAREN T_RIGHT_PAREN T_LEFT_BRACE statement statement statement statement statement statement statement statement statement statement statement T_FOR T_LEFT_PAREN opt_expression_stmt opt_expression_stmt expression T_RIGHT_PAREN compound_stmt 
Input Stack: T_FOR T_LEFT_PAREN T_IDENTIFIER T_ASSIGN T_INTEGER_LITERAL T_SEMICOLON T_IDENTIFIER T_LESS T_INTEGER_LITERAL T_SEMICOLON T_IDENTIFIER T_INCREMENT T_RIGHT_PAREN T_LEFT_BRACE T_IDENTIFIER T_LEFT_SQUARE T_IDENTIFIER T_RIGHT_SQUARE T_ASSIGN T_IDENTIFIER T_SEMICOLON T_RIGHT_BRACE T_IDENTIFIER T_ASSIGN T_NOT T_IDENTIFIER T_SEMICOLON T_IDENTIFIER T_ASSIGN T_IDENTIFIER T_MOD T_INTEGER_LITERAL T_SEMICOLON T_IDENTIFIER T_ASSIGN T_IDENTIFIER T_BITAND T_INTEGER_LITERAL T_SEMICOLON T_IDENTIFIER T_ASSIGN T_IDENTIFIER T_BITOR T_INTEGER_LITERAL T_SEMICOLON T_IDENTIFIER T_ASSIGN T_IDENTIFIER T_BITXOR T_INTEGER_LITERAL T_SEMICOLON T_IDENTIFIER T_ASSIGN T_BITNOT T_IDENTIFIER T_SEMICOLON T_INT T_IDENTIFIER T_ASSIGN T_IDENTIFIER T_LEFT_PAREN T_IDENTIFIER T_COMMA T_IDENTIFIER T_RIGHT_PAREN T_SEMICOLON T_LEFT_BRACE T_INT T_IDENTIFIER T_ASSIGN T_INTEGER_LITERAL T_SEMICOLON T_IDENTIFIER T_ASSIGN T_IDENTIFIER T_PLUS T_INTEGER_LITERAL T_SEMICOLON T_RIGHT_BRACE T_RETURN T_INTEGER_LITERAL T_SEMICOLON T_RIGHT_BRACE T_EOF 

State Stack: 0 8 8 9 16 18 23 50 118 118 118 118 118 118 118 118 118 118 118 105 202 292 383 439 479 500 
Symbol Stack: declaration declaration type_specifier T_IDENTIFIER T_LEFT_PAREN T_RIGHT_PAREN T_LEFT_BRACE statement statement statement statement statement statement statement statement statement statement statement T_FOR T_LEFT_PAREN opt_expression_stmt opt_expression_stmt expression T_RIGHT_PAREN statement 
Input Stack: T_FOR T_LEFT_PAREN T_IDENTIFIER T_ASSIGN T_INTEGER_LITERAL T_SEMICOLON T_IDENTIFIER T_LESS T_INTEGER_LITERAL T_SEMICOLON T_IDENTIFIER T_INCREMENT T_RIGHT_PAREN T_LEFT_BRACE T_IDENTIFIER T_LEFT_SQUARE T_IDENTIFIER T_RIGHT_SQUARE T_ASSIGN T_IDENTIFIER T_SEMICOLON T_RIGHT_BRACE T_IDENTIFIER T_ASSIGN T_NOT T_IDENTIFIER T_SEMICOLON T_IDENTIFIER T_ASSIGN T_IDENTIFIER T_MOD T_INTEGER_LITERAL T_SEMICOLON T_IDENTIFIER T_ASSIGN T_IDENTIFIER T_BITAND T_INTEGER_LITERAL T_SEMICOLON T_IDENTIFIER T_ASSIGN T_IDENTIFIER T_BITOR T_INTEGER_LITERAL T_SEMICOLON T_IDENTIFIER T_ASSIGN T_IDENTIFIER T_BITXOR T_INTEGER_LITERAL T_SEMICOLON T_IDENTIFIER T_ASSIGN T_BITNOT T_IDENTIFIER T_SEMICOLON T_INT T_IDENTIFIER T_ASSIGN T_IDENTIFIER T_LEFT_PAREN T_IDENTIFIER T_COMMA T_IDENTIFIER T_RIGHT_PAREN T_SEMICOLON T_LEFT_BRACE T_INT T_IDENTIFIER T_ASSIGN T_INTEGER_LITERAL T_SEMICOLON T_IDENTIFIER T_ASSIGN T_IDENTIFIER T_PLUS T_INTEGER_LITERAL T_SEMICOLON T_RIGHT_BRACE T_RETURN T_INTEGER_LITERAL T_SEMICOLON T_RIGHT_BRACE T_EOF 

State Stack: 0 8 8 9 16 18 23 50 118 118 118 118 118 118 118 118 118 118 118 114 
Symbol Stack: declaration declaration type_specifier T_IDENTIFIER T_LEFT_PAREN T_RIGHT_PAREN T_LEFT_BRACE statement statement statement statement statement statement statement statement statement statement statement iteration_stmt 
Input Stack: T_FOR T_LEFT_PAREN T_IDENTIFIER T_ASSIGN T_INTEGER_LITERAL T_SEMICOLON T_IDENTIFIER T_LESS T_INTEGER_LITERAL T_SEMICOLON T_IDENTIFIER T_INCREMENT T_RIGHT_PAREN T_LEFT_BRACE T_IDENTIFIER T_LEFT_SQUARE T_IDENTIFIER T_RIGHT_SQUARE T_ASSIGN T_IDENTIFIER T_SEMICOLON T_RIGHT_BRACE T_IDENTIFIER T_ASSIGN T_NOT T_IDENTIFIER T_SEMICOLON T_IDENTIFIER T_ASSIGN T_IDENTIFIER T_MOD T_INTEGER_LITERAL T_SEMICOLON T_IDENTIFIER T_ASSIGN T_IDENTIFIER T_BITAND T_INTEGER_LITERAL T_SEMICOLON T_IDENTIFIER T_ASSIGN T_IDENTIFIER T_BITOR T_INTEGER_LITERAL T_SEMICOLON T_IDENTIFIER T_ASSIGN T_IDENTIFIER T_BITXOR T_INTEGER_LITERAL T_SEMICOLON T_IDENTIFIER T_ASSIGN T_BITNOT T_IDENTIFIER T_SEMICOLON T_INT T_IDENTIFIER T_ASSIGN T_IDENTIFIER T_LEFT_PAREN T_IDENTIFIER T_COMMA T_IDENTIFIER T_RIGHT_PAREN T_SEMICOLON T_LEFT_BRACE T_INT T_IDENTIFIER T_ASSIGN T_INTEGER_LITERAL T_SEMICOLON T_IDENTIFIER T_ASSIGN T_IDENTIFIER T_PLUS T_INTEGER_LITERAL T_SEMICOLON T_RIGHT_BRACE T_RETURN T_INTEGER_LITERAL T_SEMICOLON T_RIGHT_BRACE T_EOF 

State Stack: 0 8 8 9 16 18 23 50 118 118 118 118 118 118 118 118 118 118 118 118 
Symbol Stack: declaration declaration type_specifier T_IDENTIFIER T_LEFT_PAREN T_RIGHT_PAREN T_LEFT_BRACE statement statement statement statement statement statement statement statement statement statement statement statement 
Input Stack: T_FOR T_LEFT_PAREN T_IDENTIFIER T_ASSIGN T_INTEGER_LITERAL T_SEMICOLON T_IDENTIFIER T_LESS T_INTEGER_LITERAL T_SEMICOLON T_IDENTIFIER T_INCREMENT T_RIGHT_PAREN T_LEFT_BRACE T_IDENTIFIER T_LEFT_SQUARE T_IDENTIFIER T_RIGHT_SQUARE T_ASSIGN T_IDENTIFIER T_SEMICOLON T_RIGHT_BRACE T_IDENTIFIER T_ASSIGN T_NOT T_IDENTIFIER T_SEMICOLON T_IDENTIFIER T_ASSIGN T_IDENTIFIER T_MOD T_INTEGER_LITERAL T_SEMICOLON T_IDENTIFIER T_ASSIGN T_IDENTIFIER T_BITAND T_INTEGER_LITERAL T_SEMICOLON T_IDENTIFIER T_ASSIGN T_IDENTIFIER T_BITOR T_INTEGER_LITERAL T_SEMICOLON T_IDENTIFIER T_ASSIGN T_IDENTIFIER T_BITXOR T_INTEGER_LITERAL T_SEMICOLON T_IDENTIFIER T_ASSIGN T_BITNOT T_IDENTIFIER T_SEMICOLON T_INT T_IDENTIFIER T_ASSIGN T_IDENTIFIER T_LEFT_PAREN T_IDENTIFIER T_COMMA T_IDENTIFIER T_RIGHT_PAREN T_SEMICOLON T_LEFT_BRACE T_INT T_IDENTIFIER T_ASSIGN T_INTEGER_LITERAL T_SEMICOLON T_IDENTIFIER T_ASSIGN T_IDENTIFIER T_PLUS T_INTEGER_LITERAL T_SEMICOLON T_RIGHT_BRACE T_RETURN T_INTEGER_LITERAL T_SEMICOLON T_RIGHT_BRACE T_EOF 

State Stack: 0 8 8 9 16 18 23 50 118 118 118 118 118 118 118 118 118 118 118 118 105 
Symbol Stack: declaration declaration type_specifier T_IDENTIFIER T_LEFT_PAREN T_RIGHT_PAREN T_LEFT_BRACE statement statement statement statement statement statement statement statement statement statement statement statement T_FOR 
Input Stack: T_LEFT_PAREN T_IDENTIFIER T_ASSIGN T_INTEGER_LITERAL T_SEMICOLON T_IDENTIFIER T_LESS T_INTEGER_LITERAL T_SEMICOLON T_IDENTIFIER T_INCREMENT T_RIGHT_PAREN T_LEFT_BRACE T_IDENTIFIER T_LEFT_SQUARE T_IDENTIFIER T_RIGHT_SQUARE T_ASSIGN T_IDENTIFIER T_SEMICOLON T_RIGHT_BRACE T_IDENTIFIER T_ASSIGN T_NOT T_IDENTIFIER T_SEMICOLON T_IDENTIFIER T_ASSIGN T_IDENTIFIER T_MOD T_INTEGER_LITERAL T_SEMICOLON T_IDENTIFIER T_ASSIGN T_IDENTIFIER T_BITAND T_INTEGER_LITERAL T_SEMICOLON T_IDENTIFIER T_ASSIGN T_IDENTIFIER T_BITOR T_INTEGER_LITERAL T_SEMICOLON T_IDENTIFIER T_ASSIGN T_IDENTIFIER T_BITXOR T_INTEGER_LITERAL T_SEMICOLON T_IDENTIFIER T_ASSIGN T_BITNOT T_IDENTIFIER T_SEMICOLON T_INT T_IDENTIFIER T_ASSIGN T_IDENTIFIER T_LEFT_PAREN T_IDENTIFIER T_COMMA T_IDENTIFIER T_RIGHT_PAREN T_SEMICOLON T_LEFT_BRACE T_INT T_IDENTIFIER T_ASSIGN T_INTEGER_LITERAL T_SEMICOLON T_IDENTIFIER T_ASSIGN T_IDENTIFIER T_PLUS T_INTEGER_LITERAL T_SEMICOLON T_RIGHT_BRACE T_RETURN T_INTEGER_LITERAL T_SEMICOLON T_RIGHT_BRACE T_EOF 

State Stack: 0 8 8 9 16 18 23 50 118 118 118 118 118 118 118 118 118 118 118 118 105 202 
Symbol Stack: declaration declaration type_specifier T_IDENTIFIER T_LEFT_PAREN T_RIGHT_PAREN T_LEFT_BRACE statement statement statement statement statement statement statement statement statement statement statement statement T_FOR T_LEFT_PAREN 
Input Stack: T_IDENTIFIER T_ASSIGN T_INTEGER_LITERAL T_SEMICOLON T_IDENTIFIER T_LESS T_INTEGER_LITERAL T_SEMICOLON T_IDENTIFIER T_INCREMENT T_RIGHT_PAREN T_LEFT_BRACE T_IDENTIFIER T_LEFT_SQUARE T_IDENTIFIER T_RIGHT_SQUARE T_ASSIGN T_IDENTIFIER T_SEMICOLON T_RIGHT_BRACE T_IDENTIFIER T_ASSIGN T_NOT T_IDENTIFIER T_SEMICOLON T_IDENTIFIER T_ASSIGN T_IDENTIFIER T_MOD T_INTEGER_LITERAL T_SEMICOLON T_IDENTIFIER T_ASSIGN T_IDENTIFIER T_BITAND T_INTEGER_LITERAL T_SEMICOLON T_IDENTIFIER T_ASSIGN T_IDENTIFIER T_BITOR T_INTEGER_LITERAL T_SEMICOLON T_IDENTIFIER T_ASSIGN T_IDENTIFIER T_BITXOR T_INTEGER_LITERAL T_SEMICOLON T_IDENTIFIER T_ASSIGN T_BITNOT T_IDENTIFIER T_SEMICOLON T_INT T_IDENTIFIER T_ASSIGN T_IDENTIFIER T_LEFT_PAREN T_IDENTIFIER T_COMMA T_IDENTIFIER T_RIGHT_PAREN T_SEMICOLON T_LEFT_BRACE T_INT T_IDENTIFIER T_ASSIGN T_INTEGER_LITERAL T_SEMICOLON T_IDENTIFIER T_ASSIGN T_IDENTIFIER T_PLUS T_INTEGER_LITERAL T_SEMICOLON T_RIGHT_BRACE T_RETURN T_INTEGER_LITERAL T_SEMICOLON T_RIGHT_BRACE T_EOF 

State Stack: 0 8 8 9 16 18 23 50 118 118 118 118 118 118 118 118 118 118 118 118 105 202 29 
Symbol Stack: declaration declaration type_specifier T_IDENTIFIER T_LEFT_PAREN T_RIGHT_PAREN T_LEFT_BRACE statement statement statement statement statement statement statement statement statement statement statement statement T_FOR T_LEFT_PAREN T_IDENTIFIER 
Input Stack: T_ASSIGN T_INTEGER_LITERAL T_SEMICOLON T_IDENTIFIER T_LESS T_INTEGER_LITERAL T_SEMICOLON T_IDENTIFIER T_INCREMENT T_RIGHT_PAREN T_LEFT_BRACE T_IDENTIFIER T_LEFT_SQUARE T_IDENTIFIER T_RIGHT_SQUARE T_ASSIGN T_IDENTIFIER T_SEMICOLON T_RIGHT_BRACE T_IDENTIFIER T_ASSIGN T_NOT T_IDENTIFIER T_SEMICOLON T_IDENTIFIER T_ASSIGN T_IDENTIFIER T_MOD T_INTEGER_LITERAL T_SEMICOLON T_IDENTIFIER T_ASSIGN T_IDENTIFIER T_BITAND T_INTEGER_LITERAL T_SEMICOLON T_IDENTIFIER T_ASSIGN T_IDENTIFIER T_BITOR T_INTEGER_LITERAL T_SEMICOLON T_IDENTIFIER T_ASSIGN T_IDENTIFIER T_BITXOR T_INTEGER_LITERAL T_SEMICOLON T_IDENTIFIER T_ASSIGN T_BITNOT T_IDENTIFIER T_SEMICOLON T_INT T_IDENTIFIER T_ASSIGN T_IDENTIFIER T_LEFT_PAREN T_IDENTIFIER T_COMMA T_IDENTIFIER T_RIGHT_PAREN T_SEMICOLON T_LEFT_BRACE T_INT T_IDENTIFIER T_ASSIGN T_INTEGER_LITERAL T_SEMICOLON T_IDENTIFIER T_ASSIGN T_IDENTIFIER T_PLUS T_INTEGER_LITERAL T_SEMICOLON T_RIGHT_BRACE T_RETURN T_INTEGER_LITERAL T_SEMICOLON T_RIGHT_BRACE T_EOF 

State Stack: 0 8 8 9 16 18 23 50 118 118 118 118 118 118 118 118 118 118 118 118 105 202 43 
Symbol Stack: declaration declaration type_specifier T_IDENTIFIER T_LEFT_PAREN T_RIGHT_PAREN T_LEFT_BRACE statement statement statement statement statement statement statement statement statement statement statement statement T_FOR T_LEFT_PAREN var 
Input Stack: T_ASSIGN T_INTEGER_LITERAL T_SEMICOLON T_IDENTIFIER T_LESS T_INTEGER_LITERAL T_SEMICOLON T_IDENTIFIER T_INCREMENT T_RIGHT_PAREN T_LEFT_BRACE T_IDENTIFIER T_LEFT_SQUARE T_IDENTIFIER T_RIGHT_SQUARE T_ASSIGN T_IDENTIFIER T_SEMICOLON T_RIGHT_BRACE T_IDENTIFIER T_ASSIGN T_NOT T_IDENTIFIER T_SEMICOLON T_IDENTIFIER T_ASSIGN T_IDENTIFIER T_MOD T_INTEGER_LITERAL T_SEMICOLON T_IDENTIFIER T_ASSIGN T_IDENTIFIER T_BITAND T_INTEGER_LITERAL T_SEMICOLON T_IDENTIFIER T_ASSIGN T_IDENTIFIER T_BITOR T_INTEGER_LITERAL T_SEMICOLON T_IDENTIFIER T_ASSIGN T_IDENTIFIER T_BITXOR T_INTEGER_LITERAL T_SEMICOLON T_IDENTIFIER T_ASSIGN T_BITNOT T_IDENTIFIER T_SEMICOLON T_INT T_IDENTIFIER T_ASSIGN T_IDENTIFIER T_LEFT_PAREN T_IDENTIFIER T_COMMA T_IDENTIFIER T_RIGHT_PAREN T_SEMICOLON T_LEFT_BRACE T_INT T_IDENTIFIER T_ASSIGN T_INTEGER_LITERAL T_SEMICOLON T_IDENTIFIER T_ASSIGN T_IDENTIFIER T_PLUS T_INTEGER_LITERAL T_SEMICOLON T_RIGHT_BRACE T_RETURN T_INTEGER_LITERAL T_SEMICOLON T_RIGHT_BRACE T_EOF 

State Stack: 0 8 8 9 16 18 23 50 118 118 118 118 118 118 118 118 118 118 118 118 105 202 43 96 
Symbol Stack: declaration declaration type_specifier T_IDENTIFIER T_LEFT_PAREN T_RIGHT_PAREN T_LEFT_BRACE statement statement statement statement statement statement statement statement statement statement statement statement T_FOR T_LEFT_PAREN var T_ASSIGN 
Input Stack: T_INTEGER_LITERAL T_SEMICOLON T_IDENTIFIER T_LESS T_INTEGER_LITERAL T_SEMICOLON T_IDENTIFIER T_INCREMENT T_RIGHT_PAREN T_LEFT_BRACE T_IDENTIFIER T_LEFT_SQUARE T_IDENTIFIER T_RIGHT_SQUARE T_ASSIGN T_IDENTIFIER T_SEMICOLON T_RIGHT_BRACE T_IDENTIFIER T_ASSIGN T_NOT T_IDENTIFIER T_SEMICOLON T_IDENTIFIER T_ASSIGN T_IDENTIFIER T_MOD T_INTEGER_LITERAL T_SEMICOLON T_IDENTIFIER T_ASSIGN T_IDENTIFIER T_BITAND T_INTEGER_LITERAL T_SEMICOLON T_IDENTIFIER T_ASSIGN T_IDENTIFIER T_BITOR T_INTEGER_LITERAL T_SEMICOLON T_IDENTIFIER T_ASSIGN T_IDENTIFIER T_BITXOR T_INTEGER_LITERAL T_SEMICOLON T_IDENTIFIER T_ASSIGN T_BITNOT T_IDENTIFIER T_SEMICOLON T_INT T_IDENTIFIER T_ASSIGN T_IDENTIFIER T_LEFT_PAREN T_IDENTIFIER T_COMMA T_IDENTIFIER T_RIGHT_PAREN T_SEMICOLON T_LEFT_BRACE T_INT T_IDENTIFIER T_ASSIGN T_INTEGER_LITERAL T_SEMICOLON T_IDENTIFIER T_ASSIGN T_IDENTIFIER T_PLUS T_INTEGER_LITERAL T_SEMICOLON T_RIGHT_BRACE T_RETURN T_INTEGER_LITERAL T_SEMICOLON T_RIGHT_BRACE T_EOF 

State Stack: 0 8 8 9 16 18 23 50 118 118 118 118 118 118 118 118 118 118 118 118 105 202 43 96 33 
Symbol Stack: declaration declaration type_specifier T_IDENTIFIER T_LEFT_PAREN T_RIGHT_PAREN T_LEFT_BRACE statement statement statement statement statement statement statement statement statement statement statement statement T_FOR T_LEFT_PAREN var T_ASSIGN T_INTEGER_LITERAL 
Input Stack: T_SEMICOLON T_IDENTIFIER T_LESS T_INTEGER_LITERAL T_SEMICOLON T_IDENTIFIER T_INCREMENT T_RIGHT_PAREN T_LEFT_BRACE T_IDENTIFIER T_LEFT_SQUARE T_IDENTIFIER T_RIGHT_SQUARE T_ASSIGN T_IDENTIFIER T_SEMICOLON T_RIGHT_BRACE T_IDENTIFIER T_ASSIGN T_NOT T_IDENTIFIER T_SEMICOLON T_IDENTIFIER T_ASSIGN T_IDENTIFIER T_MOD T_INTEGER_LITERAL T_SEMICOLON T_IDENTIFIER T_ASSIGN T_IDENTIFIER T_BITAND T_INTEGER_LITERAL T_SEMICOLON T_IDENTIFIER T_ASSIGN T_IDENTIFIER T_BITOR T_INTEGER_LITERAL T_SEMICOLON T_IDENTIFIER T_ASSIGN T_IDENTIFIER T_BITXOR T_INTEGER_LITERAL T_SEMICOLON T_IDENTIFIER T_ASSIGN T_BITNOT T_IDENTIFIER T_SEMICOLON T_INT T_IDENTIFIER T_ASSIGN T_IDENTIFIER T_LEFT_PAREN T_IDENTIFIER T_COMMA T_IDENTIFIER T_RIGHT_PAREN T_SEMICOLON T_LEFT_BRACE T_INT T_IDENTIFIER T_ASSIGN T_INTEGER_LITERAL T_SEMICOLON T_IDENTIFIER T_ASSIGN T_IDENTIFIER T_PLUS T_INTEGER_LITERAL T_SEMICOLON T_RIGHT_BRACE T_RETURN T_INTEGER_LITERAL T_SEMICOLON T_RIGHT_BRACE T_EOF 

State Stack: 0 8 8 9 16 18 23 50 118 118 118 118 118 118 118 118 118 118 118 118 105 202 43 96 47 
Symbol Stack: declaration declaration type_specifier T_IDENTIFIER T_LEFT_PAREN T_RIGHT_PAREN T_LEFT_BRACE statement statement statement statement statement statement statement statement statement statement statement statement T_FOR T_LEFT_PAREN var T_ASSIGN factor 
Input Stack: T_SEMICOLON T_IDENTIFIER T_LESS T_INTEGER_LITERAL T_SEMICOLON T_IDENTIFIER T_INCREMENT T_RIGHT_PAREN T_LEFT_BRACE T_IDENTIFIER T_LEFT_SQUARE T_IDENTIFIER T_RIGHT_SQUARE T_ASSIGN T_IDENTIFIER T_SEMICOLON T_RIGHT_BRACE T_IDENTIFIER T_ASSIGN T_NOT T_IDENTIFIER T_SEMICOLON T_IDENTIFIER T_ASSIGN T_IDENTIFIER T_MOD T_INTEGER_LITERAL T_SEMICOLON T_IDENTIFIER T_ASSIGN T_IDENTIFIER T_BITAND T_INTEGER_LITERAL T_SEMICOLON T_IDENTIFIER T_ASSIGN T_IDENTIFIER T_BITOR T_INTEGER_LITERAL T_SEMICOLON T_IDENTIFIER T_ASSIGN T_IDENTIFIER T_BITXOR T_INTEGER_LITERAL T_SEMICOLON T_IDENTIFIER T_ASSIGN T_BITNOT T_IDENTIFIER T_SEMICOLON T_INT T_IDENTIFIER T_ASSIGN T_IDENTIFIER T_LEFT_PAREN T_IDENTIFIER T_COMMA T_IDENTIFIER T_RIGHT_PAREN T_SEMICOLON T_LEFT_BRACE T_INT T_IDENTIFIER T_ASSIGN T_INTEGER_LITERAL T_SEMICOLON T_IDENTIFIER T_ASSIGN T_IDENTIFIER T_PLUS T_INTEGER_LITERAL T_SEMICOLON T_RIGHT_BRACE T_RETURN T_INTEGER_LITERAL T_SEMICOLON T_RIGHT_BRACE T_EOF 

State Stack: 0 8 8 9 16 18 23 50 118 118 118 118 118 118 118 118 118 118 118 118 105 202 43 96 40 
Symbol Stack: declaration declaration type_specifier T_IDENTIFIER T_LEFT_PAREN T_RIGHT_PAREN T_LEFT_BRACE statement statement statement statement statement statement statement statement statement statement statement statement T_FOR T_LEFT_PAREN var T_ASSIGN term 
Input Stack: T_SEMICOLON T_IDENTIFIER T_LESS T_INTEGER_LITERAL T_SEMICOLON T_IDENTIFIER T_INCREMENT T_RIGHT_PAREN T_LEFT_BRACE T_IDENTIFIER T_LEFT_SQUARE T_IDENTIFIER T_RIGHT_SQUARE T_ASSIGN T_IDENTIFIER T_SEMICOLON T_RIGHT_BRACE T_IDENTIFIER T_ASSIGN T_NOT T_IDENTIFIER T_SEMICOLON T_IDENTIFIER T_ASSIGN T_IDENTIFIER T_MOD T_INTEGER_LITERAL T_SEMICOLON T_IDENTIFIER T_ASSIGN T_IDENTIFIER T_BITAND T_INTEGER_LITERAL T_SEMICOLON T_IDENTIFIER T_ASSIGN T_IDENTIFIER T_BITOR T_INTEGER_LITERAL T_SEMICOLON T_IDENTIFIER T_ASSIGN T_IDENTIFIER T_BITXOR T_INTEGER_LITERAL T_SEMICOLON T_IDENTIFIER T_ASSIGN T_BITNOT T_IDENTIFIER T_SEMICOLON T_INT T_IDENTIFIER T_ASSIGN T_IDENTIFIER T_LEFT_PAREN T_IDENTIFIER T_COMMA T_IDENTIFIER T_RIGHT_PAREN T_SEMICOLON T_LEFT_BRACE T_INT T_IDENTIFIER T_ASSIGN T_INTEGER_LITERAL T_SEMICOLON T_IDENTIFIER T_ASSIGN T_IDENTIFIER T_PLUS T_INTEGER_LITERAL T_SEMICOLON T_RIGHT_BRACE T_RETURN T_INTEGER_LITERAL T_SEMICOLON T_RIGHT_BRACE T_EOF 

State Stack: 0 8 8 9 16 18 23 50 118 118 118 118 118 118 118 118 118 118 118 118 105 202 43 96 39 
Symbol Stack: declaration declaration type_specifier T_IDENTIFIER T_LEFT_PAREN T_RIGHT_PAREN T_LEFT_BRACE statement statement statement statement statement statement statement statement statement statement statement statement T_FOR T_LEFT_PAREN var T_ASSIGN additive_expression 
Input Stack: T_SEMICOLON T_IDENTIFIER T_LESS T_INTEGER_LITERAL T_SEMICOLON T_IDENTIFIER T_INCREMENT T_RIGHT_PAREN T_LEFT_BRACE T_IDENTIFIER T_LEFT_SQUARE T_IDENTIFIER T_RIGHT_SQUARE T_ASSIGN T_IDENTIFIER T_SEMICOLON T_RIGHT_BRACE T_IDENTIFIER T_ASSIGN T_NOT T_IDENTIFIER T_SEMICOLON T_IDENTIFIER T_ASSIGN T_IDENTIFIER T_MOD T_INTEGER_LITERAL T_SEMICOLON T_IDENTIFIER T_ASSIGN T_IDENTIFIER T_BITAND T_INTEGER_LITERAL T_SEMICOLON T_IDENTIFIER T_ASSIGN T_IDENTIFIER T_BITOR T_INTEGER_LITERAL T_SEMICOLON T_IDENTIFIER T_ASSIGN T_IDENTIFIER T_BITXOR T_INTEGER_LITERAL T_SEMICOLON T_IDENTIFIER T_ASSIGN T_BITNOT T_IDENTIFIER T_SEMICOLON T_INT T_IDENTIFIER T_ASSIGN T_IDENTIFIER T_LEFT_PAREN T_IDENTIFIER T_COMMA T_IDENTIFIER T_RIGHT_PAREN T_SEMICOLON T_LEFT_BRACE T_INT T_IDENTIFIER T_ASSIGN T_INTEGER_LITERAL T_SEMICOLON T_IDENTIFIER T_ASSIGN T_IDENTIFIER T_PLUS T_INTEGER_LITERAL T_SEMICOLON T_RIGHT_BRACE T_RETURN T_INTEGER_LITERAL T_SEMICOLON T_RIGHT_BRACE T_EOF 

State Stack: 0 8 8 9 16 18 23 50 118 118 118 118 118 118 118 118 118 118 118 118 105 202 43 96 42 
Symbol Stack: declaration declaration type_specifier T_IDENTIFIER T_LEFT_PAREN T_RIGHT_PAREN T_LEFT_BRACE statement statement statement statement statement statement statement statement statement statement statement statement T_FOR T_LEFT_PAREN var T_ASSIGN simple_expression 
Input Stack: T_SEMICOLON T_IDENTIFIER T_LESS T_INTEGER_LITERAL T_SEMICOLON T_IDENTIFIER T_INCREMENT T_RIGHT_PAREN T_LEFT_BRACE T_IDENTIFIER T_LEFT_SQUARE T_IDENTIFIER T_RIGHT_SQUARE T_ASSIGN T_IDENTIFIER T_SEMICOLON T_RIGHT_BRACE T_IDENTIFIER T_ASSIGN T_NOT T_IDENTIFIER T_SEMICOLON T_IDENTIFIER T_ASSIGN T_IDENTIFIER T_MOD T_INTEGER_LITERAL T_SEMICOLON T_IDENTIFIER T_ASSIGN T_IDENTIFIER T_BITAND T_INTEGER_LITERAL T_SEMICOLON T_IDENTIFIER T_ASSIGN T_IDENTIFIER T_BITOR T_INTEGER_LITERAL T_SEMICOLON T_IDENTIFIER T_ASSIGN T_IDENTIFIER T_BITXOR T_INTEGER_LITERAL T_SEMICOLON T_IDENTIFIER T_ASSIGN T_BITNOT T_IDENTIFIER T_SEMICOLON T_INT T_IDENTIFIER T_ASSIGN T_IDENTIFIER T_LEFT_PAREN T_IDENTIFIER T_COMMA T_IDENTIFIER T_RIGHT_PAREN T_SEMICOLON T_LEFT_BRACE T_INT T_IDENTIFIER T_ASSIGN T_INTEGER_LITERAL T_SEMICOLON T_IDENTIFIER T_ASSIGN T_IDENTIFIER T_PLUS T_INTEGER_LITERAL T_SEMICOLON T_RIGHT_BRACE T_RETURN T_INTEGER_LITERAL T_SEMICOLON T_RIGHT_BRACE T_EOF 

State Stack: 0 8 8 9 16 18 23 50 118 118 118 118 118 118 118 118 118 118 118 118 105 202 43 96 198 
Symbol Stack: declaration declaration type_specifier T_IDENTIFIER T_LEFT_PAREN T_RIGHT_PAREN T_LEFT_BRACE statement statement statement statement statement statement statement statement statement statement statement statement T_FOR T_LEFT_PAREN var T_ASSIGN expression 
Input Stack: T_SEMICOLON T_IDENTIFIER T_LESS T_INTEGER_LITERAL T_SEMICOLON T_IDENTIFIER T_INCREMENT T_RIGHT_PAREN T_LEFT_BRACE T_IDENTIFIER T_LEFT_SQUARE T_IDENTIFIER T_RIGHT_SQUARE T_ASSIGN T_IDENTIFIER T_SEMICOLON T_RIGHT_BRACE T_IDENTIFIER T_ASSIGN T_NOT T_IDENTIFIER T_SEMICOLON T_IDENTIFIER T_ASSIGN T_IDENTIFIER T_MOD T_INTEGER_LITERAL T_SEMICOLON T_IDENTIFIER T_ASSIGN T_IDENTIFIER T_BITAND T_INTEGER_LITERAL T_SEMICOLON T_IDENTIFIER T_ASSIGN T_IDENTIFIER T_BITOR T_INTEGER_LITERAL T_SEMICOLON T_IDENTIFIER T_ASSIGN T_IDENTIFIER T_BITXOR T_INTEGER_LITERAL T_SEMICOLON T_IDENTIFIER T_ASSIGN T_BITNOT T_IDENTIFIER T_SEMICOLON T_INT T_IDENTIFIER T_ASSIGN T_IDENTIFIER T_LEFT_PAREN T_IDENTIFIER T_COMMA T_IDENTIFIER T_RIGHT_PAREN T_SEMICOLON T_LEFT_BRACE T_INT T_IDENTIFIER T_ASSIGN T_INTEGER_LITERAL T_SEMICOLON T_IDENTIFIER T_ASSIGN T_IDENTIFIER T_PLUS T_INTEGER_LITERAL T_SEMICOLON T_RIGHT_BRACE T_RETURN T_INTEGER_LITERAL T_SEMICOLON T_RIGHT_BRACE T_EOF 

State Stack: 0 8 8 9 16 18 23 50 118 118 118 118 118 118 118 118 118 118 118 118 105 202 291 
Symbol Stack: declaration declaration type_specifier T_IDENTIFIER T_LEFT_PAREN T_RIGHT_PAREN T_LEFT_BRACE statement statement statement statement statement statement statement statement statement statement statement statement T_FOR T_LEFT_PAREN expression 
Input Stack: T_SEMICOLON T_IDENTIFIER T_LESS T_INTEGER_LITERAL T_SEMICOLON T_IDENTIFIER T_INCREMENT T_RIGHT_PAREN T_LEFT_BRACE T_IDENTIFIER T_LEFT_SQUARE T_IDENTIFIER T_RIGHT_SQUARE T_ASSIGN T_IDENTIFIER T_SEMICOLON T_RIGHT_BRACE T_IDENTIFIER T_ASSIGN T_NOT T_IDENTIFIER T_SEMICOLON T_IDENTIFIER T_ASSIGN T_IDENTIFIER T_MOD T_INTEGER_LITERAL T_SEMICOLON T_IDENTIFIER T_ASSIGN T_IDENTIFIER T_BITAND T_INTEGER_LITERAL T_SEMICOLON T_IDENTIFIER T_ASSIGN T_IDENTIFIER T_BITOR T_INTEGER_LITERAL T_SEMICOLON T_IDENTIFIER T_ASSIGN T_IDENTIFIER T_BITXOR T_INTEGER_LITERAL T_SEMICOLON T_IDENTIFIER T_ASSIGN T_BITNOT T_IDENTIFIER T_SEMICOLON T_INT T_IDENTIFIER T_ASSIGN T_IDENTIFIER T_LEFT_PAREN T_IDENTIFIER T_COMMA T_IDENTIFIER T_RIGHT_PAREN T_SEMICOLON T_LEFT_BRACE T_INT T_IDENTIFIER T_ASSIGN T_INTEGER_LITERAL T_SEMICOLON T_IDENTIFIER T_ASSIGN T_IDENTIFIER T_PLUS T_INTEGER_LITERAL T_SEMICOLON T_RIGHT_BRACE T_RETURN T_INTEGER_LITERAL T_SEMICOLON T_RIGHT_BRACE T_EOF 

State Stack: 0 8 8 9 16 18 23 50 118 118 118 118 118 118 118 118 118 118 118 118 105 202 291 380 
Symbol Stack: declaration declaration type_specifier T_IDENTIFIER T_LEFT_PAREN T_RIGHT_PAREN T_LEFT_BRACE statement statement statement statement statement statement statement statement statement statement statement statement T_FOR T_LEFT_PAREN expression T_SEMICOLON 
Input Stack: T_IDENTIFIER T_LESS T_INTEGER_LITERAL T_SEMICOLON T_IDENTIFIER T_INCREMENT T_RIGHT_PAREN T_LEFT_BRACE T_IDENTIFIER T_LEFT_SQUARE T_IDENTIFIER T_RIGHT_SQUARE T_ASSIGN T_IDENTIFIER T_SEMICOLON T_RIGHT_BRACE T_IDENTIFIER T_ASSIGN T_NOT T_IDENTIFIER T_SEMICOLON T_IDENTIFIER T_ASSIGN T_IDENTIFIER T_MOD T_INTEGER_LITERAL T_SEMICOLON T_IDENTIFIER T_ASSIGN T_IDENTIFIER T_BITAND T_INTEGER_LITERAL T_SEMICOLON T_IDENTIFIER T_ASSIGN T_IDENTIFIER T_BITOR T_INTEGER_LITERAL T_SEMICOLON T_IDENTIFIER T_ASSIGN T_IDENTIFIER T_BITXOR T_INTEGER_LITERAL T_SEMICOLON T_IDENTIFIER T_ASSIGN T_BITNOT T_IDENTIFIER T_SEMICOLON T_INT T_IDENTIFIER T_ASSIGN T_IDENTIFIER T_LEFT_PAREN T_IDENTIFIER T_COMMA T_IDENTIFIER T_RIGHT_PAREN T_SEMICOLON T_LEFT_BRACE T_INT T_IDENTIFIER T_ASSIGN T_INTEGER_LITERAL T_SEMICOLON T_IDENTIFIER T_ASSIGN T_IDENTIFIER T_PLUS T_INTEGER_LITERAL T_SEMICOLON T_RIGHT_BRACE T_RETURN T_INTEGER_LITERAL T_SEMICOLON T_RIGHT_BRACE T_EOF 

State Stack: 0 8 8 9 16 18 23 50 118 118 118 118 118 118 118 118 118 118 118 118 105 202 293 
Symbol Stack: declaration declaration type_specifier T_IDENTIFIER T_LEFT_PAREN T_RIGHT_PAREN T_LEFT_BRACE statement statement statement statement statement statement statement statement statement statement statement statement T_FOR T_LEFT_PAREN expression_stmt 
Input Stack: T_IDENTIFIER T_LESS T_INTEGER_LITERAL T_SEMICOLON T_IDENTIFIER T_INCREMENT T_RIGHT_PAREN T_LEFT_BRACE T_IDENTIFIER T_LEFT_SQUARE T_IDENTIFIER T_RIGHT_SQUARE T_ASSIGN T_IDENTIFIER T_SEMICOLON T_RIGHT_BRACE T_IDENTIFIER T_ASSIGN T_NOT T_IDENTIFIER T_SEMICOLON T_IDENTIFIER T_ASSIGN T_IDENTIFIER T_MOD T_INTEGER_LITERAL T_SEMICOLON T_IDENTIFIER T_ASSIGN T_IDENTIFIER T_BITAND T_INTEGER_LITERAL T_SEMICOLON T_IDENTIFIER T_ASSIGN T_IDENTIFIER T_BITOR T_INTEGER_LITERAL T_SEMICOLON T_IDENTIFIER T_ASSIGN T_IDENTIFIER T_BITXOR T_INTEGER_LITERAL T_SEMICOLON T_IDENTIFIER T_ASSIGN T_BITNOT T_IDENTIFIER T_SEMICOLON T_INT T_IDENTIFIER T_ASSIGN T_IDENTIFIER T_LEFT_PAREN T_IDENTIFIER T_COMMA T_IDENTIFIER T_RIGHT_PAREN T_SEMICOLON T_LEFT_BRACE T_INT T_IDENTIFIER T_ASSIGN T_INTEGER_LITERAL T_SEMICOLON T_IDENTIFIER T_ASSIGN T_IDENTIFIER T_PLUS T_INTEGER_LITERAL T_SEMICOLON T_RIGHT_BRACE T_RETURN T_INTEGER_LITERAL T_SEMICOLON T_RIGHT_BRACE T_EOF 

State Stack: 0 8 8 9 16 18 23 50 118 118 118 118 118 118 118 118 118 118 118 118 105 202 292 
Symbol Stack: declaration declaration type_specifier T_IDENTIFIER T_LEFT_PAREN T_RIGHT_PAREN T_LEFT_BRACE statement statement statement statement statement statement statement statement statement statement statement statement T_FOR T_LEFT_PAREN opt_expression_stmt 
Input Stack: T_IDENTIFIER T_LESS T_INTEGER_LITERAL T_SEMICOLON T_IDENTIFIER T_INCREMENT T_RIGHT_PAREN T_LEFT_BRACE T_IDENTIFIER T_LEFT_SQUARE T_IDENTIFIER T_RIGHT_SQUARE T_ASSIGN T_IDENTIFIER T_SEMICOLON T_RIGHT_BRACE T_IDENTIFIER T_ASSIGN T_NOT T_IDENTIFIER T_SEMICOLON T_IDENTIFIER T_ASSIGN T_IDENTIFIER T_MOD T_INTEGER_LITERAL T_SEMICOLON T_IDENTIFIER T_ASSIGN T_IDENTIFIER T_BITAND T_INTEGER_LITERAL T_SEMICOLON T_IDENTIFIER T_ASSIGN T_IDENTIFIER T_BITOR T_INTEGER_LITERAL T_SEMICOLON T_IDENTIFIER T_ASSIGN T_IDENTIFIER T_BITXOR T_INTEGER_LITERAL T_SEMICOLON T_IDENTIFIER T_ASSIGN T_BITNOT T_IDENTIFIER T_SEMICOLON T_INT T_IDENTIFIER T_ASSIGN T_IDENTIFIER T_LEFT_PAREN T_IDENTIFIER T_COMMA T_IDENTIFIER T_RIGHT_PAREN T_SEMICOLON T_LEFT_BRACE T_INT T_IDENTIFIER T_ASSIGN T_INTEGER_LITERAL T_SEMICOLON T_IDENTIFIER T_ASSIGN T_IDENTIFIER T_PLUS T_INTEGER_LITERAL T_SEMICOLON T_RIGHT_BRACE T_RETURN T_INTEGER_LITERAL T_SEMICOLON T_RIGHT_BRACE T_EOF 

State Stack: 0 8 8 9 16 18 23 50 118 118 118 118 118 118 118 118 118 118 118 118 105 202 292 29 
Symbol Stack: declaration declaration type_specifier T_IDENTIFIER T_LEFT_PAREN T_RIGHT_PAREN T_LEFT_BRACE statement statement statement statement statement statement statement statement statement statement statement statement T_FOR T_LEFT_PAREN opt_expression_stmt T_IDENTIFIER 
Input Stack: T_LESS T_INTEGER_LITERAL T_SEMICOLON T_IDENTIFIER T_INCREMENT T_RIGHT_PAREN T_LEFT_BRACE T_IDENTIFIER T_LEFT_SQUARE T_IDENTIFIER T_RIGHT_SQUARE T_ASSIGN T_IDENTIFIER T_SEMICOLON T_RIGHT_BRACE T_IDENTIFIER T_ASSIGN T_NOT T_IDENTIFIER T_SEMICOLON T_IDENTIFIER T_ASSIGN T_IDENTIFIER T_MOD T_INTEGER_LITERAL T_SEMICOLON T_IDENTIFIER T_ASSIGN T_IDENTIFIER T_BITAND T_INTEGER_LITERAL T_SEMICOLON T_IDENTIFIER T_ASSIGN T_IDENTIFIER T_BITOR T_INTEGER_LITERAL T_SEMICOLON T_IDENTIFIER T_ASSIGN T_IDENTIFIER T_BITXOR T_INTEGER_LITERAL T_SEMICOLON T_IDENTIFIER T_ASSIGN T_BITNOT T_IDENTIFIER T_SEMICOLON T_INT T_IDENTIFIER T_ASSIGN T_IDENTIFIER T_LEFT_PAREN T_IDENTIFIER T_COMMA T_IDENTIFIER T_RIGHT_PAREN T_SEMICOLON T_LEFT_BRACE T_INT T_IDENTIFIER T_ASSIGN T_INTEGER_LITERAL T_SEMICOLON T_IDENTIFIER T_ASSIGN T_IDENTIFIER T_PLUS T_INTEGER_LITERAL T_SEMICOLON T_RIGHT_BRACE T_RETURN T_INTEGER_LITERAL T_SEMICOLON T_RIGHT_BRACE T_EOF 

State Stack: 0 8 8 9 16 18 23 50 118 118 118 118 118 118 118 118 118 118 118 118 105 202 292 43 
Symbol Stack: declaration declaration type_specifier T_IDENTIFIER T_LEFT_PAREN T_RIGHT_PAREN T_LEFT_BRACE statement statement statement statement statement statement statement statement statement statement statement statement T_FOR T_LEFT_PAREN opt_expression_stmt var 
Input Stack: T_LESS T_INTEGER_LITERAL T_SEMICOLON T_IDENTIFIER T_INCREMENT T_RIGHT_PAREN T_LEFT_BRACE T_IDENTIFIER T_LEFT_SQUARE T_IDENTIFIER T_RIGHT_SQUARE T_ASSIGN T_IDENTIFIER T_SEMICOLON T_RIGHT_BRACE T_IDENTIFIER T_ASSIGN T_NOT T_IDENTIFIER T_SEMICOLON T_IDENTIFIER T_ASSIGN T_IDENTIFIER T_MOD T_INTEGER_LITERAL T_SEMICOLON T_IDENTIFIER T_ASSIGN T_IDENTIFIER T_BITAND T_INTEGER_LITERAL T_SEMICOLON T_IDENTIFIER T_ASSIGN T_IDENTIFIER T_BITOR T_INTEGER_LITERAL T_SEMICOLON T_IDENTIFIER T_ASSIGN T_IDENTIFIER T_BITXOR T_INTEGER_LITERAL T_SEMICOLON T_IDENTIFIER T_ASSIGN T_BITNOT T_IDENTIFIER T_SEMICOLON T_INT T_IDENTIFIER T_ASSIGN T_IDENTIFIER T_LEFT_PAREN T_IDENTIFIER T_COMMA T_IDENTIFIER T_RIGHT_PAREN T_SEMICOLON T_LEFT_BRACE T_INT T_IDENTIFIER T_ASSIGN T_INTEGER_LITERAL T_SEMICOLON T_IDENTIFIER T_ASSIGN T_IDENTIFIER T_PLUS T_INTEGER_LITERAL T_SEMICOLON T_RIGHT_BRACE T_RETURN T_INTEGER_LITERAL T_SEMICOLON T_RIGHT_BRACE T_EOF 

State Stack: 0 8 8 9 16 18 23 50 118 118 118 118 118 118 118 118 118 118 118 118 105 202 292 47 
Symbol Stack: declaration declaration type_specifier T_IDENTIFIER T_LEFT_PAREN T_RIGHT_PAREN T_LEFT_BRACE statement statement statement statement statement statement statement statement statement statement statement statement T_FOR T_LEFT_PAREN opt_expression_stmt factor 
Input Stack: T_LESS T_INTEGER_LITERAL T_SEMICOLON T_IDENTIFIER T_INCREMENT T_RIGHT_PAREN T_LEFT_BRACE T_IDENTIFIER T_LEFT_SQUARE T_IDENTIFIER T_RIGHT_SQUARE T_ASSIGN T_IDENTIFIER T_SEMICOLON T_RIGHT_BRACE T_IDENTIFIER T_ASSIGN T_NOT T_IDENTIFIER T_SEMICOLON T_IDENTIFIER T_ASSIGN T_IDENTIFIER T_MOD T_INTEGER_LITERAL T_SEMICOLON T_IDENTIFIER T_ASSIGN T_IDENTIFIER T_BITAND T_INTEGER_LITERAL T_SEMICOLON T_IDENTIFIER T_ASSIGN T_IDENTIFIER T_BITOR T_INTEGER_LITERAL T_SEMICOLON T_IDENTIFIER T_ASSIGN T_IDENTIFIER T_BITXOR T_INTEGER_LITERAL T_SEMICOLON T_IDENTIFIER T_ASSIGN T_BITNOT T_IDENTIFIER T_SEMICOLON T_INT T_IDENTIFIER T_ASSIGN T_IDENTIFIER T_LEFT_PAREN T_IDENTIFIER T_COMMA T_IDENTIFIER T_RIGHT_PAREN T_SEMICOLON T_LEFT_BRACE T_INT T_IDENTIFIER T_ASSIGN T_INTEGER_LITERAL T_SEMICOLON T_IDENTIFIER T_ASSIGN T_IDENTIFIER T_PLUS T_INTEGER_LITERAL T_SEMICOLON T_RIGHT_BRACE T_RETURN T_INTEGER_LITERAL T_SEMICOLON T_RIGHT_BRACE T_EOF 

State Stack: 0 8 8 9 16 18 23 50 118 118 118 118 118 118 118 118 118 118 118 118 105 202 292 40 
Symbol Stack: declaration declaration type_specifier T_IDENTIFIER T_LEFT_PAREN T_RIGHT_PAREN T_LEFT_BRACE statement statement statement statement statement statement statement statement statement statement statement statement T_FOR T_LEFT_PAREN opt_expression_stmt term 
Input Stack: T_LESS T_INTEGER_LITERAL T_SEMICOLON T_IDENTIFIER T_INCREMENT T_RIGHT_PAREN T_LEFT_BRACE T_IDENTIFIER T_LEFT_SQUARE T_IDENTIFIER T_RIGHT_SQUARE T_ASSIGN T_IDENTIFIER T_SEMICOLON T_RIGHT_BRACE T_IDENTIFIER T_ASSIGN T_NOT T_IDENTIFIER T_SEMICOLON T_IDENTIFIER T_ASSIGN T_IDENTIFIER T_MOD T_INTEGER_LITERAL T_SEMICOLON T_IDENTIFIER T_ASSIGN T_IDENTIFIER T_BITAND T_INTEGER_LITERAL T_SEMICOLON T_IDENTIFIER T_ASSIGN T_IDENTIFIER T_BITOR T_INTEGER_LITERAL T_SEMICOLON T_IDENTIFIER T_ASSIGN T_IDENTIFIER T_BITXOR T_INTEGER_LITERAL T_SEMICOLON T_IDENTIFIER T_ASSIGN T_BITNOT T_IDENTIFIER T_SEMICOLON T_INT T_IDENTIFIER T_ASSIGN T_IDENTIFIER T_LEFT_PAREN T_IDENTIFIER T_COMMA T_IDENTIFIER T_RIGHT_PAREN T_SEMICOLON T_LEFT_BRACE T_INT T_IDENTIFIER T_ASSIGN T_INTEGER_LITERAL T_SEMICOLON T_IDENTIFIER T_ASSIGN T_IDENTIFIER T_PLUS T_INTEGER_LITERAL T_SEMICOLON T_RIGHT_BRACE T_RETURN T_INTEGER_LITERAL T_SEMICOLON T_RIGHT_BRACE T_EOF 

State Stack: 0 8 8 9 16 18 23 50 118 118 118 118 118 118 118 118 118 118 118 118 105 202 292 39 
Symbol Stack: declaration declaration type_specifier T_IDENTIFIER T_LEFT_PAREN T_RIGHT_PAREN T_LEFT_BRACE statement statement statement statement statement statement statement statement statement statement statement statement T_FOR T_LEFT_PAREN opt_expression_stmt additive_expression 
Input Stack: T_LESS T_INTEGER_LITERAL T_SEMICOLON T_IDENTIFIER T_INCREMENT T_RIGHT_PAREN T_LEFT_BRACE T_IDENTIFIER T_LEFT_SQUARE T_IDENTIFIER T_RIGHT_SQUARE T_ASSIGN T_IDENTIFIER T_SEMICOLON T_RIGHT_BRACE T_IDENTIFIER T_ASSIGN T_NOT T_IDENTIFIER T_SEMICOLON T_IDENTIFIER T_ASSIGN T_IDENTIFIER T_MOD T_INTEGER_LITERAL T_SEMICOLON T_IDENTIFIER T_ASSIGN T_IDENTIFIER T_BITAND T_INTEGER_LITERAL T_SEMICOLON T_IDENTIFIER T_ASSIGN T_IDENTIFIER T_BITOR T_INTEGER_LITERAL T_SEMICOLON T_IDENTIFIER T_ASSIGN T_IDENTIFIER T_BITXOR T_INTEGER_LITERAL T_SEMICOLON T_IDENTIFIER T_ASSIGN T_BITNOT T_IDENTIFIER T_SEMICOLON T_INT T_IDENTIFIER T_ASSIGN T_IDENTIFIER T_LEFT_PAREN T_IDENTIFIER T_COMMA T_IDENTIFIER T_RIGHT_PAREN T_SEMICOLON T_LEFT_BRACE T_INT T_IDENTIFIER T_ASSIGN T_INTEGER_LITERAL T_SEMICOLON T_IDENTIFIER T_ASSIGN T_IDENTIFIER T_PLUS T_INTEGER_LITERAL T_SEMICOLON T_RIGHT_BRACE T_RETURN T_INTEGER_LITERAL T_SEMICOLON T_RIGHT_BRACE T_EOF 

State Stack: 0 8 8 9 16 18 23 50 118 118 118 118 118 118 118 118 118 118 118 118 105 202 292 39 83 
Symbol Stack: declaration declaration type_specifier T_IDENTIFIER T_LEFT_PAREN T_RIGHT_PAREN T_LEFT_BRACE statement statement statement statement statement statement statement statement statement statement statement statement T_FOR T_LEFT_PAREN opt_expression_stmt additive_expression T_LESS 
Input Stack: T_INTEGER_LITERAL T_SEMICOLON T_IDENTIFIER T_INCREMENT T_RIGHT_PAREN T_LEFT_BRACE T_IDENTIFIER T_LEFT_SQUARE T_IDENTIFIER T_RIGHT_SQUARE T_ASSIGN T_IDENTIFIER T_SEMICOLON T_RIGHT_BRACE T_IDENTIFIER T_ASSIGN T_NOT T_IDENTIFIER T_SEMICOLON T_IDENTIFIER T_ASSIGN T_IDENTIFIER T_MOD T_INTEGER_LITERAL T_SEMICOLON T_IDENTIFIER T_ASSIGN T_IDENTIFIER T_BITAND T_INTEGER_LITERAL T_SEMICOLON T_IDENTIFIER T_ASSIGN T_IDENTIFIER T_BITOR T_INTEGER_LITERAL T_SEMICOLON T_IDENTIFIER T_ASSIGN T_IDENTIFIER T_BITXOR T_INTEGER_LITERAL T_SEMICOLON T_IDENTIFIER T_ASSIGN T_BITNOT T_IDENTIFIER T_SEMICOLON T_INT T_IDENTIFIER T_ASSIGN T_IDENTIFIER T_LEFT_PAREN T_IDENTIFIER T_COMMA T_IDENTIFIER T_RIGHT_PAREN T_SEMICOLON T_LEFT_BRACE T_INT T_IDENTIFIER T_ASSIGN T_INTEGER_LITERAL T_SEMICOLON T_IDENTIFIER T_ASSIGN T_IDENTIFIER T_PLUS T_INTEGER_LITERAL T_SEMICOLON T_RIGHT_BRACE T_RETURN T_INTEGER_LITERAL T_SEMICOLON T_RIGHT_BRACE T_EOF 

State Stack: 0 8 8 9 16 18 23 50 118 118 118 118 118 118 118 118 118 118 118 118 105 202 292 39 86 
Symbol Stack: declaration declaration type_specifier T_IDENTIFIER T_LEFT_PAREN T_RIGHT_PAREN T_LEFT_BRACE statement statement statement statement statement statement statement statement statement statement statement statement T_FOR T_LEFT_PAREN opt_expression_stmt additive_expression relop 
Input Stack: T_INTEGER_LITERAL T_SEMICOLON T_IDENTIFIER T_INCREMENT T_RIGHT_PAREN T_LEFT_BRACE T_IDENTIFIER T_LEFT_SQUARE T_IDENTIFIER T_RIGHT_SQUARE T_ASSIGN T_IDENTIFIER T_SEMICOLON T_RIGHT_BRACE T_IDENTIFIER T_ASSIGN T_NOT T_IDENTIFIER T_SEMICOLON T_IDENTIFIER T_ASSIGN T_IDENTIFIER T_MOD T_INTEGER_LITERAL T_SEMICOLON T_IDENTIFIER T_ASSIGN T_IDENTIFIER T_BITAND T_INTEGER_LITERAL T_SEMICOLON T_IDENTIFIER T_ASSIGN T_IDENTIFIER T_BITOR T_INTEGER_LITERAL T_SEMICOLON T_IDENTIFIER T_ASSIGN T_IDENTIFIER T_BITXOR T_INTEGER_LITERAL T_SEMICOLON T_IDENTIFIER T_ASSIGN T_BITNOT T_IDENTIFIER T_SEMICOLON T_INT T_IDENTIFIER T_ASSIGN T_IDENTIFIER T_LEFT_PAREN T_IDENTIFIER T_COMMA T_IDENTIFIER T_RIGHT_PAREN T_SEMICOLON T_LEFT_BRACE T_INT T_IDENTIFIER T_ASSIGN T_INTEGER_LITERAL T_SEMICOLON T_IDENTIFIER T_ASSIGN T_IDENTIFIER T_PLUS T_INTEGER_LITERAL T_SEMICOLON T_RIGHT_BRACE T_RETURN T_INTEGER_LITERAL T_SEMICOLON T_RIGHT_BRACE T_EOF 

State Stack: 0 8 8 9 16 18 23 50 118 118 118 118 118 118 118 118 118 118 118 118 105 202 292 39 86 186 
Symbol Stack: declaration declaration type_specifier T_IDENTIFIER T_LEFT_PAREN T_RIGHT_PAREN T_LEFT_BRACE statement statement statement statement statement statement statement statement statement statement statement statement T_FOR T_LEFT_PAREN opt_expression_stmt additive_expression relop T_INTEGER_LITERAL 
Input Stack: T_SEMICOLON T_IDENTIFIER T_INCREMENT T_RIGHT_PAREN T_LEFT_BRACE T_IDENTIFIER T_LEFT_SQUARE T_IDENTIFIER T_RIGHT_SQUARE T_ASSIGN T_IDENTIFIER T_SEMICOLON T_RIGHT_BRACE T_IDENTIFIER T_ASSIGN T_NOT T_IDENTIFIER T_SEMICOLON T_IDENTIFIER T_ASSIGN T_IDENTIFIER T_MOD T_INTEGER_LITERAL T_SEMICOLON T_IDENTIFIER T_ASSIGN T_IDENTIFIER T_BITAND T_INTEGER_LITERAL T_SEMICOLON T_IDENTIFIER T_ASSIGN T_IDENTIFIER T_BITOR T_INTEGER_LITERAL T_SEMICOLON T_IDENTIFIER T_ASSIGN T_IDENTIFIER T_BITXOR T_INTEGER_LITERAL T_SEMICOLON T_IDENTIFIER T_ASSIGN T_BITNOT T_IDENTIFIER T_SEMICOLON T_INT T_IDENTIFIER T_ASSIGN T_IDENTIFIER T_LEFT_PAREN T_IDENTIFIER T_COMMA T_IDENTIFIER T_RIGHT_PAREN T_SEMICOLON T_LEFT_BRACE T_INT T_IDENTIFIER T_ASSIGN T_INTEGER_LITERAL T_SEMICOLON T_IDENTIFIER T_ASSIGN T_IDENTIFIER T_PLUS T_INTEGER_LITERAL T_SEMICOLON T_RIGHT_BRACE T_RETURN T_INTEGER_LITERAL T_SEMICOLON T_RIGHT_BRACE T_EOF 

State Stack: 0 8 8 9 16 18 23 50 118 118 118 118 118 118 118 118 118 118 118 118 105 202 292 39 86 195 
Symbol Stack: declaration declaration type_specifier T_IDENTIFIER T_LEFT_PAREN T_RIGHT_PAREN T_LEFT_BRACE statement statement statement statement statement statement statement statement statement statement statement statement T_FOR T_LEFT_PAREN opt_expression_stmt additive_expression relop factor 
Input Stack: T_SEMICOLON T_IDENTIFIER T_INCREMENT T_RIGHT_PAREN T_LEFT_BRACE T_IDENTIFIER T_LEFT_SQUARE T_IDENTIFIER T_RIGHT_SQUARE T_ASSIGN T_IDENTIFIER T_SEMICOLON T_RIGHT_BRACE T_IDENTIFIER T_ASSIGN T_NOT T_IDENTIFIER T_SEMICOLON T_IDENTIFIER T_ASSIGN T_IDENTIFIER T_MOD T_INTEGER_LITERAL T_SEMICOLON T_IDENTIFIER T_ASSIGN T_IDENTIFIER T_BITAND T_INTEGER_LITERAL T_SEMICOLON T_IDENTIFIER T_ASSIGN T_IDENTIFIER T_BITOR T_INTEGER_LITERAL T_SEMICOLON T_IDENTIFIER T_ASSIGN T_IDENTIFIER T_BITXOR T_INTEGER_LITERAL T_SEMICOLON T_IDENTIFIER T_ASSIGN T_BITNOT T_IDENTIFIER T_SEMICOLON T_INT T_IDENTIFIER T_ASSIGN T_IDENTIFIER T_LEFT_PAREN T_IDENTIFIER T_COMMA T_IDENTIFIER T_RIGHT_PAREN T_SEMICOLON T_LEFT_BRACE T_INT T_IDENTIFIER T_ASSIGN T_INTEGER_LITERAL T_SEMICOLON T_IDENTIFIER T_ASSIGN T_IDENTIFIER T_PLUS T_INTEGER_LITERAL T_SEMICOLON T_RIGHT_BRACE T_RETURN T_INTEGER_LITERAL T_SEMICOLON T_RIGHT_BRACE T_EOF 

State Stack: 0 8 8 9 16 18 23 50 118 118 118 118 118 118 118 118 118 118 118 118 105 202 292 39 86 191 
Symbol Stack: declaration declaration type_specifier T_IDENTIFIER T_LEFT_PAREN T_RIGHT_PAREN T_LEFT_BRACE statement statement statement statement statement statement statement statement statement statement statement statement T_FOR T_LEFT_PAREN opt_expression_stmt additive_expression relop term 
Input Stack: T_SEMICOLON T_IDENTIFIER T_INCREMENT T_RIGHT_PAREN T_LEFT_BRACE T_IDENTIFIER T_LEFT_SQUARE T_IDENTIFIER T_RIGHT_SQUARE T_ASSIGN T_IDENTIFIER T_SEMICOLON T_RIGHT_BRACE T_IDENTIFIER T_ASSIGN T_NOT T_IDENTIFIER T_SEMICOLON T_IDENTIFIER T_ASSIGN T_IDENTIFIER T_MOD T_INTEGER_LITERAL T_SEMICOLON T_IDENTIFIER T_ASSIGN T_IDENTIFIER T_BITAND T_INTEGER_LITERAL T_SEMICOLON T_IDENTIFIER T_ASSIGN T_IDENTIFIER T_BITOR T_INTEGER_LITERAL T_SEMICOLON T_IDENTIFIER T_ASSIGN T_IDENTIFIER T_BITXOR T_INTEGER_LITERAL T_SEMICOLON T_IDENTIFIER T_ASSIGN T_BITNOT T_IDENTIFIER T_SEMICOLON T_INT T_IDENTIFIER T_ASSIGN T_IDENTIFIER T_LEFT_PAREN T_IDENTIFIER T_COMMA T_IDENTIFIER T_RIGHT_PAREN T_SEMICOLON T_LEFT_BRACE T_INT T_IDENTIFIER T_ASSIGN T_INTEGER_LITERAL T_SEMICOLON T_IDENTIFIER T_ASSIGN T_IDENTIFIER T_PLUS T_INTEGER_LITERAL T_SEMICOLON T_RIGHT_BRACE T_RETURN T_INTEGER_LITERAL T_SEMICOLON T_RIGHT_BRACE T_EOF 

State Stack: 0 8 8 9 16 18 23 50 118 118 118 118 118 118 118 118 118 118 118 118 105 202 292 39 86 190 
Symbol Stack: declaration declaration type_specifier T_IDENTIFIER T_LEFT_PAREN T_RIGHT_PAREN T_LEFT_BRACE statement statement statement statement statement statement statement statement statement statement statement statement T_FOR T_LEFT_PAREN opt_expression_stmt additive_expression relop additive_expression 
Input Stack: T_SEMICOLON T_IDENTIFIER T_INCREMENT T_RIGHT_PAREN T_LEFT_BRACE T_IDENTIFIER T_LEFT_SQUARE T_IDENTIFIER T_RIGHT_SQUARE T_ASSIGN T_IDENTIFIER T_SEMICOLON T_RIGHT_BRACE T_IDENTIFIER T_ASSIGN T_NOT T_IDENTIFIER T_SEMICOLON T_IDENTIFIER T_ASSIGN T_IDENTIFIER T_MOD T_INTEGER_LITERAL T_SEMICOLON T_IDENTIFIER T_ASSIGN T_IDENTIFIER T_BITAND T_INTEGER_LITERAL T_SEMICOLON T_IDENTIFIER T_ASSIGN T_IDENTIFIER T_BITOR T_INTEGER_LITERAL T_SEMICOLON T_IDENTIFIER T_ASSIGN T_IDENTIFIER T_BITXOR T_INTEGER_LITERAL T_SEMICOLON T_IDENTIFIER T_ASSIGN T_BITNOT T_IDENTIFIER T_SEMICOLON T_INT T_IDENTIFIER T_ASSIGN T_IDENTIFIER T_LEFT_PAREN T_IDENTIFIER T_COMMA T_IDENTIFIER T_RIGHT_PAREN T_SEMICOLON T_LEFT_BRACE T_INT T_IDENTIFIER T_ASSIGN T_INTEGER_LITERAL T_SEMICOLON T_IDENTIFIER T_ASSIGN T_IDENTIFIER T_PLUS T_INTEGER_LITERAL T_SEMICOLON T_RIGHT_BRACE T_RETURN T_INTEGER_LITERAL T_SEMICOLON T_RIGHT_BRACE T_EOF 

State Stack: 0 8 8 9 16 18 23 50 118 118 118 118 118 118 118 118 118 118 118 118 105 202 292 42 
Symbol Stack: declaration declaration type_specifier T_IDENTIFIER T_LEFT_PAREN T_RIGHT_PAREN T_LEFT_BRACE statement statement statement statement statement statement statement statement statement statement statement statement T_FOR T_LEFT_PAREN opt_expression_stmt simple_expression 
Input Stack: T_SEMICOLON T_IDENTIFIER T_INCREMENT T_RIGHT_PAREN T_LEFT_BRACE T_IDENTIFIER T_LEFT_SQUARE T_IDENTIFIER T_RIGHT_SQUARE T_ASSIGN T_IDENTIFIER T_SEMICOLON T_RIGHT_BRACE T_IDENTIFIER T_ASSIGN T_NOT T_IDENTIFIER T_SEMICOLON T_IDENTIFIER T_ASSIGN T_IDENTIFIER T_MOD T_INTEGER_LITERAL T_SEMICOLON T_IDENTIFIER T_ASSIGN T_IDENTIFIER T_BITAND T_INTEGER_LITERAL T_SEMICOLON T_IDENTIFIER T_ASSIGN T_IDENTIFIER T_BITOR T_INTEGER_LITERAL T_SEMICOLON T_IDENTIFIER T_ASSIGN T_IDENTIFIER T_BITXOR T_INTEGER_LITERAL T_SEMICOLON T_IDENTIFIER T_ASSIGN T_BITNOT T_IDENTIFIER T_SEMICOLON T_INT T_IDENTIFIER T_ASSIGN T_IDENTIFIER T_LEFT_PAREN T_IDENTIFIER T_COMMA T_IDENTIFIER T_RIGHT_PAREN T_SEMICOLON T_LEFT_BRACE T_INT T_IDENTIFIER T_ASSIGN T_INTEGER_LITERAL T_SEMICOLON T_IDENTIFIER T_ASSIGN T_IDENTIFIER T_PLUS T_INTEGER_LITERAL T_SEMICOLON T_RIGHT_BRACE T_RETURN T_INTEGER_LITERAL T_SEMICOLON T_RIGHT_BRACE T_EOF 

State Stack: 0 8 8 9 16 18 23 50 118 118 118 118 118 118 118 118 118 118 118 118 105 202 292 382 
Symbol Stack: declaration declaration type_specifier T_IDENTIFIER T_LEFT_PAREN T_RIGHT_PAREN T_LEFT_BRACE statement statement statement statement statement statement statement statement statement statement statement statement T_FOR T_LEFT_PAREN opt_expression_stmt expression 
Input Stack: T_SEMICOLON T_IDENTIFIER T_INCREMENT T_RIGHT_PAREN T_LEFT_BRACE T_IDENTIFIER T_LEFT_SQUARE T_IDENTIFIER T_RIGHT_SQUARE T_ASSIGN T_IDENTIFIER T_SEMICOLON T_RIGHT_BRACE T_IDENTIFIER T_ASSIGN T_NOT T_IDENTIFIER T_SEMICOLON T_IDENTIFIER T_ASSIGN T_IDENTIFIER T_MOD T_INTEGER_LITERAL T_SEMICOLON T_IDENTIFIER T_ASSIGN T_IDENTIFIER T_BITAND T_INTEGER_LITERAL T_SEMICOLON T_IDENTIFIER T_ASSIGN T_IDENTIFIER T_BITOR T_INTEGER_LITERAL T_SEMICOLON T_IDENTIFIER T_ASSIGN T_IDENTIFIER T_BITXOR T_INTEGER_LITERAL T_SEMICOLON T_IDENTIFIER T_ASSIGN T_BITNOT T_IDENTIFIER T_SEMICOLON T_INT T_IDENTIFIER T_ASSIGN T_IDENTIFIER T_LEFT_PAREN T_IDENTIFIER T_COMMA T_IDENTIFIER T_RIGHT_PAREN T_SEMICOLON T_LEFT_BRACE T_INT T_IDENTIFIER T_ASSIGN T_INTEGER_LITERAL T_SEMICOLON T_IDENTIFIER T_ASSIGN T_IDENTIFIER T_PLUS T_INTEGER_LITERAL T_SEMICOLON T_RIGHT_BRACE T_RETURN T_INTEGER_LITERAL T_SEMICOLON T_RIGHT_BRACE T_EOF 

State Stack: 0 8 8 9 16 18 23 50 118 118 118 118 118 118 118 118 118 118 118 118 105 202 292 382 438 
Symbol Stack: declaration declaration type_specifier T_IDENTIFIER T_LEFT_PAREN T_RIGHT_PAREN T_LEFT_BRACE statement statement statement statement statement statement statement statement statement statement statement statement T_FOR T_LEFT_PAREN opt_expression_stmt expression T_SEMICOLON 
Input Stack: T_IDENTIFIER T_INCREMENT T_RIGHT_PAREN T_LEFT_BRACE T_IDENTIFIER T_LEFT_SQUARE T_IDENTIFIER T_RIGHT_SQUARE T_ASSIGN T_IDENTIFIER T_SEMICOLON T_RIGHT_BRACE T_IDENTIFIER T_ASSIGN T_NOT T_IDENTIFIER T_SEMICOLON T_IDENTIFIER T_ASSIGN T_IDENTIFIER T_MOD T_INTEGER_LITERAL T_SEMICOLON T_IDENTIFIER T_ASSIGN T_IDENTIFIER T_BITAND T_INTEGER_LITERAL T_SEMICOLON T_IDENTIFIER T_ASSIGN T_IDENTIFIER T_BITOR T_INTEGER_LITERAL T_SEMICOLON T_IDENTIFIER T_ASSIGN T_IDENTIFIER T_BITXOR T_INTEGER_LITERAL T_SEMICOLON T_IDENTIFIER T_ASSIGN T_BITNOT T_IDENTIFIER T_SEMICOLON T_INT T_IDENTIFIER T_ASSIGN T_IDENTIFIER T_LEFT_PAREN T_IDENTIFIER T_COMMA T_IDENTIFIER T_RIGHT_PAREN T_SEMICOLON T_LEFT_BRACE T_INT T_IDENTIFIER T_ASSIGN T_INTEGER_LITERAL T_SEMICOLON T_IDENTIFIER T_ASSIGN T_IDENTIFIER T_PLUS T_INTEGER_LITERAL T_SEMICOLON T_RIGHT_BRACE T_RETURN T_INTEGER_LITERAL T_SEMICOLON T_RIGHT_BRACE T_EOF 

State Stack: 0 8 8 9 16 18 23 50 118 118 118 118 118 118 118 118 118 118 118 118 105 202 292 384 
Symbol Stack: declaration declaration type_specifier T_IDENTIFIER T_LEFT_PAREN T_RIGHT_PAREN T_LEFT_BRACE statement statement statement statement statement statement statement statement statement statement statement statement T_FOR T_LEFT_PAREN opt_expression_stmt expression_stmt 
Input Stack: T_IDENTIFIER T_INCREMENT T_RIGHT_PAREN T_LEFT_BRACE T_IDENTIFIER T_LEFT_SQUARE T_IDENTIFIER T_RIGHT_SQUARE T_ASSIGN T_IDENTIFIER T_SEMICOLON T_RIGHT_BRACE T_IDENTIFIER T_ASSIGN T_NOT T_IDENTIFIER T_SEMICOLON T_IDENTIFIER T_ASSIGN T_IDENTIFIER T_MOD T_INTEGER_LITERAL T_SEMICOLON T_IDENTIFIER T_ASSIGN T_IDENTIFIER T_BITAND T_INTEGER_LITERAL T_SEMICOLON T_IDENTIFIER T_ASSIGN T_IDENTIFIER T_BITOR T_INTEGER_LITERAL T_SEMICOLON T_IDENTIFIER T_ASSIGN T_IDENTIFIER T_BITXOR T_INTEGER_LITERAL T_SEMICOLON T_IDENTIFIER T_ASSIGN T_BITNOT T_IDENTIFIER T_SEMICOLON T_INT T_IDENTIFIER T_ASSIGN T_IDENTIFIER T_LEFT_PAREN T_IDENTIFIER T_COMMA T_IDENTIFIER T_RIGHT_PAREN T_SEMICOLON T_LEFT_BRACE T_INT T_IDENTIFIER T_ASSIGN T_INTEGER_LITERAL T_SEMICOLON T_IDENTIFIER T_ASSIGN T_IDENTIFIER T_PLUS T_INTEGER_LITERAL T_SEMICOLON T_RIGHT_BRACE T_RETURN T_INTEGER_LITERAL T_SEMICOLON T_RIGHT_BRACE T_EOF 

State Stack: 0 8 8 9 16 18 23 50 118 118 118 118 118 118 118 118 118 118 118 118 105 202 292 383 
Symbol Stack: declaration declaration type_specifier T_IDENTIFIER T_LEFT_PAREN T_RIGHT_PAREN T_LEFT_BRACE statement statement statement statement statement statement statement statement statement statement statement statement T_FOR T_LEFT_PAREN opt_expression_stmt opt_expression_stmt 
Input Stack: T_IDENTIFIER T_INCREMENT T_RIGHT_PAREN T_LEFT_BRACE T_IDENTIFIER T_LEFT_SQUARE T_IDENTIFIER T_RIGHT_SQUARE T_ASSIGN T_IDENTIFIER T_SEMICOLON T_RIGHT_BRACE T_IDENTIFIER T_ASSIGN T_NOT T_IDENTIFIER T_SEMICOLON T_IDENTIFIER T_ASSIGN T_IDENTIFIER T_MOD T_INTEGER_LITERAL T_SEMICOLON T_IDENTIFIER T_ASSIGN T_IDENTIFIER T_BITAND T_INTEGER_LITERAL T_SEMICOLON T_IDENTIFIER T_ASSIGN T_IDENTIFIER T_BITOR T_INTEGER_LITERAL T_SEMICOLON T_IDENTIFIER T_ASSIGN T_IDENTIFIER T_BITXOR T_INTEGER_LITERAL T_SEMICOLON T_IDENTIFIER T_ASSIGN T_BITNOT T_IDENTIFIER T_SEMICOLON T_INT T_IDENTIFIER T_ASSIGN T_IDENTIFIER T_LEFT_PAREN T_IDENTIFIER T_COMMA T_IDENTIFIER T_RIGHT_PAREN T_SEMICOLON T_LEFT_BRACE T_INT T_IDENTIFIER T_ASSIGN T_INTEGER_LITERAL T_SEMICOLON T_IDENTIFIER T_ASSIGN T_IDENTIFIER T_PLUS T_INTEGER_LITERAL T_SEMICOLON T_RIGHT_BRACE T_RETURN T_INTEGER_LITERAL T_SEMICOLON T_RIGHT_BRACE T_EOF 

State Stack: 0 8 8 9 16 18 23 50 118 118 118 118 118 118 118 118 118 118 118 118 105 202 292 383 60 
Symbol Stack: declaration declaration type_specifier T_IDENTIFIER T_LEFT_PAREN T_RIGHT_PAREN T_LEFT_BRACE statement statement statement statement statement statement statement statement statement statement statement statement T_FOR T_LEFT_PAREN opt_expression_stmt opt_expression_stmt T_IDENTIFIER 
Input Stack: T_INCREMENT T_RIGHT_PAREN T_LEFT_BRACE T_IDENTIFIER T_LEFT_SQUARE T_IDENTIFIER T_RIGHT_SQUARE T_ASSIGN T_IDENTIFIER T_SEMICOLON T_RIGHT_BRACE T_IDENTIFIER T_ASSIGN T_NOT T_IDENTIFIER T_SEMICOLON T_IDENTIFIER T_ASSIGN T_IDENTIFIER T_MOD T_INTEGER_LITERAL T_SEMICOLON T_IDENTIFIER T_ASSIGN T_IDENTIFIER T_BITAND T_INTEGER_LITERAL T_SEMICOLON T_IDENTIFIER T_ASSIGN T_IDENTIFIER T_BITOR T_INTEGER_LITERAL T_SEMICOLON T_IDENTIFIER T_ASSIGN T_IDENTIFIER T_BITXOR T_INTEGER_LITERAL T_SEMICOLON T_IDENTIFIER T_ASSIGN T_BITNOT T_IDENTIFIER T_SEMICOLON T_INT T_IDENTIFIER T_ASSIGN T_IDENTIFIER T_LEFT_PAREN T_IDENTIFIER T_COMMA T_IDENTIFIER T_RIGHT_PAREN T_SEMICOLON T_LEFT_BRACE T_INT T_IDENTIFIER T_ASSIGN T_INTEGER_LITERAL T_SEMICOLON T_IDENTIFIER T_ASSIGN T_IDENTIFIER T_PLUS T_INTEGER_LITERAL T_SEMICOLON T_RIGHT_BRACE T_RETURN T_INTEGER_LITERAL T_SEMICOLON T_RIGHT_BRACE T_EOF 

State Stack: 0 8 8 9 16 18 23 50 118 118 118 118 118 118 118 118 118 118 118 118 105 202 292 383 72 
Symbol Stack: declaration declaration type_specifier T_IDENTIFIER T_LEFT_PAREN T_RIGHT_PAREN T_LEFT_BRACE statement statement statement statement statement statement statement statement statement statement statement statement T_FOR T_LEFT_PAREN opt_expression_stmt opt_expression_stmt var 
Input Stack: T_INCREMENT T_RIGHT_PAREN T_LEFT_BRACE T_IDENTIFIER T_LEFT_SQUARE T_IDENTIFIER T_RIGHT_SQUARE T_ASSIGN T_IDENTIFIER T_SEMICOLON T_RIGHT_BRACE T_IDENTIFIER T_ASSIGN T_NOT T_IDENTIFIER T_SEMICOLON T_IDENTIFIER T_ASSIGN T_IDENTIFIER T_MOD T_INTEGER_LITERAL T_SEMICOLON T_IDENTIFIER T_ASSIGN T_IDENTIFIER T_BITAND T_INTEGER_LITERAL T_SEMICOLON T_IDENTIFIER T_ASSIGN T_IDENTIFIER T_BITOR T_INTEGER_LITERAL T_SEMICOLON T_IDENTIFIER T_ASSIGN T_IDENTIFIER T_BITXOR T_INTEGER_LITERAL T_SEMICOLON T_IDENTIFIER T_ASSIGN T_BITNOT T_IDENTIFIER T_SEMICOLON T_INT T_IDENTIFIER T_ASSIGN T_IDENTIFIER T_LEFT_PAREN T_IDENTIFIER T_COMMA T_IDENTIFIER T_RIGHT_PAREN T_SEMICOLON T_LEFT_BRACE T_INT T_IDENTIFIER T_ASSIGN T_INTEGER_LITERAL T_SEMICOLON T_IDENTIFIER T_ASSIGN T_IDENTIFIER T_PLUS T_INTEGER_LITERAL T_SEMICOLON T_RIGHT_BRACE T_RETURN T_INTEGER_LITERAL T_SEMICOLON T_RIGHT_BRACE T_EOF 

State Stack: 0 8 8 9 16 18 23 50 118 118 118 118 118 118 118 118 118 118 118 118 105 202 292 383 72 173 
Symbol Stack: declaration declaration type_specifier T_IDENTIFIER T_LEFT_PAREN T_RIGHT_PAREN T_LEFT_BRACE statement statement statement statement statement statement statement statement statement statement statement statement T_FOR T_LEFT_PAREN opt_expression_stmt opt_expression_stmt var T_INCREMENT 
Input Stack: T_RIGHT_PAREN T_LEFT_BRACE T_IDENTIFIER T_LEFT_SQUARE T_IDENTIFIER T_RIGHT_SQUARE T_ASSIGN T_IDENTIFIER T_SEMICOLON T_RIGHT_BRACE T_IDENTIFIER T_ASSIGN T_NOT T_IDENTIFIER T_SEMICOLON T_IDENTIFIER T_ASSIGN T_IDENTIFIER T_MOD T_INTEGER_LITERAL T_SEMICOLON T_IDENTIFIER T_ASSIGN T_IDENTIFIER T_BITAND T_INTEGER_LITERAL T_SEMICOLON T_IDENTIFIER T_ASSIGN T_IDENTIFIER T_BITOR T_INTEGER_LITERAL T_SEMICOLON T_IDENTIFIER T_ASSIGN T_IDENTIFIER T_BITXOR T_INTEGER_LITERAL T_SEMICOLON T_IDENTIFIER T_ASSIGN T_BITNOT T_IDENTIFIER T_SEMICOLON T_INT T_IDENTIFIER T_ASSIGN T_IDENTIFIER T_LEFT_PAREN T_IDENTIFIER T_COMMA T_IDENTIFIER T_RIGHT_PAREN T_SEMICOLON T_LEFT_BRACE T_INT T_IDENTIFIER T_ASSIGN T_INTEGER_LITERAL T_SEMICOLON T_IDENTIFIER T_ASSIGN T_IDENTIFIER T_PLUS T_INTEGER_LITERAL T_SEMICOLON T_RIGHT_BRACE T_RETURN T_INTEGER_LITERAL T_SEMICOLON T_RIGHT_BRACE T_EOF 

State Stack: 0 8 8 9 16 18 23 50 118 118 118 118 118 118 118 118 118 118 118 118 105 202 292 383 72 174 
Symbol Stack: declaration declaration type_specifier T_IDENTIFIER T_LEFT_PAREN T_RIGHT_PAREN T_LEFT_BRACE statement statement statement statement statement statement statement statement statement statement statement statement T_FOR T_LEFT_PAREN opt_expression_stmt opt_expression_stmt var inc_dec_operator 
Input Stack: T_RIGHT_PAREN T_LEFT_BRACE T_IDENTIFIER T_LEFT_SQUARE T_IDENTIFIER T_RIGHT_SQUARE T_ASSIGN T_IDENTIFIER T_SEMICOLON T_RIGHT_BRACE T_IDENTIFIER T_ASSIGN T_NOT T_IDENTIFIER T_SEMICOLON T_IDENTIFIER T_ASSIGN T_IDENTIFIER T_MOD T_INTEGER_LITERAL T_SEMICOLON T_IDENTIFIER T_ASSIGN T_IDENTIFIER T_BITAND T_INTEGER_LITERAL T_SEMICOLON T_IDENTIFIER T_ASSIGN T_IDENTIFIER T_BITOR T_INTEGER_LITERAL T_SEMICOLON T_IDENTIFIER T_ASSIGN T_IDENTIFIER T_BITXOR T_INTEGER_LITERAL T_SEMICOLON T_IDENTIFIER T_ASSIGN T_BITNOT T_IDENTIFIER T_SEMICOLON T_INT T_IDENTIFIER T_ASSIGN T_IDENTIFIER T_LEFT_PAREN T_IDENTIFIER T_COMMA T_IDENTIFIER T_RIGHT_PAREN T_SEMICOLON T_LEFT_BRACE T_INT T_IDENTIFIER T_ASSIGN T_INTEGER_LITERAL T_SEMICOLON T_IDENTIFIER T_ASSIGN T_IDENTIFIER T_PLUS T_INTEGER_LITERAL T_SEMICOLON T_RIGHT_BRACE T_RETURN T_INTEGER_LITERAL T_SEMICOLON T_RIGHT_BRACE T_EOF 

State Stack: 0 8 8 9 16 18 23 50 118 118 118 118 118 118 118 118 118 118 118 118 105 202 292 383 70 
Symbol Stack: declaration declaration type_specifier T_IDENTIFIER T_LEFT_PAREN T_RIGHT_PAREN T_LEFT_BRACE statement statement statement statement statement statement statement statement statement statement statement statement T_FOR T_LEFT_PAREN opt_expression_stmt opt_expression_stmt postfix_expression 
Input Stack: T_RIGHT_PAREN T_LEFT_BRACE T_IDENTIFIER T_LEFT_SQUARE T_IDENTIFIER T_RIGHT_SQUARE T_ASSIGN T_IDENTIFIER T_SEMICOLON T_RIGHT_BRACE T_IDENTIFIER T_ASSIGN T_NOT T_IDENTIFIER T_SEMICOLON T_IDENTIFIER T_ASSIGN T_IDENTIFIER T_MOD T_INTEGER_LITERAL T_SEMICOLON T_IDENTIFIER T_ASSIGN T_IDENTIFIER T_BITAND T_INTEGER_LITERAL T_SEMICOLON T_IDENTIFIER T_ASSIGN T_IDENTIFIER T_BITOR T_INTEGER_LITERAL T_SEMICOLON T_IDENTIFIER T_ASSIGN T_IDENTIFIER T_BITXOR T_INTEGER_LITERAL T_SEMICOLON T_IDENTIFIER T_ASSIGN T_BITNOT T_IDENTIFIER T_SEMICOLON T_INT T_IDENTIFIER T_ASSIGN T_IDENTIFIER T_LEFT_PAREN T_IDENTIFIER T_COMMA T_IDENTIFIER T_RIGHT_PAREN T_SEMICOLON T_LEFT_BRACE T_INT T_IDENTIFIER T_ASSIGN T_INTEGER_LITERAL T_SEMICOLON T_IDENTIFIER T_ASSIGN T_IDENTIFIER T_PLUS T_INTEGER_LITERAL T_SEMICOLON T_RIGHT_BRACE T_RETURN T_INTEGER_LITERAL T_SEMICOLON T_RIGHT_BRACE T_EOF 

State Stack: 0 8 8 9 16 18 23 50 118 118 118 118 118 118 118 118 118 118 118 118 105 202 292 383 69 
Symbol Stack: declaration declaration type_specifier T_IDENTIFIER T_LEFT_PAREN T_RIGHT_PAREN T_LEFT_BRACE statement statement statement statement statement statement statement statement statement statement statement statement T_FOR T_LEFT_PAREN opt_expression_stmt opt_expression_stmt term 
Input Stack: T_RIGHT_PAREN T_LEFT_BRACE T_IDENTIFIER T_LEFT_SQUARE T_IDENTIFIER T_RIGHT_SQUARE T_ASSIGN T_IDENTIFIER T_SEMICOLON T_RIGHT_BRACE T_IDENTIFIER T_ASSIGN T_NOT T_IDENTIFIER T_SEMICOLON T_IDENTIFIER T_ASSIGN T_IDENTIFIER T_MOD T_INTEGER_LITERAL T_SEMICOLON T_IDENTIFIER T_ASSIGN T_IDENTIFIER T_BITAND T_INTEGER_LITERAL T_SEMICOLON T_IDENTIFIER T_ASSIGN T_IDENTIFIER T_BITOR T_INTEGER_LITERAL T_SEMICOLON T_IDENTIFIER T_ASSIGN T_IDENTIFIER T_BITXOR T_INTEGER_LITERAL T_SEMICOLON T_IDENTIFIER T_ASSIGN T_BITNOT T_IDENTIFIER T_SEMICOLON T_INT T_IDENTIFIER T_ASSIGN T_IDENTIFIER T_LEFT_PAREN T_IDENTIFIER T_COMMA T_IDENTIFIER T_RIGHT_PAREN T_SEMICOLON T_LEFT_BRACE T_INT T_IDENTIFIER T_ASSIGN T_INTEGER_LITERAL T_SEMICOLON T_IDENTIFIER T_ASSIGN T_IDENTIFIER T_PLUS T_INTEGER_LITERAL T_SEMICOLON T_RIGHT_BRACE T_RETURN T_INTEGER_LITERAL T_SEMICOLON T_RIGHT_BRACE T_EOF 

State Stack: 0 8 8 9 16 18 23 50 118 118 118 118 118 118 118 118 118 118 118 118 105 202 292 383 68 
Symbol Stack: declaration declaration type_specifier T_IDENTIFIER T_LEFT_PAREN T_RIGHT_PAREN T_LEFT_BRACE statement statement statement statement statement statement statement statement statement statement statement statement T_FOR T_LEFT_PAREN opt_expression_stmt opt_expression_stmt additive_expression 
Input Stack: T_RIGHT_PAREN T_LEFT_BRACE T_IDENTIFIER T_LEFT_SQUARE T_IDENTIFIER T_RIGHT_SQUARE T_ASSIGN T_IDENTIFIER T_SEMICOLON T_RIGHT_BRACE T_IDENTIFIER T_ASSIGN T_NOT T_IDENTIFIER T_SEMICOLON T_IDENTIFIER T_ASSIGN T_IDENTIFIER T_MOD T_INTEGER_LITERAL T_SEMICOLON T_IDENTIFIER T_ASSIGN T_IDENTIFIER T_BITAND T_INTEGER_LITERAL T_SEMICOLON T_IDENTIFIER T_ASSIGN T_IDENTIFIER T_BITOR T_INTEGER_LITERAL T_SEMICOLON T_IDENTIFIER T_ASSIGN T_IDENTIFIER T_BITXOR T_INTEGER_LITERAL T_SEMICOLON T_IDENTIFIER T_ASSIGN T_BITNOT T_IDENTIFIER T_SEMICOLON T_INT T_IDENTIFIER T_ASSIGN T_IDENTIFIER T_LEFT_PAREN T_IDENTIFIER T_COMMA T_IDENTIFIER T_RIGHT_PAREN T_SEMICOLON T_LEFT_BRACE T_INT T_IDENTIFIER T_ASSIGN T_INTEGER_LITERAL T_SEMICOLON T_IDENTIFIER T_ASSIGN T_IDENTIFIER T_PLUS T_INTEGER_LITERAL T_SEMICOLON T_RIGHT_BRACE T_RETURN T_INTEGER_LITERAL T_SEMICOLON T_RIGHT_BRACE T_EOF 

State Stack: 0 8 8 9 16 18 23 50 118 118 118 118 118 118 118 118 118 118 118 118 105 202 292 383 71 
Symbol Stack: declaration declaration type_specifier T_IDENTIFIER T_LEFT_PAREN T_RIGHT_PAREN T_LEFT_BRACE statement statement statement statement statement statement statement statement statement statement statement statement T_FOR T_LEFT_PAREN opt_expression_stmt opt_expression_stmt simple_expression 
Input Stack: T_RIGHT_PAREN T_LEFT_BRACE T_IDENTIFIER T_LEFT_SQUARE T_IDENTIFIER T_RIGHT_SQUARE T_ASSIGN T_IDENTIFIER T_SEMICOLON T_RIGHT_BRACE T_IDENTIFIER T_ASSIGN T_NOT T_IDENTIFIER T_SEMICOLON T_IDENTIFIER T_ASSIGN T_IDENTIFIER T_MOD T_INTEGER_LITERAL T_SEMICOLON T_IDENTIFIER T_ASSIGN T_IDENTIFIER T_BITAND T_INTEGER_LITERAL T_SEMICOLON T_IDENTIFIER T_ASSIGN T_IDENTIFIER T_BITOR T_INTEGER_LITERAL T_SEMICOLON T_IDENTIFIER T_ASSIGN T_IDENTIFIER T_BITXOR T_INTEGER_LITERAL T_SEMICOLON T_IDENTIFIER T_ASSIGN T_BITNOT T_IDENTIFIER T_SEMICOLON T_INT T_IDENTIFIER T_ASSIGN T_IDENTIFIER T_LEFT_PAREN T_IDENTIFIER T_COMMA T_IDENTIFIER T_RIGHT_PAREN T_SEMICOLON T_LEFT_BRACE T_INT T_IDENTIFIER T_ASSIGN T_INTEGER_LITERAL T_SEMICOLON T_IDENTIFIER T_ASSIGN T_IDENTIFIER T_PLUS T_INTEGER_LITERAL T_SEMICOLON T_RIGHT_BRACE T_RETURN T_INTEGER_LITERAL T_SEMICOLON T_RIGHT_BRACE T_EOF 

State Stack: 0 8 8 9 16 18 23 50 118 118 118 118 118 118 118 118 118 118 118 118 105 202 292 383 439 
Symbol Stack: declaration declaration type_specifier T_IDENTIFIER T_LEFT_PAREN T_RIGHT_PAREN T_LEFT_BRACE statement statement statement statement statement statement statement statement statement statement statement statement T_FOR T_LEFT_PAREN opt_expression_stmt opt_expression_stmt expression 
Input Stack: T_RIGHT_PAREN T_LEFT_BRACE T_IDENTIFIER T_LEFT_SQUARE T_IDENTIFIER T_RIGHT_SQUARE T_ASSIGN T_IDENTIFIER T_SEMICOLON T_RIGHT_BRACE T_IDENTIFIER T_ASSIGN T_NOT T_IDENTIFIER T_SEMICOLON T_IDENTIFIER T_ASSIGN T_IDENTIFIER T_MOD T_INTEGER_LITERAL T_SEMICOLON T_IDENTIFIER T_ASSIGN T_IDENTIFIER T_BITAND T_INTEGER_LITERAL T_SEMICOLON T_IDENTIFIER T_ASSIGN T_IDENTIFIER T_BITOR T_INTEGER_LITERAL T_SEMICOLON T_IDENTIFIER T_ASSIGN T_IDENTIFIER T_BITXOR T_INTEGER_LITERAL T_SEMICOLON T_IDENTIFIER T_ASSIGN T_BITNOT T_IDENTIFIER T_SEMICOLON T_INT T_IDENTIFIER T_ASSIGN T_IDENTIFIER T_LEFT_PAREN T_IDENTIFIER T_COMMA T_IDENTIFIER T_RIGHT_PAREN T_SEMICOLON T_LEFT_BRACE T_INT T_IDENTIFIER T_ASSIGN T_INTEGER_LITERAL T_SEMICOLON T_IDENTIFIER T_ASSIGN T_IDENTIFIER T_PLUS T_INTEGER_LITERAL T_SEMICOLON T_RIGHT_BRACE T_RETURN T_INTEGER_LITERAL T_SEMICOLON T_RIGHT_BRACE T_EOF 

State Stack: 0 8 8 9 16 18 23 50 118 118 118 118 118 118 118 118 118 118 118 118 105 202 292 383 439 479 
Symbol Stack: declaration declaration type_specifier T_IDENTIFIER T_LEFT_PAREN T_RIGHT_PAREN T_LEFT_BRACE statement statement statement statement statement statement statement statement statement statement statement statement T_FOR T_LEFT_PAREN opt_expression_stmt opt_expression_stmt expression T_RIGHT_PAREN 
Input Stack: T_LEFT_BRACE T_IDENTIFIER T_LEFT_SQUARE T_IDENTIFIER T_RIGHT_SQUARE T_ASSIGN T_IDENTIFIER T_SEMICOLON T_RIGHT_BRACE T_IDENTIFIER T_ASSIGN T_NOT T_IDENTIFIER T_SEMICOLON T_IDENTIFIER T_ASSIGN T_IDENTIFIER T_MOD T_INTEGER_LITERAL T_SEMICOLON T_IDENTIFIER T_ASSIGN T_IDENTIFIER T_BITAND T_INTEGER_LITERAL T_SEMICOLON T_IDENTIFIER T_ASSIGN T_IDENTIFIER T_BITOR T_INTEGER_LITERAL T_SEMICOLON T_IDENTIFIER T_ASSIGN T_IDENTIFIER T_BITXOR T_INTEGER_LITERAL T_SEMICOLON T_IDENTIFIER T_ASSIGN T_BITNOT T_IDENTIFIER T_SEMICOLON T_INT T_IDENTIFIER T_ASSIGN T_IDENTIFIER T_LEFT_PAREN T_IDENTIFIER T_COMMA T_IDENTIFIER T_RIGHT_PAREN T_SEMICOLON T_LEFT_BRACE T_INT T_IDENTIFIER T_ASSIGN T_INTEGER_LITERAL T_SEMICOLON T_IDENTIFIER T_ASSIGN T_IDENTIFIER T_PLUS T_INTEGER_LITERAL T_SEMICOLON T_RIGHT_BRACE T_RETURN T_INTEGER_LITERAL T_SEMICOLON T_RIGHT_BRACE T_EOF 

State Stack: 0 8 8 9 16 18 23 50 118 118 118 118 118 118 118 118 118 118 118 118 105 202 292 383 439 479 103 
Symbol Stack: declaration declaration type_specifier T_IDENTIFIER T_LEFT_PAREN T_RIGHT_PAREN T_LEFT_BRACE statement statement statement statement statement statement statement statement statement statement statement statement T_FOR T_LEFT_PAREN opt_expression_stmt opt_expression_stmt expression T_RIGHT_PAREN T_LEFT_BRACE 
Input Stack: T_IDENTIFIER T_LEFT_SQUARE T_IDENTIFIER T_RIGHT_SQUARE T_ASSIGN T_IDENTIFIER T_SEMICOLON T_RIGHT_BRACE T_IDENTIFIER T_ASSIGN T_NOT T_IDENTIFIER T_SEMICOLON T_IDENTIFIER T_ASSIGN T_IDENTIFIER T_MOD T_INTEGER_LITERAL T_SEMICOLON T_IDENTIFIER T_ASSIGN T_IDENTIFIER T_BITAND T_INTEGER_LITERAL T_SEMICOLON T_IDENTIFIER T_ASSIGN T_IDENTIFIER T_BITOR T_INTEGER_LITERAL T_SEMICOLON T_IDENTIFIER T_ASSIGN T_IDENTIFIER T_BITXOR T_INTEGER_LITERAL T_SEMICOLON T_IDENTIFIER T_ASSIGN T_BITNOT T_IDENTIFIER T_SEMICOLON T_INT T_IDENTIFIER T_ASSIGN T_IDENTIFIER T_LEFT_PAREN T_IDENTIFIER T_COMMA T_IDENTIFIER T_RIGHT_PAREN T_SEMICOLON T_LEFT_BRACE T_INT T_IDENTIFIER T_ASSIGN T_INTEGER_LITERAL T_SEMICOLON T_IDENTIFIER T_ASSIGN T_IDENTIFIER T_PLUS T_INTEGER_LITERAL T_SEMICOLON T_RIGHT_BRACE T_RETURN T_INTEGER_LITERAL T_SEMICOLON T_RIGHT_BRACE T_EOF 

State Stack: 0 8 8 9 16 18 23 50 118 118 118 118 118 118 118 118 118 118 118 118 105 202 292 383 439 479 103 29 
Symbol Stack: declaration declaration type_specifier T_IDENTIFIER T_LEFT_PAREN T_RIGHT_PAREN T_LEFT_BRACE statement statement statement statement statement statement statement statement statement statement statement statement T_FOR T_LEFT_PAREN opt_expression_stmt opt_expression_stmt expression T_RIGHT_PAREN T_LEFT_BRACE T_IDENTIFIER 
Input Stack: T_LEFT_SQUARE T_IDENTIFIER T_RIGHT_SQUARE T_ASSIGN T_IDENTIFIER T_SEMICOLON T_RIGHT_BRACE T_IDENTIFIER T_ASSIGN T_NOT T_IDENTIFIER T_SEMICOLON T_IDENTIFIER T_ASSIGN T_IDENTIFIER T_MOD T_INTEGER_LITERAL T_SEMICOLON T_IDENTIFIER T_ASSIGN T_IDENTIFIER T_BITAND T_INTEGER_LITERAL T_SEMICOLON T_IDENTIFIER T_ASSIGN T_IDENTIFIER T_BITOR T_INTEGER_LITERAL T_SEMICOLON T_IDENTIFIER T_ASSIGN T_IDENTIFIER T_BITXOR T_INTEGER_LITERAL T_SEMICOLON T_IDENTIFIER T_ASSIGN T_BITNOT T_IDENTIFIER T_SEMICOLON T_INT T_IDENTIFIER T_ASSIGN T_IDENTIFIER T_LEFT_PAREN T_IDENTIFIER T_COMMA T_IDENTIFIER T_RIGHT_PAREN T_SEMICOLON T_LEFT_BRACE T_INT T_IDENTIFIER T_ASSIGN T_INTEGER_LITERAL T_SEMICOLON T_IDENTIFIER T_ASSIGN T_IDENTIFIER T_PLUS T_INTEGER_LITERAL T_SEMICOLON T_RIGHT_BRACE T_RETURN T_INTEGER_LITERAL T_SEMICOLON T_RIGHT_BRACE T_EOF 

State Stack: 0 8 8 9 16 18 23 50 118 118 118 118 118 118 118 118 118 118 118 118 105 202 292 383 439 479 103 29 56 
Symbol Stack: declaration declaration type_specifier T_IDENTIFIER T_LEFT_PAREN T_RIGHT_PAREN T_LEFT_BRACE statement statement statement statement statement statement statement statement statement statement statement statement T_FOR T_LEFT_PAREN opt_expression_stmt opt_expression_stmt expression T_RIGHT_PAREN T_LEFT_BRACE T_IDENTIFIER T_LEFT_SQUARE 
Input Stack: T_IDENTIFIER T_RIGHT_SQUARE T_ASSIGN T_IDENTIFIER T_SEMICOLON T_RIGHT_BRACE T_IDENTIFIER T_ASSIGN T_NOT T_IDENTIFIER T_SEMICOLON T_IDENTIFIER T_ASSIGN T_IDENTIFIER T_MOD T_INTEGER_LITERAL T_SEMICOLON T_IDENTIFIER T_ASSIGN T_IDENTIFIER T_BITAND T_INTEGER_LITERAL T_SEMICOLON T_IDENTIFIER T_ASSIGN T_IDENTIFIER T_BITOR T_INTEGER_LITERAL T_SEMICOLON T_IDENTIFIER T_ASSIGN T_IDENTIFIER T_BITXOR T_INTEGER_LITERAL T_SEMICOLON T_IDENTIFIER T_ASSIGN T_BITNOT T_IDENTIFIER T_SEMICOLON T_INT T_IDENTIFIER T_ASSIGN T_IDENTIFIER T_LEFT_PAREN T_IDENTIFIER T_COMMA T_IDENTIFIER T_RIGHT_PAREN T_SEMICOLON T_LEFT_BRACE T_INT T_IDENTIFIER T_ASSIGN T_INTEGER_LITERAL T_SEMICOLON T_IDENTIFIER T_ASSIGN T_IDENTIFIER T_PLUS T_INTEGER_LITERAL T_SEMICOLON T_RIGHT_BRACE T_RETURN T_INTEGER_LITERAL T_SEMICOLON T_RIGHT_BRACE T_EOF 

State Stack: 0 8 8 9 16 18 23 50 118 118 118 118 118 118 118 118 118 118 118 118 105 202 292 383 439 479 103 29 56 143 
Symbol Stack: declaration declaration type_specifier T_IDENTIFIER T_LEFT_PAREN T_RIGHT_PAREN T_LEFT_BRACE statement statement statement statement statement statement statement statement statement statement statement statement T_FOR T_LEFT_PAREN opt_expression_stmt opt_expression_stmt expression T_RIGHT_PAREN T_LEFT_BRACE T_IDENTIFIER T_LEFT_SQUARE T_IDENTIFIER 
Input Stack: T_RIGHT_SQUARE T_ASSIGN T_IDENTIFIER T_SEMICOLON T_RIGHT_BRACE T_IDENTIFIER T_ASSIGN T_NOT T_IDENTIFIER T_SEMICOLON T_IDENTIFIER T_ASSIGN T_IDENTIFIER T_MOD T_INTEGER_LITERAL T_SEMICOLON T_IDENTIFIER T_ASSIGN T_IDENTIFIER T_BITAND T_INTEGER_LITERAL T_SEMICOLON T_IDENTIFIER T_ASSIGN T_IDENTIFIER T_BITOR T_INTEGER_LITERAL T_SEMICOLON T_IDENTIFIER T_ASSIGN T_IDENTIFIER T_BITXOR T_INTEGER_LITERAL T_SEMICOLON T_IDENTIFIER T_ASSIGN T_BITNOT T_IDENTIFIER T_SEMICOLON T_INT T_IDENTIFIER T_ASSIGN T_IDENTIFIER T_LEFT_PAREN T_IDENTIFIER T_COMMA T_IDENTIFIER T_RIGHT_PAREN T_SEMICOLON T_LEFT_BRACE T_INT T_IDENTIFIER T_ASSIGN T_INTEGER_LITERAL T_SEMICOLON T_IDENTIFIER T_ASSIGN T_IDENTIFIER T_PLUS T_INTEGER_LITERAL T_SEMICOLON T_RIGHT_BRACE T_RETURN T_INTEGER_LITERAL T_SEMICOLON T_RIGHT_BRACE T_EOF 

State Stack: 0 8 8 9 16 18 23 50 118 118 118 118 118 118 118 118 118 118 118 118 105 202 292 383 439 479 103 29 56 155 
Symbol Stack: declaration declaration type_specifier T_IDENTIFIER T_LEFT_PAREN T_RIGHT_PAREN T_LEFT_BRACE statement statement statement statement statement statement statement statement statement statement statement statement T_FOR T_LEFT_PAREN opt_expression_stmt opt_expression_stmt expression T_RIGHT_PAREN T_LEFT_BRACE T_IDENTIFIER T_LEFT_SQUARE var 
Input Stack: T_RIGHT_SQUARE T_ASSIGN T_IDENTIFIER T_SEMICOLON T_RIGHT_BRACE T_IDENTIFIER T_ASSIGN T_NOT T_IDENTIFIER T_SEMICOLON T_IDENTIFIER T_ASSIGN T_IDENTIFIER T_MOD T_INTEGER_LITERAL T_SEMICOLON T_IDENTIFIER T_ASSIGN T_IDENTIFIER T_BITAND T_INTEGER_LITERAL T_SEMICOLON T_IDENTIFIER T_ASSIGN T_IDENTIFIER T_BITOR T_INTEGER_LITERAL T_SEMICOLON T_IDENTIFIER T_ASSIGN T_IDENTIFIER T_BITXOR T_INTEGER_LITERAL T_SEMICOLON T_IDENTIFIER T_ASSIGN T_BITNOT T_IDENTIFIER T_SEMICOLON T_INT T_IDENTIFIER T_ASSIGN T_IDENTIFIER T_LEFT_PAREN T_IDENTIFIER T_COMMA T_IDENTIFIER T_RIGHT_PAREN T_SEMICOLON T_LEFT_BRACE T_INT T_IDENTIFIER T_ASSIGN T_INTEGER_LITERAL T_SEMICOLON T_IDENTIFIER T_ASSIGN T_IDENTIFIER T_PLUS T_INTEGER_LITERAL T_SEMICOLON T_RIGHT_BRACE T_RETURN T_INTEGER_LITERAL T_SEMICOLON T_RIGHT_BRACE T_EOF 

State Stack: 0 8 8 9 16 18 23 50 118 118 118 118 118 118 118 118 118 118 118 118 105 202 292 383 439 479 103 29 56 158 
Symbol Stack: declaration declaration type_specifier T_IDENTIFIER T_LEFT_PAREN T_RIGHT_PAREN T_LEFT_BRACE statement statement statement statement statement statement statement statement statement statement statement statement T_FOR T_LEFT_PAREN opt_expression_stmt opt_expression_stmt expression T_RIGHT_PAREN T_LEFT_BRACE T_IDENTIFIER T_LEFT_SQUARE factor 
Input Stack: T_RIGHT_SQUARE T_ASSIGN T_IDENTIFIER T_SEMICOLON T_RIGHT_BRACE T_IDENTIFIER T_ASSIGN T_NOT T_IDENTIFIER T_SEMICOLON T_IDENTIFIER T_ASSIGN T_IDENTIFIER T_MOD T_INTEGER_LITERAL T_SEMICOLON T_IDENTIFIER T_ASSIGN T_IDENTIFIER T_BITAND T_INTEGER_LITERAL T_SEMICOLON T_IDENTIFIER T_ASSIGN T_IDENTIFIER T_BITOR T_INTEGER_LITERAL T_SEMICOLON T_IDENTIFIER T_ASSIGN T_IDENTIFIER T_BITXOR T_INTEGER_LITERAL T_SEMICOLON T_IDENTIFIER T_ASSIGN T_BITNOT T_IDENTIFIER T_SEMICOLON T_INT T_IDENTIFIER T_ASSIGN T_IDENTIFIER T_LEFT_PAREN T_IDENTIFIER T_COMMA T_IDENTIFIER T_RIGHT_PAREN T_SEMICOLON T_LEFT_BRACE T_INT T_IDENTIFIER T_ASSIGN T_INTEGER_LITERAL T_SEMICOLON T_IDENTIFIER T_ASSIGN T_IDENTIFIER T_PLUS T_INTEGER_LITERAL T_SEMICOLON T_RIGHT_BRACE T_RETURN T_INTEGER_LITERAL T_SEMICOLON T_RIGHT_BRACE T_EOF 

State Stack: 0 8 8 9 16 18 23 50 118 118 118 118 118 118 118 118 118 118 118 118 105 202 292 383 439 479 103 29 56 152 
Symbol Stack: declaration declaration type_specifier T_IDENTIFIER T_LEFT_PAREN T_RIGHT_PAREN T_LEFT_BRACE statement statement statement statement statement statement statement statement statement statement statement statement T_FOR T_LEFT_PAREN opt_expression_stmt opt_expression_stmt expression T_RIGHT_PAREN T_LEFT_BRACE T_IDENTIFIER T_LEFT_SQUARE term 
Input Stack: T_RIGHT_SQUARE T_ASSIGN T_IDENTIFIER T_SEMICOLON T_RIGHT_BRACE T_IDENTIFIER T_ASSIGN T_NOT T_IDENTIFIER T_SEMICOLON T_IDENTIFIER T_ASSIGN T_IDENTIFIER T_MOD T_INTEGER_LITERAL T_SEMICOLON T_IDENTIFIER T_ASSIGN T_IDENTIFIER T_BITAND T_INTEGER_LITERAL T_SEMICOLON T_IDENTIFIER T_ASSIGN T_IDENTIFIER T_BITOR T_INTEGER_LITERAL T_SEMICOLON T_IDENTIFIER T_ASSIGN T_IDENTIFIER T_BITXOR T_INTEGER_LITERAL T_SEMICOLON T_IDENTIFIER T_ASSIGN T_BITNOT T_IDENTIFIER T_SEMICOLON T_INT T_IDENTIFIER T_ASSIGN T_IDENTIFIER T_LEFT_PAREN T_IDENTIFIER T_COMMA T_IDENTIFIER T_RIGHT_PAREN T_SEMICOLON T_LEFT_BRACE T_INT T_IDENTIFIER T_ASSIGN T_INTEGER_LITERAL T_SEMICOLON T_IDENTIFIER T_ASSIGN T_IDENTIFIER T_PLUS T_INTEGER_LITERAL T_SEMICOLON T_RIGHT_BRACE T_RETURN T_INTEGER_LITERAL T_SEMICOLON T_RIGHT_BRACE T_EOF 

State Stack: 0 8 8 9 16 18 23 50 118 118 118 118 118 118 118 118 118 118 118 118 105 202 292 383 439 479 103 29 56 151 
Symbol Stack: declaration declaration type_specifier T_IDENTIFIER T_LEFT_PAREN T_RIGHT_PAREN T_LEFT_BRACE statement statement statement statement statement statement statement statement statement statement statement statement T_FOR T_LEFT_PAREN opt_expression_stmt opt_expression_stmt expression T_RIGHT_PAREN T_LEFT_BRACE T_IDENTIFIER T_LEFT_SQUARE additive_expression 
Input Stack: T_RIGHT_SQUARE T_ASSIGN T_IDENTIFIER T_SEMICOLON T_RIGHT_BRACE T_IDENTIFIER T_ASSIGN T_NOT T_IDENTIFIER T_SEMICOLON T_IDENTIFIER T_ASSIGN T_IDENTIFIER T_MOD T_INTEGER_LITERAL T_SEMICOLON T_IDENTIFIER T_ASSIGN T_IDENTIFIER T_BITAND T_INTEGER_LITERAL T_SEMICOLON T_IDENTIFIER T_ASSIGN T_IDENTIFIER T_BITOR T_INTEGER_LITERAL T_SEMICOLON T_IDENTIFIER T_ASSIGN T_IDENTIFIER T_BITXOR T_INTEGER_LITERAL T_SEMICOLON T_IDENTIFIER T_ASSIGN T_BITNOT T_IDENTIFIER T_SEMICOLON T_INT T_IDENTIFIER T_ASSIGN T_IDENTIFIER T_LEFT_PAREN T_IDENTIFIER T_COMMA T_IDENTIFIER T_RIGHT_PAREN T_SEMICOLON T_LEFT_BRACE T_INT T_IDENTIFIER T_ASSIGN T_INTEGER_LITERAL T_SEMICOLON T_IDENTIFIER T_ASSIGN T_IDENTIFIER T_PLUS T_INTEGER_LITERAL T_SEMICOLON T_RIGHT_BRACE T_RETURN T_INTEGER_LITERAL T_SEMICOLON T_RIGHT_BRACE T_EOF 

State Stack: 0 8 8 9 16 18 23 50 118 118 118 118 118 118 118 118 118 118 118 118 105 202 292 383 439 479 103 29 56 154 
Symbol Stack: declaration declaration type_specifier T_IDENTIFIER T_LEFT_PAREN T_RIGHT_PAREN T_LEFT_BRACE statement statement statement statement statement statement statement statement statement statement statement statement T_FOR T_LEFT_PAREN opt_expression_stmt opt_expression_stmt expression T_RIGHT_PAREN T_LEFT_BRACE T_IDENTIFIER T_LEFT_SQUARE simple_expression 
Input Stack: T_RIGHT_SQUARE T_ASSIGN T_IDENTIFIER T_SEMICOLON T_RIGHT_BRACE T_IDENTIFIER T_ASSIGN T_NOT T_IDENTIFIER T_SEMICOLON T_IDENTIFIER T_ASSIGN T_IDENTIFIER T_MOD T_INTEGER_LITERAL T_SEMICOLON T_IDENTIFIER T_ASSIGN T_IDENTIFIER T_BITAND T_INTEGER_LITERAL T_SEMICOLON T_IDENTIFIER T_ASSIGN T_IDENTIFIER T_BITOR T_INTEGER_LITERAL T_SEMICOLON T_IDENTIFIER T_ASSIGN T_IDENTIFIER T_BITXOR T_INTEGER_LITERAL T_SEMICOLON T_IDENTIFIER T_ASSIGN T_BITNOT T_IDENTIFIER T_SEMICOLON T_INT T_IDENTIFIER T_ASSIGN T_IDENTIFIER T_LEFT_PAREN T_IDENTIFIER T_COMMA T_IDENTIFIER T_RIGHT_PAREN T_SEMICOLON T_LEFT_BRACE T_INT T_IDENTIFIER T_ASSIGN T_INTEGER_LITERAL T_SEMICOLON T_IDENTIFIER T_ASSIGN T_IDENTIFIER T_PLUS T_INTEGER_LITERAL T_SEMICOLON T_RIGHT_BRACE T_RETURN T_INTEGER_LITERAL T_SEMICOLON T_RIGHT_BRACE T_EOF 

State Stack: 0 8 8 9 16 18 23 50 118 118 118 118 118 118 118 118 118 118 118 118 105 202 292 383 439 479 103 29 56 159 
Symbol Stack: declaration declaration type_specifier T_IDENTIFIER T_LEFT_PAREN T_RIGHT_PAREN T_LEFT_BRACE statement statement statement statement statement statement statement statement statement statement statement statement T_FOR T_LEFT_PAREN opt_expression_stmt opt_expression_stmt expression T_RIGHT_PAREN T_LEFT_BRACE T_IDENTIFIER T_LEFT_SQUARE expression 
Input Stack: T_RIGHT_SQUARE T_ASSIGN T_IDENTIFIER T_SEMICOLON T_RIGHT_BRACE T_IDENTIFIER T_ASSIGN T_NOT T_IDENTIFIER T_SEMICOLON T_IDENTIFIER T_ASSIGN T_IDENTIFIER T_MOD T_INTEGER_LITERAL T_SEMICOLON T_IDENTIFIER T_ASSIGN T_IDENTIFIER T_BITAND T_INTEGER_LITERAL T_SEMICOLON T_IDENTIFIER T_ASSIGN T_IDENTIFIER T_BITOR T_INTEGER_LITERAL T_SEMICOLON T_IDENTIFIER T_ASSIGN T_IDENTIFIER T_BITXOR T_INTEGER_LITERAL T_SEMICOLON T_IDENTIFIER T_ASSIGN T_BITNOT T_IDENTIFIER T_SEMICOLON T_INT T_IDENTIFIER T_ASSIGN T_IDENTIFIER T_LEFT_PAREN T_IDENTIFIER T_COMMA T_IDENTIFIER T_RIGHT_PAREN T_SEMICOLON T_LEFT_BRACE T_INT T_IDENTIFIER T_ASSIGN T_INTEGER_LITERAL T_SEMICOLON T_IDENTIFIER T_ASSIGN T_IDENTIFIER T_PLUS T_INTEGER_LITERAL T_SEMICOLON T_RIGHT_BRACE T_RETURN T_INTEGER_LITERAL T_SEMICOLON T_RIGHT_BRACE T_EOF 

State Stack: 0 8 8 9 16 18 23 50 118 118 118 118 118 118 118 118 118 118 118 118 105 202 292 383 439 479 103 29 56 159 246 
Symbol Stack: declaration declaration type_specifier T_IDENTIFIER T_LEFT_PAREN T_RIGHT_PAREN T_LEFT_BRACE statement statement statement statement statement statement statement statement statement statement statement statement T_FOR T_LEFT_PAREN opt_expression_stmt opt_expression_stmt expression T_RIGHT_PAREN T_LEFT_BRACE T_IDENTIFIER T_LEFT_SQUARE expression T_RIGHT_SQUARE 
Input Stack: T_ASSIGN T_IDENTIFIER T_SEMICOLON T_RIGHT_BRACE T_IDENTIFIER T_ASSIGN T_NOT T_IDENTIFIER T_SEMICOLON T_IDENTIFIER T_ASSIGN T_IDENTIFIER T_MOD T_INTEGER_LITERAL T_SEMICOLON T_IDENTIFIER T_ASSIGN T_IDENTIFIER T_BITAND T_INTEGER_LITERAL T_SEMICOLON T_IDENTIFIER T_ASSIGN T_IDENTIFIER T_BITOR T_INTEGER_LITERAL T_SEMICOLON T_IDENTIFIER T_ASSIGN T_IDENTIFIER T_BITXOR T_INTEGER_LITERAL T_SEMICOLON T_IDENTIFIER T_ASSIGN T_BITNOT T_IDENTIFIER T_SEMICOLON T_INT T_IDENTIFIER T_ASSIGN T_IDENTIFIER T_LEFT_PAREN T_IDENTIFIER T_COMMA T_IDENTIFIER T_RIGHT_PAREN T_SEMICOLON T_LEFT_BRACE T_INT T_IDENTIFIER T_ASSIGN T_INTEGER_LITERAL T_SEMICOLON T_IDENTIFIER T_ASSIGN T_IDENTIFIER T_PLUS T_INTEGER_LITERAL T_SEMICOLON T_RIGHT_BRACE T_RETURN T_INTEGER_LITERAL T_SEMICOLON T_RIGHT_BRACE T_EOF 

State Stack: 0 8 8 9 16 18 23 50 118 118 118 118 118 118 118 118 118 118 118 118 105 202 292 383 439 479 103 43 
Symbol Stack: declaration declaration type_specifier T_IDENTIFIER T_LEFT_PAREN T_RIGHT_PAREN T_LEFT_BRACE statement statement statement statement statement statement statement statement statement statement statement statement T_FOR T_LEFT_PAREN opt_expression_stmt opt_expression_stmt expression T_RIGHT_PAREN T_LEFT_BRACE var 
Input Stack: T_ASSIGN T_IDENTIFIER T_SEMICOLON T_RIGHT_BRACE T_IDENTIFIER T_ASSIGN T_NOT T_IDENTIFIER T_SEMICOLON T_IDENTIFIER T_ASSIGN T_IDENTIFIER T_MOD T_INTEGER_LITERAL T_SEMICOLON T_IDENTIFIER T_ASSIGN T_IDENTIFIER T_BITAND T_INTEGER_LITERAL T_SEMICOLON T_IDENTIFIER T_ASSIGN T_IDENTIFIER T_BITOR T_INTEGER_LITERAL T_SEMICOLON T_IDENTIFIER T_ASSIGN T_IDENTIFIER T_BITXOR T_INTEGER_LITERAL T_SEMICOLON T_IDENTIFIER T_ASSIGN T_BITNOT T_IDENTIFIER T_SEMICOLON T_INT T_IDENTIFIER T_ASSIGN T_IDENTIFIER T_LEFT_PAREN T_IDENTIFIER T_COMMA T_IDENTIFIER T_RIGHT_PAREN T_SEMICOLON T_LEFT_BRACE T_INT T_IDENTIFIER T_ASSIGN T_INTEGER_LITERAL T_SEMICOLON T_IDENTIFIER T_ASSIGN T_IDENTIFIER T_PLUS T_INTEGER_LITERAL T_SEMICOLON T_RIGHT_BRACE T_RETURN T_INTEGER_LITERAL T_SEMICOLON T_RIGHT_BRACE T_EOF 

State Stack: 0 8 8 9 16 18 23 50 118 118 118 118 118 118 118 118 118 118 118 118 105 202 292 383 439 479 103 43 96 
Symbol Stack: declaration declaration type_specifier T_IDENTIFIER T_LEFT_PAREN T_RIGHT_PAREN T_LEFT_BRACE statement statement statement statement statement statement statement statement statement statement statement statement T_FOR T_LEFT_PAREN opt_expression_stmt opt_expression_stmt expression T_RIGHT_PAREN T_LEFT_BRACE var T_ASSIGN 
Input Stack: T_IDENTIFIER T_SEMICOLON T_RIGHT_BRACE T_IDENTIFIER T_ASSIGN T_NOT T_IDENTIFIER T_SEMICOLON T_IDENTIFIER T_ASSIGN T_IDENTIFIER T_MOD T_INTEGER_LITERAL T_SEMICOLON T_IDENTIFIER T_ASSIGN T_IDENTIFIER T_BITAND T_INTEGER_LITERAL T_SEMICOLON T_IDENTIFIER T_ASSIGN T_IDENTIFIER T_BITOR T_INTEGER_LITERAL T_SEMICOLON T_IDENTIFIER T_ASSIGN T_IDENTIFIER T_BITXOR T_INTEGER_LITERAL T_SEMICOLON T_IDENTIFIER T_ASSIGN T_BITNOT T_IDENTIFIER T_SEMICOLON T_INT T_IDENTIFIER T_ASSIGN T_IDENTIFIER T_LEFT_PAREN T_IDENTIFIER T_COMMA T_IDENTIFIER T_RIGHT_PAREN T_SEMICOLON T_LEFT_BRACE T_INT T_IDENTIFIER T_ASSIGN T_INTEGER_LITERAL T_SEMICOLON T_IDENTIFIER T_ASSIGN T_IDENTIFIER T_PLUS T_INTEGER_LITERAL T_SEMICOLON T_RIGHT_BRACE T_RETURN T_INTEGER_LITERAL T_SEMICOLON T_RIGHT_BRACE T_EOF 

State Stack: 0 8 8 9 16 18 23 50 118 118 118 118 118 118 118 118 118 118 118 118 105 202 292 383 439 479 103 43 96 29 
Symbol Stack: declaration declaration type_specifier T_IDENTIFIER T_LEFT_PAREN T_RIGHT_PAREN T_LEFT_BRACE statement statement statement statement statement statement statement statement statement statement statement statement T_FOR T_LEFT_PAREN opt_expression_stmt opt_expression_stmt expression T_RIGHT_PAREN T_LEFT_BRACE var T_ASSIGN T_IDENTIFIER 
Input Stack: T_SEMICOLON T_RIGHT_BRACE T_IDENTIFIER T_ASSIGN T_NOT T_IDENTIFIER T_SEMICOLON T_IDENTIFIER T_ASSIGN T_IDENTIFIER T_MOD T_INTEGER_LITERAL T_SEMICOLON T_IDENTIFIER T_ASSIGN T_IDENTIFIER T_BITAND T_INTEGER_LITERAL T_SEMICOLON T_IDENTIFIER T_ASSIGN T_IDENTIFIER T_BITOR T_INTEGER_LITERAL T_SEMICOLON T_IDENTIFIER T_ASSIGN T_IDENTIFIER T_BITXOR T_INTEGER_LITERAL T_SEMICOLON T_IDENTIFIER T_ASSIGN T_BITNOT T_IDENTIFIER T_SEMICOLON T_INT T_IDENTIFIER T_ASSIGN T_IDENTIFIER T_LEFT_PAREN T_IDENTIFIER T_COMMA T_IDENTIFIER T_RIGHT_PAREN T_SEMICOLON T_LEFT_BRACE T_INT T_IDENTIFIER T_ASSIGN T_INTEGER_LITERAL T_SEMICOLON T_IDENTIFIER T_ASSIGN T_IDENTIFIER T_PLUS T_INTEGER_LITERAL T_SEMICOLON T_RIGHT_BRACE T_RETURN T_INTEGER_LITERAL T_SEMICOLON T_RIGHT_BRACE T_EOF 

State Stack: 0 8 8 9 16 18 23 50 118 118 118 118 118 118 118 118 118 118 118 118 105 202 292 383 439 479 103 43 96 43 
Symbol Stack: declaration declaration type_specifier T_IDENTIFIER T_LEFT_PAREN T_RIGHT_PAREN T_LEFT_BRACE statement statement statement statement statement statement statement statement statement statement statement statement T_FOR T_LEFT_PAREN opt_expression_stmt opt_expression_stmt expression T_RIGHT_PAREN T_LEFT_BRACE var T_ASSIGN var 
Input Stack: T_SEMICOLON T_RIGHT_BRACE T_IDENTIFIER T_ASSIGN T_NOT T_IDENTIFIER T_SEMICOLON T_IDENTIFIER T_ASSIGN T_IDENTIFIER T_MOD T_INTEGER_LITERAL T_SEMICOLON T_IDENTIFIER T_ASSIGN T_IDENTIFIER T_BITAND T_INTEGER_LITERAL T_SEMICOLON T_IDENTIFIER T_ASSIGN T_IDENTIFIER T_BITOR T_INTEGER_LITERAL T_SEMICOLON T_IDENTIFIER T_ASSIGN T_IDENTIFIER T_BITXOR T_INTEGER_LITERAL T_SEMICOLON T_IDENTIFIER T_ASSIGN T_BITNOT T_IDENTIFIER T_SEMICOLON T_INT T_IDENTIFIER T_ASSIGN T_IDENTIFIER T_LEFT_PAREN T_IDENTIFIER T_COMMA T_IDENTIFIER T_RIGHT_PAREN T_SEMICOLON T_LEFT_BRACE T_INT T_IDENTIFIER T_ASSIGN T_INTEGER_LITERAL T_SEMICOLON T_IDENTIFIER T_ASSIGN T_IDENTIFIER T_PLUS T_INTEGER_LITERAL T_SEMICOLON T_RIGHT_BRACE T_RETURN T_INTEGER_LITERAL T_SEMICOLON T_RIGHT_BRACE T_EOF 

State Stack: 0 8 8 9 16 18 23 50 118 118 118 118 118 118 118 118 118 118 118 118 105 202 292 383 439 479 103 43 96 47 
Symbol Stack: declaration declaration type_specifier T_IDENTIFIER T_LEFT_PAREN T_RIGHT_PAREN T_LEFT_BRACE statement statement statement statement statement statement statement statement statement statement statement statement T_FOR T_LEFT_PAREN opt_expression_stmt opt_expression_stmt expression T_RIGHT_PAREN T_LEFT_BRACE var T_ASSIGN factor 
Input Stack: T_SEMICOLON T_RIGHT_BRACE T_IDENTIFIER T_ASSIGN T_NOT T_IDENTIFIER T_SEMICOLON T_IDENTIFIER T_ASSIGN T_IDENTIFIER T_MOD T_INTEGER_LITERAL T_SEMICOLON T_IDENTIFIER T_ASSIGN T_IDENTIFIER T_BITAND T_INTEGER_LITERAL T_SEMICOLON T_IDENTIFIER T_ASSIGN T_IDENTIFIER T_BITOR T_INTEGER_LITERAL T_SEMICOLON T_IDENTIFIER T_ASSIGN T_IDENTIFIER T_BITXOR T_INTEGER_LITERAL T_SEMICOLON T_IDENTIFIER T_ASSIGN T_BITNOT T_IDENTIFIER T_SEMICOLON T_INT T_IDENTIFIER T_ASSIGN T_IDENTIFIER T_LEFT_PAREN T_IDENTIFIER T_COMMA T_IDENTIFIER T_RIGHT_PAREN T_SEMICOLON T_LEFT_BRACE T_INT T_IDENTIFIER T_ASSIGN T_INTEGER_LITERAL T_SEMICOLON T_IDENTIFIER T_ASSIGN T_IDENTIFIER T_PLUS T_INTEGER_LITERAL T_SEMICOLON T_RIGHT_BRACE T_RETURN T_INTEGER_LITERAL T_SEMICOLON T_RIGHT_BRACE T_EOF 

State Stack: 0 8 8 9 16 18 23 50 118 118 118 118 118 118 118 118 118 118 118 118 105 202 292 383 439 479 103 43 96 40 
Symbol Stack: declaration declaration type_specifier T_IDENTIFIER T_LEFT_PAREN T_RIGHT_PAREN T_LEFT_BRACE statement statement statement statement statement statement statement statement statement statement statement statement T_FOR T_LEFT_PAREN opt_expression_stmt opt_expression_stmt expression T_RIGHT_PAREN T_LEFT_BRACE var T_ASSIGN term 
Input Stack: T_SEMICOLON T_RIGHT_BRACE T_IDENTIFIER T_ASSIGN T_NOT T_IDENTIFIER T_SEMICOLON T_IDENTIFIER T_ASSIGN T_IDENTIFIER T_MOD T_INTEGER_LITERAL T_SEMICOLON T_IDENTIFIER T_ASSIGN T_IDENTIFIER T_BITAND T_INTEGER_LITERAL T_SEMICOLON T_IDENTIFIER T_ASSIGN T_IDENTIFIER T_BITOR T_INTEGER_LITERAL T_SEMICOLON T_IDENTIFIER T_ASSIGN T_IDENTIFIER T_BITXOR T_INTEGER_LITERAL T_SEMICOLON T_IDENTIFIER T_ASSIGN T_BITNOT T_IDENTIFIER T_SEMICOLON T_INT T_IDENTIFIER T_ASSIGN T_IDENTIFIER T_LEFT_PAREN T_IDENTIFIER T_COMMA T_IDENTIFIER T_RIGHT_PAREN T_SEMICOLON T_LEFT_BRACE T_INT T_IDENTIFIER T_ASSIGN T_INTEGER_LITERAL T_SEMICOLON T_IDENTIFIER T_ASSIGN T_IDENTIFIER T_PLUS T_INTEGER_LITERAL T_SEMICOLON T_RIGHT_BRACE T_RETURN T_INTEGER_LITERAL T_SEMICOLON T_RIGHT_BRACE T_EOF 

State Stack: 0 8 8 9 16 18 23 50 118 118 118 118 118 118 118 118 118 118 118 118 105 202 292 383 439 479 103 43 96 39 
Symbol Stack: declaration declaration type_specifier T_IDENTIFIER T_LEFT_PAREN T_RIGHT_PAREN T_LEFT_BRACE statement statement statement statement statement statement statement statement statement statement statement statement T_FOR T_LEFT_PAREN opt_expression_stmt opt_expression_stmt expression T_RIGHT_PAREN T_LEFT_BRACE var T_ASSIGN additive_expression 
Input Stack: T_SEMICOLON T_RIGHT_BRACE T_IDENTIFIER T_ASSIGN T_NOT T_IDENTIFIER T_SEMICOLON T_IDENTIFIER T_ASSIGN T_IDENTIFIER T_MOD T_INTEGER_LITERAL T_SEMICOLON T_IDENTIFIER T_ASSIGN T_IDENTIFIER T_BITAND T_INTEGER_LITERAL T_SEMICOLON T_IDENTIFIER T_ASSIGN T_IDENTIFIER T_BITOR T_INTEGER_LITERAL T_SEMICOLON T_IDENTIFIER T_ASSIGN T_IDENTIFIER T_BITXOR T_INTEGER_LITERAL T_SEMICOLON T_IDENTIFIER T_ASSIGN T_BITNOT T_IDENTIFIER T_SEMICOLON T_INT T_IDENTIFIER T_ASSIGN T_IDENTIFIER T_LEFT_PAREN T_IDENTIFIER T_COMMA T_IDENTIFIER T_RIGHT_PAREN T_SEMICOLON T_LEFT_BRACE T_INT T_IDENTIFIER T_ASSIGN T_INTEGER_LITERAL T_SEMICOLON T_IDENTIFIER T_ASSIGN T_IDENTIFIER T_PLUS T_INTEGER_LITERAL T_SEMICOLON T_RIGHT_BRACE T_RETURN T_INTEGER_LITERAL T_SEMICOLON T_RIGHT_BRACE T_EOF 

State Stack: 0 8 8 9 16 18 23 50 118 118 118 118 118 118 118 118 118 118 118 118 105 202 292 383 439 479 103 43 96 42 
Symbol Stack: declaration declaration type_specifier T_IDENTIFIER T_LEFT_PAREN T_RIGHT_PAREN T_LEFT_BRACE statement statement statement statement statement statement statement statement statement statement statement statement T_FOR T_LEFT_PAREN opt_expression_stmt opt_expression_stmt expression T_RIGHT_PAREN T_LEFT_BRACE var T_ASSIGN simple_expression 
Input Stack: T_SEMICOLON T_RIGHT_BRACE T_IDENTIFIER T_ASSIGN T_NOT T_IDENTIFIER T_SEMICOLON T_IDENTIFIER T_ASSIGN T_IDENTIFIER T_MOD T_INTEGER_LITERAL T_SEMICOLON T_IDENTIFIER T_ASSIGN T_IDENTIFIER T_BITAND T_INTEGER_LITERAL T_SEMICOLON T_IDENTIFIER T_ASSIGN T_IDENTIFIER T_BITOR T_INTEGER_LITERAL T_SEMICOLON T_IDENTIFIER T_ASSIGN T_IDENTIFIER T_BITXOR T_INTEGER_LITERAL T_SEMICOLON T_IDENTIFIER T_ASSIGN T_BITNOT T_IDENTIFIER T_SEMICOLON T_INT T_IDENTIFIER T_ASSIGN T_IDENTIFIER T_LEFT_PAREN T_IDENTIFIER T_COMMA T_IDENTIFIER T_RIGHT_PAREN T_SEMICOLON T_LEFT_BRACE T_INT T_IDENTIFIER T_ASSIGN T_INTEGER_LITERAL T_SEMICOLON T_IDENTIFIER T_ASSIGN T_IDENTIFIER T_PLUS T_INTEGER_LITERAL T_SEMICOLON T_RIGHT_BRACE T_RETURN T_INTEGER_LITERAL T_SEMICOLON T_RIGHT_BRACE T_EOF 

State Stack: 0 8 8 9 16 18 23 50 118 118 118 118 118 118 118 118 118 118 118 118 105 202 292 383 439 479 103 43 96 198 
Symbol Stack: declaration declaration type_specifier T_IDENTIFIER T_LEFT_PAREN T_RIGHT_PAREN T_LEFT_BRACE statement statement statement statement statement statement statement statement statement statement statement statement T_FOR T_LEFT_PAREN opt_expression_stmt opt_expression_stmt expression T_RIGHT_PAREN T_LEFT_BRACE var T_ASSIGN expression 
Input Stack: T_SEMICOLON T_RIGHT_BRACE T_IDENTIFIER T_ASSIGN T_NOT T_IDENTIFIER T_SEMICOLON T_IDENTIFIER T_ASSIGN T_IDENTIFIER T_MOD T_INTEGER_LITERAL T_SEMICOLON T_IDENTIFIER T_ASSIGN T_IDENTIFIER T_BITAND T_INTEGER_LITERAL T_SEMICOLON T_IDENTIFIER T_ASSIGN T_IDENTIFIER T_BITOR T_INTEGER_LITERAL T_SEMICOLON T_IDENTIFIER T_ASSIGN T_IDENTIFIER T_BITXOR T_INTEGER_LITERAL T_SEMICOLON T_IDENTIFIER T_ASSIGN T_BITNOT T_IDENTIFIER T_SEMICOLON T_INT T_IDENTIFIER T_ASSIGN T_IDENTIFIER T_LEFT_PAREN T_IDENTIFIER T_COMMA T_IDENTIFIER T_RIGHT_PAREN T_SEMICOLON T_LEFT_BRACE T_INT T_IDENTIFIER T_ASSIGN T_INTEGER_LITERAL T_SEMICOLON T_IDENTIFIER T_ASSIGN T_IDENTIFIER T_PLUS T_INTEGER_LITERAL T_SEMICOLON T_RIGHT_BRACE T_RETURN T_INTEGER_LITERAL T_SEMICOLON T_RIGHT_BRACE T_EOF 

State Stack: 0 8 8 9 16 18 23 50 118 118 118 118 118 118 118 118 118 118 118 118 105 202 292 383 439 479 103 111 
Symbol Stack: declaration declaration type_specifier T_IDENTIFIER T_LEFT_PAREN T_RIGHT_PAREN T_LEFT_BRACE statement statement statement statement statement statement statement statement statement statement statement statement T_FOR T_LEFT_PAREN opt_expression_stmt opt_expression_stmt expression T_RIGHT_PAREN T_LEFT_BRACE expression 
Input Stack: T_SEMICOLON T_RIGHT_BRACE T_IDENTIFIER T_ASSIGN T_NOT T_IDENTIFIER T_SEMICOLON T_IDENTIFIER T_ASSIGN T_IDENTIFIER T_MOD T_INTEGER_LITERAL T_SEMICOLON T_IDENTIFIER T_ASSIGN T_IDENTIFIER T_BITAND T_INTEGER_LITERAL T_SEMICOLON T_IDENTIFIER T_ASSIGN T_IDENTIFIER T_BITOR T_INTEGER_LITERAL T_SEMICOLON T_IDENTIFIER T_ASSIGN T_IDENTIFIER T_BITXOR T_INTEGER_LITERAL T_SEMICOLON T_IDENTIFIER T_ASSIGN T_BITNOT T_IDENTIFIER T_SEMICOLON T_INT T_IDENTIFIER T_ASSIGN T_IDENTIFIER T_LEFT_PAREN T_IDENTIFIER T_COMMA T_IDENTIFIER T_RIGHT_PAREN T_SEMICOLON T_LEFT_BRACE T_INT T_IDENTIFIER T_ASSIGN T_INTEGER_LITERAL T_SEMICOLON T_IDENTIFIER T_ASSIGN T_IDENTIFIER T_PLUS T_INTEGER_LITERAL T_SEMICOLON T_RIGHT_BRACE T_RETURN T_INTEGER_LITERAL T_SEMICOLON T_RIGHT_BRACE T_EOF 

State Stack: 0 8 8 9 16 18 23 50 118 118 118 118 118 118 118 118 118 118 118 118 105 202 292 383 439 479 103 111 208 
Symbol Stack: declaration declaration type_specifier T_IDENTIFIER T_LEFT_PAREN T_RIGHT_PAREN T_LEFT_BRACE statement statement statement statement statement statement statement statement statement statement statement statement T_FOR T_LEFT_PAREN opt_expression_stmt opt_expression_stmt expression T_RIGHT_PAREN T_LEFT_BRACE expression T_SEMICOLON 
Input Stack: T_RIGHT_BRACE T_IDENTIFIER T_ASSIGN T_NOT T_IDENTIFIER T_SEMICOLON T_IDENTIFIER T_ASSIGN T_IDENTIFIER T_MOD T_INTEGER_LITERAL T_SEMICOLON T_IDENTIFIER T_ASSIGN T_IDENTIFIER T_BITAND T_INTEGER_LITERAL T_SEMICOLON T_IDENTIFIER T_ASSIGN T_IDENTIFIER T_BITOR T_INTEGER_LITERAL T_SEMICOLON T_IDENTIFIER T_ASSIGN T_IDENTIFIER T_BITXOR T_INTEGER_LITERAL T_SEMICOLON T_IDENTIFIER T_ASSIGN T_BITNOT T_IDENTIFIER T_SEMICOLON T_INT T_IDENTIFIER T_ASSIGN T_IDENTIFIER T_LEFT_PAREN T_IDENTIFIER T_COMMA T_IDENTIFIER T_RIGHT_PAREN T_SEMICOLON T_LEFT_BRACE T_INT T_IDENTIFIER T_ASSIGN T_INTEGER_LITERAL T_SEMICOLON T_IDENTIFIER T_ASSIGN T_IDENTIFIER T_PLUS T_INTEGER_LITERAL T_SEMICOLON T_RIGHT_BRACE T_RETURN T_INTEGER_LITERAL T_SEMICOLON T_RIGHT_BRACE T_EOF 

State Stack: 0 8 8 9 16 18 23 50 118 118 118 118 118 118 118 118 118 118 118 118 105 202 292 383 439 479 103 113 
Symbol Stack: declaration declaration type_specifier T_IDENTIFIER T_LEFT_PAREN T_RIGHT_PAREN T_LEFT_BRACE statement statement statement statement statement statement statement statement statement statement statement statement T_FOR T_LEFT_PAREN opt_expression_stmt opt_expression_stmt expression T_RIGHT_PAREN T_LEFT_BRACE expression_stmt 
Input Stack: T_RIGHT_BRACE T_IDENTIFIER T_ASSIGN T_NOT T_IDENTIFIER T_SEMICOLON T_IDENTIFIER T_ASSIGN T_IDENTIFIER T_MOD T_INTEGER_LITERAL T_SEMICOLON T_IDENTIFIER T_ASSIGN T_IDENTIFIER T_BITAND T_INTEGER_LITERAL T_SEMICOLON T_IDENTIFIER T_ASSIGN T_IDENTIFIER T_BITOR T_INTEGER_LITERAL T_SEMICOLON T_IDENTIFIER T_ASSIGN T_IDENTIFIER T_BITXOR T_INTEGER_LITERAL T_SEMICOLON T_IDENTIFIER T_ASSIGN T_BITNOT T_IDENTIFIER T_SEMICOLON T_INT T_IDENTIFIER T_ASSIGN T_IDENTIFIER T_LEFT_PAREN T_IDENTIFIER T_COMMA T_IDENTIFIER T_RIGHT_PAREN T_SEMICOLON T_LEFT_BRACE T_INT T_IDENTIFIER T_ASSIGN T_INTEGER_LITERAL T_SEMICOLON T_IDENTIFIER T_ASSIGN T_IDENTIFIER T_PLUS T_INTEGER_LITERAL T_SEMICOLON T_RIGHT_BRACE T_RETURN T_INTEGER_LITERAL T_SEMICOLON T_RIGHT_BRACE T_EOF 

State Stack: 0 8 8 9 16 18 23 50 118 118 118 118 118 118 118 118 118 118 118 118 105 202 292 383 439 479 103 118 
Symbol Stack: declaration declaration type_specifier T_IDENTIFIER T_LEFT_PAREN T_RIGHT_PAREN T_LEFT_BRACE statement statement statement statement statement statement statement statement statement statement statement statement T_FOR T_LEFT_PAREN opt_expression_stmt opt_expression_stmt expression T_RIGHT_PAREN T_LEFT_BRACE statement 
Input Stack: T_RIGHT_BRACE T_IDENTIFIER T_ASSIGN T_NOT T_IDENTIFIER T_SEMICOLON T_IDENTIFIER T_ASSIGN T_IDENTIFIER T_MOD T_INTEGER_LITERAL T_SEMICOLON T_IDENTIFIER T_ASSIGN T_IDENTIFIER T_BITAND T_INTEGER_LITERAL T_SEMICOLON T_IDENTIFIER T_ASSIGN T_IDENTIFIER T_BITOR T_INTEGER_LITERAL T_SEMICOLON T_IDENTIFIER T_ASSIGN T_IDENTIFIER T_BITXOR T_INTEGER_LITERAL T_SEMICOLON T_IDENTIFIER T_ASSIGN T_BITNOT T_IDENTIFIER T_SEMICOLON T_INT T_IDENTIFIER T_ASSIGN T_IDENTIFIER T_LEFT_PAREN T_IDENTIFIER T_COMMA T_IDENTIFIER T_RIGHT_PAREN T_SEMICOLON T_LEFT_BRACE T_INT T_IDENTIFIER T_ASSIGN T_INTEGER_LITERAL T_SEMICOLON T_IDENTIFIER T_ASSIGN T_IDENTIFIER T_PLUS T_INTEGER_LITERAL T_SEMICOLON T_RIGHT_BRACE T_RETURN T_INTEGER_LITERAL T_SEMICOLON T_RIGHT_BRACE T_EOF 

State Stack: 0 8 8 9 16 18 23 50 118 118 118 118 118 118 118 118 118 118 118 118 105 202 292 383 439 479 103 109 
Symbol Stack: declaration declaration type_specifier T_IDENTIFIER T_LEFT_PAREN T_RIGHT_PAREN T_LEFT_BRACE statement statement statement statement statement statement statement statement statement statement statement statement T_FOR T_LEFT_PAREN opt_expression_stmt opt_expression_stmt expression T_RIGHT_PAREN T_LEFT_BRACE statement_list 
Input Stack: T_RIGHT_BRACE T_IDENTIFIER T_ASSIGN T_NOT T_IDENTIFIER T_SEMICOLON T_IDENTIFIER T_ASSIGN T_IDENTIFIER T_MOD T_INTEGER_LITERAL T_SEMICOLON T_IDENTIFIER T_ASSIGN T_IDENTIFIER T_BITAND T_INTEGER_LITERAL T_SEMICOLON T_IDENTIFIER T_ASSIGN T_IDENTIFIER T_BITOR T_INTEGER_LITERAL T_SEMICOLON T_IDENTIFIER T_ASSIGN T_IDENTIFIER T_BITXOR T_INTEGER_LITERAL T_SEMICOLON T_IDENTIFIER T_ASSIGN T_BITNOT T_IDENTIFIER T_SEMICOLON T_INT T_IDENTIFIER T_ASSIGN T_IDENTIFIER T_LEFT_PAREN T_IDENTIFIER T_COMMA T_IDENTIFIER T_RIGHT_PAREN T_SEMICOLON T_LEFT_BRACE T_INT T_IDENTIFIER T_ASSIGN T_INTEGER_LITERAL T_SEMICOLON T_IDENTIFIER T_ASSIGN T_IDENTIFIER T_PLUS T_INTEGER_LITERAL T_SEMICOLON T_RIGHT_BRACE T_RETURN T_INTEGER_LITERAL T_SEMICOLON T_RIGHT_BRACE T_EOF 

State Stack: 0 8 8 9 16 18 23 50 118 118 118 118 118 118 118 118 118 118 118 118 105 202 292 383 439 479 103 201 
Symbol Stack: declaration declaration type_specifier T_IDENTIFIER T_LEFT_PAREN T_RIGHT_PAREN T_LEFT_BRACE statement statement statement statement statement statement statement statement statement statement statement statement T_FOR T_LEFT_PAREN opt_expression_stmt opt_expression_stmt expression T_RIGHT_PAREN T_LEFT_BRACE block_items 
Input Stack: T_RIGHT_BRACE T_IDENTIFIER T_ASSIGN T_NOT T_IDENTIFIER T_SEMICOLON T_IDENTIFIER T_ASSIGN T_IDENTIFIER T_MOD T_INTEGER_LITERAL T_SEMICOLON T_IDENTIFIER T_ASSIGN T_IDENTIFIER T_BITAND T_INTEGER_LITERAL T_SEMICOLON T_IDENTIFIER T_ASSIGN T_IDENTIFIER T_BITOR T_INTEGER_LITERAL T_SEMICOLON T_IDENTIFIER T_ASSIGN T_IDENTIFIER T_BITXOR T_INTEGER_LITERAL T_SEMICOLON T_IDENTIFIER T_ASSIGN T_BITNOT T_IDENTIFIER T_SEMICOLON T_INT T_IDENTIFIER T_ASSIGN T_IDENTIFIER T_LEFT_PAREN T_IDENTIFIER T_COMMA T_IDENTIFIER T_RIGHT_PAREN T_SEMICOLON T_LEFT_BRACE T_INT T_IDENTIFIER T_ASSIGN T_INTEGER_LITERAL T_SEMICOLON T_IDENTIFIER T_ASSIGN T_IDENTIFIER T_PLUS T_INTEGER_LITERAL T_SEMICOLON T_RIGHT_BRACE T_RETURN T_INTEGER_LITERAL T_SEMICOLON T_RIGHT_BRACE T_EOF 

State Stack: 0 8 8 9 16 18 23 50 118 118 118 118 118 118 118 118 118 118 118 118 105 202 292 383 439 479 103 201 289 
Symbol Stack: declaration declaration type_specifier T_IDENTIFIER T_LEFT_PAREN T_RIGHT_PAREN T_LEFT_BRACE statement statement statement statement statement statement statement statement statement statement statement statement T_FOR T_LEFT_PAREN opt_expression_stmt opt_expression_stmt expression T_RIGHT_PAREN T_LEFT_BRACE block_items T_RIGHT_BRACE 
Input Stack: T_IDENTIFIER T_ASSIGN T_NOT T_IDENTIFIER T_SEMICOLON T_IDENTIFIER T_ASSIGN T_IDENTIFIER T_MOD T_INTEGER_LITERAL T_SEMICOLON T_IDENTIFIER T_ASSIGN T_IDENTIFIER T_BITAND T_INTEGER_LITERAL T_SEMICOLON T_IDENTIFIER T_ASSIGN T_IDENTIFIER T_BITOR T_INTEGER_LITERAL T_SEMICOLON T_IDENTIFIER T_ASSIGN T_IDENTIFIER T_BITXOR T_INTEGER_LITERAL T_SEMICOLON T_IDENTIFIER T_ASSIGN T_BITNOT T_IDENTIFIER T_SEMICOLON T_INT T_IDENTIFIER T_ASSIGN T_IDENTIFIER T_LEFT_PAREN T_IDENTIFIER T_COMMA T_IDENTIFIER T_RIGHT_PAREN T_SEMICOLON T_LEFT_BRACE T_INT T_IDENTIFIER T_ASSIGN T_INTEGER_LITERAL T_SEMICOLON T_IDENTIFIER T_ASSIGN T_IDENTIFIER T_PLUS T_INTEGER_LITERAL T_SEMICOLON T_RIGHT_BRACE T_RETURN T_INTEGER_LITERAL T_SEMICOLON T_RIGHT_BRACE T_EOF 

State Stack: 0 8 8 9 16 18 23 50 118 118 118 118 118 118 118 118 118 118 118 118 105 202 292 383 439 479 112 
Symbol Stack: declaration declaration type_specifier T_IDENTIFIER T_LEFT_PAREN T_RIGHT_PAREN T_LEFT_BRACE statement statement statement statement statement statement statement statement statement statement statement statement T_FOR T_LEFT_PAREN opt_expression_stmt opt_expression_stmt expression T_RIGHT_PAREN compound_stmt 
Input Stack: T_IDENTIFIER T_ASSIGN T_NOT T_IDENTIFIER T_SEMICOLON T_IDENTIFIER T_ASSIGN T_IDENTIFIER T_MOD T_INTEGER_LITERAL T_SEMICOLON T_IDENTIFIER T_ASSIGN T_IDENTIFIER T_BITAND T_INTEGER_LITERAL T_SEMICOLON T_IDENTIFIER T_ASSIGN T_IDENTIFIER T_BITOR T_INTEGER_LITERAL T_SEMICOLON T_IDENTIFIER T_ASSIGN T_IDENTIFIER T_BITXOR T_INTEGER_LITERAL T_SEMICOLON T_IDENTIFIER T_ASSIGN T_BITNOT T_IDENTIFIER T_SEMICOLON T_INT T_IDENTIFIER T_ASSIGN T_IDENTIFIER T_LEFT_PAREN T_IDENTIFIER T_COMMA T_IDENTIFIER T_RIGHT_PAREN T_SEMICOLON T_LEFT_BRACE T_INT T_IDENTIFIER T_ASSIGN T_INTEGER_LITERAL T_SEMICOLON T_IDENTIFIER T_ASSIGN T_IDENTIFIER T_PLUS T_INTEGER_LITERAL T_SEMICOLON T_RIGHT_BRACE T_RETURN T_INTEGER_LITERAL T_SEMICOLON T_RIGHT_BRACE T_EOF 

State Stack: 0 8 8 9 16 18 23 50 118 118 118 118 118 118 118 118 118 118 118 118 105 202 292 383 439 479 500 
Symbol Stack: declaration declaration type_specifier T_IDENTIFIER T_LEFT_PAREN T_RIGHT_PAREN T_LEFT_BRACE statement statement statement statement statement statement statement statement statement statement statement statement T_FOR T_LEFT_PAREN opt_expression_stmt opt_expression_stmt expression T_RIGHT_PAREN statement 
Input Stack: T_IDENTIFIER T_ASSIGN T_NOT T_IDENTIFIER T_SEMICOLON T_IDENTIFIER T_ASSIGN T_IDENTIFIER T_MOD T_INTEGER_LITERAL T_SEMICOLON T_IDENTIFIER T_ASSIGN T_IDENTIFIER T_BITAND T_INTEGER_LITERAL T_SEMICOLON T_IDENTIFIER T_ASSIGN T_IDENTIFIER T_BITOR T_INTEGER_LITERAL T_SEMICOLON T_IDENTIFIER T_ASSIGN T_IDENTIFIER T_BITXOR T_INTEGER_LITERAL T_SEMICOLON T_IDENTIFIER T_ASSIGN T_BITNOT T_IDENTIFIER T_SEMICOLON T_INT T_IDENTIFIER T_ASSIGN T_IDENTIFIER T_LEFT_PAREN T_IDENTIFIER T_COMMA T_IDENTIFIER T_RIGHT_PAREN T_SEMICOLON T_LEFT_BRACE T_INT T_IDENTIFIER T_ASSIGN T_INTEGER_LITERAL T_SEMICOLON T_IDENTIFIER T_ASSIGN T_IDENTIFIER T_PLUS T_INTEGER_LITERAL T_SEMICOLON T_RIGHT_BRACE T_RETURN T_INTEGER_LITERAL T_SEMICOLON T_RIGHT_BRACE T_EOF 

State Stack: 0 8 8 9 16 18 23 50 118 118 118 118 118 118 118 118 118 118 118 118 114 
Symbol Stack: declaration declaration type_specifier T_IDENTIFIER T_LEFT_PAREN T_RIGHT_PAREN T_LEFT_BRACE statement statement statement statement statement statement statement statement statement statement statement statement iteration_stmt 
Input Stack: T_IDENTIFIER T_ASSIGN T_NOT T_IDENTIFIER T_SEMICOLON T_IDENTIFIER T_ASSIGN T_IDENTIFIER T_MOD T_INTEGER_LITERAL T_SEMICOLON T_IDENTIFIER T_ASSIGN T_IDENTIFIER T_BITAND T_INTEGER_LITERAL T_SEMICOLON T_IDENTIFIER T_ASSIGN T_IDENTIFIER T_BITOR T_INTEGER_LITERAL T_SEMICOLON T_IDENTIFIER T_ASSIGN T_IDENTIFIER T_BITXOR T_INTEGER_LITERAL T_SEMICOLON T_IDENTIFIER T_ASSIGN T_BITNOT T_IDENTIFIER T_SEMICOLON T_INT T_IDENTIFIER T_ASSIGN T_IDENTIFIER T_LEFT_PAREN T_IDENTIFIER T_COMMA T_IDENTIFIER T_RIGHT_PAREN T_SEMICOLON T_LEFT_BRACE T_INT T_IDENTIFIER T_ASSIGN T_INTEGER_LITERAL T_SEMICOLON T_IDENTIFIER T_ASSIGN T_IDENTIFIER T_PLUS T_INTEGER_LITERAL T_SEMICOLON T_RIGHT_BRACE T_RETURN T_INTEGER_LITERAL T_SEMICOLON T_RIGHT_BRACE T_EOF 

State Stack: 0 8 8 9 16 18 23 50 118 118 118 118 118 118 118 118 118 118 118 118 118 
Symbol Stack: declaration declaration type_specifier T_IDENTIFIER T_LEFT_PAREN T_RIGHT_PAREN T_LEFT_BRACE statement statement statement statement statement statement statement statement statement statement statement statement statement 
Input Stack: T_IDENTIFIER T_ASSIGN T_NOT T_IDENTIFIER T_SEMICOLON T_IDENTIFIER T_ASSIGN T_IDENTIFIER T_MOD T_INTEGER_LITERAL T_SEMICOLON T_IDENTIFIER T_ASSIGN T_IDENTIFIER T_BITAND T_INTEGER_LITERAL T_SEMICOLON T_IDENTIFIER T_ASSIGN T_IDENTIFIER T_BITOR T_INTEGER_LITERAL T_SEMICOLON T_IDENTIFIER T_ASSIGN T_IDENTIFIER T_BITXOR T_INTEGER_LITERAL T_SEMICOLON T_IDENTIFIER T_ASSIGN T_BITNOT T_IDENTIFIER T_SEMICOLON T_INT T_IDENTIFIER T_ASSIGN T_IDENTIFIER T_LEFT_PAREN T_IDENTIFIER T_COMMA T_IDENTIFIER T_RIGHT_PAREN T_SEMICOLON T_LEFT_BRACE T_INT T_IDENTIFIER T_ASSIGN T_INTEGER_LITERAL T_SEMICOLON T_IDENTIFIER T_ASSIGN T_IDENTIFIER T_PLUS T_INTEGER_LITERAL T_SEMICOLON T_RIGHT_BRACE T_RETURN T_INTEGER_LITERAL T_SEMICOLON T_RIGHT_BRACE T_EOF 

State Stack: 0 8 8 9 16 18 23 50 118 118 118 118 118 118 118 118 118 118 118 118 118 29 
Symbol Stack: declaration declaration type_specifier T_IDENTIFIER T_LEFT_PAREN T_RIGHT_PAREN T_LEFT_BRACE statement statement statement statement statement statement statement statement statement statement statement statement statement T_IDENTIFIER 
Input Stack: T_ASSIGN T_NOT T_IDENTIFIER T_SEMICOLON T_IDENTIFIER T_ASSIGN T_IDENTIFIER T_MOD T_INTEGER_LITERAL T_SEMICOLON T_IDENTIFIER T_ASSIGN T_IDENTIFIER T_BITAND T_INTEGER_LITERAL T_SEMICOLON T_IDENTIFIER T_ASSIGN T_IDENTIFIER T_BITOR T_INTEGER_LITERAL T_SEMICOLON T_IDENTIFIER T_ASSIGN T_IDENTIFIER T_BITXOR T_INTEGER_LITERAL T_SEMICOLON T_IDENTIFIER T_ASSIGN T_BITNOT T_IDENTIFIER T_SEMICOLON T_INT T_IDENTIFIER T_ASSIGN T_IDENTIFIER T_LEFT_PAREN T_IDENTIFIER T_COMMA T_IDENTIFIER T_RIGHT_PAREN T_SEMICOLON T_LEFT_BRACE T_INT T_IDENTIFIER T_ASSIGN T_INTEGER_LITERAL T_SEMICOLON T_IDENTIFIER T_ASSIGN T_IDENTIFIER T_PLUS T_INTEGER_LITERAL T_SEMICOLON T_RIGHT_BRACE T_RETURN T_INTEGER_LITERAL T_SEMICOLON T_RIGHT_BRACE T_EOF 

State Stack: 0 8 8 9 16 18 23 50 118 118 118 118 118 118 118 118 118 118 118 118 118 43 
Symbol Stack: declaration declaration type_specifier T_IDENTIFIER T_LEFT_PAREN T_RIGHT_PAREN T_LEFT_BRACE statement statement statement statement statement statement statement statement statement statement statement statement statement var 
Input Stack: T_ASSIGN T_NOT T_IDENTIFIER T_SEMICOLON T_IDENTIFIER T_ASSIGN T_IDENTIFIER T_MOD T_INTEGER_LITERAL T_SEMICOLON T_IDENTIFIER T_ASSIGN T_IDENTIFIER T_BITAND T_INTEGER_LITERAL T_SEMICOLON T_IDENTIFIER T_ASSIGN T_IDENTIFIER T_BITOR T_INTEGER_LITERAL T_SEMICOLON T_IDENTIFIER T_ASSIGN T_IDENTIFIER T_BITXOR T_INTEGER_LITERAL T_SEMICOLON T_IDENTIFIER T_ASSIGN T_BITNOT T_IDENTIFIER T_SEMICOLON T_INT T_IDENTIFIER T_ASSIGN T_IDENTIFIER T_LEFT_PAREN T_IDENTIFIER T_COMMA T_IDENTIFIER T_RIGHT_PAREN T_SEMICOLON T_LEFT_BRACE T_INT T_IDENTIFIER T_ASSIGN T_INTEGER_LITERAL T_SEMICOLON T_IDENTIFIER T_ASSIGN T_IDENTIFIER T_PLUS T_INTEGER_LITERAL T_SEMICOLON T_RIGHT_BRACE T_RETURN T_INTEGER_LITERAL T_SEMICOLON T_RIGHT_BRACE T_EOF 

State Stack: 0 8 8 9 16 18 23 50 118 118 118 118 118 118 118 118 118 118 118 118 118 43 96 
Symbol Stack: declaration declaration type_specifier T_IDENTIFIER T_LEFT_PAREN T_RIGHT_PAREN T_LEFT_BRACE statement statement statement statement statement statement statement statement statement statement statement statement statement var T_ASSIGN 
Input Stack: T_NOT T_IDENTIFIER T_SEMICOLON T_IDENTIFIER T_ASSIGN T_IDENTIFIER T_MOD T_INTEGER_LITERAL T_SEMICOLON T_IDENTIFIER T_ASSIGN T_IDENTIFIER T_BITAND T_INTEGER_LITERAL T_SEMICOLON T_IDENTIFIER T_ASSIGN T_IDENTIFIER T_BITOR T_INTEGER_LITERAL T_SEMICOLON T_IDENTIFIER T_ASSIGN T_IDENTIFIER T_BITXOR T_INTEGER_LITERAL T_SEMICOLON T_IDENTIFIER T_ASSIGN T_BITNOT T_IDENTIFIER T_SEMICOLON T_INT T_IDENTIFIER T_ASSIGN T_IDENTIFIER T_LEFT_PAREN T_IDENTIFIER T_COMMA T_IDENTIFIER T_RIGHT_PAREN T_SEMICOLON T_LEFT_BRACE T_INT T_IDENTIFIER T_ASSIGN T_INTEGER_LITERAL T_SEMICOLON T_IDENTIFIER T_ASSIGN T_IDENTIFIER T_PLUS T_INTEGER_LITERAL T_SEMICOLON T_RIGHT_BRACE T_RETURN T_INTEGER_LITERAL T_SEMICOLON T_RIGHT_BRACE T_EOF 

State Stack: 0 8 8 9 16 18 23 50 118 118 118 118 118 118 118 118 118 118 118 118 118 43 96 35 
Symbol Stack: declaration declaration type_specifier T_IDENTIFIER T_LEFT_PAREN T_RIGHT_PAREN T_LEFT_BRACE statement statement statement statement statement statement statement statement statement statement statement statement statement var T_ASSIGN T_NOT 
Input Stack: T_IDENTIFIER T_SEMICOLON T_IDENTIFIER T_ASSIGN T_IDENTIFIER T_MOD T_INTEGER_LITERAL T_SEMICOLON T_IDENTIFIER T_ASSIGN T_IDENTIFIER T_BITAND T_INTEGER_LITERAL T_SEMICOLON T_IDENTIFIER T_ASSIGN T_IDENTIFIER T_BITOR T_INTEGER_LITERAL T_SEMICOLON T_IDENTIFIER T_ASSIGN T_IDENTIFIER T_BITXOR T_INTEGER_LITERAL T_SEMICOLON T_IDENTIFIER T_ASSIGN T_BITNOT T_IDENTIFIER T_SEMICOLON T_INT T_IDENTIFIER T_ASSIGN T_IDENTIFIER T_LEFT_PAREN T_IDENTIFIER T_COMMA T_IDENTIFIER T_RIGHT_PAREN T_SEMICOLON T_LEFT_BRACE T_INT T_IDENTIFIER T_ASSIGN T_INTEGER_LITERAL T_SEMICOLON T_IDENTIFIER T_ASSIGN T_IDENTIFIER T_PLUS T_INTEGER_LITERAL T_SEMICOLON T_RIGHT_BRACE T_RETURN T_INTEGER_LITERAL T_SEMICOLON T_RIGHT_BRACE T_EOF 

State Stack: 0 8 8 9 16 18 23 50 118 118 118 118 118 118 118 118 118 118 118 118 118 43 96 35 57 
Symbol Stack: declaration declaration type_specifier T_IDENTIFIER T_LEFT_PAREN T_RIGHT_PAREN T_LEFT_BRACE statement statement statement statement statement statement statement statement statement statement statement statement statement var T_ASSIGN T_NOT T_IDENTIFIER 
Input Stack: T_SEMICOLON T_IDENTIFIER T_ASSIGN T_IDENTIFIER T_MOD T_INTEGER_LITERAL T_SEMICOLON T_IDENTIFIER T_ASSIGN T_IDENTIFIER T_BITAND T_INTEGER_LITERAL T_SEMICOLON T_IDENTIFIER T_ASSIGN T_IDENTIFIER T_BITOR T_INTEGER_LITERAL T_SEMICOLON T_IDENTIFIER T_ASSIGN T_IDENTIFIER T_BITXOR T_INTEGER_LITERAL T_SEMICOLON T_IDENTIFIER T_ASSIGN T_BITNOT T_IDENTIFIER T_SEMICOLON T_INT T_IDENTIFIER T_ASSIGN T_IDENTIFIER T_LEFT_PAREN T_IDENTIFIER T_COMMA T_IDENTIFIER T_RIGHT_PAREN T_SEMICOLON T_LEFT_BRACE T_INT T_IDENTIFIER T_ASSIGN T_INTEGER_LITERAL T_SEMICOLON T_IDENTIFIER T_ASSIGN T_IDENTIFIER T_PLUS T_INTEGER_LITERAL T_SEMICOLON T_RIGHT_BRACE T_RETURN T_INTEGER_LITERAL T_SEMICOLON T_RIGHT_BRACE T_EOF 

State Stack: 0 8 8 9 16 18 23 50 118 118 118 118 118 118 118 118 118 118 118 118 118 43 96 35 59 
Symbol Stack: declaration declaration type_specifier T_IDENTIFIER T_LEFT_PAREN T_RIGHT_PAREN T_LEFT_BRACE statement statement statement statement statement statement statement statement statement statement statement statement statement var T_ASSIGN T_NOT var 
Input Stack: T_SEMICOLON T_IDENTIFIER T_ASSIGN T_IDENTIFIER T_MOD T_INTEGER_LITERAL T_SEMICOLON T_IDENTIFIER T_ASSIGN T_IDENTIFIER T_BITAND T_INTEGER_LITERAL T_SEMICOLON T_IDENTIFIER T_ASSIGN T_IDENTIFIER T_BITOR T_INTEGER_LITERAL T_SEMICOLON T_IDENTIFIER T_ASSIGN T_IDENTIFIER T_BITXOR T_INTEGER_LITERAL T_SEMICOLON T_IDENTIFIER T_ASSIGN T_BITNOT T_IDENTIFIER T_SEMICOLON T_INT T_IDENTIFIER T_ASSIGN T_IDENTIFIER T_LEFT_PAREN T_IDENTIFIER T_COMMA T_IDENTIFIER T_RIGHT_PAREN T_SEMICOLON T_LEFT_BRACE T_INT T_IDENTIFIER T_ASSIGN T_INTEGER_LITERAL T_SEMICOLON T_IDENTIFIER T_ASSIGN T_IDENTIFIER T_PLUS T_INTEGER_LITERAL T_SEMICOLON T_RIGHT_BRACE T_RETURN T_INTEGER_LITERAL T_SEMICOLON T_RIGHT_BRACE T_EOF 

State Stack: 0 8 8 9 16 18 23 50 118 118 118 118 118 118 118 118 118 118 118 118 118 43 96 35 77 
Symbol Stack: declaration declaration type_specifier T_IDENTIFIER T_LEFT_PAREN T_RIGHT_PAREN T_LEFT_BRACE statement statement statement statement statement statement statement statement statement statement statement statement statement var T_ASSIGN T_NOT factor 
Input Stack: T_SEMICOLON T_IDENTIFIER T_ASSIGN T_IDENTIFIER T_MOD T_INTEGER_LITERAL T_SEMICOLON T_IDENTIFIER T_ASSIGN T_IDENTIFIER T_BITAND T_INTEGER_LITERAL T_SEMICOLON T_IDENTIFIER T_ASSIGN T_IDENTIFIER T_BITOR T_INTEGER_LITERAL T_SEMICOLON T_IDENTIFIER T_ASSIGN T_IDENTIFIER T_BITXOR T_INTEGER_LITERAL T_SEMICOLON T_IDENTIFIER T_ASSIGN T_BITNOT T_IDENTIFIER T_SEMICOLON T_INT T_IDENTIFIER T_ASSIGN T_IDENTIFIER T_LEFT_PAREN T_IDENTIFIER T_COMMA T_IDENTIFIER T_RIGHT_PAREN T_SEMICOLON T_LEFT_BRACE T_INT T_IDENTIFIER T_ASSIGN T_INTEGER_LITERAL T_SEMICOLON T_IDENTIFIER T_ASSIGN T_IDENTIFIER T_PLUS T_INTEGER_LITERAL T_SEMICOLON T_RIGHT_BRACE T_RETURN T_INTEGER_LITERAL T_SEMICOLON T_RIGHT_BRACE T_EOF 

State Stack: 0 8 8 9 16 18 23 50 118 118 118 118 118 118 118 118 118 118 118 118 118 43 96 47 
Symbol Stack: declaration declaration type_specifier T_IDENTIFIER T_LEFT_PAREN T_RIGHT_PAREN T_LEFT_BRACE statement statement statement statement statement statement statement statement statement statement statement statement statement var T_ASSIGN factor 
Input Stack: T_SEMICOLON T_IDENTIFIER T_ASSIGN T_IDENTIFIER T_MOD T_INTEGER_LITERAL T_SEMICOLON T_IDENTIFIER T_ASSIGN T_IDENTIFIER T_BITAND T_INTEGER_LITERAL T_SEMICOLON T_IDENTIFIER T_ASSIGN T_IDENTIFIER T_BITOR T_INTEGER_LITERAL T_SEMICOLON T_IDENTIFIER T_ASSIGN T_IDENTIFIER T_BITXOR T_INTEGER_LITERAL T_SEMICOLON T_IDENTIFIER T_ASSIGN T_BITNOT T_IDENTIFIER T_SEMICOLON T_INT T_IDENTIFIER T_ASSIGN T_IDENTIFIER T_LEFT_PAREN T_IDENTIFIER T_COMMA T_IDENTIFIER T_RIGHT_PAREN T_SEMICOLON T_LEFT_BRACE T_INT T_IDENTIFIER T_ASSIGN T_INTEGER_LITERAL T_SEMICOLON T_IDENTIFIER T_ASSIGN T_IDENTIFIER T_PLUS T_INTEGER_LITERAL T_SEMICOLON T_RIGHT_BRACE T_RETURN T_INTEGER_LITERAL T_SEMICOLON T_RIGHT_BRACE T_EOF 

State Stack: 0 8 8 9 16 18 23 50 118 118 118 118 118 118 118 118 118 118 118 118 118 43 96 40 
Symbol Stack: declaration declaration type_specifier T_IDENTIFIER T_LEFT_PAREN T_RIGHT_PAREN T_LEFT_BRACE statement statement statement statement statement statement statement statement statement statement statement statement statement var T_ASSIGN term 
Input Stack: T_SEMICOLON T_IDENTIFIER T_ASSIGN T_IDENTIFIER T_MOD T_INTEGER_LITERAL T_SEMICOLON T_IDENTIFIER T_ASSIGN T_IDENTIFIER T_BITAND T_INTEGER_LITERAL T_SEMICOLON T_IDENTIFIER T_ASSIGN T_IDENTIFIER T_BITOR T_INTEGER_LITERAL T_SEMICOLON T_IDENTIFIER T_ASSIGN T_IDENTIFIER T_BITXOR T_INTEGER_LITERAL T_SEMICOLON T_IDENTIFIER T_ASSIGN T_BITNOT T_IDENTIFIER T_SEMICOLON T_INT T_IDENTIFIER T_ASSIGN T_IDENTIFIER T_LEFT_PAREN T_IDENTIFIER T_COMMA T_IDENTIFIER T_RIGHT_PAREN T_SEMICOLON T_LEFT_BRACE T_INT T_IDENTIFIER T_ASSIGN T_INTEGER_LITERAL T_SEMICOLON T_IDENTIFIER T_ASSIGN T_IDENTIFIER T_PLUS T_INTEGER_LITERAL T_SEMICOLON T_RIGHT_BRACE T_RETURN T_INTEGER_LITERAL T_SEMICOLON T_RIGHT_BRACE T_EOF 

State Stack: 0 8 8 9 16 18 23 50 118 118 118 118 118 118 118 118 118 118 118 118 118 43 96 39 
Symbol Stack: declaration declaration type_specifier T_IDENTIFIER T_LEFT_PAREN T_RIGHT_PAREN T_LEFT_BRACE statement statement statement statement statement statement statement statement statement statement statement statement statement var T_ASSIGN additive_expression 
Input Stack: T_SEMICOLON T_IDENTIFIER T_ASSIGN T_IDENTIFIER T_MOD T_INTEGER_LITERAL T_SEMICOLON T_IDENTIFIER T_ASSIGN T_IDENTIFIER T_BITAND T_INTEGER_LITERAL T_SEMICOLON T_IDENTIFIER T_ASSIGN T_IDENTIFIER T_BITOR T_INTEGER_LITERAL T_SEMICOLON T_IDENTIFIER T_ASSIGN T_IDENTIFIER T_BITXOR T_INTEGER_LITERAL T_SEMICOLON T_IDENTIFIER T_ASSIGN T_BITNOT T_IDENTIFIER T_SEMICOLON T_INT T_IDENTIFIER T_ASSIGN T_IDENTIFIER T_LEFT_PAREN T_IDENTIFIER T_COMMA T_IDENTIFIER T_RIGHT_PAREN T_SEMICOLON T_LEFT_BRACE T_INT T_IDENTIFIER T_ASSIGN T_INTEGER_LITERAL T_SEMICOLON T_IDENTIFIER T_ASSIGN T_IDENTIFIER T_PLUS T_INTEGER_LITERAL T_SEMICOLON T_RIGHT_BRACE T_RETURN T_INTEGER_LITERAL T_SEMICOLON T_RIGHT_BRACE T_EOF 

State Stack: 0 8 8 9 16 18 23 50 118 118 118 118 118 118 118 118 118 118 118 118 118 43 96 42 
Symbol Stack: declaration declaration type_specifier T_IDENTIFIER T_LEFT_PAREN T_RIGHT_PAREN T_LEFT_BRACE statement statement statement statement statement statement statement statement statement statement statement statement statement var T_ASSIGN simple_expression 
Input Stack: T_SEMICOLON T_IDENTIFIER T_ASSIGN T_IDENTIFIER T_MOD T_INTEGER_LITERAL T_SEMICOLON T_IDENTIFIER T_ASSIGN T_IDENTIFIER T_BITAND T_INTEGER_LITERAL T_SEMICOLON T_IDENTIFIER T_ASSIGN T_IDENTIFIER T_BITOR T_INTEGER_LITERAL T_SEMICOLON T_IDENTIFIER T_ASSIGN T_IDENTIFIER T_BITXOR T_INTEGER_LITERAL T_SEMICOLON T_IDENTIFIER T_ASSIGN T_BITNOT T_IDENTIFIER T_SEMICOLON T_INT T_IDENTIFIER T_ASSIGN T_IDENTIFIER T_LEFT_PAREN T_IDENTIFIER T_COMMA T_IDENTIFIER T_RIGHT_PAREN T_SEMICOLON T_LEFT_BRACE T_INT T_IDENTIFIER T_ASSIGN T_INTEGER_LITERAL T_SEMICOLON T_IDENTIFIER T_ASSIGN T_IDENTIFIER T_PLUS T_INTEGER_LITERAL T_SEMICOLON T_RIGHT_BRACE T_RETURN T_INTEGER_LITERAL T_SEMICOLON T_RIGHT_BRACE T_EOF 

State Stack: 0 8 8 9 16 18 23 50 118 118 118 118 118 118 118 118 118 118 118 118 118 43 96 198 
Symbol Stack: declaration declaration type_specifier T_IDENTIFIER T_LEFT_PAREN T_RIGHT_PAREN T_LEFT_BRACE statement statement statement statement statement statement statement statement statement statement statement statement statement var T_ASSIGN expression 
Input Stack: T_SEMICOLON T_IDENTIFIER T_ASSIGN T_IDENTIFIER T_MOD T_INTEGER_LITERAL T_SEMICOLON T_IDENTIFIER T_ASSIGN T_IDENTIFIER T_BITAND T_INTEGER_LITERAL T_SEMICOLON T_IDENTIFIER T_ASSIGN T_IDENTIFIER T_BITOR T_INTEGER_LITERAL T_SEMICOLON T_IDENTIFIER T_ASSIGN T_IDENTIFIER T_BITXOR T_INTEGER_LITERAL T_SEMICOLON T_IDENTIFIER T_ASSIGN T_BITNOT T_IDENTIFIER T_SEMICOLON T_INT T_IDENTIFIER T_ASSIGN T_IDENTIFIER T_LEFT_PAREN T_IDENTIFIER T_COMMA T_IDENTIFIER T_RIGHT_PAREN T_SEMICOLON T_LEFT_BRACE T_INT T_IDENTIFIER T_ASSIGN T_INTEGER_LITERAL T_SEMICOLON T_IDENTIFIER T_ASSIGN T_IDENTIFIER T_PLUS T_INTEGER_LITERAL T_SEMICOLON T_RIGHT_BRACE T_RETURN T_INTEGER_LITERAL T_SEMICOLON T_RIGHT_BRACE T_EOF 

State Stack: 0 8 8 9 16 18 23 50 118 118 118 118 118 118 118 118 118 118 118 118 118 111 
Symbol Stack: declaration declaration type_specifier T_IDENTIFIER T_LEFT_PAREN T_RIGHT_PAREN T_LEFT_BRACE statement statement statement statement statement statement statement statement statement statement statement statement statement expression 
Input Stack: T_SEMICOLON T_IDENTIFIER T_ASSIGN T_IDENTIFIER T_MOD T_INTEGER_LITERAL T_SEMICOLON T_IDENTIFIER T_ASSIGN T_IDENTIFIER T_BITAND T_INTEGER_LITERAL T_SEMICOLON T_IDENTIFIER T_ASSIGN T_IDENTIFIER T_BITOR T_INTEGER_LITERAL T_SEMICOLON T_IDENTIFIER T_ASSIGN T_IDENTIFIER T_BITXOR T_INTEGER_LITERAL T_SEMICOLON T_IDENTIFIER T_ASSIGN T_BITNOT T_IDENTIFIER T_SEMICOLON T_INT T_IDENTIFIER T_ASSIGN T_IDENTIFIER T_LEFT_PAREN T_IDENTIFIER T_COMMA T_IDENTIFIER T_RIGHT_PAREN T_SEMICOLON T_LEFT_BRACE T_INT T_IDENTIFIER T_ASSIGN T_INTEGER_LITERAL T_SEMICOLON T_IDENTIFIER T_ASSIGN T_IDENTIFIER T_PLUS T_INTEGER_LITERAL T_SEMICOLON T_RIGHT_BRACE T_RETURN T_INTEGER_LITERAL T_SEMICOLON T_RIGHT_BRACE T_EOF 

State Stack: 0 8 8 9 16 18 23 50 118 118 118 118 118 118 118 118 118 118 118 118 118 111 208 
Symbol Stack: declaration declaration type_specifier T_IDENTIFIER T_LEFT_PAREN T_RIGHT_PAREN T_LEFT_BRACE statement statement statement statement statement statement statement statement statement statement statement statement statement expression T_SEMICOLON 
Input Stack: T_IDENTIFIER T_ASSIGN T_IDENTIFIER T_MOD T_INTEGER_LITERAL T_SEMICOLON T_IDENTIFIER T_ASSIGN T_IDENTIFIER T_BITAND T_INTEGER_LITERAL T_SEMICOLON T_IDENTIFIER T_ASSIGN T_IDENTIFIER T_BITOR T_INTEGER_LITERAL T_SEMICOLON T_IDENTIFIER T_ASSIGN T_IDENTIFIER T_BITXOR T_INTEGER_LITERAL T_SEMICOLON T_IDENTIFIER T_ASSIGN T_BITNOT T_IDENTIFIER T_SEMICOLON T_INT T_IDENTIFIER T_ASSIGN T_IDENTIFIER T_LEFT_PAREN T_IDENTIFIER T_COMMA T_IDENTIFIER T_RIGHT_PAREN T_SEMICOLON T_LEFT_BRACE T_INT T_IDENTIFIER T_ASSIGN T_INTEGER_LITERAL T_SEMICOLON T_IDENTIFIER T_ASSIGN T_IDENTIFIER T_PLUS T_INTEGER_LITERAL T_SEMICOLON T_RIGHT_BRACE T_RETURN T_INTEGER_LITERAL T_SEMICOLON T_RIGHT_BRACE T_EOF 

State Stack: 0 8 8 9 16 18 23 50 118 118 118 118 118 118 118 118 118 118 118 118 118 113 
Symbol Stack: declaration declaration type_specifier T_IDENTIFIER T_LEFT_PAREN T_RIGHT_PAREN T_LEFT_BRACE statement statement statement statement statement statement statement statement statement statement statement statement statement expression_stmt 
Input Stack: T_IDENTIFIER T_ASSIGN T_IDENTIFIER T_MOD T_INTEGER_LITERAL T_SEMICOLON T_IDENTIFIER T_ASSIGN T_IDENTIFIER T_BITAND T_INTEGER_LITERAL T_SEMICOLON T_IDENTIFIER T_ASSIGN T_IDENTIFIER T_BITOR T_INTEGER_LITERAL T_SEMICOLON T_IDENTIFIER T_ASSIGN T_IDENTIFIER T_BITXOR T_INTEGER_LITERAL T_SEMICOLON T_IDENTIFIER T_ASSIGN T_BITNOT T_IDENTIFIER T_SEMICOLON T_INT T_IDENTIFIER T_ASSIGN T_IDENTIFIER T_LEFT_PAREN T_IDENTIFIER T_COMMA T_IDENTIFIER T_RIGHT_PAREN T_SEMICOLON T_LEFT_BRACE T_INT T_IDENTIFIER T_ASSIGN T_INTEGER_LITERAL T_SEMICOLON T_IDENTIFIER T_ASSIGN T_IDENTIFIER T_PLUS T_INTEGER_LITERAL T_SEMICOLON T_RIGHT_BRACE T_RETURN T_INTEGER_LITERAL T_SEMICOLON T_RIGHT_BRACE T_EOF 

State Stack: 0 8 8 9 16 18 23 50 118 118 118 118 118 118 118 118 118 118 118 118 118 118 
Symbol Stack: declaration declaration type_specifier T_IDENTIFIER T_LEFT_PAREN T_RIGHT_PAREN T_LEFT_BRACE statement statement statement statement statement statement statement statement statement statement statement statement statement statement 
Input Stack: T_IDENTIFIER T_ASSIGN T_IDENTIFIER T_MOD T_INTEGER_LITERAL T_SEMICOLON T_IDENTIFIER T_ASSIGN T_IDENTIFIER T_BITAND T_INTEGER_LITERAL T_SEMICOLON T_IDENTIFIER T_ASSIGN T_IDENTIFIER T_BITOR T_INTEGER_LITERAL T_SEMICOLON T_IDENTIFIER T_ASSIGN T_IDENTIFIER T_BITXOR T_INTEGER_LITERAL T_SEMICOLON T_IDENTIFIER T_ASSIGN T_BITNOT T_IDENTIFIER T_SEMICOLON T_INT T_IDENTIFIER T_ASSIGN T_IDENTIFIER T_LEFT_PAREN T_IDENTIFIER T_COMMA T_IDENTIFIER T_RIGHT_PAREN T_SEMICOLON T_LEFT_BRACE T_INT T_IDENTIFIER T_ASSIGN T_INTEGER_LITERAL T_SEMICOLON T_IDENTIFIER T_ASSIGN T_IDENTIFIER T_PLUS T_INTEGER_LITERAL T_SEMICOLON T_RIGHT_BRACE T_RETURN T_INTEGER_LITERAL T_SEMICOLON T_RIGHT_BRACE T_EOF 

State Stack: 0 8 8 9 16 18 23 50 118 118 118 118 118 118 118 118 118 118 118 118 118 118 29 
Symbol Stack: declaration declaration type_specifier T_IDENTIFIER T_LEFT_PAREN T_RIGHT_PAREN T_LEFT_BRACE statement statement statement statement statement statement statement statement statement statement statement statement statement statement T_IDENTIFIER 
Input Stack: T_ASSIGN T_IDENTIFIER T_MOD T_INTEGER_LITERAL T_SEMICOLON T_IDENTIFIER T_ASSIGN T_IDENTIFIER T_BITAND T_INTEGER_LITERAL T_SEMICOLON T_IDENTIFIER T_ASSIGN T_IDENTIFIER T_BITOR T_INTEGER_LITERAL T_SEMICOLON T_IDENTIFIER T_ASSIGN T_IDENTIFIER T_BITXOR T_INTEGER_LITERAL T_SEMICOLON T_IDENTIFIER T_ASSIGN T_BITNOT T_IDENTIFIER T_SEMICOLON T_INT T_IDENTIFIER T_ASSIGN T_IDENTIFIER T_LEFT_PAREN T_IDENTIFIER T_COMMA T_IDENTIFIER T_RIGHT_PAREN T_SEMICOLON T_LEFT_BRACE T_INT T_IDENTIFIER T_ASSIGN T_INTEGER_LITERAL T_SEMICOLON T_IDENTIFIER T_ASSIGN T_IDENTIFIER T_PLUS T_INTEGER_LITERAL T_SEMICOLON T_RIGHT_BRACE T_RETURN T_INTEGER_LITERAL T_SEMICOLON T_RIGHT_BRACE T_EOF 

State Stack: 0 8 8 9 16 18 23 50 118 118 118 118 118 118 118 118 118 118 118 118 118 118 43 
Symbol Stack: declaration declaration type_specifier T_IDENTIFIER T_LEFT_PAREN T_RIGHT_PAREN T_LEFT_BRACE statement statement statement statement statement statement statement statement statement statement statement statement statement statement var 
Input Stack: T_ASSIGN T_IDENTIFIER T_MOD T_INTEGER_LITERAL T_SEMICOLON T_IDENTIFIER T_ASSIGN T_IDENTIFIER T_BITAND T_INTEGER_LITERAL T_SEMICOLON T_IDENTIFIER T_ASSIGN T_IDENTIFIER T_BITOR T_INTEGER_LITERAL T_SEMICOLON T_IDENTIFIER T_ASSIGN T_IDENTIFIER T_BITXOR T_INTEGER_LITERAL T_SEMICOLON T_IDENTIFIER T_ASSIGN T_BITNOT T_IDENTIFIER T_SEMICOLON T_INT T_IDENTIFIER T_ASSIGN T_IDENTIFIER T_LEFT_PAREN T_IDENTIFIER T_COMMA T_IDENTIFIER T_RIGHT_PAREN T_SEMICOLON T_LEFT_BRACE T_INT T_IDENTIFIER T_ASSIGN T_INTEGER_LITERAL T_SEMICOLON T_IDENTIFIER T_ASSIGN T_IDENTIFIER T_PLUS T_INTEGER_LITERAL T_SEMICOLON T_RIGHT_BRACE T_RETURN T_INTEGER_LITERAL T_SEMICOLON T_RIGHT_BRACE T_EOF 

State Stack: 0 8 8 9 16 18 23 50 118 118 118 118 118 118 118 118 118 118 118 118 118 118 43 96 
Symbol Stack: declaration declaration type_specifier T_IDENTIFIER T_LEFT_PAREN T_RIGHT_PAREN T_LEFT_BRACE statement statement statement statement statement statement statement statement statement statement statement statement statement statement var T_ASSIGN 
Input Stack: T_IDENTIFIER T_MOD T_INTEGER_LITERAL T_SEMICOLON T_IDENTIFIER T_ASSIGN T_IDENTIFIER T_BITAND T_INTEGER_LITERAL T_SEMICOLON T_IDENTIFIER T_ASSIGN T_IDENTIFIER T_BITOR T_INTEGER_LITERAL T_SEMICOLON T_IDENTIFIER T_ASSIGN T_IDENTIFIER T_BITXOR T_INTEGER_LITERAL T_SEMICOLON T_IDENTIFIER T_ASSIGN T_BITNOT T_IDENTIFIER T_SEMICOLON T_INT T_IDENTIFIER T_ASSIGN T_IDENTIFIER T_LEFT_PAREN T_IDENTIFIER T_COMMA T_IDENTIFIER T_RIGHT_PAREN T_SEMICOLON T_LEFT_BRACE T_INT T_IDENTIFIER T_ASSIGN T_INTEGER_LITERAL T_SEMICOLON T_IDENTIFIER T_ASSIGN T_IDENTIFIER T_PLUS T_INTEGER_LITERAL T_SEMICOLON T_RIGHT_BRACE T_RETURN T_INTEGER_LITERAL T_SEMICOLON T_RIGHT_BRACE T_EOF 

State Stack: 0 8 8 9 16 18 23 50 118 118 118 118 118 118 118 118 118 118 118 118 118 118 43 96 29 
Symbol Stack: declaration declaration type_specifier T_IDENTIFIER T_LEFT_PAREN T_RIGHT_PAREN T_LEFT_BRACE statement statement statement statement statement statement statement statement statement statement statement statement statement statement var T_ASSIGN T_IDENTIFIER 
Input Stack: T_MOD T_INTEGER_LITERAL T_SEMICOLON T_IDENTIFIER T_ASSIGN T_IDENTIFIER T_BITAND T_INTEGER_LITERAL T_SEMICOLON T_IDENTIFIER T_ASSIGN T_IDENTIFIER T_BITOR T_INTEGER_LITERAL T_SEMICOLON T_IDENTIFIER T_ASSIGN T_IDENTIFIER T_BITXOR T_INTEGER_LITERAL T_SEMICOLON T_IDENTIFIER T_ASSIGN T_BITNOT T_IDENTIFIER T_SEMICOLON T_INT T_IDENTIFIER T_ASSIGN T_IDENTIFIER T_LEFT_PAREN T_IDENTIFIER T_COMMA T_IDENTIFIER T_RIGHT_PAREN T_SEMICOLON T_LEFT_BRACE T_INT T_IDENTIFIER T_ASSIGN T_INTEGER_LITERAL T_SEMICOLON T_IDENTIFIER T_ASSIGN T_IDENTIFIER T_PLUS T_INTEGER_LITERAL T_SEMICOLON T_RIGHT_BRACE T_RETURN T_INTEGER_LITERAL T_SEMICOLON T_RIGHT_BRACE T_EOF 

State Stack: 0 8 8 9 16 18 23 50 118 118 118 118 118 118 118 118 118 118 118 118 118 118 43 96 43 
Symbol Stack: declaration declaration type_specifier T_IDENTIFIER T_LEFT_PAREN T_RIGHT_PAREN T_LEFT_BRACE statement statement statement statement statement statement statement statement statement statement statement statement statement statement var T_ASSIGN var 
Input Stack: T_MOD T_INTEGER_LITERAL T_SEMICOLON T_IDENTIFIER T_ASSIGN T_IDENTIFIER T_BITAND T_INTEGER_LITERAL T_SEMICOLON T_IDENTIFIER T_ASSIGN T_IDENTIFIER T_BITOR T_INTEGER_LITERAL T_SEMICOLON T_IDENTIFIER T_ASSIGN T_IDENTIFIER T_BITXOR T_INTEGER_LITERAL T_SEMICOLON T_IDENTIFIER T_ASSIGN T_BITNOT T_IDENTIFIER T_SEMICOLON T_INT T_IDENTIFIER T_ASSIGN T_IDENTIFIER T_LEFT_PAREN T_IDENTIFIER T_COMMA T_IDENTIFIER T_RIGHT_PAREN T_SEMICOLON T_LEFT_BRACE T_INT T_IDENTIFIER T_ASSIGN T_INTEGER_LITERAL T_SEMICOLON T_IDENTIFIER T_ASSIGN T_IDENTIFIER T_PLUS T_INTEGER_LITERAL T_SEMICOLON T_RIGHT_BRACE T_RETURN T_INTEGER_LITERAL T_SEMICOLON T_RIGHT_BRACE T_EOF 

State Stack: 0 8 8 9 16 18 23 50 118 118 118 118 118 118 118 118 118 118 118 118 118 118 43 96 47 
Symbol Stack: declaration declaration type_specifier T_IDENTIFIER T_LEFT_PAREN T_RIGHT_PAREN T_LEFT_BRACE statement statement statement statement statement statement statement statement statement statement statement statement statement statement var T_ASSIGN factor 
Input Stack: T_MOD T_INTEGER_LITERAL T_SEMICOLON T_IDENTIFIER T_ASSIGN T_IDENTIFIER T_BITAND T_INTEGER_LITERAL T_SEMICOLON T_IDENTIFIER T_ASSIGN T_IDENTIFIER T_BITOR T_INTEGER_LITERAL T_SEMICOLON T_IDENTIFIER T_ASSIGN T_IDENTIFIER T_BITXOR T_INTEGER_LITERAL T_SEMICOLON T_IDENTIFIER T_ASSIGN T_BITNOT T_IDENTIFIER T_SEMICOLON T_INT T_IDENTIFIER T_ASSIGN T_IDENTIFIER T_LEFT_PAREN T_IDENTIFIER T_COMMA T_IDENTIFIER T_RIGHT_PAREN T_SEMICOLON T_LEFT_BRACE T_INT T_IDENTIFIER T_ASSIGN T_INTEGER_LITERAL T_SEMICOLON T_IDENTIFIER T_ASSIGN T_IDENTIFIER T_PLUS T_INTEGER_LITERAL T_SEMICOLON T_RIGHT_BRACE T_RETURN T_INTEGER_LITERAL T_SEMICOLON T_RIGHT_BRACE T_EOF 

State Stack: 0 8 8 9 16 18 23 50 118 118 118 118 118 118 118 118 118 118 118 118 118 118 43 96 40 
Symbol Stack: declaration declaration type_specifier T_IDENTIFIER T_LEFT_PAREN T_RIGHT_PAREN T_LEFT_BRACE statement statement statement statement statement statement statement statement statement statement statement statement statement statement var T_ASSIGN term 
Input Stack: T_MOD T_INTEGER_LITERAL T_SEMICOLON T_IDENTIFIER T_ASSIGN T_IDENTIFIER T_BITAND T_INTEGER_LITERAL T_SEMICOLON T_IDENTIFIER T_ASSIGN T_IDENTIFIER T_BITOR T_INTEGER_LITERAL T_SEMICOLON T_IDENTIFIER T_ASSIGN T_IDENTIFIER T_BITXOR T_INTEGER_LITERAL T_SEMICOLON T_IDENTIFIER T_ASSIGN T_BITNOT T_IDENTIFIER T_SEMICOLON T_INT T_IDENTIFIER T_ASSIGN T_IDENTIFIER T_LEFT_PAREN T_IDENTIFIER T_COMMA T_IDENTIFIER T_RIGHT_PAREN T_SEMICOLON T_LEFT_BRACE T_INT T_IDENTIFIER T_ASSIGN T_INTEGER_LITERAL T_SEMICOLON T_IDENTIFIER T_ASSIGN T_IDENTIFIER T_PLUS T_INTEGER_LITERAL T_SEMICOLON T_RIGHT_BRACE T_RETURN T_INTEGER_LITERAL T_SEMICOLON T_RIGHT_BRACE T_EOF 

State Stack: 0 8 8 9 16 18 23 50 118 118 118 118 118 118 118 118 118 118 118 118 118 118 43 96 40 92 
Symbol Stack: declaration declaration type_specifier T_IDENTIFIER T_LEFT_PAREN T_RIGHT_PAREN T_LEFT_BRACE statement statement statement statement statement statement statement statement statement statement statement statement statement statement var T_ASSIGN term T_MOD 
Input Stack: T_INTEGER_LITERAL T_SEMICOLON T_IDENTIFIER T_ASSIGN T_IDENTIFIER T_BITAND T_INTEGER_LITERAL T_SEMICOLON T_IDENTIFIER T_ASSIGN T_IDENTIFIER T_BITOR T_INTEGER_LITERAL T_SEMICOLON T_IDENTIFIER T_ASSIGN T_IDENTIFIER T_BITXOR T_INTEGER_LITERAL T_SEMICOLON T_IDENTIFIER T_ASSIGN T_BITNOT T_IDENTIFIER T_SEMICOLON T_INT T_IDENTIFIER T_ASSIGN T_IDENTIFIER T_LEFT_PAREN T_IDENTIFIER T_COMMA T_IDENTIFIER T_RIGHT_PAREN T_SEMICOLON T_LEFT_BRACE T_INT T_IDENTIFIER T_ASSIGN T_INTEGER_LITERAL T_SEMICOLON T_IDENTIFIER T_ASSIGN T_IDENTIFIER T_PLUS T_INTEGER_LITERAL T_SEMICOLON T_RIGHT_BRACE T_RETURN T_INTEGER_LITERAL T_SEMICOLON T_RIGHT_BRACE T_EOF 

State Stack: 0 8 8 9 16 18 23 50 118 118 118 118 118 118 118 118 118 118 118 118 118 118 43 96 40 95 
Symbol Stack: declaration declaration type_specifier T_IDENTIFIER T_LEFT_PAREN T_RIGHT_PAREN T_LEFT_BRACE statement statement statement statement statement statement statement statement statement statement statement statement statement statement var T_ASSIGN term mulop 
Input Stack: T_INTEGER_LITERAL T_SEMICOLON T_IDENTIFIER T_ASSIGN T_IDENTIFIER T_BITAND T_INTEGER_LITERAL T_SEMICOLON T_IDENTIFIER T_ASSIGN T_IDENTIFIER T_BITOR T_INTEGER_LITERAL T_SEMICOLON T_IDENTIFIER T_ASSIGN T_IDENTIFIER T_BITXOR T_INTEGER_LITERAL T_SEMICOLON T_IDENTIFIER T_ASSIGN T_BITNOT T_IDENTIFIER T_SEMICOLON T_INT T_IDENTIFIER T_ASSIGN T_IDENTIFIER T_LEFT_PAREN T_IDENTIFIER T_COMMA T_IDENTIFIER T_RIGHT_PAREN T_SEMICOLON T_LEFT_BRACE T_INT T_IDENTIFIER T_ASSIGN T_INTEGER_LITERAL T_SEMICOLON T_IDENTIFIER T_ASSIGN T_IDENTIFIER T_PLUS T_INTEGER_LITERAL T_SEMICOLON T_RIGHT_BRACE T_RETURN T_INTEGER_LITERAL T_SEMICOLON T_RIGHT_BRACE T_EOF 

State Stack: 0 8 8 9 16 18 23 50 118 118 118 118 118 118 118 118 118 118 118 118 118 118 43 96 40 95 33 
Symbol Stack: declaration declaration type_specifier T_IDENTIFIER T_LEFT_PAREN T_RIGHT_PAREN T_LEFT_BRACE statement statement statement statement statement statement statement statement statement statement statement statement statement statement var T_ASSIGN term mulop T_INTEGER_LITERAL 
Input Stack: T_SEMICOLON T_IDENTIFIER T_ASSIGN T_IDENTIFIER T_BITAND T_INTEGER_LITERAL T_SEMICOLON T_IDENTIFIER T_ASSIGN T_IDENTIFIER T_BITOR T_INTEGER_LITERAL T_SEMICOLON T_IDENTIFIER T_ASSIGN T_IDENTIFIER T_BITXOR T_INTEGER_LITERAL T_SEMICOLON T_IDENTIFIER T_ASSIGN T_BITNOT T_IDENTIFIER T_SEMICOLON T_INT T_IDENTIFIER T_ASSIGN T_IDENTIFIER T_LEFT_PAREN T_IDENTIFIER T_COMMA T_IDENTIFIER T_RIGHT_PAREN T_SEMICOLON T_LEFT_BRACE T_INT T_IDENTIFIER T_ASSIGN T_INTEGER_LITERAL T_SEMICOLON T_IDENTIFIER T_ASSIGN T_IDENTIFIER T_PLUS T_INTEGER_LITERAL T_SEMICOLON T_RIGHT_BRACE T_RETURN T_INTEGER_LITERAL T_SEMICOLON T_RIGHT_BRACE T_EOF 

State Stack: 0 8 8 9 16 18 23 50 118 118 118 118 118 118 118 118 118 118 118 118 118 118 43 96 40 95 197 
Symbol Stack: declaration declaration type_specifier T_IDENTIFIER T_LEFT_PAREN T_RIGHT_PAREN T_LEFT_BRACE statement statement statement statement statement statement statement statement statement statement statement statement statement statement var T_ASSIGN term mulop factor 
Input Stack: T_SEMICOLON T_IDENTIFIER T_ASSIGN T_IDENTIFIER T_BITAND T_INTEGER_LITERAL T_SEMICOLON T_IDENTIFIER T_ASSIGN T_IDENTIFIER T_BITOR T_INTEGER_LITERAL T_SEMICOLON T_IDENTIFIER T_ASSIGN T_IDENTIFIER T_BITXOR T_INTEGER_LITERAL T_SEMICOLON T_IDENTIFIER T_ASSIGN T_BITNOT T_IDENTIFIER T_SEMICOLON T_INT T_IDENTIFIER T_ASSIGN T_IDENTIFIER T_LEFT_PAREN T_IDENTIFIER T_COMMA T_IDENTIFIER T_RIGHT_PAREN T_SEMICOLON T_LEFT_BRACE T_INT T_IDENTIFIER T_ASSIGN T_INTEGER_LITERAL T_SEMICOLON T_IDENTIFIER T_ASSIGN T_IDENTIFIER T_PLUS T_INTEGER_LITERAL T_SEMICOLON T_RIGHT_BRACE T_RETURN T_INTEGER_LITERAL T_SEMICOLON T_RIGHT_BRACE T_EOF 

State Stack: 0 8 8 9 16 18 23 50 118 118 118 118 118 118 118 118 118 118 118 118 118 118 43 96 40 
Symbol Stack: declaration declaration type_specifier T_IDENTIFIER T_LEFT_PAREN T_RIGHT_PAREN T_LEFT_BRACE statement statement statement statement statement statement statement statement statement statement statement statement statement statement var T_ASSIGN term 
Input Stack: T_SEMICOLON T_IDENTIFIER T_ASSIGN T_IDENTIFIER T_BITAND T_INTEGER_LITERAL T_SEMICOLON T_IDENTIFIER T_ASSIGN T_IDENTIFIER T_BITOR T_INTEGER_LITERAL T_SEMICOLON T_IDENTIFIER T_ASSIGN T_IDENTIFIER T_BITXOR T_INTEGER_LITERAL T_SEMICOLON T_IDENTIFIER T_ASSIGN T_BITNOT T_IDENTIFIER T_SEMICOLON T_INT T_IDENTIFIER T_ASSIGN T_IDENTIFIER T_LEFT_PAREN T_IDENTIFIER T_COMMA T_IDENTIFIER T_RIGHT_PAREN T_SEMICOLON T_LEFT_BRACE T_INT T_IDENTIFIER T_ASSIGN T_INTEGER_LITERAL T_SEMICOLON T_IDENTIFIER T_ASSIGN T_IDENTIFIER T_PLUS T_INTEGER_LITERAL T_SEMICOLON T_RIGHT_BRACE T_RETURN T_INTEGER_LITERAL T_SEMICOLON T_RIGHT_BRACE T_EOF 

State Stack: 0 8 8 9 16 18 23 50 118 118 118 118 118 118 118 118 118 118 118 118 118 118 43 96 39 
Symbol Stack: declaration declaration type_specifier T_IDENTIFIER T_LEFT_PAREN T_RIGHT_PAREN T_LEFT_BRACE statement statement statement statement statement statement statement statement statement statement statement statement statement statement var T_ASSIGN additive_expression 
Input Stack: T_SEMICOLON T_IDENTIFIER T_ASSIGN T_IDENTIFIER T_BITAND T_INTEGER_LITERAL T_SEMICOLON T_IDENTIFIER T_ASSIGN T_IDENTIFIER T_BITOR T_INTEGER_LITERAL T_SEMICOLON T_IDENTIFIER T_ASSIGN T_IDENTIFIER T_BITXOR T_INTEGER_LITERAL T_SEMICOLON T_IDENTIFIER T_ASSIGN T_BITNOT T_IDENTIFIER T_SEMICOLON T_INT T_IDENTIFIER T_ASSIGN T_IDENTIFIER T_LEFT_PAREN T_IDENTIFIER T_COMMA T_IDENTIFIER T_RIGHT_PAREN T_SEMICOLON T_LEFT_BRACE T_INT T_IDENTIFIER T_ASSIGN T_INTEGER_LITERAL T_SEMICOLON T_IDENTIFIER T_ASSIGN T_IDENTIFIER T_PLUS T_INTEGER_LITERAL T_SEMICOLON T_RIGHT_BRACE T_RETURN T_INTEGER_LITERAL T_SEMICOLON T_RIGHT_BRACE T_EOF 

State Stack: 0 8 8 9 16 18 23 50 118 118 118 118 118 118 118 118 118 118 118 118 118 118 43 96 42 
Symbol Stack: declaration declaration type_specifier T_IDENTIFIER T_LEFT_PAREN T_RIGHT_PAREN T_LEFT_BRACE statement statement statement statement statement statement statement statement statement statement statement statement statement statement var T_ASSIGN simple_expression 
Input Stack: T_SEMICOLON T_IDENTIFIER T_ASSIGN T_IDENTIFIER T_BITAND T_INTEGER_LITERAL T_SEMICOLON T_IDENTIFIER T_ASSIGN T_IDENTIFIER T_BITOR T_INTEGER_LITERAL T_SEMICOLON T_IDENTIFIER T_ASSIGN T_IDENTIFIER T_BITXOR T_INTEGER_LITERAL T_SEMICOLON T_IDENTIFIER T_ASSIGN T_BITNOT T_IDENTIFIER T_SEMICOLON T_INT T_IDENTIFIER T_ASSIGN T_IDENTIFIER T_LEFT_PAREN T_IDENTIFIER T_COMMA T_IDENTIFIER T_RIGHT_PAREN T_SEMICOLON T_LEFT_BRACE T_INT T_IDENTIFIER T_ASSIGN T_INTEGER_LITERAL T_SEMICOLON T_IDENTIFIER T_ASSIGN T_IDENTIFIER T_PLUS T_INTEGER_LITERAL T_SEMICOLON T_RIGHT_BRACE T_RETURN T_INTEGER_LITERAL T_SEMICOLON T_RIGHT_BRACE T_EOF 

State Stack: 0 8 8 9 16 18 23 50 118 118 118 118 118 118 118 118 118 118 118 118 118 118 43 96 198 
Symbol Stack: declaration declaration type_specifier T_IDENTIFIER T_LEFT_PAREN T_RIGHT_PAREN T_LEFT_BRACE statement statement statement statement statement statement statement statement statement statement statement statement statement statement var T_ASSIGN expression 
Input Stack: T_SEMICOLON T_IDENTIFIER T_ASSIGN T_IDENTIFIER T_BITAND T_INTEGER_LITERAL T_SEMICOLON T_IDENTIFIER T_ASSIGN T_IDENTIFIER T_BITOR T_INTEGER_LITERAL T_SEMICOLON T_IDENTIFIER T_ASSIGN T_IDENTIFIER T_BITXOR T_INTEGER_LITERAL T_SEMICOLON T_IDENTIFIER T_ASSIGN T_BITNOT T_IDENTIFIER T_SEMICOLON T_INT T_IDENTIFIER T_ASSIGN T_IDENTIFIER T_LEFT_PAREN T_IDENTIFIER T_COMMA T_IDENTIFIER T_RIGHT_PAREN T_SEMICOLON T_LEFT_BRACE T_INT T_IDENTIFIER T_ASSIGN T_INTEGER_LITERAL T_SEMICOLON T_IDENTIFIER T_ASSIGN T_IDENTIFIER T_PLUS T_INTEGER_LITERAL T_SEMICOLON T_RIGHT_BRACE T_RETURN T_INTEGER_LITERAL T_SEMICOLON T_RIGHT_BRACE T_EOF 

State Stack: 0 8 8 9 16 18 23 50 118 118 118 118 118 118 118 118 118 118 118 118 118 118 111 
Symbol Stack: declaration declaration type_specifier T_IDENTIFIER T_LEFT_PAREN T_RIGHT_PAREN T_LEFT_BRACE statement statement statement statement statement statement statement statement statement statement statement statement statement statement expression 
Input Stack: T_SEMICOLON T_IDENTIFIER T_ASSIGN T_IDENTIFIER T_BITAND T_INTEGER_LITERAL T_SEMICOLON T_IDENTIFIER T_ASSIGN T_IDENTIFIER T_BITOR T_INTEGER_LITERAL T_SEMICOLON T_IDENTIFIER T_ASSIGN T_IDENTIFIER T_BITXOR T_INTEGER_LITERAL T_SEMICOLON T_IDENTIFIER T_ASSIGN T_BITNOT T_IDENTIFIER T_SEMICOLON T_INT T_IDENTIFIER T_ASSIGN T_IDENTIFIER T_LEFT_PAREN T_IDENTIFIER T_COMMA T_IDENTIFIER T_RIGHT_PAREN T_SEMICOLON T_LEFT_BRACE T_INT T_IDENTIFIER T_ASSIGN T_INTEGER_LITERAL T_SEMICOLON T_IDENTIFIER T_ASSIGN T_IDENTIFIER T_PLUS T_INTEGER_LITERAL T_SEMICOLON T_RIGHT_BRACE T_RETURN T_INTEGER_LITERAL T_SEMICOLON T_RIGHT_BRACE T_EOF 

State Stack: 0 8 8 9 16 18 23 50 118 118 118 118 118 118 118 118 118 118 118 118 118 118 111 208 
Symbol Stack: declaration declaration type_specifier T_IDENTIFIER T_LEFT_PAREN T_RIGHT_PAREN T_LEFT_BRACE statement statement statement statement statement statement statement statement statement statement statement statement statement statement expression T_SEMICOLON 
Input Stack: T_IDENTIFIER T_ASSIGN T_IDENTIFIER T_BITAND T_INTEGER_LITERAL T_SEMICOLON T_IDENTIFIER T_ASSIGN T_IDENTIFIER T_BITOR T_INTEGER_LITERAL T_SEMICOLON T_IDENTIFIER T_ASSIGN T_IDENTIFIER T_BITXOR T_INTEGER_LITERAL T_SEMICOLON T_IDENTIFIER T_ASSIGN T_BITNOT T_IDENTIFIER T_SEMICOLON T_INT T_IDENTIFIER T_ASSIGN T_IDENTIFIER T_LEFT_PAREN T_IDENTIFIER T_COMMA T_IDENTIFIER T_RIGHT_PAREN T_SEMICOLON T_LEFT_BRACE T_INT T_IDENTIFIER T_ASSIGN T_INTEGER_LITERAL T_SEMICOLON T_IDENTIFIER T_ASSIGN T_IDENTIFIER T_PLUS T_INTEGER_LITERAL T_SEMICOLON T_RIGHT_BRACE T_RETURN T_INTEGER_LITERAL T_SEMICOLON T_RIGHT_BRACE T_EOF 

State Stack: 0 8 8 9 16 18 23 50 118 118 118 118 118 118 118 118 118 118 118 118 118 118 113 
Symbol Stack: declaration declaration type_specifier T_IDENTIFIER T_LEFT_PAREN T_RIGHT_PAREN T_LEFT_BRACE statement statement statement statement statement statement statement statement statement statement statement statement statement statement expression_stmt 
Input Stack: T_IDENTIFIER T_ASSIGN T_IDENTIFIER T_BITAND T_INTEGER_LITERAL T_SEMICOLON T_IDENTIFIER T_ASSIGN T_IDENTIFIER T_BITOR T_INTEGER_LITERAL T_SEMICOLON T_IDENTIFIER T_ASSIGN T_IDENTIFIER T_BITXOR T_INTEGER_LITERAL T_SEMICOLON T_IDENTIFIER T_ASSIGN T_BITNOT T_IDENTIFIER T_SEMICOLON T_INT T_IDENTIFIER T_ASSIGN T_IDENTIFIER T_LEFT_PAREN T_IDENTIFIER T_COMMA T_IDENTIFIER T_RIGHT_PAREN T_SEMICOLON T_LEFT_BRACE T_INT T_IDENTIFIER T_ASSIGN T_INTEGER_LITERAL T_SEMICOLON T_IDENTIFIER T_ASSIGN T_IDENTIFIER T_PLUS T_INTEGER_LITERAL T_SEMICOLON T_RIGHT_BRACE T_RETURN T_INTEGER_LITERAL T_SEMICOLON T_RIGHT_BRACE T_EOF 

State Stack: 0 8 8 9 16 18 23 50 118 118 118 118 118 118 118 118 118 118 118 118 118 118 118 
Symbol Stack: declaration declaration type_specifier T_IDENTIFIER T_LEFT_PAREN T_RIGHT_PAREN T_LEFT_BRACE statement statement statement statement statement statement statement statement statement statement statement statement statement statement statement 
Input Stack: T_IDENTIFIER T_ASSIGN T_IDENTIFIER T_BITAND T_INTEGER_LITERAL T_SEMICOLON T_IDENTIFIER T_ASSIGN T_IDENTIFIER T_BITOR T_INTEGER_LITERAL T_SEMICOLON T_IDENTIFIER T_ASSIGN T_IDENTIFIER T_BITXOR T_INTEGER_LITERAL T_SEMICOLON T_IDENTIFIER T_ASSIGN T_BITNOT T_IDENTIFIER T_SEMICOLON T_INT T_IDENTIFIER T_ASSIGN T_IDENTIFIER T_LEFT_PAREN T_IDENTIFIER T_COMMA T_IDENTIFIER T_RIGHT_PAREN T_SEMICOLON T_LEFT_BRACE T_INT T_IDENTIFIER T_ASSIGN T_INTEGER_LITERAL T_SEMICOLON T_IDENTIFIER T_ASSIGN T_IDENTIFIER T_PLUS T_INTEGER_LITERAL T_SEMICOLON T_RIGHT_BRACE T_RETURN T_INTEGER_LITERAL T_SEMICOLON T_RIGHT_BRACE T_EOF 

State Stack: 0 8 8 9 16 18 23 50 118 118 118 118 118 118 118 118 118 118 118 118 118 118 118 29 
Symbol Stack: declaration declaration type_specifier T_IDENTIFIER T_LEFT_PAREN T_RIGHT_PAREN T_LEFT_BRACE statement statement statement statement statement statement statement statement statement statement statement statement statement statement statement T_IDENTIFIER 
Input Stack: T_ASSIGN T_IDENTIFIER T_BITAND T_INTEGER_LITERAL T_SEMICOLON T_IDENTIFIER T_ASSIGN T_IDENTIFIER T_BITOR T_INTEGER_LITERAL T_SEMICOLON T_IDENTIFIER T_ASSIGN T_IDENTIFIER T_BITXOR T_INTEGER_LITERAL T_SEMICOLON T_IDENTIFIER T_ASSIGN T_BITNOT T_IDENTIFIER T_SEMICOLON T_INT T_IDENTIFIER T_ASSIGN T_IDENTIFIER T_LEFT_PAREN T_IDENTIFIER T_COMMA T_IDENTIFIER T_RIGHT_PAREN T_SEMICOLON T_LEFT_BRACE T_INT T_IDENTIFIER T_ASSIGN T_INTEGER_LITERAL T_SEMICOLON T_IDENTIFIER T_ASSIGN T_IDENTIFIER T_PLUS T_INTEGER_LITERAL T_SEMICOLON T_RIGHT_BRACE T_RETURN T_INTEGER_LITERAL T_SEMICOLON T_RIGHT_BRACE T_EOF 

State Stack: 0 8 8 9 16 18 23 50 118 118 118 118 118 118 118 118 118 118 118 118 118 118 118 43 
Symbol Stack: declaration declaration type_specifier T_IDENTIFIER T_LEFT_PAREN T_RIGHT_PAREN T_LEFT_BRACE statement statement statement statement statement statement statement statement statement statement statement statement statement statement statement var 
Input Stack: T_ASSIGN T_IDENTIFIER T_BITAND T_INTEGER_LITERAL T_SEMICOLON T_IDENTIFIER T_ASSIGN T_IDENTIFIER T_BITOR T_INTEGER_LITERAL T_SEMICOLON T_IDENTIFIER T_ASSIGN T_IDENTIFIER T_BITXOR T_INTEGER_LITERAL T_SEMICOLON T_IDENTIFIER T_ASSIGN T_BITNOT T_IDENTIFIER T_SEMICOLON T_INT T_IDENTIFIER T_ASSIGN T_IDENTIFIER T_LEFT_PAREN T_IDENTIFIER T_COMMA T_IDENTIFIER T_RIGHT_PAREN T_SEMICOLON T_LEFT_BRACE T_INT T_IDENTIFIER T_ASSIGN T_INTEGER_LITERAL T_SEMICOLON T_IDENTIFIER T_ASSIGN T_IDENTIFIER T_PLUS T_INTEGER_LITERAL T_SEMICOLON T_RIGHT_BRACE T_RETURN T_INTEGER_LITERAL T_SEMICOLON T_RIGHT_BRACE T_EOF 

State Stack: 0 8 8 9 16 18 23 50 118 118 118 118 118 118 118 118 118 118 118 118 118 118 118 43 96 
Symbol Stack: declaration declaration type_specifier T_IDENTIFIER T_LEFT_PAREN T_RIGHT_PAREN T_LEFT_BRACE statement statement statement statement statement statement statement statement statement statement statement statement statement statement statement var T_ASSIGN 
Input Stack: T_IDENTIFIER T_BITAND T_INTEGER_LITERAL T_SEMICOLON T_IDENTIFIER T_ASSIGN T_IDENTIFIER T_BITOR T_INTEGER_LITERAL T_SEMICOLON T_IDENTIFIER T_ASSIGN T_IDENTIFIER T_BITXOR T_INTEGER_LITERAL T_SEMICOLON T_IDENTIFIER T_ASSIGN T_BITNOT T_IDENTIFIER T_SEMICOLON T_INT T_IDENTIFIER T_ASSIGN T_IDENTIFIER T_LEFT_PAREN T_IDENTIFIER T_COMMA T_IDENTIFIER T_RIGHT_PAREN T_SEMICOLON T_LEFT_BRACE T_INT T_IDENTIFIER T_ASSIGN T_INTEGER_LITERAL T_SEMICOLON T_IDENTIFIER T_ASSIGN T_IDENTIFIER T_PLUS T_INTEGER_LITERAL T_SEMICOLON T_RIGHT_BRACE T_RETURN T_INTEGER_LITERAL T_SEMICOLON T_RIGHT_BRACE T_EOF 

State Stack: 0 8 8 9 16 18 23 50 118 118 118 118 118 118 118 118 118 118 118 118 118 118 118 43 96 29 
Symbol Stack: declaration declaration type_specifier T_IDENTIFIER T_LEFT_PAREN T_RIGHT_PAREN T_LEFT_BRACE statement statement statement statement statement statement statement statement statement statement statement statement statement statement statement var T_ASSIGN T_IDENTIFIER 
Input Stack: T_BITAND T_INTEGER_LITERAL T_SEMICOLON T_IDENTIFIER T_ASSIGN T_IDENTIFIER T_BITOR T_INTEGER_LITERAL T_SEMICOLON T_IDENTIFIER T_ASSIGN T_IDENTIFIER T_BITXOR T_INTEGER_LITERAL T_SEMICOLON T_IDENTIFIER T_ASSIGN T_BITNOT T_IDENTIFIER T_SEMICOLON T_INT T_IDENTIFIER T_ASSIGN T_IDENTIFIER T_LEFT_PAREN T_IDENTIFIER T_COMMA T_IDENTIFIER T_RIGHT_PAREN T_SEMICOLON T_LEFT_BRACE T_INT T_IDENTIFIER T_ASSIGN T_INTEGER_LITERAL T_SEMICOLON T_IDENTIFIER T_ASSIGN T_IDENTIFIER T_PLUS T_INTEGER_LITERAL T_SEMICOLON T_RIGHT_BRACE T_RETURN T_INTEGER_LITERAL T_SEMICOLON T_RIGHT_BRACE T_EOF 

State Stack: 0 8 8 9 16 18 23 50 118 118 118 118 118 118 118 118 118 118 118 118 118 118 118 43 96 43 
Symbol Stack: declaration declaration type_specifier T_IDENTIFIER T_LEFT_PAREN T_RIGHT_PAREN T_LEFT_BRACE statement statement statement statement statement statement statement statement statement statement statement statement statement statement statement var T_ASSIGN var 
Input Stack: T_BITAND T_INTEGER_LITERAL T_SEMICOLON T_IDENTIFIER T_ASSIGN T_IDENTIFIER T_BITOR T_INTEGER_LITERAL T_SEMICOLON T_IDENTIFIER T_ASSIGN T_IDENTIFIER T_BITXOR T_INTEGER_LITERAL T_SEMICOLON T_IDENTIFIER T_ASSIGN T_BITNOT T_IDENTIFIER T_SEMICOLON T_INT T_IDENTIFIER T_ASSIGN T_IDENTIFIER T_LEFT_PAREN T_IDENTIFIER T_COMMA T_IDENTIFIER T_RIGHT_PAREN T_SEMICOLON T_LEFT_BRACE T_INT T_IDENTIFIER T_ASSIGN T_INTEGER_LITERAL T_SEMICOLON T_IDENTIFIER T_ASSIGN T_IDENTIFIER T_PLUS T_INTEGER_LITERAL T_SEMICOLON T_RIGHT_BRACE T_RETURN T_INTEGER_LITERAL T_SEMICOLON T_RIGHT_BRACE T_EOF 

State Stack: 0 8 8 9 16 18 23 50 118 118 118 118 118 118 118 118 118 118 118 118 118 118 118 43 96 47 
Symbol Stack: declaration declaration type_specifier T_IDENTIFIER T_LEFT_PAREN T_RIGHT_PAREN T_LEFT_BRACE statement statement statement statement statement statement statement statement statement statement statement statement statement statement statement var T_ASSIGN factor 
Input Stack: T_BITAND T_INTEGER_LITERAL T_SEMICOLON T_IDENTIFIER T_ASSIGN T_IDENTIFIER T_BITOR T_INTEGER_LITERAL T_SEMICOLON T_IDENTIFIER T_ASSIGN T_IDENTIFIER T_BITXOR T_INTEGER_LITERAL T_SEMICOLON T_IDENTIFIER T_ASSIGN T_BITNOT T_IDENTIFIER T_SEMICOLON T_INT T_IDENTIFIER T_ASSIGN T_IDENTIFIER T_LEFT_PAREN T_IDENTIFIER T_COMMA T_IDENTIFIER T_RIGHT_PAREN T_SEMICOLON T_LEFT_BRACE T_INT T_IDENTIFIER T_ASSIGN T_INTEGER_LITERAL T_SEMICOLON T_IDENTIFIER T_ASSIGN T_IDENTIFIER T_PLUS T_INTEGER_LITERAL T_SEMICOLON T_RIGHT_BRACE T_RETURN T_INTEGER_LITERAL T_SEMICOLON T_RIGHT_BRACE T_EOF 

State Stack: 0 8 8 9 16 18 23 50 118 118 118 118 118 118 118 118 118 118 118 118 118 118 118 43 96 40 
Symbol Stack: declaration declaration type_specifier T_IDENTIFIER T_LEFT_PAREN T_RIGHT_PAREN T_LEFT_BRACE statement statement statement statement statement statement statement statement statement statement statement statement statement statement statement var T_ASSIGN term 
Input Stack: T_BITAND T_INTEGER_LITERAL T_SEMICOLON T_IDENTIFIER T_ASSIGN T_IDENTIFIER T_BITOR T_INTEGER_LITERAL T_SEMICOLON T_IDENTIFIER T_ASSIGN T_IDENTIFIER T_BITXOR T_INTEGER_LITERAL T_SEMICOLON T_IDENTIFIER T_ASSIGN T_BITNOT T_IDENTIFIER T_SEMICOLON T_INT T_IDENTIFIER T_ASSIGN T_IDENTIFIER T_LEFT_PAREN T_IDENTIFIER T_COMMA T_IDENTIFIER T_RIGHT_PAREN T_SEMICOLON T_LEFT_BRACE T_INT T_IDENTIFIER T_ASSIGN T_INTEGER_LITERAL T_SEMICOLON T_IDENTIFIER T_ASSIGN T_IDENTIFIER T_PLUS T_INTEGER_LITERAL T_SEMICOLON T_RIGHT_BRACE T_RETURN T_INTEGER_LITERAL T_SEMICOLON T_RIGHT_BRACE T_EOF 

State Stack: 0 8 8 9 16 18 23 50 118 118 118 118 118 118 118 118 118 118 118 118 118 118 118 43 96 40 87 
Symbol Stack: declaration declaration type_specifier T_IDENTIFIER T_LEFT_PAREN T_RIGHT_PAREN T_LEFT_BRACE statement statement statement statement statement statement statement statement statement statement statement statement statement statement statement var T_ASSIGN term T_BITAND 
Input Stack: T_INTEGER_LITERAL T_SEMICOLON T_IDENTIFIER T_ASSIGN T_IDENTIFIER T_BITOR T_INTEGER_LITERAL T_SEMICOLON T_IDENTIFIER T_ASSIGN T_IDENTIFIER T_BITXOR T_INTEGER_LITERAL T_SEMICOLON T_IDENTIFIER T_ASSIGN T_BITNOT T_IDENTIFIER T_SEMICOLON T_INT T_IDENTIFIER T_ASSIGN T_IDENTIFIER T_LEFT_PAREN T_IDENTIFIER T_COMMA T_IDENTIFIER T_RIGHT_PAREN T_SEMICOLON T_LEFT_BRACE T_INT T_IDENTIFIER T_ASSIGN T_INTEGER_LITERAL T_SEMICOLON T_IDENTIFIER T_ASSIGN T_IDENTIFIER T_PLUS T_INTEGER_LITERAL T_SEMICOLON T_RIGHT_BRACE T_RETURN T_INTEGER_LITERAL T_SEMICOLON T_RIGHT_BRACE T_EOF 

State Stack: 0 8 8 9 16 18 23 50 118 118 118 118 118 118 118 118 118 118 118 118 118 118 118 43 96 40 95 
Symbol Stack: declaration declaration type_specifier T_IDENTIFIER T_LEFT_PAREN T_RIGHT_PAREN T_LEFT_BRACE statement statement statement statement statement statement statement statement statement statement statement statement statement statement statement var T_ASSIGN term mulop 
Input Stack: T_INTEGER_LITERAL T_SEMICOLON T_IDENTIFIER T_ASSIGN T_IDENTIFIER T_BITOR T_INTEGER_LITERAL T_SEMICOLON T_IDENTIFIER T_ASSIGN T_IDENTIFIER T_BITXOR T_INTEGER_LITERAL T_SEMICOLON T_IDENTIFIER T_ASSIGN T_BITNOT T_IDENTIFIER T_SEMICOLON T_INT T_IDENTIFIER T_ASSIGN T_IDENTIFIER T_LEFT_PAREN T_IDENTIFIER T_COMMA T_IDENTIFIER T_RIGHT_PAREN T_SEMICOLON T_LEFT_BRACE T_INT T_IDENTIFIER T_ASSIGN T_INTEGER_LITERAL T_SEMICOLON T_IDENTIFIER T_ASSIGN T_IDENTIFIER T_PLUS T_INTEGER_LITERAL T_SEMICOLON T_RIGHT_BRACE T_RETURN T_INTEGER_LITERAL T_SEMICOLON T_RIGHT_BRACE T_EOF 

State Stack: 0 8 8 9 16 18 23 50 118 118 118 118 118 118 118 118 118 118 118 118 118 118 118 43 96 40 95 33 
Symbol Stack: declaration declaration type_specifier T_IDENTIFIER T_LEFT_PAREN T_RIGHT_PAREN T_LEFT_BRACE statement statement statement statement statement statement statement statement statement statement statement statement statement statement statement var T_ASSIGN term mulop T_INTEGER_LITERAL 
Input Stack: T_SEMICOLON T_IDENTIFIER T_ASSIGN T_IDENTIFIER T_BITOR T_INTEGER_LITERAL T_SEMICOLON T_IDENTIFIER T_ASSIGN T_IDENTIFIER T_BITXOR T_INTEGER_LITERAL T_SEMICOLON T_IDENTIFIER T_ASSIGN T_BITNOT T_IDENTIFIER T_SEMICOLON T_INT T_IDENTIFIER T_ASSIGN T_IDENTIFIER T_LEFT_PAREN T_IDENTIFIER T_COMMA T_IDENTIFIER T_RIGHT_PAREN T_SEMICOLON T_LEFT_BRACE T_INT T_IDENTIFIER T_ASSIGN T_INTEGER_LITERAL T_SEMICOLON T_IDENTIFIER T_ASSIGN T_IDENTIFIER T_PLUS T_INTEGER_LITERAL T_SEMICOLON T_RIGHT_BRACE T_RETURN T_INTEGER_LITERAL T_SEMICOLON T_RIGHT_BRACE T_EOF 

State Stack: 0 8 8 9 16 18 23 50 118 118 118 118 118 118 118 118 118 118 118 118 118 118 118 43 96 40 95 197 
Symbol Stack: declaration declaration type_specifier T_IDENTIFIER T_LEFT_PAREN T_RIGHT_PAREN T_LEFT_BRACE statement statement statement statement statement statement statement statement statement statement statement statement statement statement statement var T_ASSIGN term mulop factor 
Input Stack: T_SEMICOLON T_IDENTIFIER T_ASSIGN T_IDENTIFIER T_BITOR T_INTEGER_LITERAL T_SEMICOLON T_IDENTIFIER T_ASSIGN T_IDENTIFIER T_BITXOR T_INTEGER_LITERAL T_SEMICOLON T_IDENTIFIER T_ASSIGN T_BITNOT T_IDENTIFIER T_SEMICOLON T_INT T_IDENTIFIER T_ASSIGN T_IDENTIFIER T_LEFT_PAREN T_IDENTIFIER T_COMMA T_IDENTIFIER T_RIGHT_PAREN T_SEMICOLON T_LEFT_BRACE T_INT T_IDENTIFIER T_ASSIGN T_INTEGER_LITERAL T_SEMICOLON T_IDENTIFIER T_ASSIGN T_IDENTIFIER T_PLUS T_INTEGER_LITERAL T_SEMICOLON T_RIGHT_BRACE T_RETURN T_INTEGER_LITERAL T_SEMICOLON T_RIGHT_BRACE T_EOF 

State Stack: 0 8 8 9 16 18 23 50 118 118 118 118 118 118 118 118 118 118 118 118 118 118 118 43 96 40 
Symbol Stack: declaration declaration type_specifier T_IDENTIFIER T_LEFT_PAREN T_RIGHT_PAREN T_LEFT_BRACE statement statement statement statement statement statement statement statement statement statement statement statement statement statement statement var T_ASSIGN term 
Input Stack: T_SEMICOLON T_IDENTIFIER T_ASSIGN T_IDENTIFIER T_BITOR T_INTEGER_LITERAL T_SEMICOLON T_IDENTIFIER T_ASSIGN T_IDENTIFIER T_BITXOR T_INTEGER_LITERAL T_SEMICOLON T_IDENTIFIER T_ASSIGN T_BITNOT T_IDENTIFIER T_SEMICOLON T_INT T_IDENTIFIER T_ASSIGN T_IDENTIFIER T_LEFT_PAREN T_IDENTIFIER T_COMMA T_IDENTIFIER T_RIGHT_PAREN T_SEMICOLON T_LEFT_BRACE T_INT T_IDENTIFIER T_ASSIGN T_INTEGER_LITERAL T_SEMICOLON T_IDENTIFIER T_ASSIGN T_IDENTIFIER T_PLUS T_INTEGER_LITERAL T_SEMICOLON T_RIGHT_BRACE T_RETURN T_INTEGER_LITERAL T_SEMICOLON T_RIGHT_BRACE T_EOF 

State Stack: 0 8 8 9 16 18 23 50 118 118 118 118 118 118 118 118 118 118 118 118 118 118 118 43 96 39 
Symbol Stack: declaration declaration type_specifier T_IDENTIFIER T_LEFT_PAREN T_RIGHT_PAREN T_LEFT_BRACE statement statement statement statement statement statement statement statement statement statement statement statement statement statement statement var T_ASSIGN additive_expression 
Input Stack: T_SEMICOLON T_IDENTIFIER T_ASSIGN T_IDENTIFIER T_BITOR T_INTEGER_LITERAL T_SEMICOLON T_IDENTIFIER T_ASSIGN T_IDENTIFIER T_BITXOR T_INTEGER_LITERAL T_SEMICOLON T_IDENTIFIER T_ASSIGN T_BITNOT T_IDENTIFIER T_SEMICOLON T_INT T_IDENTIFIER T_ASSIGN T_IDENTIFIER T_LEFT_PAREN T_IDENTIFIER T_COMMA T_IDENTIFIER T_RIGHT_PAREN T_SEMICOLON T_LEFT_BRACE T_INT T_IDENTIFIER T_ASSIGN T_INTEGER_LITERAL T_SEMICOLON T_IDENTIFIER T_ASSIGN T_IDENTIFIER T_PLUS T_INTEGER_LITERAL T_SEMICOLON T_RIGHT_BRACE T_RETURN T_INTEGER_LITERAL T_SEMICOLON T_RIGHT_BRACE T_EOF 

State Stack: 0 8 8 9 16 18 23 50 118 118 118 118 118 118 118 118 118 118 118 118 118 118 118 43 96 42 
Symbol Stack: declaration declaration type_specifier T_IDENTIFIER T_LEFT_PAREN T_RIGHT_PAREN T_LEFT_BRACE statement statement statement statement statement statement statement statement statement statement statement statement statement statement statement var T_ASSIGN simple_expression 
Input Stack: T_SEMICOLON T_IDENTIFIER T_ASSIGN T_IDENTIFIER T_BITOR T_INTEGER_LITERAL T_SEMICOLON T_IDENTIFIER T_ASSIGN T_IDENTIFIER T_BITXOR T_INTEGER_LITERAL T_SEMICOLON T_IDENTIFIER T_ASSIGN T_BITNOT T_IDENTIFIER T_SEMICOLON T_INT T_IDENTIFIER T_ASSIGN T_IDENTIFIER T_LEFT_PAREN T_IDENTIFIER T_COMMA T_IDENTIFIER T_RIGHT_PAREN T_SEMICOLON T_LEFT_BRACE T_INT T_IDENTIFIER T_ASSIGN T_INTEGER_LITERAL T_SEMICOLON T_IDENTIFIER T_ASSIGN T_IDENTIFIER T_PLUS T_INTEGER_LITERAL T_SEMICOLON T_RIGHT_BRACE T_RETURN T_INTEGER_LITERAL T_SEMICOLON T_RIGHT_BRACE T_EOF 

State Stack: 0 8 8 9 16 18 23 50 118 118 118 118 118 118 118 118 118 118 118 118 118 118 118 43 96 198 
Symbol Stack: declaration declaration type_specifier T_IDENTIFIER T_LEFT_PAREN T_RIGHT_PAREN T_LEFT_BRACE statement statement statement statement statement statement statement statement statement statement statement statement statement statement statement var T_ASSIGN expression 
Input Stack: T_SEMICOLON T_IDENTIFIER T_ASSIGN T_IDENTIFIER T_BITOR T_INTEGER_LITERAL T_SEMICOLON T_IDENTIFIER T_ASSIGN T_IDENTIFIER T_BITXOR T_INTEGER_LITERAL T_SEMICOLON T_IDENTIFIER T_ASSIGN T_BITNOT T_IDENTIFIER T_SEMICOLON T_INT T_IDENTIFIER T_ASSIGN T_IDENTIFIER T_LEFT_PAREN T_IDENTIFIER T_COMMA T_IDENTIFIER T_RIGHT_PAREN T_SEMICOLON T_LEFT_BRACE T_INT T_IDENTIFIER T_ASSIGN T_INTEGER_LITERAL T_SEMICOLON T_IDENTIFIER T_ASSIGN T_IDENTIFIER T_PLUS T_INTEGER_LITERAL T_SEMICOLON T_RIGHT_BRACE T_RETURN T_INTEGER_LITERAL T_SEMICOLON T_RIGHT_BRACE T_EOF 

State Stack: 0 8 8 9 16 18 23 50 118 118 118 118 118 118 118 118 118 118 118 118 118 118 118 111 
Symbol Stack: declaration declaration type_specifier T_IDENTIFIER T_LEFT_PAREN T_RIGHT_PAREN T_LEFT_BRACE statement statement statement statement statement statement statement statement statement statement statement statement statement statement statement expression 
Input Stack: T_SEMICOLON T_IDENTIFIER T_ASSIGN T_IDENTIFIER T_BITOR T_INTEGER_LITERAL T_SEMICOLON T_IDENTIFIER T_ASSIGN T_IDENTIFIER T_BITXOR T_INTEGER_LITERAL T_SEMICOLON T_IDENTIFIER T_ASSIGN T_BITNOT T_IDENTIFIER T_SEMICOLON T_INT T_IDENTIFIER T_ASSIGN T_IDENTIFIER T_LEFT_PAREN T_IDENTIFIER T_COMMA T_IDENTIFIER T_RIGHT_PAREN T_SEMICOLON T_LEFT_BRACE T_INT T_IDENTIFIER T_ASSIGN T_INTEGER_LITERAL T_SEMICOLON T_IDENTIFIER T_ASSIGN T_IDENTIFIER T_PLUS T_INTEGER_LITERAL T_SEMICOLON T_RIGHT_BRACE T_RETURN T_INTEGER_LITERAL T_SEMICOLON T_RIGHT_BRACE T_EOF 

State Stack: 0 8 8 9 16 18 23 50 118 118 118 118 118 118 118 118 118 118 118 118 118 118 118 111 208 
Symbol Stack: declaration declaration type_specifier T_IDENTIFIER T_LEFT_PAREN T_RIGHT_PAREN T_LEFT_BRACE statement statement statement statement statement statement statement statement statement statement statement statement statement statement statement expression T_SEMICOLON 
Input Stack: T_IDENTIFIER T_ASSIGN T_IDENTIFIER T_BITOR T_INTEGER_LITERAL T_SEMICOLON T_IDENTIFIER T_ASSIGN T_IDENTIFIER T_BITXOR T_INTEGER_LITERAL T_SEMICOLON T_IDENTIFIER T_ASSIGN T_BITNOT T_IDENTIFIER T_SEMICOLON T_INT T_IDENTIFIER T_ASSIGN T_IDENTIFIER T_LEFT_PAREN T_IDENTIFIER T_COMMA T_IDENTIFIER T_RIGHT_PAREN T_SEMICOLON T_LEFT_BRACE T_INT T_IDENTIFIER T_ASSIGN T_INTEGER_LITERAL T_SEMICOLON T_IDENTIFIER T_ASSIGN T_IDENTIFIER T_PLUS T_INTEGER_LITERAL T_SEMICOLON T_RIGHT_BRACE T_RETURN T_INTEGER_LITERAL T_SEMICOLON T_RIGHT_BRACE T_EOF 

State Stack: 0 8 8 9 16 18 23 50 118 118 118 118 118 118 118 118 118 118 118 118 118 118 118 113 
Symbol Stack: declaration declaration type_specifier T_IDENTIFIER T_LEFT_PAREN T_RIGHT_PAREN T_LEFT_BRACE statement statement statement statement statement statement statement statement statement statement statement statement statement statement statement expression_stmt 
Input Stack: T_IDENTIFIER T_ASSIGN T_IDENTIFIER T_BITOR T_INTEGER_LITERAL T_SEMICOLON T_IDENTIFIER T_ASSIGN T_IDENTIFIER T_BITXOR T_INTEGER_LITERAL T_SEMICOLON T_IDENTIFIER T_ASSIGN T_BITNOT T_IDENTIFIER T_SEMICOLON T_INT T_IDENTIFIER T_ASSIGN T_IDENTIFIER T_LEFT_PAREN T_IDENTIFIER T_COMMA T_IDENTIFIER T_RIGHT_PAREN T_SEMICOLON T_LEFT_BRACE T_INT T_IDENTIFIER T_ASSIGN T_INTEGER_LITERAL T_SEMICOLON T_IDENTIFIER T_ASSIGN T_IDENTIFIER T_PLUS T_INTEGER_LITERAL T_SEMICOLON T_RIGHT_BRACE T_RETURN T_INTEGER_LITERAL T_SEMICOLON T_RIGHT_BRACE T_EOF 

State Stack: 0 8 8 9 16 18 23 50 118 118 118 118 118 118 118 118 118 118 118 118 118 118 118 118 
Symbol Stack: declaration declaration type_specifier T_IDENTIFIER T_LEFT_PAREN T_RIGHT_PAREN T_LEFT_BRACE statement statement statement statement statement statement statement statement statement statement statement statement statement statement statement statement 
Input Stack: T_IDENTIFIER T_ASSIGN T_IDENTIFIER T_BITOR T_INTEGER_LITERAL T_SEMICOLON T_IDENTIFIER T_ASSIGN T_IDENTIFIER T_BITXOR T_INTEGER_LITERAL T_SEMICOLON T_IDENTIFIER T_ASSIGN T_BITNOT T_IDENTIFIER T_SEMICOLON T_INT T_IDENTIFIER T_ASSIGN T_IDENTIFIER T_LEFT_PAREN T_IDENTIFIER T_COMMA T_IDENTIFIER T_RIGHT_PAREN T_SEMICOLON T_LEFT_BRACE T_INT T_IDENTIFIER T_ASSIGN T_INTEGER_LITERAL T_SEMICOLON T_IDENTIFIER T_ASSIGN T_IDENTIFIER T_PLUS T_INTEGER_LITERAL T_SEMICOLON T_RIGHT_BRACE T_RETURN T_INTEGER_LITERAL T_SEMICOLON T_RIGHT_BRACE T_EOF 

State Stack: 0 8 8 9 16 18 23 50 118 118 118 118 118 118 118 118 118 118 118 118 118 118 118 118 29 
Symbol Stack: declaration declaration type_specifier T_IDENTIFIER T_LEFT_PAREN T_RIGHT_PAREN T_LEFT_BRACE statement statement statement statement statement statement statement statement statement statement statement statement statement statement statement statement T_IDENTIFIER 
Input Stack: T_ASSIGN T_IDENTIFIER T_BITOR T_INTEGER_LITERAL T_SEMICOLON T_IDENTIFIER T_ASSIGN T_IDENTIFIER T_BITXOR T_INTEGER_LITERAL T_SEMICOLON T_IDENTIFIER T_ASSIGN T_BITNOT T_IDENTIFIER T_SEMICOLON T_INT T_IDENTIFIER T_ASSIGN T_IDENTIFIER T_LEFT_PAREN T_IDENTIFIER T_COMMA T_IDENTIFIER T_RIGHT_PAREN T_SEMICOLON T_LEFT_BRACE T_INT T_IDENTIFIER T_ASSIGN T_INTEGER_LITERAL T_SEMICOLON T_IDENTIFIER T_ASSIGN T_IDENTIFIER T_PLUS T_INTEGER_LITERAL T_SEMICOLON T_RIGHT_BRACE T_RETURN T_INTEGER_LITERAL T_SEMICOLON T_RIGHT_BRACE T_EOF 

State Stack: 0 8 8 9 16 18 23 50 118 118 118 118 118 118 118 118 118 118 118 118 118 118 118 118 43 
Symbol Stack: declaration declaration type_specifier T_IDENTIFIER T_LEFT_PAREN T_RIGHT_PAREN T_LEFT_BRACE statement statement statement statement statement statement statement statement statement statement statement statement statement statement statement statement var 
Input Stack: T_ASSIGN T_IDENTIFIER T_BITOR T_INTEGER_LITERAL T_SEMICOLON T_IDENTIFIER T_ASSIGN T_IDENTIFIER T_BITXOR T_INTEGER_LITERAL T_SEMICOLON T_IDENTIFIER T_ASSIGN T_BITNOT T_IDENTIFIER T_SEMICOLON T_INT T_IDENTIFIER T_ASSIGN T_IDENTIFIER T_LEFT_PAREN T_IDENTIFIER T_COMMA T_IDENTIFIER T_RIGHT_PAREN T_SEMICOLON T_LEFT_BRACE T_INT T_IDENTIFIER T_ASSIGN T_INTEGER_LITERAL T_SEMICOLON T_IDENTIFIER T_ASSIGN T_IDENTIFIER T_PLUS T_INTEGER_LITERAL T_SEMICOLON T_RIGHT_BRACE T_RETURN T_INTEGER_LITERAL T_SEMICOLON T_RIGHT_BRACE T_EOF 

State Stack: 0 8 8 9 16 18 23 50 118 118 118 118 118 118 118 118 118 118 118 118 118 118 118 118 43 96 
Symbol Stack: declaration declaration type_specifier T_IDENTIFIER T_LEFT_PAREN T_RIGHT_PAREN T_LEFT_BRACE statement statement statement statement statement statement statement statement statement statement statement statement statement statement statement statement var T_ASSIGN 
Input Stack: T_IDENTIFIER T_BITOR T_INTEGER_LITERAL T_SEMICOLON T_IDENTIFIER T_ASSIGN T_IDENTIFIER T_BITXOR T_INTEGER_LITERAL T_SEMICOLON T_IDENTIFIER T_ASSIGN T_BITNOT T_IDENTIFIER T_SEMICOLON T_INT T_IDENTIFIER T_ASSIGN T_IDENTIFIER T_LEFT_PAREN T_IDENTIFIER T_COMMA T_IDENTIFIER T_RIGHT_PAREN T_SEMICOLON T_LEFT_BRACE T_INT T_IDENTIFIER T_ASSIGN T_INTEGER_LITERAL T_SEMICOLON T_IDENTIFIER T_ASSIGN T_IDENTIFIER T_PLUS T_INTEGER_LITERAL T_SEMICOLON T_RIGHT_BRACE T_RETURN T_INTEGER_LITERAL T_SEMICOLON T_RIGHT_BRACE T_EOF 

State Stack: 0 8 8 9 16 18 23 50 118 118 118 118 118 118 118 118 118 118 118 118 118 118 118 118 43 96 29 
Symbol Stack: declaration declaration type_specifier T_IDENTIFIER T_LEFT_PAREN T_RIGHT_PAREN T_LEFT_BRACE statement statement statement statement statement statement statement statement statement statement statement statement statement statement statement statement var T_ASSIGN T_IDENTIFIER 
Input Stack: T_BITOR T_INTEGER_LITERAL T_SEMICOLON T_IDENTIFIER T_ASSIGN T_IDENTIFIER T_BITXOR T_INTEGER_LITERAL T_SEMICOLON T_IDENTIFIER T_ASSIGN T_BITNOT T_IDENTIFIER T_SEMICOLON T_INT T_IDENTIFIER T_ASSIGN T_IDENTIFIER T_LEFT_PAREN T_IDENTIFIER T_COMMA T_IDENTIFIER T_RIGHT_PAREN T_SEMICOLON T_LEFT_BRACE T_INT T_IDENTIFIER T_ASSIGN T_INTEGER_LITERAL T_SEMICOLON T_IDENTIFIER T_ASSIGN T_IDENTIFIER T_PLUS T_INTEGER_LITERAL T_SEMICOLON T_RIGHT_BRACE T_RETURN T_INTEGER_LITERAL T_SEMICOLON T_RIGHT_BRACE T_EOF 

State Stack: 0 8 8 9 16 18 23 50 118 118 118 118 118 118 118 118 118 118 118 118 118 118 118 118 43 96 43 
Symbol Stack: declaration declaration type_specifier T_IDENTIFIER T_LEFT_PAREN T_RIGHT_PAREN T_LEFT_BRACE statement statement statement statement statement statement statement statement statement statement statement statement statement statement statement statement var T_ASSIGN var 
Input Stack: T_BITOR T_INTEGER_LITERAL T_SEMICOLON T_IDENTIFIER T_ASSIGN T_IDENTIFIER T_BITXOR T_INTEGER_LITERAL T_SEMICOLON T_IDENTIFIER T_ASSIGN T_BITNOT T_IDENTIFIER T_SEMICOLON T_INT T_IDENTIFIER T_ASSIGN T_IDENTIFIER T_LEFT_PAREN T_IDENTIFIER T_COMMA T_IDENTIFIER T_RIGHT_PAREN T_SEMICOLON T_LEFT_BRACE T_INT T_IDENTIFIER T_ASSIGN T_INTEGER_LITERAL T_SEMICOLON T_IDENTIFIER T_ASSIGN T_IDENTIFIER T_PLUS T_INTEGER_LITERAL T_SEMICOLON T_RIGHT_BRACE T_RETURN T_INTEGER_LITERAL T_SEMICOLON T_RIGHT_BRACE T_EOF 

State Stack: 0 8 8 9 16 18 23 50 118 118 118 118 118 118 118 118 118 118 118 118 118 118 118 118 43 96 47 
Symbol Stack: declaration declaration type_specifier T_IDENTIFIER T_LEFT_PAREN T_RIGHT_PAREN T_LEFT_BRACE statement statement statement statement statement statement statement statement statement statement statement statement statement statement statement statement var T_ASSIGN factor 
Input Stack: T_BITOR T_INTEGER_LITERAL T_SEMICOLON T_IDENTIFIER T_ASSIGN T_IDENTIFIER T_BITXOR T_INTEGER_LITERAL T_SEMICOLON T_IDENTIFIER T_ASSIGN T_BITNOT T_IDENTIFIER T_SEMICOLON T_INT T_IDENTIFIER T_ASSIGN T_IDENTIFIER T_LEFT_PAREN T_IDENTIFIER T_COMMA T_IDENTIFIER T_RIGHT_PAREN T_SEMICOLON T_LEFT_BRACE T_INT T_IDENTIFIER T_ASSIGN T_INTEGER_LITERAL T_SEMICOLON T_IDENTIFIER T_ASSIGN T_IDENTIFIER T_PLUS T_INTEGER_LITERAL T_SEMICOLON T_RIGHT_BRACE T_RETURN T_INTEGER_LITERAL T_SEMICOLON T_RIGHT_BRACE T_EOF 

State Stack: 0 8 8 9 16 18 23 50 118 118 118 118 118 118 118 118 118 118 118 118 118 118 118 118 43 96 40 
Symbol Stack: declaration declaration type_specifier T_IDENTIFIER T_LEFT_PAREN T_RIGHT_PAREN T_LEFT_BRACE statement statement statement statement statement statement statement statement statement statement statement statement statement statement statement statement var T_ASSIGN term 
Input Stack: T_BITOR T_INTEGER_LITERAL T_SEMICOLON T_IDENTIFIER T_ASSIGN T_IDENTIFIER T_BITXOR T_INTEGER_LITERAL T_SEMICOLON T_IDENTIFIER T_ASSIGN T_BITNOT T_IDENTIFIER T_SEMICOLON T_INT T_IDENTIFIER T_ASSIGN T_IDENTIFIER T_LEFT_PAREN T_IDENTIFIER T_COMMA T_IDENTIFIER T_RIGHT_PAREN T_SEMICOLON T_LEFT_BRACE T_INT T_IDENTIFIER T_ASSIGN T_INTEGER_LITERAL T_SEMICOLON T_IDENTIFIER T_ASSIGN T_IDENTIFIER T_PLUS T_INTEGER_LITERAL T_SEMICOLON T_RIGHT_BRACE T_RETURN T_INTEGER_LITERAL T_SEMICOLON T_RIGHT_BRACE T_EOF 

State Stack: 0 8 8 9 16 18 23 50 118 118 118 118 118 118 118 118 118 118 118 118 118 118 118 118 43 96 40 88 
Symbol Stack: declaration declaration type_specifier T_IDENTIFIER T_LEFT_PAREN T_RIGHT_PAREN T_LEFT_BRACE statement statement statement statement statement statement statement statement statement statement statement statement statement statement statement statement var T_ASSIGN term T_BITOR 
Input Stack: T_INTEGER_LITERAL T_SEMICOLON T_IDENTIFIER T_ASSIGN T_IDENTIFIER T_BITXOR T_INTEGER_LITERAL T_SEMICOLON T_IDENTIFIER T_ASSIGN T_BITNOT T_IDENTIFIER T_SEMICOLON T_INT T_IDENTIFIER T_ASSIGN T_IDENTIFIER T_LEFT_PAREN T_IDENTIFIER T_COMMA T_IDENTIFIER T_RIGHT_PAREN T_SEMICOLON T_LEFT_BRACE T_INT T_IDENTIFIER T_ASSIGN T_INTEGER_LITERAL T_SEMICOLON T_IDENTIFIER T_ASSIGN T_IDENTIFIER T_PLUS T_INTEGER_LITERAL T_SEMICOLON T_RIGHT_BRACE T_RETURN T_INTEGER_LITERAL T_SEMICOLON T_RIGHT_BRACE T_EOF 

State Stack: 0 8 8 9 16 18 23 50 118 118 118 118 118 118 118 118 118 118 118 118 118 118 118 118 43 96 40 95 
Symbol Stack: declaration declaration type_specifier T_IDENTIFIER T_LEFT_PAREN T_RIGHT_PAREN T_LEFT_BRACE statement statement statement statement statement statement statement statement statement statement statement statement statement statement statement statement var T_ASSIGN term mulop 
Input Stack: T_INTEGER_LITERAL T_SEMICOLON T_IDENTIFIER T_ASSIGN T_IDENTIFIER T_BITXOR T_INTEGER_LITERAL T_SEMICOLON T_IDENTIFIER T_ASSIGN T_BITNOT T_IDENTIFIER T_SEMICOLON T_INT T_IDENTIFIER T_ASSIGN T_IDENTIFIER T_LEFT_PAREN T_IDENTIFIER T_COMMA T_IDENTIFIER T_RIGHT_PAREN T_SEMICOLON T_LEFT_BRACE T_INT T_IDENTIFIER T_ASSIGN T_INTEGER_LITERAL T_SEMICOLON T_IDENTIFIER T_ASSIGN T_IDENTIFIER T_PLUS T_INTEGER_LITERAL T_SEMICOLON T_RIGHT_BRACE T_RETURN T_INTEGER_LITERAL T_SEMICOLON T_RIGHT_BRACE T_EOF 

State Stack: 0 8 8 9 16 18 23 50 118 118 118 118 118 118 118 118 118 118 118 118 118 118 118 118 43 96 40 95 33 
Symbol Stack: declaration declaration type_specifier T_IDENTIFIER T_LEFT_PAREN T_RIGHT_PAREN T_LEFT_BRACE statement statement statement statement statement statement statement statement statement statement statement statement statement statement statement statement var T_ASSIGN term mulop T_INTEGER_LITERAL 
Input Stack: T_SEMICOLON T_IDENTIFIER T_ASSIGN T_IDENTIFIER T_BITXOR T_INTEGER_LITERAL T_SEMICOLON T_IDENTIFIER T_ASSIGN T_BITNOT T_IDENTIFIER T_SEMICOLON T_INT T_IDENTIFIER T_ASSIGN T_IDENTIFIER T_LEFT_PAREN T_IDENTIFIER T_COMMA T_IDENTIFIER T_RIGHT_PAREN T_SEMICOLON T_LEFT_BRACE T_INT T_IDENTIFIER T_ASSIGN T_INTEGER_LITERAL T_SEMICOLON T_IDENTIFIER T_ASSIGN T_IDENTIFIER T_PLUS T_INTEGER_LITERAL T_SEMICOLON T_RIGHT_BRACE T_RETURN T_INTEGER_LITERAL T_SEMICOLON T_RIGHT_BRACE T_EOF 

State Stack: 0 8 8 9 16 18 23 50 118 118 118 118 118 118 118 118 118 118 118 118 118 118 118 118 43 96 40 95 197 
Symbol Stack: declaration declaration type_specifier T_IDENTIFIER T_LEFT_PAREN T_RIGHT_PAREN T_LEFT_BRACE statement statement statement statement statement statement statement statement statement statement statement statement statement statement statement statement var T_ASSIGN term mulop factor 
Input Stack: T_SEMICOLON T_IDENTIFIER T_ASSIGN T_IDENTIFIER T_BITXOR T_INTEGER_LITERAL T_SEMICOLON T_IDENTIFIER T_ASSIGN T_BITNOT T_IDENTIFIER T_SEMICOLON T_INT T_IDENTIFIER T_ASSIGN T_IDENTIFIER T_LEFT_PAREN T_IDENTIFIER T_COMMA T_IDENTIFIER T_RIGHT_PAREN T_SEMICOLON T_LEFT_BRACE T_INT T_IDENTIFIER T_ASSIGN T_INTEGER_LITERAL T_SEMICOLON T_IDENTIFIER T_ASSIGN T_IDENTIFIER T_PLUS T_INTEGER_LITERAL T_SEMICOLON T_RIGHT_BRACE T_RETURN T_INTEGER_LITERAL T_SEMICOLON T_RIGHT_BRACE T_EOF 

State Stack: 0 8 8 9 16 18 23 50 118 118 118 118 118 118 118 118 118 118 118 118 118 118 118 118 43 96 40 
Symbol Stack: declaration declaration type_specifier T_IDENTIFIER T_LEFT_PAREN T_RIGHT_PAREN T_LEFT_BRACE statement statement statement statement statement statement statement statement statement statement statement statement statement statement statement statement var T_ASSIGN term 
Input Stack: T_SEMICOLON T_IDENTIFIER T_ASSIGN T_IDENTIFIER T_BITXOR T_INTEGER_LITERAL T_SEMICOLON T_IDENTIFIER T_ASSIGN T_BITNOT T_IDENTIFIER T_SEMICOLON T_INT T_IDENTIFIER T_ASSIGN T_IDENTIFIER T_LEFT_PAREN T_IDENTIFIER T_COMMA T_IDENTIFIER T_RIGHT_PAREN T_SEMICOLON T_LEFT_BRACE T_INT T_IDENTIFIER T_ASSIGN T_INTEGER_LITERAL T_SEMICOLON T_IDENTIFIER T_ASSIGN T_IDENTIFIER T_PLUS T_INTEGER_LITERAL T_SEMICOLON T_RIGHT_BRACE T_RETURN T_INTEGER_LITERAL T_SEMICOLON T_RIGHT_BRACE T_EOF 

State Stack: 0 8 8 9 16 18 23 50 118 118 118 118 118 118 118 118 118 118 118 118 118 118 118 118 43 96 39 
Symbol Stack: declaration declaration type_specifier T_IDENTIFIER T_LEFT_PAREN T_RIGHT_PAREN T_LEFT_BRACE statement statement statement statement statement statement statement statement statement statement statement statement statement statement statement statement var T_ASSIGN additive_expression 
Input Stack: T_SEMICOLON T_IDENTIFIER T_ASSIGN T_IDENTIFIER T_BITXOR T_INTEGER_LITERAL T_SEMICOLON T_IDENTIFIER T_ASSIGN T_BITNOT T_IDENTIFIER T_SEMICOLON T_INT T_IDENTIFIER T_ASSIGN T_IDENTIFIER T_LEFT_PAREN T_IDENTIFIER T_COMMA T_IDENTIFIER T_RIGHT_PAREN T_SEMICOLON T_LEFT_BRACE T_INT T_IDENTIFIER T_ASSIGN T_INTEGER_LITERAL T_SEMICOLON T_IDENTIFIER T_ASSIGN T_IDENTIFIER T_PLUS T_INTEGER_LITERAL T_SEMICOLON T_RIGHT_BRACE T_RETURN T_INTEGER_LITERAL T_SEMICOLON T_RIGHT_BRACE T_EOF 

State Stack: 0 8 8 9 16 18 23 50 118 118 118 118 118 118 118 118 118 118 118 118 118 118 118 118 43 96 42 
Symbol Stack: declaration declaration type_specifier T_IDENTIFIER T_LEFT_PAREN T_RIGHT_PAREN T_LEFT_BRACE statement statement statement statement statement statement statement statement statement statement statement statement statement statement statement statement var T_ASSIGN simple_expression 
Input Stack: T_SEMICOLON T_IDENTIFIER T_ASSIGN T_IDENTIFIER T_BITXOR T_INTEGER_LITERAL T_SEMICOLON T_IDENTIFIER T_ASSIGN T_BITNOT T_IDENTIFIER T_SEMICOLON T_INT T_IDENTIFIER T_ASSIGN T_IDENTIFIER T_LEFT_PAREN T_IDENTIFIER T_COMMA T_IDENTIFIER T_RIGHT_PAREN T_SEMICOLON T_LEFT_BRACE T_INT T_IDENTIFIER T_ASSIGN T_INTEGER_LITERAL T_SEMICOLON T_IDENTIFIER T_ASSIGN T_IDENTIFIER T_PLUS T_INTEGER_LITERAL T_SEMICOLON T_RIGHT_BRACE T_RETURN T_INTEGER_LITERAL T_SEMICOLON T_RIGHT_BRACE T_EOF 

State Stack: 0 8 8 9 16 18 23 50 118 118 118 118 118 118 118 118 118 118 118 118 118 118 118 118 43 96 198 
Symbol Stack: declaration declaration type_specifier T_IDENTIFIER T_LEFT_PAREN T_RIGHT_PAREN T_LEFT_BRACE statement statement statement statement statement statement statement statement statement statement statement statement statement statement statement statement var T_ASSIGN expression 
Input Stack: T_SEMICOLON T_IDENTIFIER T_ASSIGN T_IDENTIFIER T_BITXOR T_INTEGER_LITERAL T_SEMICOLON T_IDENTIFIER T_ASSIGN T_BITNOT T_IDENTIFIER T_SEMICOLON T_INT T_IDENTIFIER T_ASSIGN T_IDENTIFIER T_LEFT_PAREN T_IDENTIFIER T_COMMA T_IDENTIFIER T_RIGHT_PAREN T_SEMICOLON T_LEFT_BRACE T_INT T_IDENTIFIER T_ASSIGN T_INTEGER_LITERAL T_SEMICOLON T_IDENTIFIER T_ASSIGN T_IDENTIFIER T_PLUS T_INTEGER_LITERAL T_SEMICOLON T_RIGHT_BRACE T_RETURN T_INTEGER_LITERAL T_SEMICOLON T_RIGHT_BRACE T_EOF 

State Stack: 0 8 8 9 16 18 23 50 118 118 118 118 118 118 118 118 118 118 118 118 118 118 118 118 111 
Symbol Stack: declaration declaration type_specifier T_IDENTIFIER T_LEFT_PAREN T_RIGHT_PAREN T_LEFT_BRACE statement statement statement statement statement statement statement statement statement statement statement statement statement statement statement statement expression 
Input Stack: T_SEMICOLON T_IDENTIFIER T_ASSIGN T_IDENTIFIER T_BITXOR T_INTEGER_LITERAL T_SEMICOLON T_IDENTIFIER T_ASSIGN T_BITNOT T_IDENTIFIER T_SEMICOLON T_INT T_IDENTIFIER T_ASSIGN T_IDENTIFIER T_LEFT_PAREN T_IDENTIFIER T_COMMA T_IDENTIFIER T_RIGHT_PAREN T_SEMICOLON T_LEFT_BRACE T_INT T_IDENTIFIER T_ASSIGN T_INTEGER_LITERAL T_SEMICOLON T_IDENTIFIER T_ASSIGN T_IDENTIFIER T_PLUS T_INTEGER_LITERAL T_SEMICOLON T_RIGHT_BRACE T_RETURN T_INTEGER_LITERAL T_SEMICOLON T_RIGHT_BRACE T_EOF 

State Stack: 0 8 8 9 16 18 23 50 118 118 118 118 118 118 118 118 118 118 118 118 118 118 118 118 111 208 
Symbol Stack: declaration declaration type_specifier T_IDENTIFIER T_LEFT_PAREN T_RIGHT_PAREN T_LEFT_BRACE statement statement statement statement statement statement statement statement statement statement statement statement statement statement statement statement expression T_SEMICOLON 
Input Stack: T_IDENTIFIER T_ASSIGN T_IDENTIFIER T_BITXOR T_INTEGER_LITERAL T_SEMICOLON T_IDENTIFIER T_ASSIGN T_BITNOT T_IDENTIFIER T_SEMICOLON T_INT T_IDENTIFIER T_ASSIGN T_IDENTIFIER T_LEFT_PAREN T_IDENTIFIER T_COMMA T_IDENTIFIER T_RIGHT_PAREN T_SEMICOLON T_LEFT_BRACE T_INT T_IDENTIFIER T_ASSIGN T_INTEGER_LITERAL T_SEMICOLON T_IDENTIFIER T_ASSIGN T_IDENTIFIER T_PLUS T_INTEGER_LITERAL T_SEMICOLON T_RIGHT_BRACE T_RETURN T_INTEGER_LITERAL T_SEMICOLON T_RIGHT_BRACE T_EOF 

State Stack: 0 8 8 9 16 18 23 50 118 118 118 118 118 118 118 118 118 118 118 118 118 118 118 118 113 
Symbol Stack: declaration declaration type_specifier T_IDENTIFIER T_LEFT_PAREN T_RIGHT_PAREN T_LEFT_BRACE statement statement statement statement statement statement statement statement statement statement statement statement statement statement statement statement expression_stmt 
Input Stack: T_IDENTIFIER T_ASSIGN T_IDENTIFIER T_BITXOR T_INTEGER_LITERAL T_SEMICOLON T_IDENTIFIER T_ASSIGN T_BITNOT T_IDENTIFIER T_SEMICOLON T_INT T_IDENTIFIER T_ASSIGN T_IDENTIFIER T_LEFT_PAREN T_IDENTIFIER T_COMMA T_IDENTIFIER T_RIGHT_PAREN T_SEMICOLON T_LEFT_BRACE T_INT T_IDENTIFIER T_ASSIGN T_INTEGER_LITERAL T_SEMICOLON T_IDENTIFIER T_ASSIGN T_IDENTIFIER T_PLUS T_INTEGER_LITERAL T_SEMICOLON T_RIGHT_BRACE T_RETURN T_INTEGER_LITERAL T_SEMICOLON T_RIGHT_BRACE T_EOF 

State Stack: 0 8 8 9 16 18 23 50 118 118 118 118 118 118 118 118 118 118 118 118 118 118 118 118 118 
Symbol Stack: declaration declaration type_specifier T_IDENTIFIER T_LEFT_PAREN T_RIGHT_PAREN T_LEFT_BRACE statement statement statement statement statement statement statement statement statement statement statement statement statement statement statement statement statement 
Input Stack: T_IDENTIFIER T_ASSIGN T_IDENTIFIER T_BITXOR T_INTEGER_LITERAL T_SEMICOLON T_IDENTIFIER T_ASSIGN T_BITNOT T_IDENTIFIER T_SEMICOLON T_INT T_IDENTIFIER T_ASSIGN T_IDENTIFIER T_LEFT_PAREN T_IDENTIFIER T_COMMA T_IDENTIFIER T_RIGHT_PAREN T_SEMICOLON T_LEFT_BRACE T_INT T_IDENTIFIER T_ASSIGN T_INTEGER_LITERAL T_SEMICOLON T_IDENTIFIER T_ASSIGN T_IDENTIFIER T_PLUS T_INTEGER_LITERAL T_SEMICOLON T_RIGHT_BRACE T_RETURN T_INTEGER_LITERAL T_SEMICOLON T_RIGHT_BRACE T_EOF 

State Stack: 0 8 8 9 16 18 23 50 118 118 118 118 118 118 118 118 118 118 118 118 118 118 118 118 118 29 
Symbol Stack: declaration declaration type_specifier T_IDENTIFIER T_LEFT_PAREN T_RIGHT_PAREN T_LEFT_BRACE statement statement statement statement statement statement statement statement statement statement statement statement statement statement statement statement statement T_IDENTIFIER 
Input Stack: T_ASSIGN T_IDENTIFIER T_BITXOR T_INTEGER_LITERAL T_SEMICOLON T_IDENTIFIER T_ASSIGN T_BITNOT T_IDENTIFIER T_SEMICOLON T_INT T_IDENTIFIER T_ASSIGN T_IDENTIFIER T_LEFT_PAREN T_IDENTIFIER T_COMMA T_IDENTIFIER T_RIGHT_PAREN T_SEMICOLON T_LEFT_BRACE T_INT T_IDENTIFIER T_ASSIGN T_INTEGER_LITERAL T_SEMICOLON T_IDENTIFIER T_ASSIGN T_IDENTIFIER T_PLUS T_INTEGER_LITERAL T_SEMICOLON T_RIGHT_BRACE T_RETURN T_INTEGER_LITERAL T_SEMICOLON T_RIGHT_BRACE T_EOF 

State Stack: 0 8 8 9 16 18 23 50 118 118 118 118 118 118 118 118 118 118 118 118 118 118 118 118 118 43 
Symbol Stack: declaration declaration type_specifier T_IDENTIFIER T_LEFT_PAREN T_RIGHT_PAREN T_LEFT_BRACE statement statement statement statement statement statement statement statement statement statement statement statement statement statement statement statement statement var 
Input Stack: T_ASSIGN T_IDENTIFIER T_BITXOR T_INTEGER_LITERAL T_SEMICOLON T_IDENTIFIER T_ASSIGN T_BITNOT T_IDENTIFIER T_SEMICOLON T_INT T_IDENTIFIER T_ASSIGN T_IDENTIFIER T_LEFT_PAREN T_IDENTIFIER T_COMMA T_IDENTIFIER T_RIGHT_PAREN T_SEMICOLON T_LEFT_BRACE T_INT T_IDENTIFIER T_ASSIGN T_INTEGER_LITERAL T_SEMICOLON T_IDENTIFIER T_ASSIGN T_IDENTIFIER T_PLUS T_INTEGER_LITERAL T_SEMICOLON T_RIGHT_BRACE T_RETURN T_INTEGER_LITERAL T_SEMICOLON T_RIGHT_BRACE T_EOF 

State Stack: 0 8 8 9 16 18 23 50 118 118 118 118 118 118 118 118 118 118 118 118 118 118 118 118 118 43 96 
Symbol Stack: declaration declaration type_specifier T_IDENTIFIER T_LEFT_PAREN T_RIGHT_PAREN T_LEFT_BRACE statement statement statement statement statement statement statement statement statement statement statement statement statement statement statement statement statement var T_ASSIGN 
Input Stack: T_IDENTIFIER T_BITXOR T_INTEGER_LITERAL T_SEMICOLON T_IDENTIFIER T_ASSIGN T_BITNOT T_IDENTIFIER T_SEMICOLON T_INT T_IDENTIFIER T_ASSIGN T_IDENTIFIER T_LEFT_PAREN T_IDENTIFIER T_COMMA T_IDENTIFIER T_RIGHT_PAREN T_SEMICOLON T_LEFT_BRACE T_INT T_IDENTIFIER T_ASSIGN T_INTEGER_LITERAL T_SEMICOLON T_IDENTIFIER T_ASSIGN T_IDENTIFIER T_PLUS T_INTEGER_LITERAL T_SEMICOLON T_RIGHT_BRACE T_RETURN T_INTEGER_LITERAL T_SEMICOLON T_RIGHT_BRACE T_EOF 

State Stack: 0 8 8 9 16 18 23 50 118 118 118 118 118 118 118 118 118 118 118 118 118 118 118 118 118 43 96 29 
Symbol Stack: declaration declaration type_specifier T_IDENTIFIER T_LEFT_PAREN T_RIGHT_PAREN T_LEFT_BRACE statement statement statement statement statement statement statement statement statement statement statement statement statement statement statement statement statement var T_ASSIGN T_IDENTIFIER 
Input Stack: T_BITXOR T_INTEGER_LITERAL T_SEMICOLON T_IDENTIFIER T_ASSIGN T_BITNOT T_IDENTIFIER T_SEMICOLON T_INT T_IDENTIFIER T_ASSIGN T_IDENTIFIER T_LEFT_PAREN T_IDENTIFIER T_COMMA T_IDENTIFIER T_RIGHT_PAREN T_SEMICOLON T_LEFT_BRACE T_INT T_IDENTIFIER T_ASSIGN T_INTEGER_LITERAL T_SEMICOLON T_IDENTIFIER T_ASSIGN T_IDENTIFIER T_PLUS T_INTEGER_LITERAL T_SEMICOLON T_RIGHT_BRACE T_RETURN T_INTEGER_LITERAL T_SEMICOLON T_RIGHT_BRACE T_EOF 

State Stack: 0 8 8 9 16 18 23 50 118 118 118 118 118 118 118 118 118 118 118 118 118 118 118 118 118 43 96 43 
Symbol Stack: declaration declaration type_specifier T_IDENTIFIER T_LEFT_PAREN T_RIGHT_PAREN T_LEFT_BRACE statement statement statement statement statement statement statement statement statement statement statement statement statement statement statement statement statement var T_ASSIGN var 
Input Stack: T_BITXOR T_INTEGER_LITERAL T_SEMICOLON T_IDENTIFIER T_ASSIGN T_BITNOT T_IDENTIFIER T_SEMICOLON T_INT T_IDENTIFIER T_ASSIGN T_IDENTIFIER T_LEFT_PAREN T_IDENTIFIER T_COMMA T_IDENTIFIER T_RIGHT_PAREN T_SEMICOLON T_LEFT_BRACE T_INT T_IDENTIFIER T_ASSIGN T_INTEGER_LITERAL T_SEMICOLON T_IDENTIFIER T_ASSIGN T_IDENTIFIER T_PLUS T_INTEGER_LITERAL T_SEMICOLON T_RIGHT_BRACE T_RETURN T_INTEGER_LITERAL T_SEMICOLON T_RIGHT_BRACE T_EOF 

State Stack: 0 8 8 9 16 18 23 50 118 118 118 118 118 118 118 118 118 118 118 118 118 118 118 118 118 43 96 47 
Symbol Stack: declaration declaration type_specifier T_IDENTIFIER T_LEFT_PAREN T_RIGHT_PAREN T_LEFT_BRACE statement statement statement statement statement statement statement statement statement statement statement statement statement statement statement statement statement var T_ASSIGN factor 
Input Stack: T_BITXOR T_INTEGER_LITERAL T_SEMICOLON T_IDENTIFIER T_ASSIGN T_BITNOT T_IDENTIFIER T_SEMICOLON T_INT T_IDENTIFIER T_ASSIGN T_IDENTIFIER T_LEFT_PAREN T_IDENTIFIER T_COMMA T_IDENTIFIER T_RIGHT_PAREN T_SEMICOLON T_LEFT_BRACE T_INT T_IDENTIFIER T_ASSIGN T_INTEGER_LITERAL T_SEMICOLON T_IDENTIFIER T_ASSIGN T_IDENTIFIER T_PLUS T_INTEGER_LITERAL T_SEMICOLON T_RIGHT_BRACE T_RETURN T_INTEGER_LITERAL T_SEMICOLON T_RIGHT_BRACE T_EOF 

State Stack: 0 8 8 9 16 18 23 50 118 118 118 118 118 118 118 118 118 118 118 118 118 118 118 118 118 43 96 40 
Symbol Stack: declaration declaration type_specifier T_IDENTIFIER T_LEFT_PAREN T_RIGHT_PAREN T_LEFT_BRACE statement statement statement statement statement statement statement statement statement statement statement statement statement statement statement statement statement var T_ASSIGN term 
Input Stack: T_BITXOR T_INTEGER_LITERAL T_SEMICOLON T_IDENTIFIER T_ASSIGN T_BITNOT T_IDENTIFIER T_SEMICOLON T_INT T_IDENTIFIER T_ASSIGN T_IDENTIFIER T_LEFT_PAREN T_IDENTIFIER T_COMMA T_IDENTIFIER T_RIGHT_PAREN T_SEMICOLON T_LEFT_BRACE T_INT T_IDENTIFIER T_ASSIGN T_INTEGER_LITERAL T_SEMICOLON T_IDENTIFIER T_ASSIGN T_IDENTIFIER T_PLUS T_INTEGER_LITERAL T_SEMICOLON T_RIGHT_BRACE T_RETURN T_INTEGER_LITERAL T_SEMICOLON T_RIGHT_BRACE T_EOF 

State Stack: 0 8 8 9 16 18 23 50 118 118 118 118 118 118 118 118 118 118 118 118 118 118 118 118 118 43 96 40 89 
Symbol Stack: declaration declaration type_specifier T_IDENTIFIER T_LEFT_PAREN T_RIGHT_PAREN T_LEFT_BRACE statement statement statement statement statement statement statement statement statement statement statement statement statement statement statement statement statement var T_ASSIGN term T_BITXOR 
Input Stack: T_INTEGER_LITERAL T_SEMICOLON T_IDENTIFIER T_ASSIGN T_BITNOT T_IDENTIFIER T_SEMICOLON T_INT T_IDENTIFIER T_ASSIGN T_IDENTIFIER T_LEFT_PAREN T_IDENTIFIER T_COMMA T_IDENTIFIER T_RIGHT_PAREN T_SEMICOLON T_LEFT_BRACE T_INT T_IDENTIFIER T_ASSIGN T_INTEGER_LITERAL T_SEMICOLON T_IDENTIFIER T_ASSIGN T_IDENTIFIER T_PLUS T_INTEGER_LITERAL T_SEMICOLON T_RIGHT_BRACE T_RETURN T_INTEGER_LITERAL T_SEMICOLON T_RIGHT_BRACE T_EOF 

State Stack: 0 8 8 9 16 18 23 50 118 118 118 118 118 118 118 118 118 118 118 118 118 118 118 118 118 43 96 40 95 
Symbol Stack: declaration declaration type_specifier T_IDENTIFIER T_LEFT_PAREN T_RIGHT_PAREN T_LEFT_BRACE statement statement statement statement statement statement statement statement statement statement statement statement statement statement statement statement statement var T_ASSIGN term mulop 
Input Stack: T_INTEGER_LITERAL T_SEMICOLON T_IDENTIFIER T_ASSIGN T_BITNOT T_IDENTIFIER T_SEMICOLON T_INT T_IDENTIFIER T_ASSIGN T_IDENTIFIER T_LEFT_PAREN T_IDENTIFIER T_COMMA T_IDENTIFIER T_RIGHT_PAREN T_SEMICOLON T_LEFT_BRACE T_INT T_IDENTIFIER T_ASSIGN T_INTEGER_LITERAL T_SEMICOLON T_IDENTIFIER T_ASSIGN T_IDENTIFIER T_PLUS T_INTEGER_LITERAL T_SEMICOLON T_RIGHT_BRACE T_RETURN T_INTEGER_LITERAL T_SEMICOLON T_RIGHT_BRACE T_EOF 

State Stack: 0 8 8 9 16 18 23 50 118 118 118 118 118 118 118 118 118 118 118 118 118 118 118 118 118 43 96 40 95 33 
Symbol Stack: declaration declaration type_specifier T_IDENTIFIER T_LEFT_PAREN T_RIGHT_PAREN T_LEFT_BRACE statement statement statement statement statement statement statement statement statement statement statement statement statement statement statement statement statement var T_ASSIGN term mulop T_INTEGER_LITERAL 
Input Stack: T_SEMICOLON T_IDENTIFIER T_ASSIGN T_BITNOT T_IDENTIFIER T_SEMICOLON T_INT T_IDENTIFIER T_ASSIGN T_IDENTIFIER T_LEFT_PAREN T_IDENTIFIER T_COMMA T_IDENTIFIER T_RIGHT_PAREN T_SEMICOLON T_LEFT_BRACE T_INT T_IDENTIFIER T_ASSIGN T_INTEGER_LITERAL T_SEMICOLON T_IDENTIFIER T_ASSIGN T_IDENTIFIER T_PLUS T_INTEGER_LITERAL T_SEMICOLON T_RIGHT_BRACE T_RETURN T_INTEGER_LITERAL T_SEMICOLON T_RIGHT_BRACE T_EOF 

State Stack: 0 8 8 9 16 18 23 50 118 118 118 118 118 118 118 118 118 118 118 118 118 118 118 118 118 43 96 40 95 197 
Symbol Stack: declaration declaration type_specifier T_IDENTIFIER T_LEFT_PAREN T_RIGHT_PAREN T_LEFT_BRACE statement statement statement statement statement statement statement statement statement statement statement statement statement statement statement statement statement var T_ASSIGN term mulop factor 
Input Stack: T_SEMICOLON T_IDENTIFIER T_ASSIGN T_BITNOT T_IDENTIFIER T_SEMICOLON T_INT T_IDENTIFIER T_ASSIGN T_IDENTIFIER T_LEFT_PAREN T_IDENTIFIER T_COMMA T_IDENTIFIER T_RIGHT_PAREN T_SEMICOLON T_LEFT_BRACE T_INT T_IDENTIFIER T_ASSIGN T_INTEGER_LITERAL T_SEMICOLON T_IDENTIFIER T_ASSIGN T_IDENTIFIER T_PLUS T_INTEGER_LITERAL T_SEMICOLON T_RIGHT_BRACE T_RETURN T_INTEGER_LITERAL T_SEMICOLON T_RIGHT_BRACE T_EOF 

State Stack: 0 8 8 9 16 18 23 50 118 118 118 118 118 118 118 118 118 118 118 118 118 118 118 118 118 43 96 40 
Symbol Stack: declaration declaration type_specifier T_IDENTIFIER T_LEFT_PAREN T_RIGHT_PAREN T_LEFT_BRACE statement statement statement statement statement statement statement statement statement statement statement statement statement statement statement statement statement var T_ASSIGN term 
Input Stack: T_SEMICOLON T_IDENTIFIER T_ASSIGN T_BITNOT T_IDENTIFIER T_SEMICOLON T_INT T_IDENTIFIER T_ASSIGN T_IDENTIFIER T_LEFT_PAREN T_IDENTIFIER T_COMMA T_IDENTIFIER T_RIGHT_PAREN T_SEMICOLON T_LEFT_BRACE T_INT T_IDENTIFIER T_ASSIGN T_INTEGER_LITERAL T_SEMICOLON T_IDENTIFIER T_ASSIGN T_IDENTIFIER T_PLUS T_INTEGER_LITERAL T_SEMICOLON T_RIGHT_BRACE T_RETURN T_INTEGER_LITERAL T_SEMICOLON T_RIGHT_BRACE T_EOF 

State Stack: 0 8 8 9 16 18 23 50 118 118 118 118 118 118 118 118 118 118 118 118 118 118 118 118 118 43 96 39 
Symbol Stack: declaration declaration type_specifier T_IDENTIFIER T_LEFT_PAREN T_RIGHT_PAREN T_LEFT_BRACE statement statement statement statement statement statement statement statement statement statement statement statement statement statement statement statement statement var T_ASSIGN additive_expression 
Input Stack: T_SEMICOLON T_IDENTIFIER T_ASSIGN T_BITNOT T_IDENTIFIER T_SEMICOLON T_INT T_IDENTIFIER T_ASSIGN T_IDENTIFIER T_LEFT_PAREN T_IDENTIFIER T_COMMA T_IDENTIFIER T_RIGHT_PAREN T_SEMICOLON T_LEFT_BRACE T_INT T_IDENTIFIER T_ASSIGN T_INTEGER_LITERAL T_SEMICOLON T_IDENTIFIER T_ASSIGN T_IDENTIFIER T_PLUS T_INTEGER_LITERAL T_SEMICOLON T_RIGHT_BRACE T_RETURN T_INTEGER_LITERAL T_SEMICOLON T_RIGHT_BRACE T_EOF 

State Stack: 0 8 8 9 16 18 23 50 118 118 118 118 118 118 118 118 118 118 118 118 118 118 118 118 118 43 96 42 
Symbol Stack: declaration declaration type_specifier T_IDENTIFIER T_LEFT_PAREN T_RIGHT_PAREN T_LEFT_BRACE statement statement statement statement statement statement statement statement statement statement statement statement statement statement statement statement statement var T_ASSIGN simple_expression 
Input Stack: T_SEMICOLON T_IDENTIFIER T_ASSIGN T_BITNOT T_IDENTIFIER T_SEMICOLON T_INT T_IDENTIFIER T_ASSIGN T_IDENTIFIER T_LEFT_PAREN T_IDENTIFIER T_COMMA T_IDENTIFIER T_RIGHT_PAREN T_SEMICOLON T_LEFT_BRACE T_INT T_IDENTIFIER T_ASSIGN T_INTEGER_LITERAL T_SEMICOLON T_IDENTIFIER T_ASSIGN T_IDENTIFIER T_PLUS T_INTEGER_LITERAL T_SEMICOLON T_RIGHT_BRACE T_RETURN T_INTEGER_LITERAL T_SEMICOLON T_RIGHT_BRACE T_EOF 

State Stack: 0 8 8 9 16 18 23 50 118 118 118 118 118 118 118 118 118 118 118 118 118 118 118 118 118 43 96 198 
Symbol Stack: declaration declaration type_specifier T_IDENTIFIER T_LEFT_PAREN T_RIGHT_PAREN T_LEFT_BRACE statement statement statement statement statement statement statement statement statement statement statement statement statement statement statement statement statement var T_ASSIGN expression 
Input Stack: T_SEMICOLON T_IDENTIFIER T_ASSIGN T_BITNOT T_IDENTIFIER T_SEMICOLON T_INT T_IDENTIFIER T_ASSIGN T_IDENTIFIER T_LEFT_PAREN T_IDENTIFIER T_COMMA T_IDENTIFIER T_RIGHT_PAREN T_SEMICOLON T_LEFT_BRACE T_INT T_IDENTIFIER T_ASSIGN T_INTEGER_LITERAL T_SEMICOLON T_IDENTIFIER T_ASSIGN T_IDENTIFIER T_PLUS T_INTEGER_LITERAL T_SEMICOLON T_RIGHT_BRACE T_RETURN T_INTEGER_LITERAL T_SEMICOLON T_RIGHT_BRACE T_EOF 

State Stack: 0 8 8 9 16 18 23 50 118 118 118 118 118 118 118 118 118 118 118 118 118 118 118 118 118 111 
Symbol Stack: declaration declaration type_specifier T_IDENTIFIER T_LEFT_PAREN T_RIGHT_PAREN T_LEFT_BRACE statement statement statement statement statement statement statement statement statement statement statement statement statement statement statement statement statement expression 
Input Stack: T_SEMICOLON T_IDENTIFIER T_ASSIGN T_BITNOT T_IDENTIFIER T_SEMICOLON T_INT T_IDENTIFIER T_ASSIGN T_IDENTIFIER T_LEFT_PAREN T_IDENTIFIER T_COMMA T_IDENTIFIER T_RIGHT_PAREN T_SEMICOLON T_LEFT_BRACE T_INT T_IDENTIFIER T_ASSIGN T_INTEGER_LITERAL T_SEMICOLON T_IDENTIFIER T_ASSIGN T_IDENTIFIER T_PLUS T_INTEGER_LITERAL T_SEMICOLON T_RIGHT_BRACE T_RETURN T_INTEGER_LITERAL T_SEMICOLON T_RIGHT_BRACE T_EOF 

State Stack: 0 8 8 9 16 18 23 50 118 118 118 118 118 118 118 118 118 118 118 118 118 118 118 118 118 111 208 
Symbol Stack: declaration declaration type_specifier T_IDENTIFIER T_LEFT_PAREN T_RIGHT_PAREN T_LEFT_BRACE statement statement statement statement statement statement statement statement statement statement statement statement statement statement statement statement statement expression T_SEMICOLON 
Input Stack: T_IDENTIFIER T_ASSIGN T_BITNOT T_IDENTIFIER T_SEMICOLON T_INT T_IDENTIFIER T_ASSIGN T_IDENTIFIER T_LEFT_PAREN T_IDENTIFIER T_COMMA T_IDENTIFIER T_RIGHT_PAREN T_SEMICOLON T_LEFT_BRACE T_INT T_IDENTIFIER T_ASSIGN T_INTEGER_LITERAL T_SEMICOLON T_IDENTIFIER T_ASSIGN T_IDENTIFIER T_PLUS T_INTEGER_LITERAL T_SEMICOLON T_RIGHT_BRACE T_RETURN T_INTEGER_LITERAL T_SEMICOLON T_RIGHT_BRACE T_EOF 

State Stack: 0 8 8 9 16 18 23 50 118 118 118 118 118 118 118 118 118 118 118 118 118 118 118 118 118 113 
Symbol Stack: declaration declaration type_specifier T_IDENTIFIER T_LEFT_PAREN T_RIGHT_PAREN T_LEFT_BRACE statement statement statement statement statement statement statement statement statement statement statement statement statement statement statement statement statement expression_stmt 
Input Stack: T_IDENTIFIER T_ASSIGN T_BITNOT T_IDENTIFIER T_SEMICOLON T_INT T_IDENTIFIER T_ASSIGN T_IDENTIFIER T_LEFT_PAREN T_IDENTIFIER T_COMMA T_IDENTIFIER T_RIGHT_PAREN T_SEMICOLON T_LEFT_BRACE T_INT T_IDENTIFIER T_ASSIGN T_INTEGER_LITERAL T_SEMICOLON T_IDENTIFIER T_ASSIGN T_IDENTIFIER T_PLUS T_INTEGER_LITERAL T_SEMICOLON T_RIGHT_BRACE T_RETURN T_INTEGER_LITERAL T_SEMICOLON T_RIGHT_BRACE T_EOF 

State Stack: 0 8 8 9 16 18 23 50 118 118 118 118 118 118 118 118 118 118 118 118 118 118 118 118 118 118 
Symbol Stack: declaration declaration type_specifier T_IDENTIFIER T_LEFT_PAREN T_RIGHT_PAREN T_LEFT_BRACE statement statement statement statement statement statement statement statement statement statement statement statement statement statement statement statement statement statement 
Input Stack: T_IDENTIFIER T_ASSIGN T_BITNOT T_IDENTIFIER T_SEMICOLON T_INT T_IDENTIFIER T_ASSIGN T_IDENTIFIER T_LEFT_PAREN T_IDENTIFIER T_COMMA T_IDENTIFIER T_RIGHT_PAREN T_SEMICOLON T_LEFT_BRACE T_INT T_IDENTIFIER T_ASSIGN T_INTEGER_LITERAL T_SEMICOLON T_IDENTIFIER T_ASSIGN T_IDENTIFIER T_PLUS T_INTEGER_LITERAL T_SEMICOLON T_RIGHT_BRACE T_RETURN T_INTEGER_LITERAL T_SEMICOLON T_RIGHT_BRACE T_EOF 

State Stack: 0 8 8 9 16 18 23 50 118 118 118 118 118 118 118 118 118 118 118 118 118 118 118 118 118 118 29 
Symbol Stack: declaration declaration type_specifier T_IDENTIFIER T_LEFT_PAREN T_RIGHT_PAREN T_LEFT_BRACE statement statement statement statement statement statement statement statement statement statement statement statement statement statement statement statement statement statement T_IDENTIFIER 
Input Stack: T_ASSIGN T_BITNOT T_IDENTIFIER T_SEMICOLON T_INT T_IDENTIFIER T_ASSIGN T_IDENTIFIER T_LEFT_PAREN T_IDENTIFIER T_COMMA T_IDENTIFIER T_RIGHT_PAREN T_SEMICOLON T_LEFT_BRACE T_INT T_IDENTIFIER T_ASSIGN T_INTEGER_LITERAL T_SEMICOLON T_IDENTIFIER T_ASSIGN T_IDENTIFIER T_PLUS T_INTEGER_LITERAL T_SEMICOLON T_RIGHT_BRACE T_RETURN T_INTEGER_LITERAL T_SEMICOLON T_RIGHT_BRACE T_EOF 

State Stack: 0 8 8 9 16 18 23 50 118 118 118 118 118 118 118 118 118 118 118 118 118 118 118 118 118 118 43 
Symbol Stack: declaration declaration type_specifier T_IDENTIFIER T_LEFT_PAREN T_RIGHT_PAREN T_LEFT_BRACE statement statement statement statement statement statement statement statement statement statement statement statement statement statement statement statement statement statement var 
Input Stack: T_ASSIGN T_BITNOT T_IDENTIFIER T_SEMICOLON T_INT T_IDENTIFIER T_ASSIGN T_IDENTIFIER T_LEFT_PAREN T_IDENTIFIER T_COMMA T_IDENTIFIER T_RIGHT_PAREN T_SEMICOLON T_LEFT_BRACE T_INT T_IDENTIFIER T_ASSIGN T_INTEGER_LITERAL T_SEMICOLON T_IDENTIFIER T_ASSIGN T_IDENTIFIER T_PLUS T_INTEGER_LITERAL T_SEMICOLON T_RIGHT_BRACE T_RETURN T_INTEGER_LITERAL T_SEMICOLON T_RIGHT_BRACE T_EOF 

State Stack: 0 8 8 9 16 18 23 50 118 118 118 118 118 118 118 118 118 118 118 118 118 118 118 118 118 118 43 96 
Symbol Stack: declaration declaration type_specifier T_IDENTIFIER T_LEFT_PAREN T_RIGHT_PAREN T_LEFT_BRACE statement statement statement statement statement statement statement statement statement statement statement statement statement statement statement statement statement statement var T_ASSIGN 
Input Stack: T_BITNOT T_IDENTIFIER T_SEMICOLON T_INT T_IDENTIFIER T_ASSIGN T_IDENTIFIER T_LEFT_PAREN T_IDENTIFIER T_COMMA T_IDENTIFIER T_RIGHT_PAREN T_SEMICOLON T_LEFT_BRACE T_INT T_IDENTIFIER T_ASSIGN T_INTEGER_LITERAL T_SEMICOLON T_IDENTIFIER T_ASSIGN T_IDENTIFIER T_PLUS T_INTEGER_LITERAL T_SEMICOLON T_RIGHT_BRACE T_RETURN T_INTEGER_LITERAL T_SEMICOLON T_RIGHT_BRACE T_EOF 

State Stack: 0 8 8 9 16 18 23 50 118 118 118 118 118 118 118 118 118 118 118 118 118 118 118 118 118 118 43 96 30 
Symbol Stack: declaration declaration type_specifier T_IDENTIFIER T_LEFT_PAREN T_RIGHT_PAREN T_LEFT_BRACE statement statement statement statement statement statement statement statement statement statement statement statement statement statement statement statement statement statement var T_ASSIGN T_BITNOT 
Input Stack: T_IDENTIFIER T_SEMICOLON T_INT T_IDENTIFIER T_ASSIGN T_IDENTIFIER T_LEFT_PAREN T_IDENTIFIER T_COMMA T_IDENTIFIER T_RIGHT_PAREN T_SEMICOLON T_LEFT_BRACE T_INT T_IDENTIFIER T_ASSIGN T_INTEGER_LITERAL T_SEMICOLON T_IDENTIFIER T_ASSIGN T_IDENTIFIER T_PLUS T_INTEGER_LITERAL T_SEMICOLON T_RIGHT_BRACE T_RETURN T_INTEGER_LITERAL T_SEMICOLON T_RIGHT_BRACE T_EOF 

State Stack: 0 8 8 9 16 18 23 50 118 118 118 118 118 118 118 118 118 118 118 118 118 118 118 118 118 118 43 96 30 57 
Symbol Stack: declaration declaration type_specifier T_IDENTIFIER T_LEFT_PAREN T_RIGHT_PAREN T_LEFT_BRACE statement statement statement statement statement statement statement statement statement statement statement statement statement statement statement statement statement statement var T_ASSIGN T_BITNOT T_IDENTIFIER 
Input Stack: T_SEMICOLON T_INT T_IDENTIFIER T_ASSIGN T_IDENTIFIER T_LEFT_PAREN T_IDENTIFIER T_COMMA T_IDENTIFIER T_RIGHT_PAREN T_SEMICOLON T_LEFT_BRACE T_INT T_IDENTIFIER T_ASSIGN T_INTEGER_LITERAL T_SEMICOLON T_IDENTIFIER T_ASSIGN T_IDENTIFIER T_PLUS T_INTEGER_LITERAL T_SEMICOLON T_RIGHT_BRACE T_RETURN T_INTEGER_LITERAL T_SEMICOLON T_RIGHT_BRACE T_EOF 

State Stack: 0 8 8 9 16 18 23 50 118 118 118 118 118 118 118 118 118 118 118 118 118 118 118 118 118 118 43 96 30 59 
Symbol Stack: declaration declaration type_specifier T_IDENTIFIER T_LEFT_PAREN T_RIGHT_PAREN T_LEFT_BRACE statement statement statement statement statement statement statement statement statement statement statement statement statement statement statement statement statement statement var T_ASSIGN T_BITNOT var 
Input Stack: T_SEMICOLON T_INT T_IDENTIFIER T_ASSIGN T_IDENTIFIER T_LEFT_PAREN T_IDENTIFIER T_COMMA T_IDENTIFIER T_RIGHT_PAREN T_SEMICOLON T_LEFT_BRACE T_INT T_IDENTIFIER T_ASSIGN T_INTEGER_LITERAL T_SEMICOLON T_IDENTIFIER T_ASSIGN T_IDENTIFIER T_PLUS T_INTEGER_LITERAL T_SEMICOLON T_RIGHT_BRACE T_RETURN T_INTEGER_LITERAL T_SEMICOLON T_RIGHT_BRACE T_EOF 

State Stack: 0 8 8 9 16 18 23 50 118 118 118 118 118 118 118 118 118 118 118 118 118 118 118 118 118 118 43 96 30 58 
Symbol Stack: declaration declaration type_specifier T_IDENTIFIER T_LEFT_PAREN T_RIGHT_PAREN T_LEFT_BRACE statement statement statement statement statement statement statement statement statement statement statement statement statement statement statement statement statement statement var T_ASSIGN T_BITNOT factor 
Input Stack: T_SEMICOLON T_INT T_IDENTIFIER T_ASSIGN T_IDENTIFIER T_LEFT_PAREN T_IDENTIFIER T_COMMA T_IDENTIFIER T_RIGHT_PAREN T_SEMICOLON T_LEFT_BRACE T_INT T_IDENTIFIER T_ASSIGN T_INTEGER_LITERAL T_SEMICOLON T_IDENTIFIER T_ASSIGN T_IDENTIFIER T_PLUS T_INTEGER_LITERAL T_SEMICOLON T_RIGHT_BRACE T_RETURN T_INTEGER_LITERAL T_SEMICOLON T_RIGHT_BRACE T_EOF 

State Stack: 0 8 8 9 16 18 23 50 118 118 118 118 118 118 118 118 118 118 118 118 118 118 118 118 118 118 43 96 47 
Symbol Stack: declaration declaration type_specifier T_IDENTIFIER T_LEFT_PAREN T_RIGHT_PAREN T_LEFT_BRACE statement statement statement statement statement statement statement statement statement statement statement statement statement statement statement statement statement statement var T_ASSIGN factor 
Input Stack: T_SEMICOLON T_INT T_IDENTIFIER T_ASSIGN T_IDENTIFIER T_LEFT_PAREN T_IDENTIFIER T_COMMA T_IDENTIFIER T_RIGHT_PAREN T_SEMICOLON T_LEFT_BRACE T_INT T_IDENTIFIER T_ASSIGN T_INTEGER_LITERAL T_SEMICOLON T_IDENTIFIER T_ASSIGN T_IDENTIFIER T_PLUS T_INTEGER_LITERAL T_SEMICOLON T_RIGHT_BRACE T_RETURN T_INTEGER_LITERAL T_SEMICOLON T_RIGHT_BRACE T_EOF 

State Stack: 0 8 8 9 16 18 23 50 118 118 118 118 118 118 118 118 118 118 118 118 118 118 118 118 118 118 43 96 40 
Symbol Stack: declaration declaration type_specifier T_IDENTIFIER T_LEFT_PAREN T_RIGHT_PAREN T_LEFT_BRACE statement statement statement statement statement statement statement statement statement statement statement statement statement statement statement statement statement statement var T_ASSIGN term 
Input Stack: T_SEMICOLON T_INT T_IDENTIFIER T_ASSIGN T_IDENTIFIER T_LEFT_PAREN T_IDENTIFIER T_COMMA T_IDENTIFIER T_RIGHT_PAREN T_SEMICOLON T_LEFT_BRACE T_INT T_IDENTIFIER T_ASSIGN T_INTEGER_LITERAL T_SEMICOLON T_IDENTIFIER T_ASSIGN T_IDENTIFIER T_PLUS T_INTEGER_LITERAL T_SEMICOLON T_RIGHT_BRACE T_RETURN T_INTEGER_LITERAL T_SEMICOLON T_RIGHT_BRACE T_EOF 

State Stack: 0 8 8 9 16 18 23 50 118 118 118 118 118 118 118 118 118 118 118 118 118 118 118 118 118 118 43 96 39 
Symbol Stack: declaration declaration type_specifier T_IDENTIFIER T_LEFT_PAREN T_RIGHT_PAREN T_LEFT_BRACE statement statement statement statement statement statement statement statement statement statement statement statement statement statement statement statement statement statement var T_ASSIGN additive_expression 
Input Stack: T_SEMICOLON T_INT T_IDENTIFIER T_ASSIGN T_IDENTIFIER T_LEFT_PAREN T_IDENTIFIER T_COMMA T_IDENTIFIER T_RIGHT_PAREN T_SEMICOLON T_LEFT_BRACE T_INT T_IDENTIFIER T_ASSIGN T_INTEGER_LITERAL T_SEMICOLON T_IDENTIFIER T_ASSIGN T_IDENTIFIER T_PLUS T_INTEGER_LITERAL T_SEMICOLON T_RIGHT_BRACE T_RETURN T_INTEGER_LITERAL T_SEMICOLON T_RIGHT_BRACE T_EOF 

State Stack: 0 8 8 9 16 18 23 50 118 118 118 118 118 118 118 118 118 118 118 118 118 118 118 118 118 118 43 96 42 
Symbol Stack: declaration declaration type_specifier T_IDENTIFIER T_LEFT_PAREN T_RIGHT_PAREN T_LEFT_BRACE statement statement statement statement statement statement statement statement statement statement statement statement statement statement statement statement statement statement var T_ASSIGN simple_expression 
Input Stack: T_SEMICOLON T_INT T_IDENTIFIER T_ASSIGN T_IDENTIFIER T_LEFT_PAREN T_IDENTIFIER T_COMMA T_IDENTIFIER T_RIGHT_PAREN T_SEMICOLON T_LEFT_BRACE T_INT T_IDENTIFIER T_ASSIGN T_INTEGER_LITERAL T_SEMICOLON T_IDENTIFIER T_ASSIGN T_IDENTIFIER T_PLUS T_INTEGER_LITERAL T_SEMICOLON T_RIGHT_BRACE T_RETURN T_INTEGER_LITERAL T_SEMICOLON T_RIGHT_BRACE T_EOF 

State Stack: 0 8 8 9 16 18 23 50 118 118 118 118 118 118 118 118 118 118 118 118 118 118 118 118 118 118 43 96 198 
Symbol Stack: declaration declaration type_specifier T_IDENTIFIER T_LEFT_PAREN T_RIGHT_PAREN T_LEFT_BRACE statement statement statement statement statement statement statement statement statement statement statement statement statement statement statement statement statement statement var T_ASSIGN expression 
Input Stack: T_SEMICOLON T_INT T_IDENTIFIER T_ASSIGN T_IDENTIFIER T_LEFT_PAREN T_IDENTIFIER T_COMMA T_IDENTIFIER T_RIGHT_PAREN T_SEMICOLON T_LEFT_BRACE T_INT T_IDENTIFIER T_ASSIGN T_INTEGER_LITERAL T_SEMICOLON T_IDENTIFIER T_ASSIGN T_IDENTIFIER T_PLUS T_INTEGER_LITERAL T_SEMICOLON T_RIGHT_BRACE T_RETURN T_INTEGER_LITERAL T_SEMICOLON T_RIGHT_BRACE T_EOF 

State Stack: 0 8 8 9 16 18 23 50 118 118 118 118 118 118 118 118 118 118 118 118 118 118 118 118 118 118 111 
Symbol Stack: declaration declaration type_specifier T_IDENTIFIER T_LEFT_PAREN T_RIGHT_PAREN T_LEFT_BRACE statement statement statement statement statement statement statement statement statement statement statement statement statement statement statement statement statement statement expression 
Input Stack: T_SEMICOLON T_INT T_IDENTIFIER T_ASSIGN T_IDENTIFIER T_LEFT_PAREN T_IDENTIFIER T_COMMA T_IDENTIFIER T_RIGHT_PAREN T_SEMICOLON T_LEFT_BRACE T_INT T_IDENTIFIER T_ASSIGN T_INTEGER_LITERAL T_SEMICOLON T_IDENTIFIER T_ASSIGN T_IDENTIFIER T_PLUS T_INTEGER_LITERAL T_SEMICOLON T_RIGHT_BRACE T_RETURN T_INTEGER_LITERAL T_SEMICOLON T_RIGHT_BRACE T_EOF 

State Stack: 0 8 8 9 16 18 23 50 118 118 118 118 118 118 118 118 118 118 118 118 118 118 118 118 118 118 111 208 
Symbol Stack: declaration declaration type_specifier T_IDENTIFIER T_LEFT_PAREN T_RIGHT_PAREN T_LEFT_BRACE statement statement statement statement statement statement statement statement statement statement statement statement statement statement statement statement statement statement expression T_SEMICOLON 
Input Stack: T_INT T_IDENTIFIER T_ASSIGN T_IDENTIFIER T_LEFT_PAREN T_IDENTIFIER T_COMMA T_IDENTIFIER T_RIGHT_PAREN T_SEMICOLON T_LEFT_BRACE T_INT T_IDENTIFIER T_ASSIGN T_INTEGER_LITERAL T_SEMICOLON T_IDENTIFIER T_ASSIGN T_IDENTIFIER T_PLUS T_INTEGER_LITERAL T_SEMICOLON T_RIGHT_BRACE T_RETURN T_INTEGER_LITERAL T_SEMICOLON T_RIGHT_BRACE T_EOF 

State Stack: 0 8 8 9 16 18 23 50 118 118 118 118 118 118 118 118 118 118 118 118 118 118 118 118 118 118 113 
Symbol Stack: declaration declaration type_specifier T_IDENTIFIER T_LEFT_PAREN T_RIGHT_PAREN T_LEFT_BRACE statement statement statement statement statement statement statement statement statement statement statement statement statement statement statement statement statement statement expression_stmt 
Input Stack: T_INT T_IDENTIFIER T_ASSIGN T_IDENTIFIER T_LEFT_PAREN T_IDENTIFIER T_COMMA T_IDENTIFIER T_RIGHT_PAREN T_SEMICOLON T_LEFT_BRACE T_INT T_IDENTIFIER T_ASSIGN T_INTEGER_LITERAL T_SEMICOLON T_IDENTIFIER T_ASSIGN T_IDENTIFIER T_PLUS T_INTEGER_LITERAL T_SEMICOLON T_RIGHT_BRACE T_RETURN T_INTEGER_LITERAL T_SEMICOLON T_RIGHT_BRACE T_EOF 

State Stack: 0 8 8 9 16 18 23 50 118 118 118 118 118 118 118 118 118 118 118 118 118 118 118 118 118 118 118 
Symbol Stack: declaration declaration type_specifier T_IDENTIFIER T_LEFT_PAREN T_RIGHT_PAREN T_LEFT_BRACE statement statement statement statement statement statement statement statement statement statement statement statement statement statement statement statement statement statement statement 
Input Stack: T_INT T_IDENTIFIER T_ASSIGN T_IDENTIFIER T_LEFT_PAREN T_IDENTIFIER T_COMMA T_IDENTIFIER T_RIGHT_PAREN T_SEMICOLON T_LEFT_BRACE T_INT T_IDENTIFIER T_ASSIGN T_INTEGER_LITERAL T_SEMICOLON T_IDENTIFIER T_ASSIGN T_IDENTIFIER T_PLUS T_INTEGER_LITERAL T_SEMICOLON T_RIGHT_BRACE T_RETURN T_INTEGER_LITERAL T_SEMICOLON T_RIGHT_BRACE T_EOF 

State Stack: 0 8 8 9 16 18 23 50 118 118 118 118 118 118 118 118 118 118 118 118 118 118 118 118 118 118 118 3 
Symbol Stack: declaration declaration type_specifier T_IDENTIFIER T_LEFT_PAREN T_RIGHT_PAREN T_LEFT_BRACE statement statement statement statement statement statement statement statement statement statement statement statement statement statement statement statement statement statement statement T_INT 
Input Stack: T_IDENTIFIER T_ASSIGN T_IDENTIFIER T_LEFT_PAREN T_IDENTIFIER T_COMMA T_IDENTIFIER T_RIGHT_PAREN T_SEMICOLON T_LEFT_BRACE T_INT T_IDENTIFIER T_ASSIGN T_INTEGER_LITERAL T_SEMICOLON T_IDENTIFIER T_ASSIGN T_IDENTIFIER T_PLUS T_INTEGER_LITERAL T_SEMICOLON T_RIGHT_BRACE T_RETURN T_INTEGER_LITERAL T_SEMICOLON T_RIGHT_BRACE T_EOF 

State Stack: 0 8 8 9 16 18 23 50 118 118 118 118 118 118 118 118 118 118 118 118 118 118 118 118 118 118 118 14 
Symbol Stack: declaration declaration type_specifier T_IDENTIFIER T_LEFT_PAREN T_RIGHT_PAREN T_LEFT_BRACE statement statement statement statement statement statement statement statement statement statement statement statement statement statement statement statement statement statement statement simple_type 
Input Stack: T_IDENTIFIER T_ASSIGN T_IDENTIFIER T_LEFT_PAREN T_IDENTIFIER T_COMMA T_IDENTIFIER T_RIGHT_PAREN T_SEMICOLON T_LEFT_BRACE T_INT T_IDENTIFIER T_ASSIGN T_INTEGER_LITERAL T_SEMICOLON T_IDENTIFIER T_ASSIGN T_IDENTIFIER T_PLUS T_INTEGER_LITERAL T_SEMICOLON T_RIGHT_BRACE T_RETURN T_INTEGER_LITERAL T_SEMICOLON T_RIGHT_BRACE T_EOF 

State Stack: 0 8 8 9 16 18 23 50 118 118 118 118 118 118 118 118 118 118 118 118 118 118 118 118 118 118 118 119 
Symbol Stack: declaration declaration type_specifier T_IDENTIFIER T_LEFT_PAREN T_RIGHT_PAREN T_LEFT_BRACE statement statement statement statement statement statement statement statement statement statement statement statement statement statement statement statement statement statement statement type_specifier 
Input Stack: T_IDENTIFIER T_ASSIGN T_IDENTIFIER T_LEFT_PAREN T_IDENTIFIER T_COMMA T_IDENTIFIER T_RIGHT_PAREN T_SEMICOLON T_LEFT_BRACE T_INT T_IDENTIFIER T_ASSIGN T_INTEGER_LITERAL T_SEMICOLON T_IDENTIFIER T_ASSIGN T_IDENTIFIER T_PLUS T_INTEGER_LITERAL T_SEMICOLON T_RIGHT_BRACE T_RETURN T_INTEGER_LITERAL T_SEMICOLON T_RIGHT_BRACE T_EOF 

State Stack: 0 8 8 9 16 18 23 50 118 118 118 118 118 118 118 118 118 118 118 118 118 118 118 118 118 118 118 119 210 
Symbol Stack: declaration declaration type_specifier T_IDENTIFIER T_LEFT_PAREN T_RIGHT_PAREN T_LEFT_BRACE statement statement statement statement statement statement statement statement statement statement statement statement statement statement statement statement statement statement statement type_specifier T_IDENTIFIER 
Input Stack: T_ASSIGN T_IDENTIFIER T_LEFT_PAREN T_IDENTIFIER T_COMMA T_IDENTIFIER T_RIGHT_PAREN T_SEMICOLON T_LEFT_BRACE T_INT T_IDENTIFIER T_ASSIGN T_INTEGER_LITERAL T_SEMICOLON T_IDENTIFIER T_ASSIGN T_IDENTIFIER T_PLUS T_INTEGER_LITERAL T_SEMICOLON T_RIGHT_BRACE T_RETURN T_INTEGER_LITERAL T_SEMICOLON T_RIGHT_BRACE T_EOF 

State Stack: 0 8 8 9 16 18 23 50 118 118 118 118 118 118 118 118 118 118 118 118 118 118 118 118 118 118 118 119 210 19 
Symbol Stack: declaration declaration type_specifier T_IDENTIFIER T_LEFT_PAREN T_RIGHT_PAREN T_LEFT_BRACE statement statement statement statement statement statement statement statement statement statement statement statement statement statement statement statement statement statement statement type_specifier T_IDENTIFIER T_ASSIGN 
Input Stack: T_IDENTIFIER T_LEFT_PAREN T_IDENTIFIER T_COMMA T_IDENTIFIER T_RIGHT_PAREN T_SEMICOLON T_LEFT_BRACE T_INT T_IDENTIFIER T_ASSIGN T_INTEGER_LITERAL T_SEMICOLON T_IDENTIFIER T_ASSIGN T_IDENTIFIER T_PLUS T_INTEGER_LITERAL T_SEMICOLON T_RIGHT_BRACE T_RETURN T_INTEGER_LITERAL T_SEMICOLON T_RIGHT_BRACE T_EOF 

State Stack: 0 8 8 9 16 18 23 50 118 118 118 118 118 118 118 118 118 118 118 118 118 118 118 118 118 118 118 119 210 19 29 
Symbol Stack: declaration declaration type_specifier T_IDENTIFIER T_LEFT_PAREN T_RIGHT_PAREN T_LEFT_BRACE statement statement statement statement statement statement statement statement statement statement statement statement statement statement statement statement statement statement statement type_specifier T_IDENTIFIER T_ASSIGN T_IDENTIFIER 
Input Stack: T_LEFT_PAREN T_IDENTIFIER T_COMMA T_IDENTIFIER T_RIGHT_PAREN T_SEMICOLON T_LEFT_BRACE T_INT T_IDENTIFIER T_ASSIGN T_INTEGER_LITERAL T_SEMICOLON T_IDENTIFIER T_ASSIGN T_IDENTIFIER T_PLUS T_INTEGER_LITERAL T_SEMICOLON T_RIGHT_BRACE T_RETURN T_INTEGER_LITERAL T_SEMICOLON T_RIGHT_BRACE T_EOF 

State Stack: 0 8 8 9 16 18 23 50 118 118 118 118 118 118 118 118 118 118 118 118 118 118 118 118 118 118 118 119 210 19 29 55 
Symbol Stack: declaration declaration type_specifier T_IDENTIFIER T_LEFT_PAREN T_RIGHT_PAREN T_LEFT_BRACE statement statement statement statement statement statement statement statement statement statement statement statement statement statement statement statement statement statement statement type_specifier T_IDENTIFIER T_ASSIGN T_IDENTIFIER T_LEFT_PAREN 
Input Stack: T_IDENTIFIER T_COMMA T_IDENTIFIER T_RIGHT_PAREN T_SEMICOLON T_LEFT_BRACE T_INT T_IDENTIFIER T_ASSIGN T_INTEGER_LITERAL T_SEMICOLON T_IDENTIFIER T_ASSIGN T_IDENTIFIER T_PLUS T_INTEGER_LITERAL T_SEMICOLON T_RIGHT_BRACE T_RETURN T_INTEGER_LITERAL T_SEMICOLON T_RIGHT_BRACE T_EOF 

State Stack: 0 8 8 9 16 18 23 50 118 118 118 118 118 118 118 118 118 118 118 118 118 118 118 118 118 118 118 119 210 19 29 55 123 
Symbol Stack: declaration declaration type_specifier T_IDENTIFIER T_LEFT_PAREN T_RIGHT_PAREN T_LEFT_BRACE statement statement statement statement statement statement statement statement statement statement statement statement statement statement statement statement statement statement statement type_specifier T_IDENTIFIER T_ASSIGN T_IDENTIFIER T_LEFT_PAREN T_IDENTIFIER 
Input Stack: T_COMMA T_IDENTIFIER T_RIGHT_PAREN T_SEMICOLON T_LEFT_BRACE T_INT T_IDENTIFIER T_ASSIGN T_INTEGER_LITERAL T_SEMICOLON T_IDENTIFIER T_ASSIGN T_IDENTIFIER T_PLUS T_INTEGER_LITERAL T_SEMICOLON T_RIGHT_BRACE T_RETURN T_INTEGER_LITERAL T_SEMICOLON T_RIGHT_BRACE T_EOF 

State Stack: 0 8 8 9 16 18 23 50 118 118 118 118 118 118 118 118 118 118 118 118 118 118 118 118 118 118 118 119 210 19 29 55 139 
Symbol Stack: declaration declaration type_specifier T_IDENTIFIER T_LEFT_PAREN T_RIGHT_PAREN T_LEFT_BRACE statement statement statement statement statement statement statement statement statement statement statement statement statement statement statement statement statement statement statement type_specifier T_IDENTIFIER T_ASSIGN T_IDENTIFIER T_LEFT_PAREN var 
Input Stack: T_COMMA T_IDENTIFIER T_RIGHT_PAREN T_SEMICOLON T_LEFT_BRACE T_INT T_IDENTIFIER T_ASSIGN T_INTEGER_LITERAL T_SEMICOLON T_IDENTIFIER T_ASSIGN T_IDENTIFIER T_PLUS T_INTEGER_LITERAL T_SEMICOLON T_RIGHT_BRACE T_RETURN T_INTEGER_LITERAL T_SEMICOLON T_RIGHT_BRACE T_EOF 

State Stack: 0 8 8 9 16 18 23 50 118 118 118 118 118 118 118 118 118 118 118 118 118 118 118 118 118 118 118 119 210 19 29 55 142 
Symbol Stack: declaration declaration type_specifier T_IDENTIFIER T_LEFT_PAREN T_RIGHT_PAREN T_LEFT_BRACE statement statement statement statement statement statement statement statement statement statement statement statement statement statement statement statement statement statement statement type_specifier T_IDENTIFIER T_ASSIGN T_IDENTIFIER T_LEFT_PAREN factor 
Input Stack: T_COMMA T_IDENTIFIER T_RIGHT_PAREN T_SEMICOLON T_LEFT_BRACE T_INT T_IDENTIFIER T_ASSIGN T_INTEGER_LITERAL T_SEMICOLON T_IDENTIFIER T_ASSIGN T_IDENTIFIER T_PLUS T_INTEGER_LITERAL T_SEMICOLON T_RIGHT_BRACE T_RETURN T_INTEGER_LITERAL T_SEMICOLON T_RIGHT_BRACE T_EOF 

State Stack: 0 8 8 9 16 18 23 50 118 118 118 118 118 118 118 118 118 118 118 118 118 118 118 118 118 118 118 119 210 19 29 55 133 
Symbol Stack: declaration declaration type_specifier T_IDENTIFIER T_LEFT_PAREN T_RIGHT_PAREN T_LEFT_BRACE statement statement statement statement statement statement statement statement statement statement statement statement statement statement statement statement statement statement statement type_specifier T_IDENTIFIER T_ASSIGN T_IDENTIFIER T_LEFT_PAREN term 
Input Stack: T_COMMA T_IDENTIFIER T_RIGHT_PAREN T_SEMICOLON T_LEFT_BRACE T_INT T_IDENTIFIER T_ASSIGN T_INTEGER_LITERAL T_SEMICOLON T_IDENTIFIER T_ASSIGN T_IDENTIFIER T_PLUS T_INTEGER_LITERAL T_SEMICOLON T_RIGHT_BRACE T_RETURN T_INTEGER_LITERAL T_SEMICOLON T_RIGHT_BRACE T_EOF 

State Stack: 0 8 8 9 16 18 23 50 118 118 118 118 118 118 118 118 118 118 118 118 118 118 118 118 118 118 118 119 210 19 29 55 132 
Symbol Stack: declaration declaration type_specifier T_IDENTIFIER T_LEFT_PAREN T_RIGHT_PAREN T_LEFT_BRACE statement statement statement statement statement statement statement statement statement statement statement statement statement statement statement statement statement statement statement type_specifier T_IDENTIFIER T_ASSIGN T_IDENTIFIER T_LEFT_PAREN additive_expression 
Input Stack: T_COMMA T_IDENTIFIER T_RIGHT_PAREN T_SEMICOLON T_LEFT_BRACE T_INT T_IDENTIFIER T_ASSIGN T_INTEGER_LITERAL T_SEMICOLON T_IDENTIFIER T_ASSIGN T_IDENTIFIER T_PLUS T_INTEGER_LITERAL T_SEMICOLON T_RIGHT_BRACE T_RETURN T_INTEGER_LITERAL T_SEMICOLON T_RIGHT_BRACE T_EOF 

State Stack: 0 8 8 9 16 18 23 50 118 118 118 118 118 118 118 118 118 118 118 118 118 118 118 118 118 118 118 119 210 19 29 55 138 
Symbol Stack: declaration declaration type_specifier T_IDENTIFIER T_LEFT_PAREN T_RIGHT_PAREN T_LEFT_BRACE statement statement statement statement statement statement statement statement statement statement statement statement statement statement statement statement statement statement statement type_specifier T_IDENTIFIER T_ASSIGN T_IDENTIFIER T_LEFT_PAREN simple_expression 
Input Stack: T_COMMA T_IDENTIFIER T_RIGHT_PAREN T_SEMICOLON T_LEFT_BRACE T_INT T_IDENTIFIER T_ASSIGN T_INTEGER_LITERAL T_SEMICOLON T_IDENTIFIER T_ASSIGN T_IDENTIFIER T_PLUS T_INTEGER_LITERAL T_SEMICOLON T_RIGHT_BRACE T_RETURN T_INTEGER_LITERAL T_SEMICOLON T_RIGHT_BRACE T_EOF 

State Stack: 0 8 8 9 16 18 23 50 118 118 118 118 118 118 118 118 118 118 118 118 118 118 118 118 118 118 118 119 210 19 29 55 135 
Symbol Stack: declaration declaration type_specifier T_IDENTIFIER T_LEFT_PAREN T_RIGHT_PAREN T_LEFT_BRACE statement statement statement statement statement statement statement statement statement statement statement statement statement statement statement statement statement statement statement type_specifier T_IDENTIFIER T_ASSIGN T_IDENTIFIER T_LEFT_PAREN expression 
Input Stack: T_COMMA T_IDENTIFIER T_RIGHT_PAREN T_SEMICOLON T_LEFT_BRACE T_INT T_IDENTIFIER T_ASSIGN T_INTEGER_LITERAL T_SEMICOLON T_IDENTIFIER T_ASSIGN T_IDENTIFIER T_PLUS T_INTEGER_LITERAL T_SEMICOLON T_RIGHT_BRACE T_RETURN T_INTEGER_LITERAL T_SEMICOLON T_RIGHT_BRACE T_EOF 

State Stack: 0 8 8 9 16 18 23 50 118 118 118 118 118 118 118 118 118 118 118 118 118 118 118 118 118 118 118 119 210 19 29 55 134 
Symbol Stack: declaration declaration type_specifier T_IDENTIFIER T_LEFT_PAREN T_RIGHT_PAREN T_LEFT_BRACE statement statement statement statement statement statement statement statement statement statement statement statement statement statement statement statement statement statement statement type_specifier T_IDENTIFIER T_ASSIGN T_IDENTIFIER T_LEFT_PAREN arg_list 
Input Stack: T_COMMA T_IDENTIFIER T_RIGHT_PAREN T_SEMICOLON T_LEFT_BRACE T_INT T_IDENTIFIER T_ASSIGN T_INTEGER_LITERAL T_SEMICOLON T_IDENTIFIER T_ASSIGN T_IDENTIFIER T_PLUS T_INTEGER_LITERAL T_SEMICOLON T_RIGHT_BRACE T_RETURN T_INTEGER_LITERAL T_SEMICOLON T_RIGHT_BRACE T_EOF 

State Stack: 0 8 8 9 16 18 23 50 118 118 118 118 118 118 118 118 118 118 118 118 118 118 118 118 118 118 118 119 210 19 29 55 134 222 
Symbol Stack: declaration declaration type_specifier T_IDENTIFIER T_LEFT_PAREN T_RIGHT_PAREN T_LEFT_BRACE statement statement statement statement statement statement statement statement statement statement statement statement statement statement statement statement statement statement statement type_specifier T_IDENTIFIER T_ASSIGN T_IDENTIFIER T_LEFT_PAREN arg_list T_COMMA 
Input Stack: T_IDENTIFIER T_RIGHT_PAREN T_SEMICOLON T_LEFT_BRACE T_INT T_IDENTIFIER T_ASSIGN T_INTEGER_LITERAL T_SEMICOLON T_IDENTIFIER T_ASSIGN T_IDENTIFIER T_PLUS T_INTEGER_LITERAL T_SEMICOLON T_RIGHT_BRACE T_RETURN T_INTEGER_LITERAL T_SEMICOLON T_RIGHT_BRACE T_EOF 

State Stack: 0 8 8 9 16 18 23 50 118 118 118 118 118 118 118 118 118 118 118 118 118 118 118 118 118 118 118 119 210 19 29 55 134 222 123 
Symbol Stack: declaration declaration type_specifier T_IDENTIFIER T_LEFT_PAREN T_RIGHT_PAREN T_LEFT_BRACE statement statement statement statement statement statement statement statement statement statement statement statement statement statement statement statement statement statement statement type_specifier T_IDENTIFIER T_ASSIGN T_IDENTIFIER T_LEFT_PAREN arg_list T_COMMA T_IDENTIFIER 
Input Stack: T_RIGHT_PAREN T_SEMICOLON T_LEFT_BRACE T_INT T_IDENTIFIER T_ASSIGN T_INTEGER_LITERAL T_SEMICOLON T_IDENTIFIER T_ASSIGN T_IDENTIFIER T_PLUS T_INTEGER_LITERAL T_SEMICOLON T_RIGHT_BRACE T_RETURN T_INTEGER_LITERAL T_SEMICOLON T_RIGHT_BRACE T_EOF 

State Stack: 0 8 8 9 16 18 23 50 118 118 118 118 118 118 118 118 118 118 118 118 118 118 118 118 118 118 118 119 210 19 29 55 134 222 139 
Symbol Stack: declaration declaration type_specifier T_IDENTIFIER T_LEFT_PAREN T_RIGHT_PAREN T_LEFT_BRACE statement statement statement statement statement statement statement statement statement statement statement statement statement statement statement statement statement statement statement type_specifier T_IDENTIFIER T_ASSIGN T_IDENTIFIER T_LEFT_PAREN arg_list T_COMMA var 
Input Stack: T_RIGHT_PAREN T_SEMICOLON T_LEFT_BRACE T_INT T_IDENTIFIER T_ASSIGN T_INTEGER_LITERAL T_SEMICOLON T_IDENTIFIER T_ASSIGN T_IDENTIFIER T_PLUS T_INTEGER_LITERAL T_SEMICOLON T_RIGHT_BRACE T_RETURN T_INTEGER_LITERAL T_SEMICOLON T_RIGHT_BRACE T_EOF 

State Stack: 0 8 8 9 16 18 23 50 118 118 118 118 118 118 118 118 118 118 118 118 118 118 118 118 118 118 118 119 210 19 29 55 134 222 142 
Symbol Stack: declaration declaration type_specifier T_IDENTIFIER T_LEFT_PAREN T_RIGHT_PAREN T_LEFT_BRACE statement statement statement statement statement statement statement statement statement statement statement statement statement statement statement statement statement statement statement type_specifier T_IDENTIFIER T_ASSIGN T_IDENTIFIER T_LEFT_PAREN arg_list T_COMMA factor 
Input Stack: T_RIGHT_PAREN T_SEMICOLON T_LEFT_BRACE T_INT T_IDENTIFIER T_ASSIGN T_INTEGER_LITERAL T_SEMICOLON T_IDENTIFIER T_ASSIGN T_IDENTIFIER T_PLUS T_INTEGER_LITERAL T_SEMICOLON T_RIGHT_BRACE T_RETURN T_INTEGER_LITERAL T_SEMICOLON T_RIGHT_BRACE T_EOF 

State Stack: 0 8 8 9 16 18 23 50 118 118 118 118 118 118 118 118 118 118 118 118 118 118 118 118 118 118 118 119 210 19 29 55 134 222 133 
Symbol Stack: declaration declaration type_specifier T_IDENTIFIER T_LEFT_PAREN T_RIGHT_PAREN T_LEFT_BRACE statement statement statement statement statement statement statement statement statement statement statement statement statement statement statement statement statement statement statement type_specifier T_IDENTIFIER T_ASSIGN T_IDENTIFIER T_LEFT_PAREN arg_list T_COMMA term 
Input Stack: T_RIGHT_PAREN T_SEMICOLON T_LEFT_BRACE T_INT T_IDENTIFIER T_ASSIGN T_INTEGER_LITERAL T_SEMICOLON T_IDENTIFIER T_ASSIGN T_IDENTIFIER T_PLUS T_INTEGER_LITERAL T_SEMICOLON T_RIGHT_BRACE T_RETURN T_INTEGER_LITERAL T_SEMICOLON T_RIGHT_BRACE T_EOF 

State Stack: 0 8 8 9 16 18 23 50 118 118 118 118 118 118 118 118 118 118 118 118 118 118 118 118 118 118 118 119 210 19 29 55 134 222 132 
Symbol Stack: declaration declaration type_specifier T_IDENTIFIER T_LEFT_PAREN T_RIGHT_PAREN T_LEFT_BRACE statement statement statement statement statement statement statement statement statement statement statement statement statement statement statement statement statement statement statement type_specifier T_IDENTIFIER T_ASSIGN T_IDENTIFIER T_LEFT_PAREN arg_list T_COMMA additive_expression 
Input Stack: T_RIGHT_PAREN T_SEMICOLON T_LEFT_BRACE T_INT T_IDENTIFIER T_ASSIGN T_INTEGER_LITERAL T_SEMICOLON T_IDENTIFIER T_ASSIGN T_IDENTIFIER T_PLUS T_INTEGER_LITERAL T_SEMICOLON T_RIGHT_BRACE T_RETURN T_INTEGER_LITERAL T_SEMICOLON T_RIGHT_BRACE T_EOF 

State Stack: 0 8 8 9 16 18 23 50 118 118 118 118 118 118 118 118 118 118 118 118 118 118 118 118 118 118 118 119 210 19 29 55 134 222 138 
Symbol Stack: declaration declaration type_specifier T_IDENTIFIER T_LEFT_PAREN T_RIGHT_PAREN T_LEFT_BRACE statement statement statement statement statement statement statement statement statement statement statement statement statement statement statement statement statement statement statement type_specifier T_IDENTIFIER T_ASSIGN T_IDENTIFIER T_LEFT_PAREN arg_list T_COMMA simple_expression 
Input Stack: T_RIGHT_PAREN T_SEMICOLON T_LEFT_BRACE T_INT T_IDENTIFIER T_ASSIGN T_INTEGER_LITERAL T_SEMICOLON T_IDENTIFIER T_ASSIGN T_IDENTIFIER T_PLUS T_INTEGER_LITERAL T_SEMICOLON T_RIGHT_BRACE T_RETURN T_INTEGER_LITERAL T_SEMICOLON T_RIGHT_BRACE T_EOF 

State Stack: 0 8 8 9 16 18 23 50 118 118 118 118 118 118 118 118 118 118 118 118 118 118 118 118 118 118 118 119 210 19 29 55 134 222 325 
Symbol Stack: declaration declaration type_specifier T_IDENTIFIER T_LEFT_PAREN T_RIGHT_PAREN T_LEFT_BRACE statement statement statement statement statement statement statement statement statement statement statement statement statement statement statement statement statement statement statement type_specifier T_IDENTIFIER T_ASSIGN T_IDENTIFIER T_LEFT_PAREN arg_list T_COMMA expression 
Input Stack: T_RIGHT_PAREN T_SEMICOLON T_LEFT_BRACE T_INT T_IDENTIFIER T_ASSIGN T_INTEGER_LITERAL T_SEMICOLON T_IDENTIFIER T_ASSIGN T_IDENTIFIER T_PLUS T_INTEGER_LITERAL T_SEMICOLON T_RIGHT_BRACE T_RETURN T_INTEGER_LITERAL T_SEMICOLON T_RIGHT_BRACE T_EOF 

State Stack: 0 8 8 9 16 18 23 50 118 118 118 118 118 118 118 118 118 118 118 118 118 118 118 118 118 118 118 119 210 19 29 55 134 
Symbol Stack: declaration declaration type_specifier T_IDENTIFIER T_LEFT_PAREN T_RIGHT_PAREN T_LEFT_BRACE statement statement statement statement statement statement statement statement statement statement statement statement statement statement statement statement statement statement statement type_specifier T_IDENTIFIER T_ASSIGN T_IDENTIFIER T_LEFT_PAREN arg_list 
Input Stack: T_RIGHT_PAREN T_SEMICOLON T_LEFT_BRACE T_INT T_IDENTIFIER T_ASSIGN T_INTEGER_LITERAL T_SEMICOLON T_IDENTIFIER T_ASSIGN T_IDENTIFIER T_PLUS T_INTEGER_LITERAL T_SEMICOLON T_RIGHT_BRACE T_RETURN T_INTEGER_LITERAL T_SEMICOLON T_RIGHT_BRACE T_EOF 

State Stack: 0 8 8 9 16 18 23 50 118 118 118 118 118 118 118 118 118 118 118 118 118 118 118 118 118 118 118 119 210 19 29 55 136 
Symbol Stack: declaration declaration type_specifier T_IDENTIFIER T_LEFT_PAREN T_RIGHT_PAREN T_LEFT_BRACE statement statement statement statement statement statement statement statement statement statement statement statement statement statement statement statement statement statement statement type_specifier T_IDENTIFIER T_ASSIGN T_IDENTIFIER T_LEFT_PAREN args 
Input Stack: T_RIGHT_PAREN T_SEMICOLON T_LEFT_BRACE T_INT T_IDENTIFIER T_ASSIGN T_INTEGER_LITERAL T_SEMICOLON T_IDENTIFIER T_ASSIGN T_IDENTIFIER T_PLUS T_INTEGER_LITERAL T_SEMICOLON T_RIGHT_BRACE T_RETURN T_INTEGER_LITERAL T_SEMICOLON T_RIGHT_BRACE T_EOF 

State Stack: 0 8 8 9 16 18 23 50 118 118 118 118 118 118 118 118 118 118 118 118 118 118 118 118 118 118 118 119 210 19 29 55 136 223 
Symbol Stack: declaration declaration type_specifier T_IDENTIFIER T_LEFT_PAREN T_RIGHT_PAREN T_LEFT_BRACE statement statement statement statement statement statement statement statement statement statement statement statement statement statement statement statement statement statement statement type_specifier T_IDENTIFIER T_ASSIGN T_IDENTIFIER T_LEFT_PAREN args T_RIGHT_PAREN 
Input Stack: T_SEMICOLON T_LEFT_BRACE T_INT T_IDENTIFIER T_ASSIGN T_INTEGER_LITERAL T_SEMICOLON T_IDENTIFIER T_ASSIGN T_IDENTIFIER T_PLUS T_INTEGER_LITERAL T_SEMICOLON T_RIGHT_BRACE T_RETURN T_INTEGER_LITERAL T_SEMICOLON T_RIGHT_BRACE T_EOF 

State Stack: 0 8 8 9 16 18 23 50 118 118 118 118 118 118 118 118 118 118 118 118 118 118 118 118 118 118 118 119 210 19 44 
Symbol Stack: declaration declaration type_specifier T_IDENTIFIER T_LEFT_PAREN T_RIGHT_PAREN T_LEFT_BRACE statement statement statement statement statement statement statement statement statement statement statement statement statement statement statement statement statement statement statement type_specifier T_IDENTIFIER T_ASSIGN call 
Input Stack: T_SEMICOLON T_LEFT_BRACE T_INT T_IDENTIFIER T_ASSIGN T_INTEGER_LITERAL T_SEMICOLON T_IDENTIFIER T_ASSIGN T_IDENTIFIER T_PLUS T_INTEGER_LITERAL T_SEMICOLON T_RIGHT_BRACE T_RETURN T_INTEGER_LITERAL T_SEMICOLON T_RIGHT_BRACE T_EOF 

State Stack: 0 8 8 9 16 18 23 50 118 118 118 118 118 118 118 118 118 118 118 118 118 118 118 118 118 118 118 119 210 19 47 
Symbol Stack: declaration declaration type_specifier T_IDENTIFIER T_LEFT_PAREN T_RIGHT_PAREN T_LEFT_BRACE statement statement statement statement statement statement statement statement statement statement statement statement statement statement statement statement statement statement statement type_specifier T_IDENTIFIER T_ASSIGN factor 
Input Stack: T_SEMICOLON T_LEFT_BRACE T_INT T_IDENTIFIER T_ASSIGN T_INTEGER_LITERAL T_SEMICOLON T_IDENTIFIER T_ASSIGN T_IDENTIFIER T_PLUS T_INTEGER_LITERAL T_SEMICOLON T_RIGHT_BRACE T_RETURN T_INTEGER_LITERAL T_SEMICOLON T_RIGHT_BRACE T_EOF 

State Stack: 0 8 8 9 16 18 23 50 118 118 118 118 118 118 118 118 118 118 118 118 118 118 118 118 118 118 118 119 210 19 40 
Symbol Stack: declaration declaration type_specifier T_IDENTIFIER T_LEFT_PAREN T_RIGHT_PAREN T_LEFT_BRACE statement statement statement statement statement statement statement statement statement statement statement statement statement statement statement statement statement statement statement type_specifier T_IDENTIFIER T_ASSIGN term 
Input Stack: T_SEMICOLON T_LEFT_BRACE T_INT T_IDENTIFIER T_ASSIGN T_INTEGER_LITERAL T_SEMICOLON T_IDENTIFIER T_ASSIGN T_IDENTIFIER T_PLUS T_INTEGER_LITERAL T_SEMICOLON T_RIGHT_BRACE T_RETURN T_INTEGER_LITERAL T_SEMICOLON T_RIGHT_BRACE T_EOF 

State Stack: 0 8 8 9 16 18 23 50 118 118 118 118 118 118 118 118 118 118 118 118 118 118 118 118 118 118 118 119 210 19 39 
Symbol Stack: declaration declaration type_specifier T_IDENTIFIER T_LEFT_PAREN T_RIGHT_PAREN T_LEFT_BRACE statement statement statement statement statement statement statement statement statement statement statement statement statement statement statement statement statement statement statement type_specifier T_IDENTIFIER T_ASSIGN additive_expression 
Input Stack: T_SEMICOLON T_LEFT_BRACE T_INT T_IDENTIFIER T_ASSIGN T_INTEGER_LITERAL T_SEMICOLON T_IDENTIFIER T_ASSIGN T_IDENTIFIER T_PLUS T_INTEGER_LITERAL T_SEMICOLON T_RIGHT_BRACE T_RETURN T_INTEGER_LITERAL T_SEMICOLON T_RIGHT_BRACE T_EOF 

State Stack: 0 8 8 9 16 18 23 50 118 118 118 118 118 118 118 118 118 118 118 118 118 118 118 118 118 118 118 119 210 19 42 
Symbol Stack: declaration declaration type_specifier T_IDENTIFIER T_LEFT_PAREN T_RIGHT_PAREN T_LEFT_BRACE statement statement statement statement statement statement statement statement statement statement statement statement statement statement statement statement statement statement statement type_specifier T_IDENTIFIER T_ASSIGN simple_expression 
Input Stack: T_SEMICOLON T_LEFT_BRACE T_INT T_IDENTIFIER T_ASSIGN T_INTEGER_LITERAL T_SEMICOLON T_IDENTIFIER T_ASSIGN T_IDENTIFIER T_PLUS T_INTEGER_LITERAL T_SEMICOLON T_RIGHT_BRACE T_RETURN T_INTEGER_LITERAL T_SEMICOLON T_RIGHT_BRACE T_EOF 

State Stack: 0 8 8 9 16 18 23 50 118 118 118 118 118 118 118 118 118 118 118 118 118 118 118 118 118 118 118 119 210 19 46 
Symbol Stack: declaration declaration type_specifier T_IDENTIFIER T_LEFT_PAREN T_RIGHT_PAREN T_LEFT_BRACE statement statement statement statement statement statement statement statement statement statement statement statement statement statement statement statement statement statement statement type_specifier T_IDENTIFIER T_ASSIGN expression 
Input Stack: T_SEMICOLON T_LEFT_BRACE T_INT T_IDENTIFIER T_ASSIGN T_INTEGER_LITERAL T_SEMICOLON T_IDENTIFIER T_ASSIGN T_IDENTIFIER T_PLUS T_INTEGER_LITERAL T_SEMICOLON T_RIGHT_BRACE T_RETURN T_INTEGER_LITERAL T_SEMICOLON T_RIGHT_BRACE T_EOF 

State Stack: 0 8 8 9 16 18 23 50 118 118 118 118 118 118 118 118 118 118 118 118 118 118 118 118 118 118 118 119 210 299 
Symbol Stack: declaration declaration type_specifier T_IDENTIFIER T_LEFT_PAREN T_RIGHT_PAREN T_LEFT_BRACE statement statement statement statement statement statement statement statement statement statement statement statement statement statement statement statement statement statement statement type_specifier T_IDENTIFIER opt_init 
Input Stack: T_SEMICOLON T_LEFT_BRACE T_INT T_IDENTIFIER T_ASSIGN T_INTEGER_LITERAL T_SEMICOLON T_IDENTIFIER T_ASSIGN T_IDENTIFIER T_PLUS T_INTEGER_LITERAL T_SEMICOLON T_RIGHT_BRACE T_RETURN T_INTEGER_LITERAL T_SEMICOLON T_RIGHT_BRACE T_EOF 

State Stack: 0 8 8 9 16 18 23 50 118 118 118 118 118 118 118 118 118 118 118 118 118 118 118 118 118 118 118 119 210 299 388 
Symbol Stack: declaration declaration type_specifier T_IDENTIFIER T_LEFT_PAREN T_RIGHT_PAREN T_LEFT_BRACE statement statement statement statement statement statement statement statement statement statement statement statement statement statement statement statement statement statement statement type_specifier T_IDENTIFIER opt_init T_SEMICOLON 
Input Stack: T_LEFT_BRACE T_INT T_IDENTIFIER T_ASSIGN T_INTEGER_LITERAL T_SEMICOLON T_IDENTIFIER T_ASSIGN T_IDENTIFIER T_PLUS T_INTEGER_LITERAL T_SEMICOLON T_RIGHT_BRACE T_RETURN T_INTEGER_LITERAL T_SEMICOLON T_RIGHT_BRACE T_EOF 

State Stack: 0 8 8 9 16 18 23 50 118 118 118 118 118 118 118 118 118 118 118 118 118 118 118 118 118 118 118 117 
Symbol Stack: declaration declaration type_specifier T_IDENTIFIER T_LEFT_PAREN T_RIGHT_PAREN T_LEFT_BRACE statement statement statement statement statement statement statement statement statement statement statement statement statement statement statement statement statement statement statement var_declaration 
Input Stack: T_LEFT_BRACE T_INT T_IDENTIFIER T_ASSIGN T_INTEGER_LITERAL T_SEMICOLON T_IDENTIFIER T_ASSIGN T_IDENTIFIER T_PLUS T_INTEGER_LITERAL T_SEMICOLON T_RIGHT_BRACE T_RETURN T_INTEGER_LITERAL T_SEMICOLON T_RIGHT_BRACE T_EOF 

State Stack: 0 8 8 9 16 18 23 50 118 118 118 118 118 118 118 118 118 118 118 118 118 118 118 118 118 118 118 118 
Symbol Stack: declaration declaration type_specifier T_IDENTIFIER T_LEFT_PAREN T_RIGHT_PAREN T_LEFT_BRACE statement statement statement statement statement statement statement statement statement statement statement statement statement statement statement statement statement statement statement statement 
Input Stack: T_LEFT_BRACE T_INT T_IDENTIFIER T_ASSIGN T_INTEGER_LITERAL T_SEMICOLON T_IDENTIFIER T_ASSIGN T_IDENTIFIER T_PLUS T_INTEGER_LITERAL T_SEMICOLON T_RIGHT_BRACE T_RETURN T_INTEGER_LITERAL T_SEMICOLON T_RIGHT_BRACE T_EOF 

State Stack: 0 8 8 9 16 18 23 50 118 118 118 118 118 118 118 118 118 118 118 118 118 118 118 118 118 118 118 118 103 
Symbol Stack: declaration declaration type_specifier T_IDENTIFIER T_LEFT_PAREN T_RIGHT_PAREN T_LEFT_BRACE statement statement statement statement statement statement statement statement statement statement statement statement statement statement statement statement statement statement statement statement T_LEFT_BRACE 
Input Stack: T_INT T_IDENTIFIER T_ASSIGN T_INTEGER_LITERAL T_SEMICOLON T_IDENTIFIER T_ASSIGN T_IDENTIFIER T_PLUS T_INTEGER_LITERAL T_SEMICOLON T_RIGHT_BRACE T_RETURN T_INTEGER_LITERAL T_SEMICOLON T_RIGHT_BRACE T_EOF 

State Stack: 0 8 8 9 16 18 23 50 118 118 118 118 118 118 118 118 118 118 118 118 118 118 118 118 118 118 118 118 103 3 
Symbol Stack: declaration declaration type_specifier T_IDENTIFIER T_LEFT_PAREN T_RIGHT_PAREN T_LEFT_BRACE statement statement statement statement statement statement statement statement statement statement statement statement statement statement statement statement statement statement statement statement T_LEFT_BRACE T_INT 
Input Stack: T_IDENTIFIER T_ASSIGN T_INTEGER_LITERAL T_SEMICOLON T_IDENTIFIER T_ASSIGN T_IDENTIFIER T_PLUS T_INTEGER_LITERAL T_SEMICOLON T_RIGHT_BRACE T_RETURN T_INTEGER_LITERAL T_SEMICOLON T_RIGHT_BRACE T_EOF 

State Stack: 0 8 8 9 16 18 23 50 118 118 118 118 118 118 118 118 118 118 118 118 118 118 118 118 118 118 118 118 103 14 
Symbol Stack: declaration declaration type_specifier T_IDENTIFIER T_LEFT_PAREN T_RIGHT_PAREN T_LEFT_BRACE statement statement statement statement statement statement statement statement statement statement statement statement statement statement statement statement statement statement statement statement T_LEFT_BRACE simple_type 
Input Stack: T_IDENTIFIER T_ASSIGN T_INTEGER_LITERAL T_SEMICOLON T_IDENTIFIER T_ASSIGN T_IDENTIFIER T_PLUS T_INTEGER_LITERAL T_SEMICOLON T_RIGHT_BRACE T_RETURN T_INTEGER_LITERAL T_SEMICOLON T_RIGHT_BRACE T_EOF 

State Stack: 0 8 8 9 16 18 23 50 118 118 118 118 118 118 118 118 118 118 118 118 118 118 118 118 118 118 118 118 103 119 
Symbol Stack: declaration declaration type_specifier T_IDENTIFIER T_LEFT_PAREN T_RIGHT_PAREN T_LEFT_BRACE statement statement statement statement statement statement statement statement statement statement statement statement statement statement statement statement statement statement statement statement T_LEFT_BRACE type_specifier 
Input Stack: T_IDENTIFIER T_ASSIGN T_INTEGER_LITERAL T_SEMICOLON T_IDENTIFIER T_ASSIGN T_IDENTIFIER T_PLUS T_INTEGER_LITERAL T_SEMICOLON T_RIGHT_BRACE T_RETURN T_INTEGER_LITERAL T_SEMICOLON T_RIGHT_BRACE T_EOF 

State Stack: 0 8 8 9 16 18 23 50 118 118 118 118 118 118 118 118 118 118 118 118 118 118 118 118 118 118 118 118 103 119 210 
Symbol Stack: declaration declaration type_specifier T_IDENTIFIER T_LEFT_PAREN T_RIGHT_PAREN T_LEFT_BRACE statement statement statement statement statement statement statement statement statement statement statement statement statement statement statement statement statement statement statement statement T_LEFT_BRACE type_specifier T_IDENTIFIER 
Input Stack: T_ASSIGN T_INTEGER_LITERAL T_SEMICOLON T_IDENTIFIER T_ASSIGN T_IDENTIFIER T_PLUS T_INTEGER_LITERAL T_SEMICOLON T_RIGHT_BRACE T_RETURN T_INTEGER_LITERAL T_SEMICOLON T_RIGHT_BRACE T_EOF 

State Stack: 0 8 8 9 16 18 23 50 118 118 118 118 118 118 118 118 118 118 118 118 118 118 118 118 118 118 118 118 103 119 210 19 
Symbol Stack: declaration declaration type_specifier T_IDENTIFIER T_LEFT_PAREN T_RIGHT_PAREN T_LEFT_BRACE statement statement statement statement statement statement statement statement statement statement statement statement statement statement statement statement statement statement statement statement T_LEFT_BRACE type_specifier T_IDENTIFIER T_ASSIGN 
Input Stack: T_INTEGER_LITERAL T_SEMICOLON T_IDENTIFIER T_ASSIGN T_IDENTIFIER T_PLUS T_INTEGER_LITERAL T_SEMICOLON T_RIGHT_BRACE T_RETURN T_INTEGER_LITERAL T_SEMICOLON T_RIGHT_BRACE T_EOF 

State Stack: 0 8 8 9 16 18 23 50 118 118 118 118 118 118 118 118 118 118 118 118 118 118 118 118 118 118 118 118 103 119 210 19 33 
Symbol Stack: declaration declaration type_specifier T_IDENTIFIER T_LEFT_PAREN T_RIGHT_PAREN T_LEFT_BRACE statement statement statement statement statement statement statement statement statement statement statement statement statement statement statement statement statement statement statement statement T_LEFT_BRACE type_specifier T_IDENTIFIER T_ASSIGN T_INTEGER_LITERAL 
Input Stack: T_SEMICOLON T_IDENTIFIER T_ASSIGN T_IDENTIFIER T_PLUS T_INTEGER_LITERAL T_SEMICOLON T_RIGHT_BRACE T_RETURN T_INTEGER_LITERAL T_SEMICOLON T_RIGHT_BRACE T_EOF 

State Stack: 0 8 8 9 16 18 23 50 118 118 118 118 118 118 118 118 118 118 118 118 118 118 118 118 118 118 118 118 103 119 210 19 47 
Symbol Stack: declaration declaration type_specifier T_IDENTIFIER T_LEFT_PAREN T_RIGHT_PAREN T_LEFT_BRACE statement statement statement statement statement statement statement statement statement statement statement statement statement statement statement statement statement statement statement statement T_LEFT_BRACE type_specifier T_IDENTIFIER T_ASSIGN factor 
Input Stack: T_SEMICOLON T_IDENTIFIER T_ASSIGN T_IDENTIFIER T_PLUS T_INTEGER_LITERAL T_SEMICOLON T_RIGHT_BRACE T_RETURN T_INTEGER_LITERAL T_SEMICOLON T_RIGHT_BRACE T_EOF 

State Stack: 0 8 8 9 16 18 23 50 118 118 118 118 118 118 118 118 118 118 118 118 118 118 118 118 118 118 118 118 103 119 210 19 40 
Symbol Stack: declaration declaration type_specifier T_IDENTIFIER T_LEFT_PAREN T_RIGHT_PAREN T_LEFT_BRACE statement statement statement statement statement statement statement statement statement statement statement statement statement statement statement statement statement statement statement statement T_LEFT_BRACE type_specifier T_IDENTIFIER T_ASSIGN term 
Input Stack: T_SEMICOLON T_IDENTIFIER T_ASSIGN T_IDENTIFIER T_PLUS T_INTEGER_LITERAL T_SEMICOLON T_RIGHT_BRACE T_RETURN T_INTEGER_LITERAL T_SEMICOLON T_RIGHT_BRACE T_EOF 

State Stack: 0 8 8 9 16 18 23 50 118 118 118 118 118 118 118 118 118 118 118 118 118 118 118 118 118 118 118 118 103 119 210 19 39 
Symbol Stack: declaration declaration type_specifier T_IDENTIFIER T_LEFT_PAREN T_RIGHT_PAREN T_LEFT_BRACE statement statement statement statement statement statement statement statement statement statement statement statement statement statement statement statement statement statement statement statement T_LEFT_BRACE type_specifier T_IDENTIFIER T_ASSIGN additive_expression 
Input Stack: T_SEMICOLON T_IDENTIFIER T_ASSIGN T_IDENTIFIER T_PLUS T_INTEGER_LITERAL T_SEMICOLON T_RIGHT_BRACE T_RETURN T_INTEGER_LITERAL T_SEMICOLON T_RIGHT_BRACE T_EOF 

State Stack: 0 8 8 9 16 18 23 50 118 118 118 118 118 118 118 118 118 118 118 118 118 118 118 118 118 118 118 118 103 119 210 19 42 
Symbol Stack: declaration declaration type_specifier T_IDENTIFIER T_LEFT_PAREN T_RIGHT_PAREN T_LEFT_BRACE statement statement statement statement statement statement statement statement statement statement statement statement statement statement statement statement statement statement statement statement T_LEFT_BRACE type_specifier T_IDENTIFIER T_ASSIGN simple_expression 
Input Stack: T_SEMICOLON T_IDENTIFIER T_ASSIGN T_IDENTIFIER T_PLUS T_INTEGER_LITERAL T_SEMICOLON T_RIGHT_BRACE T_RETURN T_INTEGER_LITERAL T_SEMICOLON T_RIGHT_BRACE T_EOF 

State Stack: 0 8 8 9 16 18 23 50 118 118 118 118 118 118 118 118 118 118 118 118 118 118 118 118 118 118 118 118 103 119 210 19 46 
Symbol Stack: declaration declaration type_specifier T_IDENTIFIER T_LEFT_PAREN T_RIGHT_PAREN T_LEFT_BRACE statement statement statement statement statement statement statement statement statement statement statement statement statement statement statement statement statement statement statement statement T_LEFT_BRACE type_specifier T_IDENTIFIER T_ASSIGN expression 
Input Stack: T_SEMICOLON T_IDENTIFIER T_ASSIGN T_IDENTIFIER T_PLUS T_INTEGER_LITERAL T_SEMICOLON T_RIGHT_BRACE T_RETURN T_INTEGER_LITERAL T_SEMICOLON T_RIGHT_BRACE T_EOF 

State Stack: 0 8 8 9 16 18 23 50 118 118 118 118 118 118 118 118 118 118 118 118 118 118 118 118 118 118 118 118 103 119 210 299 
Symbol Stack: declaration declaration type_specifier T_IDENTIFIER T_LEFT_PAREN T_RIGHT_PAREN T_LEFT_BRACE statement statement statement statement statement statement statement statement statement statement statement statement statement statement statement statement statement statement statement statement T_LEFT_BRACE type_specifier T_IDENTIFIER opt_init 
Input Stack: T_SEMICOLON T_IDENTIFIER T_ASSIGN T_IDENTIFIER T_PLUS T_INTEGER_LITERAL T_SEMICOLON T_RIGHT_BRACE T_RETURN T_INTEGER_LITERAL T_SEMICOLON T_RIGHT_BRACE T_EOF 

State Stack: 0 8 8 9 16 18 23 50 118 118 118 118 118 118 118 118 118 118 118 118 118 118 118 118 118 118 118 118 103 119 210 299 388 
Symbol Stack: declaration declaration type_specifier T_IDENTIFIER T_LEFT_PAREN T_RIGHT_PAREN T_LEFT_BRACE statement statement statement statement statement statement statement statement statement statement statement statement statement statement statement statement statement statement statement statement T_LEFT_BRACE type_specifier T_IDENTIFIER opt_init T_SEMICOLON 
Input Stack: T_IDENTIFIER T_ASSIGN T_IDENTIFIER T_PLUS T_INTEGER_LITERAL T_SEMICOLON T_RIGHT_BRACE T_RETURN T_INTEGER_LITERAL T_SEMICOLON T_RIGHT_BRACE T_EOF 

State Stack: 0 8 8 9 16 18 23 50 118 118 118 118 118 118 118 118 118 118 118 118 118 118 118 118 118 118 118 118 103 117 
Symbol Stack: declaration declaration type_specifier T_IDENTIFIER T_LEFT_PAREN T_RIGHT_PAREN T_LEFT_BRACE statement statement statement statement statement statement statement statement statement statement statement statement statement statement statement statement statement statement statement statement T_LEFT_BRACE var_declaration 
Input Stack: T_IDENTIFIER T_ASSIGN T_IDENTIFIER T_PLUS T_INTEGER_LITERAL T_SEMICOLON T_RIGHT_BRACE T_RETURN T_INTEGER_LITERAL T_SEMICOLON T_RIGHT_BRACE T_EOF 

State Stack: 0 8 8 9 16 18 23 50 118 118 118 118 118 118 118 118 118 118 118 118 118 118 118 118 118 118 118 118 103 118 
Symbol Stack: declaration declaration type_specifier T_IDENTIFIER T_LEFT_PAREN T_RIGHT_PAREN T_LEFT_BRACE statement statement statement statement statement statement statement statement statement statement statement statement statement statement statement statement statement statement statement statement T_LEFT_BRACE statement 
Input Stack: T_IDENTIFIER T_ASSIGN T_IDENTIFIER T_PLUS T_INTEGER_LITERAL T_SEMICOLON T_RIGHT_BRACE T_RETURN T_INTEGER_LITERAL T_SEMICOLON T_RIGHT_BRACE T_EOF 

State Stack: 0 8 8 9 16 18 23 50 118 118 118 118 118 118 118 118 118 118 118 118 118 118 118 118 118 118 118 118 103 118 29 
Symbol Stack: declaration declaration type_specifier T_IDENTIFIER T_LEFT_PAREN T_RIGHT_PAREN T_LEFT_BRACE statement statement statement statement statement statement statement statement statement statement statement statement statement statement statement statement statement statement statement statement T_LEFT_BRACE statement T_IDENTIFIER 
Input Stack: T_ASSIGN T_IDENTIFIER T_PLUS T_INTEGER_LITERAL T_SEMICOLON T_RIGHT_BRACE T_RETURN T_INTEGER_LITERAL T_SEMICOLON T_RIGHT_BRACE T_EOF 

State Stack: 0 8 8 9 16 18 23 50 118 118 118 118 118 118 118 118 118 118 118 118 118 118 118 118 118 118 118 118 103 118 43 
Symbol Stack: declaration declaration type_specifier T_IDENTIFIER T_LEFT_PAREN T_RIGHT_PAREN T_LEFT_BRACE statement statement statement statement statement statement statement statement statement statement statement statement statement statement statement statement statement statement statement statement T_LEFT_BRACE statement var 
Input Stack: T_ASSIGN T_IDENTIFIER T_PLUS T_INTEGER_LITERAL T_SEMICOLON T_RIGHT_BRACE T_RETURN T_INTEGER_LITERAL T_SEMICOLON T_RIGHT_BRACE T_EOF 

State Stack: 0 8 8 9 16 18 23 50 118 118 118 118 118 118 118 118 118 118 118 118 118 118 118 118 118 118 118 118 103 118 43 96 
Symbol Stack: declaration declaration type_specifier T_IDENTIFIER T_LEFT_PAREN T_RIGHT_PAREN T_LEFT_BRACE statement statement statement statement statement statement statement statement statement statement statement statement statement statement statement statement statement statement statement statement T_LEFT_BRACE statement var T_ASSIGN 
Input Stack: T_IDENTIFIER T_PLUS T_INTEGER_LITERAL T_SEMICOLON T_RIGHT_BRACE T_RETURN T_INTEGER_LITERAL T_SEMICOLON T_RIGHT_BRACE T_EOF 

State Stack: 0 8 8 9 16 18 23 50 118 118 118 118 118 118 118 118 118 118 118 118 118 118 118 118 118 118 118 118 103 118 43 96 29 
Symbol Stack: declaration declaration type_specifier T_IDENTIFIER T_LEFT_PAREN T_RIGHT_PAREN T_LEFT_BRACE statement statement statement statement statement statement statement statement statement statement statement statement statement statement statement statement statement statement statement statement T_LEFT_BRACE statement var T_ASSIGN T_IDENTIFIER 
Input Stack: T_PLUS T_INTEGER_LITERAL T_SEMICOLON T_RIGHT_BRACE T_RETURN T_INTEGER_LITERAL T_SEMICOLON T_RIGHT_BRACE T_EOF 

State Stack: 0 8 8 9 16 18 23 50 118 118 118 118 118 118 118 118 118 118 118 118 118 118 118 118 118 118 118 118 103 118 43 96 43 
Symbol Stack: declaration declaration type_specifier T_IDENTIFIER T_LEFT_PAREN T_RIGHT_PAREN T_LEFT_BRACE statement statement statement statement statement statement statement statement statement statement statement statement statement statement statement statement statement statement statement statement T_LEFT_BRACE statement var T_ASSIGN var 
Input Stack: T_PLUS T_INTEGER_LITERAL T_SEMICOLON T_RIGHT_BRACE T_RETURN T_INTEGER_LITERAL T_SEMICOLON T_RIGHT_BRACE T_EOF 

State Stack: 0 8 8 9 16 18 23 50 118 118 118 118 118 118 118 118 118 118 118 118 118 118 118 118 118 118 118 118 103 118 43 96 47 
Symbol Stack: declaration declaration type_specifier T_IDENTIFIER T_LEFT_PAREN T_RIGHT_PAREN T_LEFT_BRACE statement statement statement statement statement statement statement statement statement statement statement statement statement statement statement statement statement statement statement statement T_LEFT_BRACE statement var T_ASSIGN factor 
Input Stack: T_PLUS T_INTEGER_LITERAL T_SEMICOLON T_RIGHT_BRACE T_RETURN T_INTEGER_LITERAL T_SEMICOLON T_RIGHT_BRACE T_EOF 

State Stack: 0 8 8 9 16 18 23 50 118 118 118 118 118 118 118 118 118 118 118 118 118 118 118 118 118 118 118 118 103 118 43 96 40 
Symbol Stack: declaration declaration type_specifier T_IDENTIFIER T_LEFT_PAREN T_RIGHT_PAREN T_LEFT_BRACE statement statement statement statement statement statement statement statement statement statement statement statement statement statement statement statement statement statement statement statement T_LEFT_BRACE statement var T_ASSIGN term 
Input Stack: T_PLUS T_INTEGER_LITERAL T_SEMICOLON T_RIGHT_BRACE T_RETURN T_INTEGER_LITERAL T_SEMICOLON T_RIGHT_BRACE T_EOF 

State Stack: 0 8 8 9 16 18 23 50 118 118 118 118 118 118 118 118 118 118 118 118 118 118 118 118 118 118 118 118 103 118 43 96 39 
Symbol Stack: declaration declaration type_specifier T_IDENTIFIER T_LEFT_PAREN T_RIGHT_PAREN T_LEFT_BRACE statement statement statement statement statement statement statement statement statement statement statement statement statement statement statement statement statement statement statement statement T_LEFT_BRACE statement var T_ASSIGN additive_expression 
Input Stack: T_PLUS T_INTEGER_LITERAL T_SEMICOLON T_RIGHT_BRACE T_RETURN T_INTEGER_LITERAL T_SEMICOLON T_RIGHT_BRACE T_EOF 

State Stack: 0 8 8 9 16 18 23 50 118 118 118 118 118 118 118 118 118 118 118 118 118 118 118 118 118 118 118 118 103 118 43 96 39 79 
Symbol Stack: declaration declaration type_specifier T_IDENTIFIER T_LEFT_PAREN T_RIGHT_PAREN T_LEFT_BRACE statement statement statement statement statement statement statement statement statement statement statement statement statement statement statement statement statement statement statement statement T_LEFT_BRACE statement var T_ASSIGN additive_expression T_PLUS 
Input Stack: T_INTEGER_LITERAL T_SEMICOLON T_RIGHT_BRACE T_RETURN T_INTEGER_LITERAL T_SEMICOLON T_RIGHT_BRACE T_EOF 

State Stack: 0 8 8 9 16 18 23 50 118 118 118 118 118 118 118 118 118 118 118 118 118 118 118 118 118 118 118 118 103 118 43 96 39 85 
Symbol Stack: declaration declaration type_specifier T_IDENTIFIER T_LEFT_PAREN T_RIGHT_PAREN T_LEFT_BRACE statement statement statement statement statement statement statement statement statement statement statement statement statement statement statement statement statement statement statement statement T_LEFT_BRACE statement var T_ASSIGN additive_expression addop 
Input Stack: T_INTEGER_LITERAL T_SEMICOLON T_RIGHT_BRACE T_RETURN T_INTEGER_LITERAL T_SEMICOLON T_RIGHT_BRACE T_EOF 

State Stack: 0 8 8 9 16 18 23 50 118 118 118 118 118 118 118 118 118 118 118 118 118 118 118 118 118 118 118 118 103 118 43 96 39 85 33 
Symbol Stack: declaration declaration type_specifier T_IDENTIFIER T_LEFT_PAREN T_RIGHT_PAREN T_LEFT_BRACE statement statement statement statement statement statement statement statement statement statement statement statement statement statement statement statement statement statement statement statement T_LEFT_BRACE statement var T_ASSIGN additive_expression addop T_INTEGER_LITERAL 
Input Stack: T_SEMICOLON T_RIGHT_BRACE T_RETURN T_INTEGER_LITERAL T_SEMICOLON T_RIGHT_BRACE T_EOF 

State Stack: 0 8 8 9 16 18 23 50 118 118 118 118 118 118 118 118 118 118 118 118 118 118 118 118 118 118 118 118 103 118 43 96 39 85 47 
Symbol Stack: declaration declaration type_specifier T_IDENTIFIER T_LEFT_PAREN T_RIGHT_PAREN T_LEFT_BRACE statement statement statement statement statement statement statement statement statement statement statement statement statement statement statement statement statement statement statement statement T_LEFT_BRACE statement var T_ASSIGN additive_expression addop factor 
Input Stack: T_SEMICOLON T_RIGHT_BRACE T_RETURN T_INTEGER_LITERAL T_SEMICOLON T_RIGHT_BRACE T_EOF 

State Stack: 0 8 8 9 16 18 23 50 118 118 118 118 118 118 118 118 118 118 118 118 118 118 118 118 118 118 118 118 103 118 43 96 39 85 179 
Symbol Stack: declaration declaration type_specifier T_IDENTIFIER T_LEFT_PAREN T_RIGHT_PAREN T_LEFT_BRACE statement statement statement statement statement statement statement statement statement statement statement statement statement statement statement statement statement statement statement statement T_LEFT_BRACE statement var T_ASSIGN additive_expression addop term 
Input Stack: T_SEMICOLON T_RIGHT_BRACE T_RETURN T_INTEGER_LITERAL T_SEMICOLON T_RIGHT_BRACE T_EOF 

State Stack: 0 8 8 9 16 18 23 50 118 118 118 118 118 118 118 118 118 118 118 118 118 118 118 118 118 118 118 118 103 118 43 96 39 
Symbol Stack: declaration declaration type_specifier T_IDENTIFIER T_LEFT_PAREN T_RIGHT_PAREN T_LEFT_BRACE statement statement statement statement statement statement statement statement statement statement statement statement statement statement statement statement statement statement statement statement T_LEFT_BRACE statement var T_ASSIGN additive_expression 
Input Stack: T_SEMICOLON T_RIGHT_BRACE T_RETURN T_INTEGER_LITERAL T_SEMICOLON T_RIGHT_BRACE T_EOF 

State Stack: 0 8 8 9 16 18 23 50 118 118 118 118 118 118 118 118 118 118 118 118 118 118 118 118 118 118 118 118 103 118 43 96 42 
Symbol Stack: declaration declaration type_specifier T_IDENTIFIER T_LEFT_PAREN T_RIGHT_PAREN T_LEFT_BRACE statement statement statement statement statement statement statement statement statement statement statement statement statement statement statement statement statement statement statement statement T_LEFT_BRACE statement var T_ASSIGN simple_expression 
Input Stack: T_SEMICOLON T_RIGHT_BRACE T_RETURN T_INTEGER_LITERAL T_SEMICOLON T_RIGHT_BRACE T_EOF 

State Stack: 0 8 8 9 16 18 23 50 118 118 118 118 118 118 118 118 118 118 118 118 118 118 118 118 118 118 118 118 103 118 43 96 198 
Symbol Stack: declaration declaration type_specifier T_IDENTIFIER T_LEFT_PAREN T_RIGHT_PAREN T_LEFT_BRACE statement statement statement statement statement statement statement statement statement statement statement statement statement statement statement statement statement statement statement statement T_LEFT_BRACE statement var T_ASSIGN expression 
Input Stack: T_SEMICOLON T_RIGHT_BRACE T_RETURN T_INTEGER_LITERAL T_SEMICOLON T_RIGHT_BRACE T_EOF 

State Stack: 0 8 8 9 16 18 23 50 118 118 118 118 118 118 118 118 118 118 118 118 118 118 118 118 118 118 118 118 103 118 111 
Symbol Stack: declaration declaration type_specifier T_IDENTIFIER T_LEFT_PAREN T_RIGHT_PAREN T_LEFT_BRACE statement statement statement statement statement statement statement statement statement statement statement statement statement statement statement statement statement statement statement statement T_LEFT_BRACE statement expression 
Input Stack: T_SEMICOLON T_RIGHT_BRACE T_RETURN T_INTEGER_LITERAL T_SEMICOLON T_RIGHT_BRACE T_EOF 

State Stack: 0 8 8 9 16 18 23 50 118 118 118 118 118 118 118 118 118 118 118 118 118 118 118 118 118 118 118 118 103 118 111 208 
Symbol Stack: declaration declaration type_specifier T_IDENTIFIER T_LEFT_PAREN T_RIGHT_PAREN T_LEFT_BRACE statement statement statement statement statement statement statement statement statement statement statement statement statement statement statement statement statement statement statement statement T_LEFT_BRACE statement expression T_SEMICOLON 
Input Stack: T_RIGHT_BRACE T_RETURN T_INTEGER_LITERAL T_SEMICOLON T_RIGHT_BRACE T_EOF 

State Stack: 0 8 8 9 16 18 23 50 118 118 118 118 118 118 118 118 118 118 118 118 118 118 118 118 118 118 118 118 103 118 113 
Symbol Stack: declaration declaration type_specifier T_IDENTIFIER T_LEFT_PAREN T_RIGHT_PAREN T_LEFT_BRACE statement statement statement statement statement statement statement statement statement statement statement statement statement statement statement statement statement statement statement statement T_LEFT_BRACE statement expression_stmt 
Input Stack: T_RIGHT_BRACE T_RETURN T_INTEGER_LITERAL T_SEMICOLON T_RIGHT_BRACE T_EOF 

State Stack: 0 8 8 9 16 18 23 50 118 118 118 118 118 118 118 118 118 118 118 118 118 118 118 118 118 118 118 118 103 118 118 
Symbol Stack: declaration declaration type_specifier T_IDENTIFIER T_LEFT_PAREN T_RIGHT_PAREN T_LEFT_BRACE statement statement statement statement statement statement statement statement statement statement statement statement statement statement statement statement statement statement statement statement T_LEFT_BRACE statement statement 
Input Stack: T_RIGHT_BRACE T_RETURN T_INTEGER_LITERAL T_SEMICOLON T_RIGHT_BRACE T_EOF 

State Stack: 0 8 8 9 16 18 23 50 118 118 118 118 118 118 118 118 118 118 118 118 118 118 118 118 118 118 118 118 103 118 209 
Symbol Stack: declaration declaration type_specifier T_IDENTIFIER T_LEFT_PAREN T_RIGHT_PAREN T_LEFT_BRACE statement statement statement statement statement statement statement statement statement statement statement statement statement statement statement statement statement statement statement statement T_LEFT_BRACE statement statement_list 
Input Stack: T_RIGHT_BRACE T_RETURN T_INTEGER_LITERAL T_SEMICOLON T_RIGHT_BRACE T_EOF 

State Stack: 0 8 8 9 16 18 23 50 118 118 118 118 118 118 118 118 118 118 118 118 118 118 118 118 118 118 118 118 103 109 
Symbol Stack: declaration declaration type_specifier T_IDENTIFIER T_LEFT_PAREN T_RIGHT_PAREN T_LEFT_BRACE statement statement statement statement statement statement statement statement statement statement statement statement statement statement statement statement statement statement statement statement T_LEFT_BRACE statement_list 
Input Stack: T_RIGHT_BRACE T_RETURN T_INTEGER_LITERAL T_SEMICOLON T_RIGHT_BRACE T_EOF 

State Stack: 0 8 8 9 16 18 23 50 118 118 118 118 118 118 118 118 118 118 118 118 118 118 118 118 118 118 118 118 103 201 
Symbol Stack: declaration declaration type_specifier T_IDENTIFIER T_LEFT_PAREN T_RIGHT_PAREN T_LEFT_BRACE statement statement statement statement statement statement statement statement statement statement statement statement statement statement statement statement statement statement statement statement T_LEFT_BRACE block_items 
Input Stack: T_RIGHT_BRACE T_RETURN T_INTEGER_LITERAL T_SEMICOLON T_RIGHT_BRACE T_EOF 

State Stack: 0 8 8 9 16 18 23 50 118 118 118 118 118 118 118 118 118 118 118 118 118 118 118 118 118 118 118 118 103 201 289 
Symbol Stack: declaration declaration type_specifier T_IDENTIFIER T_LEFT_PAREN T_RIGHT_PAREN T_LEFT_BRACE statement statement statement statement statement statement statement statement statement statement statement statement statement statement statement statement statement statement statement statement T_LEFT_BRACE block_items T_RIGHT_BRACE 
Input Stack: T_RETURN T_INTEGER_LITERAL T_SEMICOLON T_RIGHT_BRACE T_EOF 

State Stack: 0 8 8 9 16 18 23 50 118 118 118 118 118 118 118 118 118 118 118 118 118 118 118 118 118 118 118 118 112 
Symbol Stack: declaration declaration type_specifier T_IDENTIFIER T_LEFT_PAREN T_RIGHT_PAREN T_LEFT_BRACE statement statement statement statement statement statement statement statement statement statement statement statement statement statement statement statement statement statement statement statement compound_stmt 
Input Stack: T_RETURN T_INTEGER_LITERAL T_SEMICOLON T_RIGHT_BRACE T_EOF 

State Stack: 0 8 8 9 16 18 23 50 118 118 118 118 118 118 118 118 118 118 118 118 118 118 118 118 118 118 118 118 118 
Symbol Stack: declaration declaration type_specifier T_IDENTIFIER T_LEFT_PAREN T_RIGHT_PAREN T_LEFT_BRACE statement statement statement statement statement statement statement statement statement statement statement statement statement statement statement statement statement statement statement statement statement 
Input Stack: T_RETURN T_INTEGER_LITERAL T_SEMICOLON T_RIGHT_BRACE T_EOF 

State Stack: 0 8 8 9 16 18 23 50 118 118 118 118 118 118 118 118 118 118 118 118 118 118 118 118 118 118 118 118 118 107 
Symbol Stack: declaration declaration type_specifier T_IDENTIFIER T_LEFT_PAREN T_RIGHT_PAREN T_LEFT_BRACE statement statement statement statement statement statement statement statement statement statement statement statement statement statement statement statement statement statement statement statement statement T_RETURN 
Input Stack: T_INTEGER_LITERAL T_SEMICOLON T_RIGHT_BRACE T_EOF 

State Stack: 0 8 8 9 16 18 23 50 118 118 118 118 118 118 118 118 118 118 118 118 118 118 118 118 118 118 118 118 118 107 33 
Symbol Stack: declaration declaration type_specifier T_IDENTIFIER T_LEFT_PAREN T_RIGHT_PAREN T_LEFT_BRACE statement statement statement statement statement statement statement statement statement statement statement statement statement statement statement statement statement statement statement statement statement T_RETURN T_INTEGER_LITERAL 
Input Stack: T_SEMICOLON T_RIGHT_BRACE T_EOF 

State Stack: 0 8 8 9 16 18 23 50 118 118 118 118 118 118 118 118 118 118 118 118 118 118 118 118 118 118 118 118 118 107 47 
Symbol Stack: declaration declaration type_specifier T_IDENTIFIER T_LEFT_PAREN T_RIGHT_PAREN T_LEFT_BRACE statement statement statement statement statement statement statement statement statement statement statement statement statement statement statement statement statement statement statement statement statement T_RETURN factor 
Input Stack: T_SEMICOLON T_RIGHT_BRACE T_EOF 

State Stack: 0 8 8 9 16 18 23 50 118 118 118 118 118 118 118 118 118 118 118 118 118 118 118 118 118 118 118 118 118 107 40 
Symbol Stack: declaration declaration type_specifier T_IDENTIFIER T_LEFT_PAREN T_RIGHT_PAREN T_LEFT_BRACE statement statement statement statement statement statement statement statement statement statement statement statement statement statement statement statement statement statement statement statement statement T_RETURN term 
Input Stack: T_SEMICOLON T_RIGHT_BRACE T_EOF 

State Stack: 0 8 8 9 16 18 23 50 118 118 118 118 118 118 118 118 118 118 118 118 118 118 118 118 118 118 118 118 118 107 39 
Symbol Stack: declaration declaration type_specifier T_IDENTIFIER T_LEFT_PAREN T_RIGHT_PAREN T_LEFT_BRACE statement statement statement statement statement statement statement statement statement statement statement statement statement statement statement statement statement statement statement statement statement T_RETURN additive_expression 
Input Stack: T_SEMICOLON T_RIGHT_BRACE T_EOF 

State Stack: 0 8 8 9 16 18 23 50 118 118 118 118 118 118 118 118 118 118 118 118 118 118 118 118 118 118 118 118 118 107 42 
Symbol Stack: declaration declaration type_specifier T_IDENTIFIER T_LEFT_PAREN T_RIGHT_PAREN T_LEFT_BRACE statement statement statement statement statement statement statement statement statement statement statement statement statement statement statement statement statement statement statement statement statement T_RETURN simple_expression 
Input Stack: T_SEMICOLON T_RIGHT_BRACE T_EOF 

State Stack: 0 8 8 9 16 18 23 50 118 118 118 118 118 118 118 118 118 118 118 118 118 118 118 118 118 118 118 118 118 107 205 
Symbol Stack: declaration declaration type_specifier T_IDENTIFIER T_LEFT_PAREN T_RIGHT_PAREN T_LEFT_BRACE statement statement statement statement statement statement statement statement statement statement statement statement statement statement statement statement statement statement statement statement statement T_RETURN expression 
Input Stack: T_SEMICOLON T_RIGHT_BRACE T_EOF 

State Stack: 0 8 8 9 16 18 23 50 118 118 118 118 118 118 118 118 118 118 118 118 118 118 118 118 118 118 118 118 118 107 205 295 
Symbol Stack: declaration declaration type_specifier T_IDENTIFIER T_LEFT_PAREN T_RIGHT_PAREN T_LEFT_BRACE statement statement statement statement statement statement statement statement statement statement statement statement statement statement statement statement statement statement statement statement statement T_RETURN expression T_SEMICOLON 
Input Stack: T_RIGHT_BRACE T_EOF 

State Stack: 0 8 8 9 16 18 23 50 118 118 118 118 118 118 118 118 118 118 118 118 118 118 118 118 118 118 118 118 118 115 
Symbol Stack: declaration declaration type_specifier T_IDENTIFIER T_LEFT_PAREN T_RIGHT_PAREN T_LEFT_BRACE statement statement statement statement statement statement statement statement statement statement statement statement statement statement statement statement statement statement statement statement statement return_stmt 
Input Stack: T_RIGHT_BRACE T_EOF 

State Stack: 0 8 8 9 16 18 23 50 118 118 118 118 118 118 118 118 118 118 118 118 118 118 118 118 118 118 118 118 118 118 
Symbol Stack: declaration declaration type_specifier T_IDENTIFIER T_LEFT_PAREN T_RIGHT_PAREN T_LEFT_BRACE statement statement statement statement statement statement statement statement statement statement statement statement statement statement statement statement statement statement statement statement statement statement 
Input Stack: T_RIGHT_BRACE T_EOF 

State Stack: 0 8 8 9 16 18 23 50 118 118 118 118 118 118 118 118 118 118 118 118 118 118 118 118 118 118 118 118 118 209 
Symbol Stack: declaration declaration type_specifier T_IDENTIFIER T_LEFT_PAREN T_RIGHT_PAREN T_LEFT_BRACE statement statement statement statement statement statement statement statement statement statement statement statement statement statement statement statement statement statement statement statement statement statement_list 
Input Stack: T_RIGHT_BRACE T_EOF 

State Stack: 0 8 8 9 16 18 23 50 118 118 118 118 118 118 118 118 118 118 118 118 118 118 118 118 118 118 118 118 209 
Symbol Stack: declaration declaration type_specifier T_IDENTIFIER T_LEFT_PAREN T_RIGHT_PAREN T_LEFT_BRACE statement statement statement statement statement statement statement statement statement statement statement statement statement statement statement statement statement statement statement statement statement_list 
Input Stack: T_RIGHT_BRACE T_EOF 

State Stack: 0 8 8 9 16 18 23 50 118 118 118 118 118 118 118 118 118 118 118 118 118 118 118 118 118 118 118 209 
Symbol Stack: declaration declaration type_specifier T_IDENTIFIER T_LEFT_PAREN T_RIGHT_PAREN T_LEFT_BRACE statement statement statement statement statement statement statement statement statement statement statement statement statement statement statement statement statement statement statement statement_list 
Input Stack: T_RIGHT_BRACE T_EOF 

State Stack: 0 8 8 9 16 18 23 50 118 118 118 118 118 118 118 118 118 118 118 118 118 118 118 118 118 118 209 
Symbol Stack: declaration declaration type_specifier T_IDENTIFIER T_LEFT_PAREN T_RIGHT_PAREN T_LEFT_BRACE statement statement statement statement statement statement statement statement statement statement statement statement statement statement statement statement statement statement statement_list 
Input Stack: T_RIGHT_BRACE T_EOF 

State Stack: 0 8 8 9 16 18 23 50 118 118 118 118 118 118 118 118 118 118 118 118 118 118 118 118 118 209 
Symbol Stack: declaration declaration type_specifier T_IDENTIFIER T_LEFT_PAREN T_RIGHT_PAREN T_LEFT_BRACE statement statement statement statement statement statement statement statement statement statement statement statement statement statement statement statement statement statement_list 
Input Stack: T_RIGHT_BRACE T_EOF 

State Stack: 0 8 8 9 16 18 23 50 118 118 118 118 118 118 118 118 118 118 118 118 118 118 118 118 209 
Symbol Stack: declaration declaration type_specifier T_IDENTIFIER T_LEFT_PAREN T_RIGHT_PAREN T_LEFT_BRACE statement statement statement statement statement statement statement statement statement statement statement statement statement statement statement statement statement_list 
Input Stack: T_RIGHT_BRACE T_EOF 

State Stack: 0 8 8 9 16 18 23 50 118 118 118 118 118 118 118 118 118 118 118 118 118 118 118 209 
Symbol Stack: declaration declaration type_specifier T_IDENTIFIER T_LEFT_PAREN T_RIGHT_PAREN T_LEFT_BRACE statement statement statement statement statement statement statement statement statement statement statement statement statement statement statement statement_list 
Input Stack: T_RIGHT_BRACE T_EOF 

State Stack: 0 8 8 9 16 18 23 50 118 118 118 118 118 118 118 118 118 118 118 118 118 118 209 
Symbol Stack: declaration declaration type_specifier T_IDENTIFIER T_LEFT_PAREN T_RIGHT_PAREN T_LEFT_BRACE statement statement statement statement statement statement statement statement statement statement statement statement statement statement statement_list 
Input Stack: T_RIGHT_BRACE T_EOF 

State Stack: 0 8 8 9 16 18 23 50 118 118 118 118 118 118 118 118 118 118 118 118 118 209 
Symbol Stack: declaration declaration type_specifier T_IDENTIFIER T_LEFT_PAREN T_RIGHT_PAREN T_LEFT_BRACE statement statement statement statement statement statement statement statement statement statement statement statement statement statement_list 
Input Stack: T_RIGHT_BRACE T_EOF 

State Stack: 0 8 8 9 16 18 23 50 118 118 118 118 118 118 118 118 118 118 118 118 209 
Symbol Stack: declaration declaration type_specifier T_IDENTIFIER T_LEFT_PAREN T_RIGHT_PAREN T_LEFT_BRACE statement statement statement statement statement statement statement statement statement statement statement statement statement_list 
Input Stack: T_RIGHT_BRACE T_EOF 

State Stack: 0 8 8 9 16 18 23 50 118 118 118 118 118 118 118 118 118 118 118 209 
Symbol Stack: declaration declaration type_specifier T_IDENTIFIER T_LEFT_PAREN T_RIGHT_PAREN T_LEFT_BRACE statement statement statement statement statement statement statement statement statement statement statement statement_list 
Input Stack: T_RIGHT_BRACE T_EOF 

State Stack: 0 8 8 9 16 18 23 50 118 118 118 118 118 118 118 118 118 118 209 
Symbol Stack: declaration declaration type_specifier T_IDENTIFIER T_LEFT_PAREN T_RIGHT_PAREN T_LEFT_BRACE statement statement statement statement statement statement statement statement statement statement statement_list 
Input Stack: T_RIGHT_BRACE T_EOF 

State Stack: 0 8 8 9 16 18 23 50 118 118 118 118 118 118 118 118 118 209 
Symbol Stack: declaration declaration type_specifier T_IDENTIFIER T_LEFT_PAREN T_RIGHT_PAREN T_LEFT_BRACE statement statement statement statement statement statement statement statement statement statement_list 
Input Stack: T_RIGHT_BRACE T_EOF 

State Stack: 0 8 8 9 16 18 23 50 118 118 118 118 118 118 118 118 209 
Symbol Stack: declaration declaration type_specifier T_IDENTIFIER T_LEFT_PAREN T_RIGHT_PAREN T_LEFT_BRACE statement statement statement statement statement statement statement statement statement_list 
Input Stack: T_RIGHT_BRACE T_EOF 

State Stack: 0 8 8 9 16 18 23 50 118 118 118 118 118 118 118 209 
Symbol Stack: declaration declaration type_specifier T_IDENTIFIER T_LEFT_PAREN T_RIGHT_PAREN T_LEFT_BRACE statement statement statement statement statement statement statement statement_list 
Input Stack: T_RIGHT_BRACE T_EOF 

State Stack: 0 8 8 9 16 18 23 50 118 118 118 118 118 118 209 
Symbol Stack: declaration declaration type_specifier T_IDENTIFIER T_LEFT_PAREN T_RIGHT_PAREN T_LEFT_BRACE statement statement statement statement statement statement statement_list 
Input Stack: T_RIGHT_BRACE T_EOF 

State Stack: 0 8 8 9 16 18 23 50 118 118 118 118 118 209 
Symbol Stack: declaration declaration type_specifier T_IDENTIFIER T_LEFT_PAREN T_RIGHT_PAREN T_LEFT_BRACE statement statement statement statement statement statement_list 
Input Stack: T_RIGHT_BRACE T_EOF 

State Stack: 0 8 8 9 16 18 23 50 118 118 118 118 209 
Symbol Stack: declaration declaration type_specifier T_IDENTIFIER T_LEFT_PAREN T_RIGHT_PAREN T_LEFT_BRACE statement statement statement statement statement_list 
Input Stack: T_RIGHT_BRACE T_EOF 

State Stack: 0 8 8 9 16 18 23 50 118 118 118 209 
Symbol Stack: declaration declaration type_specifier T_IDENTIFIER T_LEFT_PAREN T_RIGHT_PAREN T_LEFT_BRACE statement statement statement statement_list 
Input Stack: T_RIGHT_BRACE T_EOF 

State Stack: 0 8 8 9 16 18 23 50 118 118 209 
Symbol Stack: declaration declaration type_specifier T_IDENTIFIER T_LEFT_PAREN T_RIGHT_PAREN T_LEFT_BRACE statement statement statement_list 
Input Stack: T_RIGHT_BRACE T_EOF 

State Stack: 0 8 8 9 16 18 23 50 118 209 
Symbol Stack: declaration declaration type_specifier T_IDENTIFIER T_LEFT_PAREN T_RIGHT_PAREN T_LEFT_BRACE statement statement_list 
Input Stack: T_RIGHT_BRACE T_EOF 

State Stack: 0 8 8 9 16 18 23 50 109 
Symbol Stack: declaration declaration type_specifier T_IDENTIFIER T_LEFT_PAREN T_RIGHT_PAREN T_LEFT_BRACE statement_list 
Input Stack: T_RIGHT_BRACE T_EOF 

State Stack: 0 8 8 9 16 18 23 50 110 
Symbol Stack: declaration declaration type_specifier T_IDENTIFIER T_LEFT_PAREN T_RIGHT_PAREN T_LEFT_BRACE block_items 
Input Stack: T_RIGHT_BRACE T_EOF 

State Stack: 0 8 8 9 16 18 23 50 110 207 
Symbol Stack: declaration declaration type_specifier T_IDENTIFIER T_LEFT_PAREN T_RIGHT_PAREN T_LEFT_BRACE block_items T_RIGHT_BRACE 
Input Stack: T_EOF 

State Stack: 0 8 8 9 16 18 23 51 
Symbol Stack: declaration declaration type_specifier T_IDENTIFIER T_LEFT_PAREN T_RIGHT_PAREN compound_stmt 
Input Stack: T_EOF 

State Stack: 0 8 8 6 
Symbol Stack: declaration declaration fun_declaration 
Input Stack: T_EOF 

State Stack: 0 8 8 8 
Symbol Stack: declaration declaration declaration 
Input Stack: T_EOF 

State Stack: 0 8 8 15 
Symbol Stack: declaration declaration declaration_list 
Input Stack: T_EOF 

State Stack: 0 8 15 
Symbol Stack: declaration declaration_list 
Input Stack: T_EOF 

State Stack: 0 10 
Symbol Stack: declaration_list 
Input Stack: T_EOF 

State Stack: 0 5 
Symbol Stack: program 
Input Stack: T_EOF 

Accept
--------------------语法分析--------------------
